
O                   PRODUCTION RXS              INT RX RATE    TP =  1.17E+15
   8) H       + HO2     = H2O     + O            7.374E+07
  21) O1D     + O3      = O       + O       O2   1.148E+09
  22) OH      + OH      = H2O     + O            4.209E+08
  23) O1D     + N2      = O       + N2           5.734E+14
  24) O1D     + O2      = O       + O2           1.792E+11
  25) O2      + HV      = O       + O            2.481E-35
  26) O3      + HV      = O2      + O            1.341E-10
  73) N       + O2      = NO      + O            9.747E+05
  76) N       + NO      = N2      + O            7.293E+07
 105) SO2     + O1D     = SO2     + O            3.278E+03
 107) SO      + O2      = O       + SO2          9.139E+08
 130) S       + O2      = SO      + O            4.624E+08
 147) SO21    + O2      = SO3     + O            1.437E+02
 180) CO      + O1D     = CO      + O            9.662E+07
 182) CO2     + O1D     = CO2     + O            7.479E+11
 195) N       + NO2     = N2O     + O            8.060E+06
 213) CS      + O2      = OCS     + O            3.139E+04
 259) O2      + HV      = O       + O1D          2.459E+11
 260) O2      + HV      = O       + O            7.537E+11
 263) H2O     + HV      = H       + H       O    7.332E+08
 265) O3      + HV      = O2      + O            5.916E+14
 266) O3      + HV      = O       + O       O    5.364E+11
 268) CO2     + HV      = CO      + O            7.266E+10
 272) HO2     + HV      = OH      + O            3.529E+09
 281) HNO3    + HV      = HNO2    + O            2.808E+08
 283) NO      + HV      = N       + O            9.725E+07
 285) NO2     + HV      = NO      + O            4.290E+11
 286) SO      + HV      = S       + O            1.619E+06
 288) SO2     + HV      = SO      + O            1.539E+09
 298) SO3     + HV      = SO2     + O            4.184E+02
 299) HSO     + HV      = HS      + O            2.192E+05
 302) NO3     + HV      = NO2     + O            1.188E+10
 307) N2O5    + HV      = NO3     + NO      O    5.360E+06

O                      LOSS RXS                INT RX RATE    TL =  1.17E+15
   3) H2      + O       = OH      + H            5.119E+07
  10) OH      + O       = H       + O2           9.235E+11
  14) HO2     + O       = OH      + O2           9.920E+11
  17) O       + O       = O2      +              9.649E+10
  18) O       + O2      = O3      +              1.168E+15
  19) O       + O3      = O2      + O2           8.537E+10
  32) O       + HCO     = H       + CO2          5.866E+05
  33) O       + HCO     = OH      + CO           5.866E+05
  35) CO      + O       = CO2     +              1.144E+07
  46) H2CO    + O       = HCO     + OH           4.313E+07
  47) H2O2    + O       = OH      + HO2          5.207E+06
  60) CH3     + O       = H2CO    + H            3.748E+06
  78) NO      + O       = NO2     +              1.973E+10
  81) NO2     + O       = NO      + O2           1.556E+11
  88) O       + HNO     = OH      + NO           6.199E+05
  91) CH4     + O       = CH3     + OH           4.928E+06
  94) CH23    + O       = HCO     + H            7.313E+04
  97) C2H6    + O       = C2H5    + OH           1.108E+05
 100) C2H5    + O       = CH3     + HCO     H    3.099E+01
 109) SO      + O       = SO2     +              8.850E+06
 112) SO2     + O       = SO3     +              9.642E+06
 115) SO3     + O       = SO2     + O2           3.196E-01
 122) H2S     + O       = OH      + HS           1.825E+03
 123) HS      + O       = H       + SO           6.543E+05
 136) S2      + O       = S       + SO           4.900E+03
 169) HSO     + O       = OH      + SO           2.312E+06
 174) O       + OCS     = CO      + SO           4.013E+07
 175) O       + OCS     = S       + CO2          3.743E+02
 189) O       + NO3     = O2      + NO2          4.028E+08
 192) O       + NO2     = NO3     +              1.335E+10
 200) O       + N2O5    = NO2     + NO2     O2   7.825E+03
 208) O       + HO2NO2  = OH      + NO2     O2   1.593E+04
 211) O       + HNO3    = OH      + NO3          4.570E+05
 218) CS2     + O       = SO      + CS           4.360E+06
 219) CS2     + O       = OCS     + S            4.087E+05
 237) CS2     + O       = CO      + S2           8.134E+04
 241) CS      + O       = CO      + S            1.293E+02

O2                  PRODUCTION RXS              INT RX RATE    TP =  1.17E+15
   5) H       + O3      = OH      + O2           2.121E+11
   7) H       + HO2     = H2      + O2           3.180E+08
  10) OH      + O       = H       + O2           9.235E+11
  11) OH      + HO2     = H2O     + O2           1.804E+11
  12) OH      + O3      = HO2     + O2           2.722E+11
  14) HO2     + O       = OH      + O2           9.920E+11
  15) HO2     + O3      = OH      + O2      O2   1.157E+11
  16) HO2     + HO2     = H2O2    + O2           9.041E+10
  17) O       + O       = O2      +              9.649E+10
  19) O       + O3      = O2      + O2           8.537E+10
  20) O1D     + O3      = O2      + O2           1.148E+09
  21) O1D     + O3      = O       + O       O2   1.148E+09
  24) O1D     + O2      = O       + O2           1.792E+11
  26) O3      + HV      = O2      + O            1.341E-10
  27) O3      + O3      = O2      + O2      O2   2.439E+02
  68) CH3O2   + HO2     = CH3OOH  + O2           7.630E+10
  77) NO      + O3      = NO2     + O2           5.103E+11
  81) NO2     + O       = NO      + O2           1.556E+11
 106) SO2     + O1D     = SO      + O2           1.051E+04
 115) SO3     + O       = SO2     + O2           3.196E-01
 125) HS      + HO2     = H2S     + O2           5.539E+06
 133) S       + HO2     = HS      + O2           3.640E+01
 153) SO      + O3      = SO2     + O2           1.035E+09
 155) HS      + O3      = HSO     + O2           2.024E+09
 158) S       + O3      = SO      + O2           1.454E+06
 170) HSO     + O3      = HS      + O2      O2   1.996E+09
 189) O       + NO3     = O2      + NO2          4.028E+08
 190) HO2     + NO3     = OH      + NO2     O2   1.092E+07
 197) O1D     + N2O     = N2      + O2           9.126E+07
 200) O       + N2O5    = NO2     + NO2     O2   7.825E+03
 204) NO2     + NO3     = NO      + NO2     O2   7.820E+02
 205) NO2     + O3      = NO3     + O2           1.297E+08
 206) NO3     + NO3     = NO2     + NO2     O2   7.066E-02
 208) O       + HO2NO2  = OH      + NO2     O2   1.593E+04
 209) OH      + HO2NO2  = H2O     + NO2     O2   2.161E+09
 212) HO2     + NO2     = HNO2    + O2           1.839E+06
 215) CS      + O3      = OCS     + O2           6.480E+06
 248) CH3S    + O3      = CH3SO   + O2           2.461E+09
 250) CH3SO   + O3      = CH3SO2  + O2           2.457E+09
 252) CH3SO2  + O3      = CH3SO3  + O2           1.436E+07
 264) O3      + HV      = O2      + O1D          5.741E+14
 265) O3      + HV      = O2      + O            5.916E+14
 301) NO3     + HV      = NO      + O2           1.638E+09

O2                     LOSS RXS                INT RX RATE    TL =  1.17E+15
   6) H       + O2      = HO2     +              1.227E+12
  18) O       + O2      = O3      +              1.168E+15
  24) O1D     + O2      = O       + O2           1.792E+11
  25) O2      + HV      = O       + O            2.481E-35
  40) HCO     + O2      = HO2     + CO           2.591E+10
  41) CH2OH   + O2      = H2CO    + HO2          2.301E+07
  42) CH3O    + O2      = H2CO    + HO2          9.447E+09
  54) CH21    + O2      = HCO     + OH           7.680E+04
  58) CH23    + O2      = HCO     + OH           9.543E+07
  59) CH3     + O2      = H2CO    + OH           1.566E+03
  66) CH3     + O2      = CH3O2   +              3.111E+10
  73) N       + O2      = NO      + O            9.747E+05
 104) C2H5    + O2      = CH3     + HCO     OH   9.000E+08
 107) SO      + O2      = O       + SO2          9.139E+08
 116) HSO3    + O2      = HO2     + SO3          3.193E+09
 130) S       + O2      = SO      + O            4.624E+08
 147) SO21    + O2      = SO3     + O            1.437E+02
 213) CS      + O2      = OCS     + O            3.139E+04
 214) CS      + O2      = CO      + SO           3.924E+03
 224) CS2X    + O2      = CS      + SO2          2.061E+03
 245) C2H5S   + O2      = C2H5SO2 +              2.463E+09
 256) C2H7SO  + O2      = C2H6SO  + HO2          8.373E+08
 259) O2      + HV      = O       + O1D          2.459E+11
 260) O2      + HV      = O       + O            7.537E+11

H2O                 PRODUCTION RXS              INT RX RATE    TP =  2.67E+10
   4) H2      + OH      = H2O     + H            1.664E+11
   8) H       + HO2     = H2O     + O            7.374E+07
  11) OH      + HO2     = H2O     + O2           1.804E+11
  13) OH      + H2O2    = HO2     + H2O          6.507E+10
  22) OH      + OH      = H2O     + O            4.209E+08
  31) OH      + HCO     = H2O     + CO           2.343E+03
  43) H2CO    + OH      = H2O     + HCO          1.836E+10
  44) H       + OH      = H2O     +              5.403E+06
  48) CH4     + OH      = CH3     + H2O          2.581E+10
  69) CH3OOH  + OH      = CH3O2   + H2O          5.018E+10
  70) CH3OOH  + OH      = H2O     + H2CO    OH   2.150E+10
  84) HNO3    + OH      = H2O     + NO3          1.272E+09
  89) OH      + HNO     = H2O     + NO           1.429E+06
  90) HNO2    + OH      = H2O     + NO2          1.049E+08
  96) C2H6    + OH      = C2H5    + H2O          8.998E+08
 114) H2SO4   + H2O     = SO3     + H2O     H2O  1.198E+10
 120) H2S     + OH      = H2O     + HS           5.320E+06
 165) HSO     + OH      = H2O     + SO           2.384E+07
 209) OH      + HO2NO2  = H2O     + NO2     O2   2.161E+09
 242) C2H6S   + OH      = C2H5S   + H2O          2.463E+09
 258) CH4SO2  + OH      = CH3SO2  + H2O          8.366E+08
 291) H2SO4   + HV      = SO3     + H2O          4.827E+06

H2O                    LOSS RXS                INT RX RATE    TL =  2.37E+10
   1) H2O     + O1D     = OH      + OH           1.763E+11
 113) SO3     + H2O     = H2SO4   +              1.520E+10
 114) H2SO4   + H2O     = SO3     + H2O     H2O  1.198E+10
 203) N2O5    + H2O     = HNO3    + HNO3         5.691E+03
 261) H2O     + HV      = H       + OH           1.429E+11
 262) H2O     + HV      = H2      + O1D          4.889E+08
 263) H2O     + HV      = H       + H       O    7.332E+08

H                   PRODUCTION RXS              INT RX RATE    TP =  1.44E+12
   2) H2      + O1D     = OH      + H            1.089E+09
   3) H2      + O       = OH      + H            5.119E+07
   4) H2      + OH      = H2O     + H            1.664E+11
  10) OH      + O       = H       + O2           9.235E+11
  32) O       + HCO     = H       + CO2          5.866E+05
  34) CO      + OH      = CO2     + H            2.007E+11
  50) CH4     + O1D     = CH3O    + H            2.301E+07
  51) CH4     + O1D     = CH2OH   + H            2.301E+07
  60) CH3     + O       = H2CO    + H            3.748E+06
  75) N       + OH      = NO      + H            1.195E+07
  86) HNO     + HV      = NO      + H            6.816E+06
  92) CH21    + H2      = CH3     + H            1.079E+03
  94) CH23    + O       = HCO     + H            7.313E+04
 100) C2H5    + O       = CH3     + HCO     H    3.099E+01
 110) SO      + OH      = SO2     + H            2.981E+07
 123) HS      + O       = H       + SO           6.543E+05
 129) HS      + S       = H       + S2           8.334E-04
 131) S       + OH      = SO      + H            3.661E+01
 173) HS      + CO      = OCS     + H            6.529E-06
 226) CS      + HS      = CS2     + H            2.252E-02
 229) S       + HCS     = H       + CS2          8.180E-11
 230) HS      + CO      = OCS     + H            6.608E-06
 234) CH23    + S       = HCS     + H            1.447E-14
 261) H2O     + HV      = H       + OH           1.429E+11
 263) H2O     + HV      = H       + H       O    7.332E+08
 271) H2CO    + HV      = HCO     + H            6.507E+09
 274) CH4     + HV      = CH3     + H            8.954E+07
 275) CH4     + HV      = CH23    + H       H    1.539E+07
 276) CH3     + HV      = CH21    + H            3.630E+03
 287) H2S     + HV      = HS      + H            2.056E+05

H                      LOSS RXS                INT RX RATE    TL =  1.44E+12
   5) H       + O3      = OH      + O2           2.121E+11
   6) H       + O2      = HO2     +              1.227E+12
   7) H       + HO2     = H2      + O2           3.180E+08
   8) H       + HO2     = H2O     + O            7.374E+07
   9) H       + HO2     = OH      + OH           3.318E+09
  28) H       + CO      = HCO     +              4.939E+06
  29) H       + HCO     = H2      + CO           7.057E+03
  36) CO2     + H       = CO      + OH           9.734E+02
  38) H2CO    + H       = H2      + HCO          4.266E+03
  39) H       + H       = H2      +              9.946E+05
  44) H       + OH      = H2O     +              5.403E+06
  62) CH3     + H       = CH4     +              2.723E+03
  71) H       + NO      = HNO     +              4.919E+04
  83) NO2     + H       = NO      + OH           2.880E+06
  87) H       + HNO     = H2      + NO           2.886E+00
  99) C2H5    + H       = CH3     + CH3          4.533E-04
 121) H2S     + H       = H2      + HS           1.343E+01
 128) HS      + H       = H2      + S            6.290E+00
 163) H       + SO      = HSO     +              4.707E+00
 166) HSO     + H       = HS      + OH           2.808E+02
 167) HSO     + H       = H2      + SO           1.404E+02
 172) H       + OCS     = CO      + HS           3.171E+03
 194) H       + N2O     = N2      + OH           5.043E-02
 227) H       + CS      = HCS     +              3.182E-06
 228) H       + HCS     = H2      + CS           3.402E-07
 239) OCS     + H       = CO      + HS           3.161E+03

OH                  PRODUCTION RXS              INT RX RATE    TP =  1.95E+12
   1) H2O     + O1D     = OH      + OH           1.763E+11
   2) H2      + O1D     = OH      + H            1.089E+09
   3) H2      + O       = OH      + H            5.119E+07
   5) H       + O3      = OH      + O2           2.121E+11
   9) H       + HO2     = OH      + OH           3.318E+09
  14) HO2     + O       = OH      + O2           9.920E+11
  15) HO2     + O3      = OH      + O2      O2   1.157E+11
  33) O       + HCO     = OH      + CO           5.866E+05
  36) CO2     + H       = CO      + OH           9.734E+02
  46) H2CO    + O       = HCO     + OH           4.313E+07
  47) H2O2    + O       = OH      + HO2          5.207E+06
  49) CH4     + O1D     = CH3     + OH           1.709E+08
  54) CH21    + O2      = HCO     + OH           7.680E+04
  58) CH23    + O2      = HCO     + OH           9.543E+07
  59) CH3     + O2      = H2CO    + OH           1.566E+03
  70) CH3OOH  + OH      = H2O     + H2CO    OH   2.150E+10
  79) NO      + HO2     = NO2     + OH           4.854E+10
  83) NO2     + H       = NO      + OH           2.880E+06
  88) O       + HNO     = OH      + NO           6.199E+05
  91) CH4     + O       = CH3     + OH           4.928E+06
  97) C2H6    + O       = C2H5    + OH           1.108E+05
  98) C2H6    + O1D     = C2H5    + OH           6.326E+04
 104) C2H5    + O2      = CH3     + HCO     OH   9.000E+08
 108) SO      + HO2     = SO2     + OH           5.957E+07
 122) H2S     + O       = OH      + HS           1.825E+03
 134) S       + HO2     = SO      + OH           3.640E+01
 154) SO2     + HO2     = SO3     + OH           1.134E+05
 156) HS      + HO2     = HSO     + OH           5.539E+06
 166) HSO     + H       = HS      + OH           2.808E+02
 169) HSO     + O       = OH      + SO           2.312E+06
 190) HO2     + NO3     = OH      + NO2     O2   1.092E+07
 194) H       + N2O     = N2      + OH           5.043E-02
 199) N       + HO2     = NO      + OH           3.343E+06
 208) O       + HO2NO2  = OH      + NO2     O2   1.593E+04
 211) O       + HNO3    = OH      + NO3          4.570E+05
 222) CS2OH   + HV      = CS2     + OH           1.403E+07
 261) H2O     + HV      = H       + OH           1.429E+11
 267) H2O2    + HV      = OH      + OH           1.884E+10
 272) HO2     + HV      = OH      + O            3.529E+09
 279) HNO2    + HV      = NO      + OH           5.318E+09
 280) HNO3    + HV      = NO2     + OH           1.990E+09
 305) HO2NO2  + HV      = OH      + NO3          1.768E+08
 308) CH3OOH  + HV      = CH3O    + OH           4.439E+09

OH                     LOSS RXS                INT RX RATE    TL =  1.95E+12
   4) H2      + OH      = H2O     + H            1.664E+11
  10) OH      + O       = H       + O2           9.235E+11
  11) OH      + HO2     = H2O     + O2           1.804E+11
  12) OH      + O3      = HO2     + O2           2.722E+11
  13) OH      + H2O2    = HO2     + H2O          6.507E+10
  22) OH      + OH      = H2O     + O            4.209E+08
  31) OH      + HCO     = H2O     + CO           2.343E+03
  34) CO      + OH      = CO2     + H            2.007E+11
  43) H2CO    + OH      = H2O     + HCO          1.836E+10
  44) H       + OH      = H2O     +              5.403E+06
  45) OH      + OH      = H2O2    +              4.161E+08
  48) CH4     + OH      = CH3     + H2O          2.581E+10
  69) CH3OOH  + OH      = CH3O2   + H2O          5.018E+10
  70) CH3OOH  + OH      = H2O     + H2CO    OH   2.150E+10
  75) N       + OH      = NO      + H            1.195E+07
  80) NO      + OH      = HNO2    +              4.939E+09
  82) NO2     + OH      = HNO3    +              3.939E+09
  84) HNO3    + OH      = H2O     + NO3          1.272E+09
  89) OH      + HNO     = H2O     + NO           1.429E+06
  90) HNO2    + OH      = H2O     + NO2          1.049E+08
  96) C2H6    + OH      = C2H5    + H2O          8.998E+08
 101) C2H5    + OH      = CH3     + HCO     H2   8.210E+00
 110) SO      + OH      = SO2     + H            2.981E+07
 111) SO2     + OH      = HSO3    +              3.193E+09
 120) H2S     + OH      = H2O     + HS           5.320E+06
 131) S       + OH      = SO      + H            3.661E+01
 165) HSO     + OH      = H2O     + SO           2.384E+07
 177) OCS     + OH      = CO2     + HS           3.601E+07
 193) OH      + NO3     = HO2     + NO2          1.911E+07
 209) OH      + HO2NO2  = H2O     + NO2     O2   2.161E+09
 220) CS2     + OH      = OCS     + HS           3.508E+04
 221) CS2     + OH      = CS2OH   +              1.403E+07
 242) C2H6S   + OH      = C2H5S   + H2O          2.463E+09
 243) C2H6S   + OH      = C2H7SO  +              8.373E+08
 257) C2H6SO  + OH      = CH4SO2  + CH3          8.366E+08
 258) CH4SO2  + OH      = CH3SO2  + H2O          8.366E+08

HO2                 PRODUCTION RXS              INT RX RATE    TP =  1.61E+12
   6) H       + O2      = HO2     +              1.227E+12
  12) OH      + O3      = HO2     + O2           2.722E+11
  13) OH      + H2O2    = HO2     + H2O          6.507E+10
  40) HCO     + O2      = HO2     + CO           2.591E+10
  41) CH2OH   + O2      = H2CO    + HO2          2.301E+07
  42) CH3O    + O2      = H2CO    + HO2          9.447E+09
  47) H2O2    + O       = OH      + HO2          5.207E+06
 116) HSO3    + O2      = HO2     + SO3          3.193E+09
 193) OH      + NO3     = HO2     + NO2          1.911E+07
 210) HO2NO2  + M       = HO2     + NO2          1.844E+09
 256) C2H7SO  + O2      = C2H6SO  + HO2          8.373E+08
 304) HO2NO2  + HV      = HO2     + NO2          6.351E+08

HO2                    LOSS RXS                INT RX RATE    TL =  1.61E+12
   7) H       + HO2     = H2      + O2           3.180E+08
   8) H       + HO2     = H2O     + O            7.374E+07
   9) H       + HO2     = OH      + OH           3.318E+09
  11) OH      + HO2     = H2O     + O2           1.804E+11
  14) HO2     + O       = OH      + O2           9.920E+11
  15) HO2     + O3      = OH      + O2      O2   1.157E+11
  16) HO2     + HO2     = H2O2    + O2           9.041E+10
  68) CH3O2   + HO2     = CH3OOH  + O2           7.630E+10
  79) NO      + HO2     = NO2     + OH           4.854E+10
 108) SO      + HO2     = SO2     + OH           5.957E+07
 125) HS      + HO2     = H2S     + O2           5.539E+06
 133) S       + HO2     = HS      + O2           3.640E+01
 134) S       + HO2     = SO      + OH           3.640E+01
 154) SO2     + HO2     = SO3     + OH           1.134E+05
 156) HS      + HO2     = HSO     + OH           5.539E+06
 190) HO2     + NO3     = OH      + NO2     O2   1.092E+07
 199) N       + HO2     = NO      + OH           3.343E+06
 207) HO2     + NO2     = HO2NO2  +              4.824E+09
 212) HO2     + NO2     = HNO2    + O2           1.839E+06
 272) HO2     + HV      = OH      + O            3.529E+09

H2O2                PRODUCTION RXS              INT RX RATE    TP =  9.08E+10
  16) HO2     + HO2     = H2O2    + O2           9.041E+10
  45) OH      + OH      = H2O2    +              4.161E+08

H2O2                   LOSS RXS                INT RX RATE    TL =  8.93E+10
  13) OH      + H2O2    = HO2     + H2O          6.507E+10
  47) H2O2    + O       = OH      + HO2          5.207E+06
 267) H2O2    + HV      = OH      + OH           1.884E+10

H2                  PRODUCTION RXS              INT RX RATE    TP =  9.24E+09
   7) H       + HO2     = H2      + O2           3.180E+08
  29) H       + HCO     = H2      + CO           7.057E+03
  38) H2CO    + H       = H2      + HCO          4.266E+03
  39) H       + H       = H2      +              9.946E+05
  52) CH4     + O1D     = H2CO    + H2           1.150E+07
  87) H       + HNO     = H2      + NO           2.886E+00
 101) C2H5    + OH      = CH3     + HCO     H2   8.210E+00
 121) H2S     + H       = H2      + HS           1.343E+01
 128) HS      + H       = H2      + S            6.290E+00
 167) HSO     + H       = H2      + SO           1.404E+02
 228) H       + HCS     = H2      + CS           3.402E-07
 262) H2O     + HV      = H2      + O1D          4.889E+08
 270) H2CO    + HV      = H2      + CO           8.075E+09
 273) CH4     + HV      = CH21    + H2           8.245E+07
 277) C2H6    + HV      = CH23    + CH23    H2   3.442E+01

H2                     LOSS RXS                INT RX RATE    TL =  1.68E+11
   2) H2      + O1D     = OH      + H            1.089E+09
   3) H2      + O       = OH      + H            5.119E+07
   4) H2      + OH      = H2O     + H            1.664E+11
  92) CH21    + H2      = CH3     + H            1.079E+03

CO                  PRODUCTION RXS              INT RX RATE    TP =  2.03E+11
  29) H       + HCO     = H2      + CO           7.057E+03
  30) HCO     + HCO     = H2CO    + CO           2.325E-04
  31) OH      + HCO     = H2O     + CO           2.343E+03
  33) O       + HCO     = OH      + CO           5.866E+05
  36) CO2     + H       = CO      + OH           9.734E+02
  40) HCO     + O2      = HO2     + CO           2.591E+10
  63) CH3     + HCO     = CH4     + CO           4.815E-03
  85) HCO     + NO      = HNO     + CO           4.638E+02
  93) CH21    + CO2     = H2CO    + CO           3.393E+03
  95) CH23    + CO2     = H2CO    + CO           2.259E+06
 102) C2H5    + HCO     = C2H6    + CO           4.750E-06
 127) HS      + HCO     = H2S     + CO           9.220E-02
 132) S       + HCO     = HS      + CO           5.041E-07
 162) SO      + HCO     = HSO     + CO           8.886E-02
 172) H       + OCS     = CO      + HS           3.171E+03
 174) O       + OCS     = CO      + SO           4.013E+07
 176) OCS     + S       = CO      + S2           2.148E+01
 180) CO      + O1D     = CO      + O            9.662E+07
 214) CS      + O2      = CO      + SO           3.924E+03
 217) CS      + O3      = CO      + SO2          6.480E+06
 237) CS2     + O       = CO      + S2           8.134E+04
 239) OCS     + H       = CO      + HS           3.161E+03
 241) CS      + O       = CO      + S            1.293E+02
 268) CO2     + HV      = CO      + O            7.266E+10
 269) CO2     + HV      = CO      + O1D          9.555E+10
 270) H2CO    + HV      = H2      + CO           8.075E+09
 300) OCS     + HV      = CO      + S            4.465E+08

CO                     LOSS RXS                INT RX RATE    TL =  2.01E+11
  28) H       + CO      = HCO     +              4.939E+06
  34) CO      + OH      = CO2     + H            2.007E+11
  35) CO      + O       = CO2     +              1.144E+07
 173) HS      + CO      = OCS     + H            6.529E-06
 179) S       + CO      = OCS     +              1.114E-01
 180) CO      + O1D     = CO      + O            9.662E+07
 188) OCS2    + CO      = OCS     + OCS          2.163E+01
 230) HS      + CO      = OCS     + H            6.608E-06

HCO                 PRODUCTION RXS              INT RX RATE    TP =  2.59E+10
  28) H       + CO      = HCO     +              4.939E+06
  38) H2CO    + H       = H2      + HCO          4.266E+03
  43) H2CO    + OH      = H2O     + HCO          1.836E+10
  46) H2CO    + O       = HCO     + OH           4.313E+07
  54) CH21    + O2      = HCO     + OH           7.680E+04
  58) CH23    + O2      = HCO     + OH           9.543E+07
  65) CH3     + H2CO    = CH4     + HCO          2.224E-03
  94) CH23    + O       = HCO     + H            7.313E+04
 100) C2H5    + O       = CH3     + HCO     H    3.099E+01
 101) C2H5    + OH      = CH3     + HCO     H2   8.210E+00
 104) C2H5    + O2      = CH3     + HCO     OH   9.000E+08
 271) H2CO    + HV      = HCO     + H            6.507E+09

HCO                    LOSS RXS                INT RX RATE    TL =  2.59E+10
  29) H       + HCO     = H2      + CO           7.057E+03
  30) HCO     + HCO     = H2CO    + CO           2.325E-04
  31) OH      + HCO     = H2O     + CO           2.343E+03
  32) O       + HCO     = H       + CO2          5.866E+05
  33) O       + HCO     = OH      + CO           5.866E+05
  40) HCO     + O2      = HO2     + CO           2.591E+10
  63) CH3     + HCO     = CH4     + CO           4.815E-03
  85) HCO     + NO      = HNO     + CO           4.638E+02
 102) C2H5    + HCO     = C2H6    + CO           4.750E-06
 127) HS      + HCO     = H2S     + CO           9.220E-02
 132) S       + HCO     = HS      + CO           5.041E-07
 162) SO      + HCO     = HSO     + CO           8.886E-02

H2CO                PRODUCTION RXS              INT RX RATE    TP =  3.35E+10
  30) HCO     + HCO     = H2CO    + CO           2.325E-04
  41) CH2OH   + O2      = H2CO    + HO2          2.301E+07
  42) CH3O    + O2      = H2CO    + HO2          9.447E+09
  52) CH4     + O1D     = H2CO    + H2           1.150E+07
  59) CH3     + O2      = H2CO    + OH           1.566E+03
  60) CH3     + O       = H2CO    + H            3.748E+06
  70) CH3OOH  + OH      = H2O     + H2CO    OH   2.150E+10
  93) CH21    + CO2     = H2CO    + CO           3.393E+03
  95) CH23    + CO2     = H2CO    + CO           2.259E+06
 247) C2H5SO  + HV      = H2CO    + CH3S         2.463E+09

H2CO                   LOSS RXS                INT RX RATE    TL =  3.33E+10
  38) H2CO    + H       = H2      + HCO          4.266E+03
  43) H2CO    + OH      = H2O     + HCO          1.836E+10
  46) H2CO    + O       = HCO     + OH           4.313E+07
  65) CH3     + H2CO    = CH4     + HCO          2.224E-03
 270) H2CO    + HV      = H2      + CO           8.075E+09
 271) H2CO    + HV      = HCO     + H            6.507E+09

CH3O                PRODUCTION RXS              INT RX RATE    TP =  9.45E+09
  50) CH4     + O1D     = CH3O    + H            2.301E+07
  67) CH3O2   + NO      = CH3O    + NO2          4.985E+09
 308) CH3OOH  + HV      = CH3O    + OH           4.439E+09

CH3O                   LOSS RXS                INT RX RATE    TL =  9.45E+09
  42) CH3O    + O2      = H2CO    + HO2          9.447E+09

CH2OH               PRODUCTION RXS              INT RX RATE    TP =  2.30E+07
  51) CH4     + O1D     = CH2OH   + H            2.301E+07

CH2OH                  LOSS RXS                INT RX RATE    TL =  2.30E+07
  41) CH2OH   + O2      = H2CO    + HO2          2.301E+07

CH3O2               PRODUCTION RXS              INT RX RATE    TP =  8.13E+10
  66) CH3     + O2      = CH3O2   +              3.111E+10
  69) CH3OOH  + OH      = CH3O2   + H2O          5.018E+10

CH3O2                  LOSS RXS                INT RX RATE    TL =  8.13E+10
  67) CH3O2   + NO      = CH3O    + NO2          4.985E+09
  68) CH3O2   + HO2     = CH3OOH  + O2           7.630E+10

CH3OOH              PRODUCTION RXS              INT RX RATE    TP =  7.63E+10
  68) CH3O2   + HO2     = CH3OOH  + O2           7.630E+10

CH3OOH                 LOSS RXS                INT RX RATE    TL =  7.63E+10
  69) CH3OOH  + OH      = CH3O2   + H2O          5.018E+10
  70) CH3OOH  + OH      = H2O     + H2CO    OH   2.150E+10
 308) CH3OOH  + HV      = CH3O    + OH           4.439E+09

CH4                 PRODUCTION RXS              INT RX RATE    TP =  2.73E+03
  62) CH3     + H       = CH4     +              2.723E+03
  63) CH3     + HCO     = CH4     + CO           4.815E-03
  64) CH3     + HNO     = CH4     + NO           3.629E-03
  65) CH3     + H2CO    = CH4     + HCO          2.224E-03
 233) CH3     + HCS     = CH4     + CS           1.611E-08
 278) C2H6    + HV      = CH4     + CH21         8.605E+00

CH4                    LOSS RXS                INT RX RATE    TL =  2.62E+10
  48) CH4     + OH      = CH3     + H2O          2.581E+10
  49) CH4     + O1D     = CH3     + OH           1.709E+08
  50) CH4     + O1D     = CH3O    + H            2.301E+07
  51) CH4     + O1D     = CH2OH   + H            2.301E+07
  52) CH4     + O1D     = H2CO    + H2           1.150E+07
  53) CH21    + CH4     = CH3     + CH3          4.423E-13
  91) CH4     + O       = CH3     + OH           4.928E+06
 273) CH4     + HV      = CH21    + H2           8.245E+07
 274) CH4     + HV      = CH3     + H            8.954E+07
 275) CH4     + HV      = CH23    + H       H    1.539E+07

CH3                 PRODUCTION RXS              INT RX RATE    TP =  3.11E+10
  48) CH4     + OH      = CH3     + H2O          2.581E+10
  49) CH4     + O1D     = CH3     + OH           1.709E+08
  53) CH21    + CH4     = CH3     + CH3          4.423E-13
  91) CH4     + O       = CH3     + OH           4.928E+06
  92) CH21    + H2      = CH3     + H            1.079E+03
  99) C2H5    + H       = CH3     + CH3          4.533E-04
 100) C2H5    + O       = CH3     + HCO     H    3.099E+01
 101) C2H5    + OH      = CH3     + HCO     H2   8.210E+00
 104) C2H5    + O2      = CH3     + HCO     OH   9.000E+08
 254) CH3SO2  + HV      = CH3     + SO2          3.285E+09
 255) CH3SO3  + HV      = CH3     + SO3          1.436E+07
 257) C2H6SO  + OH      = CH4SO2  + CH3          8.366E+08
 274) CH4     + HV      = CH3     + H            8.954E+07

CH3                    LOSS RXS                INT RX RATE    TL =  3.11E+10
  59) CH3     + O2      = H2CO    + OH           1.566E+03
  60) CH3     + O       = H2CO    + H            3.748E+06
  61) CH3     + CH3     = C2H6    +              1.004E-01
  62) CH3     + H       = CH4     +              2.723E+03
  63) CH3     + HCO     = CH4     + CO           4.815E-03
  64) CH3     + HNO     = CH4     + NO           3.629E-03
  65) CH3     + H2CO    = CH4     + HCO          2.224E-03
  66) CH3     + O2      = CH3O2   +              3.111E+10
 233) CH3     + HCS     = CH4     + CS           1.611E-08
 276) CH3     + HV      = CH21    + H            3.630E+03

C2H6                PRODUCTION RXS              INT RX RATE    TP =  1.00E-01
  61) CH3     + CH3     = C2H6    +              1.004E-01
 102) C2H5    + HCO     = C2H6    + CO           4.750E-06
 103) C2H5    + HNO     = C2H6    + NO           5.320E-06

C2H6                   LOSS RXS                INT RX RATE    TL =  9.00E+08
  96) C2H6    + OH      = C2H5    + H2O          8.998E+08
  97) C2H6    + O       = C2H5    + OH           1.108E+05
  98) C2H6    + O1D     = C2H5    + OH           6.326E+04
 277) C2H6    + HV      = CH23    + CH23    H2   3.442E+01
 278) C2H6    + HV      = CH4     + CH21         8.605E+00

NO                  PRODUCTION RXS              INT RX RATE    TP =  5.92E+11
  64) CH3     + HNO     = CH4     + NO           3.629E-03
  73) N       + O2      = NO      + O            9.747E+05
  75) N       + OH      = NO      + H            1.195E+07
  81) NO2     + O       = NO      + O2           1.556E+11
  83) NO2     + H       = NO      + OH           2.880E+06
  86) HNO     + HV      = NO      + H            6.816E+06
  87) H       + HNO     = H2      + NO           2.886E+00
  88) O       + HNO     = OH      + NO           6.199E+05
  89) OH      + HNO     = H2O     + NO           1.429E+06
 103) C2H5    + HNO     = C2H6    + NO           5.320E-06
 152) SO      + NO2     = SO2     + NO           4.130E+07
 157) HS      + NO2     = HSO     + NO           2.201E+06
 198) O1D     + N2O     = NO      + NO           1.428E+08
 199) N       + HO2     = NO      + OH           3.343E+06
 204) NO2     + NO3     = NO      + NO2     O2   7.820E+02
 249) CH3S    + NO2     = CH3SO   + NO           1.743E+06
 251) CH3SO   + NO2     = CH3SO2  + NO           5.819E+06
 253) CH3SO2  + NO2     = CH3SO3  + NO           6.158E+03
 279) HNO2    + HV      = NO      + OH           5.318E+09
 284) NO2     + HV      = NO      + O1D          9.969E+07
 285) NO2     + HV      = NO      + O            4.290E+11
 301) NO3     + HV      = NO      + O2           1.638E+09
 307) N2O5    + HV      = NO3     + NO      O    5.360E+06

NO                     LOSS RXS                INT RX RATE    TL =  5.92E+11
  67) CH3O2   + NO      = CH3O    + NO2          4.985E+09
  71) H       + NO      = HNO     +              4.919E+04
  76) N       + NO      = N2      + O            7.293E+07
  77) NO      + O3      = NO2     + O2           5.103E+11
  78) NO      + O       = NO2     +              1.973E+10
  79) NO      + HO2     = NO2     + OH           4.854E+10
  80) NO      + OH      = HNO2    +              4.939E+09
  85) HCO     + NO      = HNO     + CO           4.638E+02
 164) HSO     + NO      = HNO     + SO           8.819E+06
 191) NO      + NO3     = NO2     + NO2          9.759E+08
 246) C2H5SO2 + NO      = C2H5SO  + NO2          2.463E+09
 283) NO      + HV      = N       + O            9.725E+07

NO2                 PRODUCTION RXS              INT RX RATE    TP =  6.07E+11
  67) CH3O2   + NO      = CH3O    + NO2          4.985E+09
  77) NO      + O3      = NO2     + O2           5.103E+11
  78) NO      + O       = NO2     +              1.973E+10
  79) NO      + HO2     = NO2     + OH           4.854E+10
  90) HNO2    + OH      = H2O     + NO2          1.049E+08
 189) O       + NO3     = O2      + NO2          4.028E+08
 190) HO2     + NO3     = OH      + NO2     O2   1.092E+07
 191) NO      + NO3     = NO2     + NO2          9.759E+08
 193) OH      + NO3     = HO2     + NO2          1.911E+07
 200) O       + N2O5    = NO2     + NO2     O2   7.825E+03
 202) N2O5    + M       = NO3     + NO2          9.794E+04
 204) NO2     + NO3     = NO      + NO2     O2   7.820E+02
 206) NO3     + NO3     = NO2     + NO2     O2   7.066E-02
 208) O       + HO2NO2  = OH      + NO2     O2   1.593E+04
 209) OH      + HO2NO2  = H2O     + NO2     O2   2.161E+09
 210) HO2NO2  + M       = HO2     + NO2          1.844E+09
 246) C2H5SO2 + NO      = C2H5SO  + NO2          2.463E+09
 280) HNO3    + HV      = NO2     + OH           1.990E+09
 302) NO3     + HV      = NO2     + O            1.188E+10
 304) HO2NO2  + HV      = HO2     + NO2          6.351E+08
 306) N2O5    + HV      = NO3     + NO2          6.331E+06

NO2                    LOSS RXS                INT RX RATE    TL =  6.07E+11
  81) NO2     + O       = NO      + O2           1.556E+11
  82) NO2     + OH      = HNO3    +              3.939E+09
  83) NO2     + H       = NO      + OH           2.880E+06
 152) SO      + NO2     = SO2     + NO           4.130E+07
 157) HS      + NO2     = HSO     + NO           2.201E+06
 192) O       + NO2     = NO3     +              1.335E+10
 195) N       + NO2     = N2O     + O            8.060E+06
 201) NO2     + NO3     = N2O5    +              1.180E+07
 204) NO2     + NO3     = NO      + NO2     O2   7.820E+02
 205) NO2     + O3      = NO3     + O2           1.297E+08
 207) HO2     + NO2     = HO2NO2  +              4.824E+09
 212) HO2     + NO2     = HNO2    + O2           1.839E+06
 249) CH3S    + NO2     = CH3SO   + NO           1.743E+06
 251) CH3SO   + NO2     = CH3SO2  + NO           5.819E+06
 253) CH3SO2  + NO2     = CH3SO3  + NO           6.158E+03
 284) NO2     + HV      = NO      + O1D          9.969E+07
 285) NO2     + HV      = NO      + O            4.290E+11

HNO                 PRODUCTION RXS              INT RX RATE    TP =  8.87E+06
  71) H       + NO      = HNO     +              4.919E+04
  85) HCO     + NO      = HNO     + CO           4.638E+02
 164) HSO     + NO      = HNO     + SO           8.819E+06

HNO                    LOSS RXS                INT RX RATE    TL =  8.87E+06
  64) CH3     + HNO     = CH4     + NO           3.629E-03
  86) HNO     + HV      = NO      + H            6.816E+06
  87) H       + HNO     = H2      + NO           2.886E+00
  88) O       + HNO     = OH      + NO           6.199E+05
  89) OH      + HNO     = H2O     + NO           1.429E+06
 103) C2H5    + HNO     = C2H6    + NO           5.320E-06

H2S                 PRODUCTION RXS              INT RX RATE    TP =  5.54E+06
 125) HS      + HO2     = H2S     + O2           5.539E+06
 126) HS      + HS      = H2S     + S            2.502E+02
 127) HS      + HCO     = H2S     + CO           9.220E-02
 168) HSO     + HS      = H2S     + SO           5.758E+02
 235) HS      + HCS     = H2S     + CS           2.825E-06

H2S                    LOSS RXS                INT RX RATE    TL =  5.53E+06
 120) H2S     + OH      = H2O     + HS           5.320E+06
 121) H2S     + H       = H2      + HS           1.343E+01
 122) H2S     + O       = OH      + HS           1.825E+03
 287) H2S     + HV      = HS      + H            2.056E+05

HS                  PRODUCTION RXS              INT RX RATE    TP =  2.04E+09
 120) H2S     + OH      = H2O     + HS           5.320E+06
 121) H2S     + H       = H2      + HS           1.343E+01
 122) H2S     + O       = OH      + HS           1.825E+03
 132) S       + HCO     = HS      + CO           5.041E-07
 133) S       + HO2     = HS      + O2           3.640E+01
 166) HSO     + H       = HS      + OH           2.808E+02
 170) HSO     + O3      = HS      + O2      O2   1.996E+09
 171) HSO     + S       = HS      + SO           3.694E-02
 172) H       + OCS     = CO      + HS           3.171E+03
 177) OCS     + OH      = CO2     + HS           3.601E+07
 220) CS2     + OH      = OCS     + HS           3.508E+04
 231) CH21    + S2      = HCS     + HS           1.565E-15
 232) CH23    + S2      = HCS     + HS           9.493E-13
 236) S       + HCS     = HS      + CS           4.090E-11
 239) OCS     + H       = CO      + HS           3.161E+03
 287) H2S     + HV      = HS      + H            2.056E+05
 299) HSO     + HV      = HS      + O            2.192E+05

HS                     LOSS RXS                INT RX RATE    TL =  2.04E+09
 123) HS      + O       = H       + SO           6.543E+05
 125) HS      + HO2     = H2S     + O2           5.539E+06
 126) HS      + HS      = H2S     + S            2.502E+02
 127) HS      + HCO     = H2S     + CO           9.220E-02
 128) HS      + H       = H2      + S            6.290E+00
 129) HS      + S       = H       + S2           8.334E-04
 155) HS      + O3      = HSO     + O2           2.024E+09
 156) HS      + HO2     = HSO     + OH           5.539E+06
 157) HS      + NO2     = HSO     + NO           2.201E+06
 168) HSO     + HS      = H2S     + SO           5.758E+02
 173) HS      + CO      = OCS     + H            6.529E-06
 226) CS      + HS      = CS2     + H            2.252E-02
 230) HS      + CO      = OCS     + H            6.608E-06
 235) HS      + HCS     = H2S     + CS           2.825E-06

S                   PRODUCTION RXS              INT RX RATE    TP =  4.64E+08
 126) HS      + HS      = H2S     + S            2.502E+02
 128) HS      + H       = H2      + S            6.290E+00
 136) S2      + O       = S       + SO           4.900E+03
 159) SO      + SO      = SO2     + S            3.077E+00
 175) O       + OCS     = S       + CO2          3.743E+02
 219) CS2     + O       = OCS     + S            4.087E+05
 241) CS      + O       = CO      + S            1.293E+02
 286) SO      + HV      = S       + O            1.619E+06
 292) S2      + HV      = S       + S            7.646E+04
 294) S3      + HV      = S2      + S            2.349E-05
 300) OCS     + HV      = CO      + S            4.465E+08
 309) CS2     + HV      = CS      + S            1.511E+07

S                      LOSS RXS                INT RX RATE    TL =  4.64E+08
 129) HS      + S       = H       + S2           8.334E-04
 130) S       + O2      = SO      + O            4.624E+08
 131) S       + OH      = SO      + H            3.661E+01
 132) S       + HCO     = HS      + CO           5.041E-07
 133) S       + HO2     = HS      + O2           3.640E+01
 134) S       + HO2     = SO      + OH           3.640E+01
 135) S       + S       = S2      +              3.430E-11
 139) S       + S2      = S3      +              2.349E-05
 141) S       + S3      = S4      +              1.129E-18
 158) S       + O3      = SO      + O2           1.454E+06
 171) HSO     + S       = HS      + SO           3.694E-02
 176) OCS     + S       = CO      + S2           2.148E+01
 179) S       + CO      = OCS     +              1.114E-01
 184) OCS     + S       = OCS2    +              2.163E+01
 185) OCS2    + S       = OCS     + S2           1.681E-10
 229) S       + HCS     = H       + CS2          8.180E-11
 234) CH23    + S       = HCS     + H            1.447E-14
 236) S       + HCS     = HS      + CS           4.090E-11
 240) CS2     + S       = CS      + S2           1.455E-04

SO                  PRODUCTION RXS              INT RX RATE    TP =  2.09E+09
 106) SO2     + O1D     = SO      + O2           1.051E+04
 123) HS      + O       = H       + SO           6.543E+05
 130) S       + O2      = SO      + O            4.624E+08
 131) S       + OH      = SO      + H            3.661E+01
 134) S       + HO2     = SO      + OH           3.640E+01
 136) S2      + O       = S       + SO           4.900E+03
 148) SO21    + SO2     = SO3     + SO           1.411E+00
 151) SO23    + SO2     = SO3     + SO           1.716E-01
 158) S       + O3      = SO      + O2           1.454E+06
 164) HSO     + NO      = HNO     + SO           8.819E+06
 165) HSO     + OH      = H2O     + SO           2.384E+07
 167) HSO     + H       = H2      + SO           1.404E+02
 168) HSO     + HS      = H2S     + SO           5.758E+02
 169) HSO     + O       = OH      + SO           2.312E+06
 171) HSO     + S       = HS      + SO           3.694E-02
 174) O       + OCS     = CO      + SO           4.013E+07
 214) CS      + O2      = CO      + SO           3.924E+03
 216) CS      + O3      = SO      + CO2          6.480E+06
 218) CS2     + O       = SO      + CS           4.360E+06
 288) SO2     + HV      = SO      + O            1.539E+09

SO                     LOSS RXS                INT RX RATE    TL =  2.09E+09
 107) SO      + O2      = O       + SO2          9.139E+08
 108) SO      + HO2     = SO2     + OH           5.957E+07
 109) SO      + O       = SO2     +              8.850E+06
 110) SO      + OH      = SO2     + H            2.981E+07
 152) SO      + NO2     = SO2     + NO           4.130E+07
 153) SO      + O3      = SO2     + O2           1.035E+09
 159) SO      + SO      = SO2     + S            3.077E+00
 160) SO3     + SO      = SO2     + SO2          9.787E-03
 162) SO      + HCO     = HSO     + CO           8.886E-02
 163) H       + SO      = HSO     +              4.707E+00
 238) CS2     + SO      = OCS     + S2           1.161E+00
 286) SO      + HV      = S       + O            1.619E+06

SO2                 PRODUCTION RXS              INT RX RATE    TP =  8.00E+10
 105) SO2     + O1D     = SO2     + O            3.278E+03
 107) SO      + O2      = O       + SO2          9.139E+08
 108) SO      + HO2     = SO2     + OH           5.957E+07
 109) SO      + O       = SO2     +              8.850E+06
 110) SO      + OH      = SO2     + H            2.981E+07
 115) SO3     + O       = SO2     + O2           3.196E-01
 144) SO21    + M       = SO2     + M            6.755E+10
 146) SO21    + HV      = SO2     + HV           1.019E+07
 149) SO23    + M       = SO2     + M            7.025E+09
 150) SO23    + HV      = SO2     + HV           3.518E+06
 152) SO      + NO2     = SO2     + NO           4.130E+07
 153) SO      + O3      = SO2     + O2           1.035E+09
 159) SO      + SO      = SO2     + S            3.077E+00
 160) SO3     + SO      = SO2     + SO2          9.787E-03
 217) CS      + O3      = CO      + SO2          6.480E+06
 224) CS2X    + O2      = CS      + SO2          2.061E+03
 254) CH3SO2  + HV      = CH3     + SO2          3.285E+09
 298) SO3     + HV      = SO2     + O            4.184E+02

SO2                    LOSS RXS                INT RX RATE    TL =  7.97E+10
 105) SO2     + O1D     = SO2     + O            3.278E+03
 106) SO2     + O1D     = SO      + O2           1.051E+04
 111) SO2     + OH      = HSO3    +              3.193E+09
 112) SO2     + O       = SO3     +              9.642E+06
 148) SO21    + SO2     = SO3     + SO           1.411E+00
 151) SO23    + SO2     = SO3     + SO           1.716E-01
 154) SO2     + HO2     = SO3     + OH           1.134E+05
 288) SO2     + HV      = SO      + O            1.539E+09
 289) SO2     + HV      = SO21    +              7.432E+10
 290) SO2     + HV      = SO23    +              2.729E+08

H2SO4               PRODUCTION RXS              INT RX RATE    TP =  1.52E+10
 113) SO3     + H2O     = H2SO4   +              1.520E+10

H2SO4                  LOSS RXS                INT RX RATE    TL =  1.49E+10
 114) H2SO4   + H2O     = SO3     + H2O     H2O  1.198E+10
 291) H2SO4   + HV      = SO3     + H2O          4.827E+06

HSO                 PRODUCTION RXS              INT RX RATE    TP =  2.03E+09
 155) HS      + O3      = HSO     + O2           2.024E+09
 156) HS      + HO2     = HSO     + OH           5.539E+06
 157) HS      + NO2     = HSO     + NO           2.201E+06
 162) SO      + HCO     = HSO     + CO           8.886E-02
 163) H       + SO      = HSO     +              4.707E+00

HSO                    LOSS RXS                INT RX RATE    TL =  2.03E+09
 164) HSO     + NO      = HNO     + SO           8.819E+06
 165) HSO     + OH      = H2O     + SO           2.384E+07
 166) HSO     + H       = HS      + OH           2.808E+02
 167) HSO     + H       = H2      + SO           1.404E+02
 168) HSO     + HS      = H2S     + SO           5.758E+02
 169) HSO     + O       = OH      + SO           2.312E+06
 170) HSO     + O3      = HS      + O2      O2   1.996E+09
 171) HSO     + S       = HS      + SO           3.694E-02
 299) HSO     + HV      = HS      + O            2.192E+05

S2                  PRODUCTION RXS              INT RX RATE    TP =  8.14E+04
 129) HS      + S       = H       + S2           8.334E-04
 135) S       + S       = S2      +              3.430E-11
 176) OCS     + S       = CO      + S2           2.148E+01
 185) OCS2    + S       = OCS     + S2           1.681E-10
 225) CS2X    + CS2     = CS      + CS      S2   6.560E-06
 237) CS2     + O       = CO      + S2           8.134E+04
 238) CS2     + SO      = OCS     + S2           1.161E+00
 240) CS2     + S       = CS      + S2           1.455E-04
 293) S4      + HV      = S2      + S2           1.574E+01
 294) S3      + HV      = S2      + S            2.349E-05

S2                     LOSS RXS                INT RX RATE    TL =  8.14E+04
 136) S2      + O       = S       + SO           4.900E+03
 139) S       + S2      = S3      +              2.349E-05
 140) S2      + S2      = S4      +              1.574E+01
 231) CH21    + S2      = HCS     + HS           1.565E-15
 232) CH23    + S2      = HCS     + HS           9.493E-13
 292) S2      + HV      = S       + S            7.646E+04

S4                  PRODUCTION RXS              INT RX RATE    TP =  1.57E+01
 140) S2      + S2      = S4      +              1.574E+01
 141) S       + S3      = S4      +              1.129E-18
 297) S8      + HV      = S4      + S4           7.391E-13

S4                     LOSS RXS                INT RX RATE    TL =  1.57E+01
 142) S4      + S4      = S8      +              7.391E-13
 293) S4      + HV      = S2      + S2           1.574E+01

S8                  PRODUCTION RXS              INT RX RATE    TP =  7.39E-13
 142) S4      + S4      = S8      +              7.391E-13

S8                     LOSS RXS                INT RX RATE    TL =  7.39E-13
 297) S8      + HV      = S4      + S4           7.391E-13

SO3                 PRODUCTION RXS              INT RX RATE    TP =  1.52E+10
 112) SO2     + O       = SO3     +              9.642E+06
 114) H2SO4   + H2O     = SO3     + H2O     H2O  1.198E+10
 116) HSO3    + O2      = HO2     + SO3          3.193E+09
 147) SO21    + O2      = SO3     + O            1.437E+02
 148) SO21    + SO2     = SO3     + SO           1.411E+00
 151) SO23    + SO2     = SO3     + SO           1.716E-01
 154) SO2     + HO2     = SO3     + OH           1.134E+05
 255) CH3SO3  + HV      = CH3     + SO3          1.436E+07
 291) H2SO4   + HV      = SO3     + H2O          4.827E+06

SO3                    LOSS RXS                INT RX RATE    TL =  1.52E+10
 113) SO3     + H2O     = H2SO4   +              1.520E+10
 115) SO3     + O       = SO2     + O2           3.196E-01
 160) SO3     + SO      = SO2     + SO2          9.787E-03
 298) SO3     + HV      = SO2     + O            4.184E+02

OCS                 PRODUCTION RXS              INT RX RATE    TP =  6.96E+06
 173) HS      + CO      = OCS     + H            6.529E-06
 179) S       + CO      = OCS     +              1.114E-01
 185) OCS2    + S       = OCS     + S2           1.681E-10
 188) OCS2    + CO      = OCS     + OCS          2.163E+01
 213) CS      + O2      = OCS     + O            3.139E+04
 215) CS      + O3      = OCS     + O2           6.480E+06
 219) CS2     + O       = OCS     + S            4.087E+05
 220) CS2     + OH      = OCS     + HS           3.508E+04
 230) HS      + CO      = OCS     + H            6.608E-06
 238) CS2     + SO      = OCS     + S2           1.161E+00

OCS                    LOSS RXS                INT RX RATE    TL =  5.23E+08
 172) H       + OCS     = CO      + HS           3.171E+03
 174) O       + OCS     = CO      + SO           4.013E+07
 175) O       + OCS     = S       + CO2          3.743E+02
 176) OCS     + S       = CO      + S2           2.148E+01
 177) OCS     + OH      = CO2     + HS           3.601E+07
 184) OCS     + S       = OCS2    +              2.163E+01
 239) OCS     + H       = CO      + HS           3.161E+03
 300) OCS     + HV      = CO      + S            4.465E+08

S3                  PRODUCTION RXS              INT RX RATE    TP =  2.35E-05
 139) S       + S2      = S3      +              2.349E-05

S3                     LOSS RXS                INT RX RATE    TL =  2.35E-05
 141) S       + S3      = S4      +              1.129E-18
 294) S3      + HV      = S2      + S            2.349E-05

O3                  PRODUCTION RXS              INT RX RATE    TP =  1.17E+15
  18) O       + O2      = O3      +              1.168E+15

O3                     LOSS RXS                INT RX RATE    TL =  1.17E+15
   5) H       + O3      = OH      + O2           2.121E+11
  12) OH      + O3      = HO2     + O2           2.722E+11
  15) HO2     + O3      = OH      + O2      O2   1.157E+11
  19) O       + O3      = O2      + O2           8.537E+10
  20) O1D     + O3      = O2      + O2           1.148E+09
  21) O1D     + O3      = O       + O       O2   1.148E+09
  26) O3      + HV      = O2      + O            1.341E-10
  27) O3      + O3      = O2      + O2      O2   2.439E+02
  77) NO      + O3      = NO2     + O2           5.103E+11
 153) SO      + O3      = SO2     + O2           1.035E+09
 155) HS      + O3      = HSO     + O2           2.024E+09
 158) S       + O3      = SO      + O2           1.454E+06
 170) HSO     + O3      = HS      + O2      O2   1.996E+09
 205) NO2     + O3      = NO3     + O2           1.297E+08
 215) CS      + O3      = OCS     + O2           6.480E+06
 216) CS      + O3      = SO      + CO2          6.480E+06
 217) CS      + O3      = CO      + SO2          6.480E+06
 248) CH3S    + O3      = CH3SO   + O2           2.461E+09
 250) CH3SO   + O3      = CH3SO2  + O2           2.457E+09
 252) CH3SO2  + O3      = CH3SO3  + O2           1.436E+07
 264) O3      + HV      = O2      + O1D          5.741E+14
 265) O3      + HV      = O2      + O            5.916E+14
 266) O3      + HV      = O       + O       O    5.364E+11

HNO3                PRODUCTION RXS              INT RX RATE    TP =  3.94E+09
  82) NO2     + OH      = HNO3    +              3.939E+09
 203) N2O5    + H2O     = HNO3    + HNO3         5.691E+03
 244) C2H6S   + NO3     = C2H5S   + HNO3         2.085E+05

HNO3                   LOSS RXS                INT RX RATE    TL =  3.91E+09
  84) HNO3    + OH      = H2O     + NO3          1.272E+09
 211) O       + HNO3    = OH      + NO3          4.570E+05
 280) HNO3    + HV      = NO2     + OH           1.990E+09
 281) HNO3    + HV      = HNO2    + O            2.808E+08
 282) HNO3    + HV      = HNO2    + O1D          2.016E+08

N                   PRODUCTION RXS              INT RX RATE    TP =  9.73E+07
 283) NO      + HV      = N       + O            9.725E+07

N                      LOSS RXS                INT RX RATE    TL =  9.73E+07
  72) N       + N       = N2      +              7.912E+00
  73) N       + O2      = NO      + O            9.747E+05
  75) N       + OH      = NO      + H            1.195E+07
  76) N       + NO      = N2      + O            7.293E+07
 195) N       + NO2     = N2O     + O            8.060E+06
 199) N       + HO2     = NO      + OH           3.343E+06

NO3                 PRODUCTION RXS              INT RX RATE    TP =  1.49E+10
  84) HNO3    + OH      = H2O     + NO3          1.272E+09
 192) O       + NO2     = NO3     +              1.335E+10
 202) N2O5    + M       = NO3     + NO2          9.794E+04
 205) NO2     + O3      = NO3     + O2           1.297E+08
 211) O       + HNO3    = OH      + NO3          4.570E+05
 305) HO2NO2  + HV      = OH      + NO3          1.768E+08
 306) N2O5    + HV      = NO3     + NO2          6.331E+06
 307) N2O5    + HV      = NO3     + NO      O    5.360E+06

NO3                    LOSS RXS                INT RX RATE    TL =  1.49E+10
 189) O       + NO3     = O2      + NO2          4.028E+08
 190) HO2     + NO3     = OH      + NO2     O2   1.092E+07
 191) NO      + NO3     = NO2     + NO2          9.759E+08
 193) OH      + NO3     = HO2     + NO2          1.911E+07
 201) NO2     + NO3     = N2O5    +              1.180E+07
 204) NO2     + NO3     = NO      + NO2     O2   7.820E+02
 206) NO3     + NO3     = NO2     + NO2     O2   7.066E-02
 244) C2H6S   + NO3     = C2H5S   + HNO3         2.085E+05
 301) NO3     + HV      = NO      + O2           1.638E+09
 302) NO3     + HV      = NO2     + O            1.188E+10

N2O                 PRODUCTION RXS              INT RX RATE    TP =  8.06E+06
 195) N       + NO2     = N2O     + O            8.060E+06

N2O                    LOSS RXS                INT RX RATE    TL =  8.92E+10
 194) H       + N2O     = N2      + OH           5.043E-02
 197) O1D     + N2O     = N2      + O2           9.126E+07
 198) O1D     + N2O     = NO      + NO           1.428E+08
 303) N2O     + HV      = N2      + O1D          8.891E+10

HO2NO2              PRODUCTION RXS              INT RX RATE    TP =  4.82E+09
 207) HO2     + NO2     = HO2NO2  +              4.824E+09

HO2NO2                 LOSS RXS                INT RX RATE    TL =  4.82E+09
 208) O       + HO2NO2  = OH      + NO2     O2   1.593E+04
 209) OH      + HO2NO2  = H2O     + NO2     O2   2.161E+09
 210) HO2NO2  + M       = HO2     + NO2          1.844E+09
 304) HO2NO2  + HV      = HO2     + NO2          6.351E+08
 305) HO2NO2  + HV      = OH      + NO3          1.768E+08

N2O5                PRODUCTION RXS              INT RX RATE    TP =  1.18E+07
 201) NO2     + NO3     = N2O5    +              1.180E+07

N2O5                   LOSS RXS                INT RX RATE    TL =  1.18E+07
 200) O       + N2O5    = NO2     + NO2     O2   7.825E+03
 202) N2O5    + M       = NO3     + NO2          9.794E+04
 203) N2O5    + H2O     = HNO3    + HNO3         5.691E+03
 306) N2O5    + HV      = NO3     + NO2          6.331E+06
 307) N2O5    + HV      = NO3     + NO      O    5.360E+06

NH                  PRODUCTION RXS              INT RX RATE    TP =  0.00E+00

NH                     LOSS RXS                INT RX RATE    TL =  0.00E+00

NH2                 PRODUCTION RXS              INT RX RATE    TP =  0.00E+00

NH2                    LOSS RXS                INT RX RATE    TL =  0.00E+00

NH3                 PRODUCTION RXS              INT RX RATE    TP =  0.00E+00

NH3                    LOSS RXS                INT RX RATE    TL =  1.50E+10

CO2                 PRODUCTION RXS              INT RX RATE    TP =  9.49E+11
  32) O       + HCO     = H       + CO2          5.866E+05
  34) CO      + OH      = CO2     + H            2.007E+11
  35) CO      + O       = CO2     +              1.144E+07
 175) O       + OCS     = S       + CO2          3.743E+02
 177) OCS     + OH      = CO2     + HS           3.601E+07
 182) CO2     + O1D     = CO2     + O            7.479E+11
 216) CS      + O3      = SO      + CO2          6.480E+06

CO2                    LOSS RXS                INT RX RATE    TL =  9.16E+11
  36) CO2     + H       = CO      + OH           9.734E+02
  93) CH21    + CO2     = H2CO    + CO           3.393E+03
  95) CH23    + CO2     = H2CO    + CO           2.259E+06
 182) CO2     + O1D     = CO2     + O            7.479E+11
 268) CO2     + HV      = CO      + O            7.266E+10
 269) CO2     + HV      = CO      + O1D          9.555E+10

CS                  PRODUCTION RXS              INT RX RATE    TP =  1.95E+07
 218) CS2     + O       = SO      + CS           4.360E+06
 224) CS2X    + O2      = CS      + SO2          2.061E+03
 225) CS2X    + CS2     = CS      + CS      S2   6.560E-06
 228) H       + HCS     = H2      + CS           3.402E-07
 233) CH3     + HCS     = CH4     + CS           1.611E-08
 235) HS      + HCS     = H2S     + CS           2.825E-06
 236) S       + HCS     = HS      + CS           4.090E-11
 240) CS2     + S       = CS      + S2           1.455E-04
 309) CS2     + HV      = CS      + S            1.511E+07

CS                     LOSS RXS                INT RX RATE    TL =  1.95E+07
 213) CS      + O2      = OCS     + O            3.139E+04
 214) CS      + O2      = CO      + SO           3.924E+03
 215) CS      + O3      = OCS     + O2           6.480E+06
 216) CS      + O3      = SO      + CO2          6.480E+06
 217) CS      + O3      = CO      + SO2          6.480E+06
 226) CS      + HS      = CS2     + H            2.252E-02
 227) H       + CS      = HCS     +              3.182E-06
 241) CS      + O       = CO      + S            1.293E+02

CS2                 PRODUCTION RXS              INT RX RATE    TP =  2.56E+08
 222) CS2OH   + HV      = CS2     + OH           1.403E+07
 223) CS2X    + M       = CS2     + M            2.422E+08
 226) CS      + HS      = CS2     + H            2.252E-02
 229) S       + HCS     = H       + CS2          8.180E-11

CS2                    LOSS RXS                INT RX RATE    TL =  2.76E+08
 218) CS2     + O       = SO      + CS           4.360E+06
 219) CS2     + O       = OCS     + S            4.087E+05
 220) CS2     + OH      = OCS     + HS           3.508E+04
 221) CS2     + OH      = CS2OH   +              1.403E+07
 225) CS2X    + CS2     = CS      + CS      S2   6.560E-06
 237) CS2     + O       = CO      + S2           8.134E+04
 238) CS2     + SO      = OCS     + S2           1.161E+00
 240) CS2     + S       = CS      + S2           1.455E-04
 309) CS2     + HV      = CS      + S            1.511E+07
 310) CS2     + HV      = CS2X    +              2.422E+08

HCS                 PRODUCTION RXS              INT RX RATE    TP =  3.18E-06
 227) H       + CS      = HCS     +              3.182E-06
 231) CH21    + S2      = HCS     + HS           1.565E-15
 232) CH23    + S2      = HCS     + HS           9.493E-13
 234) CH23    + S       = HCS     + H            1.447E-14

HCS                    LOSS RXS                INT RX RATE    TL =  3.18E-06
 228) H       + HCS     = H2      + CS           3.402E-07
 229) S       + HCS     = H       + CS2          8.180E-11
 233) CH3     + HCS     = CH4     + CS           1.611E-08
 235) HS      + HCS     = H2S     + CS           2.825E-06
 236) S       + HCS     = HS      + CS           4.090E-11

C2H6S               PRODUCTION RXS              INT RX RATE    TP =  0.00E+00

C2H6S                  LOSS RXS                INT RX RATE    TL =  3.30E+09
 242) C2H6S   + OH      = C2H5S   + H2O          2.463E+09
 243) C2H6S   + OH      = C2H7SO  +              8.373E+08
 244) C2H6S   + NO3     = C2H5S   + HNO3         2.085E+05

C2H5S               PRODUCTION RXS              INT RX RATE    TP =  2.46E+09
 242) C2H6S   + OH      = C2H5S   + H2O          2.463E+09
 244) C2H6S   + NO3     = C2H5S   + HNO3         2.085E+05

C2H5S                  LOSS RXS                INT RX RATE    TL =  2.46E+09
 245) C2H5S   + O2      = C2H5SO2 +              2.463E+09

C2H5SO              PRODUCTION RXS              INT RX RATE    TP =  2.46E+09
 246) C2H5SO2 + NO      = C2H5SO  + NO2          2.463E+09

C2H5SO                 LOSS RXS                INT RX RATE    TL =  2.46E+09
 247) C2H5SO  + HV      = H2CO    + CH3S         2.463E+09

C2H5SO2             PRODUCTION RXS              INT RX RATE    TP =  2.46E+09
 245) C2H5S   + O2      = C2H5SO2 +              2.463E+09

C2H5SO2                LOSS RXS                INT RX RATE    TL =  2.46E+09
 246) C2H5SO2 + NO      = C2H5SO  + NO2          2.463E+09

CH3S                PRODUCTION RXS              INT RX RATE    TP =  2.46E+09
 247) C2H5SO  + HV      = H2CO    + CH3S         2.463E+09

CH3S                   LOSS RXS                INT RX RATE    TL =  2.46E+09
 248) CH3S    + O3      = CH3SO   + O2           2.461E+09
 249) CH3S    + NO2     = CH3SO   + NO           1.743E+06

CH3SO               PRODUCTION RXS              INT RX RATE    TP =  2.46E+09
 248) CH3S    + O3      = CH3SO   + O2           2.461E+09
 249) CH3S    + NO2     = CH3SO   + NO           1.743E+06

CH3SO                  LOSS RXS                INT RX RATE    TL =  2.46E+09
 250) CH3SO   + O3      = CH3SO2  + O2           2.457E+09
 251) CH3SO   + NO2     = CH3SO2  + NO           5.819E+06

CH3SO2              PRODUCTION RXS              INT RX RATE    TP =  3.30E+09
 250) CH3SO   + O3      = CH3SO2  + O2           2.457E+09
 251) CH3SO   + NO2     = CH3SO2  + NO           5.819E+06
 258) CH4SO2  + OH      = CH3SO2  + H2O          8.366E+08

CH3SO2                 LOSS RXS                INT RX RATE    TL =  3.30E+09
 252) CH3SO2  + O3      = CH3SO3  + O2           1.436E+07
 253) CH3SO2  + NO2     = CH3SO3  + NO           6.158E+03
 254) CH3SO2  + HV      = CH3     + SO2          3.285E+09

CH3SO3              PRODUCTION RXS              INT RX RATE    TP =  1.44E+07
 252) CH3SO2  + O3      = CH3SO3  + O2           1.436E+07
 253) CH3SO2  + NO2     = CH3SO3  + NO           6.158E+03

CH3SO3                 LOSS RXS                INT RX RATE    TL =  1.44E+07
 255) CH3SO3  + HV      = CH3     + SO3          1.436E+07

CH4SO2              PRODUCTION RXS              INT RX RATE    TP =  8.37E+08
 257) C2H6SO  + OH      = CH4SO2  + CH3          8.366E+08

CH4SO2                 LOSS RXS                INT RX RATE    TL =  8.37E+08
 258) CH4SO2  + OH      = CH3SO2  + H2O          8.366E+08

C2H6SO              PRODUCTION RXS              INT RX RATE    TP =  8.37E+08
 256) C2H7SO  + O2      = C2H6SO  + HO2          8.373E+08

C2H6SO                 LOSS RXS                INT RX RATE    TL =  8.37E+08
 257) C2H6SO  + OH      = CH4SO2  + CH3          8.366E+08

C2H7SO              PRODUCTION RXS              INT RX RATE    TP =  8.37E+08
 243) C2H6S   + OH      = C2H7SO  +              8.373E+08

C2H7SO                 LOSS RXS                INT RX RATE    TL =  8.37E+08
 256) C2H7SO  + O2      = C2H6SO  + HO2          8.373E+08

SO4AER              PRODUCTION RXS              INT RX RATE    TP =  2.68E+09

SO4AER                 LOSS RXS                INT RX RATE    TL =  2.64E+09

S8AER               PRODUCTION RXS              INT RX RATE    TP =  0.00E+00

S8AER                  LOSS RXS                INT RX RATE    TL =  1.71E-19

HNO2                PRODUCTION RXS              INT RX RATE    TP =  0.00E+00
  80) NO      + OH      = HNO2    +              4.939E+09
 212) HO2     + NO2     = HNO2    + O2           1.839E+06
 281) HNO3    + HV      = HNO2    + O            2.808E+08
 282) HNO3    + HV      = HNO2    + O1D          2.016E+08

HNO2                   LOSS RXS                INT RX RATE    TL =  0.00E+00
  90) HNO2    + OH      = H2O     + NO2          1.049E+08
 279) HNO2    + HV      = NO      + OH           5.318E+09

O1D                 PRODUCTION RXS              INT RX RATE    TP =  0.00E+00
 259) O2      + HV      = O       + O1D          2.459E+11
 262) H2O     + HV      = H2      + O1D          4.889E+08
 264) O3      + HV      = O2      + O1D          5.741E+14
 269) CO2     + HV      = CO      + O1D          9.555E+10
 282) HNO3    + HV      = HNO2    + O1D          2.016E+08
 284) NO2     + HV      = NO      + O1D          9.969E+07
 303) N2O     + HV      = N2      + O1D          8.891E+10

O1D                    LOSS RXS                INT RX RATE    TL =  0.00E+00
   1) H2O     + O1D     = OH      + OH           1.763E+11
   2) H2      + O1D     = OH      + H            1.089E+09
  20) O1D     + O3      = O2      + O2           1.148E+09
  21) O1D     + O3      = O       + O       O2   1.148E+09
  23) O1D     + N2      = O       + N2           5.734E+14
  24) O1D     + O2      = O       + O2           1.792E+11
  49) CH4     + O1D     = CH3     + OH           1.709E+08
  50) CH4     + O1D     = CH3O    + H            2.301E+07
  51) CH4     + O1D     = CH2OH   + H            2.301E+07
  52) CH4     + O1D     = H2CO    + H2           1.150E+07
  98) C2H6    + O1D     = C2H5    + OH           6.326E+04
 105) SO2     + O1D     = SO2     + O            3.278E+03
 106) SO2     + O1D     = SO      + O2           1.051E+04
 180) CO      + O1D     = CO      + O            9.662E+07
 182) CO2     + O1D     = CO2     + O            7.479E+11
 197) O1D     + N2O     = N2      + O2           9.126E+07
 198) O1D     + N2O     = NO      + NO           1.428E+08

CH21                PRODUCTION RXS              INT RX RATE    TP =  0.00E+00
 273) CH4     + HV      = CH21    + H2           8.245E+07
 276) CH3     + HV      = CH21    + H            3.630E+03
 278) C2H6    + HV      = CH4     + CH21         8.605E+00

CH21                   LOSS RXS                INT RX RATE    TL =  0.00E+00
  53) CH21    + CH4     = CH3     + CH3          4.423E-13
  54) CH21    + O2      = HCO     + OH           7.680E+04
  55) CH21    + N2      = CH23    + N2           8.237E+07
  92) CH21    + H2      = CH3     + H            1.079E+03
  93) CH21    + CO2     = H2CO    + CO           3.393E+03
 231) CH21    + S2      = HCS     + HS           1.565E-15

CH23                PRODUCTION RXS              INT RX RATE    TP =  0.00E+00
  55) CH21    + N2      = CH23    + N2           8.237E+07
 275) CH4     + HV      = CH23    + H       H    1.539E+07
 277) C2H6    + HV      = CH23    + CH23    H2   3.442E+01

CH23                   LOSS RXS                INT RX RATE    TL =  0.00E+00
  58) CH23    + O2      = HCO     + OH           9.543E+07
  94) CH23    + O       = HCO     + H            7.313E+04
  95) CH23    + CO2     = H2CO    + CO           2.259E+06
 232) CH23    + S2      = HCS     + HS           9.493E-13
 234) CH23    + S       = HCS     + H            1.447E-14

C2H5                PRODUCTION RXS              INT RX RATE    TP =  0.00E+00
  96) C2H6    + OH      = C2H5    + H2O          8.998E+08
  97) C2H6    + O       = C2H5    + OH           1.108E+05
  98) C2H6    + O1D     = C2H5    + OH           6.326E+04

C2H5                   LOSS RXS                INT RX RATE    TL =  0.00E+00
  99) C2H5    + H       = CH3     + CH3          4.533E-04
 100) C2H5    + O       = CH3     + HCO     H    3.099E+01
 101) C2H5    + OH      = CH3     + HCO     H2   8.210E+00
 102) C2H5    + HCO     = C2H6    + CO           4.750E-06
 103) C2H5    + HNO     = C2H6    + NO           5.320E-06
 104) C2H5    + O2      = CH3     + HCO     OH   9.000E+08

SO21                PRODUCTION RXS              INT RX RATE    TP =  0.00E+00
 289) SO2     + HV      = SO21    +              7.432E+10

SO21                   LOSS RXS                INT RX RATE    TL =  0.00E+00
 143) SO21    + M       = SO23    + M            6.755E+09
 144) SO21    + M       = SO2     + M            6.755E+10
 145) SO21    + HV      = SO23    + HV           6.949E+05
 146) SO21    + HV      = SO2     + HV           1.019E+07
 147) SO21    + O2      = SO3     + O            1.437E+02
 148) SO21    + SO2     = SO3     + SO           1.411E+00

SO23                PRODUCTION RXS              INT RX RATE    TP =  0.00E+00
 143) SO21    + M       = SO23    + M            6.755E+09
 145) SO21    + HV      = SO23    + HV           6.949E+05
 290) SO2     + HV      = SO23    +              2.729E+08

SO23                   LOSS RXS                INT RX RATE    TL =  0.00E+00
 149) SO23    + M       = SO2     + M            7.025E+09
 150) SO23    + HV      = SO2     + HV           3.518E+06
 151) SO23    + SO2     = SO3     + SO           1.716E-01

HSO3                PRODUCTION RXS              INT RX RATE    TP =  0.00E+00
 111) SO2     + OH      = HSO3    +              3.193E+09

HSO3                   LOSS RXS                INT RX RATE    TL =  0.00E+00
 116) HSO3    + O2      = HO2     + SO3          3.193E+09

OCS2                PRODUCTION RXS              INT RX RATE    TP =  0.00E+00
 184) OCS     + S       = OCS2    +              2.163E+01

OCS2                   LOSS RXS                INT RX RATE    TL =  0.00E+00
 185) OCS2    + S       = OCS     + S2           1.681E-10
 188) OCS2    + CO      = OCS     + OCS          2.163E+01

CS2X                PRODUCTION RXS              INT RX RATE    TP =  0.00E+00
 310) CS2     + HV      = CS2X    +              2.422E+08

CS2X                   LOSS RXS                INT RX RATE    TL =  0.00E+00
 223) CS2X    + M       = CS2     + M            2.422E+08
 224) CS2X    + O2      = CS      + SO2          2.061E+03
 225) CS2X    + CS2     = CS      + CS      S2   6.560E-06

CS2OH               PRODUCTION RXS              INT RX RATE    TP =  0.00E+00
 221) CS2     + OH      = CS2OH   +              1.403E+07

CS2OH                  LOSS RXS                INT RX RATE    TL =  0.00E+00
 222) CS2OH   + HV      = CS2     + OH           1.403E+07

N2                  PRODUCTION RXS              INT RX RATE    TP =  0.00E+00
  23) O1D     + N2      = O       + N2           5.734E+14
  55) CH21    + N2      = CH23    + N2           8.237E+07
  72) N       + N       = N2      +              7.912E+00
  76) N       + NO      = N2      + O            7.293E+07
 194) H       + N2O     = N2      + OH           5.043E-02
 197) O1D     + N2O     = N2      + O2           9.126E+07
 303) N2O     + HV      = N2      + O1D          8.891E+10

N2                     LOSS RXS                INT RX RATE    TL =  0.00E+00
  23) O1D     + N2      = O       + N2           5.734E+14
  55) CH21    + N2      = CH23    + N2           8.237E+07
