
O                   PRODUCTION RXS              INT RX RATE    TP =  2.53E+13
   8) H       + HO2     = H2O     + O            2.211E+08
  21) O1D     + O3      = O       + O       O2   3.755E+07
  22) OH      + OH      = H2O     + O            3.270E+08
  23) O1D     + N2      = O       + N2           2.156E+12
  24) O1D     + O2      = O       + O2           6.151E+11
  25) O2      + HV      = O       + O            3.162E-46
  26) O3      + HV      = O2      + O            1.903E-12
  73) N       + O2      = NO      + O            1.313E+05
  76) N       + NO      = N2      + O            5.750E+06
 105) SO2     + O1D     = SO2     + O            6.825E+01
 107) SO      + O2      = O       + SO2          2.169E+07
 130) S       + O2      = SO      + O            2.296E+06
 147) SO21    + O2      = SO3     + O            4.254E+02
 180) CO      + O1D     = CO      + O            9.778E+07
 182) CO2     + O1D     = CO2     + O            3.312E+09
 195) N       + NO2     = N2O     + O            7.355E+05
 213) CS      + O2      = OCS     + O            1.135E+04
 259) O2      + HV      = O       + O1D          1.406E+12
 260) O2      + HV      = O       + O            1.260E+12
 263) H2O     + HV      = H       + H       O    1.345E+09
 265) O3      + HV      = O2      + O            1.843E+13
 266) O3      + HV      = O       + O       O    3.520E+10
 268) CO2     + HV      = CO      + O            2.325E+07
 272) HO2     + HV      = OH      + O            4.834E+06
 281) HNO3    + HV      = HNO2    + O            2.266E+07
 283) NO      + HV      = N       + O            1.222E+07
 285) NO2     + HV      = NO      + O            2.080E+10
 286) SO      + HV      = S       + O            5.662E+03
 288) SO2     + HV      = SO      + O            2.134E+07
 298) SO3     + HV      = SO2     + O            3.615E+02
 299) HSO     + HV      = HS      + O            2.337E+00
 302) NO3     + HV      = NO2     + O            3.082E+08
 307) N2O5    + HV      = NO3     + NO      O    9.137E+05

O                      LOSS RXS                INT RX RATE    TL =  2.45E+13
   3) H2      + O       = OH      + H            8.913E+05
  10) OH      + O       = H       + O2           2.211E+12
  14) HO2     + O       = OH      + O2           5.713E+11
  17) O       + O       = O2      +              3.048E+10
  18) O       + O2      = O3      +              2.160E+13
  19) O       + O3      = O2      + O2           7.570E+09
  32) O       + HCO     = H       + CO2          8.116E+03
  33) O       + HCO     = OH      + CO           8.116E+03
  35) CO      + O       = CO2     +              1.650E+05
  46) H2CO    + O       = HCO     + OH           2.093E+06
  47) H2O2    + O       = OH      + HO2          3.301E+04
  60) CH3     + O       = H2CO    + H            9.247E+06
  78) NO      + O       = NO2     +              1.329E+07
  81) NO2     + O       = NO      + O2           3.316E+10
  88) O       + HNO     = OH      + NO           1.278E+04
  91) CH4     + O       = CH3     + OH           3.932E+03
  94) CH23    + O       = HCO     + H            3.572E+03
  97) C2H6    + O       = C2H5    + OH           1.383E+02
 100) C2H5    + O       = CH3     + HCO     H    8.389E-04
 109) SO      + O       = SO2     +              2.029E+04
 112) SO2     + O       = SO3     +              2.935E+04
 115) SO3     + O       = SO2     + O2           6.892E+02
 122) H2S     + O       = OH      + HS           3.348E+02
 123) HS      + O       = H       + SO           1.673E+02
 136) S2      + O       = S       + SO           5.415E+02
 169) HSO     + O       = OH      + SO           4.581E+02
 174) O       + OCS     = CO      + SO           1.760E+04
 175) O       + OCS     = S       + CO2          1.740E-02
 189) O       + NO3     = O2      + NO2          7.279E+05
 192) O       + NO2     = NO3     +              7.388E+07
 200) O       + N2O5    = NO2     + NO2     O2   3.410E+03
 208) O       + HO2NO2  = OH      + NO2     O2   2.132E+01
 211) O       + HNO3    = OH      + NO3          2.345E+04
 218) CS2     + O       = SO      + CS           3.386E+05
 219) CS2     + O       = OCS     + S            3.175E+04
 237) CS2     + O       = CO      + S2           1.267E+04
 241) CS      + O       = CO      + S            7.586E-03

O2                  PRODUCTION RXS              INT RX RATE    TP =  2.50E+13
   5) H       + O3      = OH      + O2           1.628E+12
   7) H       + HO2     = H2      + O2           9.533E+08
  10) OH      + O       = H       + O2           2.211E+12
  11) OH      + HO2     = H2O     + O2           6.895E+09
  12) OH      + O3      = HO2     + O2           2.609E+09
  14) HO2     + O       = OH      + O2           5.713E+11
  15) HO2     + O3      = OH      + O2      O2   1.063E+09
  16) HO2     + HO2     = H2O2    + O2           3.386E+07
  17) O       + O       = O2      +              3.048E+10
  19) O       + O3      = O2      + O2           7.570E+09
  20) O1D     + O3      = O2      + O2           3.755E+07
  21) O1D     + O3      = O       + O       O2   3.755E+07
  24) O1D     + O2      = O       + O2           6.151E+11
  26) O3      + HV      = O2      + O            1.903E-12
  27) O3      + O3      = O2      + O2      O2   2.380E+01
  68) CH3O2   + HO2     = CH3OOH  + O2           2.119E+08
  77) NO      + O3      = NO2     + O2           5.184E+10
  81) NO2     + O       = NO      + O2           3.316E+10
 106) SO2     + O1D     = SO      + O2           2.189E+02
 115) SO3     + O       = SO2     + O2           6.892E+02
 125) HS      + HO2     = H2S     + O2           8.275E+03
 133) S       + HO2     = HS      + O2           3.441E-05
 153) SO      + O3      = SO2     + O2           9.959E+05
 155) HS      + O3      = HSO     + O2           1.305E+09
 158) S       + O3      = SO      + O2           9.655E+01
 170) HSO     + O3      = HS      + O2      O2   1.318E+09
 189) O       + NO3     = O2      + NO2          7.279E+05
 190) HO2     + NO3     = OH      + NO2     O2   4.317E+05
 197) O1D     + N2O     = N2      + O2           2.088E+05
 200) O       + N2O5    = NO2     + NO2     O2   3.410E+03
 204) NO2     + NO3     = NO      + NO2     O2   7.810E+03
 205) NO2     + O3      = NO3     + O2           6.346E+08
 206) NO3     + NO3     = NO2     + NO2     O2   2.471E-01
 208) O       + HO2NO2  = OH      + NO2     O2   2.132E+01
 209) OH      + HO2NO2  = H2O     + NO2     O2   4.055E+07
 212) HO2     + NO2     = HNO2    + O2           3.587E+05
 215) CS      + O3      = OCS     + O2           1.651E+05
 248) CH3S    + O3      = CH3SO   + O2           2.502E+08
 250) CH3SO   + O3      = CH3SO2  + O2           2.477E+08
 252) CH3SO2  + O3      = CH3SO3  + O2           5.980E+06
 264) O3      + HV      = O2      + O1D          1.351E+12
 265) O3      + HV      = O2      + O            1.843E+13
 301) NO3     + HV      = NO      + O2           3.849E+07

O2                     LOSS RXS                INT RX RATE    TL =  2.56E+13
   6) H       + O2      = HO2     +              5.893E+11
  18) O       + O2      = O3      +              2.160E+13
  24) O1D     + O2      = O       + O2           6.151E+11
  25) O2      + HV      = O       + O            3.162E-46
  40) HCO     + O2      = HO2     + CO           1.940E+08
  41) CH2OH   + O2      = H2CO    + HO2          5.699E+05
  42) CH3O    + O2      = H2CO    + HO2          2.339E+08
  54) CH21    + O2      = HCO     + OH           3.420E+07
  58) CH23    + O2      = HCO     + OH           5.044E+07
  59) CH3     + O2      = H2CO    + OH           1.494E+00
  66) CH3     + O2      = CH3O2   +              3.673E+08
  73) N       + O2      = NO      + O            1.313E+05
 104) C2H5    + O2      = CH3     + HCO     OH   7.600E+05
 107) SO      + O2      = O       + SO2          2.169E+07
 116) HSO3    + O2      = HO2     + SO3          5.960E+06
 130) S       + O2      = SO      + O            2.296E+06
 147) SO21    + O2      = SO3     + O            4.254E+02
 213) CS      + O2      = OCS     + O            1.135E+04
 214) CS      + O2      = CO      + SO           1.419E+03
 224) CS2X    + O2      = CS      + SO2          5.442E+03
 245) C2H5S   + O2      = C2H5SO2 +              2.664E+08
 256) C2H7SO  + O2      = C2H6SO  + HO2          4.870E+06
 259) O2      + HV      = O       + O1D          1.406E+12
 260) O2      + HV      = O       + O            1.260E+12

H2O                 PRODUCTION RXS              INT RX RATE    TP =  7.68E+09
   4) H2      + OH      = H2O     + H            2.563E+07
   8) H       + HO2     = H2O     + O            2.211E+08
  11) OH      + HO2     = H2O     + O2           6.895E+09
  13) OH      + H2O2    = HO2     + H2O          4.401E+07
  22) OH      + OH      = H2O     + O            3.270E+08
  31) OH      + HCO     = H2O     + CO           1.798E+02
  43) H2CO    + OH      = H2O     + HCO          9.838E+07
  44) H       + OH      = H2O     +              6.624E+05
  48) CH4     + OH      = CH3     + H2O          4.042E+07
  69) CH3OOH  + OH      = CH3O2   + H2O          6.953E+07
  70) CH3OOH  + OH      = H2O     + H2CO    OH   2.980E+07
  84) HNO3    + OH      = H2O     + NO3          3.838E+07
  89) OH      + HNO     = H2O     + NO           1.819E+02
  90) HNO2    + OH      = H2O     + NO2          9.434E+06
  96) C2H6    + OH      = C2H5    + H2O          7.594E+05
 114) H2SO4   + H2O     = SO3     + H2O     H2O  5.698E+04
 120) H2S     + OH      = H2O     + HS           2.371E+05
 165) HSO     + OH      = H2O     + SO           1.582E+03
 209) OH      + HO2NO2  = H2O     + NO2     O2   4.055E+07
 242) C2H6S   + OH      = C2H5S   + H2O          1.432E+07
 258) CH4SO2  + OH      = CH3SO2  + H2O          1.031E+06
 291) H2SO4   + HV      = SO3     + H2O          6.690E+03

H2O                    LOSS RXS                INT RX RATE    TL =  9.04E+09
   1) H2O     + O1D     = OH      + OH           5.726E+07
 113) SO3     + H2O     = H2SO4   +              1.205E+07
 114) H2SO4   + H2O     = SO3     + H2O     H2O  5.698E+04
 203) N2O5    + H2O     = HNO3    + HNO3         3.375E+06
 261) H2O     + HV      = H       + OH           6.755E+09
 262) H2O     + HV      = H2      + O1D          8.970E+08
 263) H2O     + HV      = H       + H       O    1.345E+09

H                   PRODUCTION RXS              INT RX RATE    TP =  2.23E+12
   2) H2      + O1D     = OH      + H            2.373E+07
   3) H2      + O       = OH      + H            8.913E+05
   4) H2      + OH      = H2O     + H            2.563E+07
  10) OH      + O       = H       + O2           2.211E+12
  32) O       + HCO     = H       + CO2          8.116E+03
  34) CO      + OH      = CO2     + H            7.317E+09
  50) CH4     + O1D     = CH3O    + H            5.699E+05
  51) CH4     + O1D     = CH2OH   + H            5.699E+05
  60) CH3     + O       = H2CO    + H            9.247E+06
  75) N       + OH      = NO      + H            5.213E+06
  86) HNO     + HV      = NO      + H            2.038E+05
  92) CH21    + H2      = CH3     + H            1.733E+03
  94) CH23    + O       = HCO     + H            3.572E+03
 100) C2H5    + O       = CH3     + HCO     H    8.389E-04
 110) SO      + OH      = SO2     + H            2.806E+05
 123) HS      + O       = H       + SO           1.673E+02
 129) HS      + S       = H       + S2           1.132E-08
 131) S       + OH      = SO      + H            1.329E-03
 173) HS      + CO      = OCS     + H            1.366E-06
 226) CS      + HS      = CS2     + H            7.313E-06
 229) S       + HCS     = H       + CS2          1.086E-18
 230) HS      + CO      = OCS     + H            1.382E-06
 234) CH23    + S       = HCS     + H            1.073E-12
 261) H2O     + HV      = H       + OH           6.755E+09
 263) H2O     + HV      = H       + H       O    1.345E+09
 271) H2CO    + HV      = HCO     + H            8.145E+06
 274) CH4     + HV      = CH3     + H            7.790E+07
 275) CH4     + HV      = CH23    + H       H    1.317E+07
 276) CH3     + HV      = CH21    + H            3.231E+01
 287) H2S     + HV      = HS      + H            3.202E+03

H                      LOSS RXS                INT RX RATE    TL =  2.23E+12
   5) H       + O3      = OH      + O2           1.628E+12
   6) H       + O2      = HO2     +              5.893E+11
   7) H       + HO2     = H2      + O2           9.533E+08
   8) H       + HO2     = H2O     + O            2.211E+08
   9) H       + HO2     = OH      + OH           9.948E+09
  28) H       + CO      = HCO     +              1.772E+04
  29) H       + HCO     = H2      + CO           6.017E+02
  36) CO2     + H       = CO      + OH           4.124E-06
  38) H2CO    + H       = H2      + HCO          1.978E+04
  39) H       + H       = H2      +              2.596E+05
  44) H       + OH      = H2O     +              6.624E+05
  62) CH3     + H       = CH4     +              4.086E+02
  71) H       + NO      = HNO     +              1.333E+04
  83) NO2     + H       = NO      + OH           2.394E+07
  87) H       + HNO     = H2      + NO           1.562E+01
  99) C2H5    + H       = CH3     + CH3          7.208E-06
 121) H2S     + H       = H2      + HS           4.762E-02
 128) HS      + H       = H2      + S            4.015E-04
 163) H       + SO      = HSO     +              1.133E+01
 166) HSO     + H       = HS      + OH           1.824E-01
 167) HSO     + H       = H2      + SO           9.122E-02
 172) H       + OCS     = CO      + HS           2.768E-02
 194) H       + N2O     = N2      + OH           1.957E-08
 227) H       + CS      = HCS     +              1.039E-12
 228) H       + HCS     = H2      + CS           1.114E-12
 239) OCS     + H       = CO      + HS           2.759E-02

OH                  PRODUCTION RXS              INT RX RATE    TP =  2.23E+12
   1) H2O     + O1D     = OH      + OH           5.726E+07
   2) H2      + O1D     = OH      + H            2.373E+07
   3) H2      + O       = OH      + H            8.913E+05
   5) H       + O3      = OH      + O2           1.628E+12
   9) H       + HO2     = OH      + OH           9.948E+09
  14) HO2     + O       = OH      + O2           5.713E+11
  15) HO2     + O3      = OH      + O2      O2   1.063E+09
  33) O       + HCO     = OH      + CO           8.116E+03
  36) CO2     + H       = CO      + OH           4.124E-06
  46) H2CO    + O       = HCO     + OH           2.093E+06
  47) H2O2    + O       = OH      + HO2          3.301E+04
  49) CH4     + O1D     = CH3     + OH           4.233E+06
  54) CH21    + O2      = HCO     + OH           3.420E+07
  58) CH23    + O2      = HCO     + OH           5.044E+07
  59) CH3     + O2      = H2CO    + OH           1.494E+00
  70) CH3OOH  + OH      = H2O     + H2CO    OH   2.980E+07
  79) NO      + HO2     = NO2     + OH           1.681E+09
  83) NO2     + H       = NO      + OH           2.394E+07
  88) O       + HNO     = OH      + NO           1.278E+04
  91) CH4     + O       = CH3     + OH           3.932E+03
  97) C2H6    + O       = C2H5    + OH           1.383E+02
  98) C2H6    + O1D     = C2H5    + OH           4.678E+02
 104) C2H5    + O2      = CH3     + HCO     OH   7.600E+05
 108) SO      + HO2     = SO2     + OH           1.061E+04
 122) H2S     + O       = OH      + HS           3.348E+02
 134) S       + HO2     = SO      + OH           3.441E-05
 154) SO2     + HO2     = SO3     + OH           4.096E+02
 156) HS      + HO2     = HSO     + OH           8.275E+03
 166) HSO     + H       = HS      + OH           1.824E-01
 169) HSO     + O       = OH      + SO           4.581E+02
 190) HO2     + NO3     = OH      + NO2     O2   4.317E+05
 194) H       + N2O     = N2      + OH           1.957E-08
 199) N       + HO2     = NO      + OH           4.160E+05
 208) O       + HO2NO2  = OH      + NO2     O2   2.132E+01
 211) O       + HNO3    = OH      + NO3          2.345E+04
 222) CS2OH   + HV      = CS2     + OH           5.186E+04
 261) H2O     + HV      = H       + OH           6.755E+09
 267) H2O2    + HV      = OH      + OH           1.455E+07
 272) HO2     + HV      = OH      + O            4.834E+06
 279) HNO2    + HV      = NO      + OH           3.797E+07
 280) HNO3    + HV      = NO2     + OH           1.953E+08
 305) HO2NO2  + HV      = OH      + NO3          4.617E+06
 308) CH3OOH  + HV      = CH3O    + OH           1.724E+07

OH                     LOSS RXS                INT RX RATE    TL =  2.23E+12
   4) H2      + OH      = H2O     + H            2.563E+07
  10) OH      + O       = H       + O2           2.211E+12
  11) OH      + HO2     = H2O     + O2           6.895E+09
  12) OH      + O3      = HO2     + O2           2.609E+09
  13) OH      + H2O2    = HO2     + H2O          4.401E+07
  22) OH      + OH      = H2O     + O            3.270E+08
  31) OH      + HCO     = H2O     + CO           1.798E+02
  34) CO      + OH      = CO2     + H            7.317E+09
  43) H2CO    + OH      = H2O     + HCO          9.838E+07
  44) H       + OH      = H2O     +              6.624E+05
  45) OH      + OH      = H2O2    +              2.917E+05
  48) CH4     + OH      = CH3     + H2O          4.042E+07
  69) CH3OOH  + OH      = CH3O2   + H2O          6.953E+07
  70) CH3OOH  + OH      = H2O     + H2CO    OH   2.980E+07
  75) N       + OH      = NO      + H            5.213E+06
  80) NO      + OH      = HNO2    +              8.118E+06
  82) NO2     + OH      = HNO3    +              1.076E+08
  84) HNO3    + OH      = H2O     + NO3          3.838E+07
  89) OH      + HNO     = H2O     + NO           1.819E+02
  90) HNO2    + OH      = H2O     + NO2          9.434E+06
  96) C2H6    + OH      = C2H5    + H2O          7.594E+05
 101) C2H5    + OH      = CH3     + HCO     H2   5.866E-06
 110) SO      + OH      = SO2     + H            2.806E+05
 111) SO2     + OH      = HSO3    +              5.960E+06
 120) H2S     + OH      = H2O     + HS           2.371E+05
 131) S       + OH      = SO      + H            1.329E-03
 165) HSO     + OH      = H2O     + SO           1.582E+03
 177) OCS     + OH      = CO2     + HS           9.655E+03
 193) OH      + NO3     = HO2     + NO2          1.637E+05
 209) OH      + HO2NO2  = H2O     + NO2     O2   4.055E+07
 220) CS2     + OH      = OCS     + HS           1.297E+02
 221) CS2     + OH      = CS2OH   +              5.186E+04
 242) C2H6S   + OH      = C2H5S   + H2O          1.432E+07
 243) C2H6S   + OH      = C2H7SO  +              4.870E+06
 257) C2H6SO  + OH      = CH4SO2  + CH3          1.059E+06
 258) CH4SO2  + OH      = CH3SO2  + H2O          1.031E+06

HO2                 PRODUCTION RXS              INT RX RATE    TP =  5.93E+11
   6) H       + O2      = HO2     +              5.893E+11
  12) OH      + O3      = HO2     + O2           2.609E+09
  13) OH      + H2O2    = HO2     + H2O          4.401E+07
  40) HCO     + O2      = HO2     + CO           1.940E+08
  41) CH2OH   + O2      = H2CO    + HO2          5.699E+05
  42) CH3O    + O2      = H2CO    + HO2          2.339E+08
  47) H2O2    + O       = OH      + HO2          3.301E+04
 116) HSO3    + O2      = HO2     + SO3          5.960E+06
 193) OH      + NO3     = HO2     + NO2          1.637E+05
 210) HO2NO2  + M       = HO2     + NO2          3.397E+08
 256) C2H7SO  + O2      = C2H6SO  + HO2          4.870E+06
 304) HO2NO2  + HV      = HO2     + NO2          1.601E+07

HO2                    LOSS RXS                INT RX RATE    TL =  5.93E+11
   7) H       + HO2     = H2      + O2           9.533E+08
   8) H       + HO2     = H2O     + O            2.211E+08
   9) H       + HO2     = OH      + OH           9.948E+09
  11) OH      + HO2     = H2O     + O2           6.895E+09
  14) HO2     + O       = OH      + O2           5.713E+11
  15) HO2     + O3      = OH      + O2      O2   1.063E+09
  16) HO2     + HO2     = H2O2    + O2           3.386E+07
  68) CH3O2   + HO2     = CH3OOH  + O2           2.119E+08
  79) NO      + HO2     = NO2     + OH           1.681E+09
 108) SO      + HO2     = SO2     + OH           1.061E+04
 125) HS      + HO2     = H2S     + O2           8.275E+03
 133) S       + HO2     = HS      + O2           3.441E-05
 134) S       + HO2     = SO      + OH           3.441E-05
 154) SO2     + HO2     = SO3     + OH           4.096E+02
 156) HS      + HO2     = HSO     + OH           8.275E+03
 190) HO2     + NO3     = OH      + NO2     O2   4.317E+05
 199) N       + HO2     = NO      + OH           4.160E+05
 207) HO2     + NO2     = HO2NO2  +              3.628E+08
 212) HO2     + NO2     = HNO2    + O2           3.587E+05
 272) HO2     + HV      = OH      + O            4.834E+06

H2O2                PRODUCTION RXS              INT RX RATE    TP =  3.41E+07
  16) HO2     + HO2     = H2O2    + O2           3.386E+07
  45) OH      + OH      = H2O2    +              2.917E+05

H2O2                   LOSS RXS                INT RX RATE    TL =  4.26E+09
  13) OH      + H2O2    = HO2     + H2O          4.401E+07
  47) H2O2    + O       = OH      + HO2          3.301E+04
 267) H2O2    + HV      = OH      + OH           1.455E+07

H2                  PRODUCTION RXS              INT RX RATE    TP =  1.94E+09
   7) H       + HO2     = H2      + O2           9.533E+08
  29) H       + HCO     = H2      + CO           6.017E+02
  38) H2CO    + H       = H2      + HCO          1.978E+04
  39) H       + H       = H2      +              2.596E+05
  52) CH4     + O1D     = H2CO    + H2           2.849E+05
  87) H       + HNO     = H2      + NO           1.562E+01
 101) C2H5    + OH      = CH3     + HCO     H2   5.866E-06
 121) H2S     + H       = H2      + HS           4.762E-02
 128) HS      + H       = H2      + S            4.015E-04
 167) HSO     + H       = H2      + SO           9.122E-02
 228) H       + HCS     = H2      + CS           1.114E-12
 262) H2O     + HV      = H2      + O1D          8.970E+08
 270) H2CO    + HV      = H2      + CO           1.895E+07
 273) CH4     + HV      = CH21    + H2           7.147E+07
 277) C2H6    + HV      = CH23    + CH23    H2   1.392E+00

H2                     LOSS RXS                INT RX RATE    TL =  5.09E+07
   2) H2      + O1D     = OH      + H            2.373E+07
   3) H2      + O       = OH      + H            8.913E+05
   4) H2      + OH      = H2O     + H            2.563E+07
  92) CH21    + H2      = CH3     + H            1.733E+03

CO                  PRODUCTION RXS              INT RX RATE    TP =  1.63E+10
  29) H       + HCO     = H2      + CO           6.017E+02
  30) HCO     + HCO     = H2CO    + CO           8.382E-07
  31) OH      + HCO     = H2O     + CO           1.798E+02
  33) O       + HCO     = OH      + CO           8.116E+03
  36) CO2     + H       = CO      + OH           4.124E-06
  40) HCO     + O2      = HO2     + CO           1.940E+08
  63) CH3     + HCO     = CH4     + CO           6.622E-04
  85) HCO     + NO      = HNO     + CO           2.478E+01
  93) CH21    + CO2     = H2CO    + CO           2.079E+03
  95) CH23    + CO2     = H2CO    + CO           1.460E+03
 102) C2H5    + HCO     = C2H6    + CO           1.274E-13
 127) HS      + HCO     = H2S     + CO           3.290E-07
 132) S       + HCO     = HS      + CO           5.211E-13
 162) SO      + HCO     = HSO     + CO           5.664E-05
 172) H       + OCS     = CO      + HS           2.768E-02
 174) O       + OCS     = CO      + SO           1.760E+04
 176) OCS     + S       = CO      + S2           5.446E-04
 180) CO      + O1D     = CO      + O            9.778E+07
 214) CS      + O2      = CO      + SO           1.419E+03
 217) CS      + O3      = CO      + SO2          1.651E+05
 237) CS2     + O       = CO      + S2           1.267E+04
 239) OCS     + H       = CO      + HS           2.759E-02
 241) CS      + O       = CO      + S            7.586E-03
 268) CO2     + HV      = CO      + O            2.325E+07
 269) CO2     + HV      = CO      + O1D          1.598E+10
 270) H2CO    + HV      = H2      + CO           1.895E+07
 300) OCS     + HV      = CO      + S            2.093E+06

CO                     LOSS RXS                INT RX RATE    TL =  7.42E+09
  28) H       + CO      = HCO     +              1.772E+04
  34) CO      + OH      = CO2     + H            7.317E+09
  35) CO      + O       = CO2     +              1.650E+05
 173) HS      + CO      = OCS     + H            1.366E-06
 179) S       + CO      = OCS     +              3.213E-04
 180) CO      + O1D     = CO      + O            9.778E+07
 188) OCS2    + CO      = OCS     + OCS          4.969E-03
 230) HS      + CO      = OCS     + H            1.382E-06

HCO                 PRODUCTION RXS              INT RX RATE    TP =  1.94E+08
  28) H       + CO      = HCO     +              1.772E+04
  38) H2CO    + H       = H2      + HCO          1.978E+04
  43) H2CO    + OH      = H2O     + HCO          9.838E+07
  46) H2CO    + O       = HCO     + OH           2.093E+06
  54) CH21    + O2      = HCO     + OH           3.420E+07
  58) CH23    + O2      = HCO     + OH           5.044E+07
  65) CH3     + H2CO    = CH4     + HCO          1.512E-07
  94) CH23    + O       = HCO     + H            3.572E+03
 100) C2H5    + O       = CH3     + HCO     H    8.389E-04
 101) C2H5    + OH      = CH3     + HCO     H2   5.866E-06
 104) C2H5    + O2      = CH3     + HCO     OH   7.600E+05
 271) H2CO    + HV      = HCO     + H            8.145E+06

HCO                    LOSS RXS                INT RX RATE    TL =  1.94E+08
  29) H       + HCO     = H2      + CO           6.017E+02
  30) HCO     + HCO     = H2CO    + CO           8.382E-07
  31) OH      + HCO     = H2O     + CO           1.798E+02
  32) O       + HCO     = H       + CO2          8.116E+03
  33) O       + HCO     = OH      + CO           8.116E+03
  40) HCO     + O2      = HO2     + CO           1.940E+08
  63) CH3     + HCO     = CH4     + CO           6.622E-04
  85) HCO     + NO      = HNO     + CO           2.478E+01
 102) C2H5    + HCO     = C2H6    + CO           1.274E-13
 127) HS      + HCO     = H2S     + CO           3.290E-07
 132) S       + HCO     = HS      + CO           5.211E-13
 162) SO      + HCO     = HSO     + CO           5.664E-05

H2CO                PRODUCTION RXS              INT RX RATE    TP =  5.25E+08
  30) HCO     + HCO     = H2CO    + CO           8.382E-07
  41) CH2OH   + O2      = H2CO    + HO2          5.699E+05
  42) CH3O    + O2      = H2CO    + HO2          2.339E+08
  52) CH4     + O1D     = H2CO    + H2           2.849E+05
  59) CH3     + O2      = H2CO    + OH           1.494E+00
  60) CH3     + O       = H2CO    + H            9.247E+06
  70) CH3OOH  + OH      = H2O     + H2CO    OH   2.980E+07
  93) CH21    + CO2     = H2CO    + CO           2.079E+03
  95) CH23    + CO2     = H2CO    + CO           1.460E+03
 247) C2H5SO  + HV      = H2CO    + CH3S         2.511E+08

H2CO                   LOSS RXS                INT RX RATE    TL =  8.63E+08
  38) H2CO    + H       = H2      + HCO          1.978E+04
  43) H2CO    + OH      = H2O     + HCO          9.838E+07
  46) H2CO    + O       = HCO     + OH           2.093E+06
  65) CH3     + H2CO    = CH4     + HCO          1.512E-07
 270) H2CO    + HV      = H2      + CO           1.895E+07
 271) H2CO    + HV      = HCO     + H            8.145E+06

CH3O                PRODUCTION RXS              INT RX RATE    TP =  2.34E+08
  50) CH4     + O1D     = CH3O    + H            5.699E+05
  67) CH3O2   + NO      = CH3O    + NO2          2.161E+08
 308) CH3OOH  + HV      = CH3O    + OH           1.724E+07

CH3O                   LOSS RXS                INT RX RATE    TL =  2.34E+08
  42) CH3O    + O2      = H2CO    + HO2          2.339E+08

CH2OH               PRODUCTION RXS              INT RX RATE    TP =  5.70E+05
  51) CH4     + O1D     = CH2OH   + H            5.699E+05

CH2OH                  LOSS RXS                INT RX RATE    TL =  5.70E+05
  41) CH2OH   + O2      = H2CO    + HO2          5.699E+05

CH3O2               PRODUCTION RXS              INT RX RATE    TP =  4.37E+08
  66) CH3     + O2      = CH3O2   +              3.673E+08
  69) CH3OOH  + OH      = CH3O2   + H2O          6.953E+07

CH3O2                  LOSS RXS                INT RX RATE    TL =  4.28E+08
  67) CH3O2   + NO      = CH3O    + NO2          2.161E+08
  68) CH3O2   + HO2     = CH3OOH  + O2           2.119E+08

CH3OOH              PRODUCTION RXS              INT RX RATE    TP =  2.12E+08
  68) CH3O2   + HO2     = CH3OOH  + O2           2.119E+08

CH3OOH                 LOSS RXS                INT RX RATE    TL =  1.04E+09
  69) CH3OOH  + OH      = CH3O2   + H2O          6.953E+07
  70) CH3OOH  + OH      = H2O     + H2CO    OH   2.980E+07
 308) CH3OOH  + HV      = CH3O    + OH           1.724E+07

CH4                 PRODUCTION RXS              INT RX RATE    TP =  4.09E+02
  62) CH3     + H       = CH4     +              4.086E+02
  63) CH3     + HCO     = CH4     + CO           6.622E-04
  64) CH3     + HNO     = CH4     + NO           3.270E-07
  65) CH3     + H2CO    = CH4     + HCO          1.512E-07
 233) CH3     + HCS     = CH4     + CS           3.060E-15
 278) C2H6    + HV      = CH4     + CH21         3.479E-01

CH4                    LOSS RXS                INT RX RATE    TL =  2.12E+08
  48) CH4     + OH      = CH3     + H2O          4.042E+07
  49) CH4     + O1D     = CH3     + OH           4.233E+06
  50) CH4     + O1D     = CH3O    + H            5.699E+05
  51) CH4     + O1D     = CH2OH   + H            5.699E+05
  52) CH4     + O1D     = H2CO    + H2           2.849E+05
  53) CH21    + CH4     = CH3     + CH3          3.686E-12
  91) CH4     + O       = CH3     + OH           3.932E+03
 273) CH4     + HV      = CH21    + H2           7.147E+07
 274) CH4     + HV      = CH3     + H            7.790E+07
 275) CH4     + HV      = CH23    + H       H    1.317E+07

CH3                 PRODUCTION RXS              INT RX RATE    TP =  3.77E+08
  48) CH4     + OH      = CH3     + H2O          4.042E+07
  49) CH4     + O1D     = CH3     + OH           4.233E+06
  53) CH21    + CH4     = CH3     + CH3          3.686E-12
  91) CH4     + O       = CH3     + OH           3.932E+03
  92) CH21    + H2      = CH3     + H            1.733E+03
  99) C2H5    + H       = CH3     + CH3          7.208E-06
 100) C2H5    + O       = CH3     + HCO     H    8.389E-04
 101) C2H5    + OH      = CH3     + HCO     H2   5.866E-06
 104) C2H5    + O2      = CH3     + HCO     OH   7.600E+05
 254) CH3SO2  + HV      = CH3     + SO2          2.461E+08
 255) CH3SO3  + HV      = CH3     + SO3          5.995E+06
 257) C2H6SO  + OH      = CH4SO2  + CH3          1.059E+06
 274) CH4     + HV      = CH3     + H            7.790E+07

CH3                    LOSS RXS                INT RX RATE    TL =  3.77E+08
  59) CH3     + O2      = H2CO    + OH           1.494E+00
  60) CH3     + O       = H2CO    + H            9.247E+06
  61) CH3     + CH3     = C2H6    +              1.600E-01
  62) CH3     + H       = CH4     +              4.086E+02
  63) CH3     + HCO     = CH4     + CO           6.622E-04
  64) CH3     + HNO     = CH4     + NO           3.270E-07
  65) CH3     + H2CO    = CH4     + HCO          1.512E-07
  66) CH3     + O2      = CH3O2   +              3.673E+08
 233) CH3     + HCS     = CH4     + CS           3.060E-15
 276) CH3     + HV      = CH21    + H            3.231E+01

C2H6                PRODUCTION RXS              INT RX RATE    TP =  1.60E-01
  61) CH3     + CH3     = C2H6    +              1.600E-01
 102) C2H5    + HCO     = C2H6    + CO           1.274E-13
 103) C2H5    + HNO     = C2H6    + NO           7.566E-13

C2H6                   LOSS RXS                INT RX RATE    TL =  7.62E+05
  96) C2H6    + OH      = C2H5    + H2O          7.594E+05
  97) C2H6    + O       = C2H5    + OH           1.383E+02
  98) C2H6    + O1D     = C2H5    + OH           4.678E+02
 277) C2H6    + HV      = CH23    + CH23    H2   1.392E+00
 278) C2H6    + HV      = CH4     + CH21         3.479E-01

NO                  PRODUCTION RXS              INT RX RATE    TP =  5.41E+10
  64) CH3     + HNO     = CH4     + NO           3.270E-07
  73) N       + O2      = NO      + O            1.313E+05
  75) N       + OH      = NO      + H            5.213E+06
  81) NO2     + O       = NO      + O2           3.316E+10
  83) NO2     + H       = NO      + OH           2.394E+07
  86) HNO     + HV      = NO      + H            2.038E+05
  87) H       + HNO     = H2      + NO           1.562E+01
  88) O       + HNO     = OH      + NO           1.278E+04
  89) OH      + HNO     = H2O     + NO           1.819E+02
 103) C2H5    + HNO     = C2H6    + NO           7.566E-13
 152) SO      + NO2     = SO2     + NO           1.364E+06
 157) HS      + NO2     = HSO     + NO           1.374E+07
 198) O1D     + N2O     = NO      + NO           3.267E+05
 199) N       + HO2     = NO      + OH           4.160E+05
 204) NO2     + NO3     = NO      + NO2     O2   7.810E+03
 249) CH3S    + NO2     = CH3SO   + NO           8.744E+05
 251) CH3SO   + NO2     = CH3SO2  + NO           3.395E+06
 253) CH3SO2  + NO2     = CH3SO3  + NO           1.456E+04
 279) HNO2    + HV      = NO      + OH           3.797E+07
 284) NO2     + HV      = NO      + O1D          3.180E+07
 285) NO2     + HV      = NO      + O            2.080E+10
 301) NO3     + HV      = NO      + O2           3.849E+07
 307) N2O5    + HV      = NO3     + NO      O    9.137E+05

NO                     LOSS RXS                INT RX RATE    TL =  5.41E+10
  67) CH3O2   + NO      = CH3O    + NO2          2.161E+08
  71) H       + NO      = HNO     +              1.333E+04
  76) N       + NO      = N2      + O            5.750E+06
  77) NO      + O3      = NO2     + O2           5.184E+10
  78) NO      + O       = NO2     +              1.329E+07
  79) NO      + HO2     = NO2     + OH           1.681E+09
  80) NO      + OH      = HNO2    +              8.118E+06
  85) HCO     + NO      = HNO     + CO           2.478E+01
 164) HSO     + NO      = HNO     + SO           2.035E+05
 191) NO      + NO3     = NO2     + NO2          1.176E+08
 246) C2H5SO2 + NO      = C2H5SO  + NO2          2.511E+08
 283) NO      + HV      = N       + O            1.222E+07

NO2                 PRODUCTION RXS              INT RX RATE    TP =  5.52E+10
  67) CH3O2   + NO      = CH3O    + NO2          2.161E+08
  77) NO      + O3      = NO2     + O2           5.184E+10
  78) NO      + O       = NO2     +              1.329E+07
  79) NO      + HO2     = NO2     + OH           1.681E+09
  90) HNO2    + OH      = H2O     + NO2          9.434E+06
 189) O       + NO3     = O2      + NO2          7.279E+05
 190) HO2     + NO3     = OH      + NO2     O2   4.317E+05
 191) NO      + NO3     = NO2     + NO2          1.176E+08
 193) OH      + NO3     = HO2     + NO2          1.637E+05
 200) O       + N2O5    = NO2     + NO2     O2   3.410E+03
 202) N2O5    + M       = NO3     + NO2          2.524E+07
 204) NO2     + NO3     = NO      + NO2     O2   7.810E+03
 206) NO3     + NO3     = NO2     + NO2     O2   2.471E-01
 208) O       + HO2NO2  = OH      + NO2     O2   2.132E+01
 209) OH      + HO2NO2  = H2O     + NO2     O2   4.055E+07
 210) HO2NO2  + M       = HO2     + NO2          3.397E+08
 246) C2H5SO2 + NO      = C2H5SO  + NO2          2.511E+08
 280) HNO3    + HV      = NO2     + OH           1.953E+08
 302) NO3     + HV      = NO2     + O            3.082E+08
 304) HO2NO2  + HV      = HO2     + NO2          1.601E+07
 306) N2O5    + HV      = NO3     + NO2          1.240E+07

NO2                    LOSS RXS                INT RX RATE    TL =  5.53E+10
  81) NO2     + O       = NO      + O2           3.316E+10
  82) NO2     + OH      = HNO3    +              1.076E+08
  83) NO2     + H       = NO      + OH           2.394E+07
 152) SO      + NO2     = SO2     + NO           1.364E+06
 157) HS      + NO2     = HSO     + NO           1.374E+07
 192) O       + NO2     = NO3     +              7.388E+07
 195) N       + NO2     = N2O     + O            7.355E+05
 201) NO2     + NO3     = N2O5    +              7.245E+07
 204) NO2     + NO3     = NO      + NO2     O2   7.810E+03
 205) NO2     + O3      = NO3     + O2           6.346E+08
 207) HO2     + NO2     = HO2NO2  +              3.628E+08
 212) HO2     + NO2     = HNO2    + O2           3.587E+05
 249) CH3S    + NO2     = CH3SO   + NO           8.744E+05
 251) CH3SO   + NO2     = CH3SO2  + NO           3.395E+06
 253) CH3SO2  + NO2     = CH3SO3  + NO           1.456E+04
 284) NO2     + HV      = NO      + O1D          3.180E+07
 285) NO2     + HV      = NO      + O            2.080E+10

HNO                 PRODUCTION RXS              INT RX RATE    TP =  2.17E+05
  71) H       + NO      = HNO     +              1.333E+04
  85) HCO     + NO      = HNO     + CO           2.478E+01
 164) HSO     + NO      = HNO     + SO           2.035E+05

HNO                    LOSS RXS                INT RX RATE    TL =  2.17E+05
  64) CH3     + HNO     = CH4     + NO           3.270E-07
  86) HNO     + HV      = NO      + H            2.038E+05
  87) H       + HNO     = H2      + NO           1.562E+01
  88) O       + HNO     = OH      + NO           1.278E+04
  89) OH      + HNO     = H2O     + NO           1.819E+02
 103) C2H5    + HNO     = C2H6    + NO           7.566E-13

H2S                 PRODUCTION RXS              INT RX RATE    TP =  8.33E+03
 125) HS      + HO2     = H2S     + O2           8.275E+03
 126) HS      + HS      = H2S     + S            1.651E+01
 127) HS      + HCO     = H2S     + CO           3.290E-07
 168) HSO     + HS      = H2S     + SO           3.321E+01
 235) HS      + HCS     = H2S     + CS           1.250E-10

H2S                    LOSS RXS                INT RX RATE    TL =  2.41E+05
 120) H2S     + OH      = H2O     + HS           2.371E+05
 121) H2S     + H       = H2      + HS           4.762E-02
 122) H2S     + O       = OH      + HS           3.348E+02
 287) H2S     + HV      = HS      + H            3.202E+03

HS                  PRODUCTION RXS              INT RX RATE    TP =  1.32E+09
 120) H2S     + OH      = H2O     + HS           2.371E+05
 121) H2S     + H       = H2      + HS           4.762E-02
 122) H2S     + O       = OH      + HS           3.348E+02
 132) S       + HCO     = HS      + CO           5.211E-13
 133) S       + HO2     = HS      + O2           3.441E-05
 166) HSO     + H       = HS      + OH           1.824E-01
 170) HSO     + O3      = HS      + O2      O2   1.318E+09
 171) HSO     + S       = HS      + SO           3.963E-07
 172) H       + OCS     = CO      + HS           2.768E-02
 177) OCS     + OH      = CO2     + HS           9.655E+03
 220) CS2     + OH      = OCS     + HS           1.297E+02
 231) CH21    + S2      = HCS     + HS           6.605E-23
 232) CH23    + S2      = HCS     + HS           1.497E-22
 236) S       + HCS     = HS      + CS           5.430E-19
 239) OCS     + H       = CO      + HS           2.759E-02
 287) H2S     + HV      = HS      + H            3.202E+03
 299) HSO     + HV      = HS      + O            2.337E+00

HS                     LOSS RXS                INT RX RATE    TL =  1.32E+09
 123) HS      + O       = H       + SO           1.673E+02
 125) HS      + HO2     = H2S     + O2           8.275E+03
 126) HS      + HS      = H2S     + S            1.651E+01
 127) HS      + HCO     = H2S     + CO           3.290E-07
 128) HS      + H       = H2      + S            4.015E-04
 129) HS      + S       = H       + S2           1.132E-08
 155) HS      + O3      = HSO     + O2           1.305E+09
 156) HS      + HO2     = HSO     + OH           8.275E+03
 157) HS      + NO2     = HSO     + NO           1.374E+07
 168) HSO     + HS      = H2S     + SO           3.321E+01
 173) HS      + CO      = OCS     + H            1.366E-06
 226) CS      + HS      = CS2     + H            7.313E-06
 230) HS      + CO      = OCS     + H            1.382E-06
 235) HS      + HCS     = H2S     + CS           1.250E-10

S                   PRODUCTION RXS              INT RX RATE    TP =  2.30E+06
 126) HS      + HS      = H2S     + S            1.651E+01
 128) HS      + H       = H2      + S            4.015E-04
 136) S2      + O       = S       + SO           5.415E+02
 159) SO      + SO      = SO2     + S            5.142E-03
 175) O       + OCS     = S       + CO2          1.740E-02
 219) CS2     + O       = OCS     + S            3.175E+04
 241) CS      + O       = CO      + S            7.586E-03
 286) SO      + HV      = S       + O            5.662E+03
 292) S2      + HV      = S       + S            3.412E+02
 294) S3      + HV      = S2      + S            1.075E-07
 300) OCS     + HV      = CO      + S            2.093E+06
 309) CS2     + HV      = CS      + S            1.639E+05

S                      LOSS RXS                INT RX RATE    TL =  2.30E+06
 129) HS      + S       = H       + S2           1.132E-08
 130) S       + O2      = SO      + O            2.296E+06
 131) S       + OH      = SO      + H            1.329E-03
 132) S       + HCO     = HS      + CO           5.211E-13
 133) S       + HO2     = HS      + O2           3.441E-05
 134) S       + HO2     = SO      + OH           3.441E-05
 135) S       + S       = S2      +              1.278E-18
 139) S       + S2      = S3      +              1.076E-07
 141) S       + S3      = S4      +              2.938E-21
 158) S       + O3      = SO      + O2           9.655E+01
 171) HSO     + S       = HS      + SO           3.963E-07
 176) OCS     + S       = CO      + S2           5.446E-04
 179) S       + CO      = OCS     +              3.213E-04
 184) OCS     + S       = OCS2    +              4.969E-03
 185) OCS2    + S       = OCS     + S2           1.838E-19
 229) S       + HCS     = H       + CS2          1.086E-18
 234) CH23    + S       = HCS     + H            1.073E-12
 236) S       + HCS     = HS      + CS           5.430E-19
 240) CS2     + S       = CS      + S2           9.294E-08

SO                  PRODUCTION RXS              INT RX RATE    TP =  2.44E+07
 106) SO2     + O1D     = SO      + O2           2.189E+02
 123) HS      + O       = H       + SO           1.673E+02
 130) S       + O2      = SO      + O            2.296E+06
 131) S       + OH      = SO      + H            1.329E-03
 134) S       + HO2     = SO      + OH           3.441E-05
 136) S2      + O       = S       + SO           5.415E+02
 148) SO21    + SO2     = SO3     + SO           3.961E-02
 151) SO23    + SO2     = SO3     + SO           5.381E-03
 158) S       + O3      = SO      + O2           9.655E+01
 164) HSO     + NO      = HNO     + SO           2.035E+05
 165) HSO     + OH      = H2O     + SO           1.582E+03
 167) HSO     + H       = H2      + SO           9.122E-02
 168) HSO     + HS      = H2S     + SO           3.321E+01
 169) HSO     + O       = OH      + SO           4.581E+02
 171) HSO     + S       = HS      + SO           3.963E-07
 174) O       + OCS     = CO      + SO           1.760E+04
 214) CS      + O2      = CO      + SO           1.419E+03
 216) CS      + O3      = SO      + CO2          1.651E+05
 218) CS2     + O       = SO      + CS           3.386E+05
 288) SO2     + HV      = SO      + O            2.134E+07

SO                     LOSS RXS                INT RX RATE    TL =  2.44E+07
 107) SO      + O2      = O       + SO2          2.169E+07
 108) SO      + HO2     = SO2     + OH           1.061E+04
 109) SO      + O       = SO2     +              2.029E+04
 110) SO      + OH      = SO2     + H            2.806E+05
 152) SO      + NO2     = SO2     + NO           1.364E+06
 153) SO      + O3      = SO2     + O2           9.959E+05
 159) SO      + SO      = SO2     + S            5.142E-03
 160) SO3     + SO      = SO2     + SO2          2.474E-03
 162) SO      + HCO     = HSO     + CO           5.664E-05
 163) H       + SO      = HSO     +              1.133E+01
 238) CS2     + SO      = OCS     + S2           6.184E-03
 286) SO      + HV      = S       + O            5.662E+03

SO2                 PRODUCTION RXS              INT RX RATE    TP =  5.96E+08
 105) SO2     + O1D     = SO2     + O            6.825E+01
 107) SO      + O2      = O       + SO2          2.169E+07
 108) SO      + HO2     = SO2     + OH           1.061E+04
 109) SO      + O       = SO2     +              2.029E+04
 110) SO      + OH      = SO2     + H            2.806E+05
 115) SO3     + O       = SO2     + O2           6.892E+02
 144) SO21    + M       = SO2     + M            2.907E+08
 146) SO21    + HV      = SO2     + HV           1.600E+05
 149) SO23    + M       = SO2     + M            3.404E+07
 150) SO23    + HV      = SO2     + HV           5.411E+04
 152) SO      + NO2     = SO2     + NO           1.364E+06
 153) SO      + O3      = SO2     + O2           9.959E+05
 159) SO      + SO      = SO2     + S            5.142E-03
 160) SO3     + SO      = SO2     + SO2          2.474E-03
 217) CS      + O3      = CO      + SO2          1.651E+05
 224) CS2X    + O2      = CS      + SO2          5.442E+03
 254) CH3SO2  + HV      = CH3     + SO2          2.461E+08
 298) SO3     + HV      = SO2     + O            3.615E+02

SO2                    LOSS RXS                INT RX RATE    TL =  1.48E+09
 105) SO2     + O1D     = SO2     + O            6.825E+01
 106) SO2     + O1D     = SO      + O2           2.189E+02
 111) SO2     + OH      = HSO3    +              5.960E+06
 112) SO2     + O       = SO3     +              2.935E+04
 148) SO21    + SO2     = SO3     + SO           3.961E-02
 151) SO23    + SO2     = SO3     + SO           5.381E-03
 154) SO2     + HO2     = SO3     + OH           4.096E+02
 288) SO2     + HV      = SO      + O            2.134E+07
 289) SO2     + HV      = SO21    +              3.200E+08
 290) SO2     + HV      = SO23    +              5.014E+06

H2SO4               PRODUCTION RXS              INT RX RATE    TP =  1.21E+07
 113) SO3     + H2O     = H2SO4   +              1.205E+07

H2SO4                  LOSS RXS                INT RX RATE    TL =  1.18E+07
 114) H2SO4   + H2O     = SO3     + H2O     H2O  5.698E+04
 291) H2SO4   + HV      = SO3     + H2O          6.690E+03

HSO                 PRODUCTION RXS              INT RX RATE    TP =  1.32E+09
 155) HS      + O3      = HSO     + O2           1.305E+09
 156) HS      + HO2     = HSO     + OH           8.275E+03
 157) HS      + NO2     = HSO     + NO           1.374E+07
 162) SO      + HCO     = HSO     + CO           5.664E-05
 163) H       + SO      = HSO     +              1.133E+01

HSO                    LOSS RXS                INT RX RATE    TL =  1.32E+09
 164) HSO     + NO      = HNO     + SO           2.035E+05
 165) HSO     + OH      = H2O     + SO           1.582E+03
 166) HSO     + H       = HS      + OH           1.824E-01
 167) HSO     + H       = H2      + SO           9.122E-02
 168) HSO     + HS      = H2S     + SO           3.321E+01
 169) HSO     + O       = OH      + SO           4.581E+02
 170) HSO     + O3      = HS      + O2      O2   1.318E+09
 171) HSO     + S       = HS      + SO           3.963E-07
 299) HSO     + HV      = HS      + O            2.337E+00

S2                  PRODUCTION RXS              INT RX RATE    TP =  1.55E+04
 129) HS      + S       = H       + S2           1.132E-08
 135) S       + S       = S2      +              1.278E-18
 176) OCS     + S       = CO      + S2           5.446E-04
 185) OCS2    + S       = OCS     + S2           1.838E-19
 225) CS2X    + CS2     = CS      + CS      S2   2.854E-07
 237) CS2     + O       = CO      + S2           1.267E+04
 238) CS2     + SO      = OCS     + S2           6.184E-03
 240) CS2     + S       = CS      + S2           9.294E-08
 293) S4      + HV      = S2      + S2           1.407E+03
 294) S3      + HV      = S2      + S            1.075E-07

S2                     LOSS RXS                INT RX RATE    TL =  3.70E+03
 136) S2      + O       = S       + SO           5.415E+02
 139) S       + S2      = S3      +              1.076E-07
 140) S2      + S2      = S4      +              1.409E+03
 231) CH21    + S2      = HCS     + HS           6.605E-23
 232) CH23    + S2      = HCS     + HS           1.497E-22
 292) S2      + HV      = S       + S            3.412E+02

S4                  PRODUCTION RXS              INT RX RATE    TP =  1.41E+03
 140) S2      + S2      = S4      +              1.409E+03
 141) S       + S3      = S4      +              2.938E-21
 297) S8      + HV      = S4      + S4           4.168E-17

S4                     LOSS RXS                INT RX RATE    TL =  1.41E+03
 142) S4      + S4      = S8      +              2.413E-05
 293) S4      + HV      = S2      + S2           1.407E+03

S8                  PRODUCTION RXS              INT RX RATE    TP =  2.41E-05
 142) S4      + S4      = S8      +              2.413E-05

S8                     LOSS RXS                INT RX RATE    TL =  4.17E-17
 297) S8      + HV      = S4      + S4           4.168E-17

SO3                 PRODUCTION RXS              INT RX RATE    TP =  1.20E+07
 112) SO2     + O       = SO3     +              2.935E+04
 114) H2SO4   + H2O     = SO3     + H2O     H2O  5.698E+04
 116) HSO3    + O2      = HO2     + SO3          5.960E+06
 147) SO21    + O2      = SO3     + O            4.254E+02
 148) SO21    + SO2     = SO3     + SO           3.961E-02
 151) SO23    + SO2     = SO3     + SO           5.381E-03
 154) SO2     + HO2     = SO3     + OH           4.096E+02
 255) CH3SO3  + HV      = CH3     + SO3          5.995E+06
 291) H2SO4   + HV      = SO3     + H2O          6.690E+03

SO3                    LOSS RXS                INT RX RATE    TL =  1.21E+07
 113) SO3     + H2O     = H2SO4   +              1.205E+07
 115) SO3     + O       = SO2     + O2           6.892E+02
 160) SO3     + SO      = SO2     + SO2          2.474E-03
 298) SO3     + HV      = SO2     + O            3.615E+02

OCS                 PRODUCTION RXS              INT RX RATE    TP =  2.08E+05
 173) HS      + CO      = OCS     + H            1.366E-06
 179) S       + CO      = OCS     +              3.213E-04
 185) OCS2    + S       = OCS     + S2           1.838E-19
 188) OCS2    + CO      = OCS     + OCS          4.969E-03
 213) CS      + O2      = OCS     + O            1.135E+04
 215) CS      + O3      = OCS     + O2           1.651E+05
 219) CS2     + O       = OCS     + S            3.175E+04
 220) CS2     + OH      = OCS     + HS           1.297E+02
 230) HS      + CO      = OCS     + H            1.382E-06
 238) CS2     + SO      = OCS     + S2           6.184E-03

OCS                    LOSS RXS                INT RX RATE    TL =  2.14E+06
 172) H       + OCS     = CO      + HS           2.768E-02
 174) O       + OCS     = CO      + SO           1.760E+04
 175) O       + OCS     = S       + CO2          1.740E-02
 176) OCS     + S       = CO      + S2           5.446E-04
 177) OCS     + OH      = CO2     + HS           9.655E+03
 184) OCS     + S       = OCS2    +              4.969E-03
 239) OCS     + H       = CO      + HS           2.759E-02
 300) OCS     + HV      = CO      + S            2.093E+06

S3                  PRODUCTION RXS              INT RX RATE    TP =  1.08E-07
 139) S       + S2      = S3      +              1.076E-07

S3                     LOSS RXS                INT RX RATE    TL =  1.08E-07
 141) S       + S3      = S4      +              2.938E-21
 294) S3      + HV      = S2      + S            1.075E-07

O3                  PRODUCTION RXS              INT RX RATE    TP =  2.16E+13
  18) O       + O2      = O3      +              2.160E+13

O3                     LOSS RXS                INT RX RATE    TL =  2.15E+13
   5) H       + O3      = OH      + O2           1.628E+12
  12) OH      + O3      = HO2     + O2           2.609E+09
  15) HO2     + O3      = OH      + O2      O2   1.063E+09
  19) O       + O3      = O2      + O2           7.570E+09
  20) O1D     + O3      = O2      + O2           3.755E+07
  21) O1D     + O3      = O       + O       O2   3.755E+07
  26) O3      + HV      = O2      + O            1.903E-12
  27) O3      + O3      = O2      + O2      O2   2.380E+01
  77) NO      + O3      = NO2     + O2           5.184E+10
 153) SO      + O3      = SO2     + O2           9.959E+05
 155) HS      + O3      = HSO     + O2           1.305E+09
 158) S       + O3      = SO      + O2           9.655E+01
 170) HSO     + O3      = HS      + O2      O2   1.318E+09
 205) NO2     + O3      = NO3     + O2           6.346E+08
 215) CS      + O3      = OCS     + O2           1.651E+05
 216) CS      + O3      = SO      + CO2          1.651E+05
 217) CS      + O3      = CO      + SO2          1.651E+05
 248) CH3S    + O3      = CH3SO   + O2           2.502E+08
 250) CH3SO   + O3      = CH3SO2  + O2           2.477E+08
 252) CH3SO2  + O3      = CH3SO3  + O2           5.980E+06
 264) O3      + HV      = O2      + O1D          1.351E+12
 265) O3      + HV      = O2      + O            1.843E+13
 266) O3      + HV      = O       + O       O    3.520E+10

HNO3                PRODUCTION RXS              INT RX RATE    TP =  3.66E+08
  82) NO2     + OH      = HNO3    +              1.076E+08
 203) N2O5    + H2O     = HNO3    + HNO3         3.375E+06
 244) C2H6S   + NO3     = C2H5S   + HNO3         2.521E+08

HNO3                   LOSS RXS                INT RX RATE    TL =  9.38E+08
  84) HNO3    + OH      = H2O     + NO3          3.838E+07
 211) O       + HNO3    = OH      + NO3          2.345E+04
 280) HNO3    + HV      = NO2     + OH           1.953E+08
 281) HNO3    + HV      = HNO2    + O            2.266E+07
 282) HNO3    + HV      = HNO2    + O1D          1.627E+07

N                   PRODUCTION RXS              INT RX RATE    TP =  1.22E+07
 283) NO      + HV      = N       + O            1.222E+07

N                      LOSS RXS                INT RX RATE    TL =  1.22E+07
  72) N       + N       = N2      +              3.467E-03
  73) N       + O2      = NO      + O            1.313E+05
  75) N       + OH      = NO      + H            5.213E+06
  76) N       + NO      = N2      + O            5.750E+06
 195) N       + NO2     = N2O     + O            7.355E+05
 199) N       + HO2     = NO      + OH           4.160E+05

NO3                 PRODUCTION RXS              INT RX RATE    TP =  7.90E+08
  84) HNO3    + OH      = H2O     + NO3          3.838E+07
 192) O       + NO2     = NO3     +              7.388E+07
 202) N2O5    + M       = NO3     + NO2          2.524E+07
 205) NO2     + O3      = NO3     + O2           6.346E+08
 211) O       + HNO3    = OH      + NO3          2.345E+04
 305) HO2NO2  + HV      = OH      + NO3          4.617E+06
 306) N2O5    + HV      = NO3     + NO2          1.240E+07
 307) N2O5    + HV      = NO3     + NO      O    9.137E+05

NO3                    LOSS RXS                INT RX RATE    TL =  7.90E+08
 189) O       + NO3     = O2      + NO2          7.279E+05
 190) HO2     + NO3     = OH      + NO2     O2   4.317E+05
 191) NO      + NO3     = NO2     + NO2          1.176E+08
 193) OH      + NO3     = HO2     + NO2          1.637E+05
 201) NO2     + NO3     = N2O5    +              7.245E+07
 204) NO2     + NO3     = NO      + NO2     O2   7.810E+03
 206) NO3     + NO3     = NO2     + NO2     O2   2.471E-01
 244) C2H6S   + NO3     = C2H5S   + HNO3         2.521E+08
 301) NO3     + HV      = NO      + O2           3.849E+07
 302) NO3     + HV      = NO2     + O            3.082E+08

N2O                 PRODUCTION RXS              INT RX RATE    TP =  7.36E+05
 195) N       + NO2     = N2O     + O            7.355E+05

N2O                    LOSS RXS                INT RX RATE    TL =  1.31E+08
 194) H       + N2O     = N2      + OH           1.957E-08
 197) O1D     + N2O     = N2      + O2           2.088E+05
 198) O1D     + N2O     = NO      + NO           3.267E+05
 303) N2O     + HV      = N2      + O1D          1.102E+08

HO2NO2              PRODUCTION RXS              INT RX RATE    TP =  3.63E+08
 207) HO2     + NO2     = HO2NO2  +              3.628E+08

HO2NO2                 LOSS RXS                INT RX RATE    TL =  4.54E+08
 208) O       + HO2NO2  = OH      + NO2     O2   2.132E+01
 209) OH      + HO2NO2  = H2O     + NO2     O2   4.055E+07
 210) HO2NO2  + M       = HO2     + NO2          3.397E+08
 304) HO2NO2  + HV      = HO2     + NO2          1.601E+07
 305) HO2NO2  + HV      = OH      + NO3          4.617E+06

N2O5                PRODUCTION RXS              INT RX RATE    TP =  7.24E+07
 201) NO2     + NO3     = N2O5    +              7.245E+07

N2O5                   LOSS RXS                INT RX RATE    TL =  4.19E+07
 200) O       + N2O5    = NO2     + NO2     O2   3.410E+03
 202) N2O5    + M       = NO3     + NO2          2.524E+07
 203) N2O5    + H2O     = HNO3    + HNO3         3.375E+06
 306) N2O5    + HV      = NO3     + NO2          1.240E+07
 307) N2O5    + HV      = NO3     + NO      O    9.137E+05

NH                  PRODUCTION RXS              INT RX RATE    TP =  0.00E+00

NH                     LOSS RXS                INT RX RATE    TL =  0.00E+00

NH2                 PRODUCTION RXS              INT RX RATE    TP =  0.00E+00

NH2                    LOSS RXS                INT RX RATE    TL =  0.00E+00

NH3                 PRODUCTION RXS              INT RX RATE    TP =  0.00E+00

NH3                    LOSS RXS                INT RX RATE    TL =  3.10E+08

CO2                 PRODUCTION RXS              INT RX RATE    TP =  1.06E+10
  32) O       + HCO     = H       + CO2          8.116E+03
  34) CO      + OH      = CO2     + H            7.317E+09
  35) CO      + O       = CO2     +              1.650E+05
 175) O       + OCS     = S       + CO2          1.740E-02
 177) OCS     + OH      = CO2     + HS           9.655E+03
 182) CO2     + O1D     = CO2     + O            3.312E+09
 216) CS      + O3      = SO      + CO2          1.651E+05

CO2                    LOSS RXS                INT RX RATE    TL =  1.93E+10
  36) CO2     + H       = CO      + OH           4.124E-06
  93) CH21    + CO2     = H2CO    + CO           2.079E+03
  95) CH23    + CO2     = H2CO    + CO           1.460E+03
 182) CO2     + O1D     = CO2     + O            3.312E+09
 268) CO2     + HV      = CO      + O            2.325E+07
 269) CO2     + HV      = CO      + O1D          1.598E+10

CS                  PRODUCTION RXS              INT RX RATE    TP =  5.08E+05
 218) CS2     + O       = SO      + CS           3.386E+05
 224) CS2X    + O2      = CS      + SO2          5.442E+03
 225) CS2X    + CS2     = CS      + CS      S2   2.854E-07
 228) H       + HCS     = H2      + CS           1.114E-12
 233) CH3     + HCS     = CH4     + CS           3.060E-15
 235) HS      + HCS     = H2S     + CS           1.250E-10
 236) S       + HCS     = HS      + CS           5.430E-19
 240) CS2     + S       = CS      + S2           9.294E-08
 309) CS2     + HV      = CS      + S            1.639E+05

CS                     LOSS RXS                INT RX RATE    TL =  5.08E+05
 213) CS      + O2      = OCS     + O            1.135E+04
 214) CS      + O2      = CO      + SO           1.419E+03
 215) CS      + O3      = OCS     + O2           1.651E+05
 216) CS      + O3      = SO      + CO2          1.651E+05
 217) CS      + O3      = CO      + SO2          1.651E+05
 226) CS      + HS      = CS2     + H            7.313E-06
 227) H       + CS      = HCS     +              1.039E-12
 241) CS      + O       = CO      + S            7.586E-03

CS2                 PRODUCTION RXS              INT RX RATE    TP =  1.90E+06
 222) CS2OH   + HV      = CS2     + OH           5.186E+04
 223) CS2X    + M       = CS2     + M            1.848E+06
 226) CS      + HS      = CS2     + H            7.313E-06
 229) S       + HCS     = H       + CS2          1.086E-18

CS2                    LOSS RXS                INT RX RATE    TL =  2.45E+06
 218) CS2     + O       = SO      + CS           3.386E+05
 219) CS2     + O       = OCS     + S            3.175E+04
 220) CS2     + OH      = OCS     + HS           1.297E+02
 221) CS2     + OH      = CS2OH   +              5.186E+04
 225) CS2X    + CS2     = CS      + CS      S2   2.854E-07
 237) CS2     + O       = CO      + S2           1.267E+04
 238) CS2     + SO      = OCS     + S2           6.184E-03
 240) CS2     + S       = CS      + S2           9.294E-08
 309) CS2     + HV      = CS      + S            1.639E+05
 310) CS2     + HV      = CS2X    +              1.853E+06

HCS                 PRODUCTION RXS              INT RX RATE    TP =  2.11E-12
 227) H       + CS      = HCS     +              1.039E-12
 231) CH21    + S2      = HCS     + HS           6.605E-23
 232) CH23    + S2      = HCS     + HS           1.497E-22
 234) CH23    + S       = HCS     + H            1.073E-12

HCS                    LOSS RXS                INT RX RATE    TL =  1.26E-10
 228) H       + HCS     = H2      + CS           1.114E-12
 229) S       + HCS     = H       + CS2          1.086E-18
 233) CH3     + HCS     = CH4     + CS           3.060E-15
 235) HS      + HCS     = H2S     + CS           1.250E-10
 236) S       + HCS     = HS      + CS           5.430E-19

C2H6S               PRODUCTION RXS              INT RX RATE    TP =  0.00E+00

C2H6S                  LOSS RXS                INT RX RATE    TL =  2.72E+08
 242) C2H6S   + OH      = C2H5S   + H2O          1.432E+07
 243) C2H6S   + OH      = C2H7SO  +              4.870E+06
 244) C2H6S   + NO3     = C2H5S   + HNO3         2.521E+08

C2H5S               PRODUCTION RXS              INT RX RATE    TP =  2.66E+08
 242) C2H6S   + OH      = C2H5S   + H2O          1.432E+07
 244) C2H6S   + NO3     = C2H5S   + HNO3         2.521E+08

C2H5S                  LOSS RXS                INT RX RATE    TL =  2.66E+08
 245) C2H5S   + O2      = C2H5SO2 +              2.664E+08

C2H5SO              PRODUCTION RXS              INT RX RATE    TP =  2.51E+08
 246) C2H5SO2 + NO      = C2H5SO  + NO2          2.511E+08

C2H5SO                 LOSS RXS                INT RX RATE    TL =  2.51E+08
 247) C2H5SO  + HV      = H2CO    + CH3S         2.511E+08

C2H5SO2             PRODUCTION RXS              INT RX RATE    TP =  2.66E+08
 245) C2H5S   + O2      = C2H5SO2 +              2.664E+08

C2H5SO2                LOSS RXS                INT RX RATE    TL =  2.51E+08
 246) C2H5SO2 + NO      = C2H5SO  + NO2          2.511E+08

CH3S                PRODUCTION RXS              INT RX RATE    TP =  2.51E+08
 247) C2H5SO  + HV      = H2CO    + CH3S         2.511E+08

CH3S                   LOSS RXS                INT RX RATE    TL =  2.51E+08
 248) CH3S    + O3      = CH3SO   + O2           2.502E+08
 249) CH3S    + NO2     = CH3SO   + NO           8.744E+05

CH3SO               PRODUCTION RXS              INT RX RATE    TP =  2.51E+08
 248) CH3S    + O3      = CH3SO   + O2           2.502E+08
 249) CH3S    + NO2     = CH3SO   + NO           8.744E+05

CH3SO                  LOSS RXS                INT RX RATE    TL =  2.51E+08
 250) CH3SO   + O3      = CH3SO2  + O2           2.477E+08
 251) CH3SO   + NO2     = CH3SO2  + NO           3.395E+06

CH3SO2              PRODUCTION RXS              INT RX RATE    TP =  2.52E+08
 250) CH3SO   + O3      = CH3SO2  + O2           2.477E+08
 251) CH3SO   + NO2     = CH3SO2  + NO           3.395E+06
 258) CH4SO2  + OH      = CH3SO2  + H2O          1.031E+06

CH3SO2                 LOSS RXS                INT RX RATE    TL =  2.52E+08
 252) CH3SO2  + O3      = CH3SO3  + O2           5.980E+06
 253) CH3SO2  + NO2     = CH3SO3  + NO           1.456E+04
 254) CH3SO2  + HV      = CH3     + SO2          2.461E+08

CH3SO3              PRODUCTION RXS              INT RX RATE    TP =  5.99E+06
 252) CH3SO2  + O3      = CH3SO3  + O2           5.980E+06
 253) CH3SO2  + NO2     = CH3SO3  + NO           1.456E+04

CH3SO3                 LOSS RXS                INT RX RATE    TL =  5.99E+06
 255) CH3SO3  + HV      = CH3     + SO3          5.995E+06

CH4SO2              PRODUCTION RXS              INT RX RATE    TP =  1.06E+06
 257) C2H6SO  + OH      = CH4SO2  + CH3          1.059E+06

CH4SO2                 LOSS RXS                INT RX RATE    TL =  1.03E+06
 258) CH4SO2  + OH      = CH3SO2  + H2O          1.031E+06

C2H6SO              PRODUCTION RXS              INT RX RATE    TP =  4.87E+06
 256) C2H7SO  + O2      = C2H6SO  + HO2          4.870E+06

C2H6SO                 LOSS RXS                INT RX RATE    TL =  2.79E+06
 257) C2H6SO  + OH      = CH4SO2  + CH3          1.059E+06

C2H7SO              PRODUCTION RXS              INT RX RATE    TP =  4.87E+06
 243) C2H6S   + OH      = C2H7SO  +              4.870E+06

C2H7SO                 LOSS RXS                INT RX RATE    TL =  4.87E+06
 256) C2H7SO  + O2      = C2H6SO  + HO2          4.870E+06

SO4AER              PRODUCTION RXS              INT RX RATE    TP =  1.11E+07

SO4AER                 LOSS RXS                INT RX RATE    TL =  3.39E+09

S8AER               PRODUCTION RXS              INT RX RATE    TP =  0.00E+00

S8AER                  LOSS RXS                INT RX RATE    TL =  1.81E-19

HNO2                PRODUCTION RXS              INT RX RATE    TP =  0.00E+00
  80) NO      + OH      = HNO2    +              8.118E+06
 212) HO2     + NO2     = HNO2    + O2           3.587E+05
 281) HNO3    + HV      = HNO2    + O            2.266E+07
 282) HNO3    + HV      = HNO2    + O1D          1.627E+07

HNO2                   LOSS RXS                INT RX RATE    TL =  0.00E+00
  90) HNO2    + OH      = H2O     + NO2          9.434E+06
 279) HNO2    + HV      = NO      + OH           3.797E+07

O1D                 PRODUCTION RXS              INT RX RATE    TP =  0.00E+00
 259) O2      + HV      = O       + O1D          1.406E+12
 262) H2O     + HV      = H2      + O1D          8.970E+08
 264) O3      + HV      = O2      + O1D          1.351E+12
 269) CO2     + HV      = CO      + O1D          1.598E+10
 282) HNO3    + HV      = HNO2    + O1D          1.627E+07
 284) NO2     + HV      = NO      + O1D          3.180E+07
 303) N2O     + HV      = N2      + O1D          1.102E+08

O1D                    LOSS RXS                INT RX RATE    TL =  0.00E+00
   1) H2O     + O1D     = OH      + OH           5.726E+07
   2) H2      + O1D     = OH      + H            2.373E+07
  20) O1D     + O3      = O2      + O2           3.755E+07
  21) O1D     + O3      = O       + O       O2   3.755E+07
  23) O1D     + N2      = O       + N2           2.156E+12
  24) O1D     + O2      = O       + O2           6.151E+11
  49) CH4     + O1D     = CH3     + OH           4.233E+06
  50) CH4     + O1D     = CH3O    + H            5.699E+05
  51) CH4     + O1D     = CH2OH   + H            5.699E+05
  52) CH4     + O1D     = H2CO    + H2           2.849E+05
  98) C2H6    + O1D     = C2H5    + OH           4.678E+02
 105) SO2     + O1D     = SO2     + O            6.825E+01
 106) SO2     + O1D     = SO      + O2           2.189E+02
 180) CO      + O1D     = CO      + O            9.778E+07
 182) CO2     + O1D     = CO2     + O            3.312E+09
 197) O1D     + N2O     = N2      + O2           2.088E+05
 198) O1D     + N2O     = NO      + NO           3.267E+05

CH21                PRODUCTION RXS              INT RX RATE    TP =  0.00E+00
 273) CH4     + HV      = CH21    + H2           7.147E+07
 276) CH3     + HV      = CH21    + H            3.231E+01
 278) C2H6    + HV      = CH4     + CH21         3.479E-01

CH21                   LOSS RXS                INT RX RATE    TL =  0.00E+00
  53) CH21    + CH4     = CH3     + CH3          3.686E-12
  54) CH21    + O2      = HCO     + OH           3.420E+07
  55) CH21    + N2      = CH23    + N2           3.727E+07
  92) CH21    + H2      = CH3     + H            1.733E+03
  93) CH21    + CO2     = H2CO    + CO           2.079E+03
 231) CH21    + S2      = HCS     + HS           6.605E-23

CH23                PRODUCTION RXS              INT RX RATE    TP =  0.00E+00
  55) CH21    + N2      = CH23    + N2           3.727E+07
 275) CH4     + HV      = CH23    + H       H    1.317E+07
 277) C2H6    + HV      = CH23    + CH23    H2   1.392E+00

CH23                   LOSS RXS                INT RX RATE    TL =  0.00E+00
  58) CH23    + O2      = HCO     + OH           5.044E+07
  94) CH23    + O       = HCO     + H            3.572E+03
  95) CH23    + CO2     = H2CO    + CO           1.460E+03
 232) CH23    + S2      = HCS     + HS           1.497E-22
 234) CH23    + S       = HCS     + H            1.073E-12

C2H5                PRODUCTION RXS              INT RX RATE    TP =  0.00E+00
  96) C2H6    + OH      = C2H5    + H2O          7.594E+05
  97) C2H6    + O       = C2H5    + OH           1.383E+02
  98) C2H6    + O1D     = C2H5    + OH           4.678E+02

C2H5                   LOSS RXS                INT RX RATE    TL =  0.00E+00
  99) C2H5    + H       = CH3     + CH3          7.208E-06
 100) C2H5    + O       = CH3     + HCO     H    8.389E-04
 101) C2H5    + OH      = CH3     + HCO     H2   5.866E-06
 102) C2H5    + HCO     = C2H6    + CO           1.274E-13
 103) C2H5    + HNO     = C2H6    + NO           7.566E-13
 104) C2H5    + O2      = CH3     + HCO     OH   7.600E+05

SO21                PRODUCTION RXS              INT RX RATE    TP =  0.00E+00
 289) SO2     + HV      = SO21    +              3.200E+08

SO21                   LOSS RXS                INT RX RATE    TL =  0.00E+00
 143) SO21    + M       = SO23    + M            2.907E+07
 144) SO21    + M       = SO2     + M            2.907E+08
 145) SO21    + HV      = SO23    + HV           1.091E+04
 146) SO21    + HV      = SO2     + HV           1.600E+05
 147) SO21    + O2      = SO3     + O            4.254E+02
 148) SO21    + SO2     = SO3     + SO           3.961E-02

SO23                PRODUCTION RXS              INT RX RATE    TP =  0.00E+00
 143) SO21    + M       = SO23    + M            2.907E+07
 145) SO21    + HV      = SO23    + HV           1.091E+04
 290) SO2     + HV      = SO23    +              5.014E+06

SO23                   LOSS RXS                INT RX RATE    TL =  0.00E+00
 149) SO23    + M       = SO2     + M            3.404E+07
 150) SO23    + HV      = SO2     + HV           5.411E+04
 151) SO23    + SO2     = SO3     + SO           5.381E-03

HSO3                PRODUCTION RXS              INT RX RATE    TP =  0.00E+00
 111) SO2     + OH      = HSO3    +              5.960E+06

HSO3                   LOSS RXS                INT RX RATE    TL =  0.00E+00
 116) HSO3    + O2      = HO2     + SO3          5.960E+06

OCS2                PRODUCTION RXS              INT RX RATE    TP =  0.00E+00
 184) OCS     + S       = OCS2    +              4.969E-03

OCS2                   LOSS RXS                INT RX RATE    TL =  0.00E+00
 185) OCS2    + S       = OCS     + S2           1.838E-19
 188) OCS2    + CO      = OCS     + OCS          4.969E-03

CS2X                PRODUCTION RXS              INT RX RATE    TP =  0.00E+00
 310) CS2     + HV      = CS2X    +              1.853E+06

CS2X                   LOSS RXS                INT RX RATE    TL =  0.00E+00
 223) CS2X    + M       = CS2     + M            1.848E+06
 224) CS2X    + O2      = CS      + SO2          5.442E+03
 225) CS2X    + CS2     = CS      + CS      S2   2.854E-07

CS2OH               PRODUCTION RXS              INT RX RATE    TP =  0.00E+00
 221) CS2     + OH      = CS2OH   +              5.186E+04

CS2OH                  LOSS RXS                INT RX RATE    TL =  0.00E+00
 222) CS2OH   + HV      = CS2     + OH           5.186E+04

N2                  PRODUCTION RXS              INT RX RATE    TP =  0.00E+00
  23) O1D     + N2      = O       + N2           2.156E+12
  55) CH21    + N2      = CH23    + N2           3.727E+07
  72) N       + N       = N2      +              3.467E-03
  76) N       + NO      = N2      + O            5.750E+06
 194) H       + N2O     = N2      + OH           1.957E-08
 197) O1D     + N2O     = N2      + O2           2.088E+05
 303) N2O     + HV      = N2      + O1D          1.102E+08

N2                     LOSS RXS                INT RX RATE    TL =  0.00E+00
  23) O1D     + N2      = O       + N2           2.156E+12
  55) CH21    + N2      = CH23    + N2           3.727E+07
