
O                   PRODUCTION RXS              INT RX RATE    TP =  9.16E+14
   8) H       + HO2     = H2O     + O            3.404E+08
  21) O1D     + O3      = O       + O       O2   4.087E+08
  22) OH      + OH      = H2O     + O            1.335E+09
  23) O1D     + N2      = O       + N2           4.260E+14
  24) O1D     + O2      = O       + O2           1.355E+11
  25) O2      + HV      = O       + O            2.413E-83
  26) O3      + HV      = O2      + O            8.828E-11
  73) N       + O2      = NO      + O            1.777E+06
  76) N       + NO      = N2      + O            6.876E+07
 105) SO2     + O1D     = SO2     + O            7.997E+03
 107) SO      + O2      = O       + SO2          9.520E+08
 130) S       + O2      = SO      + O            4.984E+08
 147) SO21    + O2      = SO3     + O            1.829E+02
 180) CO      + O1D     = CO      + O            1.081E+08
 182) CO2     + O1D     = CO2     + O            5.547E+11
 195) N       + NO2     = N2O     + O            9.207E+06
 213) CS      + O2      = OCS     + O            4.817E+03
 259) O2      + HV      = O       + O1D          2.850E+11
 260) O2      + HV      = O       + O            7.203E+11
 263) H2O     + HV      = H       + H       O    4.697E+09
 265) O3      + HV      = O2      + O            4.860E+14
 266) O3      + HV      = O       + O       O    3.417E+11
 268) CO2     + HV      = CO      + O            7.226E+10
 272) HO2     + HV      = OH      + O            5.834E+09
 281) HNO3    + HV      = HNO2    + O            3.815E+08
 283) NO      + HV      = N       + O            1.005E+08
 285) NO2     + HV      = NO      + O            4.123E+11
 286) SO      + HV      = S       + O            3.866E+06
 288) SO2     + HV      = SO      + O            3.121E+09
 298) SO3     + HV      = SO2     + O            9.068E+02
 299) HSO     + HV      = HS      + O            7.560E+04
 302) NO3     + HV      = NO2     + O            9.686E+09
 307) N2O5    + HV      = NO3     + NO      O    6.020E+06

O                      LOSS RXS                INT RX RATE    TL =  9.16E+14
   3) H2      + O       = OH      + H            2.317E+07
  10) OH      + O       = H       + O2           8.240E+11
  14) HO2     + O       = OH      + O2           9.249E+11
  17) O       + O       = O2      +              1.264E+11
  18) O       + O2      = O3      +              9.138E+14
  19) O       + O3      = O2      + O2           4.345E+10
  32) O       + HCO     = H       + CO2          1.202E+06
  33) O       + HCO     = OH      + CO           1.202E+06
  35) CO      + O       = CO2     +              3.885E+07
  46) H2CO    + O       = HCO     + OH           3.145E+08
  47) H2O2    + O       = OH      + HO2          2.561E+06
  60) CH3     + O       = H2CO    + H            1.849E+07
  78) NO      + O       = NO2     +              1.163E+10
  81) NO2     + O       = NO      + O2           1.067E+11
  88) O       + HNO     = OH      + NO           3.651E+05
  91) CH4     + O       = CH3     + OH           4.299E+07
  94) CH23    + O       = HCO     + H            1.558E+05
  97) C2H6    + O       = C2H5    + OH           3.622E+05
 100) C2H5    + O       = CH3     + HCO     H    1.574E+02
 109) SO      + O       = SO2     +              1.475E+07
 112) SO2     + O       = SO3     +              2.538E+07
 115) SO3     + O       = SO2     + O2           4.874E-01
 122) H2S     + O       = OH      + HS           1.519E+03
 123) HS      + O       = H       + SO           6.360E+05
 136) S2      + O       = S       + SO           4.253E+04
 169) HSO     + O       = OH      + SO           2.254E+06
 174) O       + OCS     = CO      + SO           4.156E+07
 175) O       + OCS     = S       + CO2          3.218E+02
 189) O       + NO3     = O2      + NO2          1.952E+08
 192) O       + NO2     = NO3     +              1.055E+10
 200) O       + N2O5    = NO2     + NO2     O2   5.148E+03
 208) O       + HO2NO2  = OH      + NO2     O2   1.552E+04
 211) O       + HNO3    = OH      + NO3          3.983E+05
 218) CS2     + O       = SO      + CS           8.726E+06
 219) CS2     + O       = OCS     + S            8.181E+05
 237) CS2     + O       = CO      + S2           1.818E+05
 241) CS      + O       = CO      + S            6.329E+01

O2                  PRODUCTION RXS              INT RX RATE    TP =  9.16E+14
   5) H       + O3      = OH      + O2           1.901E+11
   7) H       + HO2     = H2      + O2           1.468E+09
  10) OH      + O       = H       + O2           8.240E+11
  11) OH      + HO2     = H2O     + O2           1.179E+11
  12) OH      + O3      = HO2     + O2           2.205E+11
  14) HO2     + O       = OH      + O2           9.249E+11
  15) HO2     + O3      = OH      + O2      O2   1.215E+11
  16) HO2     + HO2     = H2O2    + O2           1.871E+10
  17) O       + O       = O2      +              1.264E+11
  19) O       + O3      = O2      + O2           4.345E+10
  20) O1D     + O3      = O2      + O2           4.087E+08
  21) O1D     + O3      = O       + O       O2   4.087E+08
  24) O1D     + O2      = O       + O2           1.355E+11
  26) O3      + HV      = O2      + O            8.828E-11
  27) O3      + O3      = O2      + O2      O2   1.020E+03
  68) CH3O2   + HO2     = CH3OOH  + O2           1.995E+11
  77) NO      + O3      = NO2     + O2           4.398E+11
  81) NO2     + O       = NO      + O2           1.067E+11
 106) SO2     + O1D     = SO      + O2           2.565E+04
 115) SO3     + O       = SO2     + O2           4.874E-01
 125) HS      + HO2     = H2S     + O2           1.260E+06
 133) S       + HO2     = HS      + O2           1.662E+01
 153) SO      + O3      = SO2     + O2           2.475E+09
 155) HS      + O3      = HSO     + O2           4.842E+09
 158) S       + O3      = SO      + O2           2.043E+06
 170) HSO     + O3      = HS      + O2      O2   4.833E+09
 189) O       + NO3     = O2      + NO2          1.952E+08
 190) HO2     + NO3     = OH      + NO2     O2   1.109E+07
 197) O1D     + N2O     = N2      + O2           1.100E+08
 200) O       + N2O5    = NO2     + NO2     O2   5.148E+03
 204) NO2     + NO3     = NO      + NO2     O2   1.023E+03
 205) NO2     + O3      = NO3     + O2           1.871E+08
 206) NO3     + NO3     = NO2     + NO2     O2   9.002E-02
 208) O       + HO2NO2  = OH      + NO2     O2   1.552E+04
 209) OH      + HO2NO2  = H2O     + NO2     O2   2.191E+09
 212) HO2     + NO2     = HNO2    + O2           1.553E+06
 215) CS      + O3      = OCS     + O2           6.327E+06
 248) CH3S    + O3      = CH3SO   + O2           2.463E+09
 250) CH3SO   + O3      = CH3SO2  + O2           2.462E+09
 252) CH3SO2  + O3      = CH3SO3  + O2           1.088E+08
 264) O3      + HV      = O2      + O1D          4.263E+14
 265) O3      + HV      = O2      + O            4.860E+14
 301) NO3     + HV      = NO      + O2           1.337E+09

O2                     LOSS RXS                INT RX RATE    TL =  9.16E+14
   6) H       + O2      = HO2     +              1.135E+12
  18) O       + O2      = O3      +              9.138E+14
  24) O1D     + O2      = O       + O2           1.355E+11
  25) O2      + HV      = O       + O            2.413E-83
  40) HCO     + O2      = HO2     + CO           6.660E+10
  41) CH2OH   + O2      = H2CO    + HO2          1.933E+08
  42) CH3O    + O2      = H2CO    + HO2          3.651E+10
  54) CH21    + O2      = HCO     + OH           5.805E+05
  58) CH23    + O2      = HCO     + OH           7.296E+08
  59) CH3     + O2      = H2CO    + OH           1.994E+03
  66) CH3     + O2      = CH3O2   +              9.213E+10
  73) N       + O2      = NO      + O            1.777E+06
 104) C2H5    + O2      = CH3     + HCO     OH   9.000E+08
 107) SO      + O2      = O       + SO2          9.520E+08
 116) HSO3    + O2      = HO2     + SO3          2.897E+09
 130) S       + O2      = SO      + O            4.984E+08
 147) SO21    + O2      = SO3     + O            1.829E+02
 213) CS      + O2      = OCS     + O            4.817E+03
 214) CS      + O2      = CO      + SO           6.021E+02
 224) CS2X    + O2      = CS      + SO2          8.383E+02
 245) C2H5S   + O2      = C2H5SO2 +              2.463E+09
 256) C2H7SO  + O2      = C2H6SO  + HO2          8.371E+08
 259) O2      + HV      = O       + O1D          2.850E+11
 260) O2      + HV      = O       + O            7.203E+11

H2O                 PRODUCTION RXS              INT RX RATE    TP =  1.15E+11
   4) H2      + OH      = H2O     + H            5.642E+10
   8) H       + HO2     = H2O     + O            3.404E+08
  11) OH      + HO2     = H2O     + O2           1.179E+11
  13) OH      + H2O2    = HO2     + H2O          1.100E+10
  22) OH      + OH      = H2O     + O            1.335E+09
  31) OH      + HCO     = H2O     + CO           3.670E+04
  43) H2CO    + OH      = H2O     + HCO          4.304E+10
  44) H       + OH      = H2O     +              1.487E+07
  48) CH4     + OH      = CH3     + H2O          8.496E+10
  69) CH3OOH  + OH      = CH3O2   + H2O          1.274E+11
  70) CH3OOH  + OH      = H2O     + H2CO    OH   5.461E+10
  84) HNO3    + OH      = H2O     + NO3          1.055E+09
  89) OH      + HNO     = H2O     + NO           1.959E+05
  90) HNO2    + OH      = H2O     + NO2          2.132E+08
  96) C2H6    + OH      = C2H5    + H2O          8.992E+08
 114) H2SO4   + H2O     = SO3     + H2O     H2O  1.316E+09
 120) H2S     + OH      = H2O     + HS           1.167E+06
 165) HSO     + OH      = H2O     + SO           7.013E+06
 209) OH      + HO2NO2  = H2O     + NO2     O2   2.191E+09
 242) C2H6S   + OH      = C2H5S   + H2O          2.462E+09
 258) CH4SO2  + OH      = CH3SO2  + H2O          8.363E+08
 291) H2SO4   + HV      = SO3     + H2O          3.809E+06

H2O                    LOSS RXS                INT RX RATE    TL =  9.82E+10
   1) H2O     + O1D     = OH      + OH           1.578E+11
 113) SO3     + H2O     = H2SO4   +              4.351E+09
 114) H2SO4   + H2O     = SO3     + H2O     H2O  1.316E+09
 203) N2O5    + H2O     = HNO3    + HNO3         7.638E+03
 261) H2O     + HV      = H       + OH           1.312E+11
 262) H2O     + HV      = H2      + O1D          3.132E+09
 263) H2O     + HV      = H       + H       O    4.697E+09

H                   PRODUCTION RXS              INT RX RATE    TP =  1.34E+12
   2) H2      + O1D     = OH      + H            9.319E+08
   3) H2      + O       = OH      + H            2.317E+07
   4) H2      + OH      = H2O     + H            5.642E+10
  10) OH      + O       = H       + O2           8.240E+11
  32) O       + HCO     = H       + CO2          1.202E+06
  34) CO      + OH      = CO2     + H            2.970E+11
  50) CH4     + O1D     = CH3O    + H            1.933E+08
  51) CH4     + O1D     = CH2OH   + H            1.933E+08
  60) CH3     + O       = H2CO    + H            1.849E+07
  75) N       + OH      = NO      + H            1.545E+07
  86) HNO     + HV      = NO      + H            2.362E+06
  92) CH21    + H2      = CH3     + H            2.626E+04
  94) CH23    + O       = HCO     + H            1.558E+05
 100) C2H5    + O       = CH3     + HCO     H    1.574E+02
 110) SO      + OH      = SO2     + H            5.807E+07
 123) HS      + O       = H       + SO           6.360E+05
 129) HS      + S       = H       + S2           2.867E-04
 131) S       + OH      = SO      + H            3.397E+01
 173) HS      + CO      = OCS     + H            5.273E-06
 226) CS      + HS      = CS2     + H            2.652E-03
 229) S       + HCS     = H       + CS2          1.206E-11
 230) HS      + CO      = OCS     + H            5.337E-06
 234) CH23    + S       = HCS     + H            3.967E-13
 261) H2O     + HV      = H       + OH           1.312E+11
 263) H2O     + HV      = H       + H       O    4.697E+09
 271) H2CO    + HV      = HCO     + H            2.160E+10
 274) CH4     + HV      = CH3     + H            6.796E+08
 275) CH4     + HV      = CH23    + H       H    1.174E+08
 276) CH3     + HV      = CH21    + H            3.476E+04
 287) H2S     + HV      = HS      + H            8.809E+04

H                      LOSS RXS                INT RX RATE    TL =  1.34E+12
   5) H       + O3      = OH      + O2           1.901E+11
   6) H       + O2      = HO2     +              1.135E+12
   7) H       + HO2     = H2      + O2           1.468E+09
   8) H       + HO2     = H2O     + O            3.404E+08
   9) H       + HO2     = OH      + OH           1.532E+10
  28) H       + CO      = HCO     +              1.004E+07
  29) H       + HCO     = H2      + CO           3.951E+04
  36) CO2     + H       = CO      + OH           6.445E-09
  38) H2CO    + H       = H2      + HCO          5.262E+04
  39) H       + H       = H2      +              1.380E+06
  44) H       + OH      = H2O     +              1.487E+07
  62) CH3     + H       = CH4     +              4.088E+04
  71) H       + NO      = HNO     +              5.230E+04
  83) NO2     + H       = NO      + OH           5.122E+06
  87) H       + HNO     = H2      + NO           6.331E+00
  99) C2H5    + H       = CH3     + CH3          1.044E-03
 121) H2S     + H       = H2      + HS           2.925E+00
 128) HS      + H       = H2      + S            2.171E+00
 163) H       + SO      = HSO     +              1.059E+01
 166) HSO     + H       = HS      + OH           9.486E+01
 167) HSO     + H       = H2      + SO           4.743E+01
 172) H       + OCS     = CO      + HS           1.156E+03
 194) H       + N2O     = N2      + OH           7.469E-03
 227) H       + CS      = HCS     +              3.187E-07
 228) H       + HCS     = H2      + CS           4.027E-08
 239) OCS     + H       = CO      + HS           1.152E+03

OH                  PRODUCTION RXS              INT RX RATE    TP =  1.86E+12
   1) H2O     + O1D     = OH      + OH           1.578E+11
   2) H2      + O1D     = OH      + H            9.319E+08
   3) H2      + O       = OH      + H            2.317E+07
   5) H       + O3      = OH      + O2           1.901E+11
   9) H       + HO2     = OH      + OH           1.532E+10
  14) HO2     + O       = OH      + O2           9.249E+11
  15) HO2     + O3      = OH      + O2      O2   1.215E+11
  33) O       + HCO     = OH      + CO           1.202E+06
  36) CO2     + H       = CO      + OH           6.445E-09
  46) H2CO    + O       = HCO     + OH           3.145E+08
  47) H2O2    + O       = OH      + HO2          2.561E+06
  49) CH4     + O1D     = CH3     + OH           1.436E+09
  54) CH21    + O2      = HCO     + OH           5.805E+05
  58) CH23    + O2      = HCO     + OH           7.296E+08
  59) CH3     + O2      = H2CO    + OH           1.994E+03
  70) CH3OOH  + OH      = H2O     + H2CO    OH   5.461E+10
  79) NO      + HO2     = NO2     + OH           4.643E+10
  83) NO2     + H       = NO      + OH           5.122E+06
  88) O       + HNO     = OH      + NO           3.651E+05
  91) CH4     + O       = CH3     + OH           4.299E+07
  97) C2H6    + O       = C2H5    + OH           3.622E+05
  98) C2H6    + O1D     = C2H5    + OH           4.205E+05
 104) C2H5    + O2      = CH3     + HCO     OH   9.000E+08
 108) SO      + HO2     = SO2     + OH           7.663E+07
 122) H2S     + O       = OH      + HS           1.519E+03
 134) S       + HO2     = SO      + OH           1.662E+01
 154) SO2     + HO2     = SO3     + OH           2.388E+04
 156) HS      + HO2     = HSO     + OH           1.260E+06
 166) HSO     + H       = HS      + OH           9.486E+01
 169) HSO     + O       = OH      + SO           2.254E+06
 190) HO2     + NO3     = OH      + NO2     O2   1.109E+07
 194) H       + N2O     = N2      + OH           7.469E-03
 199) N       + HO2     = NO      + OH           5.309E+06
 208) O       + HO2NO2  = OH      + NO2     O2   1.552E+04
 211) O       + HNO3    = OH      + NO3          3.983E+05
 222) CS2OH   + HV      = CS2     + OH           5.219E+06
 261) H2O     + HV      = H       + OH           1.312E+11
 267) H2O2    + HV      = OH      + OH           6.239E+09
 272) HO2     + HV      = OH      + O            5.834E+09
 279) HNO2    + HV      = NO      + OH           6.192E+09
 280) HNO3    + HV      = NO2     + OH           2.160E+09
 305) HO2NO2  + HV      = OH      + NO3          3.184E+08
 308) CH3OOH  + HV      = CH3O    + OH           1.624E+10

OH                     LOSS RXS                INT RX RATE    TL =  1.86E+12
   4) H2      + OH      = H2O     + H            5.642E+10
  10) OH      + O       = H       + O2           8.240E+11
  11) OH      + HO2     = H2O     + O2           1.179E+11
  12) OH      + O3      = HO2     + O2           2.205E+11
  13) OH      + H2O2    = HO2     + H2O          1.100E+10
  22) OH      + OH      = H2O     + O            1.335E+09
  31) OH      + HCO     = H2O     + CO           3.670E+04
  34) CO      + OH      = CO2     + H            2.970E+11
  43) H2CO    + OH      = H2O     + HCO          4.304E+10
  44) H       + OH      = H2O     +              1.487E+07
  45) OH      + OH      = H2O2    +              4.084E+08
  48) CH4     + OH      = CH3     + H2O          8.496E+10
  69) CH3OOH  + OH      = CH3O2   + H2O          1.274E+11
  70) CH3OOH  + OH      = H2O     + H2CO    OH   5.461E+10
  75) N       + OH      = NO      + H            1.545E+07
  80) NO      + OH      = HNO2    +              5.748E+09
  82) NO2     + OH      = HNO3    +              4.065E+09
  84) HNO3    + OH      = H2O     + NO3          1.055E+09
  89) OH      + HNO     = H2O     + NO           1.959E+05
  90) HNO2    + OH      = H2O     + NO2          2.132E+08
  96) C2H6    + OH      = C2H5    + H2O          8.992E+08
 101) C2H5    + OH      = CH3     + HCO     H2   5.880E+00
 110) SO      + OH      = SO2     + H            5.807E+07
 111) SO2     + OH      = HSO3    +              2.897E+09
 120) H2S     + OH      = H2O     + HS           1.167E+06
 131) S       + OH      = SO      + H            3.397E+01
 165) HSO     + OH      = H2O     + SO           7.013E+06
 177) OCS     + OH      = CO2     + HS           1.308E+07
 193) OH      + NO3     = HO2     + NO2          2.313E+07
 209) OH      + HO2NO2  = H2O     + NO2     O2   2.191E+09
 220) CS2     + OH      = OCS     + HS           1.305E+04
 221) CS2     + OH      = CS2OH   +              5.219E+06
 242) C2H6S   + OH      = C2H5S   + H2O          2.462E+09
 243) C2H6S   + OH      = C2H7SO  +              8.371E+08
 257) C2H6SO  + OH      = CH4SO2  + CH3          8.363E+08
 258) CH4SO2  + OH      = CH3SO2  + H2O          8.363E+08

HO2                 PRODUCTION RXS              INT RX RATE    TP =  1.48E+12
   6) H       + O2      = HO2     +              1.135E+12
  12) OH      + O3      = HO2     + O2           2.205E+11
  13) OH      + H2O2    = HO2     + H2O          1.100E+10
  40) HCO     + O2      = HO2     + CO           6.660E+10
  41) CH2OH   + O2      = H2CO    + HO2          1.933E+08
  42) CH3O    + O2      = H2CO    + HO2          3.651E+10
  47) H2O2    + O       = OH      + HO2          2.561E+06
 116) HSO3    + O2      = HO2     + SO3          2.897E+09
 193) OH      + NO3     = HO2     + NO2          2.313E+07
 210) HO2NO2  + M       = HO2     + NO2          8.861E+08
 256) C2H7SO  + O2      = C2H6SO  + HO2          8.371E+08
 304) HO2NO2  + HV      = HO2     + NO2          1.139E+09

HO2                    LOSS RXS                INT RX RATE    TL =  1.48E+12
   7) H       + HO2     = H2      + O2           1.468E+09
   8) H       + HO2     = H2O     + O            3.404E+08
   9) H       + HO2     = OH      + OH           1.532E+10
  11) OH      + HO2     = H2O     + O2           1.179E+11
  14) HO2     + O       = OH      + O2           9.249E+11
  15) HO2     + O3      = OH      + O2      O2   1.215E+11
  16) HO2     + HO2     = H2O2    + O2           1.871E+10
  68) CH3O2   + HO2     = CH3OOH  + O2           1.995E+11
  79) NO      + HO2     = NO2     + OH           4.643E+10
 108) SO      + HO2     = SO2     + OH           7.663E+07
 125) HS      + HO2     = H2S     + O2           1.260E+06
 133) S       + HO2     = HS      + O2           1.662E+01
 134) S       + HO2     = SO      + OH           1.662E+01
 154) SO2     + HO2     = SO3     + OH           2.388E+04
 156) HS      + HO2     = HSO     + OH           1.260E+06
 190) HO2     + NO3     = OH      + NO2     O2   1.109E+07
 199) N       + HO2     = NO      + OH           5.309E+06
 207) HO2     + NO2     = HO2NO2  +              4.566E+09
 212) HO2     + NO2     = HNO2    + O2           1.553E+06
 272) HO2     + HV      = OH      + O            5.834E+09

H2O2                PRODUCTION RXS              INT RX RATE    TP =  1.91E+10
  16) HO2     + HO2     = H2O2    + O2           1.871E+10
  45) OH      + OH      = H2O2    +              4.084E+08

H2O2                   LOSS RXS                INT RX RATE    TL =  1.88E+10
  13) OH      + H2O2    = HO2     + H2O          1.100E+10
  47) H2O2    + O       = OH      + HO2          2.561E+06
 267) H2O2    + HV      = OH      + OH           6.239E+09

H2                  PRODUCTION RXS              INT RX RATE    TP =  3.21E+10
   7) H       + HO2     = H2      + O2           1.468E+09
  29) H       + HCO     = H2      + CO           3.951E+04
  38) H2CO    + H       = H2      + HCO          5.262E+04
  39) H       + H       = H2      +              1.380E+06
  52) CH4     + O1D     = H2CO    + H2           9.664E+07
  87) H       + HNO     = H2      + NO           6.331E+00
 101) C2H5    + OH      = CH3     + HCO     H2   5.880E+00
 121) H2S     + H       = H2      + HS           2.925E+00
 128) HS      + H       = H2      + S            2.171E+00
 167) HSO     + H       = H2      + SO           4.743E+01
 228) H       + HCS     = H2      + CS           4.027E-08
 262) H2O     + HV      = H2      + O1D          3.132E+09
 270) H2CO    + HV      = H2      + CO           2.671E+10
 273) CH4     + HV      = CH21    + H2           6.253E+08
 277) C2H6    + HV      = CH23    + CH23    H2   4.481E+00

H2                     LOSS RXS                INT RX RATE    TL =  5.74E+10
   2) H2      + O1D     = OH      + H            9.319E+08
   3) H2      + O       = OH      + H            2.317E+07
   4) H2      + OH      = H2O     + H            5.642E+10
  92) CH21    + H2      = CH3     + H            2.626E+04

CO                  PRODUCTION RXS              INT RX RATE    TP =  3.07E+11
  29) H       + HCO     = H2      + CO           3.951E+04
  30) HCO     + HCO     = H2CO    + CO           1.676E-02
  31) OH      + HCO     = H2O     + CO           3.670E+04
  33) O       + HCO     = OH      + CO           1.202E+06
  36) CO2     + H       = CO      + OH           6.445E-09
  40) HCO     + O2      = HO2     + CO           6.660E+10
  63) CH3     + HCO     = CH4     + CO           5.838E-01
  85) HCO     + NO      = HNO     + CO           4.683E+03
  93) CH21    + CO2     = H2CO    + CO           2.582E+04
  95) CH23    + CO2     = H2CO    + CO           1.244E+07
 102) C2H5    + HCO     = C2H6    + CO           1.201E-05
 127) HS      + HCO     = H2S     + CO           1.545E-01
 132) S       + HCO     = HS      + CO           1.579E-06
 162) SO      + HCO     = HSO     + CO           7.920E-01
 172) H       + OCS     = CO      + HS           1.156E+03
 174) O       + OCS     = CO      + SO           4.156E+07
 176) OCS     + S       = CO      + S2           9.194E+00
 180) CO      + O1D     = CO      + O            1.081E+08
 214) CS      + O2      = CO      + SO           6.021E+02
 217) CS      + O3      = CO      + SO2          6.327E+06
 237) CS2     + O       = CO      + S2           1.818E+05
 239) OCS     + H       = CO      + HS           1.152E+03
 241) CS      + O       = CO      + S            6.329E+01
 268) CO2     + HV      = CO      + O            7.226E+10
 269) CO2     + HV      = CO      + O1D          1.406E+11
 270) H2CO    + HV      = H2      + CO           2.671E+10
 300) OCS     + HV      = CO      + S            4.852E+08

CO                     LOSS RXS                INT RX RATE    TL =  2.97E+11
  28) H       + CO      = HCO     +              1.004E+07
  34) CO      + OH      = CO2     + H            2.970E+11
  35) CO      + O       = CO2     +              3.885E+07
 173) HS      + CO      = OCS     + H            5.273E-06
 179) S       + CO      = OCS     +              2.500E-01
 180) CO      + O1D     = CO      + O            1.081E+08
 188) OCS2    + CO      = OCS     + OCS          1.800E+01
 230) HS      + CO      = OCS     + H            5.337E-06

HCO                 PRODUCTION RXS              INT RX RATE    TP =  6.66E+10
  28) H       + CO      = HCO     +              1.004E+07
  38) H2CO    + H       = H2      + HCO          5.262E+04
  43) H2CO    + OH      = H2O     + HCO          4.304E+10
  46) H2CO    + O       = HCO     + OH           3.145E+08
  54) CH21    + O2      = HCO     + OH           5.805E+05
  58) CH23    + O2      = HCO     + OH           7.296E+08
  65) CH3     + H2CO    = CH4     + HCO          1.447E-02
  94) CH23    + O       = HCO     + H            1.558E+05
 100) C2H5    + O       = CH3     + HCO     H    1.574E+02
 101) C2H5    + OH      = CH3     + HCO     H2   5.880E+00
 104) C2H5    + O2      = CH3     + HCO     OH   9.000E+08
 271) H2CO    + HV      = HCO     + H            2.160E+10

HCO                    LOSS RXS                INT RX RATE    TL =  6.66E+10
  29) H       + HCO     = H2      + CO           3.951E+04
  30) HCO     + HCO     = H2CO    + CO           1.676E-02
  31) OH      + HCO     = H2O     + CO           3.670E+04
  32) O       + HCO     = H       + CO2          1.202E+06
  33) O       + HCO     = OH      + CO           1.202E+06
  40) HCO     + O2      = HO2     + CO           6.660E+10
  63) CH3     + HCO     = CH4     + CO           5.838E-01
  85) HCO     + NO      = HNO     + CO           4.683E+03
 102) C2H5    + HCO     = C2H6    + CO           1.201E-05
 127) HS      + HCO     = H2S     + CO           1.545E-01
 132) S       + HCO     = HS      + CO           1.579E-06
 162) SO      + HCO     = HSO     + CO           7.920E-01

H2CO                PRODUCTION RXS              INT RX RATE    TP =  9.39E+10
  30) HCO     + HCO     = H2CO    + CO           1.676E-02
  41) CH2OH   + O2      = H2CO    + HO2          1.933E+08
  42) CH3O    + O2      = H2CO    + HO2          3.651E+10
  52) CH4     + O1D     = H2CO    + H2           9.664E+07
  59) CH3     + O2      = H2CO    + OH           1.994E+03
  60) CH3     + O       = H2CO    + H            1.849E+07
  70) CH3OOH  + OH      = H2O     + H2CO    OH   5.461E+10
  93) CH21    + CO2     = H2CO    + CO           2.582E+04
  95) CH23    + CO2     = H2CO    + CO           1.244E+07
 247) C2H5SO  + HV      = H2CO    + CH3S         2.463E+09

H2CO                   LOSS RXS                INT RX RATE    TL =  9.32E+10
  38) H2CO    + H       = H2      + HCO          5.262E+04
  43) H2CO    + OH      = H2O     + HCO          4.304E+10
  46) H2CO    + O       = HCO     + OH           3.145E+08
  65) CH3     + H2CO    = CH4     + HCO          1.447E-02
 270) H2CO    + HV      = H2      + CO           2.671E+10
 271) H2CO    + HV      = HCO     + H            2.160E+10

CH3O                PRODUCTION RXS              INT RX RATE    TP =  3.65E+10
  50) CH4     + O1D     = CH3O    + H            1.933E+08
  67) CH3O2   + NO      = CH3O    + NO2          2.008E+10
 308) CH3OOH  + HV      = CH3O    + OH           1.624E+10

CH3O                   LOSS RXS                INT RX RATE    TL =  3.65E+10
  42) CH3O    + O2      = H2CO    + HO2          3.651E+10

CH2OH               PRODUCTION RXS              INT RX RATE    TP =  1.93E+08
  51) CH4     + O1D     = CH2OH   + H            1.933E+08

CH2OH                  LOSS RXS                INT RX RATE    TL =  1.93E+08
  41) CH2OH   + O2      = H2CO    + HO2          1.933E+08

CH3O2               PRODUCTION RXS              INT RX RATE    TP =  2.20E+11
  66) CH3     + O2      = CH3O2   +              9.213E+10
  69) CH3OOH  + OH      = CH3O2   + H2O          1.274E+11

CH3O2                  LOSS RXS                INT RX RATE    TL =  2.20E+11
  67) CH3O2   + NO      = CH3O    + NO2          2.008E+10
  68) CH3O2   + HO2     = CH3OOH  + O2           1.995E+11

CH3OOH              PRODUCTION RXS              INT RX RATE    TP =  1.99E+11
  68) CH3O2   + HO2     = CH3OOH  + O2           1.995E+11

CH3OOH                 LOSS RXS                INT RX RATE    TL =  1.99E+11
  69) CH3OOH  + OH      = CH3O2   + H2O          1.274E+11
  70) CH3OOH  + OH      = H2O     + H2CO    OH   5.461E+10
 308) CH3OOH  + HV      = CH3O    + OH           1.624E+10

CH4                 PRODUCTION RXS              INT RX RATE    TP =  4.09E+04
  62) CH3     + H       = CH4     +              4.088E+04
  63) CH3     + HCO     = CH4     + CO           5.838E-01
  64) CH3     + HNO     = CH4     + NO           2.431E-03
  65) CH3     + H2CO    = CH4     + HCO          1.447E-02
 233) CH3     + HCS     = CH4     + CS           6.639E-09
 278) C2H6    + HV      = CH4     + CH21         1.120E+00

CH4                    LOSS RXS                INT RX RATE    TL =  8.83E+10
  48) CH4     + OH      = CH3     + H2O          8.496E+10
  49) CH4     + O1D     = CH3     + OH           1.436E+09
  50) CH4     + O1D     = CH3O    + H            1.933E+08
  51) CH4     + O1D     = CH2OH   + H            1.933E+08
  52) CH4     + O1D     = H2CO    + H2           9.664E+07
  53) CH21    + CH4     = CH3     + CH3          1.709E-10
  91) CH4     + O       = CH3     + OH           4.299E+07
 273) CH4     + HV      = CH21    + H2           6.253E+08
 274) CH4     + HV      = CH3     + H            6.796E+08
 275) CH4     + HV      = CH23    + H       H    1.174E+08

CH3                 PRODUCTION RXS              INT RX RATE    TP =  9.22E+10
  48) CH4     + OH      = CH3     + H2O          8.496E+10
  49) CH4     + O1D     = CH3     + OH           1.436E+09
  53) CH21    + CH4     = CH3     + CH3          1.709E-10
  91) CH4     + O       = CH3     + OH           4.299E+07
  92) CH21    + H2      = CH3     + H            2.626E+04
  99) C2H5    + H       = CH3     + CH3          1.044E-03
 100) C2H5    + O       = CH3     + HCO     H    1.574E+02
 101) C2H5    + OH      = CH3     + HCO     H2   5.880E+00
 104) C2H5    + O2      = CH3     + HCO     OH   9.000E+08
 254) CH3SO2  + HV      = CH3     + SO2          3.190E+09
 255) CH3SO3  + HV      = CH3     + SO3          1.088E+08
 257) C2H6SO  + OH      = CH4SO2  + CH3          8.363E+08
 274) CH4     + HV      = CH3     + H            6.796E+08

CH3                    LOSS RXS                INT RX RATE    TL =  9.22E+10
  59) CH3     + O2      = H2CO    + OH           1.994E+03
  60) CH3     + O       = H2CO    + H            1.849E+07
  61) CH3     + CH3     = C2H6    +              1.601E+01
  62) CH3     + H       = CH4     +              4.088E+04
  63) CH3     + HCO     = CH4     + CO           5.838E-01
  64) CH3     + HNO     = CH4     + NO           2.431E-03
  65) CH3     + H2CO    = CH4     + HCO          1.447E-02
  66) CH3     + O2      = CH3O2   +              9.213E+10
 233) CH3     + HCS     = CH4     + CS           6.639E-09
 276) CH3     + HV      = CH21    + H            3.476E+04

C2H6                PRODUCTION RXS              INT RX RATE    TP =  1.60E+01
  61) CH3     + CH3     = C2H6    +              1.601E+01
 102) C2H5    + HCO     = C2H6    + CO           1.201E-05
 103) C2H5    + HNO     = C2H6    + NO           1.208E-06

C2H6                   LOSS RXS                INT RX RATE    TL =  9.00E+08
  96) C2H6    + OH      = C2H5    + H2O          8.992E+08
  97) C2H6    + O       = C2H5    + OH           3.622E+05
  98) C2H6    + O1D     = C2H5    + OH           4.205E+05
 277) C2H6    + HV      = CH23    + CH23    H2   4.481E+00
 278) C2H6    + HV      = CH4     + CH21         1.120E+00

NO                  PRODUCTION RXS              INT RX RATE    TP =  5.27E+11
  64) CH3     + HNO     = CH4     + NO           2.431E-03
  73) N       + O2      = NO      + O            1.777E+06
  75) N       + OH      = NO      + H            1.545E+07
  81) NO2     + O       = NO      + O2           1.067E+11
  83) NO2     + H       = NO      + OH           5.122E+06
  86) HNO     + HV      = NO      + H            2.362E+06
  87) H       + HNO     = H2      + NO           6.331E+00
  88) O       + HNO     = OH      + NO           3.651E+05
  89) OH      + HNO     = H2O     + NO           1.959E+05
 103) C2H5    + HNO     = C2H6    + NO           1.208E-06
 152) SO      + NO2     = SO2     + NO           1.111E+08
 157) HS      + NO2     = HSO     + NO           1.984E+06
 198) O1D     + N2O     = NO      + NO           1.721E+08
 199) N       + HO2     = NO      + OH           5.309E+06
 204) NO2     + NO3     = NO      + NO2     O2   1.023E+03
 249) CH3S    + NO2     = CH3SO   + NO           3.667E+05
 251) CH3SO   + NO2     = CH3SO2  + NO           1.301E+06
 253) CH3SO2  + NO2     = CH3SO3  + NO           1.029E+04
 279) HNO2    + HV      = NO      + OH           6.192E+09
 284) NO2     + HV      = NO      + O1D          1.479E+08
 285) NO2     + HV      = NO      + O            4.123E+11
 301) NO3     + HV      = NO      + O2           1.337E+09
 307) N2O5    + HV      = NO3     + NO      O    6.020E+06

NO                     LOSS RXS                INT RX RATE    TL =  5.27E+11
  67) CH3O2   + NO      = CH3O    + NO2          2.008E+10
  71) H       + NO      = HNO     +              5.230E+04
  76) N       + NO      = N2      + O            6.876E+07
  77) NO      + O3      = NO2     + O2           4.398E+11
  78) NO      + O       = NO2     +              1.163E+10
  79) NO      + HO2     = NO2     + OH           4.643E+10
  80) NO      + OH      = HNO2    +              5.748E+09
  85) HCO     + NO      = HNO     + CO           4.683E+03
 164) HSO     + NO      = HNO     + SO           2.867E+06
 191) NO      + NO3     = NO2     + NO2          8.576E+08
 246) C2H5SO2 + NO      = C2H5SO  + NO2          2.463E+09
 283) NO      + HV      = N       + O            1.005E+08

NO2                 PRODUCTION RXS              INT RX RATE    TP =  5.39E+11
  67) CH3O2   + NO      = CH3O    + NO2          2.008E+10
  77) NO      + O3      = NO2     + O2           4.398E+11
  78) NO      + O       = NO2     +              1.163E+10
  79) NO      + HO2     = NO2     + OH           4.643E+10
  90) HNO2    + OH      = H2O     + NO2          2.132E+08
 189) O       + NO3     = O2      + NO2          1.952E+08
 190) HO2     + NO3     = OH      + NO2     O2   1.109E+07
 191) NO      + NO3     = NO2     + NO2          8.576E+08
 193) OH      + NO3     = HO2     + NO2          2.313E+07
 200) O       + N2O5    = NO2     + NO2     O2   5.148E+03
 202) N2O5    + M       = NO3     + NO2          7.278E+04
 204) NO2     + NO3     = NO      + NO2     O2   1.023E+03
 206) NO3     + NO3     = NO2     + NO2     O2   9.002E-02
 208) O       + HO2NO2  = OH      + NO2     O2   1.552E+04
 209) OH      + HO2NO2  = H2O     + NO2     O2   2.191E+09
 210) HO2NO2  + M       = HO2     + NO2          8.861E+08
 246) C2H5SO2 + NO      = C2H5SO  + NO2          2.463E+09
 280) HNO3    + HV      = NO2     + OH           2.160E+09
 302) NO3     + HV      = NO2     + O            9.686E+09
 304) HO2NO2  + HV      = HO2     + NO2          1.139E+09
 306) N2O5    + HV      = NO3     + NO2          8.258E+06

NO2                    LOSS RXS                INT RX RATE    TL =  5.39E+11
  81) NO2     + O       = NO      + O2           1.067E+11
  82) NO2     + OH      = HNO3    +              4.065E+09
  83) NO2     + H       = NO      + OH           5.122E+06
 152) SO      + NO2     = SO2     + NO           1.111E+08
 157) HS      + NO2     = HSO     + NO           1.984E+06
 192) O       + NO2     = NO3     +              1.055E+10
 195) N       + NO2     = N2O     + O            9.207E+06
 201) NO2     + NO3     = N2O5    +              1.436E+07
 204) NO2     + NO3     = NO      + NO2     O2   1.023E+03
 205) NO2     + O3      = NO3     + O2           1.871E+08
 207) HO2     + NO2     = HO2NO2  +              4.566E+09
 212) HO2     + NO2     = HNO2    + O2           1.553E+06
 249) CH3S    + NO2     = CH3SO   + NO           3.667E+05
 251) CH3SO   + NO2     = CH3SO2  + NO           1.301E+06
 253) CH3SO2  + NO2     = CH3SO3  + NO           1.029E+04
 284) NO2     + HV      = NO      + O1D          1.479E+08
 285) NO2     + HV      = NO      + O            4.123E+11

HNO                 PRODUCTION RXS              INT RX RATE    TP =  2.92E+06
  71) H       + NO      = HNO     +              5.230E+04
  85) HCO     + NO      = HNO     + CO           4.683E+03
 164) HSO     + NO      = HNO     + SO           2.867E+06

HNO                    LOSS RXS                INT RX RATE    TL =  2.92E+06
  64) CH3     + HNO     = CH4     + NO           2.431E-03
  86) HNO     + HV      = NO      + H            2.362E+06
  87) H       + HNO     = H2      + NO           6.331E+00
  88) O       + HNO     = OH      + NO           3.651E+05
  89) OH      + HNO     = H2O     + NO           1.959E+05
 103) C2H5    + HNO     = C2H6    + NO           1.208E-06

H2S                 PRODUCTION RXS              INT RX RATE    TP =  1.26E+06
 125) HS      + HO2     = H2S     + O2           1.260E+06
 126) HS      + HS      = H2S     + S            1.269E+02
 127) HS      + HCO     = H2S     + CO           1.545E-01
 168) HSO     + HS      = H2S     + SO           2.826E+02
 235) HS      + HCS     = H2S     + CS           2.718E-07

H2S                    LOSS RXS                INT RX RATE    TL =  1.26E+06
 120) H2S     + OH      = H2O     + HS           1.167E+06
 121) H2S     + H       = H2      + HS           2.925E+00
 122) H2S     + O       = OH      + HS           1.519E+03
 287) H2S     + HV      = HS      + H            8.809E+04

HS                  PRODUCTION RXS              INT RX RATE    TP =  4.85E+09
 120) H2S     + OH      = H2O     + HS           1.167E+06
 121) H2S     + H       = H2      + HS           2.925E+00
 122) H2S     + O       = OH      + HS           1.519E+03
 132) S       + HCO     = HS      + CO           1.579E-06
 133) S       + HO2     = HS      + O2           1.662E+01
 166) HSO     + H       = HS      + OH           9.486E+01
 170) HSO     + O3      = HS      + O2      O2   4.833E+09
 171) HSO     + S       = HS      + SO           1.215E-02
 172) H       + OCS     = CO      + HS           1.156E+03
 177) OCS     + OH      = CO2     + HS           1.308E+07
 220) CS2     + OH      = OCS     + HS           1.305E+04
 231) CH21    + S2      = HCS     + HS           6.879E-15
 232) CH23    + S2      = HCS     + HS           4.784E-12
 236) S       + HCS     = HS      + CS           6.028E-12
 239) OCS     + H       = CO      + HS           1.152E+03
 287) H2S     + HV      = HS      + H            8.809E+04
 299) HSO     + HV      = HS      + O            7.560E+04

HS                     LOSS RXS                INT RX RATE    TL =  4.85E+09
 123) HS      + O       = H       + SO           6.360E+05
 125) HS      + HO2     = H2S     + O2           1.260E+06
 126) HS      + HS      = H2S     + S            1.269E+02
 127) HS      + HCO     = H2S     + CO           1.545E-01
 128) HS      + H       = H2      + S            2.171E+00
 129) HS      + S       = H       + S2           2.867E-04
 155) HS      + O3      = HSO     + O2           4.842E+09
 156) HS      + HO2     = HSO     + OH           1.260E+06
 157) HS      + NO2     = HSO     + NO           1.984E+06
 168) HSO     + HS      = H2S     + SO           2.826E+02
 173) HS      + CO      = OCS     + H            5.273E-06
 226) CS      + HS      = CS2     + H            2.652E-03
 230) HS      + CO      = OCS     + H            5.337E-06
 235) HS      + HCS     = H2S     + CS           2.718E-07

S                   PRODUCTION RXS              INT RX RATE    TP =  5.00E+08
 126) HS      + HS      = H2S     + S            1.269E+02
 128) HS      + H       = H2      + S            2.171E+00
 136) S2      + O       = S       + SO           4.253E+04
 159) SO      + SO      = SO2     + S            1.501E+01
 175) O       + OCS     = S       + CO2          3.218E+02
 219) CS2     + O       = OCS     + S            8.181E+05
 241) CS      + O       = CO      + S            6.329E+01
 286) SO      + HV      = S       + O            3.866E+06
 292) S2      + HV      = S       + S            1.392E+05
 294) S3      + HV      = S2      + S            3.634E-05
 300) OCS     + HV      = CO      + S            4.852E+08
 309) CS2     + HV      = CS      + S            1.026E+07

S                      LOSS RXS                INT RX RATE    TL =  5.00E+08
 129) HS      + S       = H       + S2           2.867E-04
 130) S       + O2      = SO      + O            4.984E+08
 131) S       + OH      = SO      + H            3.397E+01
 132) S       + HCO     = HS      + CO           1.579E-06
 133) S       + HO2     = HS      + O2           1.662E+01
 134) S       + HO2     = SO      + OH           1.662E+01
 135) S       + S       = S2      +              4.617E-11
 139) S       + S2      = S3      +              3.634E-05
 141) S       + S3      = S4      +              1.367E-18
 158) S       + O3      = SO      + O2           2.043E+06
 171) HSO     + S       = HS      + SO           1.215E-02
 176) OCS     + S       = CO      + S2           9.194E+00
 179) S       + CO      = OCS     +              2.500E-01
 184) OCS     + S       = OCS2    +              1.800E+01
 185) OCS2    + S       = OCS     + S2           4.163E-11
 229) S       + HCS     = H       + CS2          1.206E-11
 234) CH23    + S       = HCS     + H            3.967E-13
 236) S       + HCS     = HS      + CS           6.028E-12
 240) CS2     + S       = CS      + S2           3.314E-05

SO                  PRODUCTION RXS              INT RX RATE    TP =  3.69E+09
 106) SO2     + O1D     = SO      + O2           2.565E+04
 123) HS      + O       = H       + SO           6.360E+05
 130) S       + O2      = SO      + O            4.984E+08
 131) S       + OH      = SO      + H            3.397E+01
 134) S       + HO2     = SO      + OH           1.662E+01
 136) S2      + O       = S       + SO           4.253E+04
 148) SO21    + SO2     = SO3     + SO           1.762E+00
 151) SO23    + SO2     = SO3     + SO           2.142E-01
 158) S       + O3      = SO      + O2           2.043E+06
 164) HSO     + NO      = HNO     + SO           2.867E+06
 165) HSO     + OH      = H2O     + SO           7.013E+06
 167) HSO     + H       = H2      + SO           4.743E+01
 168) HSO     + HS      = H2S     + SO           2.826E+02
 169) HSO     + O       = OH      + SO           2.254E+06
 171) HSO     + S       = HS      + SO           1.215E-02
 174) O       + OCS     = CO      + SO           4.156E+07
 214) CS      + O2      = CO      + SO           6.021E+02
 216) CS      + O3      = SO      + CO2          6.327E+06
 218) CS2     + O       = SO      + CS           8.726E+06
 288) SO2     + HV      = SO      + O            3.121E+09

SO                     LOSS RXS                INT RX RATE    TL =  3.69E+09
 107) SO      + O2      = O       + SO2          9.520E+08
 108) SO      + HO2     = SO2     + OH           7.663E+07
 109) SO      + O       = SO2     +              1.475E+07
 110) SO      + OH      = SO2     + H            5.807E+07
 152) SO      + NO2     = SO2     + NO           1.111E+08
 153) SO      + O3      = SO2     + O2           2.475E+09
 159) SO      + SO      = SO2     + S            1.501E+01
 160) SO3     + SO      = SO2     + SO2          2.597E-02
 162) SO      + HCO     = HSO     + CO           7.920E-01
 163) H       + SO      = HSO     +              1.059E+01
 238) CS2     + SO      = OCS     + S2           4.022E-01
 286) SO      + HV      = S       + O            3.866E+06

SO2                 PRODUCTION RXS              INT RX RATE    TP =  1.02E+11
 105) SO2     + O1D     = SO2     + O            7.997E+03
 107) SO      + O2      = O       + SO2          9.520E+08
 108) SO      + HO2     = SO2     + OH           7.663E+07
 109) SO      + O       = SO2     +              1.475E+07
 110) SO      + OH      = SO2     + H            5.807E+07
 115) SO3     + O       = SO2     + O2           4.874E-01
 144) SO21    + M       = SO2     + M            8.604E+10
 146) SO21    + HV      = SO2     + HV           1.399E+07
 149) SO23    + M       = SO2     + M            8.933E+09
 150) SO23    + HV      = SO2     + HV           4.813E+06
 152) SO      + NO2     = SO2     + NO           1.111E+08
 153) SO      + O3      = SO2     + O2           2.475E+09
 159) SO      + SO      = SO2     + S            1.501E+01
 160) SO3     + SO      = SO2     + SO2          2.597E-02
 217) CS      + O3      = CO      + SO2          6.327E+06
 224) CS2X    + O2      = CS      + SO2          8.383E+02
 254) CH3SO2  + HV      = CH3     + SO2          3.190E+09
 298) SO3     + HV      = SO2     + O            9.068E+02

SO2                    LOSS RXS                INT RX RATE    TL =  1.02E+11
 105) SO2     + O1D     = SO2     + O            7.997E+03
 106) SO2     + O1D     = SO      + O2           2.565E+04
 111) SO2     + OH      = HSO3    +              2.897E+09
 112) SO2     + O       = SO3     +              2.538E+07
 148) SO21    + SO2     = SO3     + SO           1.762E+00
 151) SO23    + SO2     = SO3     + SO           2.142E-01
 154) SO2     + HO2     = SO3     + OH           2.388E+04
 288) SO2     + HV      = SO      + O            3.121E+09
 289) SO2     + HV      = SO21    +              9.466E+10
 290) SO2     + HV      = SO23    +              3.327E+08

H2SO4               PRODUCTION RXS              INT RX RATE    TP =  4.35E+09
 113) SO3     + H2O     = H2SO4   +              4.351E+09

H2SO4                  LOSS RXS                INT RX RATE    TL =  4.07E+09
 114) H2SO4   + H2O     = SO3     + H2O     H2O  1.316E+09
 291) H2SO4   + HV      = SO3     + H2O          3.809E+06

HSO                 PRODUCTION RXS              INT RX RATE    TP =  4.85E+09
 155) HS      + O3      = HSO     + O2           4.842E+09
 156) HS      + HO2     = HSO     + OH           1.260E+06
 157) HS      + NO2     = HSO     + NO           1.984E+06
 162) SO      + HCO     = HSO     + CO           7.920E-01
 163) H       + SO      = HSO     +              1.059E+01

HSO                    LOSS RXS                INT RX RATE    TL =  4.85E+09
 164) HSO     + NO      = HNO     + SO           2.867E+06
 165) HSO     + OH      = H2O     + SO           7.013E+06
 166) HSO     + H       = HS      + OH           9.486E+01
 167) HSO     + H       = H2      + SO           4.743E+01
 168) HSO     + HS      = H2S     + SO           2.826E+02
 169) HSO     + O       = OH      + SO           2.254E+06
 170) HSO     + O3      = HS      + O2      O2   4.833E+09
 171) HSO     + S       = HS      + SO           1.215E-02
 299) HSO     + HV      = HS      + O            7.560E+04

S2                  PRODUCTION RXS              INT RX RATE    TP =  1.82E+05
 129) HS      + S       = H       + S2           2.867E-04
 135) S       + S       = S2      +              4.617E-11
 176) OCS     + S       = CO      + S2           9.194E+00
 185) OCS2    + S       = OCS     + S2           4.163E-11
 225) CS2X    + CS2     = CS      + CS      S2   1.631E-06
 237) CS2     + O       = CO      + S2           1.818E+05
 238) CS2     + SO      = OCS     + S2           4.022E-01
 240) CS2     + S       = CS      + S2           3.314E-05
 293) S4      + HV      = S2      + S2           1.524E+02
 294) S3      + HV      = S2      + S            3.634E-05

S2                     LOSS RXS                INT RX RATE    TL =  1.82E+05
 136) S2      + O       = S       + SO           4.253E+04
 139) S       + S2      = S3      +              3.634E-05
 140) S2      + S2      = S4      +              1.524E+02
 231) CH21    + S2      = HCS     + HS           6.879E-15
 232) CH23    + S2      = HCS     + HS           4.784E-12
 292) S2      + HV      = S       + S            1.392E+05

S4                  PRODUCTION RXS              INT RX RATE    TP =  1.52E+02
 140) S2      + S2      = S4      +              1.524E+02
 141) S       + S3      = S4      +              1.367E-18
 297) S8      + HV      = S4      + S4           1.585E-10

S4                     LOSS RXS                INT RX RATE    TL =  1.52E+02
 142) S4      + S4      = S8      +              1.585E-10
 293) S4      + HV      = S2      + S2           1.524E+02

S8                  PRODUCTION RXS              INT RX RATE    TP =  1.59E-10
 142) S4      + S4      = S8      +              1.585E-10

S8                     LOSS RXS                INT RX RATE    TL =  1.59E-10
 297) S8      + HV      = S4      + S4           1.585E-10

SO3                 PRODUCTION RXS              INT RX RATE    TP =  4.35E+09
 112) SO2     + O       = SO3     +              2.538E+07
 114) H2SO4   + H2O     = SO3     + H2O     H2O  1.316E+09
 116) HSO3    + O2      = HO2     + SO3          2.897E+09
 147) SO21    + O2      = SO3     + O            1.829E+02
 148) SO21    + SO2     = SO3     + SO           1.762E+00
 151) SO23    + SO2     = SO3     + SO           2.142E-01
 154) SO2     + HO2     = SO3     + OH           2.388E+04
 255) CH3SO3  + HV      = CH3     + SO3          1.088E+08
 291) H2SO4   + HV      = SO3     + H2O          3.809E+06

SO3                    LOSS RXS                INT RX RATE    TL =  4.35E+09
 113) SO3     + H2O     = H2SO4   +              4.351E+09
 115) SO3     + O       = SO2     + O2           4.874E-01
 160) SO3     + SO      = SO2     + SO2          2.597E-02
 298) SO3     + HV      = SO2     + O            9.068E+02

OCS                 PRODUCTION RXS              INT RX RATE    TP =  7.16E+06
 173) HS      + CO      = OCS     + H            5.273E-06
 179) S       + CO      = OCS     +              2.500E-01
 185) OCS2    + S       = OCS     + S2           4.163E-11
 188) OCS2    + CO      = OCS     + OCS          1.800E+01
 213) CS      + O2      = OCS     + O            4.817E+03
 215) CS      + O3      = OCS     + O2           6.327E+06
 219) CS2     + O       = OCS     + S            8.181E+05
 220) CS2     + OH      = OCS     + HS           1.305E+04
 230) HS      + CO      = OCS     + H            5.337E-06
 238) CS2     + SO      = OCS     + S2           4.022E-01

OCS                    LOSS RXS                INT RX RATE    TL =  5.40E+08
 172) H       + OCS     = CO      + HS           1.156E+03
 174) O       + OCS     = CO      + SO           4.156E+07
 175) O       + OCS     = S       + CO2          3.218E+02
 176) OCS     + S       = CO      + S2           9.194E+00
 177) OCS     + OH      = CO2     + HS           1.308E+07
 184) OCS     + S       = OCS2    +              1.800E+01
 239) OCS     + H       = CO      + HS           1.152E+03
 300) OCS     + HV      = CO      + S            4.852E+08

S3                  PRODUCTION RXS              INT RX RATE    TP =  3.63E-05
 139) S       + S2      = S3      +              3.634E-05

S3                     LOSS RXS                INT RX RATE    TL =  3.63E-05
 141) S       + S3      = S4      +              1.367E-18
 294) S3      + HV      = S2      + S            3.634E-05

O3                  PRODUCTION RXS              INT RX RATE    TP =  9.14E+14
  18) O       + O2      = O3      +              9.138E+14

O3                     LOSS RXS                INT RX RATE    TL =  9.14E+14
   5) H       + O3      = OH      + O2           1.901E+11
  12) OH      + O3      = HO2     + O2           2.205E+11
  15) HO2     + O3      = OH      + O2      O2   1.215E+11
  19) O       + O3      = O2      + O2           4.345E+10
  20) O1D     + O3      = O2      + O2           4.087E+08
  21) O1D     + O3      = O       + O       O2   4.087E+08
  26) O3      + HV      = O2      + O            8.828E-11
  27) O3      + O3      = O2      + O2      O2   1.020E+03
  77) NO      + O3      = NO2     + O2           4.398E+11
 153) SO      + O3      = SO2     + O2           2.475E+09
 155) HS      + O3      = HSO     + O2           4.842E+09
 158) S       + O3      = SO      + O2           2.043E+06
 170) HSO     + O3      = HS      + O2      O2   4.833E+09
 205) NO2     + O3      = NO3     + O2           1.871E+08
 215) CS      + O3      = OCS     + O2           6.327E+06
 216) CS      + O3      = SO      + CO2          6.327E+06
 217) CS      + O3      = CO      + SO2          6.327E+06
 248) CH3S    + O3      = CH3SO   + O2           2.463E+09
 250) CH3SO   + O3      = CH3SO2  + O2           2.462E+09
 252) CH3SO2  + O3      = CH3SO3  + O2           1.088E+08
 264) O3      + HV      = O2      + O1D          4.263E+14
 265) O3      + HV      = O2      + O            4.860E+14
 266) O3      + HV      = O       + O       O    3.417E+11

HNO3                PRODUCTION RXS              INT RX RATE    TP =  4.07E+09
  82) NO2     + OH      = HNO3    +              4.065E+09
 203) N2O5    + H2O     = HNO3    + HNO3         7.638E+03
 244) C2H6S   + NO3     = C2H5S   + HNO3         8.114E+05

HNO3                   LOSS RXS                INT RX RATE    TL =  4.04E+09
  84) HNO3    + OH      = H2O     + NO3          1.055E+09
 211) O       + HNO3    = OH      + NO3          3.983E+05
 280) HNO3    + HV      = NO2     + OH           2.160E+09
 281) HNO3    + HV      = HNO2    + O            3.815E+08
 282) HNO3    + HV      = HNO2    + O1D          2.739E+08

N                   PRODUCTION RXS              INT RX RATE    TP =  1.01E+08
 283) NO      + HV      = N       + O            1.005E+08

N                      LOSS RXS                INT RX RATE    TL =  1.01E+08
  72) N       + N       = N2      +              6.628E+00
  73) N       + O2      = NO      + O            1.777E+06
  75) N       + OH      = NO      + H            1.545E+07
  76) N       + NO      = N2      + O            6.876E+07
 195) N       + NO2     = N2O     + O            9.207E+06
 199) N       + HO2     = NO      + OH           5.309E+06

NO3                 PRODUCTION RXS              INT RX RATE    TP =  1.21E+10
  84) HNO3    + OH      = H2O     + NO3          1.055E+09
 192) O       + NO2     = NO3     +              1.055E+10
 202) N2O5    + M       = NO3     + NO2          7.278E+04
 205) NO2     + O3      = NO3     + O2           1.871E+08
 211) O       + HNO3    = OH      + NO3          3.983E+05
 305) HO2NO2  + HV      = OH      + NO3          3.184E+08
 306) N2O5    + HV      = NO3     + NO2          8.258E+06
 307) N2O5    + HV      = NO3     + NO      O    6.020E+06

NO3                    LOSS RXS                INT RX RATE    TL =  1.21E+10
 189) O       + NO3     = O2      + NO2          1.952E+08
 190) HO2     + NO3     = OH      + NO2     O2   1.109E+07
 191) NO      + NO3     = NO2     + NO2          8.576E+08
 193) OH      + NO3     = HO2     + NO2          2.313E+07
 201) NO2     + NO3     = N2O5    +              1.436E+07
 204) NO2     + NO3     = NO      + NO2     O2   1.023E+03
 206) NO3     + NO3     = NO2     + NO2     O2   9.002E-02
 244) C2H6S   + NO3     = C2H5S   + HNO3         8.114E+05
 301) NO3     + HV      = NO      + O2           1.337E+09
 302) NO3     + HV      = NO2     + O            9.686E+09

N2O                 PRODUCTION RXS              INT RX RATE    TP =  9.21E+06
 195) N       + NO2     = N2O     + O            9.207E+06

N2O                    LOSS RXS                INT RX RATE    TL =  1.06E+11
 194) H       + N2O     = N2      + OH           7.469E-03
 197) O1D     + N2O     = N2      + O2           1.100E+08
 198) O1D     + N2O     = NO      + NO           1.721E+08
 303) N2O     + HV      = N2      + O1D          1.054E+11

HO2NO2              PRODUCTION RXS              INT RX RATE    TP =  4.57E+09
 207) HO2     + NO2     = HO2NO2  +              4.566E+09

HO2NO2                 LOSS RXS                INT RX RATE    TL =  4.57E+09
 208) O       + HO2NO2  = OH      + NO2     O2   1.552E+04
 209) OH      + HO2NO2  = H2O     + NO2     O2   2.191E+09
 210) HO2NO2  + M       = HO2     + NO2          8.861E+08
 304) HO2NO2  + HV      = HO2     + NO2          1.139E+09
 305) HO2NO2  + HV      = OH      + NO3          3.184E+08

N2O5                PRODUCTION RXS              INT RX RATE    TP =  1.44E+07
 201) NO2     + NO3     = N2O5    +              1.436E+07

N2O5                   LOSS RXS                INT RX RATE    TL =  1.44E+07
 200) O       + N2O5    = NO2     + NO2     O2   5.148E+03
 202) N2O5    + M       = NO3     + NO2          7.278E+04
 203) N2O5    + H2O     = HNO3    + HNO3         7.638E+03
 306) N2O5    + HV      = NO3     + NO2          8.258E+06
 307) N2O5    + HV      = NO3     + NO      O    6.020E+06

NH                  PRODUCTION RXS              INT RX RATE    TP =  0.00E+00

NH                     LOSS RXS                INT RX RATE    TL =  0.00E+00

NH2                 PRODUCTION RXS              INT RX RATE    TP =  0.00E+00

NH2                    LOSS RXS                INT RX RATE    TL =  0.00E+00

NH3                 PRODUCTION RXS              INT RX RATE    TP =  0.00E+00

NH3                    LOSS RXS                INT RX RATE    TL =  1.50E+10

CO2                 PRODUCTION RXS              INT RX RATE    TP =  8.52E+11
  32) O       + HCO     = H       + CO2          1.202E+06
  34) CO      + OH      = CO2     + H            2.970E+11
  35) CO      + O       = CO2     +              3.885E+07
 175) O       + OCS     = S       + CO2          3.218E+02
 177) OCS     + OH      = CO2     + HS           1.308E+07
 182) CO2     + O1D     = CO2     + O            5.547E+11
 216) CS      + O3      = SO      + CO2          6.327E+06

CO2                    LOSS RXS                INT RX RATE    TL =  7.68E+11
  36) CO2     + H       = CO      + OH           6.445E-09
  93) CH21    + CO2     = H2CO    + CO           2.582E+04
  95) CH23    + CO2     = H2CO    + CO           1.244E+07
 182) CO2     + O1D     = CO2     + O            5.547E+11
 268) CO2     + HV      = CO      + O            7.226E+10
 269) CO2     + HV      = CO      + O1D          1.406E+11

CS                  PRODUCTION RXS              INT RX RATE    TP =  1.90E+07
 218) CS2     + O       = SO      + CS           8.726E+06
 224) CS2X    + O2      = CS      + SO2          8.383E+02
 225) CS2X    + CS2     = CS      + CS      S2   1.631E-06
 228) H       + HCS     = H2      + CS           4.027E-08
 233) CH3     + HCS     = CH4     + CS           6.639E-09
 235) HS      + HCS     = H2S     + CS           2.718E-07
 236) S       + HCS     = HS      + CS           6.028E-12
 240) CS2     + S       = CS      + S2           3.314E-05
 309) CS2     + HV      = CS      + S            1.026E+07

CS                     LOSS RXS                INT RX RATE    TL =  1.90E+07
 213) CS      + O2      = OCS     + O            4.817E+03
 214) CS      + O2      = CO      + SO           6.021E+02
 215) CS      + O3      = OCS     + O2           6.327E+06
 216) CS      + O3      = SO      + CO2          6.327E+06
 217) CS      + O3      = CO      + SO2          6.327E+06
 226) CS      + HS      = CS2     + H            2.652E-03
 227) H       + CS      = HCS     +              3.187E-07
 241) CS      + O       = CO      + S            6.329E+01

CS2                 PRODUCTION RXS              INT RX RATE    TP =  1.04E+08
 222) CS2OH   + HV      = CS2     + OH           5.219E+06
 223) CS2X    + M       = CS2     + M            9.852E+07
 226) CS      + HS      = CS2     + H            2.652E-03
 229) S       + HCS     = H       + CS2          1.206E-11

CS2                    LOSS RXS                INT RX RATE    TL =  1.24E+08
 218) CS2     + O       = SO      + CS           8.726E+06
 219) CS2     + O       = OCS     + S            8.181E+05
 220) CS2     + OH      = OCS     + HS           1.305E+04
 221) CS2     + OH      = CS2OH   +              5.219E+06
 225) CS2X    + CS2     = CS      + CS      S2   1.631E-06
 237) CS2     + O       = CO      + S2           1.818E+05
 238) CS2     + SO      = OCS     + S2           4.022E-01
 240) CS2     + S       = CS      + S2           3.314E-05
 309) CS2     + HV      = CS      + S            1.026E+07
 310) CS2     + HV      = CS2X    +              9.852E+07

HCS                 PRODUCTION RXS              INT RX RATE    TP =  3.19E-07
 227) H       + CS      = HCS     +              3.187E-07
 231) CH21    + S2      = HCS     + HS           6.879E-15
 232) CH23    + S2      = HCS     + HS           4.784E-12
 234) CH23    + S       = HCS     + H            3.967E-13

HCS                    LOSS RXS                INT RX RATE    TL =  3.19E-07
 228) H       + HCS     = H2      + CS           4.027E-08
 229) S       + HCS     = H       + CS2          1.206E-11
 233) CH3     + HCS     = CH4     + CS           6.639E-09
 235) HS      + HCS     = H2S     + CS           2.718E-07
 236) S       + HCS     = HS      + CS           6.028E-12

C2H6S               PRODUCTION RXS              INT RX RATE    TP =  0.00E+00

C2H6S                  LOSS RXS                INT RX RATE    TL =  3.30E+09
 242) C2H6S   + OH      = C2H5S   + H2O          2.462E+09
 243) C2H6S   + OH      = C2H7SO  +              8.371E+08
 244) C2H6S   + NO3     = C2H5S   + HNO3         8.114E+05

C2H5S               PRODUCTION RXS              INT RX RATE    TP =  2.46E+09
 242) C2H6S   + OH      = C2H5S   + H2O          2.462E+09
 244) C2H6S   + NO3     = C2H5S   + HNO3         8.114E+05

C2H5S                  LOSS RXS                INT RX RATE    TL =  2.46E+09
 245) C2H5S   + O2      = C2H5SO2 +              2.463E+09

C2H5SO              PRODUCTION RXS              INT RX RATE    TP =  2.46E+09
 246) C2H5SO2 + NO      = C2H5SO  + NO2          2.463E+09

C2H5SO                 LOSS RXS                INT RX RATE    TL =  2.46E+09
 247) C2H5SO  + HV      = H2CO    + CH3S         2.463E+09

C2H5SO2             PRODUCTION RXS              INT RX RATE    TP =  2.46E+09
 245) C2H5S   + O2      = C2H5SO2 +              2.463E+09

C2H5SO2                LOSS RXS                INT RX RATE    TL =  2.46E+09
 246) C2H5SO2 + NO      = C2H5SO  + NO2          2.463E+09

CH3S                PRODUCTION RXS              INT RX RATE    TP =  2.46E+09
 247) C2H5SO  + HV      = H2CO    + CH3S         2.463E+09

CH3S                   LOSS RXS                INT RX RATE    TL =  2.46E+09
 248) CH3S    + O3      = CH3SO   + O2           2.463E+09
 249) CH3S    + NO2     = CH3SO   + NO           3.667E+05

CH3SO               PRODUCTION RXS              INT RX RATE    TP =  2.46E+09
 248) CH3S    + O3      = CH3SO   + O2           2.463E+09
 249) CH3S    + NO2     = CH3SO   + NO           3.667E+05

CH3SO                  LOSS RXS                INT RX RATE    TL =  2.46E+09
 250) CH3SO   + O3      = CH3SO2  + O2           2.462E+09
 251) CH3SO   + NO2     = CH3SO2  + NO           1.301E+06

CH3SO2              PRODUCTION RXS              INT RX RATE    TP =  3.30E+09
 250) CH3SO   + O3      = CH3SO2  + O2           2.462E+09
 251) CH3SO   + NO2     = CH3SO2  + NO           1.301E+06
 258) CH4SO2  + OH      = CH3SO2  + H2O          8.363E+08

CH3SO2                 LOSS RXS                INT RX RATE    TL =  3.30E+09
 252) CH3SO2  + O3      = CH3SO3  + O2           1.088E+08
 253) CH3SO2  + NO2     = CH3SO3  + NO           1.029E+04
 254) CH3SO2  + HV      = CH3     + SO2          3.190E+09

CH3SO3              PRODUCTION RXS              INT RX RATE    TP =  1.09E+08
 252) CH3SO2  + O3      = CH3SO3  + O2           1.088E+08
 253) CH3SO2  + NO2     = CH3SO3  + NO           1.029E+04

CH3SO3                 LOSS RXS                INT RX RATE    TL =  1.09E+08
 255) CH3SO3  + HV      = CH3     + SO3          1.088E+08

CH4SO2              PRODUCTION RXS              INT RX RATE    TP =  8.36E+08
 257) C2H6SO  + OH      = CH4SO2  + CH3          8.363E+08

CH4SO2                 LOSS RXS                INT RX RATE    TL =  8.36E+08
 258) CH4SO2  + OH      = CH3SO2  + H2O          8.363E+08

C2H6SO              PRODUCTION RXS              INT RX RATE    TP =  8.37E+08
 256) C2H7SO  + O2      = C2H6SO  + HO2          8.371E+08

C2H6SO                 LOSS RXS                INT RX RATE    TL =  8.37E+08
 257) C2H6SO  + OH      = CH4SO2  + CH3          8.363E+08

C2H7SO              PRODUCTION RXS              INT RX RATE    TP =  8.37E+08
 243) C2H6S   + OH      = C2H7SO  +              8.371E+08

C2H7SO                 LOSS RXS                INT RX RATE    TL =  8.37E+08
 256) C2H7SO  + O2      = C2H6SO  + HO2          8.371E+08

SO4AER              PRODUCTION RXS              INT RX RATE    TP =  2.54E+09

SO4AER                 LOSS RXS                INT RX RATE    TL =  2.50E+09

S8AER               PRODUCTION RXS              INT RX RATE    TP =  0.00E+00

S8AER                  LOSS RXS                INT RX RATE    TL =  1.79E-19

HNO2                PRODUCTION RXS              INT RX RATE    TP =  0.00E+00
  80) NO      + OH      = HNO2    +              5.748E+09
 212) HO2     + NO2     = HNO2    + O2           1.553E+06
 281) HNO3    + HV      = HNO2    + O            3.815E+08
 282) HNO3    + HV      = HNO2    + O1D          2.739E+08

HNO2                   LOSS RXS                INT RX RATE    TL =  0.00E+00
  90) HNO2    + OH      = H2O     + NO2          2.132E+08
 279) HNO2    + HV      = NO      + OH           6.192E+09

O1D                 PRODUCTION RXS              INT RX RATE    TP =  0.00E+00
 259) O2      + HV      = O       + O1D          2.850E+11
 262) H2O     + HV      = H2      + O1D          3.132E+09
 264) O3      + HV      = O2      + O1D          4.263E+14
 269) CO2     + HV      = CO      + O1D          1.406E+11
 282) HNO3    + HV      = HNO2    + O1D          2.739E+08
 284) NO2     + HV      = NO      + O1D          1.479E+08
 303) N2O     + HV      = N2      + O1D          1.054E+11

O1D                    LOSS RXS                INT RX RATE    TL =  0.00E+00
   1) H2O     + O1D     = OH      + OH           1.578E+11
   2) H2      + O1D     = OH      + H            9.319E+08
  20) O1D     + O3      = O2      + O2           4.087E+08
  21) O1D     + O3      = O       + O       O2   4.087E+08
  23) O1D     + N2      = O       + N2           4.260E+14
  24) O1D     + O2      = O       + O2           1.355E+11
  49) CH4     + O1D     = CH3     + OH           1.436E+09
  50) CH4     + O1D     = CH3O    + H            1.933E+08
  51) CH4     + O1D     = CH2OH   + H            1.933E+08
  52) CH4     + O1D     = H2CO    + H2           9.664E+07
  98) C2H6    + O1D     = C2H5    + OH           4.205E+05
 105) SO2     + O1D     = SO2     + O            7.997E+03
 106) SO2     + O1D     = SO      + O2           2.565E+04
 180) CO      + O1D     = CO      + O            1.081E+08
 182) CO2     + O1D     = CO2     + O            5.547E+11
 197) O1D     + N2O     = N2      + O2           1.100E+08
 198) O1D     + N2O     = NO      + NO           1.721E+08

CH21                PRODUCTION RXS              INT RX RATE    TP =  0.00E+00
 273) CH4     + HV      = CH21    + H2           6.253E+08
 276) CH3     + HV      = CH21    + H            3.476E+04
 278) C2H6    + HV      = CH4     + CH21         1.120E+00

CH21                   LOSS RXS                INT RX RATE    TL =  0.00E+00
  53) CH21    + CH4     = CH3     + CH3          1.709E-10
  54) CH21    + O2      = HCO     + OH           5.805E+05
  55) CH21    + N2      = CH23    + N2           6.247E+08
  92) CH21    + H2      = CH3     + H            2.626E+04
  93) CH21    + CO2     = H2CO    + CO           2.582E+04
 231) CH21    + S2      = HCS     + HS           6.879E-15

CH23                PRODUCTION RXS              INT RX RATE    TP =  0.00E+00
  55) CH21    + N2      = CH23    + N2           6.247E+08
 275) CH4     + HV      = CH23    + H       H    1.174E+08
 277) C2H6    + HV      = CH23    + CH23    H2   4.481E+00

CH23                   LOSS RXS                INT RX RATE    TL =  0.00E+00
  58) CH23    + O2      = HCO     + OH           7.296E+08
  94) CH23    + O       = HCO     + H            1.558E+05
  95) CH23    + CO2     = H2CO    + CO           1.244E+07
 232) CH23    + S2      = HCS     + HS           4.784E-12
 234) CH23    + S       = HCS     + H            3.967E-13

C2H5                PRODUCTION RXS              INT RX RATE    TP =  0.00E+00
  96) C2H6    + OH      = C2H5    + H2O          8.992E+08
  97) C2H6    + O       = C2H5    + OH           3.622E+05
  98) C2H6    + O1D     = C2H5    + OH           4.205E+05

C2H5                   LOSS RXS                INT RX RATE    TL =  0.00E+00
  99) C2H5    + H       = CH3     + CH3          1.044E-03
 100) C2H5    + O       = CH3     + HCO     H    1.574E+02
 101) C2H5    + OH      = CH3     + HCO     H2   5.880E+00
 102) C2H5    + HCO     = C2H6    + CO           1.201E-05
 103) C2H5    + HNO     = C2H6    + NO           1.208E-06
 104) C2H5    + O2      = CH3     + HCO     OH   9.000E+08

SO21                PRODUCTION RXS              INT RX RATE    TP =  0.00E+00
 289) SO2     + HV      = SO21    +              9.466E+10

SO21                   LOSS RXS                INT RX RATE    TL =  0.00E+00
 143) SO21    + M       = SO23    + M            8.604E+09
 144) SO21    + M       = SO2     + M            8.604E+10
 145) SO21    + HV      = SO23    + HV           9.538E+05
 146) SO21    + HV      = SO2     + HV           1.399E+07
 147) SO21    + O2      = SO3     + O            1.829E+02
 148) SO21    + SO2     = SO3     + SO           1.762E+00

SO23                PRODUCTION RXS              INT RX RATE    TP =  0.00E+00
 143) SO21    + M       = SO23    + M            8.604E+09
 145) SO21    + HV      = SO23    + HV           9.538E+05
 290) SO2     + HV      = SO23    +              3.327E+08

SO23                   LOSS RXS                INT RX RATE    TL =  0.00E+00
 149) SO23    + M       = SO2     + M            8.933E+09
 150) SO23    + HV      = SO2     + HV           4.813E+06
 151) SO23    + SO2     = SO3     + SO           2.142E-01

HSO3                PRODUCTION RXS              INT RX RATE    TP =  0.00E+00
 111) SO2     + OH      = HSO3    +              2.897E+09

HSO3                   LOSS RXS                INT RX RATE    TL =  0.00E+00
 116) HSO3    + O2      = HO2     + SO3          2.897E+09

OCS2                PRODUCTION RXS              INT RX RATE    TP =  0.00E+00
 184) OCS     + S       = OCS2    +              1.800E+01

OCS2                   LOSS RXS                INT RX RATE    TL =  0.00E+00
 185) OCS2    + S       = OCS     + S2           4.163E-11
 188) OCS2    + CO      = OCS     + OCS          1.800E+01

CS2X                PRODUCTION RXS              INT RX RATE    TP =  0.00E+00
 310) CS2     + HV      = CS2X    +              9.852E+07

CS2X                   LOSS RXS                INT RX RATE    TL =  0.00E+00
 223) CS2X    + M       = CS2     + M            9.852E+07
 224) CS2X    + O2      = CS      + SO2          8.383E+02
 225) CS2X    + CS2     = CS      + CS      S2   1.631E-06

CS2OH               PRODUCTION RXS              INT RX RATE    TP =  0.00E+00
 221) CS2     + OH      = CS2OH   +              5.219E+06

CS2OH                  LOSS RXS                INT RX RATE    TL =  0.00E+00
 222) CS2OH   + HV      = CS2     + OH           5.219E+06

N2                  PRODUCTION RXS              INT RX RATE    TP =  0.00E+00
  23) O1D     + N2      = O       + N2           4.260E+14
  55) CH21    + N2      = CH23    + N2           6.247E+08
  72) N       + N       = N2      +              6.628E+00
  76) N       + NO      = N2      + O            6.876E+07
 194) H       + N2O     = N2      + OH           7.469E-03
 197) O1D     + N2O     = N2      + O2           1.100E+08
 303) N2O     + HV      = N2      + O1D          1.054E+11

N2                     LOSS RXS                INT RX RATE    TL =  0.00E+00
  23) O1D     + N2      = O       + N2           4.260E+14
  55) CH21    + N2      = CH23    + N2           6.247E+08
