
O                   PRODUCTION RXS              INT RX RATE    TP =  1.16E+15
   8) H       + HO2     = H2O     + O            1.773E+08
  21) O1D     + O3      = O       + O       O2   1.052E+09
  22) OH      + OH      = H2O     + O            5.493E+08
  23) O1D     + N2      = O       + N2           5.727E+14
  24) O1D     + O2      = O       + O2           1.791E+11
  25) O2      + HV      = O       + O            3.370E-35
  26) O3      + HV      = O2      + O            1.820E-10
  73) N       + O2      = NO      + O            1.040E+06
  76) N       + NO      = N2      + O            7.352E+07
 105) SO2     + O1D     = SO2     + O            4.163E+03
 107) SO      + O2      = O       + SO2          1.325E+09
 130) S       + O2      = SO      + O            4.836E+08
 147) SO21    + O2      = SO3     + O            2.130E+02
 180) CO      + O1D     = CO      + O            6.786E+07
 182) CO2     + O1D     = CO2     + O            7.471E+11
 195) N       + NO2     = N2O     + O            8.750E+06
 213) CS      + O2      = OCS     + O            2.319E+04
 259) O2      + HV      = O       + O1D          2.449E+11
 260) O2      + HV      = O       + O            7.552E+11
 263) H2O     + HV      = H       + H       O    1.868E+09
 265) O3      + HV      = O2      + O            5.804E+14
 266) O3      + HV      = O       + O       O    5.297E+11
 268) CO2     + HV      = CO      + O            7.382E+10
 272) HO2     + HV      = OH      + O            4.502E+09
 281) HNO3    + HV      = HNO2    + O            3.147E+08
 283) NO      + HV      = N       + O            9.986E+07
 285) NO2     + HV      = NO      + O            4.667E+11
 286) SO      + HV      = S       + O            1.806E+06
 288) SO2     + HV      = SO      + O            2.234E+09
 298) SO3     + HV      = SO2     + O            4.497E+02
 299) HSO     + HV      = HS      + O            1.704E+05
 302) NO3     + HV      = NO2     + O            1.216E+10
 307) N2O5    + HV      = NO3     + NO      O    6.141E+06

O                      LOSS RXS                INT RX RATE    TL =  1.16E+15
   3) H2      + O       = OH      + H            9.618E+07
  10) OH      + O       = H       + O2           9.433E+11
  14) HO2     + O       = OH      + O2           1.046E+12
  17) O       + O       = O2      +              6.662E+10
  18) O       + O2      = O3      +              1.155E+15
  19) O       + O3      = O2      + O2           7.823E+10
  32) O       + HCO     = H       + CO2          1.136E+06
  33) O       + HCO     = OH      + CO           1.136E+06
  35) CO      + O       = CO2     +              3.769E+07
  46) H2CO    + O       = HCO     + OH           3.684E+08
  47) H2O2    + O       = OH      + HO2          7.054E+06
  60) CH3     + O       = H2CO    + H            2.746E+07
  78) NO      + O       = NO2     +              1.854E+10
  81) NO2     + O       = NO      + O2           1.545E+11
  88) O       + HNO     = OH      + NO           5.639E+05
  91) CH4     + O       = CH3     + OH           6.105E+07
  94) CH23    + O       = HCO     + H            4.829E+05
  97) C2H6    + O       = C2H5    + OH           2.769E+05
 100) C2H5    + O       = CH3     + HCO     H    7.491E+01
 109) SO      + O       = SO2     +              9.171E+06
 112) SO2     + O       = SO3     +              1.446E+07
 115) SO3     + O       = SO2     + O2           3.076E-01
 122) H2S     + O       = OH      + HS           2.365E+03
 123) HS      + O       = H       + SO           5.725E+05
 136) S2      + O       = S       + SO           7.346E+03
 169) HSO     + O       = OH      + SO           2.054E+06
 174) O       + OCS     = CO      + SO           4.594E+07
 175) O       + OCS     = S       + CO2          4.728E+02
 189) O       + NO3     = O2      + NO2          3.838E+08
 192) O       + NO2     = NO3     +              1.375E+10
 200) O       + N2O5    = NO2     + NO2     O2   8.224E+03
 208) O       + HO2NO2  = OH      + NO2     O2   2.739E+04
 211) O       + HNO3    = OH      + NO3          4.805E+05
 218) CS2     + O       = SO      + CS           5.333E+06
 219) CS2     + O       = OCS     + S            5.000E+05
 237) CS2     + O       = CO      + S2           9.914E+04
 241) CS      + O       = CO      + S            1.252E+02

O2                  PRODUCTION RXS              INT RX RATE    TP =  1.16E+15
   5) H       + O3      = OH      + O2           1.921E+11
   7) H       + HO2     = H2      + O2           7.647E+08
  10) OH      + O       = H       + O2           9.433E+11
  11) OH      + HO2     = H2O     + O2           1.156E+11
  12) OH      + O3      = HO2     + O2           2.393E+11
  14) HO2     + O       = OH      + O2           1.046E+12
  15) HO2     + O3      = OH      + O2      O2   1.303E+11
  16) HO2     + HO2     = H2O2    + O2           5.943E+10
  17) O       + O       = O2      +              6.662E+10
  19) O       + O3      = O2      + O2           7.823E+10
  20) O1D     + O3      = O2      + O2           1.052E+09
  21) O1D     + O3      = O       + O       O2   1.052E+09
  24) O1D     + O2      = O       + O2           1.791E+11
  26) O3      + HV      = O2      + O            1.820E-10
  27) O3      + O3      = O2      + O2      O2   4.175E+02
  68) CH3O2   + HO2     = CH3OOH  + O2           3.140E+11
  77) NO      + O3      = NO2     + O2           5.159E+11
  81) NO2     + O       = NO      + O2           1.545E+11
 106) SO2     + O1D     = SO      + O2           1.335E+04
 115) SO3     + O       = SO2     + O2           3.076E-01
 125) HS      + HO2     = H2S     + O2           2.989E+06
 133) S       + HO2     = HS      + O2           3.502E+01
 153) SO      + O3      = SO2     + O2           1.298E+09
 155) HS      + O3      = HSO     + O2           1.896E+09
 158) S       + O3      = SO      + O2           1.575E+06
 170) HSO     + O3      = HS      + O2      O2   1.883E+09
 189) O       + NO3     = O2      + NO2          3.838E+08
 190) HO2     + NO3     = OH      + NO2     O2   1.258E+07
 197) O1D     + N2O     = N2      + O2           9.615E+07
 200) O       + N2O5    = NO2     + NO2     O2   8.224E+03
 204) NO2     + NO3     = NO      + NO2     O2   9.503E+02
 205) NO2     + O3      = NO3     + O2           1.785E+08
 206) NO3     + NO3     = NO2     + NO2     O2   8.451E-02
 208) O       + HO2NO2  = OH      + NO2     O2   2.739E+04
 209) OH      + HO2NO2  = H2O     + NO2     O2   2.501E+09
 212) HO2     + NO2     = HNO2    + O2           2.419E+06
 215) CS      + O3      = OCS     + O2           6.453E+06
 248) CH3S    + O3      = CH3SO   + O2           2.461E+09
 250) CH3SO   + O3      = CH3SO2  + O2           2.456E+09
 252) CH3SO2  + O3      = CH3SO3  + O2           2.067E+07
 264) O3      + HV      = O2      + O1D          5.734E+14
 265) O3      + HV      = O2      + O            5.804E+14
 301) NO3     + HV      = NO      + O2           1.676E+09

O2                     LOSS RXS                INT RX RATE    TL =  1.16E+15
   6) H       + O2      = HO2     +              1.347E+12
  18) O       + O2      = O3      +              1.155E+15
  24) O1D     + O2      = O       + O2           1.791E+11
  25) O2      + HV      = O       + O            3.370E-35
  40) HCO     + O2      = HO2     + CO           1.038E+11
  41) CH2OH   + O2      = H2CO    + HO2          2.378E+08
  42) CH3O    + O2      = H2CO    + HO2          6.453E+10
  54) CH21    + O2      = HCO     + OH           7.198E+05
  58) CH23    + O2      = HCO     + OH           8.988E+08
  59) CH3     + O2      = H2CO    + OH           6.503E+03
  66) CH3     + O2      = CH3O2   +              1.498E+11
  73) N       + O2      = NO      + O            1.040E+06
 104) C2H5    + O2      = CH3     + HCO     OH   9.000E+08
 107) SO      + O2      = O       + SO2          1.325E+09
 116) HSO3    + O2      = HO2     + SO3          2.665E+09
 130) S       + O2      = SO      + O            4.836E+08
 147) SO21    + O2      = SO3     + O            2.130E+02
 213) CS      + O2      = OCS     + O            2.319E+04
 214) CS      + O2      = CO      + SO           2.899E+03
 224) CS2X    + O2      = CS      + SO2          1.901E+03
 245) C2H5S   + O2      = C2H5SO2 +              2.463E+09
 256) C2H7SO  + O2      = C2H6SO  + HO2          8.372E+08
 259) O2      + HV      = O       + O1D          2.449E+11
 260) O2      + HV      = O       + O            7.552E+11

H2O                 PRODUCTION RXS              INT RX RATE    TP =  5.07E+10
   4) H2      + OH      = H2O     + H            9.262E+10
   8) H       + HO2     = H2O     + O            1.773E+08
  11) OH      + HO2     = H2O     + O2           1.156E+11
  13) OH      + H2O2    = HO2     + H2O          3.610E+10
  22) OH      + OH      = H2O     + O            5.493E+08
  31) OH      + HCO     = H2O     + CO           2.557E+04
  43) H2CO    + OH      = H2O     + HCO          6.280E+10
  44) H       + OH      = H2O     +              1.025E+07
  48) CH4     + OH      = CH3     + H2O          1.421E+11
  69) CH3OOH  + OH      = CH3O2   + H2O          1.968E+11
  70) CH3OOH  + OH      = H2O     + H2CO    OH   8.433E+10
  84) HNO3    + OH      = H2O     + NO3          1.081E+09
  89) OH      + HNO     = H2O     + NO           6.487E+05
  90) HNO2    + OH      = H2O     + NO2          1.030E+08
  96) C2H6    + OH      = C2H5    + H2O          8.995E+08
 114) H2SO4   + H2O     = SO3     + H2O     H2O  8.497E+09
 120) H2S     + OH      = H2O     + HS           2.753E+06
 165) HSO     + OH      = H2O     + SO           9.440E+06
 209) OH      + HO2NO2  = H2O     + NO2     O2   2.501E+09
 242) C2H6S   + OH      = C2H5S   + H2O          2.462E+09
 258) CH4SO2  + OH      = CH3SO2  + H2O          8.361E+08
 291) H2SO4   + HV      = SO3     + H2O          4.017E+06

H2O                    LOSS RXS                INT RX RATE    TL =  3.82E+10
   1) H2O     + O1D     = OH      + OH           2.337E+11
 113) SO3     + H2O     = H2SO4   +              1.120E+10
 114) H2SO4   + H2O     = SO3     + H2O     H2O  8.497E+09
 203) N2O5    + H2O     = HNO3    + HNO3         7.718E+03
 261) H2O     + HV      = H       + OH           1.630E+11
 262) H2O     + HV      = H2      + O1D          1.246E+09
 263) H2O     + HV      = H       + H       O    1.868E+09

H                   PRODUCTION RXS              INT RX RATE    TP =  1.55E+12
   2) H2      + O1D     = OH      + H            1.228E+09
   3) H2      + O       = OH      + H            9.618E+07
   4) H2      + OH      = H2O     + H            9.262E+10
  10) OH      + O       = H       + O2           9.433E+11
  32) O       + HCO     = H       + CO2          1.136E+06
  34) CO      + OH      = CO2     + H            3.034E+11
  50) CH4     + O1D     = CH3O    + H            2.378E+08
  51) CH4     + O1D     = CH2OH   + H            2.378E+08
  60) CH3     + O       = H2CO    + H            2.746E+07
  75) N       + OH      = NO      + H            1.270E+07
  86) HNO     + HV      = NO      + H            5.714E+06
  92) CH21    + H2      = CH3     + H            2.043E+04
  94) CH23    + O       = HCO     + H            4.829E+05
 100) C2H5    + O       = CH3     + HCO     H    7.491E+01
 110) SO      + OH      = SO2     + H            3.100E+07
 123) HS      + O       = H       + SO           5.725E+05
 129) HS      + S       = H       + S2           6.428E-04
 131) S       + OH      = SO      + H            2.964E+01
 173) HS      + CO      = OCS     + H            3.135E-05
 226) CS      + HS      = CS2     + H            1.296E-02
 229) S       + HCS     = H       + CS2          8.064E-11
 230) HS      + CO      = OCS     + H            3.173E-05
 234) CH23    + S       = HCS     + H            1.559E-13
 261) H2O     + HV      = H       + OH           1.630E+11
 263) H2O     + HV      = H       + H       O    1.868E+09
 271) H2CO    + HV      = HCO     + H            3.885E+10
 274) CH4     + HV      = CH3     + H            8.437E+08
 275) CH4     + HV      = CH23    + H       H    1.451E+08
 276) CH3     + HV      = CH21    + H            4.028E+04
 287) H2S     + HV      = HS      + H            2.232E+05

H                      LOSS RXS                INT RX RATE    TL =  1.55E+12
   5) H       + O3      = OH      + O2           1.921E+11
   6) H       + O2      = HO2     +              1.347E+12
   7) H       + HO2     = H2      + O2           7.647E+08
   8) H       + HO2     = H2O     + O            1.773E+08
   9) H       + HO2     = OH      + OH           7.980E+09
  28) H       + CO      = HCO     +              4.777E+06
  29) H       + HCO     = H2      + CO           3.914E+04
  36) CO2     + H       = CO      + OH           2.382E+03
  38) H2CO    + H       = H2      + HCO          3.732E+04
  39) H       + H       = H2      +              2.699E+06
  44) H       + OH      = H2O     +              1.025E+07
  62) CH3     + H       = CH4     +              3.805E+04
  71) H       + NO      = HNO     +              5.325E+04
  83) NO2     + H       = NO      + OH           3.945E+06
  87) H       + HNO     = H2      + NO           4.043E+00
  99) C2H5    + H       = CH3     + CH3          9.713E-04
 121) H2S     + H       = H2      + HS           1.440E+01
 128) HS      + H       = H2      + S            5.235E+00
 163) H       + SO      = HSO     +              6.894E+00
 166) HSO     + H       = HS      + OH           2.351E+02
 167) HSO     + H       = H2      + SO           1.176E+02
 172) H       + OCS     = CO      + HS           3.531E+03
 194) H       + N2O     = N2      + OH           5.413E-02
 227) H       + CS      = HCS     +              2.484E-06
 228) H       + HCS     = H2      + CS           3.826E-07
 239) OCS     + H       = CO      + HS           3.519E+03

OH                  PRODUCTION RXS              INT RX RATE    TP =  2.24E+12
   1) H2O     + O1D     = OH      + OH           2.337E+11
   2) H2      + O1D     = OH      + H            1.228E+09
   3) H2      + O       = OH      + H            9.618E+07
   5) H       + O3      = OH      + O2           1.921E+11
   9) H       + HO2     = OH      + OH           7.980E+09
  14) HO2     + O       = OH      + O2           1.046E+12
  15) HO2     + O3      = OH      + O2      O2   1.303E+11
  33) O       + HCO     = OH      + CO           1.136E+06
  36) CO2     + H       = CO      + OH           2.382E+03
  46) H2CO    + O       = HCO     + OH           3.684E+08
  47) H2O2    + O       = OH      + HO2          7.054E+06
  49) CH4     + O1D     = CH3     + OH           1.767E+09
  54) CH21    + O2      = HCO     + OH           7.198E+05
  58) CH23    + O2      = HCO     + OH           8.988E+08
  59) CH3     + O2      = H2CO    + OH           6.503E+03
  70) CH3OOH  + OH      = H2O     + H2CO    OH   8.433E+10
  79) NO      + HO2     = NO2     + OH           5.314E+10
  83) NO2     + H       = NO      + OH           3.945E+06
  88) O       + HNO     = OH      + NO           5.639E+05
  91) CH4     + O       = CH3     + OH           6.105E+07
  97) C2H6    + O       = C2H5    + OH           2.769E+05
  98) C2H6    + O1D     = C2H5    + OH           1.744E+05
 104) C2H5    + O2      = CH3     + HCO     OH   9.000E+08
 108) SO      + HO2     = SO2     + OH           8.040E+07
 122) H2S     + O       = OH      + HS           2.365E+03
 134) S       + HO2     = SO      + OH           3.502E+01
 154) SO2     + HO2     = SO3     + OH           1.021E+05
 156) HS      + HO2     = HSO     + OH           2.989E+06
 166) HSO     + H       = HS      + OH           2.351E+02
 169) HSO     + O       = OH      + SO           2.054E+06
 190) HO2     + NO3     = OH      + NO2     O2   1.258E+07
 194) H       + N2O     = N2      + OH           5.413E-02
 199) N       + HO2     = NO      + OH           3.849E+06
 208) O       + HO2NO2  = OH      + NO2     O2   2.739E+04
 211) O       + HNO3    = OH      + NO3          4.805E+05
 222) CS2OH   + HV      = CS2     + OH           6.785E+06
 261) H2O     + HV      = H       + OH           1.630E+11
 267) H2O2    + HV      = OH      + OH           1.871E+10
 272) HO2     + HV      = OH      + O            4.502E+09
 279) HNO2    + HV      = NO      + OH           5.349E+09
 280) HNO3    + HV      = NO2     + OH           2.150E+09
 305) HO2NO2  + HV      = OH      + NO3          2.702E+08
 308) CH3OOH  + HV      = CH3O    + OH           3.168E+10

OH                     LOSS RXS                INT RX RATE    TL =  2.24E+12
   4) H2      + OH      = H2O     + H            9.262E+10
  10) OH      + O       = H       + O2           9.433E+11
  11) OH      + HO2     = H2O     + O2           1.156E+11
  12) OH      + O3      = HO2     + O2           2.393E+11
  13) OH      + H2O2    = HO2     + H2O          3.610E+10
  22) OH      + OH      = H2O     + O            5.493E+08
  31) OH      + HCO     = H2O     + CO           2.557E+04
  34) CO      + OH      = CO2     + H            3.034E+11
  43) H2CO    + OH      = H2O     + HCO          6.280E+10
  44) H       + OH      = H2O     +              1.025E+07
  45) OH      + OH      = H2O2    +              2.509E+08
  48) CH4     + OH      = CH3     + H2O          1.421E+11
  69) CH3OOH  + OH      = CH3O2   + H2O          1.968E+11
  70) CH3OOH  + OH      = H2O     + H2CO    OH   8.433E+10
  75) N       + OH      = NO      + H            1.270E+07
  80) NO      + OH      = HNO2    +              4.909E+09
  82) NO2     + OH      = HNO3    +              3.974E+09
  84) HNO3    + OH      = H2O     + NO3          1.081E+09
  89) OH      + HNO     = H2O     + NO           6.487E+05
  90) HNO2    + OH      = H2O     + NO2          1.030E+08
  96) C2H6    + OH      = C2H5    + H2O          8.995E+08
 101) C2H5    + OH      = CH3     + HCO     H2   5.318E+00
 110) SO      + OH      = SO2     + H            3.100E+07
 111) SO2     + OH      = HSO3    +              2.665E+09
 120) H2S     + OH      = H2O     + HS           2.753E+06
 131) S       + OH      = SO      + H            2.964E+01
 165) HSO     + OH      = H2O     + SO           9.440E+06
 177) OCS     + OH      = CO2     + HS           1.925E+07
 193) OH      + NO3     = HO2     + NO2          2.119E+07
 209) OH      + HO2NO2  = H2O     + NO2     O2   2.501E+09
 220) CS2     + OH      = OCS     + HS           1.696E+04
 221) CS2     + OH      = CS2OH   +              6.785E+06
 242) C2H6S   + OH      = C2H5S   + H2O          2.462E+09
 243) C2H6S   + OH      = C2H7SO  +              8.372E+08
 257) C2H6SO  + OH      = CH4SO2  + CH3          8.361E+08
 258) CH4SO2  + OH      = CH3SO2  + H2O          8.361E+08

HO2                 PRODUCTION RXS              INT RX RATE    TP =  1.80E+12
   6) H       + O2      = HO2     +              1.347E+12
  12) OH      + O3      = HO2     + O2           2.393E+11
  13) OH      + H2O2    = HO2     + H2O          3.610E+10
  40) HCO     + O2      = HO2     + CO           1.038E+11
  41) CH2OH   + O2      = H2CO    + HO2          2.378E+08
  42) CH3O    + O2      = H2CO    + HO2          6.453E+10
  47) H2O2    + O       = OH      + HO2          7.054E+06
 116) HSO3    + O2      = HO2     + SO3          2.665E+09
 193) OH      + NO3     = HO2     + NO2          2.119E+07
 210) HO2NO2  + M       = HO2     + NO2          2.587E+09
 256) C2H7SO  + O2      = C2H6SO  + HO2          8.372E+08
 304) HO2NO2  + HV      = HO2     + NO2          9.720E+08

HO2                    LOSS RXS                INT RX RATE    TL =  1.80E+12
   7) H       + HO2     = H2      + O2           7.647E+08
   8) H       + HO2     = H2O     + O            1.773E+08
   9) H       + HO2     = OH      + OH           7.980E+09
  11) OH      + HO2     = H2O     + O2           1.156E+11
  14) HO2     + O       = OH      + O2           1.046E+12
  15) HO2     + O3      = OH      + O2      O2   1.303E+11
  16) HO2     + HO2     = H2O2    + O2           5.943E+10
  68) CH3O2   + HO2     = CH3OOH  + O2           3.140E+11
  79) NO      + HO2     = NO2     + OH           5.314E+10
 108) SO      + HO2     = SO2     + OH           8.040E+07
 125) HS      + HO2     = H2S     + O2           2.989E+06
 133) S       + HO2     = HS      + O2           3.502E+01
 134) S       + HO2     = SO      + OH           3.502E+01
 154) SO2     + HO2     = SO3     + OH           1.021E+05
 156) HS      + HO2     = HSO     + OH           2.989E+06
 190) HO2     + NO3     = OH      + NO2     O2   1.258E+07
 199) N       + HO2     = NO      + OH           3.849E+06
 207) HO2     + NO2     = HO2NO2  +              6.342E+09
 212) HO2     + NO2     = HNO2    + O2           2.419E+06
 272) HO2     + HV      = OH      + O            4.502E+09

H2O2                PRODUCTION RXS              INT RX RATE    TP =  5.97E+10
  16) HO2     + HO2     = H2O2    + O2           5.943E+10
  45) OH      + OH      = H2O2    +              2.509E+08

H2O2                   LOSS RXS                INT RX RATE    TL =  5.88E+10
  13) OH      + H2O2    = HO2     + H2O          3.610E+10
  47) H2O2    + O       = OH      + HO2          7.054E+06
 267) H2O2    + HV      = OH      + OH           1.871E+10

H2                  PRODUCTION RXS              INT RX RATE    TP =  5.07E+10
   7) H       + HO2     = H2      + O2           7.647E+08
  29) H       + HCO     = H2      + CO           3.914E+04
  38) H2CO    + H       = H2      + HCO          3.732E+04
  39) H       + H       = H2      +              2.699E+06
  52) CH4     + O1D     = H2CO    + H2           1.189E+08
  87) H       + HNO     = H2      + NO           4.043E+00
 101) C2H5    + OH      = CH3     + HCO     H2   5.318E+00
 121) H2S     + H       = H2      + HS           1.440E+01
 128) HS      + H       = H2      + S            5.235E+00
 167) HSO     + H       = H2      + SO           1.176E+02
 228) H       + HCS     = H2      + CS           3.826E-07
 262) H2O     + HV      = H2      + O1D          1.246E+09
 270) H2CO    + HV      = H2      + CO           4.749E+10
 273) CH4     + HV      = CH21    + H2           7.766E+08
 277) C2H6    + HV      = CH23    + CH23    H2   4.558E+01

H2                     LOSS RXS                INT RX RATE    TL =  9.39E+10
   2) H2      + O1D     = OH      + H            1.228E+09
   3) H2      + O       = OH      + H            9.618E+07
   4) H2      + OH      = H2O     + H            9.262E+10
  92) CH21    + H2      = CH3     + H            2.043E+04

CO                  PRODUCTION RXS              INT RX RATE    TP =  3.16E+11
  29) H       + HCO     = H2      + CO           3.914E+04
  30) HCO     + HCO     = H2CO    + CO           1.835E-02
  31) OH      + HCO     = H2O     + CO           2.557E+04
  33) O       + HCO     = OH      + CO           1.136E+06
  36) CO2     + H       = CO      + OH           2.382E+03
  40) HCO     + O2      = HO2     + CO           1.038E+11
  63) CH3     + HCO     = CH4     + CO           5.241E-01
  85) HCO     + NO      = HNO     + CO           3.889E+03
  93) CH21    + CO2     = H2CO    + CO           3.206E+04
  95) CH23    + CO2     = H2CO    + CO           2.171E+07
 102) C2H5    + HCO     = C2H6    + CO           1.755E-05
 127) HS      + HCO     = H2S     + CO           2.395E-01
 132) S       + HCO     = HS      + CO           2.672E-06
 162) SO      + HCO     = HSO     + CO           6.990E-01
 172) H       + OCS     = CO      + HS           3.531E+03
 174) O       + OCS     = CO      + SO           4.594E+07
 176) OCS     + S       = CO      + S2           2.206E+01
 180) CO      + O1D     = CO      + O            6.786E+07
 214) CS      + O2      = CO      + SO           2.899E+03
 217) CS      + O3      = CO      + SO2          6.453E+06
 237) CS2     + O       = CO      + S2           9.914E+04
 239) OCS     + H       = CO      + HS           3.519E+03
 241) CS      + O       = CO      + S            1.252E+02
 268) CO2     + HV      = CO      + O            7.382E+10
 269) CO2     + HV      = CO      + O1D          8.993E+10
 270) H2CO    + HV      = H2      + CO           4.749E+10
 300) OCS     + HV      = CO      + S            4.687E+08

CO                     LOSS RXS                INT RX RATE    TL =  3.04E+11
  28) H       + CO      = HCO     +              4.777E+06
  34) CO      + OH      = CO2     + H            3.034E+11
  35) CO      + O       = CO2     +              3.769E+07
 173) HS      + CO      = OCS     + H            3.135E-05
 179) S       + CO      = OCS     +              7.167E-01
 180) CO      + O1D     = CO      + O            6.786E+07
 188) OCS2    + CO      = OCS     + OCS          2.221E+01
 230) HS      + CO      = OCS     + H            3.173E-05

HCO                 PRODUCTION RXS              INT RX RATE    TP =  1.04E+11
  28) H       + CO      = HCO     +              4.777E+06
  38) H2CO    + H       = H2      + HCO          3.732E+04
  43) H2CO    + OH      = H2O     + HCO          6.280E+10
  46) H2CO    + O       = HCO     + OH           3.684E+08
  54) CH21    + O2      = HCO     + OH           7.198E+05
  58) CH23    + O2      = HCO     + OH           8.988E+08
  65) CH3     + H2CO    = CH4     + HCO          4.482E-02
  94) CH23    + O       = HCO     + H            4.829E+05
 100) C2H5    + O       = CH3     + HCO     H    7.491E+01
 101) C2H5    + OH      = CH3     + HCO     H2   5.318E+00
 104) C2H5    + O2      = CH3     + HCO     OH   9.000E+08
 271) H2CO    + HV      = HCO     + H            3.885E+10

HCO                    LOSS RXS                INT RX RATE    TL =  1.04E+11
  29) H       + HCO     = H2      + CO           3.914E+04
  30) HCO     + HCO     = H2CO    + CO           1.835E-02
  31) OH      + HCO     = H2O     + CO           2.557E+04
  32) O       + HCO     = H       + CO2          1.136E+06
  33) O       + HCO     = OH      + CO           1.136E+06
  40) HCO     + O2      = HO2     + CO           1.038E+11
  63) CH3     + HCO     = CH4     + CO           5.241E-01
  85) HCO     + NO      = HNO     + CO           3.889E+03
 102) C2H5    + HCO     = C2H6    + CO           1.755E-05
 127) HS      + HCO     = H2S     + CO           2.395E-01
 132) S       + HCO     = HS      + CO           2.672E-06
 162) SO      + HCO     = HSO     + CO           6.990E-01

H2CO                PRODUCTION RXS              INT RX RATE    TP =  1.52E+11
  30) HCO     + HCO     = H2CO    + CO           1.835E-02
  41) CH2OH   + O2      = H2CO    + HO2          2.378E+08
  42) CH3O    + O2      = H2CO    + HO2          6.453E+10
  52) CH4     + O1D     = H2CO    + H2           1.189E+08
  59) CH3     + O2      = H2CO    + OH           6.503E+03
  60) CH3     + O       = H2CO    + H            2.746E+07
  70) CH3OOH  + OH      = H2O     + H2CO    OH   8.433E+10
  93) CH21    + CO2     = H2CO    + CO           3.206E+04
  95) CH23    + CO2     = H2CO    + CO           2.171E+07
 247) C2H5SO  + HV      = H2CO    + CH3S         2.463E+09

H2CO                   LOSS RXS                INT RX RATE    TL =  1.51E+11
  38) H2CO    + H       = H2      + HCO          3.732E+04
  43) H2CO    + OH      = H2O     + HCO          6.280E+10
  46) H2CO    + O       = HCO     + OH           3.684E+08
  65) CH3     + H2CO    = CH4     + HCO          4.482E-02
 270) H2CO    + HV      = H2      + CO           4.749E+10
 271) H2CO    + HV      = HCO     + H            3.885E+10

CH3O                PRODUCTION RXS              INT RX RATE    TP =  6.45E+10
  50) CH4     + O1D     = CH3O    + H            2.378E+08
  67) CH3O2   + NO      = CH3O    + NO2          3.260E+10
 308) CH3OOH  + HV      = CH3O    + OH           3.168E+10

CH3O                   LOSS RXS                INT RX RATE    TL =  6.45E+10
  42) CH3O    + O2      = H2CO    + HO2          6.453E+10

CH2OH               PRODUCTION RXS              INT RX RATE    TP =  2.38E+08
  51) CH4     + O1D     = CH2OH   + H            2.378E+08

CH2OH                  LOSS RXS                INT RX RATE    TL =  2.38E+08
  41) CH2OH   + O2      = H2CO    + HO2          2.378E+08

CH3O2               PRODUCTION RXS              INT RX RATE    TP =  3.47E+11
  66) CH3     + O2      = CH3O2   +              1.498E+11
  69) CH3OOH  + OH      = CH3O2   + H2O          1.968E+11

CH3O2                  LOSS RXS                INT RX RATE    TL =  3.47E+11
  67) CH3O2   + NO      = CH3O    + NO2          3.260E+10
  68) CH3O2   + HO2     = CH3OOH  + O2           3.140E+11

CH3OOH              PRODUCTION RXS              INT RX RATE    TP =  3.14E+11
  68) CH3O2   + HO2     = CH3OOH  + O2           3.140E+11

CH3OOH                 LOSS RXS                INT RX RATE    TL =  3.14E+11
  69) CH3OOH  + OH      = CH3O2   + H2O          1.968E+11
  70) CH3OOH  + OH      = H2O     + H2CO    OH   8.433E+10
 308) CH3OOH  + HV      = CH3O    + OH           3.168E+10

CH4                 PRODUCTION RXS              INT RX RATE    TP =  3.81E+04
  62) CH3     + H       = CH4     +              3.805E+04
  63) CH3     + HCO     = CH4     + CO           5.241E-01
  64) CH3     + HNO     = CH4     + NO           1.468E-02
  65) CH3     + H2CO    = CH4     + HCO          4.482E-02
 233) CH3     + HCS     = CH4     + CS           7.269E-08
 278) C2H6    + HV      = CH4     + CH21         1.140E+01

CH4                    LOSS RXS                INT RX RATE    TL =  1.46E+11
  48) CH4     + OH      = CH3     + H2O          1.421E+11
  49) CH4     + O1D     = CH3     + OH           1.767E+09
  50) CH4     + O1D     = CH3O    + H            2.378E+08
  51) CH4     + O1D     = CH2OH   + H            2.378E+08
  52) CH4     + O1D     = H2CO    + H2           1.189E+08
  53) CH21    + CH4     = CH3     + CH3          3.651E-11
  91) CH4     + O       = CH3     + OH           6.105E+07
 273) CH4     + HV      = CH21    + H2           7.766E+08
 274) CH4     + HV      = CH3     + H            8.437E+08
 275) CH4     + HV      = CH23    + H       H    1.451E+08

CH3                 PRODUCTION RXS              INT RX RATE    TP =  1.50E+11
  48) CH4     + OH      = CH3     + H2O          1.421E+11
  49) CH4     + O1D     = CH3     + OH           1.767E+09
  53) CH21    + CH4     = CH3     + CH3          3.651E-11
  91) CH4     + O       = CH3     + OH           6.105E+07
  92) CH21    + H2      = CH3     + H            2.043E+04
  99) C2H5    + H       = CH3     + CH3          9.713E-04
 100) C2H5    + O       = CH3     + HCO     H    7.491E+01
 101) C2H5    + OH      = CH3     + HCO     H2   5.318E+00
 104) C2H5    + O2      = CH3     + HCO     OH   9.000E+08
 254) CH3SO2  + HV      = CH3     + SO2          3.278E+09
 255) CH3SO3  + HV      = CH3     + SO3          2.068E+07
 257) C2H6SO  + OH      = CH4SO2  + CH3          8.361E+08
 274) CH4     + HV      = CH3     + H            8.437E+08

CH3                    LOSS RXS                INT RX RATE    TL =  1.50E+11
  59) CH3     + O2      = H2CO    + OH           6.503E+03
  60) CH3     + O       = H2CO    + H            2.746E+07
  61) CH3     + CH3     = C2H6    +              1.303E+01
  62) CH3     + H       = CH4     +              3.805E+04
  63) CH3     + HCO     = CH4     + CO           5.241E-01
  64) CH3     + HNO     = CH4     + NO           1.468E-02
  65) CH3     + H2CO    = CH4     + HCO          4.482E-02
  66) CH3     + O2      = CH3O2   +              1.498E+11
 233) CH3     + HCS     = CH4     + CS           7.269E-08
 276) CH3     + HV      = CH21    + H            4.028E+04

C2H6                PRODUCTION RXS              INT RX RATE    TP =  1.30E+01
  61) CH3     + CH3     = C2H6    +              1.303E+01
 102) C2H5    + HCO     = C2H6    + CO           1.755E-05
 103) C2H5    + HNO     = C2H6    + NO           4.499E-06

C2H6                   LOSS RXS                INT RX RATE    TL =  9.00E+08
  96) C2H6    + OH      = C2H5    + H2O          8.995E+08
  97) C2H6    + O       = C2H5    + OH           2.769E+05
  98) C2H6    + O1D     = C2H5    + OH           1.744E+05
 277) C2H6    + HV      = CH23    + CH23    H2   4.558E+01
 278) C2H6    + HV      = CH4     + CH21         1.140E+01

NO                  PRODUCTION RXS              INT RX RATE    TP =  6.29E+11
  64) CH3     + HNO     = CH4     + NO           1.468E-02
  73) N       + O2      = NO      + O            1.040E+06
  75) N       + OH      = NO      + H            1.270E+07
  81) NO2     + O       = NO      + O2           1.545E+11
  83) NO2     + H       = NO      + OH           3.945E+06
  86) HNO     + HV      = NO      + H            5.714E+06
  87) H       + HNO     = H2      + NO           4.043E+00
  88) O       + HNO     = OH      + NO           5.639E+05
  89) OH      + HNO     = H2O     + NO           6.487E+05
 103) C2H5    + HNO     = C2H6    + NO           4.499E-06
 152) SO      + NO2     = SO2     + NO           5.050E+07
 157) HS      + NO2     = HSO     + NO           2.560E+06
 198) O1D     + N2O     = NO      + NO           1.504E+08
 199) N       + HO2     = NO      + OH           3.849E+06
 204) NO2     + NO3     = NO      + NO2     O2   9.503E+02
 249) CH3S    + NO2     = CH3SO   + NO           2.078E+06
 251) CH3SO   + NO2     = CH3SO2  + NO           6.949E+06
 253) CH3SO2  + NO2     = CH3SO3  + NO           1.052E+04
 279) HNO2    + HV      = NO      + OH           5.349E+09
 284) NO2     + HV      = NO      + O1D          1.147E+08
 285) NO2     + HV      = NO      + O            4.667E+11
 301) NO3     + HV      = NO      + O2           1.676E+09
 307) N2O5    + HV      = NO3     + NO      O    6.141E+06

NO                     LOSS RXS                INT RX RATE    TL =  6.29E+11
  67) CH3O2   + NO      = CH3O    + NO2          3.260E+10
  71) H       + NO      = HNO     +              5.325E+04
  76) N       + NO      = N2      + O            7.352E+07
  77) NO      + O3      = NO2     + O2           5.159E+11
  78) NO      + O       = NO2     +              1.854E+10
  79) NO      + HO2     = NO2     + OH           5.314E+10
  80) NO      + OH      = HNO2    +              4.909E+09
  85) HCO     + NO      = HNO     + CO           3.889E+03
 164) HSO     + NO      = HNO     + SO           6.874E+06
 191) NO      + NO3     = NO2     + NO2          1.030E+09
 246) C2H5SO2 + NO      = C2H5SO  + NO2          2.463E+09
 283) NO      + HV      = N       + O            9.986E+07

NO2                 PRODUCTION RXS              INT RX RATE    TP =  6.46E+11
  67) CH3O2   + NO      = CH3O    + NO2          3.260E+10
  77) NO      + O3      = NO2     + O2           5.159E+11
  78) NO      + O       = NO2     +              1.854E+10
  79) NO      + HO2     = NO2     + OH           5.314E+10
  90) HNO2    + OH      = H2O     + NO2          1.030E+08
 189) O       + NO3     = O2      + NO2          3.838E+08
 190) HO2     + NO3     = OH      + NO2     O2   1.258E+07
 191) NO      + NO3     = NO2     + NO2          1.030E+09
 193) OH      + NO3     = HO2     + NO2          2.119E+07
 200) O       + N2O5    = NO2     + NO2     O2   8.224E+03
 202) N2O5    + M       = NO3     + NO2          1.358E+05
 204) NO2     + NO3     = NO      + NO2     O2   9.503E+02
 206) NO3     + NO3     = NO2     + NO2     O2   8.451E-02
 208) O       + HO2NO2  = OH      + NO2     O2   2.739E+04
 209) OH      + HO2NO2  = H2O     + NO2     O2   2.501E+09
 210) HO2NO2  + M       = HO2     + NO2          2.587E+09
 246) C2H5SO2 + NO      = C2H5SO  + NO2          2.463E+09
 280) HNO3    + HV      = NO2     + OH           2.150E+09
 302) NO3     + HV      = NO2     + O            1.216E+10
 304) HO2NO2  + HV      = HO2     + NO2          9.720E+08
 306) N2O5    + HV      = NO3     + NO2          7.617E+06

NO2                    LOSS RXS                INT RX RATE    TL =  6.46E+11
  81) NO2     + O       = NO      + O2           1.545E+11
  82) NO2     + OH      = HNO3    +              3.974E+09
  83) NO2     + H       = NO      + OH           3.945E+06
 152) SO      + NO2     = SO2     + NO           5.050E+07
 157) HS      + NO2     = HSO     + NO           2.560E+06
 192) O       + NO2     = NO3     +              1.375E+10
 195) N       + NO2     = N2O     + O            8.750E+06
 201) NO2     + NO3     = N2O5    +              1.391E+07
 204) NO2     + NO3     = NO      + NO2     O2   9.503E+02
 205) NO2     + O3      = NO3     + O2           1.785E+08
 207) HO2     + NO2     = HO2NO2  +              6.342E+09
 212) HO2     + NO2     = HNO2    + O2           2.419E+06
 249) CH3S    + NO2     = CH3SO   + NO           2.078E+06
 251) CH3SO   + NO2     = CH3SO2  + NO           6.949E+06
 253) CH3SO2  + NO2     = CH3SO3  + NO           1.052E+04
 284) NO2     + HV      = NO      + O1D          1.147E+08
 285) NO2     + HV      = NO      + O            4.667E+11

HNO                 PRODUCTION RXS              INT RX RATE    TP =  6.93E+06
  71) H       + NO      = HNO     +              5.325E+04
  85) HCO     + NO      = HNO     + CO           3.889E+03
 164) HSO     + NO      = HNO     + SO           6.874E+06

HNO                    LOSS RXS                INT RX RATE    TL =  6.93E+06
  64) CH3     + HNO     = CH4     + NO           1.468E-02
  86) HNO     + HV      = NO      + H            5.714E+06
  87) H       + HNO     = H2      + NO           4.043E+00
  88) O       + HNO     = OH      + NO           5.639E+05
  89) OH      + HNO     = H2O     + NO           6.487E+05
 103) C2H5    + HNO     = C2H6    + NO           4.499E-06

H2S                 PRODUCTION RXS              INT RX RATE    TP =  2.99E+06
 125) HS      + HO2     = H2S     + O2           2.989E+06
 126) HS      + HS      = H2S     + S            1.474E+02
 127) HS      + HCO     = H2S     + CO           2.395E-01
 168) HSO     + HS      = H2S     + SO           3.427E+02
 235) HS      + HCS     = H2S     + CS           2.029E-06

H2S                    LOSS RXS                INT RX RATE    TL =  2.98E+06
 120) H2S     + OH      = H2O     + HS           2.753E+06
 121) H2S     + H       = H2      + HS           1.440E+01
 122) H2S     + O       = OH      + HS           2.365E+03
 287) H2S     + HV      = HS      + H            2.232E+05

HS                  PRODUCTION RXS              INT RX RATE    TP =  1.91E+09
 120) H2S     + OH      = H2O     + HS           2.753E+06
 121) H2S     + H       = H2      + HS           1.440E+01
 122) H2S     + O       = OH      + HS           2.365E+03
 132) S       + HCO     = HS      + CO           2.672E-06
 133) S       + HO2     = HS      + O2           3.502E+01
 166) HSO     + H       = HS      + OH           2.351E+02
 170) HSO     + O3      = HS      + O2      O2   1.883E+09
 171) HSO     + S       = HS      + SO           2.875E-02
 172) H       + OCS     = CO      + HS           3.531E+03
 177) OCS     + OH      = CO2     + HS           1.925E+07
 220) CS2     + OH      = OCS     + HS           1.696E+04
 231) CH21    + S2      = HCS     + HS           7.960E-15
 232) CH23    + S2      = HCS     + HS           4.827E-12
 236) S       + HCS     = HS      + CS           4.032E-11
 239) OCS     + H       = CO      + HS           3.519E+03
 287) H2S     + HV      = HS      + H            2.232E+05
 299) HSO     + HV      = HS      + O            1.704E+05

HS                     LOSS RXS                INT RX RATE    TL =  1.91E+09
 123) HS      + O       = H       + SO           5.725E+05
 125) HS      + HO2     = H2S     + O2           2.989E+06
 126) HS      + HS      = H2S     + S            1.474E+02
 127) HS      + HCO     = H2S     + CO           2.395E-01
 128) HS      + H       = H2      + S            5.235E+00
 129) HS      + S       = H       + S2           6.428E-04
 155) HS      + O3      = HSO     + O2           1.896E+09
 156) HS      + HO2     = HSO     + OH           2.989E+06
 157) HS      + NO2     = HSO     + NO           2.560E+06
 168) HSO     + HS      = H2S     + SO           3.427E+02
 173) HS      + CO      = OCS     + H            3.135E-05
 226) CS      + HS      = CS2     + H            1.296E-02
 230) HS      + CO      = OCS     + H            3.173E-05
 235) HS      + HCS     = H2S     + CS           2.029E-06

S                   PRODUCTION RXS              INT RX RATE    TP =  4.85E+08
 126) HS      + HS      = H2S     + S            1.474E+02
 128) HS      + H       = H2      + S            5.235E+00
 136) S2      + O       = S       + SO           7.346E+03
 159) SO      + SO      = SO2     + S            3.797E+00
 175) O       + OCS     = S       + CO2          4.728E+02
 219) CS2     + O       = OCS     + S            5.000E+05
 241) CS      + O       = CO      + S            1.252E+02
 286) SO      + HV      = S       + O            1.806E+06
 292) S2      + HV      = S       + S            9.182E+04
 294) S3      + HV      = S2      + S            2.844E-05
 300) OCS     + HV      = CO      + S            4.687E+08
 309) CS2     + HV      = CS      + S            1.405E+07

S                      LOSS RXS                INT RX RATE    TL =  4.85E+08
 129) HS      + S       = H       + S2           6.428E-04
 130) S       + O2      = SO      + O            4.836E+08
 131) S       + OH      = SO      + H            2.964E+01
 132) S       + HCO     = HS      + CO           2.672E-06
 133) S       + HO2     = HS      + O2           3.502E+01
 134) S       + HO2     = SO      + OH           3.502E+01
 135) S       + S       = S2      +              3.793E-11
 139) S       + S2      = S3      +              2.844E-05
 141) S       + S3      = S4      +              1.425E-18
 158) S       + O3      = SO      + O2           1.575E+06
 171) HSO     + S       = HS      + SO           2.875E-02
 176) OCS     + S       = CO      + S2           2.206E+01
 179) S       + CO      = OCS     +              7.167E-01
 184) OCS     + S       = OCS2    +              2.221E+01
 185) OCS2    + S       = OCS     + S2           3.481E-11
 229) S       + HCS     = H       + CS2          8.064E-11
 234) CH23    + S       = HCS     + H            1.559E-13
 236) S       + HCS     = HS      + CS           4.032E-11
 240) CS2     + S       = CS      + S2           1.371E-04

SO                  PRODUCTION RXS              INT RX RATE    TP =  2.80E+09
 106) SO2     + O1D     = SO      + O2           1.335E+04
 123) HS      + O       = H       + SO           5.725E+05
 130) S       + O2      = SO      + O            4.836E+08
 131) S       + OH      = SO      + H            2.964E+01
 134) S       + HO2     = SO      + OH           3.502E+01
 136) S2      + O       = S       + SO           7.346E+03
 148) SO21    + SO2     = SO3     + SO           2.644E+00
 151) SO23    + SO2     = SO3     + SO           3.210E-01
 158) S       + O3      = SO      + O2           1.575E+06
 164) HSO     + NO      = HNO     + SO           6.874E+06
 165) HSO     + OH      = H2O     + SO           9.440E+06
 167) HSO     + H       = H2      + SO           1.176E+02
 168) HSO     + HS      = H2S     + SO           3.427E+02
 169) HSO     + O       = OH      + SO           2.054E+06
 171) HSO     + S       = HS      + SO           2.875E-02
 174) O       + OCS     = CO      + SO           4.594E+07
 214) CS      + O2      = CO      + SO           2.899E+03
 216) CS      + O3      = SO      + CO2          6.453E+06
 218) CS2     + O       = SO      + CS           5.333E+06
 288) SO2     + HV      = SO      + O            2.234E+09

SO                     LOSS RXS                INT RX RATE    TL =  2.80E+09
 107) SO      + O2      = O       + SO2          1.325E+09
 108) SO      + HO2     = SO2     + OH           8.040E+07
 109) SO      + O       = SO2     +              9.171E+06
 110) SO      + OH      = SO2     + H            3.100E+07
 152) SO      + NO2     = SO2     + NO           5.050E+07
 153) SO      + O3      = SO2     + O2           1.298E+09
 159) SO      + SO      = SO2     + S            3.797E+00
 160) SO3     + SO      = SO2     + SO2          1.057E-02
 162) SO      + HCO     = HSO     + CO           6.990E-01
 163) H       + SO      = HSO     +              6.894E+00
 238) CS2     + SO      = OCS     + S2           1.338E+00
 286) SO      + HV      = S       + O            1.806E+06

SO2                 PRODUCTION RXS              INT RX RATE    TP =  1.17E+11
 105) SO2     + O1D     = SO2     + O            4.163E+03
 107) SO      + O2      = O       + SO2          1.325E+09
 108) SO      + HO2     = SO2     + OH           8.040E+07
 109) SO      + O       = SO2     +              9.171E+06
 110) SO      + OH      = SO2     + H            3.100E+07
 115) SO3     + O       = SO2     + O2           3.076E-01
 144) SO21    + M       = SO2     + M            1.002E+11
 146) SO21    + HV      = SO2     + HV           1.429E+07
 149) SO23    + M       = SO2     + M            1.041E+10
 150) SO23    + HV      = SO2     + HV           4.931E+06
 152) SO      + NO2     = SO2     + NO           5.050E+07
 153) SO      + O3      = SO2     + O2           1.298E+09
 159) SO      + SO      = SO2     + S            3.797E+00
 160) SO3     + SO      = SO2     + SO2          1.057E-02
 217) CS      + O3      = CO      + SO2          6.453E+06
 224) CS2X    + O2      = CS      + SO2          1.901E+03
 254) CH3SO2  + HV      = CH3     + SO2          3.278E+09
 298) SO3     + HV      = SO2     + O            4.497E+02

SO2                    LOSS RXS                INT RX RATE    TL =  1.16E+11
 105) SO2     + O1D     = SO2     + O            4.163E+03
 106) SO2     + O1D     = SO      + O2           1.335E+04
 111) SO2     + OH      = HSO3    +              2.665E+09
 112) SO2     + O       = SO3     +              1.446E+07
 148) SO21    + SO2     = SO3     + SO           2.644E+00
 151) SO23    + SO2     = SO3     + SO           3.210E-01
 154) SO2     + HO2     = SO3     + OH           1.021E+05
 288) SO2     + HV      = SO      + O            2.234E+09
 289) SO2     + HV      = SO21    +              1.102E+11
 290) SO2     + HV      = SO23    +              3.914E+08

H2SO4               PRODUCTION RXS              INT RX RATE    TP =  1.12E+10
 113) SO3     + H2O     = H2SO4   +              1.120E+10

H2SO4                  LOSS RXS                INT RX RATE    TL =  1.10E+10
 114) H2SO4   + H2O     = SO3     + H2O     H2O  8.497E+09
 291) H2SO4   + HV      = SO3     + H2O          4.017E+06

HSO                 PRODUCTION RXS              INT RX RATE    TP =  1.90E+09
 155) HS      + O3      = HSO     + O2           1.896E+09
 156) HS      + HO2     = HSO     + OH           2.989E+06
 157) HS      + NO2     = HSO     + NO           2.560E+06
 162) SO      + HCO     = HSO     + CO           6.990E-01
 163) H       + SO      = HSO     +              6.894E+00

HSO                    LOSS RXS                INT RX RATE    TL =  1.90E+09
 164) HSO     + NO      = HNO     + SO           6.874E+06
 165) HSO     + OH      = H2O     + SO           9.440E+06
 166) HSO     + H       = HS      + OH           2.351E+02
 167) HSO     + H       = H2      + SO           1.176E+02
 168) HSO     + HS      = H2S     + SO           3.427E+02
 169) HSO     + O       = OH      + SO           2.054E+06
 170) HSO     + O3      = HS      + O2      O2   1.883E+09
 171) HSO     + S       = HS      + SO           2.875E-02
 299) HSO     + HV      = HS      + O            1.704E+05

S2                  PRODUCTION RXS              INT RX RATE    TP =  9.92E+04
 129) HS      + S       = H       + S2           6.428E-04
 135) S       + S       = S2      +              3.793E-11
 176) OCS     + S       = CO      + S2           2.206E+01
 185) OCS2    + S       = OCS     + S2           3.481E-11
 225) CS2X    + CS2     = CS      + CS      S2   5.729E-06
 237) CS2     + O       = CO      + S2           9.914E+04
 238) CS2     + SO      = OCS     + S2           1.338E+00
 240) CS2     + S       = CS      + S2           1.371E-04
 293) S4      + HV      = S2      + S2           2.361E+01
 294) S3      + HV      = S2      + S            2.844E-05

S2                     LOSS RXS                INT RX RATE    TL =  9.92E+04
 136) S2      + O       = S       + SO           7.346E+03
 139) S       + S2      = S3      +              2.844E-05
 140) S2      + S2      = S4      +              2.361E+01
 231) CH21    + S2      = HCS     + HS           7.960E-15
 232) CH23    + S2      = HCS     + HS           4.827E-12
 292) S2      + HV      = S       + S            9.182E+04

S4                  PRODUCTION RXS              INT RX RATE    TP =  2.36E+01
 140) S2      + S2      = S4      +              2.361E+01
 141) S       + S3      = S4      +              1.425E-18
 297) S8      + HV      = S4      + S4           1.873E-12

S4                     LOSS RXS                INT RX RATE    TL =  2.36E+01
 142) S4      + S4      = S8      +              1.873E-12
 293) S4      + HV      = S2      + S2           2.361E+01

S8                  PRODUCTION RXS              INT RX RATE    TP =  1.87E-12
 142) S4      + S4      = S8      +              1.873E-12

S8                     LOSS RXS                INT RX RATE    TL =  1.87E-12
 297) S8      + HV      = S4      + S4           1.873E-12

SO3                 PRODUCTION RXS              INT RX RATE    TP =  1.12E+10
 112) SO2     + O       = SO3     +              1.446E+07
 114) H2SO4   + H2O     = SO3     + H2O     H2O  8.497E+09
 116) HSO3    + O2      = HO2     + SO3          2.665E+09
 147) SO21    + O2      = SO3     + O            2.130E+02
 148) SO21    + SO2     = SO3     + SO           2.644E+00
 151) SO23    + SO2     = SO3     + SO           3.210E-01
 154) SO2     + HO2     = SO3     + OH           1.021E+05
 255) CH3SO3  + HV      = CH3     + SO3          2.068E+07
 291) H2SO4   + HV      = SO3     + H2O          4.017E+06

SO3                    LOSS RXS                INT RX RATE    TL =  1.12E+10
 113) SO3     + H2O     = H2SO4   +              1.120E+10
 115) SO3     + O       = SO2     + O2           3.076E-01
 160) SO3     + SO      = SO2     + SO2          1.057E-02
 298) SO3     + HV      = SO2     + O            4.497E+02

OCS                 PRODUCTION RXS              INT RX RATE    TP =  6.99E+06
 173) HS      + CO      = OCS     + H            3.135E-05
 179) S       + CO      = OCS     +              7.167E-01
 185) OCS2    + S       = OCS     + S2           3.481E-11
 188) OCS2    + CO      = OCS     + OCS          2.221E+01
 213) CS      + O2      = OCS     + O            2.319E+04
 215) CS      + O3      = OCS     + O2           6.453E+06
 219) CS2     + O       = OCS     + S            5.000E+05
 220) CS2     + OH      = OCS     + HS           1.696E+04
 230) HS      + CO      = OCS     + H            3.173E-05
 238) CS2     + SO      = OCS     + S2           1.338E+00

OCS                    LOSS RXS                INT RX RATE    TL =  5.34E+08
 172) H       + OCS     = CO      + HS           3.531E+03
 174) O       + OCS     = CO      + SO           4.594E+07
 175) O       + OCS     = S       + CO2          4.728E+02
 176) OCS     + S       = CO      + S2           2.206E+01
 177) OCS     + OH      = CO2     + HS           1.925E+07
 184) OCS     + S       = OCS2    +              2.221E+01
 239) OCS     + H       = CO      + HS           3.519E+03
 300) OCS     + HV      = CO      + S            4.687E+08

S3                  PRODUCTION RXS              INT RX RATE    TP =  2.84E-05
 139) S       + S2      = S3      +              2.844E-05

S3                     LOSS RXS                INT RX RATE    TL =  2.84E-05
 141) S       + S3      = S4      +              1.425E-18
 294) S3      + HV      = S2      + S            2.844E-05

O3                  PRODUCTION RXS              INT RX RATE    TP =  1.16E+15
  18) O       + O2      = O3      +              1.155E+15

O3                     LOSS RXS                INT RX RATE    TL =  1.16E+15
   5) H       + O3      = OH      + O2           1.921E+11
  12) OH      + O3      = HO2     + O2           2.393E+11
  15) HO2     + O3      = OH      + O2      O2   1.303E+11
  19) O       + O3      = O2      + O2           7.823E+10
  20) O1D     + O3      = O2      + O2           1.052E+09
  21) O1D     + O3      = O       + O       O2   1.052E+09
  26) O3      + HV      = O2      + O            1.820E-10
  27) O3      + O3      = O2      + O2      O2   4.175E+02
  77) NO      + O3      = NO2     + O2           5.159E+11
 153) SO      + O3      = SO2     + O2           1.298E+09
 155) HS      + O3      = HSO     + O2           1.896E+09
 158) S       + O3      = SO      + O2           1.575E+06
 170) HSO     + O3      = HS      + O2      O2   1.883E+09
 205) NO2     + O3      = NO3     + O2           1.785E+08
 215) CS      + O3      = OCS     + O2           6.453E+06
 216) CS      + O3      = SO      + CO2          6.453E+06
 217) CS      + O3      = CO      + SO2          6.453E+06
 248) CH3S    + O3      = CH3SO   + O2           2.461E+09
 250) CH3SO   + O3      = CH3SO2  + O2           2.456E+09
 252) CH3SO2  + O3      = CH3SO3  + O2           2.067E+07
 264) O3      + HV      = O2      + O1D          5.734E+14
 265) O3      + HV      = O2      + O            5.804E+14
 266) O3      + HV      = O       + O       O    5.297E+11

HNO3                PRODUCTION RXS              INT RX RATE    TP =  3.97E+09
  82) NO2     + OH      = HNO3    +              3.974E+09
 203) N2O5    + H2O     = HNO3    + HNO3         7.718E+03
 244) C2H6S   + NO3     = C2H5S   + HNO3         3.633E+05

HNO3                   LOSS RXS                INT RX RATE    TL =  3.95E+09
  84) HNO3    + OH      = H2O     + NO3          1.081E+09
 211) O       + HNO3    = OH      + NO3          4.805E+05
 280) HNO3    + HV      = NO2     + OH           2.150E+09
 281) HNO3    + HV      = HNO2    + O            3.147E+08
 282) HNO3    + HV      = HNO2    + O1D          2.260E+08

N                   PRODUCTION RXS              INT RX RATE    TP =  9.99E+07
 283) NO      + HV      = N       + O            9.986E+07

N                      LOSS RXS                INT RX RATE    TL =  9.99E+07
  72) N       + N       = N2      +              7.961E+00
  73) N       + O2      = NO      + O            1.040E+06
  75) N       + OH      = NO      + H            1.270E+07
  76) N       + NO      = N2      + O            7.352E+07
 195) N       + NO2     = N2O     + O            8.750E+06
 199) N       + HO2     = NO      + OH           3.849E+06

NO3                 PRODUCTION RXS              INT RX RATE    TP =  1.53E+10
  84) HNO3    + OH      = H2O     + NO3          1.081E+09
 192) O       + NO2     = NO3     +              1.375E+10
 202) N2O5    + M       = NO3     + NO2          1.358E+05
 205) NO2     + O3      = NO3     + O2           1.785E+08
 211) O       + HNO3    = OH      + NO3          4.805E+05
 305) HO2NO2  + HV      = OH      + NO3          2.702E+08
 306) N2O5    + HV      = NO3     + NO2          7.617E+06
 307) N2O5    + HV      = NO3     + NO      O    6.141E+06

NO3                    LOSS RXS                INT RX RATE    TL =  1.53E+10
 189) O       + NO3     = O2      + NO2          3.838E+08
 190) HO2     + NO3     = OH      + NO2     O2   1.258E+07
 191) NO      + NO3     = NO2     + NO2          1.030E+09
 193) OH      + NO3     = HO2     + NO2          2.119E+07
 201) NO2     + NO3     = N2O5    +              1.391E+07
 204) NO2     + NO3     = NO      + NO2     O2   9.503E+02
 206) NO3     + NO3     = NO2     + NO2     O2   8.451E-02
 244) C2H6S   + NO3     = C2H5S   + HNO3         3.633E+05
 301) NO3     + HV      = NO      + O2           1.676E+09
 302) NO3     + HV      = NO2     + O            1.216E+10

N2O                 PRODUCTION RXS              INT RX RATE    TP =  8.75E+06
 195) N       + NO2     = N2O     + O            8.750E+06

N2O                    LOSS RXS                INT RX RATE    TL =  9.35E+10
 194) H       + N2O     = N2      + OH           5.413E-02
 197) O1D     + N2O     = N2      + O2           9.615E+07
 198) O1D     + N2O     = NO      + NO           1.504E+08
 303) N2O     + HV      = N2      + O1D          9.320E+10

HO2NO2              PRODUCTION RXS              INT RX RATE    TP =  6.34E+09
 207) HO2     + NO2     = HO2NO2  +              6.342E+09

HO2NO2                 LOSS RXS                INT RX RATE    TL =  6.34E+09
 208) O       + HO2NO2  = OH      + NO2     O2   2.739E+04
 209) OH      + HO2NO2  = H2O     + NO2     O2   2.501E+09
 210) HO2NO2  + M       = HO2     + NO2          2.587E+09
 304) HO2NO2  + HV      = HO2     + NO2          9.720E+08
 305) HO2NO2  + HV      = OH      + NO3          2.702E+08

N2O5                PRODUCTION RXS              INT RX RATE    TP =  1.39E+07
 201) NO2     + NO3     = N2O5    +              1.391E+07

N2O5                   LOSS RXS                INT RX RATE    TL =  1.39E+07
 200) O       + N2O5    = NO2     + NO2     O2   8.224E+03
 202) N2O5    + M       = NO3     + NO2          1.358E+05
 203) N2O5    + H2O     = HNO3    + HNO3         7.718E+03
 306) N2O5    + HV      = NO3     + NO2          7.617E+06
 307) N2O5    + HV      = NO3     + NO      O    6.141E+06

NH                  PRODUCTION RXS              INT RX RATE    TP =  0.00E+00

NH                     LOSS RXS                INT RX RATE    TL =  0.00E+00

NH2                 PRODUCTION RXS              INT RX RATE    TP =  0.00E+00

NH2                    LOSS RXS                INT RX RATE    TL =  0.00E+00

NH3                 PRODUCTION RXS              INT RX RATE    TP =  0.00E+00

NH3                    LOSS RXS                INT RX RATE    TL =  1.50E+10

CO2                 PRODUCTION RXS              INT RX RATE    TP =  1.05E+12
  32) O       + HCO     = H       + CO2          1.136E+06
  34) CO      + OH      = CO2     + H            3.034E+11
  35) CO      + O       = CO2     +              3.769E+07
 175) O       + OCS     = S       + CO2          4.728E+02
 177) OCS     + OH      = CO2     + HS           1.925E+07
 182) CO2     + O1D     = CO2     + O            7.471E+11
 216) CS      + O3      = SO      + CO2          6.453E+06

CO2                    LOSS RXS                INT RX RATE    TL =  9.11E+11
  36) CO2     + H       = CO      + OH           2.382E+03
  93) CH21    + CO2     = H2CO    + CO           3.206E+04
  95) CH23    + CO2     = H2CO    + CO           2.171E+07
 182) CO2     + O1D     = CO2     + O            7.471E+11
 268) CO2     + HV      = CO      + O            7.382E+10
 269) CO2     + HV      = CO      + O1D          8.993E+10

CS                  PRODUCTION RXS              INT RX RATE    TP =  1.94E+07
 218) CS2     + O       = SO      + CS           5.333E+06
 224) CS2X    + O2      = CS      + SO2          1.901E+03
 225) CS2X    + CS2     = CS      + CS      S2   5.729E-06
 228) H       + HCS     = H2      + CS           3.826E-07
 233) CH3     + HCS     = CH4     + CS           7.269E-08
 235) HS      + HCS     = H2S     + CS           2.029E-06
 236) S       + HCS     = HS      + CS           4.032E-11
 240) CS2     + S       = CS      + S2           1.371E-04
 309) CS2     + HV      = CS      + S            1.405E+07

CS                     LOSS RXS                INT RX RATE    TL =  1.94E+07
 213) CS      + O2      = OCS     + O            2.319E+04
 214) CS      + O2      = CO      + SO           2.899E+03
 215) CS      + O3      = OCS     + O2           6.453E+06
 216) CS      + O3      = SO      + CO2          6.453E+06
 217) CS      + O3      = CO      + SO2          6.453E+06
 226) CS      + HS      = CS2     + H            1.296E-02
 227) H       + CS      = HCS     +              2.484E-06
 241) CS      + O       = CO      + S            1.252E+02

CS2                 PRODUCTION RXS              INT RX RATE    TP =  2.30E+08
 222) CS2OH   + HV      = CS2     + OH           6.785E+06
 223) CS2X    + M       = CS2     + M            2.234E+08
 226) CS      + HS      = CS2     + H            1.296E-02
 229) S       + HCS     = H       + CS2          8.064E-11

CS2                    LOSS RXS                INT RX RATE    TL =  2.50E+08
 218) CS2     + O       = SO      + CS           5.333E+06
 219) CS2     + O       = OCS     + S            5.000E+05
 220) CS2     + OH      = OCS     + HS           1.696E+04
 221) CS2     + OH      = CS2OH   +              6.785E+06
 225) CS2X    + CS2     = CS      + CS      S2   5.729E-06
 237) CS2     + O       = CO      + S2           9.914E+04
 238) CS2     + SO      = OCS     + S2           1.338E+00
 240) CS2     + S       = CS      + S2           1.371E-04
 309) CS2     + HV      = CS      + S            1.405E+07
 310) CS2     + HV      = CS2X    +              2.234E+08

HCS                 PRODUCTION RXS              INT RX RATE    TP =  2.48E-06
 227) H       + CS      = HCS     +              2.484E-06
 231) CH21    + S2      = HCS     + HS           7.960E-15
 232) CH23    + S2      = HCS     + HS           4.827E-12
 234) CH23    + S       = HCS     + H            1.559E-13

HCS                    LOSS RXS                INT RX RATE    TL =  2.48E-06
 228) H       + HCS     = H2      + CS           3.826E-07
 229) S       + HCS     = H       + CS2          8.064E-11
 233) CH3     + HCS     = CH4     + CS           7.269E-08
 235) HS      + HCS     = H2S     + CS           2.029E-06
 236) S       + HCS     = HS      + CS           4.032E-11

C2H6S               PRODUCTION RXS              INT RX RATE    TP =  0.00E+00

C2H6S                  LOSS RXS                INT RX RATE    TL =  3.30E+09
 242) C2H6S   + OH      = C2H5S   + H2O          2.462E+09
 243) C2H6S   + OH      = C2H7SO  +              8.372E+08
 244) C2H6S   + NO3     = C2H5S   + HNO3         3.633E+05

C2H5S               PRODUCTION RXS              INT RX RATE    TP =  2.46E+09
 242) C2H6S   + OH      = C2H5S   + H2O          2.462E+09
 244) C2H6S   + NO3     = C2H5S   + HNO3         3.633E+05

C2H5S                  LOSS RXS                INT RX RATE    TL =  2.46E+09
 245) C2H5S   + O2      = C2H5SO2 +              2.463E+09

C2H5SO              PRODUCTION RXS              INT RX RATE    TP =  2.46E+09
 246) C2H5SO2 + NO      = C2H5SO  + NO2          2.463E+09

C2H5SO                 LOSS RXS                INT RX RATE    TL =  2.46E+09
 247) C2H5SO  + HV      = H2CO    + CH3S         2.463E+09

C2H5SO2             PRODUCTION RXS              INT RX RATE    TP =  2.46E+09
 245) C2H5S   + O2      = C2H5SO2 +              2.463E+09

C2H5SO2                LOSS RXS                INT RX RATE    TL =  2.46E+09
 246) C2H5SO2 + NO      = C2H5SO  + NO2          2.463E+09

CH3S                PRODUCTION RXS              INT RX RATE    TP =  2.46E+09
 247) C2H5SO  + HV      = H2CO    + CH3S         2.463E+09

CH3S                   LOSS RXS                INT RX RATE    TL =  2.46E+09
 248) CH3S    + O3      = CH3SO   + O2           2.461E+09
 249) CH3S    + NO2     = CH3SO   + NO           2.078E+06

CH3SO               PRODUCTION RXS              INT RX RATE    TP =  2.46E+09
 248) CH3S    + O3      = CH3SO   + O2           2.461E+09
 249) CH3S    + NO2     = CH3SO   + NO           2.078E+06

CH3SO                  LOSS RXS                INT RX RATE    TL =  2.46E+09
 250) CH3SO   + O3      = CH3SO2  + O2           2.456E+09
 251) CH3SO   + NO2     = CH3SO2  + NO           6.949E+06

CH3SO2              PRODUCTION RXS              INT RX RATE    TP =  3.30E+09
 250) CH3SO   + O3      = CH3SO2  + O2           2.456E+09
 251) CH3SO   + NO2     = CH3SO2  + NO           6.949E+06
 258) CH4SO2  + OH      = CH3SO2  + H2O          8.361E+08

CH3SO2                 LOSS RXS                INT RX RATE    TL =  3.30E+09
 252) CH3SO2  + O3      = CH3SO3  + O2           2.067E+07
 253) CH3SO2  + NO2     = CH3SO3  + NO           1.052E+04
 254) CH3SO2  + HV      = CH3     + SO2          3.278E+09

CH3SO3              PRODUCTION RXS              INT RX RATE    TP =  2.07E+07
 252) CH3SO2  + O3      = CH3SO3  + O2           2.067E+07
 253) CH3SO2  + NO2     = CH3SO3  + NO           1.052E+04

CH3SO3                 LOSS RXS                INT RX RATE    TL =  2.07E+07
 255) CH3SO3  + HV      = CH3     + SO3          2.068E+07

CH4SO2              PRODUCTION RXS              INT RX RATE    TP =  8.36E+08
 257) C2H6SO  + OH      = CH4SO2  + CH3          8.361E+08

CH4SO2                 LOSS RXS                INT RX RATE    TL =  8.36E+08
 258) CH4SO2  + OH      = CH3SO2  + H2O          8.361E+08

C2H6SO              PRODUCTION RXS              INT RX RATE    TP =  8.37E+08
 256) C2H7SO  + O2      = C2H6SO  + HO2          8.372E+08

C2H6SO                 LOSS RXS                INT RX RATE    TL =  8.37E+08
 257) C2H6SO  + OH      = CH4SO2  + CH3          8.361E+08

C2H7SO              PRODUCTION RXS              INT RX RATE    TP =  8.37E+08
 243) C2H6S   + OH      = C2H7SO  +              8.372E+08

C2H7SO                 LOSS RXS                INT RX RATE    TL =  8.37E+08
 256) C2H7SO  + O2      = C2H6SO  + HO2          8.372E+08

SO4AER              PRODUCTION RXS              INT RX RATE    TP =  2.32E+09

SO4AER                 LOSS RXS                INT RX RATE    TL =  2.29E+09

S8AER               PRODUCTION RXS              INT RX RATE    TP =  0.00E+00

S8AER                  LOSS RXS                INT RX RATE    TL =  1.71E-19

HNO2                PRODUCTION RXS              INT RX RATE    TP =  0.00E+00
  80) NO      + OH      = HNO2    +              4.909E+09
 212) HO2     + NO2     = HNO2    + O2           2.419E+06
 281) HNO3    + HV      = HNO2    + O            3.147E+08
 282) HNO3    + HV      = HNO2    + O1D          2.260E+08

HNO2                   LOSS RXS                INT RX RATE    TL =  0.00E+00
  90) HNO2    + OH      = H2O     + NO2          1.030E+08
 279) HNO2    + HV      = NO      + OH           5.349E+09

O1D                 PRODUCTION RXS              INT RX RATE    TP =  0.00E+00
 259) O2      + HV      = O       + O1D          2.449E+11
 262) H2O     + HV      = H2      + O1D          1.246E+09
 264) O3      + HV      = O2      + O1D          5.734E+14
 269) CO2     + HV      = CO      + O1D          8.993E+10
 282) HNO3    + HV      = HNO2    + O1D          2.260E+08
 284) NO2     + HV      = NO      + O1D          1.147E+08
 303) N2O     + HV      = N2      + O1D          9.320E+10

O1D                    LOSS RXS                INT RX RATE    TL =  0.00E+00
   1) H2O     + O1D     = OH      + OH           2.337E+11
   2) H2      + O1D     = OH      + H            1.228E+09
  20) O1D     + O3      = O2      + O2           1.052E+09
  21) O1D     + O3      = O       + O       O2   1.052E+09
  23) O1D     + N2      = O       + N2           5.727E+14
  24) O1D     + O2      = O       + O2           1.791E+11
  49) CH4     + O1D     = CH3     + OH           1.767E+09
  50) CH4     + O1D     = CH3O    + H            2.378E+08
  51) CH4     + O1D     = CH2OH   + H            2.378E+08
  52) CH4     + O1D     = H2CO    + H2           1.189E+08
  98) C2H6    + O1D     = C2H5    + OH           1.744E+05
 105) SO2     + O1D     = SO2     + O            4.163E+03
 106) SO2     + O1D     = SO      + O2           1.335E+04
 180) CO      + O1D     = CO      + O            6.786E+07
 182) CO2     + O1D     = CO2     + O            7.471E+11
 197) O1D     + N2O     = N2      + O2           9.615E+07
 198) O1D     + N2O     = NO      + NO           1.504E+08

CH21                PRODUCTION RXS              INT RX RATE    TP =  0.00E+00
 273) CH4     + HV      = CH21    + H2           7.766E+08
 276) CH3     + HV      = CH21    + H            4.028E+04
 278) C2H6    + HV      = CH4     + CH21         1.140E+01

CH21                   LOSS RXS                INT RX RATE    TL =  0.00E+00
  53) CH21    + CH4     = CH3     + CH3          3.651E-11
  54) CH21    + O2      = HCO     + OH           7.198E+05
  55) CH21    + N2      = CH23    + N2           7.759E+08
  92) CH21    + H2      = CH3     + H            2.043E+04
  93) CH21    + CO2     = H2CO    + CO           3.206E+04
 231) CH21    + S2      = HCS     + HS           7.960E-15

CH23                PRODUCTION RXS              INT RX RATE    TP =  0.00E+00
  55) CH21    + N2      = CH23    + N2           7.759E+08
 275) CH4     + HV      = CH23    + H       H    1.451E+08
 277) C2H6    + HV      = CH23    + CH23    H2   4.558E+01

CH23                   LOSS RXS                INT RX RATE    TL =  0.00E+00
  58) CH23    + O2      = HCO     + OH           8.988E+08
  94) CH23    + O       = HCO     + H            4.829E+05
  95) CH23    + CO2     = H2CO    + CO           2.171E+07
 232) CH23    + S2      = HCS     + HS           4.827E-12
 234) CH23    + S       = HCS     + H            1.559E-13

C2H5                PRODUCTION RXS              INT RX RATE    TP =  0.00E+00
  96) C2H6    + OH      = C2H5    + H2O          8.995E+08
  97) C2H6    + O       = C2H5    + OH           2.769E+05
  98) C2H6    + O1D     = C2H5    + OH           1.744E+05

C2H5                   LOSS RXS                INT RX RATE    TL =  0.00E+00
  99) C2H5    + H       = CH3     + CH3          9.713E-04
 100) C2H5    + O       = CH3     + HCO     H    7.491E+01
 101) C2H5    + OH      = CH3     + HCO     H2   5.318E+00
 102) C2H5    + HCO     = C2H6    + CO           1.755E-05
 103) C2H5    + HNO     = C2H6    + NO           4.499E-06
 104) C2H5    + O2      = CH3     + HCO     OH   9.000E+08

SO21                PRODUCTION RXS              INT RX RATE    TP =  0.00E+00
 289) SO2     + HV      = SO21    +              1.102E+11

SO21                   LOSS RXS                INT RX RATE    TL =  0.00E+00
 143) SO21    + M       = SO23    + M            1.002E+10
 144) SO21    + M       = SO2     + M            1.002E+11
 145) SO21    + HV      = SO23    + HV           9.741E+05
 146) SO21    + HV      = SO2     + HV           1.429E+07
 147) SO21    + O2      = SO3     + O            2.130E+02
 148) SO21    + SO2     = SO3     + SO           2.644E+00

SO23                PRODUCTION RXS              INT RX RATE    TP =  0.00E+00
 143) SO21    + M       = SO23    + M            1.002E+10
 145) SO21    + HV      = SO23    + HV           9.741E+05
 290) SO2     + HV      = SO23    +              3.914E+08

SO23                   LOSS RXS                INT RX RATE    TL =  0.00E+00
 149) SO23    + M       = SO2     + M            1.041E+10
 150) SO23    + HV      = SO2     + HV           4.931E+06
 151) SO23    + SO2     = SO3     + SO           3.210E-01

HSO3                PRODUCTION RXS              INT RX RATE    TP =  0.00E+00
 111) SO2     + OH      = HSO3    +              2.665E+09

HSO3                   LOSS RXS                INT RX RATE    TL =  0.00E+00
 116) HSO3    + O2      = HO2     + SO3          2.665E+09

OCS2                PRODUCTION RXS              INT RX RATE    TP =  0.00E+00
 184) OCS     + S       = OCS2    +              2.221E+01

OCS2                   LOSS RXS                INT RX RATE    TL =  0.00E+00
 185) OCS2    + S       = OCS     + S2           3.481E-11
 188) OCS2    + CO      = OCS     + OCS          2.221E+01

CS2X                PRODUCTION RXS              INT RX RATE    TP =  0.00E+00
 310) CS2     + HV      = CS2X    +              2.234E+08

CS2X                   LOSS RXS                INT RX RATE    TL =  0.00E+00
 223) CS2X    + M       = CS2     + M            2.234E+08
 224) CS2X    + O2      = CS      + SO2          1.901E+03
 225) CS2X    + CS2     = CS      + CS      S2   5.729E-06

CS2OH               PRODUCTION RXS              INT RX RATE    TP =  0.00E+00
 221) CS2     + OH      = CS2OH   +              6.785E+06

CS2OH                  LOSS RXS                INT RX RATE    TL =  0.00E+00
 222) CS2OH   + HV      = CS2     + OH           6.785E+06

N2                  PRODUCTION RXS              INT RX RATE    TP =  0.00E+00
  23) O1D     + N2      = O       + N2           5.727E+14
  55) CH21    + N2      = CH23    + N2           7.759E+08
  72) N       + N       = N2      +              7.961E+00
  76) N       + NO      = N2      + O            7.352E+07
 194) H       + N2O     = N2      + OH           5.413E-02
 197) O1D     + N2O     = N2      + O2           9.615E+07
 303) N2O     + HV      = N2      + O1D          9.320E+10

N2                     LOSS RXS                INT RX RATE    TL =  0.00E+00
  23) O1D     + N2      = O       + N2           5.727E+14
  55) CH21    + N2      = CH23    + N2           7.759E+08
