
O                   PRODUCTION RXS              INT RX RATE    TP =  1.68E+15
   8) H       + HO2     = H2O     + O            9.256E+07
  21) O1D     + O3      = O       + O       O2   4.317E+09
  22) OH      + OH      = H2O     + O            4.122E+08
  23) O1D     + N2      = O       + N2           6.352E+14
  24) O1D     + O2      = O       + O2           2.004E+12
  25) O2      + HV      = O       + O            5.631E-49
  26) O3      + HV      = O2      + O            3.251E-10
  73) N       + O2      = NO      + O            2.516E+06
  76) N       + NO      = N2      + O            3.863E+07
 105) SO2     + O1D     = SO2     + O            2.780E+03
 107) SO      + O2      = O       + SO2          2.845E+08
 130) S       + O2      = SO      + O            1.225E+08
 147) SO21    + O2      = SO3     + O            6.833E+02
 180) CO      + O1D     = CO      + O            7.616E+07
 182) CO2     + O1D     = CO2     + O            8.277E+11
 195) N       + NO2     = N2O     + O            7.417E+06
 213) CS      + O2      = OCS     + O            1.181E+05
 259) O2      + HV      = O       + O1D          2.795E+11
 260) O2      + HV      = O       + O            1.250E+12
 263) H2O     + HV      = H       + H       O    1.284E+09
 265) O3      + HV      = O2      + O            1.034E+15
 266) O3      + HV      = O       + O       O    6.062E+11
 268) CO2     + HV      = CO      + O            1.602E+10
 272) HO2     + HV      = OH      + O            2.683E+09
 281) HNO3    + HV      = HNO2    + O            2.362E+08
 283) NO      + HV      = N       + O            6.027E+07
 285) NO2     + HV      = NO      + O            1.138E+12
 286) SO      + HV      = S       + O            1.164E+05
 288) SO2     + HV      = SO      + O            3.667E+08
 298) SO3     + HV      = SO2     + O            1.530E+02
 299) HSO     + HV      = HS      + O            3.427E+04
 302) NO3     + HV      = NO2     + O            1.005E+10
 307) N2O5    + HV      = NO3     + NO      O    1.375E+07

O                      LOSS RXS                INT RX RATE    TL =  1.68E+15
   3) H2      + O       = OH      + H            4.420E+07
  10) OH      + O       = H       + O2           1.244E+12
  14) HO2     + O       = OH      + O2           1.102E+12
  17) O       + O       = O2      +              1.148E+11
  18) O       + O2      = O3      +              1.674E+15
  19) O       + O3      = O2      + O2           1.636E+11
  32) O       + HCO     = H       + CO2          4.181E+04
  33) O       + HCO     = OH      + CO           4.181E+04
  35) CO      + O       = CO2     +              1.567E+06
  46) H2CO    + O       = HCO     + OH           1.269E+07
  47) H2O2    + O       = OH      + HO2          7.452E+05
  60) CH3     + O       = H2CO    + H            1.283E+06
  78) NO      + O       = NO2     +              7.884E+09
  81) NO2     + O       = NO      + O2           2.868E+11
  88) O       + HNO     = OH      + NO           1.205E+05
  91) CH4     + O       = CH3     + OH           8.831E+05
  94) CH23    + O       = HCO     + H            1.397E+04
  97) C2H6    + O       = C2H5    + OH           2.368E+04
 100) C2H5    + O       = CH3     + HCO     H    1.264E+00
 109) SO      + O       = SO2     +              3.158E+05
 112) SO2     + O       = SO3     +              1.495E+06
 115) SO3     + O       = SO2     + O2           1.379E-01
 122) H2S     + O       = OH      + HS           3.397E+02
 123) HS      + O       = H       + SO           9.695E+04
 136) S2      + O       = S       + SO           1.652E+03
 169) HSO     + O       = OH      + SO           3.530E+05
 174) O       + OCS     = CO      + SO           8.443E+06
 175) O       + OCS     = S       + CO2          7.177E+01
 189) O       + NO3     = O2      + NO2          2.255E+08
 192) O       + NO2     = NO3     +              1.144E+10
 200) O       + N2O5    = NO2     + NO2     O2   1.612E+04
 208) O       + HO2NO2  = OH      + NO2     O2   6.175E+03
 211) O       + HNO3    = OH      + NO3          5.491E+05
 218) CS2     + O       = SO      + CS           3.634E+06
 219) CS2     + O       = OCS     + S            3.407E+05
 237) CS2     + O       = CO      + S2           7.006E+04
 241) CS      + O       = CO      + S            1.477E+01

O2                  PRODUCTION RXS              INT RX RATE    TP =  1.68E+15
   5) H       + O3      = OH      + O2           3.132E+11
   7) H       + HO2     = H2      + O2           3.992E+08
  10) OH      + O       = H       + O2           1.244E+12
  11) OH      + HO2     = H2O     + O2           1.014E+11
  12) OH      + O3      = HO2     + O2           3.033E+11
  14) HO2     + O       = OH      + O2           1.102E+12
  15) HO2     + O3      = OH      + O2      O2   1.209E+11
  16) HO2     + HO2     = H2O2    + O2           5.231E+10
  17) O       + O       = O2      +              1.148E+11
  19) O       + O3      = O2      + O2           1.636E+11
  20) O1D     + O3      = O2      + O2           4.317E+09
  21) O1D     + O3      = O       + O       O2   4.317E+09
  24) O1D     + O2      = O       + O2           2.004E+12
  26) O3      + HV      = O2      + O            3.251E-10
  27) O3      + O3      = O2      + O2      O2   7.843E+02
  68) CH3O2   + HO2     = CH3OOH  + O2           5.579E+10
  77) NO      + O3      = NO2     + O2           1.364E+12
  81) NO2     + O       = NO      + O2           2.868E+11
 106) SO2     + O1D     = SO      + O2           8.916E+03
 115) SO3     + O       = SO2     + O2           1.379E-01
 125) HS      + HO2     = H2S     + O2           4.902E+06
 133) S       + HO2     = HS      + O2           5.936E-01
 153) SO      + O3      = SO2     + O2           2.329E+08
 155) HS      + O3      = HSO     + O2           3.398E+09
 158) S       + O3      = SO      + O2           9.212E+04
 170) HSO     + O3      = HS      + O2      O2   3.375E+09
 189) O       + NO3     = O2      + NO2          2.255E+08
 190) HO2     + NO3     = OH      + NO2     O2   5.742E+06
 197) O1D     + N2O     = N2      + O2           6.435E+07
 200) O       + N2O5    = NO2     + NO2     O2   1.612E+04
 204) NO2     + NO3     = NO      + NO2     O2   1.698E+03
 205) NO2     + O3      = NO3     + O2           3.660E+08
 206) NO3     + NO3     = NO2     + NO2     O2   5.618E-02
 208) O       + HO2NO2  = OH      + NO2     O2   6.175E+03
 209) OH      + HO2NO2  = H2O     + NO2     O2   1.446E+09
 212) HO2     + NO2     = HNO2    + O2           1.811E+06
 215) CS      + O3      = OCS     + O2           6.442E+06
 248) CH3S    + O3      = CH3SO   + O2           1.208E+09
 250) CH3SO   + O3      = CH3SO2  + O2           1.207E+09
 252) CH3SO2  + O3      = CH3SO3  + O2           1.228E+07
 264) O3      + HV      = O2      + O1D          6.379E+14
 265) O3      + HV      = O2      + O            1.034E+15
 301) NO3     + HV      = NO      + O2           1.379E+09

O2                     LOSS RXS                INT RX RATE    TL =  1.68E+15
   6) H       + O2      = HO2     +              1.176E+12
  18) O       + O2      = O3      +              1.674E+15
  24) O1D     + O2      = O       + O2           2.004E+12
  25) O2      + HV      = O       + O            5.631E-49
  40) HCO     + O2      = HO2     + CO           1.802E+10
  41) CH2OH   + O2      = H2CO    + HO2          2.091E+07
  42) CH3O    + O2      = H2CO    + HO2          7.390E+09
  54) CH21    + O2      = HCO     + OH           3.371E+05
  58) CH23    + O2      = HCO     + OH           4.286E+07
  59) CH3     + O2      = H2CO    + OH           1.432E+03
  66) CH3     + O2      = CH3O2   +              2.316E+10
  73) N       + O2      = NO      + O            2.516E+06
 104) C2H5    + O2      = CH3     + HCO     OH   9.000E+08
 107) SO      + O2      = O       + SO2          2.845E+08
 116) HSO3    + O2      = HO2     + SO3          1.784E+09
 130) S       + O2      = SO      + O            1.225E+08
 147) SO21    + O2      = SO3     + O            6.833E+02
 213) CS      + O2      = OCS     + O            1.181E+05
 214) CS      + O2      = CO      + SO           1.476E+04
 224) CS2X    + O2      = CS      + SO2          7.347E+04
 245) C2H5S   + O2      = C2H5SO2 +              1.209E+09
 256) C2H7SO  + O2      = C2H6SO  + HO2          4.110E+08
 259) O2      + HV      = O       + O1D          2.795E+11
 260) O2      + HV      = O       + O            1.250E+12

H2O                 PRODUCTION RXS              INT RX RATE    TP =  2.79E+10
   4) H2      + OH      = H2O     + H            1.295E+11
   8) H       + HO2     = H2O     + O            9.256E+07
  11) OH      + HO2     = H2O     + O2           1.014E+11
  13) OH      + H2O2    = HO2     + H2O          3.560E+10
  22) OH      + OH      = H2O     + O            4.122E+08
  31) OH      + HCO     = H2O     + CO           2.571E+02
  43) H2CO    + OH      = H2O     + HCO          1.227E+10
  44) H       + OH      = H2O     +              2.326E+06
  48) CH4     + OH      = CH3     + H2O          2.004E+10
  69) CH3OOH  + OH      = CH3O2   + H2O          3.650E+10
  70) CH3OOH  + OH      = H2O     + H2CO    OH   1.564E+10
  84) HNO3    + OH      = H2O     + NO3          8.948E+08
  89) OH      + HNO     = H2O     + NO           1.173E+06
  90) HNO2    + OH      = H2O     + NO2          3.764E+07
  96) C2H6    + OH      = C2H5    + H2O          8.999E+08
 114) H2SO4   + H2O     = SO3     + H2O     H2O  9.887E+09
 120) H2S     + OH      = H2O     + HS           4.848E+06
 165) HSO     + OH      = H2O     + SO           2.065E+07
 209) OH      + HO2NO2  = H2O     + NO2     O2   1.446E+09
 242) C2H6S   + OH      = C2H5S   + H2O          1.209E+09
 258) CH4SO2  + OH      = CH3SO2  + H2O          4.107E+08
 291) H2SO4   + HV      = SO3     + H2O          2.650E+06

H2O                    LOSS RXS                INT RX RATE    TL =  2.60E+10
   1) H2O     + O1D     = OH      + OH           1.516E+11
 113) SO3     + H2O     = H2SO4   +              1.169E+10
 114) H2SO4   + H2O     = SO3     + H2O     H2O  9.887E+09
 203) N2O5    + H2O     = HNO3    + HNO3         3.307E+03
 261) H2O     + HV      = H       + OH           3.799E+10
 262) H2O     + HV      = H2      + O1D          8.558E+08
 263) H2O     + HV      = H       + H       O    1.284E+09

H                   PRODUCTION RXS              INT RX RATE    TP =  1.49E+12
   2) H2      + O1D     = OH      + H            1.265E+09
   3) H2      + O       = OH      + H            4.420E+07
   4) H2      + OH      = H2O     + H            1.295E+11
  10) OH      + O       = H       + O2           1.244E+12
  32) O       + HCO     = H       + CO2          4.181E+04
  34) CO      + OH      = CO2     + H            7.333E+10
  50) CH4     + O1D     = CH3O    + H            2.091E+07
  51) CH4     + O1D     = CH2OH   + H            2.091E+07
  60) CH3     + O       = H2CO    + H            1.283E+06
  75) N       + OH      = NO      + H            9.376E+06
  86) HNO     + HV      = NO      + H            8.695E+06
  92) CH21    + H2      = CH3     + H            7.031E+02
  94) CH23    + O       = HCO     + H            1.397E+04
 100) C2H5    + O       = CH3     + HCO     H    1.264E+00
 110) SO      + OH      = SO2     + H            1.883E+06
 123) HS      + O       = H       + SO           9.695E+04
 129) HS      + S       = H       + S2           1.764E-05
 131) S       + OH      = SO      + H            5.955E-01
 173) HS      + CO      = OCS     + H            7.804E-06
 226) CS      + HS      = CS2     + H            7.741E-03
 229) S       + HCS     = H       + CS2          6.655E-14
 230) HS      + CO      = OCS     + H            7.898E-06
 234) CH23    + S       = HCS     + H            1.336E-15
 261) H2O     + HV      = H       + OH           3.799E+10
 263) H2O     + HV      = H       + H       O    1.284E+09
 271) H2CO    + HV      = HCO     + H            4.799E+09
 274) CH4     + HV      = CH3     + H            3.968E+07
 275) CH4     + HV      = CH23    + H       H    6.712E+06
 276) CH3     + HV      = CH21    + H            9.279E+02
 287) H2S     + HV      = HS      + H            4.151E+04

H                      LOSS RXS                INT RX RATE    TL =  1.49E+12
   5) H       + O3      = OH      + O2           3.132E+11
   6) H       + O2      = HO2     +              1.176E+12
   7) H       + HO2     = H2      + O2           3.992E+08
   8) H       + HO2     = H2O     + O            9.256E+07
   9) H       + HO2     = OH      + OH           4.165E+09
  28) H       + CO      = HCO     +              3.927E+05
  29) H       + HCO     = H2      + CO           5.428E+02
  36) CO2     + H       = CO      + OH           1.024E-01
  38) H2CO    + H       = H2      + HCO          1.416E+03
  39) H       + H       = H2      +              4.394E+05
  44) H       + OH      = H2O     +              2.326E+06
  62) CH3     + H       = CH4     +              3.098E+02
  71) H       + NO      = HNO     +              1.311E+04
  83) NO2     + H       = NO      + OH           2.691E+06
  87) H       + HNO     = H2      + NO           6.512E-01
  99) C2H5    + H       = CH3     + CH3          2.711E-05
 121) H2S     + H       = H2      + HS           1.034E+00
 128) HS      + H       = H2      + S            4.341E-01
 163) H       + SO      = HSO     +              3.778E-02
 166) HSO     + H       = HS      + OH           1.985E+01
 167) HSO     + H       = H2      + SO           9.923E+00
 172) H       + OCS     = CO      + HS           2.349E+02
 194) H       + N2O     = N2      + OH           4.597E-03
 227) H       + CS      = HCS     +              9.153E-08
 228) H       + HCS     = H2      + CS           8.202E-10
 239) OCS     + H       = CO      + HS           2.341E+02

OH                  PRODUCTION RXS              INT RX RATE    TP =  1.99E+12
   1) H2O     + O1D     = OH      + OH           1.516E+11
   2) H2      + O1D     = OH      + H            1.265E+09
   3) H2      + O       = OH      + H            4.420E+07
   5) H       + O3      = OH      + O2           3.132E+11
   9) H       + HO2     = OH      + OH           4.165E+09
  14) HO2     + O       = OH      + O2           1.102E+12
  15) HO2     + O3      = OH      + O2      O2   1.209E+11
  33) O       + HCO     = OH      + CO           4.181E+04
  36) CO2     + H       = CO      + OH           1.024E-01
  46) H2CO    + O       = HCO     + OH           1.269E+07
  47) H2O2    + O       = OH      + HO2          7.452E+05
  49) CH4     + O1D     = CH3     + OH           1.554E+08
  54) CH21    + O2      = HCO     + OH           3.371E+05
  58) CH23    + O2      = HCO     + OH           4.286E+07
  59) CH3     + O2      = H2CO    + OH           1.432E+03
  70) CH3OOH  + OH      = H2O     + H2CO    OH   1.564E+10
  79) NO      + HO2     = NO2     + OH           4.868E+10
  83) NO2     + H       = NO      + OH           2.691E+06
  88) O       + HNO     = OH      + NO           1.205E+05
  91) CH4     + O       = CH3     + OH           8.831E+05
  97) C2H6    + O       = C2H5    + OH           2.368E+04
  98) C2H6    + O1D     = C2H5    + OH           6.443E+04
 104) C2H5    + O2      = CH3     + HCO     OH   9.000E+08
 108) SO      + HO2     = SO2     + OH           2.438E+06
 122) H2S     + O       = OH      + HS           3.397E+02
 134) S       + HO2     = SO      + OH           5.936E-01
 154) SO2     + HO2     = SO3     + OH           7.293E+04
 156) HS      + HO2     = HSO     + OH           4.902E+06
 166) HSO     + H       = HS      + OH           1.985E+01
 169) HSO     + O       = OH      + SO           3.530E+05
 190) HO2     + NO3     = OH      + NO2     O2   5.742E+06
 194) H       + N2O     = N2      + OH           4.597E-03
 199) N       + HO2     = NO      + OH           2.327E+06
 208) O       + HO2NO2  = OH      + NO2     O2   6.175E+03
 211) O       + HNO3    = OH      + NO3          5.491E+05
 222) CS2OH   + HV      = CS2     + OH           5.196E+07
 261) H2O     + HV      = H       + OH           3.799E+10
 267) H2O2    + HV      = OH      + OH           1.156E+10
 272) HO2     + HV      = OH      + O            2.683E+09
 279) HNO2    + HV      = NO      + OH           2.958E+09
 280) HNO3    + HV      = NO2     + OH           1.765E+09
 305) HO2NO2  + HV      = OH      + NO3          1.767E+08
 308) CH3OOH  + HV      = CH3O    + OH           3.492E+09

OH                     LOSS RXS                INT RX RATE    TL =  1.99E+12
   4) H2      + OH      = H2O     + H            1.295E+11
  10) OH      + O       = H       + O2           1.244E+12
  11) OH      + HO2     = H2O     + O2           1.014E+11
  12) OH      + O3      = HO2     + O2           3.033E+11
  13) OH      + H2O2    = HO2     + H2O          3.560E+10
  22) OH      + OH      = H2O     + O            4.122E+08
  31) OH      + HCO     = H2O     + CO           2.571E+02
  34) CO      + OH      = CO2     + H            7.333E+10
  43) H2CO    + OH      = H2O     + HCO          1.227E+10
  44) H       + OH      = H2O     +              2.326E+06
  45) OH      + OH      = H2O2    +              1.699E+08
  48) CH4     + OH      = CH3     + H2O          2.004E+10
  69) CH3OOH  + OH      = CH3O2   + H2O          3.650E+10
  70) CH3OOH  + OH      = H2O     + H2CO    OH   1.564E+10
  75) N       + OH      = NO      + H            9.376E+06
  80) NO      + OH      = HNO2    +              2.588E+09
  82) NO2     + OH      = HNO3    +              3.280E+09
  84) HNO3    + OH      = H2O     + NO3          8.948E+08
  89) OH      + HNO     = H2O     + NO           1.173E+06
  90) HNO2    + OH      = H2O     + NO2          3.764E+07
  96) C2H6    + OH      = C2H5    + H2O          8.999E+08
 101) C2H5    + OH      = CH3     + HCO     H2   5.822E-01
 110) SO      + OH      = SO2     + H            1.883E+06
 111) SO2     + OH      = HSO3    +              1.784E+09
 120) H2S     + OH      = H2O     + HS           4.848E+06
 131) S       + OH      = SO      + H            5.955E-01
 165) HSO     + OH      = H2O     + SO           2.065E+07
 177) OCS     + OH      = CO2     + HS           3.139E+07
 193) OH      + NO3     = HO2     + NO2          1.045E+07
 209) OH      + HO2NO2  = H2O     + NO2     O2   1.446E+09
 220) CS2     + OH      = OCS     + HS           1.299E+05
 221) CS2     + OH      = CS2OH   +              5.196E+07
 242) C2H6S   + OH      = C2H5S   + H2O          1.209E+09
 243) C2H6S   + OH      = C2H7SO  +              4.110E+08
 257) C2H6SO  + OH      = CH4SO2  + CH3          4.107E+08
 258) CH4SO2  + OH      = CH3SO2  + H2O          4.107E+08

HO2                 PRODUCTION RXS              INT RX RATE    TP =  1.54E+12
   6) H       + O2      = HO2     +              1.176E+12
  12) OH      + O3      = HO2     + O2           3.033E+11
  13) OH      + H2O2    = HO2     + H2O          3.560E+10
  40) HCO     + O2      = HO2     + CO           1.802E+10
  41) CH2OH   + O2      = H2CO    + HO2          2.091E+07
  42) CH3O    + O2      = H2CO    + HO2          7.390E+09
  47) H2O2    + O       = OH      + HO2          7.452E+05
 116) HSO3    + O2      = HO2     + SO3          1.784E+09
 193) OH      + NO3     = HO2     + NO2          1.045E+07
 210) HO2NO2  + M       = HO2     + NO2          1.648E+09
 256) C2H7SO  + O2      = C2H6SO  + HO2          4.110E+08
 304) HO2NO2  + HV      = HO2     + NO2          6.437E+08

HO2                    LOSS RXS                INT RX RATE    TL =  1.54E+12
   7) H       + HO2     = H2      + O2           3.992E+08
   8) H       + HO2     = H2O     + O            9.256E+07
   9) H       + HO2     = OH      + OH           4.165E+09
  11) OH      + HO2     = H2O     + O2           1.014E+11
  14) HO2     + O       = OH      + O2           1.102E+12
  15) HO2     + O3      = OH      + O2      O2   1.209E+11
  16) HO2     + HO2     = H2O2    + O2           5.231E+10
  68) CH3O2   + HO2     = CH3OOH  + O2           5.579E+10
  79) NO      + HO2     = NO2     + OH           4.868E+10
 108) SO      + HO2     = SO2     + OH           2.438E+06
 125) HS      + HO2     = H2S     + O2           4.902E+06
 133) S       + HO2     = HS      + O2           5.936E-01
 134) S       + HO2     = SO      + OH           5.936E-01
 154) SO2     + HO2     = SO3     + OH           7.293E+04
 156) HS      + HO2     = HSO     + OH           4.902E+06
 190) HO2     + NO3     = OH      + NO2     O2   5.742E+06
 199) N       + HO2     = NO      + OH           2.327E+06
 207) HO2     + NO2     = HO2NO2  +              3.920E+09
 212) HO2     + NO2     = HNO2    + O2           1.811E+06
 272) HO2     + HV      = OH      + O            2.683E+09

H2O2                PRODUCTION RXS              INT RX RATE    TP =  5.25E+10
  16) HO2     + HO2     = H2O2    + O2           5.231E+10
  45) OH      + OH      = H2O2    +              1.699E+08

H2O2                   LOSS RXS                INT RX RATE    TL =  5.13E+10
  13) OH      + H2O2    = HO2     + H2O          3.560E+10
  47) H2O2    + O       = OH      + HO2          7.452E+05
 267) H2O2    + HV      = OH      + OH           1.156E+10

H2                  PRODUCTION RXS              INT RX RATE    TP =  8.40E+09
   7) H       + HO2     = H2      + O2           3.992E+08
  29) H       + HCO     = H2      + CO           5.428E+02
  38) H2CO    + H       = H2      + HCO          1.416E+03
  39) H       + H       = H2      +              4.394E+05
  52) CH4     + O1D     = H2CO    + H2           1.046E+07
  87) H       + HNO     = H2      + NO           6.512E-01
 101) C2H5    + OH      = CH3     + HCO     H2   5.822E-01
 121) H2S     + H       = H2      + HS           1.034E+00
 128) HS      + H       = H2      + S            4.341E-01
 167) HSO     + H       = H2      + SO           9.923E+00
 228) H       + HCS     = H2      + CS           8.202E-10
 262) H2O     + HV      = H2      + O1D          8.558E+08
 270) H2CO    + HV      = H2      + CO           6.805E+09
 273) CH4     + HV      = CH21    + H2           3.660E+07
 277) C2H6    + HV      = CH23    + CH23    H2   1.186E+01

H2                     LOSS RXS                INT RX RATE    TL =  1.31E+11
   2) H2      + O1D     = OH      + H            1.265E+09
   3) H2      + O       = OH      + H            4.420E+07
   4) H2      + OH      = H2O     + H            1.295E+11
  92) CH21    + H2      = CH3     + H            7.031E+02

CO                  PRODUCTION RXS              INT RX RATE    TP =  7.52E+10
  29) H       + HCO     = H2      + CO           5.428E+02
  30) HCO     + HCO     = H2CO    + CO           2.327E-06
  31) OH      + HCO     = H2O     + CO           2.571E+02
  33) O       + HCO     = OH      + CO           4.181E+04
  36) CO2     + H       = CO      + OH           1.024E-01
  40) HCO     + O2      = HO2     + CO           1.802E+10
  63) CH3     + HCO     = CH4     + CO           1.196E-04
  85) HCO     + NO      = HNO     + CO           5.010E+01
  93) CH21    + CO2     = H2CO    + CO           1.493E+03
  95) CH23    + CO2     = H2CO    + CO           9.988E+04
 102) C2H5    + HCO     = C2H6    + CO           3.455E-08
 127) HS      + HCO     = H2S     + CO           7.383E-03
 132) S       + HCO     = HS      + CO           6.820E-10
 162) SO      + HCO     = HSO     + CO           2.811E-04
 172) H       + OCS     = CO      + HS           2.349E+02
 174) O       + OCS     = CO      + SO           8.443E+06
 176) OCS     + S       = CO      + S2           5.288E-01
 180) CO      + O1D     = CO      + O            7.616E+07
 214) CS      + O2      = CO      + SO           1.476E+04
 217) CS      + O3      = CO      + SO2          6.442E+06
 237) CS2     + O       = CO      + S2           7.006E+04
 239) OCS     + H       = CO      + HS           2.341E+02
 241) CS      + O       = CO      + S            1.477E+01
 268) CO2     + HV      = CO      + O            1.602E+10
 269) CO2     + HV      = CO      + O1D          3.415E+10
 270) H2CO    + HV      = H2      + CO           6.805E+09
 300) OCS     + HV      = CO      + S            1.062E+08

CO                     LOSS RXS                INT RX RATE    TL =  7.34E+10
  28) H       + CO      = HCO     +              3.927E+05
  34) CO      + OH      = CO2     + H            7.333E+10
  35) CO      + O       = CO2     +              1.567E+06
 173) HS      + CO      = OCS     + H            7.804E-06
 179) S       + CO      = OCS     +              1.884E-03
 180) CO      + O1D     = CO      + O            7.616E+07
 188) OCS2    + CO      = OCS     + OCS          5.389E-01
 230) HS      + CO      = OCS     + H            7.898E-06

HCO                 PRODUCTION RXS              INT RX RATE    TP =  1.80E+10
  28) H       + CO      = HCO     +              3.927E+05
  38) H2CO    + H       = H2      + HCO          1.416E+03
  43) H2CO    + OH      = H2O     + HCO          1.227E+10
  46) H2CO    + O       = HCO     + OH           1.269E+07
  54) CH21    + O2      = HCO     + OH           3.371E+05
  58) CH23    + O2      = HCO     + OH           4.286E+07
  65) CH3     + H2CO    = CH4     + HCO          1.749E-04
  94) CH23    + O       = HCO     + H            1.397E+04
 100) C2H5    + O       = CH3     + HCO     H    1.264E+00
 101) C2H5    + OH      = CH3     + HCO     H2   5.822E-01
 104) C2H5    + O2      = CH3     + HCO     OH   9.000E+08
 271) H2CO    + HV      = HCO     + H            4.799E+09

HCO                    LOSS RXS                INT RX RATE    TL =  1.80E+10
  29) H       + HCO     = H2      + CO           5.428E+02
  30) HCO     + HCO     = H2CO    + CO           2.327E-06
  31) OH      + HCO     = H2O     + CO           2.571E+02
  32) O       + HCO     = H       + CO2          4.181E+04
  33) O       + HCO     = OH      + CO           4.181E+04
  40) HCO     + O2      = HO2     + CO           1.802E+10
  63) CH3     + HCO     = CH4     + CO           1.196E-04
  85) HCO     + NO      = HNO     + CO           5.010E+01
 102) C2H5    + HCO     = C2H6    + CO           3.455E-08
 127) HS      + HCO     = H2S     + CO           7.383E-03
 132) S       + HCO     = HS      + CO           6.820E-10
 162) SO      + HCO     = HSO     + CO           2.811E-04

H2CO                PRODUCTION RXS              INT RX RATE    TP =  2.43E+10
  30) HCO     + HCO     = H2CO    + CO           2.327E-06
  41) CH2OH   + O2      = H2CO    + HO2          2.091E+07
  42) CH3O    + O2      = H2CO    + HO2          7.390E+09
  52) CH4     + O1D     = H2CO    + H2           1.046E+07
  59) CH3     + O2      = H2CO    + OH           1.432E+03
  60) CH3     + O       = H2CO    + H            1.283E+06
  70) CH3OOH  + OH      = H2O     + H2CO    OH   1.564E+10
  93) CH21    + CO2     = H2CO    + CO           1.493E+03
  95) CH23    + CO2     = H2CO    + CO           9.988E+04
 247) C2H5SO  + HV      = H2CO    + CH3S         1.209E+09

H2CO                   LOSS RXS                INT RX RATE    TL =  2.41E+10
  38) H2CO    + H       = H2      + HCO          1.416E+03
  43) H2CO    + OH      = H2O     + HCO          1.227E+10
  46) H2CO    + O       = HCO     + OH           1.269E+07
  65) CH3     + H2CO    = CH4     + HCO          1.749E-04
 270) H2CO    + HV      = H2      + CO           6.805E+09
 271) H2CO    + HV      = HCO     + H            4.799E+09

CH3O                PRODUCTION RXS              INT RX RATE    TP =  7.39E+09
  50) CH4     + O1D     = CH3O    + H            2.091E+07
  67) CH3O2   + NO      = CH3O    + NO2          3.877E+09
 308) CH3OOH  + HV      = CH3O    + OH           3.492E+09

CH3O                   LOSS RXS                INT RX RATE    TL =  7.39E+09
  42) CH3O    + O2      = H2CO    + HO2          7.390E+09

CH2OH               PRODUCTION RXS              INT RX RATE    TP =  2.09E+07
  51) CH4     + O1D     = CH2OH   + H            2.091E+07

CH2OH                  LOSS RXS                INT RX RATE    TL =  2.09E+07
  41) CH2OH   + O2      = H2CO    + HO2          2.091E+07

CH3O2               PRODUCTION RXS              INT RX RATE    TP =  5.97E+10
  66) CH3     + O2      = CH3O2   +              2.316E+10
  69) CH3OOH  + OH      = CH3O2   + H2O          3.650E+10

CH3O2                  LOSS RXS                INT RX RATE    TL =  5.97E+10
  67) CH3O2   + NO      = CH3O    + NO2          3.877E+09
  68) CH3O2   + HO2     = CH3OOH  + O2           5.579E+10

CH3OOH              PRODUCTION RXS              INT RX RATE    TP =  5.58E+10
  68) CH3O2   + HO2     = CH3OOH  + O2           5.579E+10

CH3OOH                 LOSS RXS                INT RX RATE    TL =  5.58E+10
  69) CH3OOH  + OH      = CH3O2   + H2O          3.650E+10
  70) CH3OOH  + OH      = H2O     + H2CO    OH   1.564E+10
 308) CH3OOH  + HV      = CH3O    + OH           3.492E+09

CH4                 PRODUCTION RXS              INT RX RATE    TP =  3.13E+02
  62) CH3     + H       = CH4     +              3.098E+02
  63) CH3     + HCO     = CH4     + CO           1.196E-04
  64) CH3     + HNO     = CH4     + NO           3.482E-04
  65) CH3     + H2CO    = CH4     + HCO          1.749E-04
 233) CH3     + HCS     = CH4     + CS           3.574E-11
 278) C2H6    + HV      = CH4     + CH21         2.965E+00

CH4                    LOSS RXS                INT RX RATE    TL =  2.03E+10
  48) CH4     + OH      = CH3     + H2O          2.004E+10
  49) CH4     + O1D     = CH3     + OH           1.554E+08
  50) CH4     + O1D     = CH3O    + H            2.091E+07
  51) CH4     + O1D     = CH2OH   + H            2.091E+07
  52) CH4     + O1D     = H2CO    + H2           1.046E+07
  53) CH21    + CH4     = CH3     + CH3          1.385E-13
  91) CH4     + O       = CH3     + OH           8.831E+05
 273) CH4     + HV      = CH21    + H2           3.660E+07
 274) CH4     + HV      = CH3     + H            3.968E+07
 275) CH4     + HV      = CH23    + H       H    6.712E+06

CH3                 PRODUCTION RXS              INT RX RATE    TP =  2.32E+10
  48) CH4     + OH      = CH3     + H2O          2.004E+10
  49) CH4     + O1D     = CH3     + OH           1.554E+08
  53) CH21    + CH4     = CH3     + CH3          1.385E-13
  91) CH4     + O       = CH3     + OH           8.831E+05
  92) CH21    + H2      = CH3     + H            7.031E+02
  99) C2H5    + H       = CH3     + CH3          2.711E-05
 100) C2H5    + O       = CH3     + HCO     H    1.264E+00
 101) C2H5    + OH      = CH3     + HCO     H2   5.822E-01
 104) C2H5    + O2      = CH3     + HCO     OH   9.000E+08
 254) CH3SO2  + HV      = CH3     + SO2          1.607E+09
 255) CH3SO3  + HV      = CH3     + SO3          1.229E+07
 257) C2H6SO  + OH      = CH4SO2  + CH3          4.107E+08
 274) CH4     + HV      = CH3     + H            3.968E+07

CH3                    LOSS RXS                INT RX RATE    TL =  2.32E+10
  59) CH3     + O2      = H2CO    + OH           1.432E+03
  60) CH3     + O       = H2CO    + H            1.283E+06
  61) CH3     + CH3     = C2H6    +              5.697E-03
  62) CH3     + H       = CH4     +              3.098E+02
  63) CH3     + HCO     = CH4     + CO           1.196E-04
  64) CH3     + HNO     = CH4     + NO           3.482E-04
  65) CH3     + H2CO    = CH4     + HCO          1.749E-04
  66) CH3     + O2      = CH3O2   +              2.316E+10
 233) CH3     + HCS     = CH4     + CS           3.574E-11
 276) CH3     + HV      = CH21    + H            9.279E+02

C2H6                PRODUCTION RXS              INT RX RATE    TP =  5.70E-03
  61) CH3     + CH3     = C2H6    +              5.697E-03
 102) C2H5    + HCO     = C2H6    + CO           3.455E-08
 103) C2H5    + HNO     = C2H6    + NO           6.719E-07

C2H6                   LOSS RXS                INT RX RATE    TL =  9.00E+08
  96) C2H6    + OH      = C2H5    + H2O          8.999E+08
  97) C2H6    + O       = C2H5    + OH           2.368E+04
  98) C2H6    + O1D     = C2H5    + OH           6.443E+04
 277) C2H6    + HV      = CH23    + CH23    H2   1.186E+01
 278) C2H6    + HV      = CH4     + CH21         2.965E+00

NO                  PRODUCTION RXS              INT RX RATE    TP =  1.43E+12
  64) CH3     + HNO     = CH4     + NO           3.482E-04
  73) N       + O2      = NO      + O            2.516E+06
  75) N       + OH      = NO      + H            9.376E+06
  81) NO2     + O       = NO      + O2           2.868E+11
  83) NO2     + H       = NO      + OH           2.691E+06
  86) HNO     + HV      = NO      + H            8.695E+06
  87) H       + HNO     = H2      + NO           6.512E-01
  88) O       + HNO     = OH      + NO           1.205E+05
  89) OH      + HNO     = H2O     + NO           1.173E+06
 103) C2H5    + HNO     = C2H6    + NO           6.719E-07
 152) SO      + NO2     = SO2     + NO           1.660E+07
 157) HS      + NO2     = HSO     + NO           2.605E+06
 198) O1D     + N2O     = NO      + NO           1.007E+08
 199) N       + HO2     = NO      + OH           2.327E+06
 204) NO2     + NO3     = NO      + NO2     O2   1.698E+03
 249) CH3S    + NO2     = CH3SO   + NO           5.209E+05
 251) CH3SO   + NO2     = CH3SO2  + NO           1.728E+06
 253) CH3SO2  + NO2     = CH3SO3  + NO           3.210E+03
 279) HNO2    + HV      = NO      + OH           2.958E+09
 284) NO2     + HV      = NO      + O1D          1.343E+08
 285) NO2     + HV      = NO      + O            1.138E+12
 301) NO3     + HV      = NO      + O2           1.379E+09
 307) N2O5    + HV      = NO3     + NO      O    1.375E+07

NO                     LOSS RXS                INT RX RATE    TL =  1.43E+12
  67) CH3O2   + NO      = CH3O    + NO2          3.877E+09
  71) H       + NO      = HNO     +              1.311E+04
  76) N       + NO      = N2      + O            3.863E+07
  77) NO      + O3      = NO2     + O2           1.364E+12
  78) NO      + O       = NO2     +              7.884E+09
  79) NO      + HO2     = NO2     + OH           4.868E+10
  80) NO      + OH      = HNO2    +              2.588E+09
  85) HCO     + NO      = HNO     + CO           5.010E+01
 164) HSO     + NO      = HNO     + SO           9.980E+06
 191) NO      + NO3     = NO2     + NO2          1.209E+09
 246) C2H5SO2 + NO      = C2H5SO  + NO2          1.209E+09
 283) NO      + HV      = N       + O            6.027E+07

NO2                 PRODUCTION RXS              INT RX RATE    TP =  1.44E+12
  67) CH3O2   + NO      = CH3O    + NO2          3.877E+09
  77) NO      + O3      = NO2     + O2           1.364E+12
  78) NO      + O       = NO2     +              7.884E+09
  79) NO      + HO2     = NO2     + OH           4.868E+10
  90) HNO2    + OH      = H2O     + NO2          3.764E+07
 189) O       + NO3     = O2      + NO2          2.255E+08
 190) HO2     + NO3     = OH      + NO2     O2   5.742E+06
 191) NO      + NO3     = NO2     + NO2          1.209E+09
 193) OH      + NO3     = HO2     + NO2          1.045E+07
 200) O       + N2O5    = NO2     + NO2     O2   1.612E+04
 202) N2O5    + M       = NO3     + NO2          6.760E+04
 204) NO2     + NO3     = NO      + NO2     O2   1.698E+03
 206) NO3     + NO3     = NO2     + NO2     O2   5.618E-02
 208) O       + HO2NO2  = OH      + NO2     O2   6.175E+03
 209) OH      + HO2NO2  = H2O     + NO2     O2   1.446E+09
 210) HO2NO2  + M       = HO2     + NO2          1.648E+09
 246) C2H5SO2 + NO      = C2H5SO  + NO2          1.209E+09
 280) HNO3    + HV      = NO2     + OH           1.765E+09
 302) NO3     + HV      = NO2     + O            1.005E+10
 304) HO2NO2  + HV      = HO2     + NO2          6.437E+08
 306) N2O5    + HV      = NO3     + NO2          1.050E+07

NO2                    LOSS RXS                INT RX RATE    TL =  1.44E+12
  81) NO2     + O       = NO      + O2           2.868E+11
  82) NO2     + OH      = HNO3    +              3.280E+09
  83) NO2     + H       = NO      + OH           2.691E+06
 152) SO      + NO2     = SO2     + NO           1.660E+07
 157) HS      + NO2     = HSO     + NO           2.605E+06
 192) O       + NO2     = NO3     +              1.144E+10
 195) N       + NO2     = N2O     + O            7.417E+06
 201) NO2     + NO3     = N2O5    +              2.434E+07
 204) NO2     + NO3     = NO      + NO2     O2   1.698E+03
 205) NO2     + O3      = NO3     + O2           3.660E+08
 207) HO2     + NO2     = HO2NO2  +              3.920E+09
 212) HO2     + NO2     = HNO2    + O2           1.811E+06
 249) CH3S    + NO2     = CH3SO   + NO           5.209E+05
 251) CH3SO   + NO2     = CH3SO2  + NO           1.728E+06
 253) CH3SO2  + NO2     = CH3SO3  + NO           3.210E+03
 284) NO2     + HV      = NO      + O1D          1.343E+08
 285) NO2     + HV      = NO      + O            1.138E+12

HNO                 PRODUCTION RXS              INT RX RATE    TP =  9.99E+06
  71) H       + NO      = HNO     +              1.311E+04
  85) HCO     + NO      = HNO     + CO           5.010E+01
 164) HSO     + NO      = HNO     + SO           9.980E+06

HNO                    LOSS RXS                INT RX RATE    TL =  9.99E+06
  64) CH3     + HNO     = CH4     + NO           3.482E-04
  86) HNO     + HV      = NO      + H            8.695E+06
  87) H       + HNO     = H2      + NO           6.512E-01
  88) O       + HNO     = OH      + NO           1.205E+05
  89) OH      + HNO     = H2O     + NO           1.173E+06
 103) C2H5    + HNO     = C2H6    + NO           6.719E-07

H2S                 PRODUCTION RXS              INT RX RATE    TP =  4.90E+06
 125) HS      + HO2     = H2S     + O2           4.902E+06
 126) HS      + HS      = H2S     + S            2.899E+02
 127) HS      + HCO     = H2S     + CO           7.383E-03
 168) HSO     + HS      = H2S     + SO           6.750E+02
 235) HS      + HCS     = H2S     + CS           9.068E-08

H2S                    LOSS RXS                INT RX RATE    TL =  4.89E+06
 120) H2S     + OH      = H2O     + HS           4.848E+06
 121) H2S     + H       = H2      + HS           1.034E+00
 122) H2S     + O       = OH      + HS           3.397E+02
 287) H2S     + HV      = HS      + H            4.151E+04

HS                  PRODUCTION RXS              INT RX RATE    TP =  3.41E+09
 120) H2S     + OH      = H2O     + HS           4.848E+06
 121) H2S     + H       = H2      + HS           1.034E+00
 122) H2S     + O       = OH      + HS           3.397E+02
 132) S       + HCO     = HS      + CO           6.820E-10
 133) S       + HO2     = HS      + O2           5.936E-01
 166) HSO     + H       = HS      + OH           1.985E+01
 170) HSO     + O3      = HS      + O2      O2   3.375E+09
 171) HSO     + S       = HS      + SO           7.847E-04
 172) H       + OCS     = CO      + HS           2.349E+02
 177) OCS     + OH      = CO2     + HS           3.139E+07
 220) CS2     + OH      = OCS     + HS           1.299E+05
 231) CH21    + S2      = HCS     + HS           2.474E-17
 232) CH23    + S2      = HCS     + HS           1.609E-15
 236) S       + HCS     = HS      + CS           3.328E-14
 239) OCS     + H       = CO      + HS           2.341E+02
 287) H2S     + HV      = HS      + H            4.151E+04
 299) HSO     + HV      = HS      + O            3.427E+04

HS                     LOSS RXS                INT RX RATE    TL =  3.41E+09
 123) HS      + O       = H       + SO           9.695E+04
 125) HS      + HO2     = H2S     + O2           4.902E+06
 126) HS      + HS      = H2S     + S            2.899E+02
 127) HS      + HCO     = H2S     + CO           7.383E-03
 128) HS      + H       = H2      + S            4.341E-01
 129) HS      + S       = H       + S2           1.764E-05
 155) HS      + O3      = HSO     + O2           3.398E+09
 156) HS      + HO2     = HSO     + OH           4.902E+06
 157) HS      + NO2     = HSO     + NO           2.605E+06
 168) HSO     + HS      = H2S     + SO           6.750E+02
 173) HS      + CO      = OCS     + H            7.804E-06
 226) CS      + HS      = CS2     + H            7.741E-03
 230) HS      + CO      = OCS     + H            7.898E-06
 235) HS      + HCS     = H2S     + CS           9.068E-08

S                   PRODUCTION RXS              INT RX RATE    TP =  1.23E+08
 126) HS      + HS      = H2S     + S            2.899E+02
 128) HS      + H       = H2      + S            4.341E-01
 136) S2      + O       = S       + SO           1.652E+03
 159) SO      + SO      = SO2     + S            9.824E-02
 175) O       + OCS     = S       + CO2          7.177E+01
 219) CS2     + O       = OCS     + S            3.407E+05
 241) CS      + O       = CO      + S            1.477E+01
 286) SO      + HV      = S       + O            1.164E+05
 292) S2      + HV      = S       + S            6.841E+04
 294) S3      + HV      = S2      + S            5.341E-07
 300) OCS     + HV      = CO      + S            1.062E+08
 309) CS2     + HV      = CS      + S            1.575E+07

S                      LOSS RXS                INT RX RATE    TL =  1.23E+08
 129) HS      + S       = H       + S2           1.764E-05
 130) S       + O2      = SO      + O            1.225E+08
 131) S       + OH      = SO      + H            5.955E-01
 132) S       + HCO     = HS      + CO           6.820E-10
 133) S       + HO2     = HS      + O2           5.936E-01
 134) S       + HO2     = SO      + OH           5.936E-01
 135) S       + S       = S2      +              2.900E-14
 139) S       + S2      = S3      +              5.341E-07
 141) S       + S3      = S4      +              4.700E-22
 158) S       + O3      = SO      + O2           9.212E+04
 171) HSO     + S       = HS      + SO           7.847E-04
 176) OCS     + S       = CO      + S2           5.288E-01
 179) S       + CO      = OCS     +              1.884E-03
 184) OCS     + S       = OCS2    +              5.389E-01
 185) OCS2    + S       = OCS     + S2           2.235E-13
 229) S       + HCS     = H       + CS2          6.655E-14
 234) CH23    + S       = HCS     + H            1.336E-15
 236) S       + HCS     = HS      + CS           3.328E-14
 240) CS2     + S       = CS      + S2           9.645E-06

SO                  PRODUCTION RXS              INT RX RATE    TP =  5.39E+08
 106) SO2     + O1D     = SO      + O2           8.916E+03
 123) HS      + O       = H       + SO           9.695E+04
 130) S       + O2      = SO      + O            1.225E+08
 131) S       + OH      = SO      + H            5.955E-01
 134) S       + HO2     = SO      + OH           5.936E-01
 136) S2      + O       = S       + SO           1.652E+03
 148) SO21    + SO2     = SO3     + SO           4.432E-01
 151) SO23    + SO2     = SO3     + SO           5.520E-02
 158) S       + O3      = SO      + O2           9.212E+04
 164) HSO     + NO      = HNO     + SO           9.980E+06
 165) HSO     + OH      = H2O     + SO           2.065E+07
 167) HSO     + H       = H2      + SO           9.923E+00
 168) HSO     + HS      = H2S     + SO           6.750E+02
 169) HSO     + O       = OH      + SO           3.530E+05
 171) HSO     + S       = HS      + SO           7.847E-04
 174) O       + OCS     = CO      + SO           8.443E+06
 214) CS      + O2      = CO      + SO           1.476E+04
 216) CS      + O3      = SO      + CO2          6.442E+06
 218) CS2     + O       = SO      + CS           3.634E+06
 288) SO2     + HV      = SO      + O            3.667E+08

SO                     LOSS RXS                INT RX RATE    TL =  5.39E+08
 107) SO      + O2      = O       + SO2          2.845E+08
 108) SO      + HO2     = SO2     + OH           2.438E+06
 109) SO      + O       = SO2     +              3.158E+05
 110) SO      + OH      = SO2     + H            1.883E+06
 152) SO      + NO2     = SO2     + NO           1.660E+07
 153) SO      + O3      = SO2     + O2           2.329E+08
 159) SO      + SO      = SO2     + S            9.824E-02
 160) SO3     + SO      = SO2     + SO2          1.173E-03
 162) SO      + HCO     = HSO     + CO           2.811E-04
 163) H       + SO      = HSO     +              3.778E-02
 238) CS2     + SO      = OCS     + S2           6.278E-02
 286) SO      + HV      = S       + O            1.164E+05

SO2                 PRODUCTION RXS              INT RX RATE    TP =  3.77E+10
 105) SO2     + O1D     = SO2     + O            2.780E+03
 107) SO      + O2      = O       + SO2          2.845E+08
 108) SO      + HO2     = SO2     + OH           2.438E+06
 109) SO      + O       = SO2     +              3.158E+05
 110) SO      + OH      = SO2     + H            1.883E+06
 115) SO3     + O       = SO2     + O2           1.379E-01
 144) SO21    + M       = SO2     + M            3.212E+10
 146) SO21    + HV      = SO2     + HV           6.696E+06
 149) SO23    + M       = SO2     + M            3.417E+09
 150) SO23    + HV      = SO2     + HV           2.351E+06
 152) SO      + NO2     = SO2     + NO           1.660E+07
 153) SO      + O3      = SO2     + O2           2.329E+08
 159) SO      + SO      = SO2     + S            9.824E-02
 160) SO3     + SO      = SO2     + SO2          1.173E-03
 217) CS      + O3      = CO      + SO2          6.442E+06
 224) CS2X    + O2      = CS      + SO2          7.347E+04
 254) CH3SO2  + HV      = CH3     + SO2          1.607E+09
 298) SO3     + HV      = SO2     + O            1.530E+02

SO2                    LOSS RXS                INT RX RATE    TL =  3.80E+10
 105) SO2     + O1D     = SO2     + O            2.780E+03
 106) SO2     + O1D     = SO      + O2           8.916E+03
 111) SO2     + OH      = HSO3    +              1.784E+09
 112) SO2     + O       = SO3     +              1.495E+06
 148) SO21    + SO2     = SO3     + SO           4.432E-01
 151) SO23    + SO2     = SO3     + SO           5.520E-02
 154) SO2     + HO2     = SO3     + OH           7.293E+04
 288) SO2     + HV      = SO      + O            3.667E+08
 289) SO2     + HV      = SO21    +              3.534E+10
 290) SO2     + HV      = SO23    +              2.062E+08

H2SO4               PRODUCTION RXS              INT RX RATE    TP =  1.17E+10
 113) SO3     + H2O     = H2SO4   +              1.169E+10

H2SO4                  LOSS RXS                INT RX RATE    TL =  1.15E+10
 114) H2SO4   + H2O     = SO3     + H2O     H2O  9.887E+09
 291) H2SO4   + HV      = SO3     + H2O          2.650E+06

HSO                 PRODUCTION RXS              INT RX RATE    TP =  3.41E+09
 155) HS      + O3      = HSO     + O2           3.398E+09
 156) HS      + HO2     = HSO     + OH           4.902E+06
 157) HS      + NO2     = HSO     + NO           2.605E+06
 162) SO      + HCO     = HSO     + CO           2.811E-04
 163) H       + SO      = HSO     +              3.778E-02

HSO                    LOSS RXS                INT RX RATE    TL =  3.41E+09
 164) HSO     + NO      = HNO     + SO           9.980E+06
 165) HSO     + OH      = H2O     + SO           2.065E+07
 166) HSO     + H       = HS      + OH           1.985E+01
 167) HSO     + H       = H2      + SO           9.923E+00
 168) HSO     + HS      = H2S     + SO           6.750E+02
 169) HSO     + O       = OH      + SO           3.530E+05
 170) HSO     + O3      = HS      + O2      O2   3.375E+09
 171) HSO     + S       = HS      + SO           7.847E-04
 299) HSO     + HV      = HS      + O            3.427E+04

S2                  PRODUCTION RXS              INT RX RATE    TP =  7.01E+04
 129) HS      + S       = H       + S2           1.764E-05
 135) S       + S       = S2      +              2.900E-14
 176) OCS     + S       = CO      + S2           5.288E-01
 185) OCS2    + S       = OCS     + S2           2.235E-13
 225) CS2X    + CS2     = CS      + CS      S2   5.807E-05
 237) CS2     + O       = CO      + S2           7.006E+04
 238) CS2     + SO      = OCS     + S2           6.278E-02
 240) CS2     + S       = CS      + S2           9.645E-06
 293) S4      + HV      = S2      + S2           1.313E+01
 294) S3      + HV      = S2      + S            5.341E-07

S2                     LOSS RXS                INT RX RATE    TL =  7.01E+04
 136) S2      + O       = S       + SO           1.652E+03
 139) S       + S2      = S3      +              5.341E-07
 140) S2      + S2      = S4      +              1.313E+01
 231) CH21    + S2      = HCS     + HS           2.474E-17
 232) CH23    + S2      = HCS     + HS           1.609E-15
 292) S2      + HV      = S       + S            6.841E+04

S4                  PRODUCTION RXS              INT RX RATE    TP =  1.31E+01
 140) S2      + S2      = S4      +              1.313E+01
 141) S       + S3      = S4      +              4.700E-22
 297) S8      + HV      = S4      + S4           2.587E-13

S4                     LOSS RXS                INT RX RATE    TL =  1.31E+01
 142) S4      + S4      = S8      +              2.587E-13
 293) S4      + HV      = S2      + S2           1.313E+01

S8                  PRODUCTION RXS              INT RX RATE    TP =  2.59E-13
 142) S4      + S4      = S8      +              2.587E-13

S8                     LOSS RXS                INT RX RATE    TL =  2.59E-13
 297) S8      + HV      = S4      + S4           2.587E-13

SO3                 PRODUCTION RXS              INT RX RATE    TP =  1.17E+10
 112) SO2     + O       = SO3     +              1.495E+06
 114) H2SO4   + H2O     = SO3     + H2O     H2O  9.887E+09
 116) HSO3    + O2      = HO2     + SO3          1.784E+09
 147) SO21    + O2      = SO3     + O            6.833E+02
 148) SO21    + SO2     = SO3     + SO           4.432E-01
 151) SO23    + SO2     = SO3     + SO           5.520E-02
 154) SO2     + HO2     = SO3     + OH           7.293E+04
 255) CH3SO3  + HV      = CH3     + SO3          1.229E+07
 291) H2SO4   + HV      = SO3     + H2O          2.650E+06

SO3                    LOSS RXS                INT RX RATE    TL =  1.17E+10
 113) SO3     + H2O     = H2SO4   +              1.169E+10
 115) SO3     + O       = SO2     + O2           1.379E-01
 160) SO3     + SO      = SO2     + SO2          1.173E-03
 298) SO3     + HV      = SO2     + O            1.530E+02

OCS                 PRODUCTION RXS              INT RX RATE    TP =  7.03E+06
 173) HS      + CO      = OCS     + H            7.804E-06
 179) S       + CO      = OCS     +              1.884E-03
 185) OCS2    + S       = OCS     + S2           2.235E-13
 188) OCS2    + CO      = OCS     + OCS          5.389E-01
 213) CS      + O2      = OCS     + O            1.181E+05
 215) CS      + O3      = OCS     + O2           6.442E+06
 219) CS2     + O       = OCS     + S            3.407E+05
 220) CS2     + OH      = OCS     + HS           1.299E+05
 230) HS      + CO      = OCS     + H            7.898E-06
 238) CS2     + SO      = OCS     + S2           6.278E-02

OCS                    LOSS RXS                INT RX RATE    TL =  1.46E+08
 172) H       + OCS     = CO      + HS           2.349E+02
 174) O       + OCS     = CO      + SO           8.443E+06
 175) O       + OCS     = S       + CO2          7.177E+01
 176) OCS     + S       = CO      + S2           5.288E-01
 177) OCS     + OH      = CO2     + HS           3.139E+07
 184) OCS     + S       = OCS2    +              5.389E-01
 239) OCS     + H       = CO      + HS           2.341E+02
 300) OCS     + HV      = CO      + S            1.062E+08

S3                  PRODUCTION RXS              INT RX RATE    TP =  5.34E-07
 139) S       + S2      = S3      +              5.341E-07

S3                     LOSS RXS                INT RX RATE    TL =  5.34E-07
 141) S       + S3      = S4      +              4.700E-22
 294) S3      + HV      = S2      + S            5.341E-07

O3                  PRODUCTION RXS              INT RX RATE    TP =  1.67E+15
  18) O       + O2      = O3      +              1.674E+15

O3                     LOSS RXS                INT RX RATE    TL =  1.67E+15
   5) H       + O3      = OH      + O2           3.132E+11
  12) OH      + O3      = HO2     + O2           3.033E+11
  15) HO2     + O3      = OH      + O2      O2   1.209E+11
  19) O       + O3      = O2      + O2           1.636E+11
  20) O1D     + O3      = O2      + O2           4.317E+09
  21) O1D     + O3      = O       + O       O2   4.317E+09
  26) O3      + HV      = O2      + O            3.251E-10
  27) O3      + O3      = O2      + O2      O2   7.843E+02
  77) NO      + O3      = NO2     + O2           1.364E+12
 153) SO      + O3      = SO2     + O2           2.329E+08
 155) HS      + O3      = HSO     + O2           3.398E+09
 158) S       + O3      = SO      + O2           9.212E+04
 170) HSO     + O3      = HS      + O2      O2   3.375E+09
 205) NO2     + O3      = NO3     + O2           3.660E+08
 215) CS      + O3      = OCS     + O2           6.442E+06
 216) CS      + O3      = SO      + CO2          6.442E+06
 217) CS      + O3      = CO      + SO2          6.442E+06
 248) CH3S    + O3      = CH3SO   + O2           1.208E+09
 250) CH3SO   + O3      = CH3SO2  + O2           1.207E+09
 252) CH3SO2  + O3      = CH3SO3  + O2           1.228E+07
 264) O3      + HV      = O2      + O1D          6.379E+14
 265) O3      + HV      = O2      + O            1.034E+15
 266) O3      + HV      = O       + O       O    6.062E+11

HNO3                PRODUCTION RXS              INT RX RATE    TP =  3.28E+09
  82) NO2     + OH      = HNO3    +              3.280E+09
 203) N2O5    + H2O     = HNO3    + HNO3         3.307E+03
 244) C2H6S   + NO3     = C2H5S   + HNO3         1.193E+05

HNO3                   LOSS RXS                INT RX RATE    TL =  3.25E+09
  84) HNO3    + OH      = H2O     + NO3          8.948E+08
 211) O       + HNO3    = OH      + NO3          5.491E+05
 280) HNO3    + HV      = NO2     + OH           1.765E+09
 281) HNO3    + HV      = HNO2    + O            2.362E+08
 282) HNO3    + HV      = HNO2    + O1D          1.696E+08

N                   PRODUCTION RXS              INT RX RATE    TP =  6.03E+07
 283) NO      + HV      = N       + O            6.027E+07

N                      LOSS RXS                INT RX RATE    TL =  6.03E+07
  72) N       + N       = N2      +              1.050E+00
  73) N       + O2      = NO      + O            2.516E+06
  75) N       + OH      = NO      + H            9.376E+06
  76) N       + NO      = N2      + O            3.863E+07
 195) N       + NO2     = N2O     + O            7.417E+06
 199) N       + HO2     = NO      + OH           2.327E+06

NO3                 PRODUCTION RXS              INT RX RATE    TP =  1.29E+10
  84) HNO3    + OH      = H2O     + NO3          8.948E+08
 192) O       + NO2     = NO3     +              1.144E+10
 202) N2O5    + M       = NO3     + NO2          6.760E+04
 205) NO2     + O3      = NO3     + O2           3.660E+08
 211) O       + HNO3    = OH      + NO3          5.491E+05
 305) HO2NO2  + HV      = OH      + NO3          1.767E+08
 306) N2O5    + HV      = NO3     + NO2          1.050E+07
 307) N2O5    + HV      = NO3     + NO      O    1.375E+07

NO3                    LOSS RXS                INT RX RATE    TL =  1.29E+10
 189) O       + NO3     = O2      + NO2          2.255E+08
 190) HO2     + NO3     = OH      + NO2     O2   5.742E+06
 191) NO      + NO3     = NO2     + NO2          1.209E+09
 193) OH      + NO3     = HO2     + NO2          1.045E+07
 201) NO2     + NO3     = N2O5    +              2.434E+07
 204) NO2     + NO3     = NO      + NO2     O2   1.698E+03
 206) NO3     + NO3     = NO2     + NO2     O2   5.618E-02
 244) C2H6S   + NO3     = C2H5S   + HNO3         1.193E+05
 301) NO3     + HV      = NO      + O2           1.379E+09
 302) NO3     + HV      = NO2     + O            1.005E+10

N2O                 PRODUCTION RXS              INT RX RATE    TP =  7.42E+06
 195) N       + NO2     = N2O     + O            7.417E+06

N2O                    LOSS RXS                INT RX RATE    TL =  2.48E+10
 194) H       + N2O     = N2      + OH           4.597E-03
 197) O1D     + N2O     = N2      + O2           6.435E+07
 198) O1D     + N2O     = NO      + NO           1.007E+08
 303) N2O     + HV      = N2      + O1D          2.458E+10

HO2NO2              PRODUCTION RXS              INT RX RATE    TP =  3.92E+09
 207) HO2     + NO2     = HO2NO2  +              3.920E+09

HO2NO2                 LOSS RXS                INT RX RATE    TL =  3.92E+09
 208) O       + HO2NO2  = OH      + NO2     O2   6.175E+03
 209) OH      + HO2NO2  = H2O     + NO2     O2   1.446E+09
 210) HO2NO2  + M       = HO2     + NO2          1.648E+09
 304) HO2NO2  + HV      = HO2     + NO2          6.437E+08
 305) HO2NO2  + HV      = OH      + NO3          1.767E+08

N2O5                PRODUCTION RXS              INT RX RATE    TP =  2.43E+07
 201) NO2     + NO3     = N2O5    +              2.434E+07

N2O5                   LOSS RXS                INT RX RATE    TL =  2.43E+07
 200) O       + N2O5    = NO2     + NO2     O2   1.612E+04
 202) N2O5    + M       = NO3     + NO2          6.760E+04
 203) N2O5    + H2O     = HNO3    + HNO3         3.307E+03
 306) N2O5    + HV      = NO3     + NO2          1.050E+07
 307) N2O5    + HV      = NO3     + NO      O    1.375E+07

NH                  PRODUCTION RXS              INT RX RATE    TP =  0.00E+00

NH                     LOSS RXS                INT RX RATE    TL =  0.00E+00

NH2                 PRODUCTION RXS              INT RX RATE    TP =  0.00E+00

NH2                    LOSS RXS                INT RX RATE    TL =  0.00E+00

NH3                 PRODUCTION RXS              INT RX RATE    TP =  0.00E+00

NH3                    LOSS RXS                INT RX RATE    TL =  1.50E+10

CO2                 PRODUCTION RXS              INT RX RATE    TP =  9.01E+11
  32) O       + HCO     = H       + CO2          4.181E+04
  34) CO      + OH      = CO2     + H            7.333E+10
  35) CO      + O       = CO2     +              1.567E+06
 175) O       + OCS     = S       + CO2          7.177E+01
 177) OCS     + OH      = CO2     + HS           3.139E+07
 182) CO2     + O1D     = CO2     + O            8.277E+11
 216) CS      + O3      = SO      + CO2          6.442E+06

CO2                    LOSS RXS                INT RX RATE    TL =  8.78E+11
  36) CO2     + H       = CO      + OH           1.024E-01
  93) CH21    + CO2     = H2CO    + CO           1.493E+03
  95) CH23    + CO2     = H2CO    + CO           9.988E+04
 182) CO2     + O1D     = CO2     + O            8.277E+11
 268) CO2     + HV      = CO      + O            1.602E+10
 269) CO2     + HV      = CO      + O1D          3.415E+10

CS                  PRODUCTION RXS              INT RX RATE    TP =  1.95E+07
 218) CS2     + O       = SO      + CS           3.634E+06
 224) CS2X    + O2      = CS      + SO2          7.347E+04
 225) CS2X    + CS2     = CS      + CS      S2   5.807E-05
 228) H       + HCS     = H2      + CS           8.202E-10
 233) CH3     + HCS     = CH4     + CS           3.574E-11
 235) HS      + HCS     = H2S     + CS           9.068E-08
 236) S       + HCS     = HS      + CS           3.328E-14
 240) CS2     + S       = CS      + S2           9.645E-06
 309) CS2     + HV      = CS      + S            1.575E+07

CS                     LOSS RXS                INT RX RATE    TL =  1.95E+07
 213) CS      + O2      = OCS     + O            1.181E+05
 214) CS      + O2      = CO      + SO           1.476E+04
 215) CS      + O3      = OCS     + O2           6.442E+06
 216) CS      + O3      = SO      + CO2          6.442E+06
 217) CS      + O3      = CO      + SO2          6.442E+06
 226) CS      + HS      = CS2     + H            7.741E-03
 227) H       + CS      = HCS     +              9.153E-08
 241) CS      + O       = CO      + S            1.477E+01

CS2                 PRODUCTION RXS              INT RX RATE    TP =  9.15E+08
 222) CS2OH   + HV      = CS2     + OH           5.196E+07
 223) CS2X    + M       = CS2     + M            8.634E+08
 226) CS      + HS      = CS2     + H            7.741E-03
 229) S       + HCS     = H       + CS2          6.655E-14

CS2                    LOSS RXS                INT RX RATE    TL =  9.35E+08
 218) CS2     + O       = SO      + CS           3.634E+06
 219) CS2     + O       = OCS     + S            3.407E+05
 220) CS2     + OH      = OCS     + HS           1.299E+05
 221) CS2     + OH      = CS2OH   +              5.196E+07
 225) CS2X    + CS2     = CS      + CS      S2   5.807E-05
 237) CS2     + O       = CO      + S2           7.006E+04
 238) CS2     + SO      = OCS     + S2           6.278E-02
 240) CS2     + S       = CS      + S2           9.645E-06
 309) CS2     + HV      = CS      + S            1.575E+07
 310) CS2     + HV      = CS2X    +              8.635E+08

HCS                 PRODUCTION RXS              INT RX RATE    TP =  9.15E-08
 227) H       + CS      = HCS     +              9.153E-08
 231) CH21    + S2      = HCS     + HS           2.474E-17
 232) CH23    + S2      = HCS     + HS           1.609E-15
 234) CH23    + S       = HCS     + H            1.336E-15

HCS                    LOSS RXS                INT RX RATE    TL =  9.15E-08
 228) H       + HCS     = H2      + CS           8.202E-10
 229) S       + HCS     = H       + CS2          6.655E-14
 233) CH3     + HCS     = CH4     + CS           3.574E-11
 235) HS      + HCS     = H2S     + CS           9.068E-08
 236) S       + HCS     = HS      + CS           3.328E-14

C2H6S               PRODUCTION RXS              INT RX RATE    TP =  0.00E+00

C2H6S                  LOSS RXS                INT RX RATE    TL =  1.62E+09
 242) C2H6S   + OH      = C2H5S   + H2O          1.209E+09
 243) C2H6S   + OH      = C2H7SO  +              4.110E+08
 244) C2H6S   + NO3     = C2H5S   + HNO3         1.193E+05

C2H5S               PRODUCTION RXS              INT RX RATE    TP =  1.21E+09
 242) C2H6S   + OH      = C2H5S   + H2O          1.209E+09
 244) C2H6S   + NO3     = C2H5S   + HNO3         1.193E+05

C2H5S                  LOSS RXS                INT RX RATE    TL =  1.21E+09
 245) C2H5S   + O2      = C2H5SO2 +              1.209E+09

C2H5SO              PRODUCTION RXS              INT RX RATE    TP =  1.21E+09
 246) C2H5SO2 + NO      = C2H5SO  + NO2          1.209E+09

C2H5SO                 LOSS RXS                INT RX RATE    TL =  1.21E+09
 247) C2H5SO  + HV      = H2CO    + CH3S         1.209E+09

C2H5SO2             PRODUCTION RXS              INT RX RATE    TP =  1.21E+09
 245) C2H5S   + O2      = C2H5SO2 +              1.209E+09

C2H5SO2                LOSS RXS                INT RX RATE    TL =  1.21E+09
 246) C2H5SO2 + NO      = C2H5SO  + NO2          1.209E+09

CH3S                PRODUCTION RXS              INT RX RATE    TP =  1.21E+09
 247) C2H5SO  + HV      = H2CO    + CH3S         1.209E+09

CH3S                   LOSS RXS                INT RX RATE    TL =  1.21E+09
 248) CH3S    + O3      = CH3SO   + O2           1.208E+09
 249) CH3S    + NO2     = CH3SO   + NO           5.209E+05

CH3SO               PRODUCTION RXS              INT RX RATE    TP =  1.21E+09
 248) CH3S    + O3      = CH3SO   + O2           1.208E+09
 249) CH3S    + NO2     = CH3SO   + NO           5.209E+05

CH3SO                  LOSS RXS                INT RX RATE    TL =  1.21E+09
 250) CH3SO   + O3      = CH3SO2  + O2           1.207E+09
 251) CH3SO   + NO2     = CH3SO2  + NO           1.728E+06

CH3SO2              PRODUCTION RXS              INT RX RATE    TP =  1.62E+09
 250) CH3SO   + O3      = CH3SO2  + O2           1.207E+09
 251) CH3SO   + NO2     = CH3SO2  + NO           1.728E+06
 258) CH4SO2  + OH      = CH3SO2  + H2O          4.107E+08

CH3SO2                 LOSS RXS                INT RX RATE    TL =  1.62E+09
 252) CH3SO2  + O3      = CH3SO3  + O2           1.228E+07
 253) CH3SO2  + NO2     = CH3SO3  + NO           3.210E+03
 254) CH3SO2  + HV      = CH3     + SO2          1.607E+09

CH3SO3              PRODUCTION RXS              INT RX RATE    TP =  1.23E+07
 252) CH3SO2  + O3      = CH3SO3  + O2           1.228E+07
 253) CH3SO2  + NO2     = CH3SO3  + NO           3.210E+03

CH3SO3                 LOSS RXS                INT RX RATE    TL =  1.23E+07
 255) CH3SO3  + HV      = CH3     + SO3          1.229E+07

CH4SO2              PRODUCTION RXS              INT RX RATE    TP =  4.11E+08
 257) C2H6SO  + OH      = CH4SO2  + CH3          4.107E+08

CH4SO2                 LOSS RXS                INT RX RATE    TL =  4.11E+08
 258) CH4SO2  + OH      = CH3SO2  + H2O          4.107E+08

C2H6SO              PRODUCTION RXS              INT RX RATE    TP =  4.11E+08
 256) C2H7SO  + O2      = C2H6SO  + HO2          4.110E+08

C2H6SO                 LOSS RXS                INT RX RATE    TL =  4.11E+08
 257) C2H6SO  + OH      = CH4SO2  + CH3          4.107E+08

C2H7SO              PRODUCTION RXS              INT RX RATE    TP =  4.11E+08
 243) C2H6S   + OH      = C2H7SO  +              4.110E+08

C2H7SO                 LOSS RXS                INT RX RATE    TL =  4.11E+08
 256) C2H7SO  + O2      = C2H6SO  + HO2          4.110E+08

SO4AER              PRODUCTION RXS              INT RX RATE    TP =  1.47E+09

SO4AER                 LOSS RXS                INT RX RATE    TL =  1.45E+09

S8AER               PRODUCTION RXS              INT RX RATE    TP =  0.00E+00

S8AER                  LOSS RXS                INT RX RATE    TL =  1.70E-19

HNO2                PRODUCTION RXS              INT RX RATE    TP =  0.00E+00
  80) NO      + OH      = HNO2    +              2.588E+09
 212) HO2     + NO2     = HNO2    + O2           1.811E+06
 281) HNO3    + HV      = HNO2    + O            2.362E+08
 282) HNO3    + HV      = HNO2    + O1D          1.696E+08

HNO2                   LOSS RXS                INT RX RATE    TL =  0.00E+00
  90) HNO2    + OH      = H2O     + NO2          3.764E+07
 279) HNO2    + HV      = NO      + OH           2.958E+09

O1D                 PRODUCTION RXS              INT RX RATE    TP =  0.00E+00
 259) O2      + HV      = O       + O1D          2.795E+11
 262) H2O     + HV      = H2      + O1D          8.558E+08
 264) O3      + HV      = O2      + O1D          6.379E+14
 269) CO2     + HV      = CO      + O1D          3.415E+10
 282) HNO3    + HV      = HNO2    + O1D          1.696E+08
 284) NO2     + HV      = NO      + O1D          1.343E+08
 303) N2O     + HV      = N2      + O1D          2.458E+10

O1D                    LOSS RXS                INT RX RATE    TL =  0.00E+00
   1) H2O     + O1D     = OH      + OH           1.516E+11
   2) H2      + O1D     = OH      + H            1.265E+09
  20) O1D     + O3      = O2      + O2           4.317E+09
  21) O1D     + O3      = O       + O       O2   4.317E+09
  23) O1D     + N2      = O       + N2           6.352E+14
  24) O1D     + O2      = O       + O2           2.004E+12
  49) CH4     + O1D     = CH3     + OH           1.554E+08
  50) CH4     + O1D     = CH3O    + H            2.091E+07
  51) CH4     + O1D     = CH2OH   + H            2.091E+07
  52) CH4     + O1D     = H2CO    + H2           1.046E+07
  98) C2H6    + O1D     = C2H5    + OH           6.443E+04
 105) SO2     + O1D     = SO2     + O            2.780E+03
 106) SO2     + O1D     = SO      + O2           8.916E+03
 180) CO      + O1D     = CO      + O            7.616E+07
 182) CO2     + O1D     = CO2     + O            8.277E+11
 197) O1D     + N2O     = N2      + O2           6.435E+07
 198) O1D     + N2O     = NO      + NO           1.007E+08

CH21                PRODUCTION RXS              INT RX RATE    TP =  0.00E+00
 273) CH4     + HV      = CH21    + H2           3.660E+07
 276) CH3     + HV      = CH21    + H            9.279E+02
 278) C2H6    + HV      = CH4     + CH21         2.965E+00

CH21                   LOSS RXS                INT RX RATE    TL =  0.00E+00
  53) CH21    + CH4     = CH3     + CH3          1.385E-13
  54) CH21    + O2      = HCO     + OH           3.371E+05
  55) CH21    + N2      = CH23    + N2           3.626E+07
  92) CH21    + H2      = CH3     + H            7.031E+02
  93) CH21    + CO2     = H2CO    + CO           1.493E+03
 231) CH21    + S2      = HCS     + HS           2.474E-17

CH23                PRODUCTION RXS              INT RX RATE    TP =  0.00E+00
  55) CH21    + N2      = CH23    + N2           3.626E+07
 275) CH4     + HV      = CH23    + H       H    6.712E+06
 277) C2H6    + HV      = CH23    + CH23    H2   1.186E+01

CH23                   LOSS RXS                INT RX RATE    TL =  0.00E+00
  58) CH23    + O2      = HCO     + OH           4.286E+07
  94) CH23    + O       = HCO     + H            1.397E+04
  95) CH23    + CO2     = H2CO    + CO           9.988E+04
 232) CH23    + S2      = HCS     + HS           1.609E-15
 234) CH23    + S       = HCS     + H            1.336E-15

C2H5                PRODUCTION RXS              INT RX RATE    TP =  0.00E+00
  96) C2H6    + OH      = C2H5    + H2O          8.999E+08
  97) C2H6    + O       = C2H5    + OH           2.368E+04
  98) C2H6    + O1D     = C2H5    + OH           6.443E+04

C2H5                   LOSS RXS                INT RX RATE    TL =  0.00E+00
  99) C2H5    + H       = CH3     + CH3          2.711E-05
 100) C2H5    + O       = CH3     + HCO     H    1.264E+00
 101) C2H5    + OH      = CH3     + HCO     H2   5.822E-01
 102) C2H5    + HCO     = C2H6    + CO           3.455E-08
 103) C2H5    + HNO     = C2H6    + NO           6.719E-07
 104) C2H5    + O2      = CH3     + HCO     OH   9.000E+08

SO21                PRODUCTION RXS              INT RX RATE    TP =  0.00E+00
 289) SO2     + HV      = SO21    +              3.534E+10

SO21                   LOSS RXS                INT RX RATE    TL =  0.00E+00
 143) SO21    + M       = SO23    + M            3.212E+09
 144) SO21    + M       = SO2     + M            3.212E+10
 145) SO21    + HV      = SO23    + HV           4.565E+05
 146) SO21    + HV      = SO2     + HV           6.696E+06
 147) SO21    + O2      = SO3     + O            6.833E+02
 148) SO21    + SO2     = SO3     + SO           4.432E-01

SO23                PRODUCTION RXS              INT RX RATE    TP =  0.00E+00
 143) SO21    + M       = SO23    + M            3.212E+09
 145) SO21    + HV      = SO23    + HV           4.565E+05
 290) SO2     + HV      = SO23    +              2.062E+08

SO23                   LOSS RXS                INT RX RATE    TL =  0.00E+00
 149) SO23    + M       = SO2     + M            3.417E+09
 150) SO23    + HV      = SO2     + HV           2.351E+06
 151) SO23    + SO2     = SO3     + SO           5.520E-02

HSO3                PRODUCTION RXS              INT RX RATE    TP =  0.00E+00
 111) SO2     + OH      = HSO3    +              1.784E+09

HSO3                   LOSS RXS                INT RX RATE    TL =  0.00E+00
 116) HSO3    + O2      = HO2     + SO3          1.784E+09

OCS2                PRODUCTION RXS              INT RX RATE    TP =  0.00E+00
 184) OCS     + S       = OCS2    +              5.389E-01

OCS2                   LOSS RXS                INT RX RATE    TL =  0.00E+00
 185) OCS2    + S       = OCS     + S2           2.235E-13
 188) OCS2    + CO      = OCS     + OCS          5.389E-01

CS2X                PRODUCTION RXS              INT RX RATE    TP =  0.00E+00
 310) CS2     + HV      = CS2X    +              8.635E+08

CS2X                   LOSS RXS                INT RX RATE    TL =  0.00E+00
 223) CS2X    + M       = CS2     + M            8.634E+08
 224) CS2X    + O2      = CS      + SO2          7.347E+04
 225) CS2X    + CS2     = CS      + CS      S2   5.807E-05

CS2OH               PRODUCTION RXS              INT RX RATE    TP =  0.00E+00
 221) CS2     + OH      = CS2OH   +              5.196E+07

CS2OH                  LOSS RXS                INT RX RATE    TL =  0.00E+00
 222) CS2OH   + HV      = CS2     + OH           5.196E+07

N2                  PRODUCTION RXS              INT RX RATE    TP =  0.00E+00
  23) O1D     + N2      = O       + N2           6.352E+14
  55) CH21    + N2      = CH23    + N2           3.626E+07
  72) N       + N       = N2      +              1.050E+00
  76) N       + NO      = N2      + O            3.863E+07
 194) H       + N2O     = N2      + OH           4.597E-03
 197) O1D     + N2O     = N2      + O2           6.435E+07
 303) N2O     + HV      = N2      + O1D          2.458E+10

N2                     LOSS RXS                INT RX RATE    TL =  0.00E+00
  23) O1D     + N2      = O       + N2           6.352E+14
  55) CH21    + N2      = CH23    + N2           3.626E+07
