
O                   PRODUCTION RXS              INT RX RATE    TP =  1.91E+15
   8) H       + HO2     = H2O     + O            1.479E+08
  21) O1D     + O3      = O       + O       O2   6.617E+09
  22) OH      + OH      = H2O     + O            4.506E+08
  23) O1D     + N2      = O       + N2           6.448E+14
  24) O1D     + O2      = O       + O2           1.039E+13
  25) O2      + HV      = O       + O            2.064E-62
  26) O3      + HV      = O2      + O            4.343E-10
  73) N       + O2      = NO      + O            1.636E+07
  76) N       + NO      = N2      + O            2.957E+07
 105) SO2     + O1D     = SO2     + O            2.987E+03
 107) SO      + O2      = O       + SO2          1.542E+08
 130) S       + O2      = SO      + O            5.301E+07
 147) SO21    + O2      = SO3     + O            2.804E+03
 180) CO      + O1D     = CO      + O            4.351E+07
 182) CO2     + O1D     = CO2     + O            8.384E+11
 195) N       + NO2     = N2O     + O            7.667E+06
 213) CS      + O2      = OCS     + O            2.721E+05
 259) O2      + HV      = O       + O1D          2.940E+11
 260) O2      + HV      = O       + O            2.009E+12
 263) H2O     + HV      = H       + H       O    1.099E+09
 265) O3      + HV      = O2      + O            1.245E+15
 266) O3      + HV      = O       + O       O    4.914E+11
 268) CO2     + HV      = CO      + O            5.710E+09
 272) HO2     + HV      = OH      + O            2.752E+09
 281) HNO3    + HV      = HNO2    + O            3.626E+08
 283) NO      + HV      = N       + O            6.201E+07
 285) NO2     + HV      = NO      + O            3.152E+12
 286) SO      + HV      = S       + O            2.589E+04
 288) SO2     + HV      = SO      + O            1.433E+08
 298) SO3     + HV      = SO2     + O            4.836E+02
 299) HSO     + HV      = HS      + O            4.151E+03
 302) NO3     + HV      = NO2     + O            1.180E+10
 307) N2O5    + HV      = NO3     + NO      O    4.469E+07

O                      LOSS RXS                INT RX RATE    TL =  1.91E+15
   3) H2      + O       = OH      + H            3.709E+07
  10) OH      + O       = H       + O2           1.555E+12
  14) HO2     + O       = OH      + O2           1.266E+12
  17) O       + O       = O2      +              7.640E+10
  18) O       + O2      = O3      +              1.906E+15
  19) O       + O3      = O2      + O2           2.684E+11
  32) O       + HCO     = H       + CO2          2.259E+04
  33) O       + HCO     = OH      + CO           2.259E+04
  35) CO      + O       = CO2     +              4.475E+05
  46) H2CO    + O       = HCO     + OH           1.439E+07
  47) H2O2    + O       = OH      + HO2          6.414E+05
  60) CH3     + O       = H2CO    + H            1.116E+06
  78) NO      + O       = NO2     +              5.050E+09
  81) NO2     + O       = NO      + O2           5.237E+11
  88) O       + HNO     = OH      + NO           4.208E+04
  91) CH4     + O       = CH3     + OH           6.187E+05
  94) CH23    + O       = HCO     + H            1.655E+04
  97) C2H6    + O       = C2H5    + OH           6.757E+03
 100) C2H5    + O       = CH3     + HCO     H    1.121E-01
 109) SO      + O       = SO2     +              3.196E+04
 112) SO2     + O       = SO3     +              4.117E+05
 115) SO3     + O       = SO2     + O2           4.551E-01
 122) H2S     + O       = OH      + HS           7.182E+01
 123) HS      + O       = H       + SO           1.891E+04
 136) S2      + O       = S       + SO           9.443E+02
 169) HSO     + O       = OH      + SO           6.931E+04
 174) O       + OCS     = CO      + SO           2.595E+06
 175) O       + OCS     = S       + CO2          1.750E+01
 189) O       + NO3     = O2      + NO2          1.529E+08
 192) O       + NO2     = NO3     +              1.242E+10
 200) O       + N2O5    = NO2     + NO2     O2   2.579E+04
 208) O       + HO2NO2  = OH      + NO2     O2   1.737E+04
 211) O       + HNO3    = OH      + NO3          7.880E+05
 218) CS2     + O       = SO      + CS           3.640E+06
 219) CS2     + O       = OCS     + S            3.413E+05
 237) CS2     + O       = CO      + S2           7.683E+04
 241) CS      + O       = CO      + S            3.495E+00

O2                  PRODUCTION RXS              INT RX RATE    TP =  1.92E+15
   5) H       + O3      = OH      + O2           4.392E+11
   7) H       + HO2     = H2      + O2           6.376E+08
  10) OH      + O       = H       + O2           1.555E+12
  11) OH      + HO2     = H2O     + O2           8.717E+10
  12) OH      + O3      = HO2     + O2           3.774E+11
  14) HO2     + O       = OH      + O2           1.266E+12
  15) HO2     + O3      = OH      + O2      O2   1.351E+11
  16) HO2     + HO2     = H2O2    + O2           4.332E+10
  17) O       + O       = O2      +              7.640E+10
  19) O       + O3      = O2      + O2           2.684E+11
  20) O1D     + O3      = O2      + O2           6.617E+09
  21) O1D     + O3      = O       + O       O2   6.617E+09
  24) O1D     + O2      = O       + O2           1.039E+13
  26) O3      + HV      = O2      + O            4.343E-10
  27) O3      + O3      = O2      + O2      O2   1.210E+03
  68) CH3O2   + HO2     = CH3OOH  + O2           4.864E+10
  77) NO      + O3      = NO2     + O2           3.582E+12
  81) NO2     + O       = NO      + O2           5.237E+11
 106) SO2     + O1D     = SO      + O2           9.582E+03
 115) SO3     + O       = SO2     + O2           4.551E-01
 125) HS      + HO2     = H2S     + O2           4.147E+06
 133) S       + HO2     = HS      + O2           4.487E-02
 153) SO      + O3      = SO2     + O2           7.321E+07
 155) HS      + O3      = HSO     + O2           3.565E+09
 158) S       + O3      = SO      + O2           1.524E+04
 170) HSO     + O3      = HS      + O2      O2   3.543E+09
 189) O       + NO3     = O2      + NO2          1.529E+08
 190) HO2     + NO3     = OH      + NO2     O2   7.806E+06
 197) O1D     + N2O     = N2      + O2           6.550E+07
 200) O       + N2O5    = NO2     + NO2     O2   2.579E+04
 204) NO2     + NO3     = NO      + NO2     O2   7.440E+03
 205) NO2     + O3      = NO3     + O2           1.690E+09
 206) NO3     + NO3     = NO2     + NO2     O2   1.188E-01
 208) O       + HO2NO2  = OH      + NO2     O2   1.737E+04
 209) OH      + HO2NO2  = H2O     + NO2     O2   2.279E+09
 212) HO2     + NO2     = HNO2    + O2           4.056E+06
 215) CS      + O3      = OCS     + O2           6.299E+06
 248) CH3S    + O3      = CH3SO   + O2           1.208E+09
 250) CH3SO   + O3      = CH3SO2  + O2           1.207E+09
 252) CH3SO2  + O3      = CH3SO3  + O2           1.507E+07
 264) O3      + HV      = O2      + O1D          6.559E+14
 265) O3      + HV      = O2      + O            1.245E+15
 301) NO3     + HV      = NO      + O2           1.596E+09

O2                     LOSS RXS                INT RX RATE    TL =  1.92E+15
   6) H       + O2      = HO2     +              1.287E+12
  18) O       + O2      = O3      +              1.906E+15
  24) O1D     + O2      = O       + O2           1.039E+13
  25) O2      + HV      = O       + O            2.064E-62
  40) HCO     + O2      = HO2     + CO           1.655E+10
  41) CH2OH   + O2      = H2CO    + HO2          1.921E+07
  42) CH3O    + O2      = H2CO    + HO2          7.751E+09
  54) CH21    + O2      = HCO     + OH           4.948E+05
  58) CH23    + O2      = HCO     + OH           1.269E+07
  59) CH3     + O2      = H2CO    + OH           1.427E+03
  66) CH3     + O2      = CH3O2   +              2.150E+10
  73) N       + O2      = NO      + O            1.636E+07
 104) C2H5    + O2      = CH3     + HCO     OH   9.000E+08
 107) SO      + O2      = O       + SO2          1.542E+08
 116) HSO3    + O2      = HO2     + SO3          1.670E+09
 130) S       + O2      = SO      + O            5.301E+07
 147) SO21    + O2      = SO3     + O            2.804E+03
 213) CS      + O2      = OCS     + O            2.721E+05
 214) CS      + O2      = CO      + SO           3.402E+04
 224) CS2X    + O2      = CS      + SO2          1.098E+06
 245) C2H5S   + O2      = C2H5SO2 +              1.209E+09
 256) C2H7SO  + O2      = C2H6SO  + HO2          4.110E+08
 259) O2      + HV      = O       + O1D          2.940E+11
 260) O2      + HV      = O       + O            2.009E+12

H2O                 PRODUCTION RXS              INT RX RATE    TP =  3.18E+10
   4) H2      + OH      = H2O     + H            1.192E+11
   8) H       + HO2     = H2O     + O            1.479E+08
  11) OH      + HO2     = H2O     + O2           8.717E+10
  13) OH      + H2O2    = HO2     + H2O          2.887E+10
  22) OH      + OH      = H2O     + O            4.506E+08
  31) OH      + HCO     = H2O     + CO           5.535E+01
  43) H2CO    + OH      = H2O     + HCO          1.119E+10
  44) H       + OH      = H2O     +              1.325E+06
  48) CH4     + OH      = CH3     + H2O          1.841E+10
  69) CH3OOH  + OH      = CH3O2   + H2O          3.178E+10
  70) CH3OOH  + OH      = H2O     + H2CO    OH   1.362E+10
  84) HNO3    + OH      = H2O     + NO3          1.319E+09
  89) OH      + HNO     = H2O     + NO           1.286E+06
  90) HNO2    + OH      = H2O     + NO2          4.185E+07
  96) C2H6    + OH      = C2H5    + H2O          8.999E+08
 114) H2SO4   + H2O     = SO3     + H2O     H2O  1.040E+10
 120) H2S     + OH      = H2O     + HS           4.131E+06
 165) HSO     + OH      = H2O     + SO           1.711E+07
 209) OH      + HO2NO2  = H2O     + NO2     O2   2.279E+09
 242) C2H6S   + OH      = C2H5S   + H2O          1.209E+09
 258) CH4SO2  + OH      = CH3SO2  + H2O          4.106E+08
 291) H2SO4   + HV      = SO3     + H2O          2.361E+06

H2O                    LOSS RXS                INT RX RATE    TL =  2.98E+10
   1) H2O     + O1D     = OH      + OH           1.487E+11
 113) SO3     + H2O     = H2SO4   +              1.208E+10
 114) H2SO4   + H2O     = SO3     + H2O     H2O  1.040E+10
 203) N2O5    + H2O     = HNO3    + HNO3         6.974E+03
 261) H2O     + HV      = H       + OH           1.510E+10
 262) H2O     + HV      = H2      + O1D          7.327E+08
 263) H2O     + HV      = H       + H       O    1.099E+09

H                   PRODUCTION RXS              INT RX RATE    TP =  1.73E+12
   2) H2      + O1D     = OH      + H            1.294E+09
   3) H2      + O       = OH      + H            3.709E+07
   4) H2      + OH      = H2O     + H            1.192E+11
  10) OH      + O       = H       + O2           1.555E+12
  32) O       + HCO     = H       + CO2          2.259E+04
  34) CO      + OH      = CO2     + H            3.690E+10
  50) CH4     + O1D     = CH3O    + H            1.921E+07
  51) CH4     + O1D     = CH2OH   + H            1.921E+07
  60) CH3     + O       = H2CO    + H            1.116E+06
  75) N       + OH      = NO      + H            6.679E+06
  86) HNO     + HV      = NO      + H            1.066E+07
  92) CH21    + H2      = CH3     + H            3.555E+02
  94) CH23    + O       = HCO     + H            1.655E+04
 100) C2H5    + O       = CH3     + HCO     H    1.121E-01
 110) SO      + OH      = SO2     + H            3.838E+05
 123) HS      + O       = H       + SO           1.891E+04
 129) HS      + S       = H       + S2           9.544E-07
 131) S       + OH      = SO      + H            5.627E-02
 173) HS      + CO      = OCS     + H            7.653E-06
 226) CS      + HS      = CS2     + H            2.591E-03
 229) S       + HCS     = H       + CS2          4.629E-16
 230) HS      + CO      = OCS     + H            7.745E-06
 234) CH23    + S       = HCS     + H            9.670E-15
 261) H2O     + HV      = H       + OH           1.510E+10
 263) H2O     + HV      = H       + H       O    1.099E+09
 271) H2CO    + HV      = HCO     + H            4.428E+09
 274) CH4     + HV      = CH3     + H            1.210E+07
 275) CH4     + HV      = CH23    + H       H    2.058E+06
 276) CH3     + HV      = CH21    + H            5.694E+02
 287) H2S     + HV      = HS      + H            5.851E+03

H                      LOSS RXS                INT RX RATE    TL =  1.73E+12
   5) H       + O3      = OH      + O2           4.392E+11
   6) H       + O2      = HO2     +              1.287E+12
   7) H       + HO2     = H2      + O2           6.376E+08
   8) H       + HO2     = H2O     + O            1.479E+08
   9) H       + HO2     = OH      + OH           6.654E+09
  28) H       + CO      = HCO     +              6.123E+04
  29) H       + HCO     = H2      + CO           3.804E+02
  36) CO2     + H       = CO      + OH           2.588E-05
  38) H2CO    + H       = H2      + HCO          1.796E+03
  39) H       + H       = H2      +              4.621E+05
  44) H       + OH      = H2O     +              1.325E+06
  62) CH3     + H       = CH4     +              1.490E+02
  71) H       + NO      = HNO     +              9.832E+03
  83) NO2     + H       = NO      + OH           5.966E+06
  87) H       + HNO     = H2      + NO           6.291E-01
  99) C2H5    + H       = CH3     + CH3          2.450E-06
 121) H2S     + H       = H2      + HS           1.691E-01
 128) HS      + H       = H2      + S            6.703E-02
 163) H       + SO      = HSO     +              2.768E-03
 166) HSO     + H       = HS      + OH           3.091E+00
 167) HSO     + H       = H2      + SO           1.545E+00
 172) H       + OCS     = CO      + HS           4.158E+01
 194) H       + N2O     = N2      + OH           8.921E-04
 227) H       + CS      = HCS     +              6.325E-09
 228) H       + HCS     = H2      + CS           2.111E-11
 239) OCS     + H       = CO      + HS           4.144E+01

OH                  PRODUCTION RXS              INT RX RATE    TP =  2.30E+12
   1) H2O     + O1D     = OH      + OH           1.487E+11
   2) H2      + O1D     = OH      + H            1.294E+09
   3) H2      + O       = OH      + H            3.709E+07
   5) H       + O3      = OH      + O2           4.392E+11
   9) H       + HO2     = OH      + OH           6.654E+09
  14) HO2     + O       = OH      + O2           1.266E+12
  15) HO2     + O3      = OH      + O2      O2   1.351E+11
  33) O       + HCO     = OH      + CO           2.259E+04
  36) CO2     + H       = CO      + OH           2.588E-05
  46) H2CO    + O       = HCO     + OH           1.439E+07
  47) H2O2    + O       = OH      + HO2          6.414E+05
  49) CH4     + O1D     = CH3     + OH           1.427E+08
  54) CH21    + O2      = HCO     + OH           4.948E+05
  58) CH23    + O2      = HCO     + OH           1.269E+07
  59) CH3     + O2      = H2CO    + OH           1.427E+03
  70) CH3OOH  + OH      = H2O     + H2CO    OH   1.362E+10
  79) NO      + HO2     = NO2     + OH           8.319E+10
  83) NO2     + H       = NO      + OH           5.966E+06
  88) O       + HNO     = OH      + NO           4.208E+04
  91) CH4     + O       = CH3     + OH           6.187E+05
  97) C2H6    + O       = C2H5    + OH           6.757E+03
  98) C2H6    + O1D     = C2H5    + OH           6.510E+04
 104) C2H5    + O2      = CH3     + HCO     OH   9.000E+08
 108) SO      + HO2     = SO2     + OH           4.093E+05
 122) H2S     + O       = OH      + HS           7.182E+01
 134) S       + HO2     = SO      + OH           4.487E-02
 154) SO2     + HO2     = SO3     + OH           7.313E+04
 156) HS      + HO2     = HSO     + OH           4.147E+06
 166) HSO     + H       = HS      + OH           3.091E+00
 169) HSO     + O       = OH      + SO           6.931E+04
 190) HO2     + NO3     = OH      + NO2     O2   7.806E+06
 194) H       + N2O     = N2      + OH           8.921E-04
 199) N       + HO2     = NO      + OH           1.727E+06
 208) O       + HO2NO2  = OH      + NO2     O2   1.737E+04
 211) O       + HNO3    = OH      + NO3          7.880E+05
 222) CS2OH   + HV      = CS2     + OH           1.510E+08
 261) H2O     + HV      = H       + OH           1.510E+10
 267) H2O2    + HV      = OH      + OH           9.575E+09
 272) HO2     + HV      = OH      + O            2.752E+09
 279) HNO2    + HV      = NO      + OH           3.209E+09
 280) HNO3    + HV      = NO2     + OH           3.413E+09
 305) HO2NO2  + HV      = OH      + NO3          3.325E+08
 308) CH3OOH  + HV      = CH3O    + OH           3.092E+09

OH                     LOSS RXS                INT RX RATE    TL =  2.30E+12
   4) H2      + OH      = H2O     + H            1.192E+11
  10) OH      + O       = H       + O2           1.555E+12
  11) OH      + HO2     = H2O     + O2           8.717E+10
  12) OH      + O3      = HO2     + O2           3.774E+11
  13) OH      + H2O2    = HO2     + H2O          2.887E+10
  22) OH      + OH      = H2O     + O            4.506E+08
  31) OH      + HCO     = H2O     + CO           5.535E+01
  34) CO      + OH      = CO2     + H            3.690E+10
  43) H2CO    + OH      = H2O     + HCO          1.119E+10
  44) H       + OH      = H2O     +              1.325E+06
  45) OH      + OH      = H2O2    +              1.201E+08
  48) CH4     + OH      = CH3     + H2O          1.841E+10
  69) CH3OOH  + OH      = CH3O2   + H2O          3.178E+10
  70) CH3OOH  + OH      = H2O     + H2CO    OH   1.362E+10
  75) N       + OH      = NO      + H            6.679E+06
  80) NO      + OH      = HNO2    +              2.623E+09
  82) NO2     + OH      = HNO3    +              5.679E+09
  84) HNO3    + OH      = H2O     + NO3          1.319E+09
  89) OH      + HNO     = H2O     + NO           1.286E+06
  90) HNO2    + OH      = H2O     + NO2          4.185E+07
  96) C2H6    + OH      = C2H5    + H2O          8.999E+08
 101) C2H5    + OH      = CH3     + HCO     H2   1.045E-01
 110) SO      + OH      = SO2     + H            3.838E+05
 111) SO2     + OH      = HSO3    +              1.670E+09
 120) H2S     + OH      = H2O     + HS           4.131E+06
 131) S       + OH      = SO      + H            5.627E-02
 165) HSO     + OH      = H2O     + SO           1.711E+07
 177) OCS     + OH      = CO2     + HS           2.921E+07
 193) OH      + NO3     = HO2     + NO2          1.139E+07
 209) OH      + HO2NO2  = H2O     + NO2     O2   2.279E+09
 220) CS2     + OH      = OCS     + HS           3.775E+05
 221) CS2     + OH      = CS2OH   +              1.510E+08
 242) C2H6S   + OH      = C2H5S   + H2O          1.209E+09
 243) C2H6S   + OH      = C2H7SO  +              4.110E+08
 257) C2H6SO  + OH      = CH4SO2  + CH3          4.106E+08
 258) CH4SO2  + OH      = CH3SO2  + H2O          4.106E+08

HO2                 PRODUCTION RXS              INT RX RATE    TP =  1.72E+12
   6) H       + O2      = HO2     +              1.287E+12
  12) OH      + O3      = HO2     + O2           3.774E+11
  13) OH      + H2O2    = HO2     + H2O          2.887E+10
  40) HCO     + O2      = HO2     + CO           1.655E+10
  41) CH2OH   + O2      = H2CO    + HO2          1.921E+07
  42) CH3O    + O2      = H2CO    + HO2          7.751E+09
  47) H2O2    + O       = OH      + HO2          6.414E+05
 116) HSO3    + O2      = HO2     + SO3          1.670E+09
 193) OH      + NO3     = HO2     + NO2          1.139E+07
 210) HO2NO2  + M       = HO2     + NO2          2.258E+09
 256) C2H7SO  + O2      = C2H6SO  + HO2          4.110E+08
 304) HO2NO2  + HV      = HO2     + NO2          1.224E+09

HO2                    LOSS RXS                INT RX RATE    TL =  1.72E+12
   7) H       + HO2     = H2      + O2           6.376E+08
   8) H       + HO2     = H2O     + O            1.479E+08
   9) H       + HO2     = OH      + OH           6.654E+09
  11) OH      + HO2     = H2O     + O2           8.717E+10
  14) HO2     + O       = OH      + O2           1.266E+12
  15) HO2     + O3      = OH      + O2      O2   1.351E+11
  16) HO2     + HO2     = H2O2    + O2           4.332E+10
  68) CH3O2   + HO2     = CH3OOH  + O2           4.864E+10
  79) NO      + HO2     = NO2     + OH           8.319E+10
 108) SO      + HO2     = SO2     + OH           4.093E+05
 125) HS      + HO2     = H2S     + O2           4.147E+06
 133) S       + HO2     = HS      + O2           4.487E-02
 134) S       + HO2     = SO      + OH           4.487E-02
 154) SO2     + HO2     = SO3     + OH           7.313E+04
 156) HS      + HO2     = HSO     + OH           4.147E+06
 190) HO2     + NO3     = OH      + NO2     O2   7.806E+06
 199) N       + HO2     = NO      + OH           1.727E+06
 207) HO2     + NO2     = HO2NO2  +              6.101E+09
 212) HO2     + NO2     = HNO2    + O2           4.056E+06
 272) HO2     + HV      = OH      + O            2.752E+09

H2O2                PRODUCTION RXS              INT RX RATE    TP =  4.34E+10
  16) HO2     + HO2     = H2O2    + O2           4.332E+10
  45) OH      + OH      = H2O2    +              1.201E+08

H2O2                   LOSS RXS                INT RX RATE    TL =  4.23E+10
  13) OH      + H2O2    = HO2     + H2O          2.887E+10
  47) H2O2    + O       = OH      + HO2          6.414E+05
 267) H2O2    + HV      = OH      + OH           9.575E+09

H2                  PRODUCTION RXS              INT RX RATE    TP =  8.24E+09
   7) H       + HO2     = H2      + O2           6.376E+08
  29) H       + HCO     = H2      + CO           3.804E+02
  38) H2CO    + H       = H2      + HCO          1.796E+03
  39) H       + H       = H2      +              4.621E+05
  52) CH4     + O1D     = H2CO    + H2           9.605E+06
  87) H       + HNO     = H2      + NO           6.291E-01
 101) C2H5    + OH      = CH3     + HCO     H2   1.045E-01
 121) H2S     + H       = H2      + HS           1.691E-01
 128) HS      + H       = H2      + S            6.703E-02
 167) HSO     + H       = H2      + SO           1.545E+00
 228) H       + HCS     = H2      + CS           2.111E-11
 262) H2O     + HV      = H2      + O1D          7.327E+08
 270) H2CO    + HV      = H2      + CO           6.578E+09
 273) CH4     + HV      = CH21    + H2           1.115E+07
 277) C2H6    + HV      = CH23    + CH23    H2   2.335E-01

H2                     LOSS RXS                INT RX RATE    TL =  1.21E+11
   2) H2      + O1D     = OH      + H            1.294E+09
   3) H2      + O       = OH      + H            3.709E+07
   4) H2      + OH      = H2O     + H            1.192E+11
  92) CH21    + H2      = CH3     + H            3.555E+02

CO                  PRODUCTION RXS              INT RX RATE    TP =  3.88E+10
  29) H       + HCO     = H2      + CO           3.804E+02
  30) HCO     + HCO     = H2CO    + CO           1.046E-07
  31) OH      + HCO     = H2O     + CO           5.535E+01
  33) O       + HCO     = OH      + CO           2.259E+04
  36) CO2     + H       = CO      + OH           2.588E-05
  40) HCO     + O2      = HO2     + CO           1.655E+10
  63) CH3     + HCO     = CH4     + CO           1.649E-05
  85) HCO     + NO      = HNO     + CO           2.336E+01
  93) CH21    + CO2     = H2CO    + CO           4.367E+02
  95) CH23    + CO2     = H2CO    + CO           5.165E+03
 102) C2H5    + HCO     = C2H6    + CO           1.301E-09
 127) HS      + HCO     = H2S     + CO           1.263E-03
 132) S       + HCO     = HS      + CO           1.019E-11
 162) SO      + HCO     = HSO     + CO           1.346E-05
 172) H       + OCS     = CO      + HS           4.158E+01
 174) O       + OCS     = CO      + SO           2.595E+06
 176) OCS     + S       = CO      + S2           3.729E-02
 180) CO      + O1D     = CO      + O            4.351E+07
 214) CS      + O2      = CO      + SO           3.402E+04
 217) CS      + O3      = CO      + SO2          6.299E+06
 237) CS2     + O       = CO      + S2           7.683E+04
 239) OCS     + H       = CO      + HS           4.144E+01
 241) CS      + O       = CO      + S            3.495E+00
 268) CO2     + HV      = CO      + O            5.710E+09
 269) CO2     + HV      = CO      + O1D          9.815E+09
 270) H2CO    + HV      = H2      + CO           6.578E+09
 300) OCS     + HV      = CO      + S            3.804E+07

CO                     LOSS RXS                INT RX RATE    TL =  3.69E+10
  28) H       + CO      = HCO     +              6.123E+04
  34) CO      + OH      = CO2     + H            3.690E+10
  35) CO      + O       = CO2     +              4.475E+05
 173) HS      + CO      = OCS     + H            7.653E-06
 179) S       + CO      = OCS     +              1.026E-04
 180) CO      + O1D     = CO      + O            4.351E+07
 188) OCS2    + CO      = OCS     + OCS          3.954E-02
 230) HS      + CO      = OCS     + H            7.745E-06

HCO                 PRODUCTION RXS              INT RX RATE    TP =  1.65E+10
  28) H       + CO      = HCO     +              6.123E+04
  38) H2CO    + H       = H2      + HCO          1.796E+03
  43) H2CO    + OH      = H2O     + HCO          1.119E+10
  46) H2CO    + O       = HCO     + OH           1.439E+07
  54) CH21    + O2      = HCO     + OH           4.948E+05
  58) CH23    + O2      = HCO     + OH           1.269E+07
  65) CH3     + H2CO    = CH4     + HCO          3.569E-05
  94) CH23    + O       = HCO     + H            1.655E+04
 100) C2H5    + O       = CH3     + HCO     H    1.121E-01
 101) C2H5    + OH      = CH3     + HCO     H2   1.045E-01
 104) C2H5    + O2      = CH3     + HCO     OH   9.000E+08
 271) H2CO    + HV      = HCO     + H            4.428E+09

HCO                    LOSS RXS                INT RX RATE    TL =  1.65E+10
  29) H       + HCO     = H2      + CO           3.804E+02
  30) HCO     + HCO     = H2CO    + CO           1.046E-07
  31) OH      + HCO     = H2O     + CO           5.535E+01
  32) O       + HCO     = H       + CO2          2.259E+04
  33) O       + HCO     = OH      + CO           2.259E+04
  40) HCO     + O2      = HO2     + CO           1.655E+10
  63) CH3     + HCO     = CH4     + CO           1.649E-05
  85) HCO     + NO      = HNO     + CO           2.336E+01
 102) C2H5    + HCO     = C2H6    + CO           1.301E-09
 127) HS      + HCO     = H2S     + CO           1.263E-03
 132) S       + HCO     = HS      + CO           1.019E-11
 162) SO      + HCO     = HSO     + CO           1.346E-05

H2CO                PRODUCTION RXS              INT RX RATE    TP =  2.26E+10
  30) HCO     + HCO     = H2CO    + CO           1.046E-07
  41) CH2OH   + O2      = H2CO    + HO2          1.921E+07
  42) CH3O    + O2      = H2CO    + HO2          7.751E+09
  52) CH4     + O1D     = H2CO    + H2           9.605E+06
  59) CH3     + O2      = H2CO    + OH           1.427E+03
  60) CH3     + O       = H2CO    + H            1.116E+06
  70) CH3OOH  + OH      = H2O     + H2CO    OH   1.362E+10
  93) CH21    + CO2     = H2CO    + CO           4.367E+02
  95) CH23    + CO2     = H2CO    + CO           5.165E+03
 247) C2H5SO  + HV      = H2CO    + CH3S         1.209E+09

H2CO                   LOSS RXS                INT RX RATE    TL =  2.24E+10
  38) H2CO    + H       = H2      + HCO          1.796E+03
  43) H2CO    + OH      = H2O     + HCO          1.119E+10
  46) H2CO    + O       = HCO     + OH           1.439E+07
  65) CH3     + H2CO    = CH4     + HCO          3.569E-05
 270) H2CO    + HV      = H2      + CO           6.578E+09
 271) H2CO    + HV      = HCO     + H            4.428E+09

CH3O                PRODUCTION RXS              INT RX RATE    TP =  7.75E+09
  50) CH4     + O1D     = CH3O    + H            1.921E+07
  67) CH3O2   + NO      = CH3O    + NO2          4.641E+09
 308) CH3OOH  + HV      = CH3O    + OH           3.092E+09

CH3O                   LOSS RXS                INT RX RATE    TL =  7.75E+09
  42) CH3O    + O2      = H2CO    + HO2          7.751E+09

CH2OH               PRODUCTION RXS              INT RX RATE    TP =  1.92E+07
  51) CH4     + O1D     = CH2OH   + H            1.921E+07

CH2OH                  LOSS RXS                INT RX RATE    TL =  1.92E+07
  41) CH2OH   + O2      = H2CO    + HO2          1.921E+07

CH3O2               PRODUCTION RXS              INT RX RATE    TP =  5.33E+10
  66) CH3     + O2      = CH3O2   +              2.150E+10
  69) CH3OOH  + OH      = CH3O2   + H2O          3.178E+10

CH3O2                  LOSS RXS                INT RX RATE    TL =  5.33E+10
  67) CH3O2   + NO      = CH3O    + NO2          4.641E+09
  68) CH3O2   + HO2     = CH3OOH  + O2           4.864E+10

CH3OOH              PRODUCTION RXS              INT RX RATE    TP =  4.86E+10
  68) CH3O2   + HO2     = CH3OOH  + O2           4.864E+10

CH3OOH                 LOSS RXS                INT RX RATE    TL =  4.86E+10
  69) CH3OOH  + OH      = CH3O2   + H2O          3.178E+10
  70) CH3OOH  + OH      = H2O     + H2CO    OH   1.362E+10
 308) CH3OOH  + HV      = CH3O    + OH           3.092E+09

CH4                 PRODUCTION RXS              INT RX RATE    TP =  1.49E+02
  62) CH3     + H       = CH4     +              1.490E+02
  63) CH3     + HCO     = CH4     + CO           1.649E-05
  64) CH3     + HNO     = CH4     + NO           8.611E-05
  65) CH3     + H2CO    = CH4     + HCO          3.569E-05
 233) CH3     + HCS     = CH4     + CS           5.115E-13
 278) C2H6    + HV      = CH4     + CH21         5.838E-02

CH4                    LOSS RXS                INT RX RATE    TL =  1.86E+10
  48) CH4     + OH      = CH3     + H2O          1.841E+10
  49) CH4     + O1D     = CH3     + OH           1.427E+08
  50) CH4     + O1D     = CH3O    + H            1.921E+07
  51) CH4     + O1D     = CH2OH   + H            1.921E+07
  52) CH4     + O1D     = H2CO    + H2           9.605E+06
  53) CH21    + CH4     = CH3     + CH3          1.071E-13
  91) CH4     + O       = CH3     + OH           6.187E+05
 273) CH4     + HV      = CH21    + H2           1.115E+07
 274) CH4     + HV      = CH3     + H            1.210E+07
 275) CH4     + HV      = CH23    + H       H    2.058E+06

CH3                 PRODUCTION RXS              INT RX RATE    TP =  2.15E+10
  48) CH4     + OH      = CH3     + H2O          1.841E+10
  49) CH4     + O1D     = CH3     + OH           1.427E+08
  53) CH21    + CH4     = CH3     + CH3          1.071E-13
  91) CH4     + O       = CH3     + OH           6.187E+05
  92) CH21    + H2      = CH3     + H            3.555E+02
  99) C2H5    + H       = CH3     + CH3          2.450E-06
 100) C2H5    + O       = CH3     + HCO     H    1.121E-01
 101) C2H5    + OH      = CH3     + HCO     H2   1.045E-01
 104) C2H5    + O2      = CH3     + HCO     OH   9.000E+08
 254) CH3SO2  + HV      = CH3     + SO2          1.605E+09
 255) CH3SO3  + HV      = CH3     + SO3          1.508E+07
 257) C2H6SO  + OH      = CH4SO2  + CH3          4.106E+08
 274) CH4     + HV      = CH3     + H            1.210E+07

CH3                    LOSS RXS                INT RX RATE    TL =  2.15E+10
  59) CH3     + O2      = H2CO    + OH           1.427E+03
  60) CH3     + O       = H2CO    + H            1.116E+06
  61) CH3     + CH3     = C2H6    +              1.804E-03
  62) CH3     + H       = CH4     +              1.490E+02
  63) CH3     + HCO     = CH4     + CO           1.649E-05
  64) CH3     + HNO     = CH4     + NO           8.611E-05
  65) CH3     + H2CO    = CH4     + HCO          3.569E-05
  66) CH3     + O2      = CH3O2   +              2.150E+10
 233) CH3     + HCS     = CH4     + CS           5.115E-13
 276) CH3     + HV      = CH21    + H            5.694E+02

C2H6                PRODUCTION RXS              INT RX RATE    TP =  1.80E-03
  61) CH3     + CH3     = C2H6    +              1.804E-03
 102) C2H5    + HCO     = C2H6    + CO           1.301E-09
 103) C2H5    + HNO     = C2H6    + NO           1.813E-07

C2H6                   LOSS RXS                INT RX RATE    TL =  9.00E+08
  96) C2H6    + OH      = C2H5    + H2O          8.999E+08
  97) C2H6    + O       = C2H5    + OH           6.757E+03
  98) C2H6    + O1D     = C2H5    + OH           6.510E+04
 277) C2H6    + HV      = CH23    + CH23    H2   2.335E-01
 278) C2H6    + HV      = CH4     + CH21         5.838E-02

NO                  PRODUCTION RXS              INT RX RATE    TP =  3.68E+12
  64) CH3     + HNO     = CH4     + NO           8.611E-05
  73) N       + O2      = NO      + O            1.636E+07
  75) N       + OH      = NO      + H            6.679E+06
  81) NO2     + O       = NO      + O2           5.237E+11
  83) NO2     + H       = NO      + OH           5.966E+06
  86) HNO     + HV      = NO      + H            1.066E+07
  87) H       + HNO     = H2      + NO           6.291E-01
  88) O       + HNO     = OH      + NO           4.208E+04
  89) OH      + HNO     = H2O     + NO           1.286E+06
 103) C2H5    + HNO     = C2H6    + NO           1.813E-07
 152) SO      + NO2     = SO2     + NO           9.837E+06
 157) HS      + NO2     = HSO     + NO           3.442E+06
 198) O1D     + N2O     = NO      + NO           1.025E+08
 199) N       + HO2     = NO      + OH           1.727E+06
 204) NO2     + NO3     = NO      + NO2     O2   7.440E+03
 249) CH3S    + NO2     = CH3SO   + NO           6.857E+05
 251) CH3SO   + NO2     = CH3SO2  + NO           2.268E+06
 253) CH3SO2  + NO2     = CH3SO3  + NO           5.176E+03
 279) HNO2    + HV      = NO      + OH           3.209E+09
 284) NO2     + HV      = NO      + O1D          4.090E+08
 285) NO2     + HV      = NO      + O            3.152E+12
 301) NO3     + HV      = NO      + O2           1.596E+09
 307) N2O5    + HV      = NO3     + NO      O    4.469E+07

NO                     LOSS RXS                INT RX RATE    TL =  3.68E+12
  67) CH3O2   + NO      = CH3O    + NO2          4.641E+09
  71) H       + NO      = HNO     +              9.832E+03
  76) N       + NO      = N2      + O            2.957E+07
  77) NO      + O3      = NO2     + O2           3.582E+12
  78) NO      + O       = NO2     +              5.050E+09
  79) NO      + HO2     = NO2     + OH           8.319E+10
  80) NO      + OH      = HNO2    +              2.623E+09
  85) HCO     + NO      = HNO     + CO           2.336E+01
 164) HSO     + NO      = HNO     + SO           1.198E+07
 191) NO      + NO3     = NO2     + NO2          2.190E+09
 246) C2H5SO2 + NO      = C2H5SO  + NO2          1.209E+09
 283) NO      + HV      = N       + O            6.201E+07

NO2                 PRODUCTION RXS              INT RX RATE    TP =  3.70E+12
  67) CH3O2   + NO      = CH3O    + NO2          4.641E+09
  77) NO      + O3      = NO2     + O2           3.582E+12
  78) NO      + O       = NO2     +              5.050E+09
  79) NO      + HO2     = NO2     + OH           8.319E+10
  90) HNO2    + OH      = H2O     + NO2          4.185E+07
 189) O       + NO3     = O2      + NO2          1.529E+08
 190) HO2     + NO3     = OH      + NO2     O2   7.806E+06
 191) NO      + NO3     = NO2     + NO2          2.190E+09
 193) OH      + NO3     = HO2     + NO2          1.139E+07
 200) O       + N2O5    = NO2     + NO2     O2   2.579E+04
 202) N2O5    + M       = NO3     + NO2          1.309E+05
 204) NO2     + NO3     = NO      + NO2     O2   7.440E+03
 206) NO3     + NO3     = NO2     + NO2     O2   1.188E-01
 208) O       + HO2NO2  = OH      + NO2     O2   1.737E+04
 209) OH      + HO2NO2  = H2O     + NO2     O2   2.279E+09
 210) HO2NO2  + M       = HO2     + NO2          2.258E+09
 246) C2H5SO2 + NO      = C2H5SO  + NO2          1.209E+09
 280) HNO3    + HV      = NO2     + OH           3.413E+09
 302) NO3     + HV      = NO2     + O            1.180E+10
 304) HO2NO2  + HV      = HO2     + NO2          1.224E+09
 306) N2O5    + HV      = NO3     + NO2          2.704E+07

NO2                    LOSS RXS                INT RX RATE    TL =  3.70E+12
  81) NO2     + O       = NO      + O2           5.237E+11
  82) NO2     + OH      = HNO3    +              5.679E+09
  83) NO2     + H       = NO      + OH           5.966E+06
 152) SO      + NO2     = SO2     + NO           9.837E+06
 157) HS      + NO2     = HSO     + NO           3.442E+06
 192) O       + NO2     = NO3     +              1.242E+10
 195) N       + NO2     = N2O     + O            7.667E+06
 201) NO2     + NO3     = N2O5    +              7.189E+07
 204) NO2     + NO3     = NO      + NO2     O2   7.440E+03
 205) NO2     + O3      = NO3     + O2           1.690E+09
 207) HO2     + NO2     = HO2NO2  +              6.101E+09
 212) HO2     + NO2     = HNO2    + O2           4.056E+06
 249) CH3S    + NO2     = CH3SO   + NO           6.857E+05
 251) CH3SO   + NO2     = CH3SO2  + NO           2.268E+06
 253) CH3SO2  + NO2     = CH3SO3  + NO           5.176E+03
 284) NO2     + HV      = NO      + O1D          4.090E+08
 285) NO2     + HV      = NO      + O            3.152E+12

HNO                 PRODUCTION RXS              INT RX RATE    TP =  1.20E+07
  71) H       + NO      = HNO     +              9.832E+03
  85) HCO     + NO      = HNO     + CO           2.336E+01
 164) HSO     + NO      = HNO     + SO           1.198E+07

HNO                    LOSS RXS                INT RX RATE    TL =  1.20E+07
  64) CH3     + HNO     = CH4     + NO           8.611E-05
  86) HNO     + HV      = NO      + H            1.066E+07
  87) H       + HNO     = H2      + NO           6.291E-01
  88) O       + HNO     = OH      + NO           4.208E+04
  89) OH      + HNO     = H2O     + NO           1.286E+06
 103) C2H5    + HNO     = C2H6    + NO           1.813E-07

H2S                 PRODUCTION RXS              INT RX RATE    TP =  4.15E+06
 125) HS      + HO2     = H2S     + O2           4.147E+06
 126) HS      + HS      = H2S     + S            2.412E+02
 127) HS      + HCO     = H2S     + CO           1.263E-03
 168) HSO     + HS      = H2S     + SO           5.636E+02
 235) HS      + HCS     = H2S     + CS           6.303E-09

H2S                    LOSS RXS                INT RX RATE    TL =  4.14E+06
 120) H2S     + OH      = H2O     + HS           4.131E+06
 121) H2S     + H       = H2      + HS           1.691E-01
 122) H2S     + O       = OH      + HS           7.182E+01
 287) H2S     + HV      = HS      + H            5.851E+03

HS                  PRODUCTION RXS              INT RX RATE    TP =  3.58E+09
 120) H2S     + OH      = H2O     + HS           4.131E+06
 121) H2S     + H       = H2      + HS           1.691E-01
 122) H2S     + O       = OH      + HS           7.182E+01
 132) S       + HCO     = HS      + CO           1.019E-11
 133) S       + HO2     = HS      + O2           4.487E-02
 166) HSO     + H       = HS      + OH           3.091E+00
 170) HSO     + O3      = HS      + O2      O2   3.543E+09
 171) HSO     + S       = HS      + SO           4.156E-05
 172) H       + OCS     = CO      + HS           4.158E+01
 177) OCS     + OH      = CO2     + HS           2.921E+07
 220) CS2     + OH      = OCS     + HS           3.775E+05
 231) CH21    + S2      = HCS     + HS           1.064E-18
 232) CH23    + S2      = HCS     + HS           1.645E-17
 236) S       + HCS     = HS      + CS           2.315E-16
 239) OCS     + H       = CO      + HS           4.144E+01
 287) H2S     + HV      = HS      + H            5.851E+03
 299) HSO     + HV      = HS      + O            4.151E+03

HS                     LOSS RXS                INT RX RATE    TL =  3.58E+09
 123) HS      + O       = H       + SO           1.891E+04
 125) HS      + HO2     = H2S     + O2           4.147E+06
 126) HS      + HS      = H2S     + S            2.412E+02
 127) HS      + HCO     = H2S     + CO           1.263E-03
 128) HS      + H       = H2      + S            6.703E-02
 129) HS      + S       = H       + S2           9.544E-07
 155) HS      + O3      = HSO     + O2           3.565E+09
 156) HS      + HO2     = HSO     + OH           4.147E+06
 157) HS      + NO2     = HSO     + NO           3.442E+06
 168) HSO     + HS      = H2S     + SO           5.636E+02
 173) HS      + CO      = OCS     + H            7.653E-06
 226) CS      + HS      = CS2     + H            2.591E-03
 230) HS      + CO      = OCS     + H            7.745E-06
 235) HS      + HCS     = H2S     + CS           6.303E-09

S                   PRODUCTION RXS              INT RX RATE    TP =  5.30E+07
 126) HS      + HS      = H2S     + S            2.412E+02
 128) HS      + H       = H2      + S            6.703E-02
 136) S2      + O       = S       + SO           9.443E+02
 159) SO      + SO      = SO2     + S            3.377E-03
 175) O       + OCS     = S       + CO2          1.750E+01
 219) CS2     + O       = OCS     + S            3.413E+05
 241) CS      + O       = CO      + S            3.495E+00
 286) SO      + HV      = S       + O            2.589E+04
 292) S2      + HV      = S       + S            7.588E+04
 294) S3      + HV      = S2      + S            4.762E-08
 300) OCS     + HV      = CO      + S            3.804E+07
 309) CS2     + HV      = CS      + S            1.447E+07

S                      LOSS RXS                INT RX RATE    TL =  5.30E+07
 129) HS      + S       = H       + S2           9.544E-07
 130) S       + O2      = SO      + O            5.301E+07
 131) S       + OH      = SO      + H            5.627E-02
 132) S       + HCO     = HS      + CO           1.019E-11
 133) S       + HO2     = HS      + O2           4.487E-02
 134) S       + HO2     = SO      + OH           4.487E-02
 135) S       + S       = S2      +              2.692E-16
 139) S       + S2      = S3      +              4.762E-08
 141) S       + S3      = S4      +              3.835E-24
 158) S       + O3      = SO      + O2           1.524E+04
 171) HSO     + S       = HS      + SO           4.156E-05
 176) OCS     + S       = CO      + S2           3.729E-02
 179) S       + CO      = OCS     +              1.026E-04
 184) OCS     + S       = OCS2    +              3.954E-02
 185) OCS2    + S       = OCS     + S2           2.563E-15
 229) S       + HCS     = H       + CS2          4.629E-16
 234) CH23    + S       = HCS     + H            9.670E-15
 236) S       + HCS     = HS      + CS           2.315E-16
 240) CS2     + S       = CS      + S2           1.501E-06

SO                  PRODUCTION RXS              INT RX RATE    TP =  2.38E+08
 106) SO2     + O1D     = SO      + O2           9.582E+03
 123) HS      + O       = H       + SO           1.891E+04
 130) S       + O2      = SO      + O            5.301E+07
 131) S       + OH      = SO      + H            5.627E-02
 134) S       + HO2     = SO      + OH           4.487E-02
 136) S2      + O       = S       + SO           9.443E+02
 148) SO21    + SO2     = SO3     + SO           3.785E-01
 151) SO23    + SO2     = SO3     + SO           4.767E-02
 158) S       + O3      = SO      + O2           1.524E+04
 164) HSO     + NO      = HNO     + SO           1.198E+07
 165) HSO     + OH      = H2O     + SO           1.711E+07
 167) HSO     + H       = H2      + SO           1.545E+00
 168) HSO     + HS      = H2S     + SO           5.636E+02
 169) HSO     + O       = OH      + SO           6.931E+04
 171) HSO     + S       = HS      + SO           4.156E-05
 174) O       + OCS     = CO      + SO           2.595E+06
 214) CS      + O2      = CO      + SO           3.402E+04
 216) CS      + O3      = SO      + CO2          6.299E+06
 218) CS2     + O       = SO      + CS           3.640E+06
 288) SO2     + HV      = SO      + O            1.433E+08

SO                     LOSS RXS                INT RX RATE    TL =  2.38E+08
 107) SO      + O2      = O       + SO2          1.542E+08
 108) SO      + HO2     = SO2     + OH           4.093E+05
 109) SO      + O       = SO2     +              3.196E+04
 110) SO      + OH      = SO2     + H            3.838E+05
 152) SO      + NO2     = SO2     + NO           9.837E+06
 153) SO      + O3      = SO2     + O2           7.321E+07
 159) SO      + SO      = SO2     + S            3.377E-03
 160) SO3     + SO      = SO2     + SO2          3.407E-04
 162) SO      + HCO     = HSO     + CO           1.346E-05
 163) H       + SO      = HSO     +              2.768E-03
 238) CS2     + SO      = OCS     + S2           1.580E-02
 286) SO      + HV      = S       + O            2.589E+04

SO2                 PRODUCTION RXS              INT RX RATE    TP =  3.11E+10
 105) SO2     + O1D     = SO2     + O            2.987E+03
 107) SO      + O2      = O       + SO2          1.542E+08
 108) SO      + HO2     = SO2     + OH           4.093E+05
 109) SO      + O       = SO2     +              3.196E+04
 110) SO      + OH      = SO2     + H            3.838E+05
 115) SO3     + O       = SO2     + O2           4.551E-01
 144) SO21    + M       = SO2     + M            2.636E+10
 146) SO21    + HV      = SO2     + HV           5.851E+06
 149) SO23    + M       = SO2     + M            2.835E+09
 150) SO23    + HV      = SO2     + HV           2.067E+06
 152) SO      + NO2     = SO2     + NO           9.837E+06
 153) SO      + O3      = SO2     + O2           7.321E+07
 159) SO      + SO      = SO2     + S            3.377E-03
 160) SO3     + SO      = SO2     + SO2          3.407E-04
 217) CS      + O3      = CO      + SO2          6.299E+06
 224) CS2X    + O2      = CS      + SO2          1.098E+06
 254) CH3SO2  + HV      = CH3     + SO2          1.605E+09
 298) SO3     + HV      = SO2     + O            4.836E+02

SO2                    LOSS RXS                INT RX RATE    TL =  3.13E+10
 105) SO2     + O1D     = SO2     + O            2.987E+03
 106) SO2     + O1D     = SO      + O2           9.582E+03
 111) SO2     + OH      = HSO3    +              1.670E+09
 112) SO2     + O       = SO3     +              4.117E+05
 148) SO21    + SO2     = SO3     + SO           3.785E-01
 151) SO23    + SO2     = SO3     + SO           4.767E-02
 154) SO2     + HO2     = SO3     + OH           7.313E+04
 288) SO2     + HV      = SO      + O            1.433E+08
 289) SO2     + HV      = SO21    +              2.900E+10
 290) SO2     + HV      = SO23    +              2.003E+08

H2SO4               PRODUCTION RXS              INT RX RATE    TP =  1.21E+10
 113) SO3     + H2O     = H2SO4   +              1.208E+10

H2SO4                  LOSS RXS                INT RX RATE    TL =  1.19E+10
 114) H2SO4   + H2O     = SO3     + H2O     H2O  1.040E+10
 291) H2SO4   + HV      = SO3     + H2O          2.361E+06

HSO                 PRODUCTION RXS              INT RX RATE    TP =  3.57E+09
 155) HS      + O3      = HSO     + O2           3.565E+09
 156) HS      + HO2     = HSO     + OH           4.147E+06
 157) HS      + NO2     = HSO     + NO           3.442E+06
 162) SO      + HCO     = HSO     + CO           1.346E-05
 163) H       + SO      = HSO     +              2.768E-03

HSO                    LOSS RXS                INT RX RATE    TL =  3.57E+09
 164) HSO     + NO      = HNO     + SO           1.198E+07
 165) HSO     + OH      = H2O     + SO           1.711E+07
 166) HSO     + H       = HS      + OH           3.091E+00
 167) HSO     + H       = H2      + SO           1.545E+00
 168) HSO     + HS      = H2S     + SO           5.636E+02
 169) HSO     + O       = OH      + SO           6.931E+04
 170) HSO     + O3      = HS      + O2      O2   3.543E+09
 171) HSO     + S       = HS      + SO           4.156E-05
 299) HSO     + HV      = HS      + O            4.151E+03

S2                  PRODUCTION RXS              INT RX RATE    TP =  7.68E+04
 129) HS      + S       = H       + S2           9.544E-07
 135) S       + S       = S2      +              2.692E-16
 176) OCS     + S       = CO      + S2           3.729E-02
 185) OCS2    + S       = OCS     + S2           2.563E-15
 225) CS2X    + CS2     = CS      + CS      S2   3.716E-04
 237) CS2     + O       = CO      + S2           7.683E+04
 238) CS2     + SO      = OCS     + S2           1.580E-02
 240) CS2     + S       = CS      + S2           1.501E-06
 293) S4      + HV      = S2      + S2           9.558E+00
 294) S3      + HV      = S2      + S            4.762E-08

S2                     LOSS RXS                INT RX RATE    TL =  7.68E+04
 136) S2      + O       = S       + SO           9.443E+02
 139) S       + S2      = S3      +              4.762E-08
 140) S2      + S2      = S4      +              9.558E+00
 231) CH21    + S2      = HCS     + HS           1.064E-18
 232) CH23    + S2      = HCS     + HS           1.645E-17
 292) S2      + HV      = S       + S            7.588E+04

S4                  PRODUCTION RXS              INT RX RATE    TP =  9.56E+00
 140) S2      + S2      = S4      +              9.558E+00
 141) S       + S3      = S4      +              3.835E-24
 297) S8      + HV      = S4      + S4           6.628E-14

S4                     LOSS RXS                INT RX RATE    TL =  9.56E+00
 142) S4      + S4      = S8      +              6.628E-14
 293) S4      + HV      = S2      + S2           9.558E+00

S8                  PRODUCTION RXS              INT RX RATE    TP =  6.63E-14
 142) S4      + S4      = S8      +              6.628E-14

S8                     LOSS RXS                INT RX RATE    TL =  6.63E-14
 297) S8      + HV      = S4      + S4           6.628E-14

SO3                 PRODUCTION RXS              INT RX RATE    TP =  1.21E+10
 112) SO2     + O       = SO3     +              4.117E+05
 114) H2SO4   + H2O     = SO3     + H2O     H2O  1.040E+10
 116) HSO3    + O2      = HO2     + SO3          1.670E+09
 147) SO21    + O2      = SO3     + O            2.804E+03
 148) SO21    + SO2     = SO3     + SO           3.785E-01
 151) SO23    + SO2     = SO3     + SO           4.767E-02
 154) SO2     + HO2     = SO3     + OH           7.313E+04
 255) CH3SO3  + HV      = CH3     + SO3          1.508E+07
 291) H2SO4   + HV      = SO3     + H2O          2.361E+06

SO3                    LOSS RXS                INT RX RATE    TL =  1.21E+10
 113) SO3     + H2O     = H2SO4   +              1.208E+10
 115) SO3     + O       = SO2     + O2           4.551E-01
 160) SO3     + SO      = SO2     + SO2          3.407E-04
 298) SO3     + HV      = SO2     + O            4.836E+02

OCS                 PRODUCTION RXS              INT RX RATE    TP =  7.29E+06
 173) HS      + CO      = OCS     + H            7.653E-06
 179) S       + CO      = OCS     +              1.026E-04
 185) OCS2    + S       = OCS     + S2           2.563E-15
 188) OCS2    + CO      = OCS     + OCS          3.954E-02
 213) CS      + O2      = OCS     + O            2.721E+05
 215) CS      + O3      = OCS     + O2           6.299E+06
 219) CS2     + O       = OCS     + S            3.413E+05
 220) CS2     + OH      = OCS     + HS           3.775E+05
 230) HS      + CO      = OCS     + H            7.745E-06
 238) CS2     + SO      = OCS     + S2           1.580E-02

OCS                    LOSS RXS                INT RX RATE    TL =  6.99E+07
 172) H       + OCS     = CO      + HS           4.158E+01
 174) O       + OCS     = CO      + SO           2.595E+06
 175) O       + OCS     = S       + CO2          1.750E+01
 176) OCS     + S       = CO      + S2           3.729E-02
 177) OCS     + OH      = CO2     + HS           2.921E+07
 184) OCS     + S       = OCS2    +              3.954E-02
 239) OCS     + H       = CO      + HS           4.144E+01
 300) OCS     + HV      = CO      + S            3.804E+07

S3                  PRODUCTION RXS              INT RX RATE    TP =  4.76E-08
 139) S       + S2      = S3      +              4.762E-08

S3                     LOSS RXS                INT RX RATE    TL =  4.76E-08
 141) S       + S3      = S4      +              3.835E-24
 294) S3      + HV      = S2      + S            4.762E-08

O3                  PRODUCTION RXS              INT RX RATE    TP =  1.91E+15
  18) O       + O2      = O3      +              1.906E+15

O3                     LOSS RXS                INT RX RATE    TL =  1.91E+15
   5) H       + O3      = OH      + O2           4.392E+11
  12) OH      + O3      = HO2     + O2           3.774E+11
  15) HO2     + O3      = OH      + O2      O2   1.351E+11
  19) O       + O3      = O2      + O2           2.684E+11
  20) O1D     + O3      = O2      + O2           6.617E+09
  21) O1D     + O3      = O       + O       O2   6.617E+09
  26) O3      + HV      = O2      + O            4.343E-10
  27) O3      + O3      = O2      + O2      O2   1.210E+03
  77) NO      + O3      = NO2     + O2           3.582E+12
 153) SO      + O3      = SO2     + O2           7.321E+07
 155) HS      + O3      = HSO     + O2           3.565E+09
 158) S       + O3      = SO      + O2           1.524E+04
 170) HSO     + O3      = HS      + O2      O2   3.543E+09
 205) NO2     + O3      = NO3     + O2           1.690E+09
 215) CS      + O3      = OCS     + O2           6.299E+06
 216) CS      + O3      = SO      + CO2          6.299E+06
 217) CS      + O3      = CO      + SO2          6.299E+06
 248) CH3S    + O3      = CH3SO   + O2           1.208E+09
 250) CH3SO   + O3      = CH3SO2  + O2           1.207E+09
 252) CH3SO2  + O3      = CH3SO3  + O2           1.507E+07
 264) O3      + HV      = O2      + O1D          6.559E+14
 265) O3      + HV      = O2      + O            1.245E+15
 266) O3      + HV      = O       + O       O    4.914E+11

HNO3                PRODUCTION RXS              INT RX RATE    TP =  5.68E+09
  82) NO2     + OH      = HNO3    +              5.679E+09
 203) N2O5    + H2O     = HNO3    + HNO3         6.974E+03
 244) C2H6S   + NO3     = C2H5S   + HNO3         2.041E+05

HNO3                   LOSS RXS                INT RX RATE    TL =  5.63E+09
  84) HNO3    + OH      = H2O     + NO3          1.319E+09
 211) O       + HNO3    = OH      + NO3          7.880E+05
 280) HNO3    + HV      = NO2     + OH           3.413E+09
 281) HNO3    + HV      = HNO2    + O            3.626E+08
 282) HNO3    + HV      = HNO2    + O1D          2.603E+08

N                   PRODUCTION RXS              INT RX RATE    TP =  6.20E+07
 283) NO      + HV      = N       + O            6.201E+07

N                      LOSS RXS                INT RX RATE    TL =  6.20E+07
  72) N       + N       = N2      +              1.521E-01
  73) N       + O2      = NO      + O            1.636E+07
  75) N       + OH      = NO      + H            6.679E+06
  76) N       + NO      = N2      + O            2.957E+07
 195) N       + NO2     = N2O     + O            7.667E+06
 199) N       + HO2     = NO      + OH           1.727E+06

NO3                 PRODUCTION RXS              INT RX RATE    TP =  1.58E+10
  84) HNO3    + OH      = H2O     + NO3          1.319E+09
 192) O       + NO2     = NO3     +              1.242E+10
 202) N2O5    + M       = NO3     + NO2          1.309E+05
 205) NO2     + O3      = NO3     + O2           1.690E+09
 211) O       + HNO3    = OH      + NO3          7.880E+05
 305) HO2NO2  + HV      = OH      + NO3          3.325E+08
 306) N2O5    + HV      = NO3     + NO2          2.704E+07
 307) N2O5    + HV      = NO3     + NO      O    4.469E+07

NO3                    LOSS RXS                INT RX RATE    TL =  1.58E+10
 189) O       + NO3     = O2      + NO2          1.529E+08
 190) HO2     + NO3     = OH      + NO2     O2   7.806E+06
 191) NO      + NO3     = NO2     + NO2          2.190E+09
 193) OH      + NO3     = HO2     + NO2          1.139E+07
 201) NO2     + NO3     = N2O5    +              7.189E+07
 204) NO2     + NO3     = NO      + NO2     O2   7.440E+03
 206) NO3     + NO3     = NO2     + NO2     O2   1.188E-01
 244) C2H6S   + NO3     = C2H5S   + HNO3         2.041E+05
 301) NO3     + HV      = NO      + O2           1.596E+09
 302) NO3     + HV      = NO2     + O            1.180E+10

N2O                 PRODUCTION RXS              INT RX RATE    TP =  7.67E+06
 195) N       + NO2     = N2O     + O            7.667E+06

N2O                    LOSS RXS                INT RX RATE    TL =  9.51E+09
 194) H       + N2O     = N2      + OH           8.921E-04
 197) O1D     + N2O     = N2      + O2           6.550E+07
 198) O1D     + N2O     = NO      + NO           1.025E+08
 303) N2O     + HV      = N2      + O1D          9.325E+09

HO2NO2              PRODUCTION RXS              INT RX RATE    TP =  6.10E+09
 207) HO2     + NO2     = HO2NO2  +              6.101E+09

HO2NO2                 LOSS RXS                INT RX RATE    TL =  6.10E+09
 208) O       + HO2NO2  = OH      + NO2     O2   1.737E+04
 209) OH      + HO2NO2  = H2O     + NO2     O2   2.279E+09
 210) HO2NO2  + M       = HO2     + NO2          2.258E+09
 304) HO2NO2  + HV      = HO2     + NO2          1.224E+09
 305) HO2NO2  + HV      = OH      + NO3          3.325E+08

N2O5                PRODUCTION RXS              INT RX RATE    TP =  7.19E+07
 201) NO2     + NO3     = N2O5    +              7.189E+07

N2O5                   LOSS RXS                INT RX RATE    TL =  7.19E+07
 200) O       + N2O5    = NO2     + NO2     O2   2.579E+04
 202) N2O5    + M       = NO3     + NO2          1.309E+05
 203) N2O5    + H2O     = HNO3    + HNO3         6.974E+03
 306) N2O5    + HV      = NO3     + NO2          2.704E+07
 307) N2O5    + HV      = NO3     + NO      O    4.469E+07

NH                  PRODUCTION RXS              INT RX RATE    TP =  0.00E+00

NH                     LOSS RXS                INT RX RATE    TL =  0.00E+00

NH2                 PRODUCTION RXS              INT RX RATE    TP =  0.00E+00

NH2                    LOSS RXS                INT RX RATE    TL =  0.00E+00

NH3                 PRODUCTION RXS              INT RX RATE    TP =  0.00E+00

NH3                    LOSS RXS                INT RX RATE    TL =  1.50E+10

CO2                 PRODUCTION RXS              INT RX RATE    TP =  8.75E+11
  32) O       + HCO     = H       + CO2          2.259E+04
  34) CO      + OH      = CO2     + H            3.690E+10
  35) CO      + O       = CO2     +              4.475E+05
 175) O       + OCS     = S       + CO2          1.750E+01
 177) OCS     + OH      = CO2     + HS           2.921E+07
 182) CO2     + O1D     = CO2     + O            8.384E+11
 216) CS      + O3      = SO      + CO2          6.299E+06

CO2                    LOSS RXS                INT RX RATE    TL =  8.54E+11
  36) CO2     + H       = CO      + OH           2.588E-05
  93) CH21    + CO2     = H2CO    + CO           4.367E+02
  95) CH23    + CO2     = H2CO    + CO           5.165E+03
 182) CO2     + O1D     = CO2     + O            8.384E+11
 268) CO2     + HV      = CO      + O            5.710E+09
 269) CO2     + HV      = CO      + O1D          9.815E+09

CS                  PRODUCTION RXS              INT RX RATE    TP =  1.92E+07
 218) CS2     + O       = SO      + CS           3.640E+06
 224) CS2X    + O2      = CS      + SO2          1.098E+06
 225) CS2X    + CS2     = CS      + CS      S2   3.716E-04
 228) H       + HCS     = H2      + CS           2.111E-11
 233) CH3     + HCS     = CH4     + CS           5.115E-13
 235) HS      + HCS     = H2S     + CS           6.303E-09
 236) S       + HCS     = HS      + CS           2.315E-16
 240) CS2     + S       = CS      + S2           1.501E-06
 309) CS2     + HV      = CS      + S            1.447E+07

CS                     LOSS RXS                INT RX RATE    TL =  1.92E+07
 213) CS      + O2      = OCS     + O            2.721E+05
 214) CS      + O2      = CO      + SO           3.402E+04
 215) CS      + O3      = OCS     + O2           6.299E+06
 216) CS      + O3      = SO      + CO2          6.299E+06
 217) CS      + O3      = CO      + SO2          6.299E+06
 226) CS      + HS      = CS2     + H            2.591E-03
 227) H       + CS      = HCS     +              6.325E-09
 241) CS      + O       = CO      + S            3.495E+00

CS2                 PRODUCTION RXS              INT RX RATE    TP =  2.73E+09
 222) CS2OH   + HV      = CS2     + OH           1.510E+08
 223) CS2X    + M       = CS2     + M            2.582E+09
 226) CS      + HS      = CS2     + H            2.591E-03
 229) S       + HCS     = H       + CS2          4.629E-16

CS2                    LOSS RXS                INT RX RATE    TL =  2.75E+09
 218) CS2     + O       = SO      + CS           3.640E+06
 219) CS2     + O       = OCS     + S            3.413E+05
 220) CS2     + OH      = OCS     + HS           3.775E+05
 221) CS2     + OH      = CS2OH   +              1.510E+08
 225) CS2X    + CS2     = CS      + CS      S2   3.716E-04
 237) CS2     + O       = CO      + S2           7.683E+04
 238) CS2     + SO      = OCS     + S2           1.580E-02
 240) CS2     + S       = CS      + S2           1.501E-06
 309) CS2     + HV      = CS      + S            1.447E+07
 310) CS2     + HV      = CS2X    +              2.583E+09

HCS                 PRODUCTION RXS              INT RX RATE    TP =  6.33E-09
 227) H       + CS      = HCS     +              6.325E-09
 231) CH21    + S2      = HCS     + HS           1.064E-18
 232) CH23    + S2      = HCS     + HS           1.645E-17
 234) CH23    + S       = HCS     + H            9.670E-15

HCS                    LOSS RXS                INT RX RATE    TL =  6.33E-09
 228) H       + HCS     = H2      + CS           2.111E-11
 229) S       + HCS     = H       + CS2          4.629E-16
 233) CH3     + HCS     = CH4     + CS           5.115E-13
 235) HS      + HCS     = H2S     + CS           6.303E-09
 236) S       + HCS     = HS      + CS           2.315E-16

C2H6S               PRODUCTION RXS              INT RX RATE    TP =  0.00E+00

C2H6S                  LOSS RXS                INT RX RATE    TL =  1.62E+09
 242) C2H6S   + OH      = C2H5S   + H2O          1.209E+09
 243) C2H6S   + OH      = C2H7SO  +              4.110E+08
 244) C2H6S   + NO3     = C2H5S   + HNO3         2.041E+05

C2H5S               PRODUCTION RXS              INT RX RATE    TP =  1.21E+09
 242) C2H6S   + OH      = C2H5S   + H2O          1.209E+09
 244) C2H6S   + NO3     = C2H5S   + HNO3         2.041E+05

C2H5S                  LOSS RXS                INT RX RATE    TL =  1.21E+09
 245) C2H5S   + O2      = C2H5SO2 +              1.209E+09

C2H5SO              PRODUCTION RXS              INT RX RATE    TP =  1.21E+09
 246) C2H5SO2 + NO      = C2H5SO  + NO2          1.209E+09

C2H5SO                 LOSS RXS                INT RX RATE    TL =  1.21E+09
 247) C2H5SO  + HV      = H2CO    + CH3S         1.209E+09

C2H5SO2             PRODUCTION RXS              INT RX RATE    TP =  1.21E+09
 245) C2H5S   + O2      = C2H5SO2 +              1.209E+09

C2H5SO2                LOSS RXS                INT RX RATE    TL =  1.21E+09
 246) C2H5SO2 + NO      = C2H5SO  + NO2          1.209E+09

CH3S                PRODUCTION RXS              INT RX RATE    TP =  1.21E+09
 247) C2H5SO  + HV      = H2CO    + CH3S         1.209E+09

CH3S                   LOSS RXS                INT RX RATE    TL =  1.21E+09
 248) CH3S    + O3      = CH3SO   + O2           1.208E+09
 249) CH3S    + NO2     = CH3SO   + NO           6.857E+05

CH3SO               PRODUCTION RXS              INT RX RATE    TP =  1.21E+09
 248) CH3S    + O3      = CH3SO   + O2           1.208E+09
 249) CH3S    + NO2     = CH3SO   + NO           6.857E+05

CH3SO                  LOSS RXS                INT RX RATE    TL =  1.21E+09
 250) CH3SO   + O3      = CH3SO2  + O2           1.207E+09
 251) CH3SO   + NO2     = CH3SO2  + NO           2.268E+06

CH3SO2              PRODUCTION RXS              INT RX RATE    TP =  1.62E+09
 250) CH3SO   + O3      = CH3SO2  + O2           1.207E+09
 251) CH3SO   + NO2     = CH3SO2  + NO           2.268E+06
 258) CH4SO2  + OH      = CH3SO2  + H2O          4.106E+08

CH3SO2                 LOSS RXS                INT RX RATE    TL =  1.62E+09
 252) CH3SO2  + O3      = CH3SO3  + O2           1.507E+07
 253) CH3SO2  + NO2     = CH3SO3  + NO           5.176E+03
 254) CH3SO2  + HV      = CH3     + SO2          1.605E+09

CH3SO3              PRODUCTION RXS              INT RX RATE    TP =  1.51E+07
 252) CH3SO2  + O3      = CH3SO3  + O2           1.507E+07
 253) CH3SO2  + NO2     = CH3SO3  + NO           5.176E+03

CH3SO3                 LOSS RXS                INT RX RATE    TL =  1.51E+07
 255) CH3SO3  + HV      = CH3     + SO3          1.508E+07

CH4SO2              PRODUCTION RXS              INT RX RATE    TP =  4.11E+08
 257) C2H6SO  + OH      = CH4SO2  + CH3          4.106E+08

CH4SO2                 LOSS RXS                INT RX RATE    TL =  4.11E+08
 258) CH4SO2  + OH      = CH3SO2  + H2O          4.106E+08

C2H6SO              PRODUCTION RXS              INT RX RATE    TP =  4.11E+08
 256) C2H7SO  + O2      = C2H6SO  + HO2          4.110E+08

C2H6SO                 LOSS RXS                INT RX RATE    TL =  4.11E+08
 257) C2H6SO  + OH      = CH4SO2  + CH3          4.106E+08

C2H7SO              PRODUCTION RXS              INT RX RATE    TP =  4.11E+08
 243) C2H6S   + OH      = C2H7SO  +              4.110E+08

C2H7SO                 LOSS RXS                INT RX RATE    TL =  4.11E+08
 256) C2H7SO  + O2      = C2H6SO  + HO2          4.110E+08

SO4AER              PRODUCTION RXS              INT RX RATE    TP =  1.37E+09

SO4AER                 LOSS RXS                INT RX RATE    TL =  1.35E+09

S8AER               PRODUCTION RXS              INT RX RATE    TP =  0.00E+00

S8AER                  LOSS RXS                INT RX RATE    TL =  1.70E-19

HNO2                PRODUCTION RXS              INT RX RATE    TP =  0.00E+00
  80) NO      + OH      = HNO2    +              2.623E+09
 212) HO2     + NO2     = HNO2    + O2           4.056E+06
 281) HNO3    + HV      = HNO2    + O            3.626E+08
 282) HNO3    + HV      = HNO2    + O1D          2.603E+08

HNO2                   LOSS RXS                INT RX RATE    TL =  0.00E+00
  90) HNO2    + OH      = H2O     + NO2          4.185E+07
 279) HNO2    + HV      = NO      + OH           3.209E+09

O1D                 PRODUCTION RXS              INT RX RATE    TP =  0.00E+00
 259) O2      + HV      = O       + O1D          2.940E+11
 262) H2O     + HV      = H2      + O1D          7.327E+08
 264) O3      + HV      = O2      + O1D          6.559E+14
 269) CO2     + HV      = CO      + O1D          9.815E+09
 282) HNO3    + HV      = HNO2    + O1D          2.603E+08
 284) NO2     + HV      = NO      + O1D          4.090E+08
 303) N2O     + HV      = N2      + O1D          9.325E+09

O1D                    LOSS RXS                INT RX RATE    TL =  0.00E+00
   1) H2O     + O1D     = OH      + OH           1.487E+11
   2) H2      + O1D     = OH      + H            1.294E+09
  20) O1D     + O3      = O2      + O2           6.617E+09
  21) O1D     + O3      = O       + O       O2   6.617E+09
  23) O1D     + N2      = O       + N2           6.448E+14
  24) O1D     + O2      = O       + O2           1.039E+13
  49) CH4     + O1D     = CH3     + OH           1.427E+08
  50) CH4     + O1D     = CH3O    + H            1.921E+07
  51) CH4     + O1D     = CH2OH   + H            1.921E+07
  52) CH4     + O1D     = H2CO    + H2           9.605E+06
  98) C2H6    + O1D     = C2H5    + OH           6.510E+04
 105) SO2     + O1D     = SO2     + O            2.987E+03
 106) SO2     + O1D     = SO      + O2           9.582E+03
 180) CO      + O1D     = CO      + O            4.351E+07
 182) CO2     + O1D     = CO2     + O            8.384E+11
 197) O1D     + N2O     = N2      + O2           6.550E+07
 198) O1D     + N2O     = NO      + NO           1.025E+08

CH21                PRODUCTION RXS              INT RX RATE    TP =  0.00E+00
 273) CH4     + HV      = CH21    + H2           1.115E+07
 276) CH3     + HV      = CH21    + H            5.694E+02
 278) C2H6    + HV      = CH4     + CH21         5.838E-02

CH21                   LOSS RXS                INT RX RATE    TL =  0.00E+00
  53) CH21    + CH4     = CH3     + CH3          1.071E-13
  54) CH21    + O2      = HCO     + OH           4.948E+05
  55) CH21    + N2      = CH23    + N2           1.066E+07
  92) CH21    + H2      = CH3     + H            3.555E+02
  93) CH21    + CO2     = H2CO    + CO           4.367E+02
 231) CH21    + S2      = HCS     + HS           1.064E-18

CH23                PRODUCTION RXS              INT RX RATE    TP =  0.00E+00
  55) CH21    + N2      = CH23    + N2           1.066E+07
 275) CH4     + HV      = CH23    + H       H    2.058E+06
 277) C2H6    + HV      = CH23    + CH23    H2   2.335E-01

CH23                   LOSS RXS                INT RX RATE    TL =  0.00E+00
  58) CH23    + O2      = HCO     + OH           1.269E+07
  94) CH23    + O       = HCO     + H            1.655E+04
  95) CH23    + CO2     = H2CO    + CO           5.165E+03
 232) CH23    + S2      = HCS     + HS           1.645E-17
 234) CH23    + S       = HCS     + H            9.670E-15

C2H5                PRODUCTION RXS              INT RX RATE    TP =  0.00E+00
  96) C2H6    + OH      = C2H5    + H2O          8.999E+08
  97) C2H6    + O       = C2H5    + OH           6.757E+03
  98) C2H6    + O1D     = C2H5    + OH           6.510E+04

C2H5                   LOSS RXS                INT RX RATE    TL =  0.00E+00
  99) C2H5    + H       = CH3     + CH3          2.450E-06
 100) C2H5    + O       = CH3     + HCO     H    1.121E-01
 101) C2H5    + OH      = CH3     + HCO     H2   1.045E-01
 102) C2H5    + HCO     = C2H6    + CO           1.301E-09
 103) C2H5    + HNO     = C2H6    + NO           1.813E-07
 104) C2H5    + O2      = CH3     + HCO     OH   9.000E+08

SO21                PRODUCTION RXS              INT RX RATE    TP =  0.00E+00
 289) SO2     + HV      = SO21    +              2.900E+10

SO21                   LOSS RXS                INT RX RATE    TL =  0.00E+00
 143) SO21    + M       = SO23    + M            2.636E+09
 144) SO21    + M       = SO2     + M            2.636E+10
 145) SO21    + HV      = SO23    + HV           3.989E+05
 146) SO21    + HV      = SO2     + HV           5.851E+06
 147) SO21    + O2      = SO3     + O            2.804E+03
 148) SO21    + SO2     = SO3     + SO           3.785E-01

SO23                PRODUCTION RXS              INT RX RATE    TP =  0.00E+00
 143) SO21    + M       = SO23    + M            2.636E+09
 145) SO21    + HV      = SO23    + HV           3.989E+05
 290) SO2     + HV      = SO23    +              2.003E+08

SO23                   LOSS RXS                INT RX RATE    TL =  0.00E+00
 149) SO23    + M       = SO2     + M            2.835E+09
 150) SO23    + HV      = SO2     + HV           2.067E+06
 151) SO23    + SO2     = SO3     + SO           4.767E-02

HSO3                PRODUCTION RXS              INT RX RATE    TP =  0.00E+00
 111) SO2     + OH      = HSO3    +              1.670E+09

HSO3                   LOSS RXS                INT RX RATE    TL =  0.00E+00
 116) HSO3    + O2      = HO2     + SO3          1.670E+09

OCS2                PRODUCTION RXS              INT RX RATE    TP =  0.00E+00
 184) OCS     + S       = OCS2    +              3.954E-02

OCS2                   LOSS RXS                INT RX RATE    TL =  0.00E+00
 185) OCS2    + S       = OCS     + S2           2.563E-15
 188) OCS2    + CO      = OCS     + OCS          3.954E-02

CS2X                PRODUCTION RXS              INT RX RATE    TP =  0.00E+00
 310) CS2     + HV      = CS2X    +              2.583E+09

CS2X                   LOSS RXS                INT RX RATE    TL =  0.00E+00
 223) CS2X    + M       = CS2     + M            2.582E+09
 224) CS2X    + O2      = CS      + SO2          1.098E+06
 225) CS2X    + CS2     = CS      + CS      S2   3.716E-04

CS2OH               PRODUCTION RXS              INT RX RATE    TP =  0.00E+00
 221) CS2     + OH      = CS2OH   +              1.510E+08

CS2OH                  LOSS RXS                INT RX RATE    TL =  0.00E+00
 222) CS2OH   + HV      = CS2     + OH           1.510E+08

N2                  PRODUCTION RXS              INT RX RATE    TP =  0.00E+00
  23) O1D     + N2      = O       + N2           6.448E+14
  55) CH21    + N2      = CH23    + N2           1.066E+07
  72) N       + N       = N2      +              1.521E-01
  76) N       + NO      = N2      + O            2.957E+07
 194) H       + N2O     = N2      + OH           8.921E-04
 197) O1D     + N2O     = N2      + O2           6.550E+07
 303) N2O     + HV      = N2      + O1D          9.325E+09

N2                     LOSS RXS                INT RX RATE    TL =  0.00E+00
  23) O1D     + N2      = O       + N2           6.448E+14
  55) CH21    + N2      = CH23    + N2           1.066E+07
