 1.29466E-10 3.81741E-17 1.37069E-02 5.67659E-14 9.77132E-12 8.35142E-10 1.57584E-08 5.44494E-21
 3.73131E-07 1.10046E-06 6.62382E-08 6.43736E-10 5.66187E-12 2.81556E-07 3.08353E-12 8.93563E-12
 1.89036E-14 6.49551E-11 1.17981E-13 6.66716E-15 3.59974E-17 1.26381E-22 4.87554E-10 2.69196E-13
 8.65658E-18 1.79585E-14 5.51781E-12 6.29003E-13 2.10000E-01 2.41418E-12 4.46997E-18 4.89623E-20
 3.16341E-11 2.11722E-12 7.98862E-14 4.00000E-04 1.34135E-10 5.21606E-17 8.57894E-03 6.58708E-14
 9.69292E-12 8.56898E-10 1.84664E-08 5.93999E-21 3.73371E-07 1.09758E-06 6.02774E-08 6.25341E-10
 5.21687E-12 2.81504E-07 4.02421E-12 1.04356E-11 2.55072E-14 9.90664E-11 2.96177E-13 7.34553E-15
 7.42978E-17 3.17059E-22 4.79382E-10 2.95616E-13 1.20659E-17 2.12872E-14 7.88786E-12 8.03425E-13
 2.10005E-01 2.52560E-12 5.09083E-18 7.36856E-20 5.59496E-11 4.16682E-12 9.93935E-14 4.04573E-04
 1.32298E-10 7.29913E-17 5.20420E-03 7.60626E-14 9.43231E-12 8.34064E-10 2.21498E-08 6.49401E-21
 3.73656E-07 1.09518E-06 5.52043E-08 5.59882E-10 4.61995E-12 2.81448E-07 5.25080E-12 1.23115E-11
 3.41234E-14 1.42860E-10 7.66002E-13 8.34123E-15 1.64754E-16 8.05929E-22 4.72422E-10 3.06519E-13
 1.57828E-17 2.50243E-14 1.04903E-11 9.54348E-13 2.10009E-01 2.70427E-12 5.81553E-18 1.10221E-19
 7.85575E-11 6.44837E-12 1.16792E-13 4.09056E-04 1.23523E-10 1.02145E-16 2.91958E-03 8.53750E-14
 8.81001E-12 7.43848E-10 2.65715E-08 6.95653E-21 3.73950E-07 1.09322E-06 5.09118E-08 4.51375E-10
 3.80913E-12 2.81385E-07 7.01609E-12 1.47053E-11 4.52733E-14 1.87277E-10 2.00251E-12 9.33147E-15
 3.93994E-16 1.97928E-21 4.66638E-10 2.98702E-13 1.98542E-17 2.84748E-14 1.27831E-11 1.09636E-12
 2.10013E-01 2.97753E-12 6.59994E-18 1.65537E-19 1.00605E-10 8.67288E-12 1.38705E-13 4.13392E-04
 1.09856E-10 1.41027E-16 1.54207E-03 9.44338E-14 7.92171E-12 6.15022E-10 3.14296E-08 7.39912E-21
 3.74225E-07 1.09164E-06 4.73014E-08 3.33472E-10 2.96394E-12 2.81316E-07 9.42828E-12 1.73503E-11
 5.93086E-14 2.26878E-10 5.18005E-12 9.99090E-15 9.45580E-16 4.74167E-21 4.61943E-10 2.74722E-13
 2.44414E-17 3.14591E-14 1.46743E-11 1.20772E-12 2.10017E-01 3.36820E-12 7.59785E-18 2.54033E-19
 1.22891E-10 1.07381E-11 1.66795E-13 4.17512E-04 9.25043E-11 1.91015E-16 7.76055E-04 1.01882E-13
 6.85987E-12 4.77887E-10 3.64213E-08 7.74156E-21 3.74461E-07 1.09040E-06 4.43052E-08 2.31203E-10
 2.21873E-12 2.81239E-07 1.21931E-11 1.92821E-11 7.26537E-14 2.56725E-10 1.24247E-11 9.98685E-15
 2.09060E-15 1.15178E-20 4.58239E-10 2.42271E-13 2.93828E-17 3.43613E-14 1.61956E-11 1.24777E-12
 2.10021E-01 3.92143E-12 8.84746E-18 3.95187E-19 1.45882E-10 1.24108E-11 2.03180E-13 4.21325E-04
 7.24818E-11 2.53752E-16 3.68119E-04 1.02546E-13 5.70098E-12 3.53655E-10 4.13420E-08 7.64408E-21
 3.74654E-07 1.08943E-06 4.18735E-08 1.54375E-10 1.62017E-12 2.81153E-07 1.42795E-11 1.89764E-11
 7.49894E-14 2.73944E-10 2.45877E-11 9.09818E-15 3.94462E-15 2.99286E-20 4.55403E-10 2.08669E-13
 3.36466E-17 3.80635E-14 1.74328E-11 1.18304E-12 2.10025E-01 4.69022E-12 9.97510E-18 5.94163E-19
 1.69295E-10 1.32259E-11 2.49762E-13 4.24724E-04 5.35178E-11 3.32492E-16 1.61741E-04 9.67900E-14
 4.56513E-12 2.52301E-10 4.61827E-08 7.16728E-21 3.74802E-07 1.08866E-06 3.99299E-08 1.00502E-10
 1.14887E-12 2.81058E-07 1.56873E-11 1.71833E-11 6.78844E-14 2.81634E-10 3.79365E-11 7.76566E-15
 6.90307E-15 8.03526E-20 4.53257E-10 1.73338E-13 3.69438E-17 4.19822E-14 1.84927E-11 1.04309E-12
 2.10027E-01 5.59752E-12 1.06143E-17 8.42355E-19 1.90691E-10 1.30416E-11 3.01308E-13 4.27571E-04
 3.90398E-11 4.32639E-16 6.37317E-05 9.20849E-14 3.56768E-12 1.76161E-10 5.10506E-08 6.84594E-21
 3.74909E-07 1.08802E-06 3.83797E-08 6.40125E-11 7.80212E-13 2.80951E-07 1.80761E-11 1.60851E-11
 6.46507E-14 2.85845E-10 4.63351E-11 6.64177E-15 1.36218E-14 2.03428E-19 4.51603E-10 1.35126E-13
 4.09975E-17 4.40367E-14 1.94617E-11 8.97175E-13 2.10029E-01 6.31812E-12 1.08255E-17 1.14888E-18
 2.04846E-10 1.22425E-11 3.39641E-13 4.29698E-04 2.88806E-11 5.64103E-16 2.09106E-05 9.21689E-14
 2.77244E-12 1.21798E-10 5.63157E-08 6.93539E-21 3.74984E-07 1.08741E-06 3.70862E-08 4.01068E-11
 5.12963E-13 2.80823E-07 2.23953E-11 1.60995E-11 6.92526E-14 2.90663E-10 4.72963E-11 5.92624E-15
 2.95389E-14 4.91843E-19 4.50223E-10 1.01265E-13 4.74700E-17 4.43754E-14 2.04482E-11 7.82088E-13
 2.10031E-01 6.28808E-12 1.02464E-17 1.47119E-18 2.04681E-10 1.10352E-11 3.35987E-13 4.30963E-04
 2.04602E-11 7.61511E-16 4.28666E-06 9.13725E-14 2.10460E-12 7.76277E-11 6.40823E-08 6.96281E-21
 3.75048E-07 1.08660E-06 3.56901E-08 2.28240E-11 3.26744E-13 2.80619E-07 2.74693E-11 1.62832E-11
 7.24850E-14 3.00026E-10 4.22291E-11 5.42739E-15 5.51664E-14 1.24537E-18 4.48637E-10 7.48443E-14
 5.45608E-17 4.55308E-14 2.18132E-11 6.95988E-13 2.10031E-01 3.76972E-12 5.66590E-18 1.23258E-18
 1.69696E-10 8.71380E-12 2.26233E-13 4.30964E-04 1.33147E-11 1.13731E-15 4.28976E-06 8.61348E-14
 1.36769E-12 3.86434E-11 8.03032E-08 6.56842E-21 3.75103E-07 1.08501E-06 3.37297E-08 9.86107E-12
 1.74946E-13 2.80157E-07 3.74300E-11 1.96218E-11 7.97042E-14 3.27616E-10 3.43443E-11 5.09672E-15
 6.51680E-14 2.72878E-18 4.46020E-10 4.60421E-14 6.14891E-17 4.49196E-14 2.44627E-11 6.92324E-13
 2.10031E-01 1.90782E-12 2.34599E-18 8.02626E-19 1.30679E-10 5.77484E-12 1.21508E-13 4.30967E-04
 9.05005E-12 2.26020E-15 4.29646E-06 7.05167E-14 8.93514E-13 1.41586E-11 1.16476E-07 5.70697E-21
 3.75109E-07 1.08158E-06 3.10792E-08 3.41217E-12 1.12682E-13 2.79069E-07 4.70576E-11 2.91185E-11
 6.36855E-14 3.90345E-10 2.99607E-11 5.05710E-15 8.67449E-14 2.82910E-18 4.41232E-10 2.82407E-14
 5.92077E-17 5.00432E-14 2.91074E-11 8.45581E-13 2.10030E-01 8.16835E-13 6.22050E-19 2.83992E-19
 9.27178E-11 2.81994E-12 5.53942E-14 4.30972E-04 6.56395E-12 5.09946E-15 4.31003E-06 5.96453E-14
 6.40600E-13 4.49571E-12 1.91366E-07 5.00132E-21 3.74967E-07 1.07471E-06 2.77033E-08 1.15436E-12
 7.79237E-14 2.76752E-07 5.80852E-11 4.92261E-11 5.12886E-14 5.21471E-10 3.14571E-11 7.19564E-15
 1.82458E-13 4.59956E-18 4.32785E-10 2.40767E-14 6.33406E-17 7.06159E-14 3.68925E-11 1.48563E-12
 2.10030E-01 2.96127E-13 1.26764E-19 8.83917E-20 6.00264E-11 1.22737E-12 2.03946E-14 4.30978E-04
 5.70427E-12 1.17733E-14 4.33315E-06 6.02805E-14 6.00639E-13 2.17351E-12 3.21824E-07 5.10451E-21
 3.74547E-07 1.06307E-06 2.38847E-08 6.10643E-13 6.70094E-14 2.72681E-07 6.92987E-11 8.34401E-11
 4.75092E-14 7.51904E-10 4.03974E-11 1.39346E-14 5.14978E-13 1.23920E-17 4.19806E-10 3.47827E-14
 8.31401E-17 1.28603E-13 4.79145E-11 3.36466E-12 2.10029E-01 9.06417E-14 2.47592E-20 2.94532E-20
 3.54593E-11 5.78797E-13 5.78493E-15 4.30987E-04 5.58364E-12 2.58613E-14 4.36641E-06 6.84260E-14
 6.77307E-13 1.98292E-12 5.14955E-07 5.77004E-21 3.73741E-07 1.04643E-06 2.01390E-08 5.30445E-13
 6.62966E-14 2.66684E-07 8.08343E-11 1.32248E-10 4.81364E-14 1.08896E-09 5.63734E-11 2.80269E-14
 1.40405E-12 3.77423E-17 4.02653E-10 6.45816E-14 1.19485E-16 2.49702E-13 6.06747E-11 7.59156E-12
 2.10027E-01 2.42696E-14 4.87188E-21 1.28033E-20 1.95968E-11 2.90865E-13 1.31469E-15 4.30997E-04
 5.77664E-12 5.36265E-14 4.40999E-06 8.21885E-14 8.36540E-13 2.44633E-12 7.77659E-07 6.87436E-21
 3.72452E-07 1.02473E-06 1.67698E-08 5.74220E-13 7.00598E-14 2.58671E-07 9.33266E-11 1.96225E-10
 5.08829E-14 1.53123E-09 7.90889E-11 5.27965E-14 3.34350E-12 1.06654E-16 3.81828E-10 1.26962E-13
 1.73361E-16 4.68377E-13 7.33039E-11 1.54872E-11 2.10026E-01 5.80209E-15 9.46856E-22 9.98902E-21
 1.02856E-11 1.47490E-13 2.51108E-16 4.31009E-04 6.17728E-12 1.05131E-13 4.46245E-06 1.02536E-13
 1.08481E-12 3.39123E-12 1.10973E-06 8.57832E-21 3.70644E-07 9.98735E-07 1.39755E-08 6.82127E-13
 7.71274E-14 2.48859E-07 1.07068E-10 2.73718E-10 5.53066E-14 2.05836E-09 1.07677E-10 9.04944E-14
 6.78179E-12 2.64779E-16 3.58454E-10 2.46425E-13 2.47459E-16 8.26030E-13 8.37581E-11 2.79066E-11
 2.10023E-01 1.27720E-15 1.85108E-22 1.18431E-20 5.23970E-12 7.52860E-14 4.31443E-17 4.31022E-04
 6.75818E-12 1.97013E-13 4.52234E-06 1.31757E-13 1.44689E-12 4.98142E-12 1.51260E-06 1.12149E-20
 3.68300E-07 9.69186E-07 1.17749E-08 8.50064E-13 8.72413E-14 2.37486E-07 1.22548E-10 3.64123E-10
 6.15585E-14 2.64771E-09 1.41406E-10 1.42432E-13 1.19810E-11 5.78924E-16 3.33453E-10 4.63111E-13
 3.45833E-16 1.37164E-12 9.07820E-11 4.50920E-11 2.10021E-01 2.62269E-16 3.63563E-23 1.50061E-20
 2.61893E-12 3.87458E-14 6.94531E-18 4.31035E-04 7.52618E-12 3.55595E-13 4.58758E-06 1.73696E-13
 1.96292E-12 7.56422E-12 1.98374E-06 1.54070E-20 3.65457E-07 9.37140E-07 1.01247E-08 1.08558E-12
 1.00350E-13 2.24938E-07 1.40774E-10 4.67963E-10 7.03204E-14 3.26749E-09 1.79285E-10 2.08231E-13
 1.88724E-11 1.12167E-15 3.07853E-10 8.35901E-13 4.74487E-16 2.15144E-12 9.39180E-11 6.63690E-11
 2.10017E-01 5.08148E-17 7.19867E-24 1.82458E-20 1.29815E-12 2.02529E-14 1.07915E-18 4.31048E-04
 8.51159E-12 6.21365E-13 4.65572E-06 2.34406E-13 2.69139E-12 1.17629E-11 2.51539E-06 2.22929E-20
 3.62193E-07 9.03810E-07 8.94889E-09 1.40519E-12 1.16365E-13 2.11697E-07 1.63407E-10 5.87714E-10
 8.28446E-14 3.88012E-09 2.20441E-10 2.85912E-13 2.71069E-11 1.93955E-15 2.82647E-10 1.44517E-12
 6.43353E-16 3.19940E-12 9.35007E-11 9.02949E-11 2.10014E-01 9.39266E-18 1.44640E-24 2.11667E-20
 6.46136E-13 1.08875E-14 1.65483E-19 4.31060E-04 1.00564E-11 1.07974E-12 4.72583E-06 3.27242E-13
 3.86172E-12 1.93367E-11 3.10589E-06 3.49213E-20 3.58534E-07 8.69659E-07 8.14554E-09 1.93879E-12
 1.44047E-13 1.97978E-07 1.88456E-10 7.29831E-10 9.84377E-14 4.46033E-09 2.68723E-10 3.87276E-13
 3.72830E-11 2.91104E-15 2.58152E-10 2.49936E-12 8.58275E-16 4.63520E-12 9.02891E-11 1.15466E-10
 2.10011E-01 1.63406E-18 2.91175E-25 2.25737E-20 3.23492E-13 6.11520E-15 2.47494E-20 4.31072E-04
 1.19807E-11 1.83974E-12 4.79731E-06 4.64359E-13 5.55335E-12 3.17571E-11 3.75381E-06 5.72438E-20
 3.54495E-07 8.34994E-07 7.62029E-09 2.63544E-12 1.77207E-13 1.83948E-07 2.21677E-10 9.06159E-10
 1.20943E-13 4.98238E-09 3.21231E-10 5.08062E-13 4.91200E-11 3.97191E-15 2.34580E-10 4.13594E-12
 1.13996E-15 6.41901E-12 8.52649E-11 1.40591E-10 2.10007E-01 2.64113E-19 5.69234E-26 2.30089E-20
 1.62657E-13 3.80037E-15 3.55451E-21 4.31083E-04 1.43179E-11 3.07923E-12 4.86956E-06 6.67575E-13
 7.96655E-12 5.14400E-11 4.45204E-06 9.76534E-20 3.50092E-07 8.00113E-07 7.29956E-09 3.47995E-12
 2.15271E-13 1.69793E-07 2.66573E-10 1.12880E-09 1.53694E-13 5.42173E-09 3.76032E-10 6.49248E-13
 6.24411E-11 4.99388E-15 2.12121E-10 6.55222E-12 1.51566E-15 8.53517E-12 7.93645E-11 1.64362E-10
 2.10003E-01 3.92034E-20 1.06205E-26 2.25593E-20 8.21144E-14 3.10207E-15 4.83472E-22 4.31094E-04
 1.70870E-11 5.07236E-12 4.94247E-06 9.69351E-13 1.13656E-11 8.15957E-11 5.19110E-06 1.72712E-19
 3.45320E-07 7.65075E-07 7.12491E-09 4.44499E-12 2.57878E-13 1.55623E-07 3.27022E-10 1.40951E-09
 2.01114E-13 5.76139E-09 4.29720E-10 8.11447E-13 7.66568E-11 5.89215E-15 1.90801E-10 9.99119E-12
 2.02728E-15 1.09873E-11 7.33516E-11 1.85741E-10 2.09999E-01 5.26220E-21 1.85127E-27 2.13244E-20
 4.15242E-14 4.04340E-15 6.10852E-23 4.31104E-04 2.02996E-11 8.23887E-12 5.01618E-06 1.41929E-12
 1.61114E-11 1.26250E-10 5.95692E-06 3.16614E-19 3.40155E-07 7.29820E-07 7.05197E-09 5.50270E-12
 3.05768E-13 1.41524E-07 4.07009E-10 1.75641E-09 2.69059E-13 5.99338E-09 4.77176E-10 9.93822E-13
 9.04240E-11 6.65550E-15 1.70585E-10 1.47997E-11 2.73965E-15 1.38380E-11 6.77816E-11 2.03801E-10
 2.09995E-01 6.28115E-22 2.95243E-28 1.94398E-20 2.09868E-14 7.64472E-15 7.02473E-24 4.31113E-04
 2.39286E-11 1.32125E-11 5.09102E-06 2.09194E-12 2.26597E-11 1.89755E-10 6.73102E-06 6.02323E-19
 3.34562E-07 6.94194E-07 7.04703E-09 6.61696E-12 3.60173E-13 1.27564E-07 5.10906E-10 2.17212E-09
 3.65345E-13 6.11883E-09 5.12131E-10 1.19212E-12 1.01625E-10 7.33469E-15 1.51398E-10 2.14640E-11
 3.75404E-15 1.72151E-11 6.30309E-11 2.17623E-10 2.09991E-01 6.54891E-23 4.23189E-29 1.71239E-20
 1.05970E-14 1.57122E-14 7.22320E-25 4.31121E-04 2.78915E-11 2.09290E-11 5.16666E-06 3.09601E-12
 3.15199E-11 2.74995E-10 7.48358E-06 1.19036E-18 3.28555E-07 6.58345E-07 7.08390E-09 7.73009E-12
 4.22521E-13 1.13945E-07 6.43554E-10 2.65040E-09 4.99697E-13 6.14213E-09 5.28035E-10 1.39661E-12
 1.07687E-10 7.99347E-15 1.33343E-10 3.05895E-11 5.23240E-15 2.13087E-11 5.93963E-11 2.26014E-10
 2.09987E-01 5.92296E-24 5.63000E-30 1.47744E-20 5.41115E-15 2.08922E-14 6.85189E-26 4.31128E-04
 3.20232E-11 3.27611E-11 5.24301E-06 4.58537E-12 4.31437E-11 3.80967E-10 8.18389E-06 2.44181E-18
 3.22142E-07 6.22313E-07 7.14120E-09 8.74930E-12 4.93210E-13 1.00829E-07 8.10873E-10 3.17732E-09
 6.84323E-13 6.07266E-09 5.20556E-10 1.59272E-12 1.06744E-10 8.69605E-15 1.16459E-10 4.27965E-11
 7.43017E-15 2.63480E-11 5.70414E-11 2.27921E-10 2.09982E-01 4.62300E-25 9.71463E-31 1.28515E-20
 2.87043E-15 2.34263E-14 8.35393E-27 4.31135E-04 3.61165E-11 5.07773E-11 5.32075E-06 6.77487E-12
 5.78466E-11 5.01241E-10 8.80547E-06 5.19099E-18 3.15275E-07 5.85764E-07 7.20251E-09 9.57059E-12
 5.72169E-13 8.82451E-08 1.01985E-09 3.73442E-09 9.33435E-13 5.92104E-09 4.89439E-10 1.76697E-12
 9.87198E-11 9.46566E-15 1.00617E-10 5.85903E-11 1.07452E-14 3.26011E-11 5.60268E-11 2.22638E-10
 2.09978E-01 3.07730E-26 5.22364E-31 1.18048E-20 1.65607E-15 2.46332E-14 3.14631E-27 4.31140E-04
 3.99436E-11 7.79729E-11 5.39925E-06 9.96038E-12 7.55961E-11 6.21388E-10 9.31133E-06 1.13866E-17
 3.08033E-07 5.48974E-07 7.25455E-09 1.00840E-11 6.58661E-13 7.64228E-08 1.27872E-09 4.29083E-09
 1.26350E-12 5.69312E-09 4.37310E-10 1.90151E-12 8.48853E-11 1.02921E-14 8.59566E-11 7.80272E-11
 1.58153E-14 4.03386E-11 5.64136E-11 2.09639E-10 2.09974E-01 1.77646E-27 6.35047E-31 1.23087E-20
 1.11612E-15 2.51651E-14 2.67285E-27 4.31143E-04 4.32888E-11 1.18680E-10 5.47749E-06 1.45451E-11
 9.58594E-11 7.21049E-10 9.66423E-06 2.56069E-17 3.00560E-07 5.12396E-07 7.28937E-09 1.02022E-11
 7.51226E-13 6.55989E-08 1.59738E-09 4.80744E-09 1.69330E-12 5.39436E-09 3.70100E-10 1.97972E-12
 6.77787E-11 1.11200E-14 7.26406E-11 1.00353E-10 2.36543E-14 4.97899E-11 5.82505E-11 1.89238E-10
 2.09969E-01 1.15755E-28 9.92003E-31 1.51797E-20 9.15077E-16 2.53577E-14 2.87900E-27 4.31144E-04
 4.59399E-11 1.78962E-10 5.55553E-06 2.10729E-11 1.17389E-10 7.79383E-10 9.82447E-06 5.85655E-17
 2.92924E-07 4.75955E-07 7.30927E-09 9.87038E-12 8.45226E-13 5.57993E-08 1.99102E-09 5.24635E-09
 2.24767E-12 5.02780E-09 2.95842E-10 1.98916E-12 5.03477E-11 1.18595E-14 6.05984E-11 1.23663E-10
 3.59619E-14 6.11115E-11 6.17384E-11 1.63052E-10 2.09965E-01 4.55487E-29 1.75423E-30 2.14428E-20
 8.83606E-16 2.53801E-14 3.47721E-27 4.31143E-04 4.90369E-11 2.73814E-10 5.63304E-06 3.01326E-11
 1.41009E-10 7.92097E-10 9.71666E-06 1.38848E-16 2.85257E-07 4.39751E-07 7.33833E-09 9.49432E-12
 9.79740E-13 4.70613E-08 2.45365E-09 5.63769E-09 2.83692E-12 4.54635E-09 2.25247E-10 2.01641E-12
 3.60268E-11 1.13491E-14 4.98048E-11 1.45461E-10 5.53801E-14 7.51582E-11 6.76253E-11 1.32001E-10
 2.09960E-01 6.52382E-29 3.34735E-30 3.09958E-20 9.45707E-16 2.53084E-14 4.41408E-27 4.31140E-04
 5.14875E-11 4.15580E-10 5.70897E-06 4.25207E-11 1.62951E-10 7.47715E-10 9.38830E-06 3.29222E-16
 2.77798E-07 4.04175E-07 7.34709E-09 8.75807E-12 1.12258E-12 3.94181E-08 3.00896E-09 5.88739E-09
 3.50821E-12 4.01081E-09 1.61645E-10 1.97625E-12 2.42022E-11 1.03461E-14 4.03085E-11 1.61690E-10
 8.62107E-14 9.13329E-11 7.54933E-11 1.01104E-10 2.09956E-01 9.89960E-29 6.34929E-30 4.50532E-20
 1.05845E-15 2.51855E-14 5.49856E-27 4.31133E-04 5.30512E-11 6.24993E-10 5.78191E-06 5.92891E-11
 1.81710E-10 6.61712E-10 8.90604E-06 7.74697E-16 2.70858E-07 3.69772E-07 7.31351E-09 7.76480E-12
 1.26819E-12 3.28709E-08 3.66093E-09 5.94764E-09 4.26728E-12 3.45892E-09 1.09624E-10 1.86336E-12
 1.52339E-11 9.10233E-15 3.21475E-11 1.70349E-10 1.34499E-13 1.09126E-10 8.47910E-11 7.33816E-11
 2.09952E-01 1.42683E-28 1.15968E-29 6.44607E-20 1.20006E-15 2.50332E-14 6.53146E-27 4.31124E-04
 5.38956E-11 9.35547E-10 5.85016E-06 8.18692E-11 1.97069E-10 5.57284E-10 8.31750E-06 1.81339E-15
 2.64803E-07 3.37195E-07 7.23492E-09 6.70487E-12 1.42299E-12 2.73891E-08 4.40716E-09 5.80257E-09
 5.10310E-12 2.91386E-09 7.06036E-11 1.69661E-12 9.01990E-12 7.69659E-15 2.53275E-11 1.70842E-10
 2.09263E-13 1.27872E-10 9.51931E-11 5.04056E-11 2.09948E-01 1.94932E-28 2.02904E-29 8.97819E-20
 1.36055E-15 2.48616E-14 7.34863E-27 4.31111E-04 5.41720E-11 1.39919E-09 5.91297E-06 1.12237E-10
 2.09340E-10 4.52734E-10 7.64665E-06 4.23778E-15 2.59940E-07 3.06653E-07 7.11978E-09 5.69592E-12
 1.59333E-12 2.28375E-08 5.24565E-09 5.45187E-09 6.01050E-12 2.39115E-09 4.32858E-11 1.49276E-12
 5.01531E-12 6.23134E-15 1.97218E-11 1.63660E-10 3.24867E-13 1.46631E-10 1.06765E-10 3.26699E-11
 2.09944E-01 2.55623E-28 3.42819E-29 1.21818E-19 1.53947E-15 2.46713E-14 7.86620E-27 4.31094E-04
 5.39742E-11 2.09532E-09 5.96975E-06 1.52657E-10 2.19238E-10 3.59918E-10 6.91226E-06 9.88607E-15
 2.56603E-07 2.78264E-07 6.98612E-09 4.80448E-12 1.78346E-12 1.90706E-08 6.16675E-09 4.91296E-09
 6.96000E-12 1.89860E-09 2.53212E-11 1.26738E-12 2.60315E-12 4.80505E-15 1.51842E-11 1.50057E-10
 5.03755E-13 1.64077E-10 1.20004E-10 1.98735E-11 2.09939E-01 3.28144E-28 5.67087E-29 1.62066E-19
 1.74513E-15 2.44538E-14 8.10053E-27 4.31073E-04 5.33554E-11 3.13646E-09 6.01943E-06 2.04407E-10
 2.27942E-10 2.85582E-10 6.15214E-06 2.27764E-14 2.55196E-07 2.52357E-07 6.86357E-09 4.07480E-12
 1.99308E-12 1.59805E-08 7.13415E-09 4.23228E-09 7.83496E-12 1.44329E-09 1.42545E-11 1.03741E-12
 1.25602E-12 3.50292E-15 1.16020E-11 1.31899E-10 7.76004E-13 1.78348E-10 1.35714E-10 1.12883E-11
 2.09935E-01 4.22066E-28 9.30457E-29 2.13245E-19 1.99346E-15 2.41932E-14 8.16319E-27 4.31048E-04
 5.23182E-11 4.66115E-09 6.06144E-06 2.65891E-10 2.36872E-10 2.31164E-10 5.41435E-06 5.07316E-14
 2.56129E-07 2.28997E-07 6.78674E-09 3.52516E-12 2.21557E-12 1.34428E-08 8.07333E-09 3.48697E-09
 8.40747E-12 1.03796E-09 7.84161E-12 8.19425E-13 5.63836E-13 2.38768E-15 8.82592E-12 1.11398E-10
 1.17251E-12 1.87324E-10 1.54862E-10 5.97613E-12 2.09930E-01 5.56509E-28 1.52863E-28 2.79754E-19
 2.30907E-15 2.38650E-14 8.22789E-27 4.31018E-04 5.08671E-11 6.81681E-09 6.09535E-06 3.32429E-10
 2.47171E-10 1.93898E-10 4.73971E-06 1.06989E-13 2.59836E-07 2.08172E-07 6.78722E-09 3.14527E-12
 2.44301E-12 1.13501E-08 8.89148E-09 2.76303E-09 8.46414E-12 7.02381E-10 4.28735E-12 6.26451E-13
 2.37502E-13 1.51049E-15 6.70874E-12 9.07089E-11 1.71261E-12 1.89326E-10 1.78069E-10 2.96364E-12
 2.09925E-01 7.60190E-28 2.51606E-28 3.67536E-19 2.71812E-15 2.34429E-14 8.43017E-27 4.30984E-04
 4.90230E-11 9.73877E-09 6.12061E-06 3.98552E-10 2.59159E-10 1.69075E-10 4.14889E-06 2.11249E-13
 2.66676E-07 1.89988E-07 6.88814E-09 2.90108E-12 2.66871E-12 9.63241E-09 9.52293E-09 2.12526E-09
 7.97902E-12 4.50075E-10 2.35904E-12 4.65736E-13 9.53753E-14 8.92005E-16 5.12899E-12 7.15173E-11
 2.39448E-12 1.83873E-10 2.05113E-10 1.39440E-12 2.09920E-01 1.06568E-27 4.10563E-28 4.83463E-19
 3.23585E-15 2.29118E-14 8.79788E-27 4.30945E-04 4.69283E-11 1.35588E-08 6.13710E-06 4.60122E-10
 2.72374E-10 1.51948E-10 3.63744E-06 3.91089E-13 2.76849E-07 1.74432E-07 7.10651E-09 2.75574E-12
 2.89771E-12 8.23057E-09 9.95183E-09 1.60423E-09 7.08755E-12 2.76375E-10 1.31183E-12 3.38931E-13
 3.71360E-14 4.90014E-16 3.97088E-12 5.46507E-11 3.19657E-12 1.71786E-10 2.35120E-10 6.29921E-13
 2.09914E-01 1.50120E-27 6.54708E-28 6.31520E-19 3.86263E-15 2.22714E-14 9.26497E-27 4.30902E-04
 4.45855E-11 1.83814E-08 6.14526E-06 5.15015E-10 2.85968E-10 1.39144E-10 3.19486E-06 6.82685E-13
 2.90585E-07 1.61161E-07 7.45632E-09 2.67052E-12 3.12740E-12 7.07485E-09 1.01984E-08 1.19908E-09
 6.00436E-12 1.64655E-10 7.37450E-13 2.42590E-13 1.42082E-14 2.52222E-16 3.11978E-12 4.05486E-11
 4.07662E-12 1.54769E-10 2.66499E-10 2.76486E-13 2.09908E-01 2.08140E-27 1.00828E-27 8.15894E-19
 4.59281E-15 2.15275E-14 9.74717E-27 4.30855E-04 4.20191E-11 2.43091E-08 6.14552E-06 5.62782E-10
 2.99243E-10 1.28636E-10 2.81072E-06 1.13338E-12 3.08136E-07 1.49821E-07 7.95769E-09 2.61864E-12
 3.35677E-12 6.11004E-09 1.02977E-08 8.93469E-10 4.90818E-12 9.61622E-11 4.18559E-13 1.71538E-13
 5.39637E-15 1.22467E-16 2.48899E-12 2.92766E-11 4.97991E-12 1.34925E-10 2.97438E-10 1.18990E-13
 2.09902E-01 2.79600E-27 1.48772E-27 1.03910E-18 5.41296E-15 2.06932E-14 1.01597E-26 4.30804E-04
 3.93256E-11 3.14850E-08 6.13833E-06 6.04135E-10 3.11867E-10 1.19395E-10 2.47709E-06 1.80792E-12
 3.29466E-07 1.40237E-07 8.63214E-09 2.58653E-12 3.59279E-12 5.30589E-09 1.02877E-08 6.66964E-10
 3.90905E-12 5.56473E-11 2.39623E-13 1.20392E-13 2.05334E-15 5.63915E-17 2.02295E-12 2.06421E-11
 5.85679E-12 1.14364E-10 3.26233E-10 5.05841E-14 2.09896E-01 3.59600E-27 2.09042E-27 1.29808E-18
 6.29148E-15 1.98004E-14 1.04175E-26 4.30749E-04 3.65024E-11 4.00719E-08 6.12412E-06 6.40687E-10
 3.23906E-10 1.11277E-10 2.19123E-06 2.79358E-12 3.54676E-07 1.32126E-07 9.50980E-09 2.55984E-12
 3.83089E-12 4.62940E-09 1.01975E-08 5.00072E-10 3.06508E-12 3.22200E-11 1.38598E-13 8.41740E-14
 7.88482E-16 2.52872E-17 1.67579E-12 1.43458E-11 6.67634E-12 9.49648E-11 3.51428E-10 2.14755E-14
 2.09889E-01 4.41250E-27 2.79460E-27 1.59519E-18 7.20176E-15 1.88757E-14 1.05185E-26 4.30691E-04
 3.32386E-11 4.95889E-08 6.10326E-06 6.75705E-10 3.35908E-10 1.05633E-10 1.97219E-06 4.13006E-12
 3.83921E-07 1.25229E-07 1.06334E-08 2.49545E-12 3.93776E-12 4.05380E-09 1.00482E-08 3.76107E-10
 2.44806E-12 1.91258E-11 8.34490E-14 5.87739E-14 3.14138E-16 1.35615E-17 1.41462E-12 1.02919E-11
 7.41392E-12 7.89480E-11 3.70980E-10 9.66795E-15 2.09882E-01 5.21172E-27 3.56609E-27 2.01859E-18
 8.12072E-15 1.79420E-14 1.07664E-26 4.30630E-04 3.00211E-11 6.03077E-08 6.07636E-06 7.09678E-10
 3.47940E-10 1.01382E-10 1.79238E-06 5.94196E-12 4.16968E-07 1.19371E-07 1.20967E-08 2.41458E-12
 3.97374E-12 3.56401E-09 9.85773E-09 2.83888E-10 1.97008E-12 1.15955E-11 5.15821E-14 4.10617E-14
 1.28680E-16 7.99541E-18 1.21759E-12 7.52334E-12 8.10045E-12 6.56598E-11 3.86501E-10 4.52180E-15
 2.09875E-01 5.95794E-27 4.38438E-27 2.57872E-18 9.02741E-15 1.70203E-14 1.12021E-26 4.30565E-04
 2.71020E-11 7.27539E-08 6.04400E-06 7.42037E-10 3.59782E-10 9.73705E-11 1.62872E-06 8.44171E-12
 4.53649E-07 1.14359E-07 1.40258E-08 2.33756E-12 4.01411E-12 3.14525E-09 9.63819E-09 2.15146E-10
 1.57323E-12 7.08000E-12 3.20616E-14 2.86605E-14 5.31524E-17 4.61912E-18 1.06759E-12 5.46727E-12
 8.73471E-12 5.41291E-11 3.99555E-10 2.12036E-15 2.09868E-01 6.60468E-27 5.22933E-27 3.24784E-18
 9.91043E-15 1.61220E-14 1.17929E-26 4.30497E-04 2.44552E-11 8.71863E-08 6.00688E-06 7.73683E-10
 3.71671E-10 9.37248E-11 1.47987E-06 1.18789E-11 4.93577E-07 1.10055E-07 1.65377E-08 2.26118E-12
 4.05876E-12 2.78717E-09 9.39899E-09 1.63772E-10 1.24972E-12 4.35384E-12 2.00380E-14 2.00027E-14
 2.21266E-17 2.62617E-18 9.53057E-13 3.95944E-12 9.32171E-12 4.43295E-11 4.10342E-10 9.97590E-16
 2.09860E-01 7.13264E-27 6.07474E-27 4.03783E-18 1.07549E-14 1.52622E-14 1.26350E-26 4.30427E-04
 2.19573E-11 1.02448E-07 5.96598E-06 8.07040E-10 3.84210E-10 9.17417E-11 1.36200E-06 1.62656E-11
 5.36039E-07 1.06362E-07 1.97209E-08 2.16025E-12 3.97902E-12 2.48284E-09 9.14901E-09 1.25149E-10
 1.01666E-12 2.75383E-12 1.29502E-14 1.40420E-14 9.58210E-18 1.75752E-18 8.66092E-13 2.99236E-12
 9.88427E-12 3.68508E-11 4.18265E-10 5.00790E-16 2.09852E-01 7.62908E-27 6.93076E-27 5.18225E-18
 1.15431E-14 1.44586E-14 1.43334E-26 4.30354E-04 1.96944E-11 1.18683E-07 5.92203E-06 8.42438E-10
 3.97594E-10 9.10243E-11 1.26344E-06 2.18674E-11 5.80585E-07 1.03160E-07 2.37001E-08 2.04670E-12
 3.81883E-12 2.22370E-09 8.89402E-09 9.60064E-11 8.40544E-13 1.78754E-12 8.56728E-15 9.91328E-15
 4.29095E-18 1.28655E-18 7.99720E-13 2.33672E-12 1.04495E-11 3.09793E-11 4.24247E-10 2.64257E-16
 2.09844E-01 8.10998E-27 7.81002E-27 6.80171E-18 1.22708E-14 1.37150E-14 1.71760E-26 4.30280E-04
 1.77044E-11 1.36972E-07 5.87520E-06 8.79515E-10 4.11917E-10 9.06872E-11 1.16875E-06 2.93377E-11
 6.27280E-07 1.00310E-07 2.86557E-08 1.93789E-12 3.66663E-12 2.00014E-09 8.63599E-09 7.39669E-11
 6.92818E-13 1.17269E-12 5.68531E-15 7.00835E-15 1.93900E-18 8.98471E-19 7.48139E-13 1.82602E-12
 1.10089E-11 2.59444E-11 4.29239E-10 1.40061E-16 2.09836E-01 8.53865E-27 8.70928E-27 8.87414E-18
 1.29451E-14 1.30245E-14 2.11828E-26 4.30203E-04 1.59427E-11 1.57382E-07 5.82545E-06 9.19107E-10
 4.27594E-10 9.07049E-11 1.07704E-06 3.92928E-11 6.76322E-07 9.77088E-08 3.47856E-08 1.83423E-12
 3.51733E-12 1.80454E-09 8.37569E-09 5.72845E-11 5.69719E-13 7.74172E-13 3.78568E-15 4.96359E-15
 8.81766E-19 5.96400E-19 7.07296E-13 1.42583E-12 1.15430E-11 2.16105E-11 4.33434E-10 7.43546E-17
 2.09828E-01 8.94184E-27 9.65227E-27 1.15305E-17 1.35721E-14 1.23805E-14 2.67835E-26 4.30123E-04
 1.43794E-11 1.80068E-07 5.77330E-06 9.62794E-10 4.45342E-10 9.12544E-11 9.88463E-07 5.26257E-11
 7.27319E-07 9.53034E-08 4.22135E-08 1.73572E-12 3.36908E-12 1.63323E-09 8.11694E-09 4.46786E-11
 4.68241E-13 5.15445E-13 2.53828E-15 3.52795E-15 4.04940E-19 3.77620E-19 6.74786E-13 1.11452E-12
 1.20556E-11 1.79130E-11 4.36917E-10 3.96212E-17 2.09820E-01 9.35020E-27 1.06635E-26 1.49302E-17
 1.41495E-14 1.17854E-14 3.45572E-26 4.30041E-04 1.29914E-11 2.05167E-07 5.71938E-06 1.01257E-09
 4.66070E-10 9.25791E-11 9.03139E-07 7.06038E-11 7.79767E-07 9.30590E-08 5.10148E-08 1.64245E-12
 3.22029E-12 1.48338E-09 7.86357E-09 3.51764E-11 3.85400E-13 3.47624E-13 1.72114E-15 2.52223E-15
 1.88757E-19 2.29499E-19 6.48832E-13 8.74078E-13 1.25536E-11 1.47856E-11 4.39767E-10 2.12574E-17
 2.09811E-01 9.80258E-27 1.17788E-26 1.92745E-17 1.46750E-14 1.12411E-14 4.53267E-26 4.29955E-04
 1.17504E-11 2.32726E-07 5.66337E-06 1.07074E-09 4.90863E-10 9.49813E-11 8.20963E-07 9.50139E-11
 8.34026E-07 9.09145E-08 6.13851E-08 1.55351E-12 3.06838E-12 1.35033E-09 7.61482E-09 2.80220E-11
 3.18089E-13 2.37817E-13 1.18380E-15 1.81757E-15 8.95345E-20 1.34632E-19 6.27722E-13 6.88710E-13
 1.30347E-11 1.21503E-11 4.42081E-10 1.14999E-17 2.09803E-01 1.03535E-26 1.30568E-26 2.48322E-17
 1.51553E-14 1.07409E-14 6.03157E-26 4.29866E-04 1.06342E-11 2.62754E-07 5.60511E-06 1.14003E-09
 5.20994E-10 9.88370E-11 7.42019E-07 1.28419E-10 8.90312E-07 8.88279E-08 7.35089E-08 1.46799E-12
 2.91118E-12 1.23092E-09 7.37080E-09 2.26511E-11 2.63605E-13 1.65518E-13 8.29014E-16 1.32373E-15
 4.34122E-20 7.66586E-20 6.10300E-13 5.45869E-13 1.34963E-11 9.93866E-12 4.43944E-10 6.28719E-18
 2.09794E-01 1.10638E-26 1.45703E-26 3.19456E-17 1.55943E-14 1.02800E-14 8.13192E-26 4.29773E-04
 9.62808E-12 2.95338E-07 5.54505E-06 1.22343E-09 5.57823E-10 1.04605E-10 6.66794E-07 1.74549E-10
 9.48228E-07 8.67879E-08 8.74362E-08 1.38497E-12 2.74751E-12 1.12382E-09 7.13432E-09 1.86396E-11
 2.19660E-13 1.17908E-13 5.93957E-16 9.77560E-16 2.16752E-20 4.25864E-20 5.95888E-13 4.35659E-13
 1.39378E-11 8.09173E-12 4.45427E-10 3.48541E-18 2.09785E-01 1.19948E-26 1.63967E-26 4.10403E-17
 1.59909E-14 9.85939E-15 1.10943E-25 4.29676E-04 8.71245E-12 3.30483E-07 5.48328E-06 1.32381E-09
 6.02676E-10 1.13010E-10 5.95562E-07 2.38675E-10 1.00772E-06 8.47751E-08 1.03275E-07 1.30176E-12
 2.57559E-12 1.02729E-09 6.90650E-09 1.56591E-11 1.84146E-13 8.65411E-14 4.37229E-16 7.34014E-16
 1.12119E-20 2.31595E-20 5.83872E-13 3.50272E-13 1.43539E-11 6.55482E-12 4.46596E-10 1.96413E-18
 2.09775E-01 1.32322E-26 1.86333E-26 5.26607E-17 1.63471E-14 9.47655E-15 1.52995E-25 4.29576E-04
 7.85209E-12 3.68660E-07 5.41973E-06 1.44260E-09 6.56019E-10 1.25469E-10 5.29592E-07 3.28283E-10
 1.06888E-06 8.27702E-08 1.21165E-07 1.21284E-12 2.38144E-12 9.39711E-10 6.68793E-09 1.34411E-11
 1.55564E-13 6.64708E-14 3.35297E-16 5.61190E-16 6.12624E-21 1.24222E-20 5.73761E-13 2.86470E-13
 1.47447E-11 5.28670E-12 4.47498E-10 1.14142E-18 2.09766E-01 1.49543E-26 2.13464E-26 6.75595E-17
 1.66651E-14 9.12832E-15 2.12965E-25 4.29470E-04 7.10235E-12 3.77812E-07 5.35569E-06 1.58683E-09
 7.16887E-10 1.45045E-10 5.02848E-07 4.02323E-10 1.13051E-06 8.07984E-08 1.40841E-07 1.11843E-12
 1.91174E-12 8.61436E-10 6.48283E-09 1.24124E-11 1.51366E-13 5.62797E-14 2.99595E-16 4.85485E-16
 4.34116E-21 9.23718E-21 5.65358E-13 2.83062E-13 1.47931E-11 4.58435E-12 4.48114E-10 9.00670E-19
 2.09756E-01 1.78552E-26 2.58347E-26 1.13187E-16 1.69141E-14 8.81825E-15 3.88852E-25 4.29362E-04
 6.72253E-12 4.30034E-07 5.29022E-06 1.75912E-09 7.96258E-10 1.63706E-10 4.29386E-07 5.87233E-10
 1.19349E-06 7.88180E-08 1.62809E-07 1.03837E-12 1.80729E-12 7.90188E-10 6.30179E-09 1.10514E-11
 1.23514E-13 4.50545E-14 2.33877E-16 3.73673E-16 2.46132E-21 4.18678E-21 5.58111E-13 2.17734E-13
 1.51524E-11 3.52233E-12 4.48838E-10 4.97251E-19 2.09746E-01 2.05451E-26 2.99856E-26 1.33700E-16
 1.71582E-14 8.53780E-15 5.09600E-25 4.29248E-04 7.04376E-12 4.85153E-07 5.22110E-06 1.97318E-09
 8.96618E-10 1.88819E-10 3.60899E-07 8.62685E-10 1.25992E-06 7.67545E-08 1.87905E-07 9.65145E-13
 1.70829E-12 7.22933E-10 6.13503E-09 1.01238E-11 1.01198E-13 3.63691E-14 1.84933E-16 2.93239E-16
 1.38253E-21 1.80712E-21 5.51625E-13 1.64847E-13 1.53827E-11 2.66808E-12 4.49468E-10 2.66328E-19
 2.09735E-01 2.44166E-26 3.55893E-26 1.55816E-16 1.73808E-14 8.27655E-15 6.68282E-25 4.29126E-04
 8.68266E-12 5.22897E-07 5.14866E-06 2.25280E-09 1.02539E-09 2.27601E-10 3.10219E-07 1.21066E-09
 1.32948E-06 7.46156E-08 2.16137E-07 8.93603E-13 1.50685E-12 6.59759E-10 5.98087E-09 9.88296E-12
 8.96742E-14 3.13971E-14 1.62076E-16 2.49909E-16 8.97953E-22 8.92625E-22 5.45849E-13 1.37191E-13
 1.53869E-11 2.07950E-12 4.50029E-10 1.64959E-19 2.09724E-01 3.09705E-26 4.43527E-26 2.02654E-16
 1.75578E-14 8.03560E-15 9.93445E-25 4.28997E-04 1.26871E-11 5.65064E-07 5.07301E-06 2.61973E-09
 1.19750E-09 2.83082E-10 2.58172E-07 1.75672E-09 1.40201E-06 7.24045E-08 2.47661E-07 8.23758E-13
 1.33683E-12 6.00539E-10 5.84226E-09 9.91098E-12 7.88373E-14 2.84874E-14 1.47987E-16 2.13981E-16
 6.10913E-22 4.04850E-22 5.40692E-13 1.13045E-13 1.53422E-11 1.57740E-12 4.50547E-10 1.01729E-19
 2.09712E-01 4.13719E-26 5.68805E-26 2.48593E-16 1.77150E-14 7.81452E-15 1.42288E-24 4.28859E-04
 2.04031E-11 5.95174E-07 4.99389E-06 3.12199E-09 1.43206E-09 3.62857E-10 2.13818E-07 2.53495E-09
 1.47769E-06 7.01185E-08 2.82736E-07 7.57058E-13 1.15034E-12 5.44920E-10 5.71809E-09 1.04917E-11
 7.23898E-14 2.74807E-14 1.45417E-16 1.93112E-16 4.58744E-22 1.88544E-22 5.36070E-13 9.71671E-14
 1.51547E-11 1.19935E-12 4.51071E-10 6.69831E-20 2.09700E-01 5.86328E-26 7.68193E-26 3.12421E-16
 1.78353E-14 7.61164E-15 2.13817E-24 4.28712E-04 3.31513E-11 6.24974E-07 4.91117E-06 3.78679E-09
 1.74332E-09 4.70972E-10 1.73352E-07 3.73444E-09 1.55650E-06 6.77653E-08 3.21584E-07 6.92776E-13
 9.86896E-13 4.92760E-10 5.60906E-09 1.13805E-11 6.68737E-14 2.75138E-14 1.47813E-16 1.75930E-16
 3.58968E-22 8.36177E-23 5.31924E-13 8.35743E-14 1.49089E-11 8.96441E-13 4.51573E-10 4.43189E-20
 2.09687E-01 8.60814E-26 1.07221E-25 3.78575E-16 1.79355E-14 7.42572E-15 3.15416E-24 4.28555E-04
 5.18687E-11 6.48038E-07 4.82481E-06 4.66515E-09 2.14727E-09 6.10574E-10 1.41567E-07 5.48080E-09
 1.63835E-06 6.53604E-08 3.64361E-07 6.31097E-13 8.25859E-13 4.43999E-10 5.51397E-09 1.26931E-11
 6.38868E-14 2.81478E-14 1.54695E-16 1.65579E-16 2.95210E-22 3.83312E-23 5.28210E-13 7.35305E-14
 1.45955E-11 6.73903E-13 4.52054E-10 3.03940E-20 2.09673E-01 1.28236E-25 1.54885E-25 4.62233E-16
 1.80015E-14 7.25551E-15 4.74346E-24 4.28387E-04 7.67351E-11 6.91876E-07 4.73446E-06 5.71683E-09
 2.62832E-09 7.72784E-10 1.13688E-07 8.33126E-09 1.72330E-06 6.29208E-08 4.11321E-07 5.71071E-13
 7.08973E-13 3.98525E-10 5.43256E-09 1.36547E-11 5.87336E-14 2.80909E-14 1.54128E-16 1.48405E-16
 2.26773E-22 1.60587E-23 5.24876E-13 6.14821E-14 1.43666E-11 4.94272E-13 4.52405E-10 1.94071E-20
 2.09659E-01 1.86516E-25 2.20665E-25 5.28487E-16 1.80698E-14 7.09935E-15 6.63921E-24 4.28209E-04
 1.07701E-10 7.46849E-07 4.63616E-06 6.96716E-09 3.18345E-09 9.57499E-10 9.28771E-08 1.26655E-08
 1.81483E-06 6.03687E-08 4.64665E-07 5.10887E-13 6.01006E-13 3.54594E-10 5.35871E-09 1.43804E-11
 5.40898E-14 2.72887E-14 1.48510E-16 1.31858E-16 1.67623E-22 6.80431E-24 5.21763E-13 5.06062E-14
 1.41663E-11 3.64039E-13 4.52670E-10 1.20531E-20 2.09643E-01 2.65627E-25 3.13385E-25 6.00913E-16
 1.81233E-14 6.94981E-15 9.14439E-24 4.28010E-04 1.44573E-10 8.27571E-07 4.52475E-06 8.36253E-09
 3.78379E-09 1.15686E-09 7.63225E-08 1.95068E-08 1.91732E-06 5.76139E-08 5.27527E-07 4.48085E-13
 5.07698E-13 3.10634E-10 5.28744E-09 1.44255E-11 4.84819E-14 2.53488E-14 1.34588E-16 1.12215E-16
 1.14365E-22 2.78807E-24 5.18724E-13 4.00273E-14 1.40372E-11 2.65783E-13 4.52819E-10 7.02382E-21
 2.09624E-01 3.68442E-25 4.36863E-25 6.69392E-16 1.81775E-14 6.79991E-15 1.21096E-23 4.27779E-04
 1.85994E-10 9.32538E-07 4.39863E-06 9.88973E-09 4.40684E-09 1.35777E-09 6.41139E-08 2.99334E-08
 2.03160E-06 5.46700E-08 6.01290E-07 3.83743E-13 4.18281E-13 2.66984E-10 5.21541E-09 1.39133E-11
 4.31058E-14 2.24846E-14 1.15548E-16 9.34150E-17 7.32367E-23 1.16236E-24 5.15745E-13 3.09394E-14
 1.39564E-11 1.94997E-13 4.52876E-10 3.93151E-21 2.09602E-01 4.97092E-25 6.03010E-25 7.46570E-16
 1.82198E-14 6.64880E-15 1.57328E-23 4.27509E-04 2.30608E-10 1.08490E-06 4.25693E-06 1.13843E-08
 4.97888E-09 1.53661E-09 5.42254E-08 4.62900E-08 2.15723E-06 5.15762E-08 6.87028E-07 3.19576E-13
 3.40867E-13 2.24341E-10 5.13974E-09 1.25506E-11 3.67930E-14 1.88132E-14 9.16374E-17 7.33161E-17
 4.24785E-23 4.67249E-25 5.12825E-13 2.27772E-14 1.39709E-11 1.41547E-13 4.52801E-10 2.04537E-21
 2.09577E-01 6.48505E-25 8.10768E-25 8.28120E-16 1.82540E-14 6.49652E-15 1.97215E-23 4.27193E-04
 2.75511E-10 1.26896E-06 4.09963E-06 1.29909E-08 5.54691E-09 1.68892E-09 4.65112E-08 7.09343E-08
 2.29267E-06 4.83806E-08 7.85601E-07 2.58647E-13 2.68351E-13 1.83474E-10 5.05606E-09 1.10261E-11
 3.14025E-14 1.50823E-14 6.96452E-17 5.67583E-17 2.33120E-23 1.92834E-25 5.09959E-13 1.65722E-14
 1.40459E-11 1.03475E-13 4.52626E-10 1.03268E-21 2.09547E-01 8.36220E-25 1.10082E-24 9.21246E-16
 1.82717E-14 6.34318E-15 2.44497E-23 4.26826E-04 3.17580E-10 1.49802E-06 3.92620E-06 1.48149E-08
 6.15233E-09 1.79490E-09 3.89212E-08 1.10297E-07 2.43483E-06 4.51342E-08 8.97975E-07 2.02751E-13
 2.08154E-13 1.45090E-10 4.96047E-09 9.34682E-12 2.62592E-14 1.15591E-14 5.03942E-17 4.19644E-17
 1.18881E-23 7.63174E-26 5.07134E-13 1.17623E-14 1.42672E-11 7.47964E-14 4.52270E-10 4.95077E-22
 2.09512E-01 1.06820E-24 1.52452E-24 1.00845E-15 1.82894E-14 6.18881E-15 2.96989E-23 4.26399E-04
 3.53400E-10 1.76179E-06 3.73480E-06 1.77408E-08 7.07782E-09 1.82491E-09 3.25544E-08 1.78084E-07
 2.57774E-06 4.18889E-08 1.02517E-06 1.52750E-13 1.53464E-13 1.09831E-10 4.84805E-09 7.96434E-12
 2.30597E-14 8.48643E-15 3.55370E-17 3.14984E-17 5.84871E-24 3.13585E-26 5.04344E-13 8.42310E-15
 1.46492E-11 5.46932E-14 4.51714E-10 2.33464E-22 2.09472E-01 1.32894E-24 2.28365E-24 1.07900E-15
 1.83168E-14 6.03343E-15 3.65904E-23 4.25903E-04 3.93881E-10 2.69284E-06 3.51617E-06 1.83379E-08
 7.04880E-09 1.60359E-09 3.26021E-08 3.22295E-07 2.70839E-06 3.86932E-08 1.16930E-06 1.07062E-13
 1.01861E-13 7.84790E-11 4.71485E-09 4.85966E-12 1.71107E-14 5.36990E-15 1.91021E-17 1.95103E-17
 2.27808E-24 1.10371E-26 5.01587E-13 4.67672E-15 1.53829E-11 3.71971E-14 4.50770E-10 8.54650E-23
 2.09424E-01 1.28507E-24 2.84775E-24 1.30511E-15 1.81802E-14 5.87688E-15 4.40937E-23 4.25326E-04
 4.34836E-10 7.03282E-06 3.26598E-06 1.17172E-08 4.44090E-09 1.11616E-09 5.39483E-08 5.98178E-07
 2.80591E-06 3.55894E-08 1.33076E-06 6.99706E-14 5.89446E-14 5.24569E-11 4.55311E-09 1.44545E-12
 8.31122E-15 2.86728E-15 6.86399E-18 7.54624E-18 6.64204E-25 3.61098E-27 4.98839E-13 1.40957E-15
 1.69695E-11 2.40536E-14 4.48926E-10 2.04646E-23 2.09365E-01 7.18600E-25 1.90940E-24 2.17997E-15
 1.73851E-14 5.71920E-15 4.63428E-23 4.24656E-04 4.14273E-10 2.17058E-05 3.00252E-06 5.89634E-09
 2.05529E-09 6.88458E-10 1.04535E-07 9.69817E-07 2.86485E-06 3.26133E-08 1.50494E-06 4.46364E-14
 3.86783E-14 3.31760E-11 4.35958E-09 2.85256E-13 3.07408E-15 1.46440E-15 2.14839E-18 1.69633E-18
 1.77314E-25 1.40181E-27 4.96014E-13 2.28532E-16 2.05181E-11 1.75673E-14 4.45064E-10 3.27866E-24
 2.09292E-01 2.81862E-25 7.75270E-25 3.79366E-15 1.58401E-14 5.56072E-15 3.72957E-23 4.23884E-04
 3.35635E-10 5.56058E-05 2.74203E-06 3.41822E-09 9.88303E-10 4.11514E-10 1.84973E-07 1.37517E-06
 2.89887E-06 2.97916E-08 1.68724E-06 2.83022E-14 2.89586E-14 2.02229E-11 4.14400E-09 6.88079E-14
 1.25684E-15 7.43359E-16 6.61328E-19 3.99807E-19 4.68377E-26 7.48694E-28 4.93054E-13 3.34829E-17
 2.59591E-11 1.48656E-14 4.39247E-10 3.76313E-25 2.09197E-01 9.75684E-26 3.04415E-25 5.67218E-15
 1.40183E-14 5.40147E-15 2.68138E-23 4.22998E-04 2.43386E-10 1.20358E-04 2.49249E-06 2.21735E-09
 5.04448E-10 2.43578E-10 2.78289E-07 1.78170E-06 2.91828E-06 2.71451E-08 1.87519E-06 1.79210E-14
 2.33346E-14 1.21315E-11 3.91754E-09 2.35338E-14 5.54700E-16 3.77432E-16 2.04305E-19 1.22299E-19
 1.24025E-26 4.13838E-28 4.89919E-13 6.27468E-18 3.28755E-11 1.29131E-14 4.31887E-10 3.38064E-26
 2.09073E-01 3.16968E-26 1.22067E-25 7.47955E-15 1.22547E-14 5.24122E-15 1.80535E-23 4.21980E-04
 1.73855E-10 2.28161E-04 2.25761E-06 1.57718E-09 2.75634E-10 1.43436E-10 3.85880E-07 2.17049E-06
 2.92962E-06 2.46800E-08 2.06757E-06 1.13413E-14 1.96231E-14 7.25756E-12 3.68847E-09 1.18464E-14
 2.69554E-16 1.91420E-16 6.32512E-20 5.40743E-20 3.28443E-27 2.43393E-28 4.86570E-13 1.60284E-18
 4.07543E-11 1.14953E-14 4.23484E-10 3.48105E-27 2.08911E-01 9.92717E-27 5.23067E-26 9.14278E-15
 1.06210E-14 5.07922E-15 1.20658E-23 4.20810E-04 1.28690E-10 3.92316E-04 2.04019E-06 1.18194E-09
 1.58496E-10 8.43247E-11 5.00983E-07 2.53065E-06 2.93645E-06 2.24091E-08 2.26267E-06 7.19001E-15
 1.70016E-14 4.38956E-12 3.46368E-09 7.66605E-15 1.38732E-16 9.71786E-17 1.96602E-20 3.05047E-20
 8.71796E-28 1.44702E-28 4.82979E-13 4.93723E-19 4.91776E-11 1.02500E-14 4.14443E-10 7.11217E-28
 2.08701E-01 3.04813E-27 2.36504E-26 1.06029E-14 9.17421E-15 4.91532E-15 8.05366E-24 4.19462E-04
 9.45587E-11 6.27969E-04 1.84035E-06 8.89180E-10 9.36856E-11 4.94923E-11 5.79692E-07 2.85873E-06
 2.94073E-06 2.03256E-08 2.46031E-06 4.56802E-15 1.50708E-14 2.71325E-12 3.24692E-09 5.50266E-15
 6.89571E-17 4.94382E-17 6.14903E-21 1.84550E-20 2.32684E-28 7.43685E-29 4.79092E-13 1.55244E-19
 5.79077E-11 8.72448E-15 4.04983E-10 2.13438E-28 2.08432E-01 9.12676E-28 1.09641E-26 1.17697E-14
 8.00245E-15 4.74834E-15 5.29086E-24 4.17901E-04 7.15379E-11 9.47538E-04 1.65727E-06 6.78659E-10
 5.73234E-11 2.89481E-11 6.39518E-07 3.15396E-06 2.94350E-06 1.84170E-08 2.66065E-06 2.90385E-15
 1.36287E-14 1.71980E-12 3.04001E-09 4.15219E-15 3.45244E-17 2.51406E-17 1.92768E-21 1.17090E-20
 6.22086E-29 3.71195E-29 4.74851E-13 5.30058E-20 6.67590E-11 7.35357E-15 3.95268E-10 7.48651E-29
 2.08093E-01 2.66685E-28 5.31521E-27 1.27283E-14 7.01784E-15 4.57696E-15 3.50659E-24 4.16088E-04
 5.60684E-11 1.36142E-03 1.49080E-06 5.21437E-10 3.61391E-11 1.68845E-11 6.77074E-07 3.41634E-06
 2.94539E-06 1.66802E-08 2.86289E-06 1.84790E-15 1.25463E-14 1.12225E-12 2.84518E-09 3.19791E-15
 1.73956E-17 1.27847E-17 6.05870E-22 7.57200E-21 1.66663E-29 1.81289E-29 4.70206E-13 1.93887E-20
 7.55590E-11 6.13276E-15 3.85447E-10 2.80966E-29 2.07674E-01 7.64058E-29 2.69136E-27 1.35233E-14
 6.17275E-15 4.40059E-15 2.35346E-24 4.13981E-04 4.52770E-11 1.87888E-03 1.34041E-06 4.01008E-10
 2.33636E-11 9.83004E-12 6.91370E-07 3.64714E-06 2.94675E-06 1.51096E-08 3.06633E-06 1.17814E-15
 1.17296E-14 7.56143E-13 2.66419E-09 2.48571E-15 8.77706E-18 6.50790E-18 1.91101E-22 4.93782E-21
 4.47872E-30 8.64240E-30 4.65099E-13 7.48473E-21 8.41729E-11 5.05484E-15 3.75630E-10 1.09517E-29
 2.07166E-01 2.15652E-29 1.41552E-27 1.41727E-14 5.44560E-15 4.21861E-15 1.59844E-24 4.11534E-04
 3.61922E-11 2.50981E-03 1.20503E-06 3.04237E-10 1.53434E-11 5.70917E-12 6.64397E-07 3.84864E-06
 2.94766E-06 1.36946E-08 3.27090E-06 7.52812E-16 1.11072E-14 5.26970E-13 2.49815E-09 1.92758E-15
 4.29023E-18 3.31926E-18 6.05913E-23 3.16565E-21 1.20963E-30 3.77608E-30 4.59459E-13 2.87986E-21
 9.25087E-11 4.04191E-15 3.65877E-10 4.06294E-30 2.06557E-01 5.95078E-30 7.63189E-28 1.46635E-14
 4.84555E-15 4.03009E-15 1.08928E-24 4.08688E-04 2.86447E-11 3.26352E-03 1.08326E-06 2.28188E-10
 1.02190E-11 3.30170E-12 6.08177E-07 4.02321E-06 2.94793E-06 1.24214E-08 3.47699E-06 4.81598E-16
 1.06223E-14 3.79447E-13 2.34726E-09 1.49269E-15 2.04276E-18 1.69419E-18 1.92904E-23 2.00519E-21
 3.28026E-31 1.53352E-30 4.53202E-13 1.10707E-21 1.00483E-10 3.15361E-15 3.56236E-10 1.44633E-30
 2.05836E-01 1.59109E-30 4.20973E-28 1.50238E-14 4.34040E-15 3.83397E-15 7.45899E-25 4.05381E-04
 2.38050E-11 4.14359E-03 9.74405E-07 1.72363E-10 6.95441E-12 1.90434E-12 5.59026E-07 4.17275E-06
 2.94749E-06 1.12834E-08 3.68395E-06 3.08488E-16 1.02327E-14 2.81927E-13 2.21179E-09 1.17030E-15
 9.99361E-19 8.65047E-19 6.16130E-24 1.30477E-21 8.91854E-32 6.44371E-31 4.46266E-13 4.57005E-22
 1.07956E-10 2.47731E-15 3.46812E-10 5.61064E-31 2.04995E-01 4.18512E-31 2.40028E-28 1.53111E-14
 3.86826E-15 3.63018E-15 5.19439E-25 4.01552E-04 1.99038E-11 5.15246E-03 8.77864E-07 1.29085E-10
 4.79174E-12 1.09691E-12 4.96950E-07 4.29955E-06 2.94633E-06 1.02748E-08 3.89102E-06 1.98133E-16
 9.90792E-15 2.16193E-13 2.09250E-09 9.19283E-16 4.85196E-19 4.42626E-19 1.97986E-24 8.46000E-22
 2.43839E-32 2.60246E-31 4.38584E-13 1.89871E-22 1.14792E-10 1.91103E-15 3.37703E-10 2.14781E-31
 2.04026E-01 1.08413E-31 1.39868E-28 1.55092E-14 3.44143E-15 3.41888E-15 3.64256E-25 3.97137E-04
 1.69487E-11 6.29043E-03 7.92909E-07 9.62873E-11 3.34621E-12 6.31781E-13 4.33631E-07 4.40532E-06
 2.94423E-06 9.38805E-09 4.09783E-06 1.27697E-16 9.62409E-15 1.71005E-13 1.98939E-09 7.26813E-16
 2.36243E-19 2.26987E-19 6.40266E-25 5.52889E-22 6.70453E-33 1.03085E-31 4.30088E-13 8.06154E-23
 1.20859E-10 1.45901E-15 3.29001E-10 8.34904E-32 2.02922E-01 2.78367E-32 8.33166E-29 1.56259E-14
 3.04826E-15 3.20035E-15 2.57678E-25 3.92072E-04 1.49355E-11 7.55182E-03 7.19139E-07 7.18442E-11
 2.37155E-12 3.65207E-13 3.76319E-07 4.49171E-06 2.94110E-06 8.61859E-09 4.30353E-06 8.28319E-17
 9.36400E-15 1.39584E-13 1.90262E-09 5.80942E-16 1.17024E-19 1.16849E-19 2.08707E-25 3.68081E-22
 1.85614E-33 4.11174E-32 4.20723E-13 3.55378E-23 1.26007E-10 1.11013E-15 3.20817E-10 3.40306E-32
 2.01681E-01 7.19882E-33 5.07841E-29 1.56652E-14 2.68139E-15 2.97561E-15 1.84209E-25 3.86296E-04
 1.32213E-11 8.92920E-03 6.56179E-07 5.31325E-11 1.69580E-12 2.12923E-13 3.17262E-07 4.56000E-06
 2.93677E-06 7.96160E-09 4.50757E-06 5.44221E-17 9.11505E-15 1.17720E-13 1.83257E-09 4.66493E-16
 5.76057E-20 6.06094E-20 6.87542E-26 2.44884E-22 5.18715E-34 1.57079E-32 4.10436E-13 1.56136E-23
 1.30097E-10 8.28835E-16 3.13248E-10 1.36217E-32 2.00300E-01 1.88220E-33 3.14281E-29 1.56080E-14
 2.35706E-15 2.74590E-15 1.32144E-25 3.79747E-04 1.19232E-11 1.04104E-02 6.03797E-07 3.91247E-11
 1.22557E-12 1.27003E-13 2.63288E-07 4.61062E-06 2.93085E-06 7.41341E-09 4.70939E-06 3.67389E-17
 8.86792E-15 1.02722E-13 1.77921E-09 3.78123E-16 2.84915E-20 3.20107E-20 2.29734E-26 1.64687E-22
 1.46684E-34 5.86147E-33 3.99192E-13 6.94950E-24 1.32984E-10 6.11489E-16 3.06398E-10 5.51962E-33
 1.98781E-01 5.03774E-34 1.97618E-29 1.54521E-14 2.07519E-15 2.51305E-15 9.52700E-26 3.72374E-04
 1.08209E-11 1.19797E-02 5.61955E-07 2.85955E-11 8.92455E-13 8.06208E-14 2.12972E-07 4.64350E-06
 2.92290E-06 6.97189E-09 4.90843E-06 2.63046E-17 8.61596E-15 9.28890E-14 1.74257E-09 3.08534E-16
 1.40485E-20 1.78673E-20 7.95571E-27 1.10970E-22 4.26439E-35 2.09304E-33 3.86974E-13 3.07401E-24
 1.34524E-10 4.42794E-16 3.00375E-10 2.19738E-33 1.97129E-01 1.40482E-34 1.25693E-29 1.51880E-14
 1.84389E-15 2.27943E-15 6.87609E-26 3.64137E-04 1.00701E-11 1.36153E-02 5.30848E-07 2.09512E-11
 6.56084E-13 5.98861E-14 1.70978E-07 4.65784E-06 2.91234E-06 6.63697E-09 5.10382E-06 2.11570E-17
 8.35479E-15 8.71235E-14 1.72236E-09 2.54539E-16 7.23154E-21 1.17774E-20 3.34283E-27 7.57453E-23
 1.48429E-35 7.57245E-34 3.73803E-13 1.38435E-24 1.34571E-10 3.18519E-16 2.95299E-10 8.96873E-34
 1.95354E-01 4.80603E-35 8.09217E-30 1.48116E-14 1.66761E-15 2.04813E-15 4.97442E-26 3.55020E-04
 2.88150E+02 2.81650E+02 2.75150E+02 2.68660E+02 2.62170E+02 2.55680E+02 2.49190E+02 2.42700E+02
 2.36210E+02 2.29730E+02 2.23250E+02 2.16770E+02 2.16650E+02 2.16650E+02 2.16650E+02 2.16650E+02
 2.16650E+02 2.16650E+02 2.16650E+02 2.16650E+02 2.16650E+02 2.17580E+02 2.18570E+02 2.19570E+02
 2.20560E+02 2.21550E+02 2.22540E+02 2.23540E+02 2.24530E+02 2.25520E+02 2.26510E+02 2.27500E+02
 2.28490E+02 2.30970E+02 2.33740E+02 2.36510E+02 2.39280E+02 2.42050E+02 2.44820E+02 2.47580E+02
 2.50350E+02 2.53140E+02 2.55880E+02 2.58640E+02 2.61400E+02 2.64160E+02 2.66960E+02 2.69680E+02
 2.70650E+02 2.70650E+02 2.70650E+02 2.70650E+02 2.69030E+02 2.66270E+02 2.63520E+02 2.60770E+02
 2.58020E+02 2.55270E+02 2.52520E+02 2.49770E+02 2.47020E+02 2.44270E+02 2.41530E+02 2.30780E+02
 2.30500E+02 2.30500E+02 2.27000E+02 2.25100E+02 2.22000E+02 2.19600E+02 2.16000E+02 2.14300E+02
 2.12000E+02 2.10300E+02 2.08000E+02 2.06400E+02 2.04000E+02 2.02500E+02 2.00000E+02 1.98600E+02
 1.96000E+02 1.94700E+02 1.92000E+02 1.90800E+02 1.89000E+02 1.86900E+02 1.86900E+02 1.86900E+02
 1.86900E+02 1.86900E+02 1.88000E+02 1.90000E+02 1.91000E+02 1.92500E+02 1.94000E+02 1.95000E+02
 1.96500E+02 1.98000E+02 2.00000E+02 2.02000E+02 1.00000E+05 1.00000E+05 1.00000E+05 1.00000E+05
 1.00000E+05 1.00000E+05 1.00000E+05 1.00000E+05 1.00000E+05 8.94400E+04 4.89900E+04 2.25800E+04
 1.16600E+04 6.81200E+03 5.16500E+03 4.29000E+03 3.95000E+03 3.90000E+03 3.99900E+03 4.34300E+03
 4.84400E+03 5.43900E+03 6.18700E+03 7.03600E+03 7.98400E+03 8.98600E+03 1.00300E+04 1.12800E+04
 1.24900E+04 1.36300E+04 1.51300E+04 1.66900E+04 1.81800E+04 1.99800E+04 2.19800E+04 2.44500E+04
 2.74600E+04 3.04600E+04 3.39400E+04 3.79500E+04 4.19500E+04 4.64300E+04 5.19100E+04 5.84000E+04
 6.44500E+04 7.13600E+04 7.99000E+04 8.79100E+04 9.68700E+04 1.06900E+05 1.17800E+05 1.31800E+05
 1.48300E+05 1.65800E+05 1.83300E+05 2.01800E+05 2.25600E+05 2.52200E+05 2.77200E+05 3.07000E+05
 3.42100E+05 3.79500E+05 4.21900E+05 4.71700E+05 5.17400E+05 5.67400E+05 6.22400E+05 6.82600E+05
 7.48700E+05 8.21200E+05 9.00700E+05 9.87900E+05 1.00000E+06 1.00000E+06 1.00000E+06 1.00000E+06
 1.00000E+06 1.00000E+06 1.00000E+06 1.00000E+06 1.00000E+06 1.00000E+06 1.00000E+06 1.00000E+06
 1.00000E+06 1.00000E+06 1.00000E+06 1.00000E+06 1.00000E+06 1.00000E+06 1.00000E+06 1.00000E+06
 1.00000E+06 1.00000E+06 1.00000E+06 1.00000E+06 1.00000E+06 1.00000E+06 1.00000E+06 1.00000E+06
 2.40070E+19 2.17866E+19 1.97275E+19 1.78207E+19 1.60589E+19 1.44342E+19 1.29389E+19 1.15655E+19
 1.03070E+19 9.15606E+18 8.10651E+18 7.15193E+18 6.11587E+18 5.22704E+18 4.46760E+18 3.81869E+18
 3.26419E+18 2.79035E+18 2.38541E+18 2.03933E+18 1.74355E+18 1.48487E+18 1.26518E+18 1.07877E+18
 9.20584E+17 7.86187E+17 6.71915E+17 5.74657E+17 4.91863E+17 4.21306E+17 3.61132E+17 3.09775E+17
 2.65911E+17 2.27054E+17 1.93989E+17 1.66054E+17 1.42405E+17 1.22346E+17 1.05299E+17 9.07870E+16
 7.84045E+16 6.78181E+16 5.87676E+16 5.10010E+16 4.43293E+16 3.85887E+16 3.36365E+16 2.93713E+16
 2.58384E+16 2.28183E+16 2.01519E+16 1.77978E+16 1.58081E+16 1.40876E+16 1.25394E+16 1.11482E+16
 9.89931E+15 8.77953E+15 7.77663E+15 6.87943E+15 6.07775E+15 5.36227E+15 4.72434E+15 4.29058E+15
 3.71528E+15 3.21308E+15 2.81860E+15 2.45139E+15 2.14025E+15 1.85963E+15 1.62166E+15 1.39942E+15
 1.20943E+15 1.04087E+15 8.97141E+14 7.69610E+14 6.61831E+14 5.65841E+14 4.85451E+14 4.13592E+14
 3.53963E+14 3.00471E+14 2.56496E+14 2.16910E+14 1.83781E+14 1.55702E+14 1.30326E+14 1.09092E+14
 9.13241E+13 7.64552E+13 6.36703E+13 5.28545E+13 4.41749E+13 3.68704E+13 3.08194E+13 2.58597E+13
 2.16689E+13 1.81833E+13 1.52449E+13 1.28050E+13 7.92170E-11 9.63563E-11 1.32468E-10 1.77669E-10
 2.27065E-10 2.76810E-10 3.23629E-10 3.65253E-10 4.00459E-10 4.30288E-10 4.61318E-10 5.02141E-10
 5.36598E-10 5.54995E-10 5.52006E-10 5.28376E-10 4.89083E-10 4.41952E-10 3.93550E-10 3.48481E-10
 3.09281E-10 2.75937E-10 2.47863E-10 2.24386E-10 2.04284E-10 1.85988E-10 1.68658E-10 1.52324E-10
 1.36945E-10 1.22337E-10 1.08575E-10 9.57715E-11 8.38344E-11 7.27654E-11 6.26352E-11 5.35074E-11
 4.54362E-11 3.83420E-11 3.21309E-11 2.67583E-11 2.21291E-11 1.81616E-11 1.48183E-11 1.20439E-11
 9.73990E-12 7.82476E-12 6.25551E-12 4.97389E-12 3.92738E-12 3.08108E-12 2.39523E-12 1.85646E-12
 1.43693E-12 1.10881E-12 8.50163E-13 6.46603E-13 4.89615E-13 3.68930E-13 2.75135E-13 2.03377E-13
 1.49182E-13 1.08360E-13 7.79301E-14 5.55900E-14 3.89212E-14 2.67273E-14 1.80070E-14 1.18724E-14
 7.65425E-15 4.81148E-15 2.94472E-15 1.74708E-15 9.57161E-16 4.73471E-16 2.07749E-16 7.90129E-17
 2.53961E-17 6.67310E-18 1.38197E-18 2.14986E-19 2.38259E-20 1.75352E-21 7.93463E-23 1.99120E-24
 2.46855E-26 1.31012E-28 2.48264E-31 1.37247E-34 1.73864E-38 3.78154E-43 9.90490E-49 2.05221E-55
 2.14141E-63 6.35823E-73 2.78599E-84 8.17288E-98 1.00000-100 1.00000-100 1.00000-100 1.00000-100
 2.94531E+01 2.36942E+01 2.33024E+01 2.49994E+01 2.59994E+01 2.63026E+01 2.58286E+01 2.46891E+01
 2.28852E+01 2.06489E+01 1.81712E+01 1.84132E+01 1.66365E+01 1.45303E+01 1.22085E+01 9.87849E+00
 8.05761E+00 6.93554E+00 6.16068E+00 5.77168E+00 5.59198E+00 5.47337E+00 5.53953E+00 5.76260E+00
 5.34317E+00 4.10600E+00 3.14952E+00 2.40919E+00 1.83784E+00 1.39487E+00 1.05320E+00 7.91231E-01
 5.90290E-01 4.31934E-01 3.13437E-01 2.26407E-01 1.62781E-01 1.16464E-01 8.28806E-02 5.87286E-02
 4.13698E-02 2.92564E-02 2.06850E-02 1.45904E-02 1.02557E-02 7.17221E-03 4.99799E-03 3.47009E-03
 2.41041E-03 1.66997E-03 1.14653E-03 7.84827E-04 5.39556E-04 3.71039E-04 2.53222E-04 1.71223E-04
 1.15128E-04 7.69375E-05 5.08229E-05 3.32335E-05 2.15368E-05 1.38019E-05 8.74517E-06 5.68093E-06
 3.43478E-06 2.03985E-06 1.21444E-06 6.99366E-07 3.97366E-07 2.18293E-07 1.17748E-07 6.04715E-08
 2.87904E-08 1.22928E-08 4.67442E-09 1.52888E-09 4.24821E-10 9.56157E-11 1.70720E-11 2.26526E-12
 2.15879E-13 1.34916E-14 5.23711E-16 1.11129E-17 1.16944E-19 5.27298E-22 8.33107E-25 3.84024E-28
 4.05666E-32 7.35816E-37 1.59212E-42 2.70320E-49 2.33660E-57 5.72706E-67 2.07414E-78 5.04410E-92
 5.14706E-95 4.31911E-95 3.62116E-95 3.04160E-95 0.00000E+00 0.00000E+00 0.00000E+00 0.00000E+00
 0.00000E+00 0.00000E+00 0.00000E+00 0.00000E+00 0.00000E+00 0.00000E+00 0.00000E+00 0.00000E+00
 0.00000E+00 0.00000E+00 0.00000E+00 0.00000E+00 0.00000E+00 0.00000E+00 0.00000E+00 0.00000E+00
 0.00000E+00 0.00000E+00 0.00000E+00 0.00000E+00 0.00000E+00 0.00000E+00 0.00000E+00 0.00000E+00
 0.00000E+00 0.00000E+00 0.00000E+00 0.00000E+00 0.00000E+00 0.00000E+00 0.00000E+00 0.00000E+00
 0.00000E+00 0.00000E+00 0.00000E+00 0.00000E+00 0.00000E+00 0.00000E+00 0.00000E+00 0.00000E+00
 0.00000E+00 0.00000E+00 0.00000E+00 0.00000E+00 0.00000E+00 0.00000E+00 0.00000E+00 0.00000E+00
 0.00000E+00 0.00000E+00 0.00000E+00 0.00000E+00 0.00000E+00 0.00000E+00 0.00000E+00 0.00000E+00
 0.00000E+00 0.00000E+00 0.00000E+00 0.00000E+00 0.00000E+00 0.00000E+00 0.00000E+00 0.00000E+00
 0.00000E+00 0.00000E+00 0.00000E+00 0.00000E+00 0.00000E+00 0.00000E+00 0.00000E+00 0.00000E+00
 0.00000E+00 0.00000E+00 0.00000E+00 0.00000E+00 0.00000E+00 0.00000E+00 0.00000E+00 0.00000E+00
 0.00000E+00 0.00000E+00 0.00000E+00 0.00000E+00 0.00000E+00 0.00000E+00 0.00000E+00 0.00000E+00
 0.00000E+00 0.00000E+00 0.00000E+00 0.00000E+00 0.00000E+00 0.00000E+00 0.00000E+00 0.00000E+00
 0.00000E+00 0.00000E+00 0.00000E+00 0.00000E+00 0.00000E+00 0.00000E+00 0.00000E+00 0.00000E+00
 0.00000E+00 0.00000E+00 0.00000E+00 0.00000E+00 0.00000E+00 0.00000E+00 0.00000E+00 0.00000E+00
 0.00000E+00 0.00000E+00 0.00000E+00 0.00000E+00 0.00000E+00 0.00000E+00 0.00000E+00 0.00000E+00
 0.00000E+00 0.00000E+00 0.00000E+00 0.00000E+00 0.00000E+00 0.00000E+00 0.00000E+00 0.00000E+00
 0.00000E+00 0.00000E+00 0.00000E+00 0.00000E+00 0.00000E+00 0.00000E+00 0.00000E+00 0.00000E+00
 0.00000E+00 0.00000E+00 0.00000E+00 0.00000E+00 0.00000E+00 0.00000E+00 0.00000E+00 0.00000E+00
 0.00000E+00 0.00000E+00 0.00000E+00 0.00000E+00 0.00000E+00 0.00000E+00 0.00000E+00 0.00000E+00
 0.00000E+00 0.00000E+00 0.00000E+00 0.00000E+00 0.00000E+00 0.00000E+00 0.00000E+00 0.00000E+00
 0.00000E+00 0.00000E+00 0.00000E+00 0.00000E+00 0.00000E+00 0.00000E+00 0.00000E+00 0.00000E+00
 0.00000E+00 0.00000E+00 0.00000E+00 0.00000E+00 0.00000E+00 0.00000E+00 0.00000E+00 0.00000E+00
 0.00000E+00 0.00000E+00 0.00000E+00 0.00000E+00 0.00000E+00 0.00000E+00 0.00000E+00 0.00000E+00
 0.00000E+00 0.00000E+00 0.00000E+00 0.00000E+00 0.00000E+00 0.00000E+00 0.00000E+00 0.00000E+00
 0.00000E+00 0.00000E+00 0.00000E+00 0.00000E+00 7.23494E-04 8.03307E-04 8.92471E-04 9.76040E-04
 1.07021E-03 1.17493E-03 1.29365E-03 1.42996E-03 1.59211E-03 1.78911E-03 2.04179E-03 2.24483E-03
 2.52441E-03 2.85620E-03 3.24851E-03 3.71122E-03 4.19079E-03 4.61642E-03 5.02311E-03 5.37439E-03
 5.70962E-03 6.06608E-03 6.40009E-03 6.71912E-03 7.35918E-03 8.59449E-03 1.00293E-02 1.16971E-02
 1.36317E-02 1.58762E-02 1.84772E-02 2.14905E-02 2.49830E-02 2.90934E-02 3.38424E-02 3.92896E-02
 4.55550E-02 5.27514E-02 6.10009E-02 7.04346E-02 8.12338E-02 9.31667E-02 1.06529E-01 1.21645E-01
 1.38721E-01 1.57987E-01 1.79701E-01 2.04131E-01 2.31369E-01 2.61975E-01 2.96622E-01 3.35839E-01
 3.79889E-01 4.29780E-01 4.86879E-01 5.52316E-01 6.27422E-01 7.13756E-01 8.13152E-01 9.27766E-01
 1.06014E+00 1.21329E+00 1.39078E+00 1.59345E+00 1.84434E+00 2.13259E+00 2.45801E+00 2.84332E+00
 3.28649E+00 3.81247E+00 4.42236E+00 5.15750E+00 6.01729E+00 7.03881E+00 8.23762E+00 9.66719E+00
 1.13502E+01 1.33651E+01 1.57457E+01 1.86069E+01 2.19980E+01 2.60914E+01 3.09556E+01 3.68508E+01
 4.39028E+01 5.23868E+01 6.26855E+01 7.50046E+01 8.97385E+01 1.07359E+02 1.28526E+02 1.53896E+02
 1.83781E+02 2.19376E+02 2.61536E+02 3.11600E+02 3.69645E+02 4.37043E+02 5.15911E+02 6.07997E+02
 0.00000E+00 0.00000E+00 0.00000E+00 0.00000E+00 0.00000E+00 0.00000E+00 0.00000E+00 0.00000E+00
 0.00000E+00 0.00000E+00 0.00000E+00 0.00000E+00 0.00000E+00 0.00000E+00 0.00000E+00 0.00000E+00
 0.00000E+00 0.00000E+00 0.00000E+00 0.00000E+00 0.00000E+00 0.00000E+00 0.00000E+00 0.00000E+00
 0.00000E+00 0.00000E+00 0.00000E+00 0.00000E+00 0.00000E+00 0.00000E+00 0.00000E+00 0.00000E+00
 0.00000E+00 0.00000E+00 0.00000E+00 0.00000E+00 0.00000E+00 0.00000E+00 0.00000E+00 0.00000E+00
 0.00000E+00 0.00000E+00 0.00000E+00 0.00000E+00 0.00000E+00 0.00000E+00 0.00000E+00 0.00000E+00
 0.00000E+00 0.00000E+00 0.00000E+00 0.00000E+00 0.00000E+00 0.00000E+00 0.00000E+00 0.00000E+00
 0.00000E+00 0.00000E+00 0.00000E+00 0.00000E+00 0.00000E+00 0.00000E+00 0.00000E+00 0.00000E+00
 0.00000E+00 0.00000E+00 0.00000E+00 0.00000E+00 0.00000E+00 0.00000E+00 0.00000E+00 0.00000E+00
 0.00000E+00 0.00000E+00 0.00000E+00 0.00000E+00 0.00000E+00 0.00000E+00 0.00000E+00 0.00000E+00
 0.00000E+00 0.00000E+00 0.00000E+00 0.00000E+00 0.00000E+00 0.00000E+00 0.00000E+00 0.00000E+00
 0.00000E+00 0.00000E+00 0.00000E+00 0.00000E+00 0.00000E+00 0.00000E+00 0.00000E+00 0.00000E+00
 0.00000E+00 0.00000E+00 0.00000E+00 0.00000E+00 0.00000E+00 0.00000E+00 0.00000E+00 0.00000E+00
 0.00000E+00 0.00000E+00 0.00000E+00 0.00000E+00 0.00000E+00 0.00000E+00 0.00000E+00 0.00000E+00
 0.00000E+00 0.00000E+00 0.00000E+00 0.00000E+00 0.00000E+00 0.00000E+00 0.00000E+00 0.00000E+00
 0.00000E+00 0.00000E+00 0.00000E+00 0.00000E+00 0.00000E+00 0.00000E+00 0.00000E+00 0.00000E+00
 0.00000E+00 0.00000E+00 0.00000E+00 0.00000E+00 0.00000E+00 0.00000E+00 0.00000E+00 0.00000E+00
 0.00000E+00 0.00000E+00 0.00000E+00 0.00000E+00 0.00000E+00 0.00000E+00 0.00000E+00 0.00000E+00
 0.00000E+00 0.00000E+00 0.00000E+00 0.00000E+00 0.00000E+00 0.00000E+00 0.00000E+00 0.00000E+00
 0.00000E+00 0.00000E+00 0.00000E+00 0.00000E+00 0.00000E+00 0.00000E+00 0.00000E+00 0.00000E+00
 0.00000E+00 0.00000E+00 0.00000E+00 0.00000E+00 0.00000E+00 0.00000E+00 0.00000E+00 0.00000E+00
 0.00000E+00 0.00000E+00 0.00000E+00 0.00000E+00 0.00000E+00 0.00000E+00 0.00000E+00 0.00000E+00
 0.00000E+00 0.00000E+00 0.00000E+00 0.00000E+00 0.00000E+00 0.00000E+00 0.00000E+00 0.00000E+00
 0.00000E+00 0.00000E+00 0.00000E+00 0.00000E+00 0.00000E+00 0.00000E+00 0.00000E+00 0.00000E+00
 0.00000E+00 0.00000E+00 0.00000E+00 0.00000E+00 0.00000E+00 0.00000E+00 0.00000E+00 0.00000E+00
 1.85584E-05 1.85584E-05 1.85584E-05 1.85584E-05 1.85584E-05 1.85584E-05 1.85584E-05 1.85584E-05
 1.85584E-05 1.85584E-05 1.85584E-05 1.85584E-05 1.85584E-05 1.85584E-05 1.85584E-05 1.85584E-05
 1.83145E-05 1.76124E-05 1.66799E-05 1.54914E-05 1.42408E-05 1.30212E-05 1.18110E-05 1.06495E-05
 1.00000E-05 1.00000E-05 1.00000E-05 1.00000E-05 1.00000E-05 1.00000E-05 1.00000E-05 1.00000E-05
 1.00000E-05 1.00000E-05 1.00000E-05 1.00000E-05 1.00000E-05 1.00000E-05 1.00000E-05 1.00000E-05
 1.00000E-05 1.00000E-05 1.00000E-05 1.00000E-05 1.00000E-05 1.00000E-05 1.00000E-05 1.00000E-05
 1.00000E-05 1.00000E-05 1.00000E-05 1.00000E-05 1.00000E-05 1.00000E-05 1.00000E-05 1.00000E-05
 1.00000E-05 1.00000E-05 1.00000E-05 1.00000E-05 1.00000E-05 1.00000E-05 1.00000E-05 1.00000E-05
 1.00000E-05 1.00000E-05 1.00000E-05 1.00000E-05 1.00000E-05 1.00000E-05 1.00000E-05 1.00000E-05
 1.00000E-05 1.00000E-05 1.00000E-05 1.00000E-05 1.00000E-05 1.00000E-05 1.00000E-05 1.00000E-05
 1.00000E-05 1.00000E-05 1.00000E-05 1.00000E-05 1.00000E-05 1.00000E-05 1.00000E-05 1.00000E-05
 1.00000E-05 1.00000E-05 1.00000E-05 1.00000E-05 1.00000E-05 1.00000E-05 1.00000E-05 1.00000E-05
 1.00000E-05 1.00000E-05 1.00000E-05 1.00000E-05 0.00000E+00 0.00000E+00 0.00000E+00 0.00000E+00
 0.00000E+00 0.00000E+00 0.00000E+00 0.00000E+00 0.00000E+00 0.00000E+00 0.00000E+00 0.00000E+00
 0.00000E+00 0.00000E+00 0.00000E+00 0.00000E+00 0.00000E+00 0.00000E+00 0.00000E+00 0.00000E+00
 0.00000E+00 0.00000E+00 0.00000E+00 0.00000E+00 0.00000E+00 0.00000E+00 0.00000E+00 0.00000E+00
 0.00000E+00 0.00000E+00 0.00000E+00 0.00000E+00 0.00000E+00 0.00000E+00 0.00000E+00 0.00000E+00
 0.00000E+00 0.00000E+00 0.00000E+00 0.00000E+00 0.00000E+00 0.00000E+00 0.00000E+00 0.00000E+00
 0.00000E+00 0.00000E+00 0.00000E+00 0.00000E+00 0.00000E+00 0.00000E+00 0.00000E+00 0.00000E+00
 0.00000E+00 0.00000E+00 0.00000E+00 0.00000E+00 0.00000E+00 0.00000E+00 0.00000E+00 0.00000E+00
 0.00000E+00 0.00000E+00 0.00000E+00 0.00000E+00 0.00000E+00 0.00000E+00 0.00000E+00 0.00000E+00
 0.00000E+00 0.00000E+00 0.00000E+00 0.00000E+00 0.00000E+00 0.00000E+00 0.00000E+00 0.00000E+00
 0.00000E+00 0.00000E+00 0.00000E+00 0.00000E+00 0.00000E+00 0.00000E+00 0.00000E+00 0.00000E+00
 0.00000E+00 0.00000E+00 0.00000E+00 0.00000E+00 0.00000E+00 0.00000E+00 0.00000E+00 0.00000E+00
 0.00000E+00 0.00000E+00 0.00000E+00 0.00000E+00 0.00000E+00 0.00000E+00 0.00000E+00 0.00000E+00
 0.00000E+00 0.00000E+00 0.00000E+00 0.00000E+00 0.00000E+00 0.00000E+00 0.00000E+00 0.00000E+00
 0.00000E+00 0.00000E+00 0.00000E+00 0.00000E+00 0.00000E+00 0.00000E+00 0.00000E+00 0.00000E+00
 0.00000E+00 0.00000E+00 0.00000E+00 0.00000E+00 0.00000E+00 0.00000E+00 0.00000E+00 0.00000E+00
 0.00000E+00 0.00000E+00 0.00000E+00 0.00000E+00 0.00000E+00 0.00000E+00 0.00000E+00 0.00000E+00
 0.00000E+00 0.00000E+00 0.00000E+00 0.00000E+00 0.00000E+00 0.00000E+00 0.00000E+00 0.00000E+00
 0.00000E+00 0.00000E+00 0.00000E+00 0.00000E+00 0.00000E+00 0.00000E+00 0.00000E+00 0.00000E+00
 0.00000E+00 0.00000E+00 0.00000E+00 0.00000E+00 0.00000E+00 0.00000E+00 0.00000E+00 0.00000E+00
 0.00000E+00 0.00000E+00 0.00000E+00 0.00000E+00 0.00000E+00 0.00000E+00 0.00000E+00 0.00000E+00
 0.00000E+00 0.00000E+00 0.00000E+00 0.00000E+00 0.00000E+00 0.00000E+00 0.00000E+00 0.00000E+00
 0.00000E+00 0.00000E+00 0.00000E+00 0.00000E+00 0.00000E+00 0.00000E+00 0.00000E+00 0.00000E+00
 0.00000E+00 0.00000E+00 0.00000E+00 0.00000E+00 0.00000E+00 0.00000E+00 0.00000E+00 0.00000E+00
 0.00000E+00 0.00000E+00 0.00000E+00 0.00000E+00 0.00000E+00 0.00000E+00 0.00000E+00 0.00000E+00
 0.00000E+00 0.00000E+00 0.00000E+00 0.00000E+00
