
O                   PRODUCTION RXS              INT RX RATE    TP =  8.96E+14
   8) H       + HO2     = H2O     + O            4.051E+08
  21) O1D     + O3      = O       + O       O2   3.701E+08
  22) OH      + OH      = H2O     + O            1.760E+09
  23) O1D     + N2      = O       + N2           5.039E+14
  24) O1D     + O2      = O       + O2           1.607E+11
  25) O2      + HV      = O       + O            1.097E-77
  26) O3      + HV      = O2      + O            1.145E-10
  73) N       + O2      = NO      + O            2.525E+06
  76) N       + NO      = N2      + O            7.132E+07
 105) SO2     + O1D     = SO2     + O            2.870E+03
 107) SO      + O2      = O       + SO2          3.406E+09
 130) S       + O2      = SO      + O            8.611E+08
 147) SO21    + O2      = SO3     + O            3.128E+02
 180) CO      + O1D     = CO      + O            6.932E+07
 182) CO2     + O1D     = CO2     + O            6.564E+11
 195) N       + NO2     = N2O     + O            6.868E+06
 213) CS      + O2      = OCS     + O            6.597E+04
 259) O2      + HV      = O       + O1D          2.432E+11
 260) O2      + HV      = O       + O            8.796E+11
 263) H2O     + HV      = H       + H       O    3.265E+09
 265) O3      + HV      = O2      + O            3.875E+14
 266) O3      + HV      = O       + O       O    2.942E+11
 268) CO2     + HV      = CO      + O            8.748E+10
 272) HO2     + HV      = OH      + O            1.292E+10
 281) HNO3    + HV      = HNO2    + O            4.206E+08
 283) NO      + HV      = N       + O            1.044E+08
 285) NO2     + HV      = NO      + O            5.110E+11
 286) SO      + HV      = S       + O            3.181E+06
 288) SO2     + HV      = SO      + O            3.818E+09
 298) SO3     + HV      = SO2     + O            5.674E+02
 299) HSO     + HV      = HS      + O            2.945E+06
 302) NO3     + HV      = NO2     + O            9.223E+09
 307) N2O5    + HV      = NO3     + NO      O    2.994E+06

O                      LOSS RXS                INT RX RATE    TL =  8.96E+14
   3) H2      + O       = OH      + H            2.729E+07
  10) OH      + O       = H       + O2           9.516E+11
  14) HO2     + O       = OH      + O2           1.123E+12
  17) O       + O       = O2      +              1.110E+11
  18) O       + O2      = O3      +              8.933E+14
  19) O       + O3      = O2      + O2           4.230E+10
  32) O       + HCO     = H       + CO2          1.061E+06
  33) O       + HCO     = OH      + CO           1.061E+06
  35) CO      + O       = CO2     +              3.372E+07
  46) H2CO    + O       = HCO     + OH           4.135E+08
  47) H2O2    + O       = OH      + HO2          9.777E+06
  60) CH3     + O       = H2CO    + H            2.711E+07
  78) NO      + O       = NO2     +              1.444E+10
  81) NO2     + O       = NO      + O2           9.064E+10
  88) O       + HNO     = OH      + NO           1.236E+06
  91) CH4     + O       = CH3     + OH           6.083E+07
  94) CH23    + O       = HCO     + H            3.597E+05
  97) C2H6    + O       = C2H5    + OH           1.935E+05
 100) C2H5    + O       = CH3     + HCO     H    4.872E+01
 109) SO      + O       = SO2     +              8.750E+06
 112) SO2     + O       = SO3     +              9.780E+06
 115) SO3     + O       = SO2     + O2           1.991E-01
 122) H2S     + O       = OH      + HS           8.883E+04
 123) HS      + O       = H       + SO           1.452E+06
 136) S2      + O       = S       + SO           1.370E+03
 169) HSO     + O       = OH      + SO           5.941E+06
 174) O       + OCS     = CO      + SO           2.965E+07
 175) O       + OCS     = S       + CO2          3.419E+02
 189) O       + NO3     = O2      + NO2          1.353E+08
 192) O       + NO2     = NO3     +              9.154E+09
 200) O       + N2O5    = NO2     + NO2     O2   1.975E+03
 208) O       + HO2NO2  = OH      + NO2     O2   3.224E+04
 211) O       + HNO3    = OH      + NO3          4.177E+05
 218) CS2     + O       = SO      + CS           2.312E+06
 219) CS2     + O       = OCS     + S            2.167E+05
 237) CS2     + O       = CO      + S2           4.189E+04
 241) CS      + O       = CO      + S            1.764E+02

O2                  PRODUCTION RXS              INT RX RATE    TP =  8.96E+14
   5) H       + O3      = OH      + O2           1.342E+11
   7) H       + HO2     = H2      + O2           1.747E+09
  10) OH      + O       = H       + O2           9.516E+11
  11) OH      + HO2     = H2O     + O2           2.620E+11
  12) OH      + O3      = HO2     + O2           2.408E+11
  14) HO2     + O       = OH      + O2           1.123E+12
  15) HO2     + O3      = OH      + O2      O2   1.089E+11
  16) HO2     + HO2     = H2O2    + O2           1.198E+11
  17) O       + O       = O2      +              1.110E+11
  19) O       + O3      = O2      + O2           4.230E+10
  20) O1D     + O3      = O2      + O2           3.701E+08
  21) O1D     + O3      = O       + O       O2   3.701E+08
  24) O1D     + O2      = O       + O2           1.607E+11
  26) O3      + HV      = O2      + O            1.145E-10
  27) O3      + O3      = O2      + O2      O2   1.380E+02
  68) CH3O2   + HO2     = CH3OOH  + O2           3.565E+11
  77) NO      + O3      = NO2     + O2           4.245E+11
  81) NO2     + O       = NO      + O2           9.064E+10
 106) SO2     + O1D     = SO      + O2           9.206E+03
 115) SO3     + O       = SO2     + O2           1.991E-01
 125) HS      + HO2     = H2S     + O2           5.421E+07
 133) S       + HO2     = HS      + O2           1.015E+02
 153) SO      + O3      = SO2     + O2           1.172E+09
 155) HS      + O3      = HSO     + O2           5.850E+09
 158) S       + O3      = SO      + O2           1.022E+06
 170) HSO     + O3      = HS      + O2      O2   5.714E+09
 189) O       + NO3     = O2      + NO2          1.353E+08
 190) HO2     + NO3     = OH      + NO2     O2   1.431E+07
 197) O1D     + N2O     = N2      + O2           9.525E+07
 200) O       + N2O5    = NO2     + NO2     O2   1.975E+03
 204) NO2     + NO3     = NO      + NO2     O2   6.796E+02
 205) NO2     + O3      = NO3     + O2           1.340E+08
 206) NO3     + NO3     = NO2     + NO2     O2   5.488E-02
 208) O       + HO2NO2  = OH      + NO2     O2   3.224E+04
 209) OH      + HO2NO2  = H2O     + NO2     O2   3.397E+09
 212) HO2     + NO2     = HNO2    + O2           3.838E+06
 215) CS      + O3      = OCS     + O2           6.551E+06
 248) CH3S    + O3      = CH3SO   + O2           2.454E+09
 250) CH3SO   + O3      = CH3SO2  + O2           2.435E+09
 252) CH3SO2  + O3      = CH3SO3  + O2           7.693E+06
 264) O3      + HV      = O2      + O1D          5.045E+14
 265) O3      + HV      = O2      + O            3.875E+14
 301) NO3     + HV      = NO      + O2           1.257E+09

O2                     LOSS RXS                INT RX RATE    TL =  8.97E+14
   6) H       + O2      = HO2     +              1.684E+12
  18) O       + O2      = O3      +              8.933E+14
  24) O1D     + O2      = O       + O2           1.607E+11
  25) O2      + HV      = O       + O            1.097E-77
  40) HCO     + O2      = HO2     + CO           1.363E+11
  41) CH2OH   + O2      = H2CO    + HO2          2.151E+08
  42) CH3O    + O2      = H2CO    + HO2          9.634E+10
  54) CH21    + O2      = HCO     + OH           4.257E+05
  58) CH23    + O2      = HCO     + OH           5.320E+08
  59) CH3     + O2      = H2CO    + OH           8.376E+03
  66) CH3     + O2      = CH3O2   +              1.922E+11
  73) N       + O2      = NO      + O            2.525E+06
 104) C2H5    + O2      = CH3     + HCO     OH   9.000E+08
 107) SO      + O2      = O       + SO2          3.406E+09
 116) HSO3    + O2      = HO2     + SO3          3.042E+09
 130) S       + O2      = SO      + O            8.611E+08
 147) SO21    + O2      = SO3     + O            3.128E+02
 213) CS      + O2      = OCS     + O            6.597E+04
 214) CS      + O2      = CO      + SO           8.246E+03
 224) CS2X    + O2      = CS      + SO2          1.741E+03
 245) C2H5S   + O2      = C2H5SO2 +              2.463E+09
 256) C2H7SO  + O2      = C2H6SO  + HO2          8.372E+08
 259) O2      + HV      = O       + O1D          2.432E+11
 260) O2      + HV      = O       + O            8.796E+11

H2O                 PRODUCTION RXS              INT RX RATE    TP =  1.46E+11
   4) H2      + OH      = H2O     + H            1.223E+11
   8) H       + HO2     = H2O     + O            4.051E+08
  11) OH      + HO2     = H2O     + O2           2.620E+11
  13) OH      + H2O2    = HO2     + H2O          7.079E+10
  22) OH      + OH      = H2O     + O            1.760E+09
  31) OH      + HCO     = H2O     + CO           4.210E+04
  43) H2CO    + OH      = H2O     + HCO          8.445E+10
  44) H       + OH      = H2O     +              1.981E+07
  48) CH4     + OH      = CH3     + H2O          1.850E+11
  69) CH3OOH  + OH      = CH3O2   + H2O          2.218E+11
  70) CH3OOH  + OH      = H2O     + H2CO    OH   9.505E+10
  84) HNO3    + OH      = H2O     + NO3          1.604E+09
  89) OH      + HNO     = H2O     + NO           8.012E+06
  90) HNO2    + OH      = H2O     + NO2          3.086E+08
  96) C2H6    + OH      = C2H5    + H2O          8.997E+08
 114) H2SO4   + H2O     = SO3     + H2O     H2O  2.473E+10
 120) H2S     + OH      = H2O     + HS           2.262E+08
 165) HSO     + OH      = H2O     + SO           8.669E+07
 209) OH      + HO2NO2  = H2O     + NO2     O2   3.397E+09
 242) C2H6S   + OH      = C2H5S   + H2O          2.462E+09
 258) CH4SO2  + OH      = CH3SO2  + H2O          8.359E+08
 291) H2SO4   + HV      = SO3     + H2O          7.637E+06

H2O                    LOSS RXS                INT RX RATE    TL =  1.20E+11
   1) H2O     + O1D     = OH      + OH           2.578E+11
 113) SO3     + H2O     = H2SO4   +              2.780E+10
 114) H2SO4   + H2O     = SO3     + H2O     H2O  2.473E+10
 203) N2O5    + H2O     = HNO3    + HNO3         7.126E+03
 261) H2O     + HV      = H       + OH           3.534E+11
 262) H2O     + HV      = H2      + O1D          2.177E+09
 263) H2O     + HV      = H       + H       O    3.265E+09

H                   PRODUCTION RXS              INT RX RATE    TP =  1.84E+12
   2) H2      + O1D     = OH      + H            1.055E+09
   3) H2      + O       = OH      + H            2.729E+07
   4) H2      + OH      = H2O     + H            1.223E+11
  10) OH      + O       = H       + O2           9.516E+11
  32) O       + HCO     = H       + CO2          1.061E+06
  34) CO      + OH      = CO2     + H            3.525E+11
  50) CH4     + O1D     = CH3O    + H            2.151E+08
  51) CH4     + O1D     = CH2OH   + H            2.151E+08
  60) CH3     + O       = H2CO    + H            2.711E+07
  75) N       + OH      = NO      + H            1.754E+07
  86) HNO     + HV      = NO      + H            1.065E+08
  92) CH21    + H2      = CH3     + H            1.964E+04
  94) CH23    + O       = HCO     + H            3.597E+05
 100) C2H5    + O       = CH3     + HCO     H    4.872E+01
 110) SO      + OH      = SO2     + H            6.204E+07
 123) HS      + O       = H       + SO           1.452E+06
 129) HS      + S       = H       + S2           1.681E-02
 131) S       + OH      = SO      + H            6.380E+01
 173) HS      + CO      = OCS     + H            8.876E-04
 226) CS      + HS      = CS2     + H            8.315E-01
 229) S       + HCS     = H       + CS2          4.610E-11
 230) HS      + CO      = OCS     + H            8.983E-04
 234) CH23    + S       = HCS     + H            3.987E-13
 261) H2O     + HV      = H       + OH           3.534E+11
 263) H2O     + HV      = H       + H       O    3.265E+09
 271) H2CO    + HV      = HCO     + H            4.998E+10
 274) CH4     + HV      = CH3     + H            4.984E+08
 275) CH4     + HV      = CH23    + H       H    8.618E+07
 276) CH3     + HV      = CH21    + H            8.351E+04
 287) H2S     + HV      = HS      + H            2.815E+07

H                      LOSS RXS                INT RX RATE    TL =  1.84E+12
   5) H       + O3      = OH      + O2           1.342E+11
   6) H       + O2      = HO2     +              1.684E+12
   7) H       + HO2     = H2      + O2           1.747E+09
   8) H       + HO2     = H2O     + O            4.051E+08
   9) H       + HO2     = OH      + OH           1.823E+10
  28) H       + CO      = HCO     +              5.352E+06
  29) H       + HCO     = H2      + CO           7.795E+04
  36) CO2     + H       = CO      + OH           2.286E-07
  38) H2CO    + H       = H2      + HCO          5.336E+04
  39) H       + H       = H2      +              2.843E+06
  44) H       + OH      = H2O     +              1.981E+07
  62) CH3     + H       = CH4     +              7.900E+04
  71) H       + NO      = HNO     +              6.753E+04
  83) NO2     + H       = NO      + OH           5.048E+06
  87) H       + HNO     = H2      + NO           4.178E+01
  99) C2H5    + H       = CH3     + CH3          1.060E-03
 121) H2S     + H       = H2      + HS           1.700E+03
 128) HS      + H       = H2      + S            5.902E+01
 163) H       + SO      = HSO     +              1.498E+01
 166) HSO     + H       = HS      + OH           2.737E+03
 167) HSO     + H       = H2      + SO           1.369E+03
 172) H       + OCS     = CO      + HS           4.612E+03
 194) H       + N2O     = N2      + OH           9.260E-02
 227) H       + CS      = HCS     +              8.360E-06
 228) H       + HCS     = H2      + CS           1.809E-07
 239) OCS     + H       = CO      + HS           4.597E+03

OH                  PRODUCTION RXS              INT RX RATE    TP =  2.62E+12
   1) H2O     + O1D     = OH      + OH           2.578E+11
   2) H2      + O1D     = OH      + H            1.055E+09
   3) H2      + O       = OH      + H            2.729E+07
   5) H       + O3      = OH      + O2           1.342E+11
   9) H       + HO2     = OH      + OH           1.823E+10
  14) HO2     + O       = OH      + O2           1.123E+12
  15) HO2     + O3      = OH      + O2      O2   1.089E+11
  33) O       + HCO     = OH      + CO           1.061E+06
  36) CO2     + H       = CO      + OH           2.286E-07
  46) H2CO    + O       = HCO     + OH           4.135E+08
  47) H2O2    + O       = OH      + HO2          9.777E+06
  49) CH4     + O1D     = CH3     + OH           1.598E+09
  54) CH21    + O2      = HCO     + OH           4.257E+05
  58) CH23    + O2      = HCO     + OH           5.320E+08
  59) CH3     + O2      = H2CO    + OH           8.376E+03
  70) CH3OOH  + OH      = H2O     + H2CO    OH   9.505E+10
  79) NO      + HO2     = NO2     + OH           1.044E+11
  83) NO2     + H       = NO      + OH           5.048E+06
  88) O       + HNO     = OH      + NO           1.236E+06
  91) CH4     + O       = CH3     + OH           6.083E+07
  97) C2H6    + O       = C2H5    + OH           1.935E+05
  98) C2H6    + O1D     = C2H5    + OH           9.603E+04
 104) C2H5    + O2      = CH3     + HCO     OH   9.000E+08
 108) SO      + HO2     = SO2     + OH           2.211E+08
 122) H2S     + O       = OH      + HS           8.883E+04
 134) S       + HO2     = SO      + OH           1.015E+02
 154) SO2     + HO2     = SO3     + OH           2.073E+05
 156) HS      + HO2     = HSO     + OH           5.421E+07
 166) HSO     + H       = HS      + OH           2.737E+03
 169) HSO     + O       = OH      + SO           5.941E+06
 190) HO2     + NO3     = OH      + NO2     O2   1.431E+07
 194) H       + N2O     = N2      + OH           9.260E-02
 199) N       + HO2     = NO      + OH           6.160E+06
 208) O       + HO2NO2  = OH      + NO2     O2   3.224E+04
 211) O       + HNO3    = OH      + NO3          4.177E+05
 222) CS2OH   + HV      = CS2     + OH           5.031E+06
 261) H2O     + HV      = H       + OH           3.534E+11
 267) H2O2    + HV      = OH      + OH           3.994E+10
 272) HO2     + HV      = OH      + O            1.292E+10
 279) HNO2    + HV      = NO      + OH           1.026E+10
 280) HNO3    + HV      = NO2     + OH           3.533E+09
 305) HO2NO2  + HV      = OH      + NO3          3.602E+08
 308) CH3OOH  + HV      = CH3O    + OH           3.862E+10

OH                     LOSS RXS                INT RX RATE    TL =  2.62E+12
   4) H2      + OH      = H2O     + H            1.223E+11
  10) OH      + O       = H       + O2           9.516E+11
  11) OH      + HO2     = H2O     + O2           2.620E+11
  12) OH      + O3      = HO2     + O2           2.408E+11
  13) OH      + H2O2    = HO2     + H2O          7.079E+10
  22) OH      + OH      = H2O     + O            1.760E+09
  31) OH      + HCO     = H2O     + CO           4.210E+04
  34) CO      + OH      = CO2     + H            3.525E+11
  43) H2CO    + OH      = H2O     + HCO          8.445E+10
  44) H       + OH      = H2O     +              1.981E+07
  45) OH      + OH      = H2O2    +              7.543E+08
  48) CH4     + OH      = CH3     + H2O          1.850E+11
  69) CH3OOH  + OH      = CH3O2   + H2O          2.218E+11
  70) CH3OOH  + OH      = H2O     + H2CO    OH   9.505E+10
  75) N       + OH      = NO      + H            1.754E+07
  80) NO      + OH      = HNO2    +              9.838E+09
  82) NO2     + OH      = HNO3    +              6.077E+09
  84) HNO3    + OH      = H2O     + NO3          1.604E+09
  89) OH      + HNO     = H2O     + NO           8.012E+06
  90) HNO2    + OH      = H2O     + NO2          3.086E+08
  96) C2H6    + OH      = C2H5    + H2O          8.997E+08
 101) C2H5    + OH      = CH3     + HCO     H2   7.300E+00
 110) SO      + OH      = SO2     + H            6.204E+07
 111) SO2     + OH      = HSO3    +              3.042E+09
 120) H2S     + OH      = H2O     + HS           2.262E+08
 131) S       + OH      = SO      + H            6.380E+01
 165) HSO     + OH      = H2O     + SO           8.669E+07
 177) OCS     + OH      = CO2     + HS           1.900E+07
 193) OH      + NO3     = HO2     + NO2          2.197E+07
 209) OH      + HO2NO2  = H2O     + NO2     O2   3.397E+09
 220) CS2     + OH      = OCS     + HS           1.258E+04
 221) CS2     + OH      = CS2OH   +              5.031E+06
 242) C2H6S   + OH      = C2H5S   + H2O          2.462E+09
 243) C2H6S   + OH      = C2H7SO  +              8.372E+08
 257) C2H6SO  + OH      = CH4SO2  + CH3          8.359E+08
 258) CH4SO2  + OH      = CH3SO2  + H2O          8.359E+08

HO2                 PRODUCTION RXS              INT RX RATE    TP =  2.24E+12
   6) H       + O2      = HO2     +              1.684E+12
  12) OH      + O3      = HO2     + O2           2.408E+11
  13) OH      + H2O2    = HO2     + H2O          7.079E+10
  40) HCO     + O2      = HO2     + CO           1.363E+11
  41) CH2OH   + O2      = H2CO    + HO2          2.151E+08
  42) CH3O    + O2      = H2CO    + HO2          9.634E+10
  47) H2O2    + O       = OH      + HO2          9.777E+06
 116) HSO3    + O2      = HO2     + SO3          3.042E+09
 193) OH      + NO3     = HO2     + NO2          2.197E+07
 210) HO2NO2  + M       = HO2     + NO2          4.633E+09
 256) C2H7SO  + O2      = C2H6SO  + HO2          8.372E+08
 304) HO2NO2  + HV      = HO2     + NO2          1.323E+09

HO2                    LOSS RXS                INT RX RATE    TL =  2.24E+12
   7) H       + HO2     = H2      + O2           1.747E+09
   8) H       + HO2     = H2O     + O            4.051E+08
   9) H       + HO2     = OH      + OH           1.823E+10
  11) OH      + HO2     = H2O     + O2           2.620E+11
  14) HO2     + O       = OH      + O2           1.123E+12
  15) HO2     + O3      = OH      + O2      O2   1.089E+11
  16) HO2     + HO2     = H2O2    + O2           1.198E+11
  68) CH3O2   + HO2     = CH3OOH  + O2           3.565E+11
  79) NO      + HO2     = NO2     + OH           1.044E+11
 108) SO      + HO2     = SO2     + OH           2.211E+08
 125) HS      + HO2     = H2S     + O2           5.421E+07
 133) S       + HO2     = HS      + O2           1.015E+02
 134) S       + HO2     = SO      + OH           1.015E+02
 154) SO2     + HO2     = SO3     + OH           2.073E+05
 156) HS      + HO2     = HSO     + OH           5.421E+07
 190) HO2     + NO3     = OH      + NO2     O2   1.431E+07
 199) N       + HO2     = NO      + OH           6.160E+06
 207) HO2     + NO2     = HO2NO2  +              9.724E+09
 212) HO2     + NO2     = HNO2    + O2           3.838E+06
 272) HO2     + HV      = OH      + O            1.292E+10

H2O2                PRODUCTION RXS              INT RX RATE    TP =  1.21E+11
  16) HO2     + HO2     = H2O2    + O2           1.198E+11
  45) OH      + OH      = H2O2    +              7.543E+08

H2O2                   LOSS RXS                INT RX RATE    TL =  1.19E+11
  13) OH      + H2O2    = HO2     + H2O          7.079E+10
  47) H2O2    + O       = OH      + HO2          9.777E+06
 267) H2O2    + HV      = OH      + OH           3.994E+10

H2                  PRODUCTION RXS              INT RX RATE    TP =  6.21E+10
   7) H       + HO2     = H2      + O2           1.747E+09
  29) H       + HCO     = H2      + CO           7.795E+04
  38) H2CO    + H       = H2      + HCO          5.336E+04
  39) H       + H       = H2      +              2.843E+06
  52) CH4     + O1D     = H2CO    + H2           1.075E+08
  87) H       + HNO     = H2      + NO           4.178E+01
 101) C2H5    + OH      = CH3     + HCO     H2   7.300E+00
 121) H2S     + H       = H2      + HS           1.700E+03
 128) HS      + H       = H2      + S            5.902E+01
 167) HSO     + H       = H2      + SO           1.369E+03
 228) H       + HCS     = H2      + CS           1.809E-07
 262) H2O     + HV      = H2      + O1D          2.177E+09
 270) H2CO    + HV      = H2      + CO           5.735E+10
 273) CH4     + HV      = CH21    + H2           4.584E+08
 277) C2H6    + HV      = CH23    + CH23    H2   7.245E+00

H2                     LOSS RXS                INT RX RATE    TL =  1.23E+11
   2) H2      + O1D     = OH      + H            1.055E+09
   3) H2      + O       = OH      + H            2.729E+07
   4) H2      + OH      = H2O     + H            1.223E+11
  92) CH21    + H2      = CH3     + H            1.964E+04

CO                  PRODUCTION RXS              INT RX RATE    TP =  3.65E+11
  29) H       + HCO     = H2      + CO           7.795E+04
  30) HCO     + HCO     = H2CO    + CO           1.960E-02
  31) OH      + HCO     = H2O     + CO           4.210E+04
  33) O       + HCO     = OH      + CO           1.061E+06
  36) CO2     + H       = CO      + OH           2.286E-07
  40) HCO     + O2      = HO2     + CO           1.363E+11
  63) CH3     + HCO     = CH4     + CO           7.255E-01
  85) HCO     + NO      = HNO     + CO           9.180E+03
  93) CH21    + CO2     = H2CO    + CO           1.891E+04
  95) CH23    + CO2     = H2CO    + CO           1.185E+07
 102) C2H5    + HCO     = C2H6    + CO           2.318E-05
 127) HS      + HCO     = H2S     + CO           2.724E+00
 132) S       + HCO     = HS      + CO           7.854E-06
 162) SO      + HCO     = HSO     + CO           1.984E+00
 172) H       + OCS     = CO      + HS           4.612E+03
 174) O       + OCS     = CO      + SO           2.965E+07
 176) OCS     + S       = CO      + S2           5.163E+01
 180) CO      + O1D     = CO      + O            6.932E+07
 214) CS      + O2      = CO      + SO           8.246E+03
 217) CS      + O3      = CO      + SO2          6.551E+06
 237) CS2     + O       = CO      + S2           4.189E+04
 239) OCS     + H       = CO      + HS           4.597E+03
 241) CS      + O       = CO      + S            1.764E+02
 268) CO2     + HV      = CO      + O            8.748E+10
 269) CO2     + HV      = CO      + O1D          8.303E+10
 270) H2CO    + HV      = H2      + CO           5.735E+10
 300) OCS     + HV      = CO      + S            8.412E+08

CO                     LOSS RXS                INT RX RATE    TL =  3.53E+11
  28) H       + CO      = HCO     +              5.352E+06
  34) CO      + OH      = CO2     + H            3.525E+11
  35) CO      + O       = CO2     +              3.372E+07
 173) HS      + CO      = OCS     + H            8.876E-04
 179) S       + CO      = OCS     +              2.008E+00
 180) CO      + O1D     = CO      + O            6.932E+07
 188) OCS2    + CO      = OCS     + OCS          4.380E+01
 230) HS      + CO      = OCS     + H            8.983E-04

HCO                 PRODUCTION RXS              INT RX RATE    TP =  1.36E+11
  28) H       + CO      = HCO     +              5.352E+06
  38) H2CO    + H       = H2      + HCO          5.336E+04
  43) H2CO    + OH      = H2O     + HCO          8.445E+10
  46) H2CO    + O       = HCO     + OH           4.135E+08
  54) CH21    + O2      = HCO     + OH           4.257E+05
  58) CH23    + O2      = HCO     + OH           5.320E+08
  65) CH3     + H2CO    = CH4     + HCO          5.608E-02
  94) CH23    + O       = HCO     + H            3.597E+05
 100) C2H5    + O       = CH3     + HCO     H    4.872E+01
 101) C2H5    + OH      = CH3     + HCO     H2   7.300E+00
 104) C2H5    + O2      = CH3     + HCO     OH   9.000E+08
 271) H2CO    + HV      = HCO     + H            4.998E+10

HCO                    LOSS RXS                INT RX RATE    TL =  1.36E+11
  29) H       + HCO     = H2      + CO           7.795E+04
  30) HCO     + HCO     = H2CO    + CO           1.960E-02
  31) OH      + HCO     = H2O     + CO           4.210E+04
  32) O       + HCO     = H       + CO2          1.061E+06
  33) O       + HCO     = OH      + CO           1.061E+06
  40) HCO     + O2      = HO2     + CO           1.363E+11
  63) CH3     + HCO     = CH4     + CO           7.255E-01
  85) HCO     + NO      = HNO     + CO           9.180E+03
 102) C2H5    + HCO     = C2H6    + CO           2.318E-05
 127) HS      + HCO     = H2S     + CO           2.724E+00
 132) S       + HCO     = HS      + CO           7.854E-06
 162) SO      + HCO     = HSO     + CO           1.984E+00

H2CO                PRODUCTION RXS              INT RX RATE    TP =  1.94E+11
  30) HCO     + HCO     = H2CO    + CO           1.960E-02
  41) CH2OH   + O2      = H2CO    + HO2          2.151E+08
  42) CH3O    + O2      = H2CO    + HO2          9.634E+10
  52) CH4     + O1D     = H2CO    + H2           1.075E+08
  59) CH3     + O2      = H2CO    + OH           8.376E+03
  60) CH3     + O       = H2CO    + H            2.711E+07
  70) CH3OOH  + OH      = H2O     + H2CO    OH   9.505E+10
  93) CH21    + CO2     = H2CO    + CO           1.891E+04
  95) CH23    + CO2     = H2CO    + CO           1.185E+07
 247) C2H5SO  + HV      = H2CO    + CH3S         2.463E+09

H2CO                   LOSS RXS                INT RX RATE    TL =  1.94E+11
  38) H2CO    + H       = H2      + HCO          5.336E+04
  43) H2CO    + OH      = H2O     + HCO          8.445E+10
  46) H2CO    + O       = HCO     + OH           4.135E+08
  65) CH3     + H2CO    = CH4     + HCO          5.608E-02
 270) H2CO    + HV      = H2      + CO           5.735E+10
 271) H2CO    + HV      = HCO     + H            4.998E+10

CH3O                PRODUCTION RXS              INT RX RATE    TP =  9.63E+10
  50) CH4     + O1D     = CH3O    + H            2.151E+08
  67) CH3O2   + NO      = CH3O    + NO2          5.751E+10
 308) CH3OOH  + HV      = CH3O    + OH           3.862E+10

CH3O                   LOSS RXS                INT RX RATE    TL =  9.63E+10
  42) CH3O    + O2      = H2CO    + HO2          9.634E+10

CH2OH               PRODUCTION RXS              INT RX RATE    TP =  2.15E+08
  51) CH4     + O1D     = CH2OH   + H            2.151E+08

CH2OH                  LOSS RXS                INT RX RATE    TL =  2.15E+08
  41) CH2OH   + O2      = H2CO    + HO2          2.151E+08

CH3O2               PRODUCTION RXS              INT RX RATE    TP =  4.14E+11
  66) CH3     + O2      = CH3O2   +              1.922E+11
  69) CH3OOH  + OH      = CH3O2   + H2O          2.218E+11

CH3O2                  LOSS RXS                INT RX RATE    TL =  4.14E+11
  67) CH3O2   + NO      = CH3O    + NO2          5.751E+10
  68) CH3O2   + HO2     = CH3OOH  + O2           3.565E+11

CH3OOH              PRODUCTION RXS              INT RX RATE    TP =  3.56E+11
  68) CH3O2   + HO2     = CH3OOH  + O2           3.565E+11

CH3OOH                 LOSS RXS                INT RX RATE    TL =  3.56E+11
  69) CH3OOH  + OH      = CH3O2   + H2O          2.218E+11
  70) CH3OOH  + OH      = H2O     + H2CO    OH   9.505E+10
 308) CH3OOH  + HV      = CH3O    + OH           3.862E+10

CH4                 PRODUCTION RXS              INT RX RATE    TP =  7.90E+04
  62) CH3     + H       = CH4     +              7.900E+04
  63) CH3     + HCO     = CH4     + CO           7.255E-01
  64) CH3     + HNO     = CH4     + NO           3.431E-01
  65) CH3     + H2CO    = CH4     + HCO          5.608E-02
 233) CH3     + HCS     = CH4     + CS           2.787E-08
 278) C2H6    + HV      = CH4     + CH21         1.811E+00

CH4                    LOSS RXS                INT RX RATE    TL =  1.88E+11
  48) CH4     + OH      = CH3     + H2O          1.850E+11
  49) CH4     + O1D     = CH3     + OH           1.598E+09
  50) CH4     + O1D     = CH3O    + H            2.151E+08
  51) CH4     + O1D     = CH2OH   + H            2.151E+08
  52) CH4     + O1D     = H2CO    + H2           1.075E+08
  53) CH21    + CH4     = CH3     + CH3          2.751E-11
  91) CH4     + O       = CH3     + OH           6.083E+07
 273) CH4     + HV      = CH21    + H2           4.584E+08
 274) CH4     + HV      = CH3     + H            4.984E+08
 275) CH4     + HV      = CH23    + H       H    8.618E+07

CH3                 PRODUCTION RXS              INT RX RATE    TP =  1.92E+11
  48) CH4     + OH      = CH3     + H2O          1.850E+11
  49) CH4     + O1D     = CH3     + OH           1.598E+09
  53) CH21    + CH4     = CH3     + CH3          2.751E-11
  91) CH4     + O       = CH3     + OH           6.083E+07
  92) CH21    + H2      = CH3     + H            1.964E+04
  99) C2H5    + H       = CH3     + CH3          1.060E-03
 100) C2H5    + O       = CH3     + HCO     H    4.872E+01
 101) C2H5    + OH      = CH3     + HCO     H2   7.300E+00
 104) C2H5    + O2      = CH3     + HCO     OH   9.000E+08
 254) CH3SO2  + HV      = CH3     + SO2          3.291E+09
 255) CH3SO3  + HV      = CH3     + SO3          7.708E+06
 257) C2H6SO  + OH      = CH4SO2  + CH3          8.359E+08
 274) CH4     + HV      = CH3     + H            4.984E+08

CH3                    LOSS RXS                INT RX RATE    TL =  1.92E+11
  59) CH3     + O2      = H2CO    + OH           8.376E+03
  60) CH3     + O       = H2CO    + H            2.711E+07
  61) CH3     + CH3     = C2H6    +              2.315E+01
  62) CH3     + H       = CH4     +              7.900E+04
  63) CH3     + HCO     = CH4     + CO           7.255E-01
  64) CH3     + HNO     = CH4     + NO           3.431E-01
  65) CH3     + H2CO    = CH4     + HCO          5.608E-02
  66) CH3     + O2      = CH3O2   +              1.922E+11
 233) CH3     + HCS     = CH4     + CS           2.787E-08
 276) CH3     + HV      = CH21    + H            8.351E+04

C2H6                PRODUCTION RXS              INT RX RATE    TP =  2.31E+01
  61) CH3     + CH3     = C2H6    +              2.315E+01
 102) C2H5    + HCO     = C2H6    + CO           2.318E-05
 103) C2H5    + HNO     = C2H6    + NO           1.185E-04

C2H6                   LOSS RXS                INT RX RATE    TL =  9.00E+08
  96) C2H6    + OH      = C2H5    + H2O          8.997E+08
  97) C2H6    + O       = C2H5    + OH           1.935E+05
  98) C2H6    + O1D     = C2H5    + OH           9.603E+04
 277) C2H6    + HV      = CH23    + CH23    H2   7.245E+00
 278) C2H6    + HV      = CH4     + CH21         1.811E+00

NO                  PRODUCTION RXS              INT RX RATE    TP =  6.14E+11
  64) CH3     + HNO     = CH4     + NO           3.431E-01
  73) N       + O2      = NO      + O            2.525E+06
  75) N       + OH      = NO      + H            1.754E+07
  81) NO2     + O       = NO      + O2           9.064E+10
  83) NO2     + H       = NO      + OH           5.048E+06
  86) HNO     + HV      = NO      + H            1.065E+08
  87) H       + HNO     = H2      + NO           4.178E+01
  88) O       + HNO     = OH      + NO           1.236E+06
  89) OH      + HNO     = H2O     + NO           8.012E+06
 103) C2H5    + HNO     = C2H6    + NO           1.185E-04
 152) SO      + NO2     = SO2     + NO           5.568E+07
 157) HS      + NO2     = HSO     + NO           3.062E+07
 198) O1D     + N2O     = NO      + NO           1.490E+08
 199) N       + HO2     = NO      + OH           6.160E+06
 204) NO2     + NO3     = NO      + NO2     O2   6.796E+02
 249) CH3S    + NO2     = CH3SO   + NO           8.385E+06
 251) CH3SO   + NO2     = CH3SO2  + NO           2.760E+07
 253) CH3SO2  + NO2     = CH3SO3  + NO           1.496E+04
 279) HNO2    + HV      = NO      + OH           1.026E+10
 284) NO2     + HV      = NO      + O1D          1.857E+08
 285) NO2     + HV      = NO      + O            5.110E+11
 301) NO3     + HV      = NO      + O2           1.257E+09
 307) N2O5    + HV      = NO3     + NO      O    2.994E+06

NO                     LOSS RXS                INT RX RATE    TL =  6.14E+11
  67) CH3O2   + NO      = CH3O    + NO2          5.751E+10
  71) H       + NO      = HNO     +              6.753E+04
  76) N       + NO      = N2      + O            7.132E+07
  77) NO      + O3      = NO2     + O2           4.245E+11
  78) NO      + O       = NO2     +              1.444E+10
  79) NO      + HO2     = NO2     + OH           1.044E+11
  80) NO      + OH      = HNO2    +              9.838E+09
  85) HCO     + NO      = HNO     + CO           9.180E+03
 164) HSO     + NO      = HNO     + SO           1.160E+08
 191) NO      + NO3     = NO2     + NO2          6.013E+08
 246) C2H5SO2 + NO      = C2H5SO  + NO2          2.463E+09
 283) NO      + HV      = N       + O            1.044E+08

NO2                 PRODUCTION RXS              INT RX RATE    TP =  6.27E+11
  67) CH3O2   + NO      = CH3O    + NO2          5.751E+10
  77) NO      + O3      = NO2     + O2           4.245E+11
  78) NO      + O       = NO2     +              1.444E+10
  79) NO      + HO2     = NO2     + OH           1.044E+11
  90) HNO2    + OH      = H2O     + NO2          3.086E+08
 189) O       + NO3     = O2      + NO2          1.353E+08
 190) HO2     + NO3     = OH      + NO2     O2   1.431E+07
 191) NO      + NO3     = NO2     + NO2          6.013E+08
 193) OH      + NO3     = HO2     + NO2          2.197E+07
 200) O       + N2O5    = NO2     + NO2     O2   1.975E+03
 202) N2O5    + M       = NO3     + NO2          1.551E+05
 204) NO2     + NO3     = NO      + NO2     O2   6.796E+02
 206) NO3     + NO3     = NO2     + NO2     O2   5.488E-02
 208) O       + HO2NO2  = OH      + NO2     O2   3.224E+04
 209) OH      + HO2NO2  = H2O     + NO2     O2   3.397E+09
 210) HO2NO2  + M       = HO2     + NO2          4.633E+09
 246) C2H5SO2 + NO      = C2H5SO  + NO2          2.463E+09
 280) HNO3    + HV      = NO2     + OH           3.533E+09
 302) NO3     + HV      = NO2     + O            9.223E+09
 304) HO2NO2  + HV      = HO2     + NO2          1.323E+09
 306) N2O5    + HV      = NO3     + NO2          3.999E+06

NO2                    LOSS RXS                INT RX RATE    TL =  6.27E+11
  81) NO2     + O       = NO      + O2           9.064E+10
  82) NO2     + OH      = HNO3    +              6.077E+09
  83) NO2     + H       = NO      + OH           5.048E+06
 152) SO      + NO2     = SO2     + NO           5.568E+07
 157) HS      + NO2     = HSO     + NO           3.062E+07
 192) O       + NO2     = NO3     +              9.154E+09
 195) N       + NO2     = N2O     + O            6.868E+06
 201) NO2     + NO3     = N2O5    +              7.158E+06
 204) NO2     + NO3     = NO      + NO2     O2   6.796E+02
 205) NO2     + O3      = NO3     + O2           1.340E+08
 207) HO2     + NO2     = HO2NO2  +              9.724E+09
 212) HO2     + NO2     = HNO2    + O2           3.838E+06
 249) CH3S    + NO2     = CH3SO   + NO           8.385E+06
 251) CH3SO   + NO2     = CH3SO2  + NO           2.760E+07
 253) CH3SO2  + NO2     = CH3SO3  + NO           1.496E+04
 284) NO2     + HV      = NO      + O1D          1.857E+08
 285) NO2     + HV      = NO      + O            5.110E+11

HNO                 PRODUCTION RXS              INT RX RATE    TP =  1.16E+08
  71) H       + NO      = HNO     +              6.753E+04
  85) HCO     + NO      = HNO     + CO           9.180E+03
 164) HSO     + NO      = HNO     + SO           1.160E+08

HNO                    LOSS RXS                INT RX RATE    TL =  1.16E+08
  64) CH3     + HNO     = CH4     + NO           3.431E-01
  86) HNO     + HV      = NO      + H            1.065E+08
  87) H       + HNO     = H2      + NO           4.178E+01
  88) O       + HNO     = OH      + NO           1.236E+06
  89) OH      + HNO     = H2O     + NO           8.012E+06
 103) C2H5    + HNO     = C2H6    + NO           1.185E-04

H2S                 PRODUCTION RXS              INT RX RATE    TP =  5.44E+07
 125) HS      + HO2     = H2S     + O2           5.421E+07
 126) HS      + HS      = H2S     + S            5.469E+04
 127) HS      + HCO     = H2S     + CO           2.724E+00
 168) HSO     + HS      = H2S     + SO           1.286E+05
 235) HS      + HCS     = H2S     + CS           8.152E-06

H2S                    LOSS RXS                INT RX RATE    TL =  2.54E+08
 120) H2S     + OH      = H2O     + HS           2.262E+08
 121) H2S     + H       = H2      + HS           1.700E+03
 122) H2S     + O       = OH      + HS           8.883E+04
 287) H2S     + HV      = HS      + H            2.815E+07

HS                  PRODUCTION RXS              INT RX RATE    TP =  5.99E+09
 120) H2S     + OH      = H2O     + HS           2.262E+08
 121) H2S     + H       = H2      + HS           1.700E+03
 122) H2S     + O       = OH      + HS           8.883E+04
 132) S       + HCO     = HS      + CO           7.854E-06
 133) S       + HO2     = HS      + O2           1.015E+02
 166) HSO     + H       = HS      + OH           2.737E+03
 170) HSO     + O3      = HS      + O2      O2   5.714E+09
 171) HSO     + S       = HS      + SO           7.826E-01
 172) H       + OCS     = CO      + HS           4.612E+03
 177) OCS     + OH      = CO2     + HS           1.900E+07
 220) CS2     + OH      = OCS     + HS           1.258E+04
 231) CH21    + S2      = HCS     + HS           7.811E-15
 232) CH23    + S2      = HCS     + HS           4.590E-12
 236) S       + HCS     = HS      + CS           2.305E-11
 239) OCS     + H       = CO      + HS           4.597E+03
 287) H2S     + HV      = HS      + H            2.815E+07
 299) HSO     + HV      = HS      + O            2.945E+06

HS                     LOSS RXS                INT RX RATE    TL =  5.99E+09
 123) HS      + O       = H       + SO           1.452E+06
 125) HS      + HO2     = H2S     + O2           5.421E+07
 126) HS      + HS      = H2S     + S            5.469E+04
 127) HS      + HCO     = H2S     + CO           2.724E+00
 128) HS      + H       = H2      + S            5.902E+01
 129) HS      + S       = H       + S2           1.681E-02
 155) HS      + O3      = HSO     + O2           5.850E+09
 156) HS      + HO2     = HSO     + OH           5.421E+07
 157) HS      + NO2     = HSO     + NO           3.062E+07
 168) HSO     + HS      = H2S     + SO           1.286E+05
 173) HS      + CO      = OCS     + H            8.876E-04
 226) CS      + HS      = CS2     + H            8.315E-01
 230) HS      + CO      = OCS     + H            8.983E-04
 235) HS      + HCS     = H2S     + CS           8.152E-06

S                   PRODUCTION RXS              INT RX RATE    TP =  8.62E+08
 126) HS      + HS      = H2S     + S            5.469E+04
 128) HS      + H       = H2      + S            5.902E+01
 136) S2      + O       = S       + SO           1.370E+03
 159) SO      + SO      = SO2     + S            6.427E+00
 175) O       + OCS     = S       + CO2          3.419E+02
 219) CS2     + O       = OCS     + S            2.167E+05
 241) CS      + O       = CO      + S            1.764E+02
 286) SO      + HV      = S       + O            3.181E+06
 292) S2      + HV      = S       + S            4.058E+04
 294) S3      + HV      = S2      + S            2.702E-05
 300) OCS     + HV      = CO      + S            8.412E+08
 309) CS2     + HV      = CS      + S            1.742E+07

S                      LOSS RXS                INT RX RATE    TL =  8.62E+08
 129) HS      + S       = H       + S2           1.681E-02
 130) S       + O2      = SO      + O            8.611E+08
 131) S       + OH      = SO      + H            6.380E+01
 132) S       + HCO     = HS      + CO           7.854E-06
 133) S       + HO2     = HS      + O2           1.015E+02
 134) S       + HO2     = SO      + OH           1.015E+02
 135) S       + S       = S2      +              1.255E-10
 139) S       + S2      = S3      +              2.702E-05
 141) S       + S3      = S4      +              3.287E-18
 158) S       + O3      = SO      + O2           1.022E+06
 171) HSO     + S       = HS      + SO           7.826E-01
 176) OCS     + S       = CO      + S2           5.163E+01
 179) S       + CO      = OCS     +              2.008E+00
 184) OCS     + S       = OCS2    +              4.380E+01
 185) OCS2    + S       = OCS     + S2           9.799E-11
 229) S       + HCS     = H       + CS2          4.610E-11
 234) CH23    + S       = HCS     + H            3.987E-13
 236) S       + HCS     = HS      + CS           2.305E-11
 240) CS2     + S       = CS      + S2           3.541E-04

SO                  PRODUCTION RXS              INT RX RATE    TP =  4.93E+09
 106) SO2     + O1D     = SO      + O2           9.206E+03
 123) HS      + O       = H       + SO           1.452E+06
 130) S       + O2      = SO      + O            8.611E+08
 131) S       + OH      = SO      + H            6.380E+01
 134) S       + HO2     = SO      + OH           1.015E+02
 136) S2      + O       = S       + SO           1.370E+03
 148) SO21    + SO2     = SO3     + SO           4.567E+00
 151) SO23    + SO2     = SO3     + SO           5.507E-01
 158) S       + O3      = SO      + O2           1.022E+06
 164) HSO     + NO      = HNO     + SO           1.160E+08
 165) HSO     + OH      = H2O     + SO           8.669E+07
 167) HSO     + H       = H2      + SO           1.369E+03
 168) HSO     + HS      = H2S     + SO           1.286E+05
 169) HSO     + O       = OH      + SO           5.941E+06
 171) HSO     + S       = HS      + SO           7.826E-01
 174) O       + OCS     = CO      + SO           2.965E+07
 214) CS      + O2      = CO      + SO           8.246E+03
 216) CS      + O3      = SO      + CO2          6.551E+06
 218) CS2     + O       = SO      + CS           2.312E+06
 288) SO2     + HV      = SO      + O            3.818E+09

SO                     LOSS RXS                INT RX RATE    TL =  4.93E+09
 107) SO      + O2      = O       + SO2          3.406E+09
 108) SO      + HO2     = SO2     + OH           2.211E+08
 109) SO      + O       = SO2     +              8.750E+06
 110) SO      + OH      = SO2     + H            6.204E+07
 152) SO      + NO2     = SO2     + NO           5.568E+07
 153) SO      + O3      = SO2     + O2           1.172E+09
 159) SO      + SO      = SO2     + S            6.427E+00
 160) SO3     + SO      = SO2     + SO2          9.431E-03
 162) SO      + HCO     = HSO     + CO           1.984E+00
 163) H       + SO      = HSO     +              1.498E+01
 238) CS2     + SO      = OCS     + S2           3.516E+00
 286) SO      + HV      = S       + O            3.181E+06

SO2                 PRODUCTION RXS              INT RX RATE    TP =  1.70E+11
 105) SO2     + O1D     = SO2     + O            2.870E+03
 107) SO      + O2      = O       + SO2          3.406E+09
 108) SO      + HO2     = SO2     + OH           2.211E+08
 109) SO      + O       = SO2     +              8.750E+06
 110) SO      + OH      = SO2     + H            6.204E+07
 115) SO3     + O       = SO2     + O2           1.991E-01
 144) SO21    + M       = SO2     + M            1.471E+11
 146) SO21    + HV      = SO2     + HV           1.920E+07
 149) SO23    + M       = SO2     + M            1.518E+10
 150) SO23    + HV      = SO2     + HV           6.592E+06
 152) SO      + NO2     = SO2     + NO           5.568E+07
 153) SO      + O3      = SO2     + O2           1.172E+09
 159) SO      + SO      = SO2     + S            6.427E+00
 160) SO3     + SO      = SO2     + SO2          9.431E-03
 217) CS      + O3      = CO      + SO2          6.551E+06
 224) CS2X    + O2      = CS      + SO2          1.741E+03
 254) CH3SO2  + HV      = CH3     + SO2          3.291E+09
 298) SO3     + HV      = SO2     + O            5.674E+02

SO2                    LOSS RXS                INT RX RATE    TL =  1.70E+11
 105) SO2     + O1D     = SO2     + O            2.870E+03
 106) SO2     + O1D     = SO      + O2           9.206E+03
 111) SO2     + OH      = HSO3    +              3.042E+09
 112) SO2     + O       = SO3     +              9.780E+06
 148) SO21    + SO2     = SO3     + SO           4.567E+00
 151) SO23    + SO2     = SO3     + SO           5.507E-01
 154) SO2     + HO2     = SO3     + OH           2.073E+05
 288) SO2     + HV      = SO      + O            3.818E+09
 289) SO2     + HV      = SO21    +              1.618E+11
 290) SO2     + HV      = SO23    +              4.768E+08

H2SO4               PRODUCTION RXS              INT RX RATE    TP =  2.78E+10
 113) SO3     + H2O     = H2SO4   +              2.780E+10

H2SO4                  LOSS RXS                INT RX RATE    TL =  2.85E+10
 114) H2SO4   + H2O     = SO3     + H2O     H2O  2.473E+10
 291) H2SO4   + HV      = SO3     + H2O          7.637E+06

HSO                 PRODUCTION RXS              INT RX RATE    TP =  5.93E+09
 155) HS      + O3      = HSO     + O2           5.850E+09
 156) HS      + HO2     = HSO     + OH           5.421E+07
 157) HS      + NO2     = HSO     + NO           3.062E+07
 162) SO      + HCO     = HSO     + CO           1.984E+00
 163) H       + SO      = HSO     +              1.498E+01

HSO                    LOSS RXS                INT RX RATE    TL =  5.93E+09
 164) HSO     + NO      = HNO     + SO           1.160E+08
 165) HSO     + OH      = H2O     + SO           8.669E+07
 166) HSO     + H       = HS      + OH           2.737E+03
 167) HSO     + H       = H2      + SO           1.369E+03
 168) HSO     + HS      = H2S     + SO           1.286E+05
 169) HSO     + O       = OH      + SO           5.941E+06
 170) HSO     + O3      = HS      + O2      O2   5.714E+09
 171) HSO     + S       = HS      + SO           7.826E-01
 299) HSO     + HV      = HS      + O            2.945E+06

S2                  PRODUCTION RXS              INT RX RATE    TP =  4.20E+04
 129) HS      + S       = H       + S2           1.681E-02
 135) S       + S       = S2      +              1.255E-10
 176) OCS     + S       = CO      + S2           5.163E+01
 185) OCS2    + S       = OCS     + S2           9.799E-11
 225) CS2X    + CS2     = CS      + CS      S2   4.830E-06
 237) CS2     + O       = CO      + S2           4.189E+04
 238) CS2     + SO      = OCS     + S2           3.516E+00
 240) CS2     + S       = CS      + S2           3.541E-04
 293) S4      + HV      = S2      + S2           2.853E+00
 294) S3      + HV      = S2      + S            2.702E-05

S2                     LOSS RXS                INT RX RATE    TL =  4.20E+04
 136) S2      + O       = S       + SO           1.370E+03
 139) S       + S2      = S3      +              2.702E-05
 140) S2      + S2      = S4      +              2.853E+00
 231) CH21    + S2      = HCS     + HS           7.811E-15
 232) CH23    + S2      = HCS     + HS           4.590E-12
 292) S2      + HV      = S       + S            4.058E+04

S4                  PRODUCTION RXS              INT RX RATE    TP =  2.85E+00
 140) S2      + S2      = S4      +              2.853E+00
 141) S       + S3      = S4      +              3.287E-18
 297) S8      + HV      = S4      + S4           1.959E-14

S4                     LOSS RXS                INT RX RATE    TL =  2.85E+00
 142) S4      + S4      = S8      +              1.959E-14
 293) S4      + HV      = S2      + S2           2.853E+00

S8                  PRODUCTION RXS              INT RX RATE    TP =  1.96E-14
 142) S4      + S4      = S8      +              1.959E-14

S8                     LOSS RXS                INT RX RATE    TL =  1.96E-14
 297) S8      + HV      = S4      + S4           1.959E-14

SO3                 PRODUCTION RXS              INT RX RATE    TP =  2.78E+10
 112) SO2     + O       = SO3     +              9.780E+06
 114) H2SO4   + H2O     = SO3     + H2O     H2O  2.473E+10
 116) HSO3    + O2      = HO2     + SO3          3.042E+09
 147) SO21    + O2      = SO3     + O            3.128E+02
 148) SO21    + SO2     = SO3     + SO           4.567E+00
 151) SO23    + SO2     = SO3     + SO           5.507E-01
 154) SO2     + HO2     = SO3     + OH           2.073E+05
 255) CH3SO3  + HV      = CH3     + SO3          7.708E+06
 291) H2SO4   + HV      = SO3     + H2O          7.637E+06

SO3                    LOSS RXS                INT RX RATE    TL =  2.78E+10
 113) SO3     + H2O     = H2SO4   +              2.780E+10
 115) SO3     + O       = SO2     + O2           1.991E-01
 160) SO3     + SO      = SO2     + SO2          9.431E-03
 298) SO3     + HV      = SO2     + O            5.674E+02

OCS                 PRODUCTION RXS              INT RX RATE    TP =  6.85E+06
 173) HS      + CO      = OCS     + H            8.876E-04
 179) S       + CO      = OCS     +              2.008E+00
 185) OCS2    + S       = OCS     + S2           9.799E-11
 188) OCS2    + CO      = OCS     + OCS          4.380E+01
 213) CS      + O2      = OCS     + O            6.597E+04
 215) CS      + O3      = OCS     + O2           6.551E+06
 219) CS2     + O       = OCS     + S            2.167E+05
 220) CS2     + OH      = OCS     + HS           1.258E+04
 230) HS      + CO      = OCS     + H            8.983E-04
 238) CS2     + SO      = OCS     + S2           3.516E+00

OCS                    LOSS RXS                INT RX RATE    TL =  8.90E+08
 172) H       + OCS     = CO      + HS           4.612E+03
 174) O       + OCS     = CO      + SO           2.965E+07
 175) O       + OCS     = S       + CO2          3.419E+02
 176) OCS     + S       = CO      + S2           5.163E+01
 177) OCS     + OH      = CO2     + HS           1.900E+07
 184) OCS     + S       = OCS2    +              4.380E+01
 239) OCS     + H       = CO      + HS           4.597E+03
 300) OCS     + HV      = CO      + S            8.412E+08

S3                  PRODUCTION RXS              INT RX RATE    TP =  2.70E-05
 139) S       + S2      = S3      +              2.702E-05

S3                     LOSS RXS                INT RX RATE    TL =  2.70E-05
 141) S       + S3      = S4      +              3.287E-18
 294) S3      + HV      = S2      + S            2.702E-05

O3                  PRODUCTION RXS              INT RX RATE    TP =  8.93E+14
  18) O       + O2      = O3      +              8.933E+14

O3                     LOSS RXS                INT RX RATE    TL =  8.93E+14
   5) H       + O3      = OH      + O2           1.342E+11
  12) OH      + O3      = HO2     + O2           2.408E+11
  15) HO2     + O3      = OH      + O2      O2   1.089E+11
  19) O       + O3      = O2      + O2           4.230E+10
  20) O1D     + O3      = O2      + O2           3.701E+08
  21) O1D     + O3      = O       + O       O2   3.701E+08
  26) O3      + HV      = O2      + O            1.145E-10
  27) O3      + O3      = O2      + O2      O2   1.380E+02
  77) NO      + O3      = NO2     + O2           4.245E+11
 153) SO      + O3      = SO2     + O2           1.172E+09
 155) HS      + O3      = HSO     + O2           5.850E+09
 158) S       + O3      = SO      + O2           1.022E+06
 170) HSO     + O3      = HS      + O2      O2   5.714E+09
 205) NO2     + O3      = NO3     + O2           1.340E+08
 215) CS      + O3      = OCS     + O2           6.551E+06
 216) CS      + O3      = SO      + CO2          6.551E+06
 217) CS      + O3      = CO      + SO2          6.551E+06
 248) CH3S    + O3      = CH3SO   + O2           2.454E+09
 250) CH3SO   + O3      = CH3SO2  + O2           2.435E+09
 252) CH3SO2  + O3      = CH3SO3  + O2           7.693E+06
 264) O3      + HV      = O2      + O1D          5.045E+14
 265) O3      + HV      = O2      + O            3.875E+14
 266) O3      + HV      = O       + O       O    2.942E+11

HNO3                PRODUCTION RXS              INT RX RATE    TP =  6.08E+09
  82) NO2     + OH      = HNO3    +              6.077E+09
 203) N2O5    + H2O     = HNO3    + HNO3         7.126E+03
 244) C2H6S   + NO3     = C2H5S   + HNO3         2.622E+05

HNO3                   LOSS RXS                INT RX RATE    TL =  6.05E+09
  84) HNO3    + OH      = H2O     + NO3          1.604E+09
 211) O       + HNO3    = OH      + NO3          4.177E+05
 280) HNO3    + HV      = NO2     + OH           3.533E+09
 281) HNO3    + HV      = HNO2    + O            4.206E+08
 282) HNO3    + HV      = HNO2    + O1D          3.019E+08

N                   PRODUCTION RXS              INT RX RATE    TP =  1.04E+08
 283) NO      + HV      = N       + O            1.044E+08

N                      LOSS RXS                INT RX RATE    TL =  1.04E+08
  72) N       + N       = N2      +              7.440E+00
  73) N       + O2      = NO      + O            2.525E+06
  75) N       + OH      = NO      + H            1.754E+07
  76) N       + NO      = N2      + O            7.132E+07
 195) N       + NO2     = N2O     + O            6.868E+06
 199) N       + HO2     = NO      + OH           6.160E+06

NO3                 PRODUCTION RXS              INT RX RATE    TP =  1.13E+10
  84) HNO3    + OH      = H2O     + NO3          1.604E+09
 192) O       + NO2     = NO3     +              9.154E+09
 202) N2O5    + M       = NO3     + NO2          1.551E+05
 205) NO2     + O3      = NO3     + O2           1.340E+08
 211) O       + HNO3    = OH      + NO3          4.177E+05
 305) HO2NO2  + HV      = OH      + NO3          3.602E+08
 306) N2O5    + HV      = NO3     + NO2          3.999E+06
 307) N2O5    + HV      = NO3     + NO      O    2.994E+06

NO3                    LOSS RXS                INT RX RATE    TL =  1.13E+10
 189) O       + NO3     = O2      + NO2          1.353E+08
 190) HO2     + NO3     = OH      + NO2     O2   1.431E+07
 191) NO      + NO3     = NO2     + NO2          6.013E+08
 193) OH      + NO3     = HO2     + NO2          2.197E+07
 201) NO2     + NO3     = N2O5    +              7.158E+06
 204) NO2     + NO3     = NO      + NO2     O2   6.796E+02
 206) NO3     + NO3     = NO2     + NO2     O2   5.488E-02
 244) C2H6S   + NO3     = C2H5S   + HNO3         2.622E+05
 301) NO3     + HV      = NO      + O2           1.257E+09
 302) NO3     + HV      = NO2     + O            9.223E+09

N2O                 PRODUCTION RXS              INT RX RATE    TP =  6.87E+06
 195) N       + NO2     = N2O     + O            6.868E+06

N2O                    LOSS RXS                INT RX RATE    TL =  1.30E+11
 194) H       + N2O     = N2      + OH           9.260E-02
 197) O1D     + N2O     = N2      + O2           9.525E+07
 198) O1D     + N2O     = NO      + NO           1.490E+08
 303) N2O     + HV      = N2      + O1D          1.299E+11

HO2NO2              PRODUCTION RXS              INT RX RATE    TP =  9.72E+09
 207) HO2     + NO2     = HO2NO2  +              9.724E+09

HO2NO2                 LOSS RXS                INT RX RATE    TL =  9.72E+09
 208) O       + HO2NO2  = OH      + NO2     O2   3.224E+04
 209) OH      + HO2NO2  = H2O     + NO2     O2   3.397E+09
 210) HO2NO2  + M       = HO2     + NO2          4.633E+09
 304) HO2NO2  + HV      = HO2     + NO2          1.323E+09
 305) HO2NO2  + HV      = OH      + NO3          3.602E+08

N2O5                PRODUCTION RXS              INT RX RATE    TP =  7.16E+06
 201) NO2     + NO3     = N2O5    +              7.158E+06

N2O5                   LOSS RXS                INT RX RATE    TL =  7.16E+06
 200) O       + N2O5    = NO2     + NO2     O2   1.975E+03
 202) N2O5    + M       = NO3     + NO2          1.551E+05
 203) N2O5    + H2O     = HNO3    + HNO3         7.126E+03
 306) N2O5    + HV      = NO3     + NO2          3.999E+06
 307) N2O5    + HV      = NO3     + NO      O    2.994E+06

NH                  PRODUCTION RXS              INT RX RATE    TP =  0.00E+00

NH                     LOSS RXS                INT RX RATE    TL =  0.00E+00

NH2                 PRODUCTION RXS              INT RX RATE    TP =  0.00E+00

NH2                    LOSS RXS                INT RX RATE    TL =  0.00E+00

NH3                 PRODUCTION RXS              INT RX RATE    TP =  0.00E+00

NH3                    LOSS RXS                INT RX RATE    TL =  1.50E+10

CO2                 PRODUCTION RXS              INT RX RATE    TP =  1.01E+12
  32) O       + HCO     = H       + CO2          1.061E+06
  34) CO      + OH      = CO2     + H            3.525E+11
  35) CO      + O       = CO2     +              3.372E+07
 175) O       + OCS     = S       + CO2          3.419E+02
 177) OCS     + OH      = CO2     + HS           1.900E+07
 182) CO2     + O1D     = CO2     + O            6.564E+11
 216) CS      + O3      = SO      + CO2          6.551E+06

CO2                    LOSS RXS                INT RX RATE    TL =  8.27E+11
  36) CO2     + H       = CO      + OH           2.286E-07
  93) CH21    + CO2     = H2CO    + CO           1.891E+04
  95) CH23    + CO2     = H2CO    + CO           1.185E+07
 182) CO2     + O1D     = CO2     + O            6.564E+11
 268) CO2     + HV      = CO      + O            8.748E+10
 269) CO2     + HV      = CO      + O1D          8.303E+10

CS                  PRODUCTION RXS              INT RX RATE    TP =  1.97E+07
 218) CS2     + O       = SO      + CS           2.312E+06
 224) CS2X    + O2      = CS      + SO2          1.741E+03
 225) CS2X    + CS2     = CS      + CS      S2   4.830E-06
 228) H       + HCS     = H2      + CS           1.809E-07
 233) CH3     + HCS     = CH4     + CS           2.787E-08
 235) HS      + HCS     = H2S     + CS           8.152E-06
 236) S       + HCS     = HS      + CS           2.305E-11
 240) CS2     + S       = CS      + S2           3.541E-04
 309) CS2     + HV      = CS      + S            1.742E+07

CS                     LOSS RXS                INT RX RATE    TL =  1.97E+07
 213) CS      + O2      = OCS     + O            6.597E+04
 214) CS      + O2      = CO      + SO           8.246E+03
 215) CS      + O3      = OCS     + O2           6.551E+06
 216) CS      + O3      = SO      + CO2          6.551E+06
 217) CS      + O3      = CO      + SO2          6.551E+06
 226) CS      + HS      = CS2     + H            8.315E-01
 227) H       + CS      = HCS     +              8.360E-06
 241) CS      + O       = CO      + S            1.764E+02

CS2                 PRODUCTION RXS              INT RX RATE    TP =  2.10E+08
 222) CS2OH   + HV      = CS2     + OH           5.031E+06
 223) CS2X    + M       = CS2     + M            2.046E+08
 226) CS      + HS      = CS2     + H            8.315E-01
 229) S       + HCS     = H       + CS2          4.610E-11

CS2                    LOSS RXS                INT RX RATE    TL =  2.30E+08
 218) CS2     + O       = SO      + CS           2.312E+06
 219) CS2     + O       = OCS     + S            2.167E+05
 220) CS2     + OH      = OCS     + HS           1.258E+04
 221) CS2     + OH      = CS2OH   +              5.031E+06
 225) CS2X    + CS2     = CS      + CS      S2   4.830E-06
 237) CS2     + O       = CO      + S2           4.189E+04
 238) CS2     + SO      = OCS     + S2           3.516E+00
 240) CS2     + S       = CS      + S2           3.541E-04
 309) CS2     + HV      = CS      + S            1.742E+07
 310) CS2     + HV      = CS2X    +              2.046E+08

HCS                 PRODUCTION RXS              INT RX RATE    TP =  8.36E-06
 227) H       + CS      = HCS     +              8.360E-06
 231) CH21    + S2      = HCS     + HS           7.811E-15
 232) CH23    + S2      = HCS     + HS           4.590E-12
 234) CH23    + S       = HCS     + H            3.987E-13

HCS                    LOSS RXS                INT RX RATE    TL =  8.36E-06
 228) H       + HCS     = H2      + CS           1.809E-07
 229) S       + HCS     = H       + CS2          4.610E-11
 233) CH3     + HCS     = CH4     + CS           2.787E-08
 235) HS      + HCS     = H2S     + CS           8.152E-06
 236) S       + HCS     = HS      + CS           2.305E-11

C2H6S               PRODUCTION RXS              INT RX RATE    TP =  0.00E+00

C2H6S                  LOSS RXS                INT RX RATE    TL =  3.30E+09
 242) C2H6S   + OH      = C2H5S   + H2O          2.462E+09
 243) C2H6S   + OH      = C2H7SO  +              8.372E+08
 244) C2H6S   + NO3     = C2H5S   + HNO3         2.622E+05

C2H5S               PRODUCTION RXS              INT RX RATE    TP =  2.46E+09
 242) C2H6S   + OH      = C2H5S   + H2O          2.462E+09
 244) C2H6S   + NO3     = C2H5S   + HNO3         2.622E+05

C2H5S                  LOSS RXS                INT RX RATE    TL =  2.46E+09
 245) C2H5S   + O2      = C2H5SO2 +              2.463E+09

C2H5SO              PRODUCTION RXS              INT RX RATE    TP =  2.46E+09
 246) C2H5SO2 + NO      = C2H5SO  + NO2          2.463E+09

C2H5SO                 LOSS RXS                INT RX RATE    TL =  2.46E+09
 247) C2H5SO  + HV      = H2CO    + CH3S         2.463E+09

C2H5SO2             PRODUCTION RXS              INT RX RATE    TP =  2.46E+09
 245) C2H5S   + O2      = C2H5SO2 +              2.463E+09

C2H5SO2                LOSS RXS                INT RX RATE    TL =  2.46E+09
 246) C2H5SO2 + NO      = C2H5SO  + NO2          2.463E+09

CH3S                PRODUCTION RXS              INT RX RATE    TP =  2.46E+09
 247) C2H5SO  + HV      = H2CO    + CH3S         2.463E+09

CH3S                   LOSS RXS                INT RX RATE    TL =  2.46E+09
 248) CH3S    + O3      = CH3SO   + O2           2.454E+09
 249) CH3S    + NO2     = CH3SO   + NO           8.385E+06

CH3SO               PRODUCTION RXS              INT RX RATE    TP =  2.46E+09
 248) CH3S    + O3      = CH3SO   + O2           2.454E+09
 249) CH3S    + NO2     = CH3SO   + NO           8.385E+06

CH3SO                  LOSS RXS                INT RX RATE    TL =  2.46E+09
 250) CH3SO   + O3      = CH3SO2  + O2           2.435E+09
 251) CH3SO   + NO2     = CH3SO2  + NO           2.760E+07

CH3SO2              PRODUCTION RXS              INT RX RATE    TP =  3.30E+09
 250) CH3SO   + O3      = CH3SO2  + O2           2.435E+09
 251) CH3SO   + NO2     = CH3SO2  + NO           2.760E+07
 258) CH4SO2  + OH      = CH3SO2  + H2O          8.359E+08

CH3SO2                 LOSS RXS                INT RX RATE    TL =  3.30E+09
 252) CH3SO2  + O3      = CH3SO3  + O2           7.693E+06
 253) CH3SO2  + NO2     = CH3SO3  + NO           1.496E+04
 254) CH3SO2  + HV      = CH3     + SO2          3.291E+09

CH3SO3              PRODUCTION RXS              INT RX RATE    TP =  7.71E+06
 252) CH3SO2  + O3      = CH3SO3  + O2           7.693E+06
 253) CH3SO2  + NO2     = CH3SO3  + NO           1.496E+04

CH3SO3                 LOSS RXS                INT RX RATE    TL =  7.71E+06
 255) CH3SO3  + HV      = CH3     + SO3          7.708E+06

CH4SO2              PRODUCTION RXS              INT RX RATE    TP =  8.36E+08
 257) C2H6SO  + OH      = CH4SO2  + CH3          8.359E+08

CH4SO2                 LOSS RXS                INT RX RATE    TL =  8.36E+08
 258) CH4SO2  + OH      = CH3SO2  + H2O          8.359E+08

C2H6SO              PRODUCTION RXS              INT RX RATE    TP =  8.37E+08
 256) C2H7SO  + O2      = C2H6SO  + HO2          8.372E+08

C2H6SO                 LOSS RXS                INT RX RATE    TL =  8.37E+08
 257) C2H6SO  + OH      = CH4SO2  + CH3          8.359E+08

C2H7SO              PRODUCTION RXS              INT RX RATE    TP =  8.37E+08
 243) C2H6S   + OH      = C2H7SO  +              8.372E+08

C2H7SO                 LOSS RXS                INT RX RATE    TL =  8.37E+08
 256) C2H7SO  + O2      = C2H6SO  + HO2          8.372E+08

SO4AER              PRODUCTION RXS              INT RX RATE    TP =  3.46E+09

SO4AER                 LOSS RXS                INT RX RATE    TL =  3.41E+09

S8AER               PRODUCTION RXS              INT RX RATE    TP =  0.00E+00

S8AER                  LOSS RXS                INT RX RATE    TL =  1.70E-19

HNO2                PRODUCTION RXS              INT RX RATE    TP =  0.00E+00
  80) NO      + OH      = HNO2    +              9.838E+09
 212) HO2     + NO2     = HNO2    + O2           3.838E+06
 281) HNO3    + HV      = HNO2    + O            4.206E+08
 282) HNO3    + HV      = HNO2    + O1D          3.019E+08

HNO2                   LOSS RXS                INT RX RATE    TL =  0.00E+00
  90) HNO2    + OH      = H2O     + NO2          3.086E+08
 279) HNO2    + HV      = NO      + OH           1.026E+10

O1D                 PRODUCTION RXS              INT RX RATE    TP =  0.00E+00
 259) O2      + HV      = O       + O1D          2.432E+11
 262) H2O     + HV      = H2      + O1D          2.177E+09
 264) O3      + HV      = O2      + O1D          5.045E+14
 269) CO2     + HV      = CO      + O1D          8.303E+10
 282) HNO3    + HV      = HNO2    + O1D          3.019E+08
 284) NO2     + HV      = NO      + O1D          1.857E+08
 303) N2O     + HV      = N2      + O1D          1.299E+11

O1D                    LOSS RXS                INT RX RATE    TL =  0.00E+00
   1) H2O     + O1D     = OH      + OH           2.578E+11
   2) H2      + O1D     = OH      + H            1.055E+09
  20) O1D     + O3      = O2      + O2           3.701E+08
  21) O1D     + O3      = O       + O       O2   3.701E+08
  23) O1D     + N2      = O       + N2           5.039E+14
  24) O1D     + O2      = O       + O2           1.607E+11
  49) CH4     + O1D     = CH3     + OH           1.598E+09
  50) CH4     + O1D     = CH3O    + H            2.151E+08
  51) CH4     + O1D     = CH2OH   + H            2.151E+08
  52) CH4     + O1D     = H2CO    + H2           1.075E+08
  98) C2H6    + O1D     = C2H5    + OH           9.603E+04
 105) SO2     + O1D     = SO2     + O            2.870E+03
 106) SO2     + O1D     = SO      + O2           9.206E+03
 180) CO      + O1D     = CO      + O            6.932E+07
 182) CO2     + O1D     = CO2     + O            6.564E+11
 197) O1D     + N2O     = N2      + O2           9.525E+07
 198) O1D     + N2O     = NO      + NO           1.490E+08

CH21                PRODUCTION RXS              INT RX RATE    TP =  0.00E+00
 273) CH4     + HV      = CH21    + H2           4.584E+08
 276) CH3     + HV      = CH21    + H            8.351E+04
 278) C2H6    + HV      = CH4     + CH21         1.811E+00

CH21                   LOSS RXS                INT RX RATE    TL =  0.00E+00
  53) CH21    + CH4     = CH3     + CH3          2.751E-11
  54) CH21    + O2      = HCO     + OH           4.257E+05
  55) CH21    + N2      = CH23    + N2           4.580E+08
  92) CH21    + H2      = CH3     + H            1.964E+04
  93) CH21    + CO2     = H2CO    + CO           1.891E+04
 231) CH21    + S2      = HCS     + HS           7.811E-15

CH23                PRODUCTION RXS              INT RX RATE    TP =  0.00E+00
  55) CH21    + N2      = CH23    + N2           4.580E+08
 275) CH4     + HV      = CH23    + H       H    8.618E+07
 277) C2H6    + HV      = CH23    + CH23    H2   7.245E+00

CH23                   LOSS RXS                INT RX RATE    TL =  0.00E+00
  58) CH23    + O2      = HCO     + OH           5.320E+08
  94) CH23    + O       = HCO     + H            3.597E+05
  95) CH23    + CO2     = H2CO    + CO           1.185E+07
 232) CH23    + S2      = HCS     + HS           4.590E-12
 234) CH23    + S       = HCS     + H            3.987E-13

C2H5                PRODUCTION RXS              INT RX RATE    TP =  0.00E+00
  96) C2H6    + OH      = C2H5    + H2O          8.997E+08
  97) C2H6    + O       = C2H5    + OH           1.935E+05
  98) C2H6    + O1D     = C2H5    + OH           9.603E+04

C2H5                   LOSS RXS                INT RX RATE    TL =  0.00E+00
  99) C2H5    + H       = CH3     + CH3          1.060E-03
 100) C2H5    + O       = CH3     + HCO     H    4.872E+01
 101) C2H5    + OH      = CH3     + HCO     H2   7.300E+00
 102) C2H5    + HCO     = C2H6    + CO           2.318E-05
 103) C2H5    + HNO     = C2H6    + NO           1.185E-04
 104) C2H5    + O2      = CH3     + HCO     OH   9.000E+08

SO21                PRODUCTION RXS              INT RX RATE    TP =  0.00E+00
 289) SO2     + HV      = SO21    +              1.618E+11

SO21                   LOSS RXS                INT RX RATE    TL =  0.00E+00
 143) SO21    + M       = SO23    + M            1.471E+10
 144) SO21    + M       = SO2     + M            1.471E+11
 145) SO21    + HV      = SO23    + HV           1.309E+06
 146) SO21    + HV      = SO2     + HV           1.920E+07
 147) SO21    + O2      = SO3     + O            3.128E+02
 148) SO21    + SO2     = SO3     + SO           4.567E+00

SO23                PRODUCTION RXS              INT RX RATE    TP =  0.00E+00
 143) SO21    + M       = SO23    + M            1.471E+10
 145) SO21    + HV      = SO23    + HV           1.309E+06
 290) SO2     + HV      = SO23    +              4.768E+08

SO23                   LOSS RXS                INT RX RATE    TL =  0.00E+00
 149) SO23    + M       = SO2     + M            1.518E+10
 150) SO23    + HV      = SO2     + HV           6.592E+06
 151) SO23    + SO2     = SO3     + SO           5.507E-01

HSO3                PRODUCTION RXS              INT RX RATE    TP =  0.00E+00
 111) SO2     + OH      = HSO3    +              3.042E+09

HSO3                   LOSS RXS                INT RX RATE    TL =  0.00E+00
 116) HSO3    + O2      = HO2     + SO3          3.042E+09

OCS2                PRODUCTION RXS              INT RX RATE    TP =  0.00E+00
 184) OCS     + S       = OCS2    +              4.380E+01

OCS2                   LOSS RXS                INT RX RATE    TL =  0.00E+00
 185) OCS2    + S       = OCS     + S2           9.799E-11
 188) OCS2    + CO      = OCS     + OCS          4.380E+01

CS2X                PRODUCTION RXS              INT RX RATE    TP =  0.00E+00
 310) CS2     + HV      = CS2X    +              2.046E+08

CS2X                   LOSS RXS                INT RX RATE    TL =  0.00E+00
 223) CS2X    + M       = CS2     + M            2.046E+08
 224) CS2X    + O2      = CS      + SO2          1.741E+03
 225) CS2X    + CS2     = CS      + CS      S2   4.830E-06

CS2OH               PRODUCTION RXS              INT RX RATE    TP =  0.00E+00
 221) CS2     + OH      = CS2OH   +              5.031E+06

CS2OH                  LOSS RXS                INT RX RATE    TL =  0.00E+00
 222) CS2OH   + HV      = CS2     + OH           5.031E+06

N2                  PRODUCTION RXS              INT RX RATE    TP =  0.00E+00
  23) O1D     + N2      = O       + N2           5.039E+14
  55) CH21    + N2      = CH23    + N2           4.580E+08
  72) N       + N       = N2      +              7.440E+00
  76) N       + NO      = N2      + O            7.132E+07
 194) H       + N2O     = N2      + OH           9.260E-02
 197) O1D     + N2O     = N2      + O2           9.525E+07
 303) N2O     + HV      = N2      + O1D          1.299E+11

N2                     LOSS RXS                INT RX RATE    TL =  0.00E+00
  23) O1D     + N2      = O       + N2           5.039E+14
  55) CH21    + N2      = CH23    + N2           4.580E+08
