
O                   PRODUCTION RXS              INT RX RATE    TP =  2.53E+13
   8) H       + HO2     = H2O     + O            6.439E+09
  21) O1D     + O3      = O       + O       O2   2.419E+07
  22) OH      + OH      = H2O     + O            7.723E+09
  23) O1D     + N2      = O       + N2           2.663E+12
  24) O1D     + O2      = O       + O2           6.554E+10
  25) O2      + HV      = O       + O            2.098E-54
  26) O3      + HV      = O2      + O            1.606E-12
  73) N       + O2      = NO      + O            1.416E+05
  76) N       + NO      = N2      + O            7.034E+07
 105) SO2     + O1D     = SO2     + O            7.538E+01
 107) SO      + O2      = O       + SO2          2.871E+08
 130) S       + O2      = SO      + O            1.675E+07
 147) SO21    + O2      = SO3     + O            8.781E+01
 180) CO      + O1D     = CO      + O            1.143E+07
 182) CO2     + O1D     = CO2     + O            3.744E+09
 195) N       + NO2     = N2O     + O            4.111E+06
 213) CS      + O2      = OCS     + O            6.517E+04
 259) O2      + HV      = O       + O1D          1.197E+12
 260) O2      + HV      = O       + O            1.015E+12
 263) H2O     + HV      = H       + H       O    4.402E+10
 265) O3      + HV      = O2      + O            1.914E+13
 266) O3      + HV      = O       + O       O    4.200E+10
 268) CO2     + HV      = CO      + O            1.570E+08
 272) HO2     + HV      = OH      + O            3.924E+07
 281) HNO3    + HV      = HNO2    + O            1.135E+08
 283) NO      + HV      = N       + O            1.863E+08
 285) NO2     + HV      = NO      + O            2.047E+10
 286) SO      + HV      = S       + O            1.185E+04
 288) SO2     + HV      = SO      + O            3.079E+08
 298) SO3     + HV      = SO2     + O            5.470E+03
 299) HSO     + HV      = HS      + O            2.750E+02
 302) NO3     + HV      = NO2     + O            5.955E+08
 307) N2O5    + HV      = NO3     + NO      O    2.155E+05

O                      LOSS RXS                INT RX RATE    TL =  2.42E+13
   3) H2      + O       = OH      + H            9.614E+04
  10) OH      + O       = H       + O2           2.054E+12
  14) HO2     + O       = OH      + O2           1.122E+12
  17) O       + O       = O2      +              3.929E+08
  18) O       + O2      = O3      +              2.085E+13
  19) O       + O3      = O2      + O2           1.747E+09
  32) O       + HCO     = H       + CO2          9.255E+06
  33) O       + HCO     = OH      + CO           9.255E+06
  35) CO      + O       = CO2     +              6.573E+04
  46) H2CO    + O       = HCO     + OH           7.300E+07
  47) H2O2    + O       = OH      + HO2          1.078E+05
  60) CH3     + O       = H2CO    + H            4.612E+08
  78) NO      + O       = NO2     +              1.809E+08
  81) NO2     + O       = NO      + O2           1.593E+11
  88) O       + HNO     = OH      + NO           6.637E+05
  91) CH4     + O       = CH3     + OH           1.587E+04
  94) CH23    + O       = HCO     + H            6.577E+06
  97) C2H6    + O       = C2H5    + OH           1.421E+02
 100) C2H5    + O       = CH3     + HCO     H    1.114E+00
 109) SO      + O       = SO2     +              8.286E+03
 112) SO2     + O       = SO3     +              5.963E+04
 115) SO3     + O       = SO2     + O2           1.002E+03
 122) H2S     + O       = OH      + HS           1.075E+02
 123) HS      + O       = H       + SO           2.820E+02
 136) S2      + O       = S       + SO           1.721E+01
 169) HSO     + O       = OH      + SO           8.318E+02
 174) O       + OCS     = CO      + SO           5.969E+04
 175) O       + OCS     = S       + CO2          6.732E-02
 189) O       + NO3     = O2      + NO2          1.442E+07
 192) O       + NO2     = NO3     +              4.971E+08
 200) O       + N2O5    = NO2     + NO2     O2   8.057E+03
 208) O       + HO2NO2  = OH      + NO2     O2   1.881E+02
 211) O       + HNO3    = OH      + NO3          2.535E+05
 218) CS2     + O       = SO      + CS           7.627E+04
 219) CS2     + O       = OCS     + S            7.150E+03
 237) CS2     + O       = CO      + S2           2.489E+03
 241) CS      + O       = CO      + S            4.665E-02

O2                  PRODUCTION RXS              INT RX RATE    TP =  2.48E+13
   5) H       + O3      = OH      + O2           4.086E+11
   7) H       + HO2     = H2      + O2           2.777E+10
  10) OH      + O       = H       + O2           2.054E+12
  11) OH      + HO2     = H2O     + O2           2.306E+11
  12) OH      + O3      = HO2     + O2           1.376E+10
  14) HO2     + O       = OH      + O2           1.122E+12
  15) HO2     + O3      = OH      + O2      O2   2.177E+09
  16) HO2     + HO2     = H2O2    + O2           1.420E+09
  17) O       + O       = O2      +              3.929E+08
  19) O       + O3      = O2      + O2           1.747E+09
  20) O1D     + O3      = O2      + O2           2.419E+07
  21) O1D     + O3      = O       + O       O2   2.419E+07
  24) O1D     + O2      = O       + O2           6.554E+10
  26) O3      + HV      = O2      + O            1.606E-12
  27) O3      + O3      = O2      + O2      O2   2.606E+01
  68) CH3O2   + HO2     = CH3OOH  + O2           1.835E+09
  77) NO      + O3      = NO2     + O2           1.535E+11
  81) NO2     + O       = NO      + O2           1.593E+11
 106) SO2     + O1D     = SO      + O2           2.418E+02
 115) SO3     + O       = SO2     + O2           1.002E+03
 125) HS      + HO2     = H2S     + O2           2.434E+04
 133) S       + HO2     = HS      + O2           1.276E-03
 153) SO      + O3      = SO2     + O2           1.716E+07
 155) HS      + O3      = HSO     + O2           2.781E+09
 158) S       + O3      = SO      + O2           1.375E+03
 170) HSO     + O3      = HS      + O2      O2   2.835E+09
 189) O       + NO3     = O2      + NO2          1.442E+07
 190) HO2     + NO3     = OH      + NO2     O2   2.040E+06
 197) O1D     + N2O     = N2      + O2           2.581E+05
 200) O       + N2O5    = NO2     + NO2     O2   8.057E+03
 204) NO2     + NO3     = NO      + NO2     O2   2.065E+04
 205) NO2     + O3      = NO3     + O2           8.727E+08
 206) NO3     + NO3     = NO2     + NO2     O2   1.998E+00
 208) O       + HO2NO2  = OH      + NO2     O2   1.881E+02
 209) OH      + HO2NO2  = H2O     + NO2     O2   1.174E+08
 212) HO2     + NO2     = HNO2    + O2           6.708E+05
 215) CS      + O3      = OCS     + O2           1.690E+06
 248) CH3S    + O3      = CH3SO   + O2           1.476E+08
 250) CH3SO   + O3      = CH3SO2  + O2           1.446E+08
 252) CH3SO2  + O3      = CH3SO3  + O2           4.333E+06
 264) O3      + HV      = O2      + O1D          1.372E+12
 265) O3      + HV      = O2      + O            1.914E+13
 301) NO3     + HV      = NO      + O2           7.419E+07

O2                     LOSS RXS                INT RX RATE    TL =  2.49E+13
   6) H       + O2      = HO2     +              1.681E+12
  18) O       + O2      = O3      +              2.085E+13
  24) O1D     + O2      = O       + O2           6.554E+10
  25) O2      + HV      = O       + O            2.098E-54
  40) HCO     + O2      = HO2     + CO           1.055E+10
  41) CH2OH   + O2      = H2CO    + HO2          7.149E+05
  42) CH3O    + O2      = H2CO    + HO2          4.317E+09
  54) CH21    + O2      = HCO     + OH           3.163E+08
  58) CH23    + O2      = HCO     + OH           5.051E+09
  59) CH3     + O2      = H2CO    + OH           6.291E+00
  66) CH3     + O2      = CH3O2   +              4.780E+09
  73) N       + O2      = NO      + O            1.416E+05
 104) C2H5    + O2      = CH3     + HCO     OH   1.393E+06
 107) SO      + O2      = O       + SO2          2.871E+08
 116) HSO3    + O2      = HO2     + SO3          2.117E+07
 130) S       + O2      = SO      + O            1.675E+07
 147) SO21    + O2      = SO3     + O            8.781E+01
 213) CS      + O2      = OCS     + O            6.517E+04
 214) CS      + O2      = CO      + SO           8.147E+03
 224) CS2X    + O2      = CS      + SO2          1.149E+03
 245) C2H5S   + O2      = C2H5SO2 +              2.074E+08
 256) C2H7SO  + O2      = C2H6SO  + HO2          1.216E+06
 259) O2      + HV      = O       + O1D          1.197E+12
 260) O2      + HV      = O       + O            1.015E+12

H2O                 PRODUCTION RXS              INT RX RATE    TP =  2.53E+11
   4) H2      + OH      = H2O     + H            1.090E+08
   8) H       + HO2     = H2O     + O            6.439E+09
  11) OH      + HO2     = H2O     + O2           2.306E+11
  13) OH      + H2O2    = HO2     + H2O          1.408E+09
  22) OH      + OH      = H2O     + O            7.723E+09
  31) OH      + HCO     = H2O     + CO           1.284E+05
  43) H2CO    + OH      = H2O     + HCO          5.057E+09
  44) H       + OH      = H2O     +              3.579E+07
  48) CH4     + OH      = CH3     + H2O          1.373E+08
  69) CH3OOH  + OH      = CH3O2   + H2O          1.273E+09
  70) CH3OOH  + OH      = H2O     + H2CO    OH   5.456E+08
  84) HNO3    + OH      = H2O     + NO3          1.859E+08
  89) OH      + HNO     = H2O     + NO           1.009E+05
  90) HNO2    + OH      = H2O     + NO2          2.281E+08
  96) C2H6    + OH      = C2H5    + H2O          1.392E+06
 114) H2SO4   + H2O     = SO3     + H2O     H2O  8.552E+06
 120) H2S     + OH      = H2O     + HS           2.826E+05
 165) HSO     + OH      = H2O     + SO           4.281E+03
 209) OH      + HO2NO2  = H2O     + NO2     O2   1.174E+08
 242) C2H6S   + OH      = C2H5S   + H2O          3.577E+06
 258) CH4SO2  + OH      = CH3SO2  + H2O          1.090E+06
 291) H2SO4   + HV      = SO3     + H2O          2.047E+06

H2O                    LOSS RXS                INT RX RATE    TL =  2.94E+11
   1) H2O     + O1D     = OH      + OH           7.666E+07
 113) SO3     + H2O     = H2SO4   +              3.626E+07
 114) H2SO4   + H2O     = SO3     + H2O     H2O  8.552E+06
 203) N2O5    + H2O     = HNO3    + HNO3         3.210E+06
 261) H2O     + HV      = H       + OH           2.204E+11
 262) H2O     + HV      = H2      + O1D          2.935E+10
 263) H2O     + HV      = H       + H       O    4.402E+10

H                   PRODUCTION RXS              INT RX RATE    TP =  2.42E+12
   2) H2      + O1D     = OH      + H            1.218E+07
   3) H2      + O       = OH      + H            9.614E+04
   4) H2      + OH      = H2O     + H            1.090E+08
  10) OH      + O       = H       + O2           2.054E+12
  32) O       + HCO     = H       + CO2          9.255E+06
  34) CO      + OH      = CO2     + H            4.917E+10
  50) CH4     + O1D     = CH3O    + H            7.149E+05
  51) CH4     + O1D     = CH2OH   + H            7.149E+05
  60) CH3     + O       = H2CO    + H            4.612E+08
  75) N       + OH      = NO      + H            9.973E+07
  86) HNO     + HV      = NO      + H            8.983E+05
  92) CH21    + H2      = CH3     + H            7.424E+04
  94) CH23    + O       = HCO     + H            6.577E+06
 100) C2H5    + O       = CH3     + HCO     H    1.114E+00
 110) SO      + OH      = SO2     + H            2.171E+06
 123) HS      + O       = H       + SO           2.820E+02
 129) HS      + S       = H       + S2           5.095E-08
 131) S       + OH      = SO      + H            3.786E-02
 173) HS      + CO      = OCS     + H            2.668E-06
 226) CS      + HS      = CS2     + H            5.978E-05
 229) S       + HCS     = H       + CS2          1.293E-17
 230) HS      + CO      = OCS     + H            2.700E-06
 234) CH23    + S       = HCS     + H            2.212E-07
 261) H2O     + HV      = H       + OH           2.204E+11
 263) H2O     + HV      = H       + H       O    4.402E+10
 271) H2CO    + HV      = HCO     + H            5.562E+07
 274) CH4     + HV      = CH3     + H            4.947E+09
 275) CH4     + HV      = CH23    + H       H    8.343E+08
 276) CH3     + HV      = CH21    + H            3.077E+03
 287) H2S     + HV      = HS      + H            7.674E+04

H                      LOSS RXS                INT RX RATE    TL =  2.42E+12
   5) H       + O3      = OH      + O2           4.086E+11
   6) H       + O2      = HO2     +              1.681E+12
   7) H       + HO2     = H2      + O2           2.777E+10
   8) H       + HO2     = H2O     + O            6.439E+09
   9) H       + HO2     = OH      + OH           2.898E+11
  28) H       + CO      = HCO     +              8.656E+04
  29) H       + HCO     = H2      + CO           2.633E+06
  36) CO2     + H       = CO      + OH           4.193E-06
  38) H2CO    + H       = H2      + HCO          5.703E+06
  39) H       + H       = H2      +              1.488E+07
  44) H       + OH      = H2O     +              3.579E+07
  62) CH3     + H       = CH4     +              5.111E+05
  71) H       + NO      = HNO     +              8.153E+05
  83) NO2     + H       = NO      + OH           5.185E+09
  87) H       + HNO     = H2      + NO           1.100E+04
  99) C2H5    + H       = CH3     + CH3          3.374E-01
 121) H2S     + H       = H2      + HS           4.327E-02
 128) HS      + H       = H2      + S            1.099E+00
 163) H       + SO      = HSO     +              1.467E+02
 166) HSO     + H       = HS      + OH           2.987E+01
 167) HSO     + H       = H2      + SO           1.493E+01
 172) H       + OCS     = CO      + HS           3.864E-01
 194) H       + N2O     = N2      + OH           1.483E-06
 227) H       + CS      = HCS     +              2.780E-12
 228) H       + HCS     = H2      + CS           2.248E-07
 239) OCS     + H       = CO      + HS           3.852E-01

OH                  PRODUCTION RXS              INT RX RATE    TP =  2.37E+12
   1) H2O     + O1D     = OH      + OH           7.666E+07
   2) H2      + O1D     = OH      + H            1.218E+07
   3) H2      + O       = OH      + H            9.614E+04
   5) H       + O3      = OH      + O2           4.086E+11
   9) H       + HO2     = OH      + OH           2.898E+11
  14) HO2     + O       = OH      + O2           1.122E+12
  15) HO2     + O3      = OH      + O2      O2   2.177E+09
  33) O       + HCO     = OH      + CO           9.255E+06
  36) CO2     + H       = CO      + OH           4.193E-06
  46) H2CO    + O       = HCO     + OH           7.300E+07
  47) H2O2    + O       = OH      + HO2          1.078E+05
  49) CH4     + O1D     = CH3     + OH           5.310E+06
  54) CH21    + O2      = HCO     + OH           3.163E+08
  58) CH23    + O2      = HCO     + OH           5.051E+09
  59) CH3     + O2      = H2CO    + OH           6.291E+00
  70) CH3OOH  + OH      = H2O     + H2CO    OH   5.456E+08
  79) NO      + HO2     = NO2     + OH           2.661E+10
  83) NO2     + H       = NO      + OH           5.185E+09
  88) O       + HNO     = OH      + NO           6.637E+05
  91) CH4     + O       = CH3     + OH           1.587E+04
  97) C2H6    + O       = C2H5    + OH           1.421E+02
  98) C2H6    + O1D     = C2H5    + OH           4.929E+02
 104) C2H5    + O2      = CH3     + HCO     OH   1.393E+06
 108) SO      + HO2     = SO2     + OH           1.430E+05
 122) H2S     + O       = OH      + HS           1.075E+02
 134) S       + HO2     = SO      + OH           1.276E-03
 154) SO2     + HO2     = SO3     + OH           1.358E+03
 156) HS      + HO2     = HSO     + OH           2.434E+04
 166) HSO     + H       = HS      + OH           2.987E+01
 169) HSO     + O       = OH      + SO           8.318E+02
 190) HO2     + NO3     = OH      + NO2     O2   2.040E+06
 194) H       + N2O     = N2      + OH           1.483E-06
 199) N       + HO2     = NO      + OH           1.106E+07
 208) O       + HO2NO2  = OH      + NO2     O2   1.881E+02
 211) O       + HNO3    = OH      + NO3          2.535E+05
 222) CS2OH   + HV      = CS2     + OH           6.994E+04
 261) H2O     + HV      = H       + OH           2.204E+11
 267) H2O2    + HV      = OH      + OH           1.345E+08
 272) HO2     + HV      = OH      + O            3.924E+07
 279) HNO2    + HV      = NO      + OH           1.730E+08
 280) HNO3    + HV      = NO2     + OH           4.945E+08
 305) HO2NO2  + HV      = OH      + NO3          1.207E+07
 308) CH3OOH  + HV      = CH3O    + OH           2.184E+07

OH                     LOSS RXS                INT RX RATE    TL =  2.37E+12
   4) H2      + OH      = H2O     + H            1.090E+08
  10) OH      + O       = H       + O2           2.054E+12
  11) OH      + HO2     = H2O     + O2           2.306E+11
  12) OH      + O3      = HO2     + O2           1.376E+10
  13) OH      + H2O2    = HO2     + H2O          1.408E+09
  22) OH      + OH      = H2O     + O            7.723E+09
  31) OH      + HCO     = H2O     + CO           1.284E+05
  34) CO      + OH      = CO2     + H            4.917E+10
  43) H2CO    + OH      = H2O     + HCO          5.057E+09
  44) H       + OH      = H2O     +              3.579E+07
  45) OH      + OH      = H2O2    +              2.433E+07
  48) CH4     + OH      = CH3     + H2O          1.373E+08
  69) CH3OOH  + OH      = CH3O2   + H2O          1.273E+09
  70) CH3OOH  + OH      = H2O     + H2CO    OH   5.456E+08
  75) N       + OH      = NO      + H            9.973E+07
  80) NO      + OH      = HNO2    +              2.056E+08
  82) NO2     + OH      = HNO3    +              3.021E+08
  84) HNO3    + OH      = H2O     + NO3          1.859E+08
  89) OH      + HNO     = H2O     + NO           1.009E+05
  90) HNO2    + OH      = H2O     + NO2          2.281E+08
  96) C2H6    + OH      = C2H5    + H2O          1.392E+06
 101) C2H5    + OH      = CH3     + HCO     H2   2.550E-02
 110) SO      + OH      = SO2     + H            2.171E+06
 111) SO2     + OH      = HSO3    +              2.117E+07
 120) H2S     + OH      = H2O     + HS           2.826E+05
 131) S       + OH      = SO      + H            3.786E-02
 165) HSO     + OH      = H2O     + SO           4.281E+03
 177) OCS     + OH      = CO2     + HS           2.732E+04
 193) OH      + NO3     = HO2     + NO2          4.112E+06
 209) OH      + HO2NO2  = H2O     + NO2     O2   1.174E+08
 220) CS2     + OH      = OCS     + HS           1.749E+02
 221) CS2     + OH      = CS2OH   +              6.994E+04
 242) C2H6S   + OH      = C2H5S   + H2O          3.577E+06
 243) C2H6S   + OH      = C2H7SO  +              1.216E+06
 257) C2H6SO  + OH      = CH4SO2  + CH3          1.076E+06
 258) CH4SO2  + OH      = CH3SO2  + H2O          1.090E+06

HO2                 PRODUCTION RXS              INT RX RATE    TP =  1.71E+12
   6) H       + O2      = HO2     +              1.681E+12
  12) OH      + O3      = HO2     + O2           1.376E+10
  13) OH      + H2O2    = HO2     + H2O          1.408E+09
  40) HCO     + O2      = HO2     + CO           1.055E+10
  41) CH2OH   + O2      = H2CO    + HO2          7.149E+05
  42) CH3O    + O2      = H2CO    + HO2          4.317E+09
  47) H2O2    + O       = OH      + HO2          1.078E+05
 116) HSO3    + O2      = HO2     + SO3          2.117E+07
 193) OH      + NO3     = HO2     + NO2          4.112E+06
 210) HO2NO2  + M       = HO2     + NO2          7.837E+08
 256) C2H7SO  + O2      = C2H6SO  + HO2          1.216E+06
 304) HO2NO2  + HV      = HO2     + NO2          4.001E+07

HO2                    LOSS RXS                INT RX RATE    TL =  1.71E+12
   7) H       + HO2     = H2      + O2           2.777E+10
   8) H       + HO2     = H2O     + O            6.439E+09
   9) H       + HO2     = OH      + OH           2.898E+11
  11) OH      + HO2     = H2O     + O2           2.306E+11
  14) HO2     + O       = OH      + O2           1.122E+12
  15) HO2     + O3      = OH      + O2      O2   2.177E+09
  16) HO2     + HO2     = H2O2    + O2           1.420E+09
  68) CH3O2   + HO2     = CH3OOH  + O2           1.835E+09
  79) NO      + HO2     = NO2     + OH           2.661E+10
 108) SO      + HO2     = SO2     + OH           1.430E+05
 125) HS      + HO2     = H2S     + O2           2.434E+04
 133) S       + HO2     = HS      + O2           1.276E-03
 134) S       + HO2     = SO      + OH           1.276E-03
 154) SO2     + HO2     = SO3     + OH           1.358E+03
 156) HS      + HO2     = HSO     + OH           2.434E+04
 190) HO2     + NO3     = OH      + NO2     O2   2.040E+06
 199) N       + HO2     = NO      + OH           1.106E+07
 207) HO2     + NO2     = HO2NO2  +              1.015E+09
 212) HO2     + NO2     = HNO2    + O2           6.708E+05
 272) HO2     + HV      = OH      + O            3.924E+07

H2O2                PRODUCTION RXS              INT RX RATE    TP =  1.44E+09
  16) HO2     + HO2     = H2O2    + O2           1.420E+09
  45) OH      + OH      = H2O2    +              2.433E+07

H2O2                   LOSS RXS                INT RX RATE    TL =  1.97E+10
  13) OH      + H2O2    = HO2     + H2O          1.408E+09
  47) H2O2    + O       = OH      + HO2          1.078E+05
 267) H2O2    + HV      = OH      + OH           1.345E+08

H2                  PRODUCTION RXS              INT RX RATE    TP =  6.18E+10
   7) H       + HO2     = H2      + O2           2.777E+10
  29) H       + HCO     = H2      + CO           2.633E+06
  38) H2CO    + H       = H2      + HCO          5.703E+06
  39) H       + H       = H2      +              1.488E+07
  52) CH4     + O1D     = H2CO    + H2           3.574E+05
  87) H       + HNO     = H2      + NO           1.100E+04
 101) C2H5    + OH      = CH3     + HCO     H2   2.550E-02
 121) H2S     + H       = H2      + HS           4.327E-02
 128) HS      + H       = H2      + S            1.099E+00
 167) HSO     + H       = H2      + SO           1.493E+01
 228) H       + HCS     = H2      + CS           2.248E-07
 262) H2O     + HV      = H2      + O1D          2.935E+10
 270) H2CO    + HV      = H2      + CO           7.767E+07
 273) CH4     + HV      = CH21    + H2           4.542E+09
 277) C2H6    + HV      = CH23    + CH23    H2   1.525E+03

H2                     LOSS RXS                INT RX RATE    TL =  1.22E+08
   2) H2      + O1D     = OH      + H            1.218E+07
   3) H2      + O       = OH      + H            9.614E+04
   4) H2      + OH      = H2O     + H            1.090E+08
  92) CH21    + H2      = CH3     + H            7.424E+04

CO                  PRODUCTION RXS              INT RX RATE    TP =  1.43E+11
  29) H       + HCO     = H2      + CO           2.633E+06
  30) HCO     + HCO     = H2CO    + CO           1.991E-02
  31) OH      + HCO     = H2O     + CO           1.284E+05
  33) O       + HCO     = OH      + CO           9.255E+06
  36) CO2     + H       = CO      + OH           4.193E-06
  40) HCO     + O2      = HO2     + CO           1.055E+10
  63) CH3     + HCO     = CH4     + CO           6.060E+00
  85) HCO     + NO      = HNO     + CO           2.046E+04
  93) CH21    + CO2     = H2CO    + CO           1.905E+05
  95) CH23    + CO2     = H2CO    + CO           1.345E+06
 102) C2H5    + HCO     = C2H6    + CO           1.936E-08
 127) HS      + HCO     = H2S     + CO           1.147E-06
 132) S       + HCO     = HS      + CO           6.154E-08
 162) SO      + HCO     = HSO     + CO           1.049E-01
 172) H       + OCS     = CO      + HS           3.864E-01
 174) O       + OCS     = CO      + SO           5.969E+04
 176) OCS     + S       = CO      + S2           5.412E-03
 180) CO      + O1D     = CO      + O            1.143E+07
 214) CS      + O2      = CO      + SO           8.147E+03
 217) CS      + O3      = CO      + SO2          1.690E+06
 237) CS2     + O       = CO      + S2           2.489E+03
 239) OCS     + H       = CO      + HS           3.852E-01
 241) CS      + O       = CO      + S            4.665E-02
 268) CO2     + HV      = CO      + O            1.570E+08
 269) CO2     + HV      = CO      + O1D          1.323E+11
 270) H2CO    + HV      = H2      + CO           7.767E+07
 300) OCS     + HV      = CO      + S            1.166E+07

CO                     LOSS RXS                INT RX RATE    TL =  4.92E+10
  28) H       + CO      = HCO     +              8.656E+04
  34) CO      + OH      = CO2     + H            4.917E+10
  35) CO      + O       = CO2     +              6.573E+04
 173) HS      + CO      = OCS     + H            2.668E-06
 179) S       + CO      = OCS     +              3.611E-04
 180) CO      + O1D     = CO      + O            1.143E+07
 188) OCS2    + CO      = OCS     + OCS          9.675E-03
 230) HS      + CO      = OCS     + H            2.700E-06

HCO                 PRODUCTION RXS              INT RX RATE    TP =  1.06E+10
  28) H       + CO      = HCO     +              8.656E+04
  38) H2CO    + H       = H2      + HCO          5.703E+06
  43) H2CO    + OH      = H2O     + HCO          5.057E+09
  46) H2CO    + O       = HCO     + OH           7.300E+07
  54) CH21    + O2      = HCO     + OH           3.163E+08
  58) CH23    + O2      = HCO     + OH           5.051E+09
  65) CH3     + H2CO    = CH4     + HCO          2.892E-05
  94) CH23    + O       = HCO     + H            6.577E+06
 100) C2H5    + O       = CH3     + HCO     H    1.114E+00
 101) C2H5    + OH      = CH3     + HCO     H2   2.550E-02
 104) C2H5    + O2      = CH3     + HCO     OH   1.393E+06
 271) H2CO    + HV      = HCO     + H            5.562E+07

HCO                    LOSS RXS                INT RX RATE    TL =  1.06E+10
  29) H       + HCO     = H2      + CO           2.633E+06
  30) HCO     + HCO     = H2CO    + CO           1.991E-02
  31) OH      + HCO     = H2O     + CO           1.284E+05
  32) O       + HCO     = H       + CO2          9.255E+06
  33) O       + HCO     = OH      + CO           9.255E+06
  40) HCO     + O2      = HO2     + CO           1.055E+10
  63) CH3     + HCO     = CH4     + CO           6.060E+00
  85) HCO     + NO      = HNO     + CO           2.046E+04
 102) C2H5    + HCO     = C2H6    + CO           1.936E-08
 127) HS      + HCO     = H2S     + CO           1.147E-06
 132) S       + HCO     = HS      + CO           6.154E-08
 162) SO      + HCO     = HSO     + CO           1.049E-01

H2CO                PRODUCTION RXS              INT RX RATE    TP =  5.48E+09
  30) HCO     + HCO     = H2CO    + CO           1.991E-02
  41) CH2OH   + O2      = H2CO    + HO2          7.149E+05
  42) CH3O    + O2      = H2CO    + HO2          4.317E+09
  52) CH4     + O1D     = H2CO    + H2           3.574E+05
  59) CH3     + O2      = H2CO    + OH           6.291E+00
  60) CH3     + O       = H2CO    + H            4.612E+08
  70) CH3OOH  + OH      = H2O     + H2CO    OH   5.456E+08
  93) CH21    + CO2     = H2CO    + CO           1.905E+05
  95) CH23    + CO2     = H2CO    + CO           1.345E+06
 247) C2H5SO  + HV      = H2CO    + CH3S         1.485E+08

H2CO                   LOSS RXS                INT RX RATE    TL =  7.62E+09
  38) H2CO    + H       = H2      + HCO          5.703E+06
  43) H2CO    + OH      = H2O     + HCO          5.057E+09
  46) H2CO    + O       = HCO     + OH           7.300E+07
  65) CH3     + H2CO    = CH4     + HCO          2.892E-05
 270) H2CO    + HV      = H2      + CO           7.767E+07
 271) H2CO    + HV      = HCO     + H            5.562E+07

CH3O                PRODUCTION RXS              INT RX RATE    TP =  4.32E+09
  50) CH4     + O1D     = CH3O    + H            7.149E+05
  67) CH3O2   + NO      = CH3O    + NO2          4.293E+09
 308) CH3OOH  + HV      = CH3O    + OH           2.184E+07

CH3O                   LOSS RXS                INT RX RATE    TL =  4.32E+09
  42) CH3O    + O2      = H2CO    + HO2          4.317E+09

CH2OH               PRODUCTION RXS              INT RX RATE    TP =  7.15E+05
  51) CH4     + O1D     = CH2OH   + H            7.149E+05

CH2OH                  LOSS RXS                INT RX RATE    TL =  7.15E+05
  41) CH2OH   + O2      = H2CO    + HO2          7.149E+05

CH3O2               PRODUCTION RXS              INT RX RATE    TP =  6.05E+09
  66) CH3     + O2      = CH3O2   +              4.780E+09
  69) CH3OOH  + OH      = CH3O2   + H2O          1.273E+09

CH3O2                  LOSS RXS                INT RX RATE    TL =  6.13E+09
  67) CH3O2   + NO      = CH3O    + NO2          4.293E+09
  68) CH3O2   + HO2     = CH3OOH  + O2           1.835E+09

CH3OOH              PRODUCTION RXS              INT RX RATE    TP =  1.83E+09
  68) CH3O2   + HO2     = CH3OOH  + O2           1.835E+09

CH3OOH                 LOSS RXS                INT RX RATE    TL =  3.04E+09
  69) CH3OOH  + OH      = CH3O2   + H2O          1.273E+09
  70) CH3OOH  + OH      = H2O     + H2CO    OH   5.456E+08
 308) CH3OOH  + HV      = CH3O    + OH           2.184E+07

CH4                 PRODUCTION RXS              INT RX RATE    TP =  5.12E+05
  62) CH3     + H       = CH4     +              5.111E+05
  63) CH3     + HCO     = CH4     + CO           6.060E+00
  64) CH3     + HNO     = CH4     + NO           2.613E-03
  65) CH3     + H2CO    = CH4     + HCO          2.892E-05
 233) CH3     + HCS     = CH4     + CS           1.661E-13
 278) C2H6    + HV      = CH4     + CH21         3.812E+02

CH4                    LOSS RXS                INT RX RATE    TL =  1.05E+10
  48) CH4     + OH      = CH3     + H2O          1.373E+08
  49) CH4     + O1D     = CH3     + OH           5.310E+06
  50) CH4     + O1D     = CH3O    + H            7.149E+05
  51) CH4     + O1D     = CH2OH   + H            7.149E+05
  52) CH4     + O1D     = H2CO    + H2           3.574E+05
  53) CH21    + CH4     = CH3     + CH3          1.329E-09
  91) CH4     + O       = CH3     + OH           1.587E+04
 273) CH4     + HV      = CH21    + H2           4.542E+09
 274) CH4     + HV      = CH3     + H            4.947E+09
 275) CH4     + HV      = CH23    + H       H    8.343E+08

CH3                 PRODUCTION RXS              INT RX RATE    TP =  5.24E+09
  48) CH4     + OH      = CH3     + H2O          1.373E+08
  49) CH4     + O1D     = CH3     + OH           5.310E+06
  53) CH21    + CH4     = CH3     + CH3          1.329E-09
  91) CH4     + O       = CH3     + OH           1.587E+04
  92) CH21    + H2      = CH3     + H            7.424E+04
  99) C2H5    + H       = CH3     + CH3          3.374E-01
 100) C2H5    + O       = CH3     + HCO     H    1.114E+00
 101) C2H5    + OH      = CH3     + HCO     H2   2.550E-02
 104) C2H5    + O2      = CH3     + HCO     OH   1.393E+06
 254) CH3SO2  + HV      = CH3     + SO2          1.453E+08
 255) CH3SO3  + HV      = CH3     + SO3          4.354E+06
 257) C2H6SO  + OH      = CH4SO2  + CH3          1.076E+06
 274) CH4     + HV      = CH3     + H            4.947E+09

CH3                    LOSS RXS                INT RX RATE    TL =  5.24E+09
  59) CH3     + O2      = H2CO    + OH           6.291E+00
  60) CH3     + O       = H2CO    + H            4.612E+08
  61) CH3     + CH3     = C2H6    +              8.841E+02
  62) CH3     + H       = CH4     +              5.111E+05
  63) CH3     + HCO     = CH4     + CO           6.060E+00
  64) CH3     + HNO     = CH4     + NO           2.613E-03
  65) CH3     + H2CO    = CH4     + HCO          2.892E-05
  66) CH3     + O2      = CH3O2   +              4.780E+09
 233) CH3     + HCS     = CH4     + CS           1.661E-13
 276) CH3     + HV      = CH21    + H            3.077E+03

C2H6                PRODUCTION RXS              INT RX RATE    TP =  8.84E+02
  61) CH3     + CH3     = C2H6    +              8.841E+02
 102) C2H5    + HCO     = C2H6    + CO           1.936E-08
 103) C2H5    + HNO     = C2H6    + NO           6.916E-12

C2H6                   LOSS RXS                INT RX RATE    TL =  1.40E+06
  96) C2H6    + OH      = C2H5    + H2O          1.392E+06
  97) C2H6    + O       = C2H5    + OH           1.421E+02
  98) C2H6    + O1D     = C2H5    + OH           4.929E+02
 277) C2H6    + HV      = CH23    + CH23    H2   1.525E+03
 278) C2H6    + HV      = CH4     + CH21         3.812E+02

NO                  PRODUCTION RXS              INT RX RATE    TP =  1.86E+11
  64) CH3     + HNO     = CH4     + NO           2.613E-03
  73) N       + O2      = NO      + O            1.416E+05
  75) N       + OH      = NO      + H            9.973E+07
  81) NO2     + O       = NO      + O2           1.593E+11
  83) NO2     + H       = NO      + OH           5.185E+09
  86) HNO     + HV      = NO      + H            8.983E+05
  87) H       + HNO     = H2      + NO           1.100E+04
  88) O       + HNO     = OH      + NO           6.637E+05
  89) OH      + HNO     = H2O     + NO           1.009E+05
 103) C2H5    + HNO     = C2H6    + NO           6.916E-12
 152) SO      + NO2     = SO2     + NO           2.072E+07
 157) HS      + NO2     = HSO     + NO           5.349E+07
 198) O1D     + N2O     = NO      + NO           4.039E+05
 199) N       + HO2     = NO      + OH           1.106E+07
 204) NO2     + NO3     = NO      + NO2     O2   2.065E+04
 249) CH3S    + NO2     = CH3SO   + NO           9.739E+05
 251) CH3SO   + NO2     = CH3SO2  + NO           3.886E+06
 253) CH3SO2  + NO2     = CH3SO3  + NO           2.181E+04
 279) HNO2    + HV      = NO      + OH           1.730E+08
 284) NO2     + HV      = NO      + O1D          4.911E+07
 285) NO2     + HV      = NO      + O            2.047E+10
 301) NO3     + HV      = NO      + O2           7.419E+07
 307) N2O5    + HV      = NO3     + NO      O    2.155E+05

NO                     LOSS RXS                INT RX RATE    TL =  1.86E+11
  67) CH3O2   + NO      = CH3O    + NO2          4.293E+09
  71) H       + NO      = HNO     +              8.153E+05
  76) N       + NO      = N2      + O            7.034E+07
  77) NO      + O3      = NO2     + O2           1.535E+11
  78) NO      + O       = NO2     +              1.809E+08
  79) NO      + HO2     = NO2     + OH           2.661E+10
  80) NO      + OH      = HNO2    +              2.056E+08
  85) HCO     + NO      = HNO     + CO           2.046E+04
 164) HSO     + NO      = HNO     + SO           8.332E+05
 191) NO      + NO3     = NO2     + NO2          5.398E+08
 246) C2H5SO2 + NO      = C2H5SO  + NO2          1.485E+08
 283) NO      + HV      = N       + O            1.863E+08

NO2                 PRODUCTION RXS              INT RX RATE    TP =  1.88E+11
  67) CH3O2   + NO      = CH3O    + NO2          4.293E+09
  77) NO      + O3      = NO2     + O2           1.535E+11
  78) NO      + O       = NO2     +              1.809E+08
  79) NO      + HO2     = NO2     + OH           2.661E+10
  90) HNO2    + OH      = H2O     + NO2          2.281E+08
 189) O       + NO3     = O2      + NO2          1.442E+07
 190) HO2     + NO3     = OH      + NO2     O2   2.040E+06
 191) NO      + NO3     = NO2     + NO2          5.398E+08
 193) OH      + NO3     = HO2     + NO2          4.112E+06
 200) O       + N2O5    = NO2     + NO2     O2   8.057E+03
 202) N2O5    + M       = NO3     + NO2          2.588E+07
 204) NO2     + NO3     = NO      + NO2     O2   2.065E+04
 206) NO3     + NO3     = NO2     + NO2     O2   1.998E+00
 208) O       + HO2NO2  = OH      + NO2     O2   1.881E+02
 209) OH      + HO2NO2  = H2O     + NO2     O2   1.174E+08
 210) HO2NO2  + M       = HO2     + NO2          7.837E+08
 246) C2H5SO2 + NO      = C2H5SO  + NO2          1.485E+08
 280) HNO3    + HV      = NO2     + OH           4.945E+08
 302) NO3     + HV      = NO2     + O            5.955E+08
 304) HO2NO2  + HV      = HO2     + NO2          4.001E+07
 306) N2O5    + HV      = NO3     + NO2          4.720E+06

NO2                    LOSS RXS                INT RX RATE    TL =  1.88E+11
  81) NO2     + O       = NO      + O2           1.593E+11
  82) NO2     + OH      = HNO3    +              3.021E+08
  83) NO2     + H       = NO      + OH           5.185E+09
 152) SO      + NO2     = SO2     + NO           2.072E+07
 157) HS      + NO2     = HSO     + NO           5.349E+07
 192) O       + NO2     = NO3     +              4.971E+08
 195) N       + NO2     = N2O     + O            4.111E+06
 201) NO2     + NO3     = N2O5    +              1.650E+08
 204) NO2     + NO3     = NO      + NO2     O2   2.065E+04
 205) NO2     + O3      = NO3     + O2           8.727E+08
 207) HO2     + NO2     = HO2NO2  +              1.015E+09
 212) HO2     + NO2     = HNO2    + O2           6.708E+05
 249) CH3S    + NO2     = CH3SO   + NO           9.739E+05
 251) CH3SO   + NO2     = CH3SO2  + NO           3.886E+06
 253) CH3SO2  + NO2     = CH3SO3  + NO           2.181E+04
 284) NO2     + HV      = NO      + O1D          4.911E+07
 285) NO2     + HV      = NO      + O            2.047E+10

HNO                 PRODUCTION RXS              INT RX RATE    TP =  1.67E+06
  71) H       + NO      = HNO     +              8.153E+05
  85) HCO     + NO      = HNO     + CO           2.046E+04
 164) HSO     + NO      = HNO     + SO           8.332E+05

HNO                    LOSS RXS                INT RX RATE    TL =  1.67E+06
  64) CH3     + HNO     = CH4     + NO           2.613E-03
  86) HNO     + HV      = NO      + H            8.983E+05
  87) H       + HNO     = H2      + NO           1.100E+04
  88) O       + HNO     = OH      + NO           6.637E+05
  89) OH      + HNO     = H2O     + NO           1.009E+05
 103) C2H5    + HNO     = C2H6    + NO           6.916E-12

H2S                 PRODUCTION RXS              INT RX RATE    TP =  2.46E+04
 125) HS      + HO2     = H2S     + O2           2.434E+04
 126) HS      + HS      = H2S     + S            7.472E+01
 127) HS      + HCO     = H2S     + CO           1.147E-06
 168) HSO     + HS      = H2S     + SO           1.484E+02
 235) HS      + HCS     = H2S     + CS           2.846E-10

H2S                    LOSS RXS                INT RX RATE    TL =  3.61E+05
 120) H2S     + OH      = H2O     + HS           2.826E+05
 121) H2S     + H       = H2      + HS           4.327E-02
 122) H2S     + O       = OH      + HS           1.075E+02
 287) H2S     + HV      = HS      + H            7.674E+04

HS                  PRODUCTION RXS              INT RX RATE    TP =  2.83E+09
 120) H2S     + OH      = H2O     + HS           2.826E+05
 121) H2S     + H       = H2      + HS           4.327E-02
 122) H2S     + O       = OH      + HS           1.075E+02
 132) S       + HCO     = HS      + CO           6.154E-08
 133) S       + HO2     = HS      + O2           1.276E-03
 166) HSO     + H       = HS      + OH           2.987E+01
 170) HSO     + O3      = HS      + O2      O2   2.835E+09
 171) HSO     + S       = HS      + SO           1.963E-06
 172) H       + OCS     = CO      + HS           3.864E-01
 177) OCS     + OH      = CO2     + HS           2.732E+04
 220) CS2     + OH      = OCS     + HS           1.749E+02
 231) CH21    + S2      = HCS     + HS           1.148E-20
 232) CH23    + S2      = HCS     + HS           3.700E-19
 236) S       + HCS     = HS      + CS           6.467E-18
 239) OCS     + H       = CO      + HS           3.852E-01
 287) H2S     + HV      = HS      + H            7.674E+04
 299) HSO     + HV      = HS      + O            2.750E+02

HS                     LOSS RXS                INT RX RATE    TL =  2.84E+09
 123) HS      + O       = H       + SO           2.820E+02
 125) HS      + HO2     = H2S     + O2           2.434E+04
 126) HS      + HS      = H2S     + S            7.472E+01
 127) HS      + HCO     = H2S     + CO           1.147E-06
 128) HS      + H       = H2      + S            1.099E+00
 129) HS      + S       = H       + S2           5.095E-08
 155) HS      + O3      = HSO     + O2           2.781E+09
 156) HS      + HO2     = HSO     + OH           2.434E+04
 157) HS      + NO2     = HSO     + NO           5.349E+07
 168) HSO     + HS      = H2S     + SO           1.484E+02
 173) HS      + CO      = OCS     + H            2.668E-06
 226) CS      + HS      = CS2     + H            5.978E-05
 230) HS      + CO      = OCS     + H            2.700E-06
 235) HS      + HCS     = H2S     + CS           2.846E-10

S                   PRODUCTION RXS              INT RX RATE    TP =  1.68E+07
 126) HS      + HS      = H2S     + S            7.472E+01
 128) HS      + H       = H2      + S            1.099E+00
 136) S2      + O       = S       + SO           1.721E+01
 159) SO      + SO      = SO2     + S            3.670E-02
 175) O       + OCS     = S       + CO2          6.732E-02
 219) CS2     + O       = OCS     + S            7.150E+03
 241) CS      + O       = CO      + S            4.665E-02
 286) SO      + HV      = S       + O            1.185E+04
 292) S2      + HV      = S       + S            1.595E+01
 294) S3      + HV      = S2      + S            1.564E-09
 300) OCS     + HV      = CO      + S            1.166E+07
 309) CS2     + HV      = CS      + S            5.067E+06

S                      LOSS RXS                INT RX RATE    TL =  1.68E+07
 129) HS      + S       = H       + S2           5.095E-08
 130) S       + O2      = SO      + O            1.675E+07
 131) S       + OH      = SO      + H            3.786E-02
 132) S       + HCO     = HS      + CO           6.154E-08
 133) S       + HO2     = HS      + O2           1.276E-03
 134) S       + HO2     = SO      + OH           1.276E-03
 135) S       + S       = S2      +              1.038E-17
 139) S       + S2      = S3      +              1.570E-09
 141) S       + S3      = S4      +              5.995E-24
 158) S       + O3      = SO      + O2           1.375E+03
 171) HSO     + S       = HS      + SO           1.963E-06
 176) OCS     + S       = CO      + S2           5.412E-03
 179) S       + CO      = OCS     +              3.611E-04
 184) OCS     + S       = OCS2    +              9.675E-03
 185) OCS2    + S       = OCS     + S2           5.549E-18
 229) S       + HCS     = H       + CS2          1.293E-17
 234) CH23    + S       = HCS     + H            2.212E-07
 236) S       + HCS     = HS      + CS           6.467E-18
 240) CS2     + S       = CS      + S2           9.492E-08

SO                  PRODUCTION RXS              INT RX RATE    TP =  3.27E+08
 106) SO2     + O1D     = SO      + O2           2.418E+02
 123) HS      + O       = H       + SO           2.820E+02
 130) S       + O2      = SO      + O            1.675E+07
 131) S       + OH      = SO      + H            3.786E-02
 134) S       + HO2     = SO      + OH           1.276E-03
 136) S2      + O       = S       + SO           1.721E+01
 148) SO21    + SO2     = SO3     + SO           7.351E-02
 151) SO23    + SO2     = SO3     + SO           1.011E-02
 158) S       + O3      = SO      + O2           1.375E+03
 164) HSO     + NO      = HNO     + SO           8.332E+05
 165) HSO     + OH      = H2O     + SO           4.281E+03
 167) HSO     + H       = H2      + SO           1.493E+01
 168) HSO     + HS      = H2S     + SO           1.484E+02
 169) HSO     + O       = OH      + SO           8.318E+02
 171) HSO     + S       = HS      + SO           1.963E-06
 174) O       + OCS     = CO      + SO           5.969E+04
 214) CS      + O2      = CO      + SO           8.147E+03
 216) CS      + O3      = SO      + CO2          1.690E+06
 218) CS2     + O       = SO      + CS           7.627E+04
 288) SO2     + HV      = SO      + O            3.079E+08

SO                     LOSS RXS                INT RX RATE    TL =  3.27E+08
 107) SO      + O2      = O       + SO2          2.871E+08
 108) SO      + HO2     = SO2     + OH           1.430E+05
 109) SO      + O       = SO2     +              8.286E+03
 110) SO      + OH      = SO2     + H            2.171E+06
 152) SO      + NO2     = SO2     + NO           2.072E+07
 153) SO      + O3      = SO2     + O2           1.716E+07
 159) SO      + SO      = SO2     + S            3.670E-02
 160) SO3     + SO      = SO2     + SO2          1.952E-02
 162) SO      + HCO     = HSO     + CO           1.049E-01
 163) H       + SO      = HSO     +              1.467E+02
 238) CS2     + SO      = OCS     + S2           1.040E-02
 286) SO      + HV      = S       + O            1.185E+04

SO2                 PRODUCTION RXS              INT RX RATE    TP =  9.36E+08
 105) SO2     + O1D     = SO2     + O            7.538E+01
 107) SO      + O2      = O       + SO2          2.871E+08
 108) SO      + HO2     = SO2     + OH           1.430E+05
 109) SO      + O       = SO2     +              8.286E+03
 110) SO      + OH      = SO2     + H            2.171E+06
 115) SO3     + O       = SO2     + O2           1.002E+03
 144) SO21    + M       = SO2     + M            4.128E+08
 146) SO21    + HV      = SO2     + HV           1.764E+05
 149) SO23    + M       = SO2     + M            4.882E+07
 150) SO23    + HV      = SO2     + HV           6.033E+04
 152) SO      + NO2     = SO2     + NO           2.072E+07
 153) SO      + O3      = SO2     + O2           1.716E+07
 159) SO      + SO      = SO2     + S            3.670E-02
 160) SO3     + SO      = SO2     + SO2          1.952E-02
 217) CS      + O3      = CO      + SO2          1.690E+06
 224) CS2X    + O2      = CS      + SO2          1.149E+03
 254) CH3SO2  + HV      = CH3     + SO2          1.453E+08
 298) SO3     + HV      = SO2     + O            5.470E+03

SO2                    LOSS RXS                INT RX RATE    TL =  2.21E+09
 105) SO2     + O1D     = SO2     + O            7.538E+01
 106) SO2     + O1D     = SO      + O2           2.418E+02
 111) SO2     + OH      = HSO3    +              2.117E+07
 112) SO2     + O       = SO3     +              5.963E+04
 148) SO21    + SO2     = SO3     + SO           7.351E-02
 151) SO23    + SO2     = SO3     + SO           1.011E-02
 154) SO2     + HO2     = SO3     + OH           1.358E+03
 288) SO2     + HV      = SO      + O            3.079E+08
 289) SO2     + HV      = SO21    +              4.543E+08
 290) SO2     + HV      = SO23    +              7.582E+06

H2SO4               PRODUCTION RXS              INT RX RATE    TP =  3.63E+07
 113) SO3     + H2O     = H2SO4   +              3.626E+07

H2SO4                  LOSS RXS                INT RX RATE    TL =  2.07E+09
 114) H2SO4   + H2O     = SO3     + H2O     H2O  8.552E+06
 291) H2SO4   + HV      = SO3     + H2O          2.047E+06

HSO                 PRODUCTION RXS              INT RX RATE    TP =  2.83E+09
 155) HS      + O3      = HSO     + O2           2.781E+09
 156) HS      + HO2     = HSO     + OH           2.434E+04
 157) HS      + NO2     = HSO     + NO           5.349E+07
 162) SO      + HCO     = HSO     + CO           1.049E-01
 163) H       + SO      = HSO     +              1.467E+02

HSO                    LOSS RXS                INT RX RATE    TL =  2.84E+09
 164) HSO     + NO      = HNO     + SO           8.332E+05
 165) HSO     + OH      = H2O     + SO           4.281E+03
 166) HSO     + H       = HS      + OH           2.987E+01
 167) HSO     + H       = H2      + SO           1.493E+01
 168) HSO     + HS      = H2S     + SO           1.484E+02
 169) HSO     + O       = OH      + SO           8.318E+02
 170) HSO     + O3      = HS      + O2      O2   2.835E+09
 171) HSO     + S       = HS      + SO           1.963E-06
 299) HSO     + HV      = HS      + O            2.750E+02

S2                  PRODUCTION RXS              INT RX RATE    TP =  2.49E+03
 129) HS      + S       = H       + S2           5.095E-08
 135) S       + S       = S2      +              1.038E-17
 176) OCS     + S       = CO      + S2           5.412E-03
 185) OCS2    + S       = OCS     + S2           5.549E-18
 225) CS2X    + CS2     = CS      + CS      S2   1.621E-07
 237) CS2     + O       = CO      + S2           2.489E+03
 238) CS2     + SO      = OCS     + S2           1.040E-02
 240) CS2     + S       = CS      + S2           9.492E-08
 293) S4      + HV      = S2      + S2           6.111E-01
 294) S3      + HV      = S2      + S            1.564E-09

S2                     LOSS RXS                INT RX RATE    TL =  3.44E+01
 136) S2      + O       = S       + SO           1.721E+01
 139) S       + S2      = S3      +              1.570E-09
 140) S2      + S2      = S4      +              6.142E-01
 231) CH21    + S2      = HCS     + HS           1.148E-20
 232) CH23    + S2      = HCS     + HS           3.700E-19
 292) S2      + HV      = S       + S            1.595E+01

S4                  PRODUCTION RXS              INT RX RATE    TP =  6.14E-01
 140) S2      + S2      = S4      +              6.142E-01
 141) S       + S3      = S4      +              5.995E-24
 297) S8      + HV      = S4      + S4           7.057E-21

S4                     LOSS RXS                INT RX RATE    TL =  6.11E-01
 142) S4      + S4      = S8      +              2.089E-12
 293) S4      + HV      = S2      + S2           6.111E-01

S8                  PRODUCTION RXS              INT RX RATE    TP =  2.09E-12
 142) S4      + S4      = S8      +              2.089E-12

S8                     LOSS RXS                INT RX RATE    TL =  7.06E-21
 297) S8      + HV      = S4      + S4           7.057E-21

SO3                 PRODUCTION RXS              INT RX RATE    TP =  3.62E+07
 112) SO2     + O       = SO3     +              5.963E+04
 114) H2SO4   + H2O     = SO3     + H2O     H2O  8.552E+06
 116) HSO3    + O2      = HO2     + SO3          2.117E+07
 147) SO21    + O2      = SO3     + O            8.781E+01
 148) SO21    + SO2     = SO3     + SO           7.351E-02
 151) SO23    + SO2     = SO3     + SO           1.011E-02
 154) SO2     + HO2     = SO3     + OH           1.358E+03
 255) CH3SO3  + HV      = CH3     + SO3          4.354E+06
 291) H2SO4   + HV      = SO3     + H2O          2.047E+06

SO3                    LOSS RXS                INT RX RATE    TL =  3.63E+07
 113) SO3     + H2O     = H2SO4   +              3.626E+07
 115) SO3     + O       = SO2     + O2           1.002E+03
 160) SO3     + SO      = SO2     + SO2          1.952E-02
 298) SO3     + HV      = SO2     + O            5.470E+03

OCS                 PRODUCTION RXS              INT RX RATE    TP =  1.76E+06
 173) HS      + CO      = OCS     + H            2.668E-06
 179) S       + CO      = OCS     +              3.611E-04
 185) OCS2    + S       = OCS     + S2           5.549E-18
 188) OCS2    + CO      = OCS     + OCS          9.675E-03
 213) CS      + O2      = OCS     + O            6.517E+04
 215) CS      + O3      = OCS     + O2           1.690E+06
 219) CS2     + O       = OCS     + S            7.150E+03
 220) CS2     + OH      = OCS     + HS           1.749E+02
 230) HS      + CO      = OCS     + H            2.700E-06
 238) CS2     + SO      = OCS     + S2           1.040E-02

OCS                    LOSS RXS                INT RX RATE    TL =  1.18E+07
 172) H       + OCS     = CO      + HS           3.864E-01
 174) O       + OCS     = CO      + SO           5.969E+04
 175) O       + OCS     = S       + CO2          6.732E-02
 176) OCS     + S       = CO      + S2           5.412E-03
 177) OCS     + OH      = CO2     + HS           2.732E+04
 184) OCS     + S       = OCS2    +              9.675E-03
 239) OCS     + H       = CO      + HS           3.852E-01
 300) OCS     + HV      = CO      + S            1.166E+07

S3                  PRODUCTION RXS              INT RX RATE    TP =  1.57E-09
 139) S       + S2      = S3      +              1.570E-09

S3                     LOSS RXS                INT RX RATE    TL =  1.56E-09
 141) S       + S3      = S4      +              5.995E-24
 294) S3      + HV      = S2      + S            1.564E-09

O3                  PRODUCTION RXS              INT RX RATE    TP =  2.09E+13
  18) O       + O2      = O3      +              2.085E+13

O3                     LOSS RXS                INT RX RATE    TL =  2.11E+13
   5) H       + O3      = OH      + O2           4.086E+11
  12) OH      + O3      = HO2     + O2           1.376E+10
  15) HO2     + O3      = OH      + O2      O2   2.177E+09
  19) O       + O3      = O2      + O2           1.747E+09
  20) O1D     + O3      = O2      + O2           2.419E+07
  21) O1D     + O3      = O       + O       O2   2.419E+07
  26) O3      + HV      = O2      + O            1.606E-12
  27) O3      + O3      = O2      + O2      O2   2.606E+01
  77) NO      + O3      = NO2     + O2           1.535E+11
 153) SO      + O3      = SO2     + O2           1.716E+07
 155) HS      + O3      = HSO     + O2           2.781E+09
 158) S       + O3      = SO      + O2           1.375E+03
 170) HSO     + O3      = HS      + O2      O2   2.835E+09
 205) NO2     + O3      = NO3     + O2           8.727E+08
 215) CS      + O3      = OCS     + O2           1.690E+06
 216) CS      + O3      = SO      + CO2          1.690E+06
 217) CS      + O3      = CO      + SO2          1.690E+06
 248) CH3S    + O3      = CH3SO   + O2           1.476E+08
 250) CH3SO   + O3      = CH3SO2  + O2           1.446E+08
 252) CH3SO2  + O3      = CH3SO3  + O2           4.333E+06
 264) O3      + HV      = O2      + O1D          1.372E+12
 265) O3      + HV      = O2      + O            1.914E+13
 266) O3      + HV      = O       + O       O    4.200E+10

HNO3                PRODUCTION RXS              INT RX RATE    TP =  5.12E+08
  82) NO2     + OH      = HNO3    +              3.021E+08
 203) N2O5    + H2O     = HNO3    + HNO3         3.210E+06
 244) C2H6S   + NO3     = C2H5S   + HNO3         2.038E+08

HNO3                   LOSS RXS                INT RX RATE    TL =  2.47E+09
  84) HNO3    + OH      = H2O     + NO3          1.859E+08
 211) O       + HNO3    = OH      + NO3          2.535E+05
 280) HNO3    + HV      = NO2     + OH           4.945E+08
 281) HNO3    + HV      = HNO2    + O            1.135E+08
 282) HNO3    + HV      = HNO2    + O1D          8.145E+07

N                   PRODUCTION RXS              INT RX RATE    TP =  1.86E+08
 283) NO      + HV      = N       + O            1.863E+08

N                      LOSS RXS                INT RX RATE    TL =  1.85E+08
  72) N       + N       = N2      +              5.996E-02
  73) N       + O2      = NO      + O            1.416E+05
  75) N       + OH      = NO      + H            9.973E+07
  76) N       + NO      = N2      + O            7.034E+07
 195) N       + NO2     = N2O     + O            4.111E+06
 199) N       + HO2     = NO      + OH           1.106E+07

NO3                 PRODUCTION RXS              INT RX RATE    TP =  1.60E+09
  84) HNO3    + OH      = H2O     + NO3          1.859E+08
 192) O       + NO2     = NO3     +              4.971E+08
 202) N2O5    + M       = NO3     + NO2          2.588E+07
 205) NO2     + O3      = NO3     + O2           8.727E+08
 211) O       + HNO3    = OH      + NO3          2.535E+05
 305) HO2NO2  + HV      = OH      + NO3          1.207E+07
 306) N2O5    + HV      = NO3     + NO2          4.720E+06
 307) N2O5    + HV      = NO3     + NO      O    2.155E+05

NO3                    LOSS RXS                INT RX RATE    TL =  1.60E+09
 189) O       + NO3     = O2      + NO2          1.442E+07
 190) HO2     + NO3     = OH      + NO2     O2   2.040E+06
 191) NO      + NO3     = NO2     + NO2          5.398E+08
 193) OH      + NO3     = HO2     + NO2          4.112E+06
 201) NO2     + NO3     = N2O5    +              1.650E+08
 204) NO2     + NO3     = NO      + NO2     O2   2.065E+04
 206) NO3     + NO3     = NO2     + NO2     O2   1.998E+00
 244) C2H6S   + NO3     = C2H5S   + HNO3         2.038E+08
 301) NO3     + HV      = NO      + O2           7.419E+07
 302) NO3     + HV      = NO2     + O            5.955E+08

N2O                 PRODUCTION RXS              INT RX RATE    TP =  4.11E+06
 195) N       + NO2     = N2O     + O            4.111E+06

N2O                    LOSS RXS                INT RX RATE    TL =  9.46E+08
 194) H       + N2O     = N2      + OH           1.483E-06
 197) O1D     + N2O     = N2      + O2           2.581E+05
 198) O1D     + N2O     = NO      + NO           4.039E+05
 303) N2O     + HV      = N2      + O1D          9.231E+08

HO2NO2              PRODUCTION RXS              INT RX RATE    TP =  1.01E+09
 207) HO2     + NO2     = HO2NO2  +              1.015E+09

HO2NO2                 LOSS RXS                INT RX RATE    TL =  1.08E+09
 208) O       + HO2NO2  = OH      + NO2     O2   1.881E+02
 209) OH      + HO2NO2  = H2O     + NO2     O2   1.174E+08
 210) HO2NO2  + M       = HO2     + NO2          7.837E+08
 304) HO2NO2  + HV      = HO2     + NO2          4.001E+07
 305) HO2NO2  + HV      = OH      + NO3          1.207E+07

N2O5                PRODUCTION RXS              INT RX RATE    TP =  1.65E+08
 201) NO2     + NO3     = N2O5    +              1.650E+08

N2O5                   LOSS RXS                INT RX RATE    TL =  3.40E+07
 200) O       + N2O5    = NO2     + NO2     O2   8.057E+03
 202) N2O5    + M       = NO3     + NO2          2.588E+07
 203) N2O5    + H2O     = HNO3    + HNO3         3.210E+06
 306) N2O5    + HV      = NO3     + NO2          4.720E+06
 307) N2O5    + HV      = NO3     + NO      O    2.155E+05

NH                  PRODUCTION RXS              INT RX RATE    TP =  0.00E+00

NH                     LOSS RXS                INT RX RATE    TL =  0.00E+00

NH2                 PRODUCTION RXS              INT RX RATE    TP =  0.00E+00

NH2                    LOSS RXS                INT RX RATE    TL =  0.00E+00

NH3                 PRODUCTION RXS              INT RX RATE    TP =  0.00E+00

NH3                    LOSS RXS                INT RX RATE    TL =  2.82E+07

CO2                 PRODUCTION RXS              INT RX RATE    TP =  5.29E+10
  32) O       + HCO     = H       + CO2          9.255E+06
  34) CO      + OH      = CO2     + H            4.917E+10
  35) CO      + O       = CO2     +              6.573E+04
 175) O       + OCS     = S       + CO2          6.732E-02
 177) OCS     + OH      = CO2     + HS           2.732E+04
 182) CO2     + O1D     = CO2     + O            3.744E+09
 216) CS      + O3      = SO      + CO2          1.690E+06

CO2                    LOSS RXS                INT RX RATE    TL =  1.36E+11
  36) CO2     + H       = CO      + OH           4.193E-06
  93) CH21    + CO2     = H2CO    + CO           1.905E+05
  95) CH23    + CO2     = H2CO    + CO           1.345E+06
 182) CO2     + O1D     = CO2     + O            3.744E+09
 268) CO2     + HV      = CO      + O            1.570E+08
 269) CO2     + HV      = CO      + O1D          1.323E+11

CS                  PRODUCTION RXS              INT RX RATE    TP =  5.14E+06
 218) CS2     + O       = SO      + CS           7.627E+04
 224) CS2X    + O2      = CS      + SO2          1.149E+03
 225) CS2X    + CS2     = CS      + CS      S2   1.621E-07
 228) H       + HCS     = H2      + CS           2.248E-07
 233) CH3     + HCS     = CH4     + CS           1.661E-13
 235) HS      + HCS     = H2S     + CS           2.846E-10
 236) S       + HCS     = HS      + CS           6.467E-18
 240) CS2     + S       = CS      + S2           9.492E-08
 309) CS2     + HV      = CS      + S            5.067E+06

CS                     LOSS RXS                INT RX RATE    TL =  5.14E+06
 213) CS      + O2      = OCS     + O            6.517E+04
 214) CS      + O2      = CO      + SO           8.147E+03
 215) CS      + O3      = OCS     + O2           1.690E+06
 216) CS      + O3      = SO      + CO2          1.690E+06
 217) CS      + O3      = CO      + SO2          1.690E+06
 226) CS      + HS      = CS2     + H            5.978E-05
 227) H       + CS      = HCS     +              2.780E-12
 241) CS      + O       = CO      + S            4.665E-02

CS2                 PRODUCTION RXS              INT RX RATE    TP =  1.42E+06
 222) CS2OH   + HV      = CS2     + OH           6.994E+04
 223) CS2X    + M       = CS2     + M            1.350E+06
 226) CS      + HS      = CS2     + H            5.978E-05
 229) S       + HCS     = H       + CS2          1.293E-17

CS2                    LOSS RXS                INT RX RATE    TL =  6.57E+06
 218) CS2     + O       = SO      + CS           7.627E+04
 219) CS2     + O       = OCS     + S            7.150E+03
 220) CS2     + OH      = OCS     + HS           1.749E+02
 221) CS2     + OH      = CS2OH   +              6.994E+04
 225) CS2X    + CS2     = CS      + CS      S2   1.621E-07
 237) CS2     + O       = CO      + S2           2.489E+03
 238) CS2     + SO      = OCS     + S2           1.040E-02
 240) CS2     + S       = CS      + S2           9.492E-08
 309) CS2     + HV      = CS      + S            5.067E+06
 310) CS2     + HV      = CS2X    +              1.352E+06

HCS                 PRODUCTION RXS              INT RX RATE    TP =  2.21E-07
 227) H       + CS      = HCS     +              2.780E-12
 231) CH21    + S2      = HCS     + HS           1.148E-20
 232) CH23    + S2      = HCS     + HS           3.700E-19
 234) CH23    + S       = HCS     + H            2.212E-07

HCS                    LOSS RXS                INT RX RATE    TL =  2.25E-07
 228) H       + HCS     = H2      + CS           2.248E-07
 229) S       + HCS     = H       + CS2          1.293E-17
 233) CH3     + HCS     = CH4     + CS           1.661E-13
 235) HS      + HCS     = H2S     + CS           2.846E-10
 236) S       + HCS     = HS      + CS           6.467E-18

C2H6S               PRODUCTION RXS              INT RX RATE    TP =  0.00E+00

C2H6S                  LOSS RXS                INT RX RATE    TL =  2.09E+08
 242) C2H6S   + OH      = C2H5S   + H2O          3.577E+06
 243) C2H6S   + OH      = C2H7SO  +              1.216E+06
 244) C2H6S   + NO3     = C2H5S   + HNO3         2.038E+08

C2H5S               PRODUCTION RXS              INT RX RATE    TP =  2.07E+08
 242) C2H6S   + OH      = C2H5S   + H2O          3.577E+06
 244) C2H6S   + NO3     = C2H5S   + HNO3         2.038E+08

C2H5S                  LOSS RXS                INT RX RATE    TL =  2.07E+08
 245) C2H5S   + O2      = C2H5SO2 +              2.074E+08

C2H5SO              PRODUCTION RXS              INT RX RATE    TP =  1.49E+08
 246) C2H5SO2 + NO      = C2H5SO  + NO2          1.485E+08

C2H5SO                 LOSS RXS                INT RX RATE    TL =  1.49E+08
 247) C2H5SO  + HV      = H2CO    + CH3S         1.485E+08

C2H5SO2             PRODUCTION RXS              INT RX RATE    TP =  2.07E+08
 245) C2H5S   + O2      = C2H5SO2 +              2.074E+08

C2H5SO2                LOSS RXS                INT RX RATE    TL =  1.49E+08
 246) C2H5SO2 + NO      = C2H5SO  + NO2          1.485E+08

CH3S                PRODUCTION RXS              INT RX RATE    TP =  1.49E+08
 247) C2H5SO  + HV      = H2CO    + CH3S         1.485E+08

CH3S                   LOSS RXS                INT RX RATE    TL =  1.49E+08
 248) CH3S    + O3      = CH3SO   + O2           1.476E+08
 249) CH3S    + NO2     = CH3SO   + NO           9.739E+05

CH3SO               PRODUCTION RXS              INT RX RATE    TP =  1.49E+08
 248) CH3S    + O3      = CH3SO   + O2           1.476E+08
 249) CH3S    + NO2     = CH3SO   + NO           9.739E+05

CH3SO                  LOSS RXS                INT RX RATE    TL =  1.49E+08
 250) CH3SO   + O3      = CH3SO2  + O2           1.446E+08
 251) CH3SO   + NO2     = CH3SO2  + NO           3.886E+06

CH3SO2              PRODUCTION RXS              INT RX RATE    TP =  1.50E+08
 250) CH3SO   + O3      = CH3SO2  + O2           1.446E+08
 251) CH3SO   + NO2     = CH3SO2  + NO           3.886E+06
 258) CH4SO2  + OH      = CH3SO2  + H2O          1.090E+06

CH3SO2                 LOSS RXS                INT RX RATE    TL =  1.50E+08
 252) CH3SO2  + O3      = CH3SO3  + O2           4.333E+06
 253) CH3SO2  + NO2     = CH3SO3  + NO           2.181E+04
 254) CH3SO2  + HV      = CH3     + SO2          1.453E+08

CH3SO3              PRODUCTION RXS              INT RX RATE    TP =  4.35E+06
 252) CH3SO2  + O3      = CH3SO3  + O2           4.333E+06
 253) CH3SO2  + NO2     = CH3SO3  + NO           2.181E+04

CH3SO3                 LOSS RXS                INT RX RATE    TL =  4.35E+06
 255) CH3SO3  + HV      = CH3     + SO3          4.354E+06

CH4SO2              PRODUCTION RXS              INT RX RATE    TP =  1.08E+06
 257) C2H6SO  + OH      = CH4SO2  + CH3          1.076E+06

CH4SO2                 LOSS RXS                INT RX RATE    TL =  1.09E+06
 258) CH4SO2  + OH      = CH3SO2  + H2O          1.090E+06

C2H6SO              PRODUCTION RXS              INT RX RATE    TP =  1.22E+06
 256) C2H7SO  + O2      = C2H6SO  + HO2          1.216E+06

C2H6SO                 LOSS RXS                INT RX RATE    TL =  3.27E+06
 257) C2H6SO  + OH      = CH4SO2  + CH3          1.076E+06

C2H7SO              PRODUCTION RXS              INT RX RATE    TP =  1.22E+06
 243) C2H6S   + OH      = C2H7SO  +              1.216E+06

C2H7SO                 LOSS RXS                INT RX RATE    TL =  1.22E+06
 256) C2H7SO  + O2      = C2H6SO  + HO2          1.216E+06

SO4AER              PRODUCTION RXS              INT RX RATE    TP =  1.94E+09

SO4AER                 LOSS RXS                INT RX RATE    TL =  6.86E+09

S8AER               PRODUCTION RXS              INT RX RATE    TP =  0.00E+00

S8AER                  LOSS RXS                INT RX RATE    TL =  1.83E-19

HNO2                PRODUCTION RXS              INT RX RATE    TP =  0.00E+00
  80) NO      + OH      = HNO2    +              2.056E+08
 212) HO2     + NO2     = HNO2    + O2           6.708E+05
 281) HNO3    + HV      = HNO2    + O            1.135E+08
 282) HNO3    + HV      = HNO2    + O1D          8.145E+07

HNO2                   LOSS RXS                INT RX RATE    TL =  0.00E+00
  90) HNO2    + OH      = H2O     + NO2          2.281E+08
 279) HNO2    + HV      = NO      + OH           1.730E+08

O1D                 PRODUCTION RXS              INT RX RATE    TP =  0.00E+00
 259) O2      + HV      = O       + O1D          1.197E+12
 262) H2O     + HV      = H2      + O1D          2.935E+10
 264) O3      + HV      = O2      + O1D          1.372E+12
 269) CO2     + HV      = CO      + O1D          1.323E+11
 282) HNO3    + HV      = HNO2    + O1D          8.145E+07
 284) NO2     + HV      = NO      + O1D          4.911E+07
 303) N2O     + HV      = N2      + O1D          9.231E+08

O1D                    LOSS RXS                INT RX RATE    TL =  0.00E+00
   1) H2O     + O1D     = OH      + OH           7.666E+07
   2) H2      + O1D     = OH      + H            1.218E+07
  20) O1D     + O3      = O2      + O2           2.419E+07
  21) O1D     + O3      = O       + O       O2   2.419E+07
  23) O1D     + N2      = O       + N2           2.663E+12
  24) O1D     + O2      = O       + O2           6.554E+10
  49) CH4     + O1D     = CH3     + OH           5.310E+06
  50) CH4     + O1D     = CH3O    + H            7.149E+05
  51) CH4     + O1D     = CH2OH   + H            7.149E+05
  52) CH4     + O1D     = H2CO    + H2           3.574E+05
  98) C2H6    + O1D     = C2H5    + OH           4.929E+02
 105) SO2     + O1D     = SO2     + O            7.538E+01
 106) SO2     + O1D     = SO      + O2           2.418E+02
 180) CO      + O1D     = CO      + O            1.143E+07
 182) CO2     + O1D     = CO2     + O            3.744E+09
 197) O1D     + N2O     = N2      + O2           2.581E+05
 198) O1D     + N2O     = NO      + NO           4.039E+05

CH21                PRODUCTION RXS              INT RX RATE    TP =  0.00E+00
 273) CH4     + HV      = CH21    + H2           4.542E+09
 276) CH3     + HV      = CH21    + H            3.077E+03
 278) C2H6    + HV      = CH4     + CH21         3.812E+02

CH21                   LOSS RXS                INT RX RATE    TL =  0.00E+00
  53) CH21    + CH4     = CH3     + CH3          1.329E-09
  54) CH21    + O2      = HCO     + OH           3.163E+08
  55) CH21    + N2      = CH23    + N2           4.225E+09
  92) CH21    + H2      = CH3     + H            7.424E+04
  93) CH21    + CO2     = H2CO    + CO           1.905E+05
 231) CH21    + S2      = HCS     + HS           1.148E-20

CH23                PRODUCTION RXS              INT RX RATE    TP =  0.00E+00
  55) CH21    + N2      = CH23    + N2           4.225E+09
 275) CH4     + HV      = CH23    + H       H    8.343E+08
 277) C2H6    + HV      = CH23    + CH23    H2   1.525E+03

CH23                   LOSS RXS                INT RX RATE    TL =  0.00E+00
  58) CH23    + O2      = HCO     + OH           5.051E+09
  94) CH23    + O       = HCO     + H            6.577E+06
  95) CH23    + CO2     = H2CO    + CO           1.345E+06
 232) CH23    + S2      = HCS     + HS           3.700E-19
 234) CH23    + S       = HCS     + H            2.212E-07

C2H5                PRODUCTION RXS              INT RX RATE    TP =  0.00E+00
  96) C2H6    + OH      = C2H5    + H2O          1.392E+06
  97) C2H6    + O       = C2H5    + OH           1.421E+02
  98) C2H6    + O1D     = C2H5    + OH           4.929E+02

C2H5                   LOSS RXS                INT RX RATE    TL =  0.00E+00
  99) C2H5    + H       = CH3     + CH3          3.374E-01
 100) C2H5    + O       = CH3     + HCO     H    1.114E+00
 101) C2H5    + OH      = CH3     + HCO     H2   2.550E-02
 102) C2H5    + HCO     = C2H6    + CO           1.936E-08
 103) C2H5    + HNO     = C2H6    + NO           6.916E-12
 104) C2H5    + O2      = CH3     + HCO     OH   1.393E+06

SO21                PRODUCTION RXS              INT RX RATE    TP =  0.00E+00
 289) SO2     + HV      = SO21    +              4.543E+08

SO21                   LOSS RXS                INT RX RATE    TL =  0.00E+00
 143) SO21    + M       = SO23    + M            4.128E+07
 144) SO21    + M       = SO2     + M            4.128E+08
 145) SO21    + HV      = SO23    + HV           1.202E+04
 146) SO21    + HV      = SO2     + HV           1.764E+05
 147) SO21    + O2      = SO3     + O            8.781E+01
 148) SO21    + SO2     = SO3     + SO           7.351E-02

SO23                PRODUCTION RXS              INT RX RATE    TP =  0.00E+00
 143) SO21    + M       = SO23    + M            4.128E+07
 145) SO21    + HV      = SO23    + HV           1.202E+04
 290) SO2     + HV      = SO23    +              7.582E+06

SO23                   LOSS RXS                INT RX RATE    TL =  0.00E+00
 149) SO23    + M       = SO2     + M            4.882E+07
 150) SO23    + HV      = SO2     + HV           6.033E+04
 151) SO23    + SO2     = SO3     + SO           1.011E-02

HSO3                PRODUCTION RXS              INT RX RATE    TP =  0.00E+00
 111) SO2     + OH      = HSO3    +              2.117E+07

HSO3                   LOSS RXS                INT RX RATE    TL =  0.00E+00
 116) HSO3    + O2      = HO2     + SO3          2.117E+07

OCS2                PRODUCTION RXS              INT RX RATE    TP =  0.00E+00
 184) OCS     + S       = OCS2    +              9.675E-03

OCS2                   LOSS RXS                INT RX RATE    TL =  0.00E+00
 185) OCS2    + S       = OCS     + S2           5.549E-18
 188) OCS2    + CO      = OCS     + OCS          9.675E-03

CS2X                PRODUCTION RXS              INT RX RATE    TP =  0.00E+00
 310) CS2     + HV      = CS2X    +              1.352E+06

CS2X                   LOSS RXS                INT RX RATE    TL =  0.00E+00
 223) CS2X    + M       = CS2     + M            1.350E+06
 224) CS2X    + O2      = CS      + SO2          1.149E+03
 225) CS2X    + CS2     = CS      + CS      S2   1.621E-07

CS2OH               PRODUCTION RXS              INT RX RATE    TP =  0.00E+00
 221) CS2     + OH      = CS2OH   +              6.994E+04

CS2OH                  LOSS RXS                INT RX RATE    TL =  0.00E+00
 222) CS2OH   + HV      = CS2     + OH           6.994E+04

N2                  PRODUCTION RXS              INT RX RATE    TP =  0.00E+00
  23) O1D     + N2      = O       + N2           2.663E+12
  55) CH21    + N2      = CH23    + N2           4.225E+09
  72) N       + N       = N2      +              5.996E-02
  76) N       + NO      = N2      + O            7.034E+07
 194) H       + N2O     = N2      + OH           1.483E-06
 197) O1D     + N2O     = N2      + O2           2.581E+05
 303) N2O     + HV      = N2      + O1D          9.231E+08

N2                     LOSS RXS                INT RX RATE    TL =  0.00E+00
  23) O1D     + N2      = O       + N2           2.663E+12
  55) CH21    + N2      = CH23    + N2           4.225E+09
