
O                   PRODUCTION RXS              INT RX RATE    TP =  2.24E+15
   8) H       + HO2     = H2O     + O            6.968E+07
  21) O1D     + O3      = O       + O       O2   1.353E+10
  22) OH      + OH      = H2O     + O            3.222E+08
  23) O1D     + N2      = O       + N2           4.472E+14
  24) O1D     + O2      = O       + O2           2.252E+14
  25) O2      + HV      = O       + O            1.459E-74
  26) O3      + HV      = O2      + O            7.426E-10
  73) N       + O2      = NO      + O            1.266E+08
  76) N       + NO      = N2      + O            9.885E+06
 105) SO2     + O1D     = SO2     + O            1.869E+04
 107) SO      + O2      = O       + SO2          1.848E+08
 130) S       + O2      = SO      + O            3.362E+06
 147) SO21    + O2      = SO3     + O            1.672E+05
 180) CO      + O1D     = CO      + O            2.688E+07
 182) CO2     + O1D     = CO2     + O            5.792E+11
 195) N       + NO2     = N2O     + O            3.737E+05
 213) CS      + O2      = OCS     + O            7.114E+06
 259) O2      + HV      = O       + O1D          2.777E+11
 260) O2      + HV      = O       + O            6.800E+12
 263) H2O     + HV      = H       + H       O    7.929E+07
 265) O3      + HV      = O2      + O            1.533E+15
 266) O3      + HV      = O       + O       O    1.554E+11
 268) CO2     + HV      = CO      + O            4.160E+08
 272) HO2     + HV      = OH      + O            2.086E+09
 281) HNO3    + HV      = HNO2    + O            1.625E+08
 283) NO      + HV      = N       + O            1.392E+08
 285) NO2     + HV      = NO      + O            2.307E+13
 286) SO      + HV      = S       + O            1.120E+06
 288) SO2     + HV      = SO      + O            1.767E+08
 298) SO3     + HV      = SO2     + O            4.810E+05
 299) HSO     + HV      = HS      + O            7.234E+00
 302) NO3     + HV      = NO2     + O            3.498E+10
 307) N2O5    + HV      = NO3     + NO      O    4.387E+08

O                      LOSS RXS                INT RX RATE    TL =  2.24E+15
   3) H2      + O       = OH      + H            4.489E+07
  10) OH      + O       = H       + O2           2.488E+12
  14) HO2     + O       = OH      + O2           1.561E+12
  17) O       + O       = O2      +              4.481E+10
  18) O       + O2      = O3      +              2.234E+15
  19) O       + O3      = O2      + O2           1.290E+12
  32) O       + HCO     = H       + CO2          1.679E+05
  33) O       + HCO     = OH      + CO           1.679E+05
  35) CO      + O       = CO2     +              1.961E+05
  46) H2CO    + O       = HCO     + OH           2.337E+08
  47) H2O2    + O       = OH      + HO2          2.266E+06
  60) CH3     + O       = H2CO    + H            5.139E+06
  78) NO      + O       = NO2     +              4.620E+09
  81) NO2     + O       = NO      + O2           3.160E+12
  88) O       + HNO     = OH      + NO           5.860E+04
  91) CH4     + O       = CH3     + OH           4.069E+07
  94) CH23    + O       = HCO     + H            5.670E+04
  97) C2H6    + O       = C2H5    + OH           2.192E+03
 100) C2H5    + O       = CH3     + HCO     H    4.583E-03
 109) SO      + O       = SO2     +              5.148E+04
 112) SO2     + O       = SO3     +              1.222E+05
 115) SO3     + O       = SO2     + O2           1.284E+03
 122) H2S     + O       = OH      + HS           6.935E-01
 123) HS      + O       = H       + SO           2.024E+02
 136) S2      + O       = S       + SO           3.752E+00
 169) HSO     + O       = OH      + SO           6.563E+02
 174) O       + OCS     = CO      + SO           6.421E+05
 175) O       + OCS     = S       + CO2          1.709E+00
 189) O       + NO3     = O2      + NO2          2.751E+08
 192) O       + NO2     = NO3     +              1.206E+10
 200) O       + N2O5    = NO2     + NO2     O2   9.699E+04
 208) O       + HO2NO2  = OH      + NO2     O2   1.826E+05
 211) O       + HNO3    = OH      + NO3          1.471E+06
 218) CS2     + O       = SO      + CS           9.570E+04
 219) CS2     + O       = OCS     + S            8.972E+03
 237) CS2     + O       = CO      + S2           2.233E+03
 241) CS      + O       = CO      + S            6.137E-02

O2                  PRODUCTION RXS              INT RX RATE    TP =  2.47E+15
   5) H       + O3      = OH      + O2           1.045E+12
   7) H       + HO2     = H2      + O2           3.005E+08
  10) OH      + O       = H       + O2           2.488E+12
  11) OH      + HO2     = H2O     + O2           3.586E+10
  12) OH      + O3      = HO2     + O2           4.581E+11
  14) HO2     + O       = OH      + O2           1.561E+12
  15) HO2     + O3      = OH      + O2      O2   1.217E+11
  16) HO2     + HO2     = H2O2    + O2           2.857E+10
  17) O       + O       = O2      +              4.481E+10
  19) O       + O3      = O2      + O2           1.290E+12
  20) O1D     + O3      = O2      + O2           1.353E+10
  21) O1D     + O3      = O       + O       O2   1.353E+10
  24) O1D     + O2      = O       + O2           2.252E+14
  26) O3      + HV      = O2      + O            7.426E-10
  27) O3      + O3      = O2      + O2      O2   2.909E+03
  68) CH3O2   + HO2     = CH3OOH  + O2           6.380E+10
  77) NO      + O3      = NO2     + O2           2.586E+13
  81) NO2     + O       = NO      + O2           3.160E+12
 106) SO2     + O1D     = SO      + O2           5.994E+04
 115) SO3     + O       = SO2     + O2           1.284E+03
 125) HS      + HO2     = H2S     + O2           4.333E+05
 133) S       + HO2     = HS      + O2           5.100E-03
 153) SO      + O3      = SO2     + O2           7.420E+06
 155) HS      + O3      = HSO     + O2           4.734E+08
 158) S       + O3      = SO      + O2           2.702E+02
 170) HSO     + O3      = HS      + O2      O2   4.654E+08
 189) O       + NO3     = O2      + NO2          2.751E+08
 190) HO2     + NO3     = OH      + NO2     O2   1.963E+07
 197) O1D     + N2O     = N2      + O2           6.203E+07
 200) O       + N2O5    = NO2     + NO2     O2   9.699E+04
 204) NO2     + NO3     = NO      + NO2     O2   2.091E+05
 205) NO2     + O3      = NO3     + O2           3.805E+10
 206) NO3     + NO3     = NO2     + NO2     O2   2.674E+00
 208) O       + HO2NO2  = OH      + NO2     O2   1.826E+05
 209) OH      + HO2NO2  = H2O     + NO2     O2   3.650E+09
 212) HO2     + NO2     = HNO2    + O2           2.574E+07
 215) CS      + O3      = OCS     + O2           3.964E+06
 248) CH3S    + O3      = CH3SO   + O2           2.454E+09
 250) CH3SO   + O3      = CH3SO2  + O2           2.432E+09
 252) CH3SO2  + O3      = CH3SO3  + O2           4.692E+07
 264) O3      + HV      = O2      + O1D          6.728E+14
 265) O3      + HV      = O2      + O            1.533E+15
 301) NO3     + HV      = NO      + O2           4.545E+09

O2                     LOSS RXS                INT RX RATE    TL =  2.47E+15
   6) H       + O2      = HO2     +              1.578E+12
  18) O       + O2      = O3      +              2.234E+15
  24) O1D     + O2      = O       + O2           2.252E+14
  25) O2      + HV      = O       + O            1.459E-74
  40) HCO     + O2      = HO2     + CO           4.570E+10
  41) CH2OH   + O2      = H2CO    + HO2          1.037E+08
  42) CH3O    + O2      = H2CO    + HO2          6.124E+10
  54) CH21    + O2      = HCO     + OH           1.898E+06
  58) CH23    + O2      = HCO     + OH           1.934E+06
  59) CH3     + O2      = H2CO    + OH           5.809E+03
  66) CH3     + O2      = CH3O2   +              7.801E+10
  73) N       + O2      = NO      + O            1.266E+08
 104) C2H5    + O2      = CH3     + HCO     OH   9.000E+08
 107) SO      + O2      = O       + SO2          1.848E+08
 116) HSO3    + O2      = HO2     + SO3          1.685E+09
 130) S       + O2      = SO      + O            3.362E+06
 147) SO21    + O2      = SO3     + O            1.672E+05
 213) CS      + O2      = OCS     + O            7.114E+06
 214) CS      + O2      = CO      + SO           8.893E+05
 224) CS2X    + O2      = CS      + SO2          1.980E+07
 245) C2H5S   + O2      = C2H5SO2 +              2.464E+09
 256) C2H7SO  + O2      = C2H6SO  + HO2          8.358E+08
 259) O2      + HV      = O       + O1D          2.777E+11
 260) O2      + HV      = O       + O            6.800E+12

H2O                 PRODUCTION RXS              INT RX RATE    TP =  2.49E+10
   4) H2      + OH      = H2O     + H            4.707E+10
   8) H       + HO2     = H2O     + O            6.968E+07
  11) OH      + HO2     = H2O     + O2           3.586E+10
  13) OH      + H2O2    = HO2     + H2O          1.306E+10
  22) OH      + OH      = H2O     + O            3.222E+08
  31) OH      + HCO     = H2O     + CO           1.132E+01
  43) H2CO    + OH      = H2O     + HCO          2.331E+10
  44) H       + OH      = H2O     +              1.018E+05
  48) CH4     + OH      = CH3     + H2O          7.217E+10
  69) CH3OOH  + OH      = CH3O2   + H2O          3.826E+10
  70) CH3OOH  + OH      = H2O     + H2CO    OH   1.640E+10
  84) HNO3    + OH      = H2O     + NO3          2.361E+09
  89) OH      + HNO     = H2O     + NO           5.035E+05
  90) HNO2    + OH      = H2O     + NO2          4.497E+07
  96) C2H6    + OH      = C2H5    + H2O          8.999E+08
 114) H2SO4   + H2O     = SO3     + H2O     H2O  8.437E+09
 120) H2S     + OH      = H2O     + HS           4.300E+05
 165) HSO     + OH      = H2O     + SO           7.993E+05
 209) OH      + HO2NO2  = H2O     + NO2     O2   3.650E+09
 242) C2H6S   + OH      = C2H5S   + H2O          2.458E+09
 258) CH4SO2  + OH      = CH3SO2  + H2O          8.341E+08
 291) H2SO4   + HV      = SO3     + H2O          2.697E+06

H2O                    LOSS RXS                INT RX RATE    TL =  1.96E+10
   1) H2O     + O1D     = OH      + OH           9.223E+10
 113) SO3     + H2O     = H2SO4   +              1.017E+10
 114) H2SO4   + H2O     = SO3     + H2O     H2O  8.437E+09
 203) N2O5    + H2O     = HNO3    + HNO3         6.734E+04
 261) H2O     + HV      = H       + OH           1.109E+09
 262) H2O     + HV      = H2      + O1D          5.288E+07
 263) H2O     + HV      = H       + H       O    7.929E+07

H                   PRODUCTION RXS              INT RX RATE    TP =  2.63E+12
   2) H2      + O1D     = OH      + H            6.799E+08
   3) H2      + O       = OH      + H            4.489E+07
   4) H2      + OH      = H2O     + H            4.707E+10
  10) OH      + O       = H       + O2           2.488E+12
  32) O       + HCO     = H       + CO2          1.679E+05
  34) CO      + OH      = CO2     + H            6.757E+10
  50) CH4     + O1D     = CH3O    + H            1.037E+08
  51) CH4     + O1D     = CH2OH   + H            1.037E+08
  60) CH3     + O       = H2CO    + H            5.139E+06
  75) N       + OH      = NO      + H            2.039E+06
  86) HNO     + HV      = NO      + H            1.048E+07
  92) CH21    + H2      = CH3     + H            5.592E+01
  94) CH23    + O       = HCO     + H            5.670E+04
 100) C2H5    + O       = CH3     + HCO     H    4.583E-03
 110) SO      + OH      = SO2     + H            1.461E+06
 123) HS      + O       = H       + SO           2.024E+02
 129) HS      + S       = H       + S2           3.335E-11
 131) S       + OH      = SO      + H            1.778E-01
 173) HS      + CO      = OCS     + H            7.122E-06
 226) CS      + HS      = CS2     + H            3.537E-04
 229) S       + HCS     = H       + CS2          1.196E-19
 230) HS      + CO      = OCS     + H            7.207E-06
 234) CH23    + S       = HCS     + H            8.006E-10
 261) H2O     + HV      = H       + OH           1.109E+09
 263) H2O     + HV      = H       + H       O    7.929E+07
 271) H2CO    + HV      = HCO     + H            2.125E+10
 274) CH4     + HV      = CH3     + H            3.560E+06
 275) CH4     + HV      = CH23    + H       H    6.049E+05
 276) CH3     + HV      = CH21    + H            6.375E+02
 287) H2S     + HV      = HS      + H            1.464E+00

H                      LOSS RXS                INT RX RATE    TL =  2.63E+12
   5) H       + O3      = OH      + O2           1.045E+12
   6) H       + O2      = HO2     +              1.578E+12
   7) H       + HO2     = H2      + O2           3.005E+08
   8) H       + HO2     = H2O     + O            6.968E+07
   9) H       + HO2     = OH      + OH           3.136E+09
  28) H       + CO      = HCO     +              1.606E+03
  29) H       + HCO     = H2      + CO           5.716E+02
  36) CO2     + H       = CO      + OH           8.240E-08
  38) H2CO    + H       = H2      + HCO          1.086E+04
  39) H       + H       = H2      +              8.779E+04
  44) H       + OH      = H2O     +              1.018E+05
  62) CH3     + H       = CH4     +              2.268E+01
  71) H       + NO      = HNO     +              5.499E+04
  83) NO2     + H       = NO      + OH           1.981E+08
  87) H       + HNO     = H2      + NO           1.854E+00
  99) C2H5    + H       = CH3     + CH3          6.299E-08
 121) H2S     + H       = H2      + HS           1.247E-03
 128) HS      + H       = H2      + S            6.758E-04
 163) H       + SO      = HSO     +              1.372E+01
 166) HSO     + H       = HS      + OH           2.192E-01
 167) HSO     + H       = H2      + SO           1.096E-01
 172) H       + OCS     = CO      + HS           1.228E+00
 194) H       + N2O     = N2      + OH           1.827E-03
 227) H       + CS      = HCS     +              1.641E-10
 228) H       + HCS     = H2      + CS           8.015E-10
 239) OCS     + H       = CO      + HS           1.224E+00

OH                  PRODUCTION RXS              INT RX RATE    TP =  3.29E+12
   1) H2O     + O1D     = OH      + OH           9.223E+10
   2) H2      + O1D     = OH      + H            6.799E+08
   3) H2      + O       = OH      + H            4.489E+07
   5) H       + O3      = OH      + O2           1.045E+12
   9) H       + HO2     = OH      + OH           3.136E+09
  14) HO2     + O       = OH      + O2           1.561E+12
  15) HO2     + O3      = OH      + O2      O2   1.217E+11
  33) O       + HCO     = OH      + CO           1.679E+05
  36) CO2     + H       = CO      + OH           8.240E-08
  46) H2CO    + O       = HCO     + OH           2.337E+08
  47) H2O2    + O       = OH      + HO2          2.266E+06
  49) CH4     + O1D     = CH3     + OH           7.701E+08
  54) CH21    + O2      = HCO     + OH           1.898E+06
  58) CH23    + O2      = HCO     + OH           1.934E+06
  59) CH3     + O2      = H2CO    + OH           5.809E+03
  70) CH3OOH  + OH      = H2O     + H2CO    OH   1.640E+10
  79) NO      + HO2     = NO2     + OH           3.082E+11
  83) NO2     + H       = NO      + OH           1.981E+08
  88) O       + HNO     = OH      + NO           5.860E+04
  91) CH4     + O       = CH3     + OH           4.069E+07
  97) C2H6    + O       = C2H5    + OH           2.192E+03
  98) C2H6    + O1D     = C2H5    + OH           1.001E+05
 104) C2H5    + O2      = CH3     + HCO     OH   9.000E+08
 108) SO      + HO2     = SO2     + OH           1.659E+05
 122) H2S     + O       = OH      + HS           6.935E-01
 134) S       + HO2     = SO      + OH           5.100E-03
 154) SO2     + HO2     = SO3     + OH           1.368E+05
 156) HS      + HO2     = HSO     + OH           4.333E+05
 166) HSO     + H       = HS      + OH           2.192E-01
 169) HSO     + O       = OH      + SO           6.563E+02
 190) HO2     + NO3     = OH      + NO2     O2   1.963E+07
 194) H       + N2O     = N2      + OH           1.827E-03
 199) N       + HO2     = NO      + OH           3.182E+05
 208) O       + HO2NO2  = OH      + NO2     O2   1.826E+05
 211) O       + HNO3    = OH      + NO3          1.471E+06
 222) CS2OH   + HV      = CS2     + OH           3.692E+07
 261) H2O     + HV      = H       + OH           1.109E+09
 267) H2O2    + HV      = OH      + OH           9.626E+09
 272) HO2     + HV      = OH      + O            2.086E+09
 279) HNO2    + HV      = NO      + OH           3.945E+09
 280) HNO3    + HV      = NO2     + OH           6.374E+09
 305) HO2NO2  + HV      = OH      + NO3          5.922E+08
 308) CH3OOH  + HV      = CH3O    + OH           8.664E+09

OH                     LOSS RXS                INT RX RATE    TL =  3.29E+12
   4) H2      + OH      = H2O     + H            4.707E+10
  10) OH      + O       = H       + O2           2.488E+12
  11) OH      + HO2     = H2O     + O2           3.586E+10
  12) OH      + O3      = HO2     + O2           4.581E+11
  13) OH      + H2O2    = HO2     + H2O          1.306E+10
  22) OH      + OH      = H2O     + O            3.222E+08
  31) OH      + HCO     = H2O     + CO           1.132E+01
  34) CO      + OH      = CO2     + H            6.757E+10
  43) H2CO    + OH      = H2O     + HCO          2.331E+10
  44) H       + OH      = H2O     +              1.018E+05
  45) OH      + OH      = H2O2    +              2.025E+07
  48) CH4     + OH      = CH3     + H2O          7.217E+10
  69) CH3OOH  + OH      = CH3O2   + H2O          3.826E+10
  70) CH3OOH  + OH      = H2O     + H2CO    OH   1.640E+10
  75) N       + OH      = NO      + H            2.039E+06
  80) NO      + OH      = HNO2    +              3.685E+09
  82) NO2     + OH      = HNO3    +              1.037E+10
  84) HNO3    + OH      = H2O     + NO3          2.361E+09
  89) OH      + HNO     = H2O     + NO           5.035E+05
  90) HNO2    + OH      = H2O     + NO2          4.497E+07
  96) C2H6    + OH      = C2H5    + H2O          8.999E+08
 101) C2H5    + OH      = CH3     + HCO     H2   1.489E-03
 110) SO      + OH      = SO2     + H            1.461E+06
 111) SO2     + OH      = HSO3    +              1.685E+09
 120) H2S     + OH      = H2O     + HS           4.300E+05
 131) S       + OH      = SO      + H            1.778E-01
 165) HSO     + OH      = H2O     + SO           7.993E+05
 177) OCS     + OH      = CO2     + HS           1.177E+07
 193) OH      + NO3     = HO2     + NO2          2.507E+07
 209) OH      + HO2NO2  = H2O     + NO2     O2   3.650E+09
 220) CS2     + OH      = OCS     + HS           9.230E+04
 221) CS2     + OH      = CS2OH   +              3.692E+07
 242) C2H6S   + OH      = C2H5S   + H2O          2.458E+09
 243) C2H6S   + OH      = C2H7SO  +              8.358E+08
 257) C2H6SO  + OH      = CH4SO2  + CH3          8.341E+08
 258) CH4SO2  + OH      = CH3SO2  + H2O          8.341E+08

HO2                 PRODUCTION RXS              INT RX RATE    TP =  2.18E+12
   6) H       + O2      = HO2     +              1.578E+12
  12) OH      + O3      = HO2     + O2           4.581E+11
  13) OH      + H2O2    = HO2     + H2O          1.306E+10
  40) HCO     + O2      = HO2     + CO           4.570E+10
  41) CH2OH   + O2      = H2CO    + HO2          1.037E+08
  42) CH3O    + O2      = H2CO    + HO2          6.124E+10
  47) H2O2    + O       = OH      + HO2          2.266E+06
 116) HSO3    + O2      = HO2     + SO3          1.685E+09
 193) OH      + NO3     = HO2     + NO2          2.507E+07
 210) HO2NO2  + M       = HO2     + NO2          1.525E+10
 256) C2H7SO  + O2      = C2H6SO  + HO2          8.358E+08
 304) HO2NO2  + HV      = HO2     + NO2          2.326E+09

HO2                    LOSS RXS                INT RX RATE    TL =  2.18E+12
   7) H       + HO2     = H2      + O2           3.005E+08
   8) H       + HO2     = H2O     + O            6.968E+07
   9) H       + HO2     = OH      + OH           3.136E+09
  11) OH      + HO2     = H2O     + O2           3.586E+10
  14) HO2     + O       = OH      + O2           1.561E+12
  15) HO2     + O3      = OH      + O2      O2   1.217E+11
  16) HO2     + HO2     = H2O2    + O2           2.857E+10
  68) CH3O2   + HO2     = CH3OOH  + O2           6.380E+10
  79) NO      + HO2     = NO2     + OH           3.082E+11
 108) SO      + HO2     = SO2     + OH           1.659E+05
 125) HS      + HO2     = H2S     + O2           4.333E+05
 133) S       + HO2     = HS      + O2           5.100E-03
 134) S       + HO2     = SO      + OH           5.100E-03
 154) SO2     + HO2     = SO3     + OH           1.368E+05
 156) HS      + HO2     = HSO     + OH           4.333E+05
 190) HO2     + NO3     = OH      + NO2     O2   1.963E+07
 199) N       + HO2     = NO      + OH           3.182E+05
 207) HO2     + NO2     = HO2NO2  +              2.184E+10
 212) HO2     + NO2     = HNO2    + O2           2.574E+07
 272) HO2     + HV      = OH      + O            2.086E+09

H2O2                PRODUCTION RXS              INT RX RATE    TP =  2.86E+10
  16) HO2     + HO2     = H2O2    + O2           2.857E+10
  45) OH      + OH      = H2O2    +              2.025E+07

H2O2                   LOSS RXS                INT RX RATE    TL =  2.72E+10
  13) OH      + H2O2    = HO2     + H2O          1.306E+10
  47) H2O2    + O       = OH      + HO2          2.266E+06
 267) H2O2    + HV      = OH      + OH           9.626E+09

H2                  PRODUCTION RXS              INT RX RATE    TP =  3.40E+10
   7) H       + HO2     = H2      + O2           3.005E+08
  29) H       + HCO     = H2      + CO           5.716E+02
  38) H2CO    + H       = H2      + HCO          1.086E+04
  39) H       + H       = H2      +              8.779E+04
  52) CH4     + O1D     = H2CO    + H2           5.183E+07
  87) H       + HNO     = H2      + NO           1.854E+00
 101) C2H5    + OH      = CH3     + HCO     H2   1.489E-03
 121) H2S     + H       = H2      + HS           1.247E-03
 128) HS      + H       = H2      + S            6.758E-04
 167) HSO     + H       = H2      + SO           1.096E-01
 228) H       + HCS     = H2      + CS           8.015E-10
 262) H2O     + HV      = H2      + O1D          5.288E+07
 270) H2CO    + HV      = H2      + CO           3.346E+10
 273) CH4     + HV      = CH21    + H2           3.283E+06
 277) C2H6    + HV      = CH23    + CH23    H2   9.151E-05

H2                     LOSS RXS                INT RX RATE    TL =  4.78E+10
   2) H2      + O1D     = OH      + H            6.799E+08
   3) H2      + O       = OH      + H            4.489E+07
   4) H2      + OH      = H2O     + H            4.707E+10
  92) CH21    + H2      = CH3     + H            5.592E+01

CO                  PRODUCTION RXS              INT RX RATE    TP =  8.00E+10
  29) H       + HCO     = H2      + CO           5.716E+02
  30) HCO     + HCO     = H2CO    + CO           1.120E-08
  31) OH      + HCO     = H2O     + CO           1.132E+01
  33) O       + HCO     = OH      + CO           1.679E+05
  36) CO2     + H       = CO      + OH           8.240E-08
  40) HCO     + O2      = HO2     + CO           4.570E+10
  63) CH3     + HCO     = CH4     + CO           2.876E-06
  85) HCO     + NO      = HNO     + CO           1.014E+02
  93) CH21    + CO2     = H2CO    + CO           5.351E+01
  95) CH23    + CO2     = H2CO    + CO           1.489E+01
 102) C2H5    + HCO     = C2H6    + CO           3.747E-12
 127) HS      + HCO     = H2S     + CO           1.384E-05
 132) S       + HCO     = HS      + CO           5.498E-10
 162) SO      + HCO     = HSO     + CO           3.006E-04
 172) H       + OCS     = CO      + HS           1.228E+00
 174) O       + OCS     = CO      + SO           6.421E+05
 176) OCS     + S       = CO      + S2           1.773E-05
 180) CO      + O1D     = CO      + O            2.688E+07
 214) CS      + O2      = CO      + SO           8.893E+05
 217) CS      + O3      = CO      + SO2          3.964E+06
 237) CS2     + O       = CO      + S2           2.233E+03
 239) OCS     + H       = CO      + HS           1.224E+00
 241) CS      + O       = CO      + S            6.137E-02
 268) CO2     + HV      = CO      + O            4.160E+08
 269) CO2     + HV      = CO      + O1D          3.592E+08
 270) H2CO    + HV      = H2      + CO           3.346E+10
 300) OCS     + HV      = CO      + S            2.227E+06

CO                     LOSS RXS                INT RX RATE    TL =  6.76E+10
  28) H       + CO      = HCO     +              1.606E+03
  34) CO      + OH      = CO2     + H            6.757E+10
  35) CO      + O       = CO2     +              1.961E+05
 173) HS      + CO      = OCS     + H            7.122E-06
 179) S       + CO      = OCS     +              2.454E-07
 180) CO      + O1D     = CO      + O            2.688E+07
 188) OCS2    + CO      = OCS     + OCS          8.863E-06
 230) HS      + CO      = OCS     + H            7.207E-06

HCO                 PRODUCTION RXS              INT RX RATE    TP =  4.57E+10
  28) H       + CO      = HCO     +              1.606E+03
  38) H2CO    + H       = H2      + HCO          1.086E+04
  43) H2CO    + OH      = H2O     + HCO          2.331E+10
  46) H2CO    + O       = HCO     + OH           2.337E+08
  54) CH21    + O2      = HCO     + OH           1.898E+06
  58) CH23    + O2      = HCO     + OH           1.934E+06
  65) CH3     + H2CO    = CH4     + HCO          2.129E-05
  94) CH23    + O       = HCO     + H            5.670E+04
 100) C2H5    + O       = CH3     + HCO     H    4.583E-03
 101) C2H5    + OH      = CH3     + HCO     H2   1.489E-03
 104) C2H5    + O2      = CH3     + HCO     OH   9.000E+08
 271) H2CO    + HV      = HCO     + H            2.125E+10

HCO                    LOSS RXS                INT RX RATE    TL =  4.57E+10
  29) H       + HCO     = H2      + CO           5.716E+02
  30) HCO     + HCO     = H2CO    + CO           1.120E-08
  31) OH      + HCO     = H2O     + CO           1.132E+01
  32) O       + HCO     = H       + CO2          1.679E+05
  33) O       + HCO     = OH      + CO           1.679E+05
  40) HCO     + O2      = HO2     + CO           4.570E+10
  63) CH3     + HCO     = CH4     + CO           2.876E-06
  85) HCO     + NO      = HNO     + CO           1.014E+02
 102) C2H5    + HCO     = C2H6    + CO           3.747E-12
 127) HS      + HCO     = H2S     + CO           1.384E-05
 132) S       + HCO     = HS      + CO           5.498E-10
 162) SO      + HCO     = HSO     + CO           3.006E-04

H2CO                PRODUCTION RXS              INT RX RATE    TP =  8.03E+10
  30) HCO     + HCO     = H2CO    + CO           1.120E-08
  41) CH2OH   + O2      = H2CO    + HO2          1.037E+08
  42) CH3O    + O2      = H2CO    + HO2          6.124E+10
  52) CH4     + O1D     = H2CO    + H2           5.183E+07
  59) CH3     + O2      = H2CO    + OH           5.809E+03
  60) CH3     + O       = H2CO    + H            5.139E+06
  70) CH3OOH  + OH      = H2O     + H2CO    OH   1.640E+10
  93) CH21    + CO2     = H2CO    + CO           5.351E+01
  95) CH23    + CO2     = H2CO    + CO           1.489E+01
 247) C2H5SO  + HV      = H2CO    + CH3S         2.464E+09

H2CO                   LOSS RXS                INT RX RATE    TL =  7.95E+10
  38) H2CO    + H       = H2      + HCO          1.086E+04
  43) H2CO    + OH      = H2O     + HCO          2.331E+10
  46) H2CO    + O       = HCO     + OH           2.337E+08
  65) CH3     + H2CO    = CH4     + HCO          2.129E-05
 270) H2CO    + HV      = H2      + CO           3.346E+10
 271) H2CO    + HV      = HCO     + H            2.125E+10

CH3O                PRODUCTION RXS              INT RX RATE    TP =  6.12E+10
  50) CH4     + O1D     = CH3O    + H            1.037E+08
  67) CH3O2   + NO      = CH3O    + NO2          5.247E+10
 308) CH3OOH  + HV      = CH3O    + OH           8.664E+09

CH3O                   LOSS RXS                INT RX RATE    TL =  6.12E+10
  42) CH3O    + O2      = H2CO    + HO2          6.124E+10

CH2OH               PRODUCTION RXS              INT RX RATE    TP =  1.04E+08
  51) CH4     + O1D     = CH2OH   + H            1.037E+08

CH2OH                  LOSS RXS                INT RX RATE    TL =  1.04E+08
  41) CH2OH   + O2      = H2CO    + HO2          1.037E+08

CH3O2               PRODUCTION RXS              INT RX RATE    TP =  1.16E+11
  66) CH3     + O2      = CH3O2   +              7.801E+10
  69) CH3OOH  + OH      = CH3O2   + H2O          3.826E+10

CH3O2                  LOSS RXS                INT RX RATE    TL =  1.16E+11
  67) CH3O2   + NO      = CH3O    + NO2          5.247E+10
  68) CH3O2   + HO2     = CH3OOH  + O2           6.380E+10

CH3OOH              PRODUCTION RXS              INT RX RATE    TP =  6.38E+10
  68) CH3O2   + HO2     = CH3OOH  + O2           6.380E+10

CH3OOH                 LOSS RXS                INT RX RATE    TL =  6.38E+10
  69) CH3OOH  + OH      = CH3O2   + H2O          3.826E+10
  70) CH3OOH  + OH      = H2O     + H2CO    OH   1.640E+10
 308) CH3OOH  + HV      = CH3O    + OH           8.664E+09

CH4                 PRODUCTION RXS              INT RX RATE    TP =  2.27E+01
  62) CH3     + H       = CH4     +              2.268E+01
  63) CH3     + HCO     = CH4     + CO           2.876E-06
  64) CH3     + HNO     = CH4     + NO           1.109E-05
  65) CH3     + H2CO    = CH4     + HCO          2.129E-05
 233) CH3     + HCS     = CH4     + CS           1.331E-14
 278) C2H6    + HV      = CH4     + CH21         2.288E-05

CH4                    LOSS RXS                INT RX RATE    TL =  7.33E+10
  48) CH4     + OH      = CH3     + H2O          7.217E+10
  49) CH4     + O1D     = CH3     + OH           7.701E+08
  50) CH4     + O1D     = CH3O    + H            1.037E+08
  51) CH4     + O1D     = CH2OH   + H            1.037E+08
  52) CH4     + O1D     = H2CO    + H2           5.183E+07
  53) CH21    + CH4     = CH3     + CH3          2.015E-12
  91) CH4     + O       = CH3     + OH           4.069E+07
 273) CH4     + HV      = CH21    + H2           3.283E+06
 274) CH4     + HV      = CH3     + H            3.560E+06
 275) CH4     + HV      = CH23    + H       H    6.049E+05

CH3                 PRODUCTION RXS              INT RX RATE    TP =  7.80E+10
  48) CH4     + OH      = CH3     + H2O          7.217E+10
  49) CH4     + O1D     = CH3     + OH           7.701E+08
  53) CH21    + CH4     = CH3     + CH3          2.015E-12
  91) CH4     + O       = CH3     + OH           4.069E+07
  92) CH21    + H2      = CH3     + H            5.592E+01
  99) C2H5    + H       = CH3     + CH3          6.299E-08
 100) C2H5    + O       = CH3     + HCO     H    4.583E-03
 101) C2H5    + OH      = CH3     + HCO     H2   1.489E-03
 104) C2H5    + O2      = CH3     + HCO     OH   9.000E+08
 254) CH3SO2  + HV      = CH3     + SO2          3.251E+09
 255) CH3SO3  + HV      = CH3     + SO3          4.703E+07
 257) C2H6SO  + OH      = CH4SO2  + CH3          8.341E+08
 274) CH4     + HV      = CH3     + H            3.560E+06

CH3                    LOSS RXS                INT RX RATE    TL =  7.80E+10
  59) CH3     + O2      = H2CO    + OH           5.809E+03
  60) CH3     + O       = H2CO    + H            5.139E+06
  61) CH3     + CH3     = C2H6    +              5.282E-04
  62) CH3     + H       = CH4     +              2.268E+01
  63) CH3     + HCO     = CH4     + CO           2.876E-06
  64) CH3     + HNO     = CH4     + NO           1.109E-05
  65) CH3     + H2CO    = CH4     + HCO          2.129E-05
  66) CH3     + O2      = CH3O2   +              7.801E+10
 233) CH3     + HCS     = CH4     + CS           1.331E-14
 276) CH3     + HV      = CH21    + H            6.375E+02

C2H6                PRODUCTION RXS              INT RX RATE    TP =  5.28E-04
  61) CH3     + CH3     = C2H6    +              5.282E-04
 102) C2H5    + HCO     = C2H6    + CO           3.747E-12
 103) C2H5    + HNO     = C2H6    + NO           6.307E-09

C2H6                   LOSS RXS                INT RX RATE    TL =  9.00E+08
  96) C2H6    + OH      = C2H5    + H2O          8.999E+08
  97) C2H6    + O       = C2H5    + OH           2.192E+03
  98) C2H6    + O1D     = C2H5    + OH           1.001E+05
 277) C2H6    + HV      = CH23    + CH23    H2   9.151E-05
 278) C2H6    + HV      = CH4     + CH21         2.288E-05

NO                  PRODUCTION RXS              INT RX RATE    TP =  2.62E+13
  64) CH3     + HNO     = CH4     + NO           1.109E-05
  73) N       + O2      = NO      + O            1.266E+08
  75) N       + OH      = NO      + H            2.039E+06
  81) NO2     + O       = NO      + O2           3.160E+12
  83) NO2     + H       = NO      + OH           1.981E+08
  86) HNO     + HV      = NO      + H            1.048E+07
  87) H       + HNO     = H2      + NO           1.854E+00
  88) O       + HNO     = OH      + NO           5.860E+04
  89) OH      + HNO     = H2O     + NO           5.035E+05
 103) C2H5    + HNO     = C2H6    + NO           6.307E-09
 152) SO      + NO2     = SO2     + NO           2.503E+06
 157) HS      + NO2     = HSO     + NO           3.400E+06
 198) O1D     + N2O     = NO      + NO           9.705E+07
 199) N       + HO2     = NO      + OH           3.182E+05
 204) NO2     + NO3     = NO      + NO2     O2   2.091E+05
 249) CH3S    + NO2     = CH3SO   + NO           9.756E+06
 251) CH3SO   + NO2     = CH3SO2  + NO           3.217E+07
 253) CH3SO2  + NO2     = CH3SO3  + NO           1.136E+05
 279) HNO2    + HV      = NO      + OH           3.945E+09
 284) NO2     + HV      = NO      + O1D          3.589E+09
 285) NO2     + HV      = NO      + O            2.307E+13
 301) NO3     + HV      = NO      + O2           4.545E+09
 307) N2O5    + HV      = NO3     + NO      O    4.387E+08

NO                     LOSS RXS                INT RX RATE    TL =  2.62E+13
  67) CH3O2   + NO      = CH3O    + NO2          5.247E+10
  71) H       + NO      = HNO     +              5.499E+04
  76) N       + NO      = N2      + O            9.885E+06
  77) NO      + O3      = NO2     + O2           2.586E+13
  78) NO      + O       = NO2     +              4.620E+09
  79) NO      + HO2     = NO2     + OH           3.082E+11
  80) NO      + OH      = HNO2    +              3.685E+09
  85) HCO     + NO      = HNO     + CO           1.014E+02
 164) HSO     + NO      = HNO     + SO           1.100E+07
 191) NO      + NO3     = NO2     + NO2          1.321E+10
 246) C2H5SO2 + NO      = C2H5SO  + NO2          2.464E+09
 283) NO      + HV      = N       + O            1.392E+08

NO2                 PRODUCTION RXS              INT RX RATE    TP =  2.63E+13
  67) CH3O2   + NO      = CH3O    + NO2          5.247E+10
  77) NO      + O3      = NO2     + O2           2.586E+13
  78) NO      + O       = NO2     +              4.620E+09
  79) NO      + HO2     = NO2     + OH           3.082E+11
  90) HNO2    + OH      = H2O     + NO2          4.497E+07
 189) O       + NO3     = O2      + NO2          2.751E+08
 190) HO2     + NO3     = OH      + NO2     O2   1.963E+07
 191) NO      + NO3     = NO2     + NO2          1.321E+10
 193) OH      + NO3     = HO2     + NO2          2.507E+07
 200) O       + N2O5    = NO2     + NO2     O2   9.699E+04
 202) N2O5    + M       = NO3     + NO2          1.083E+07
 204) NO2     + NO3     = NO      + NO2     O2   2.091E+05
 206) NO3     + NO3     = NO2     + NO2     O2   2.674E+00
 208) O       + HO2NO2  = OH      + NO2     O2   1.826E+05
 209) OH      + HO2NO2  = H2O     + NO2     O2   3.650E+09
 210) HO2NO2  + M       = HO2     + NO2          1.525E+10
 246) C2H5SO2 + NO      = C2H5SO  + NO2          2.464E+09
 280) HNO3    + HV      = NO2     + OH           6.374E+09
 302) NO3     + HV      = NO2     + O            3.498E+10
 304) HO2NO2  + HV      = HO2     + NO2          2.326E+09
 306) N2O5    + HV      = NO3     + NO2          9.430E+07

NO2                    LOSS RXS                INT RX RATE    TL =  2.63E+13
  81) NO2     + O       = NO      + O2           3.160E+12
  82) NO2     + OH      = HNO3    +              1.037E+10
  83) NO2     + H       = NO      + OH           1.981E+08
 152) SO      + NO2     = SO2     + NO           2.503E+06
 157) HS      + NO2     = HSO     + NO           3.400E+06
 192) O       + NO2     = NO3     +              1.206E+10
 195) N       + NO2     = N2O     + O            3.737E+05
 201) NO2     + NO3     = N2O5    +              5.440E+08
 204) NO2     + NO3     = NO      + NO2     O2   2.091E+05
 205) NO2     + O3      = NO3     + O2           3.805E+10
 207) HO2     + NO2     = HO2NO2  +              2.184E+10
 212) HO2     + NO2     = HNO2    + O2           2.574E+07
 249) CH3S    + NO2     = CH3SO   + NO           9.756E+06
 251) CH3SO   + NO2     = CH3SO2  + NO           3.217E+07
 253) CH3SO2  + NO2     = CH3SO3  + NO           1.136E+05
 284) NO2     + HV      = NO      + O1D          3.589E+09
 285) NO2     + HV      = NO      + O            2.307E+13

HNO                 PRODUCTION RXS              INT RX RATE    TP =  1.11E+07
  71) H       + NO      = HNO     +              5.499E+04
  85) HCO     + NO      = HNO     + CO           1.014E+02
 164) HSO     + NO      = HNO     + SO           1.100E+07

HNO                    LOSS RXS                INT RX RATE    TL =  1.10E+07
  64) CH3     + HNO     = CH4     + NO           1.109E-05
  86) HNO     + HV      = NO      + H            1.048E+07
  87) H       + HNO     = H2      + NO           1.854E+00
  88) O       + HNO     = OH      + NO           5.860E+04
  89) OH      + HNO     = H2O     + NO           5.035E+05
 103) C2H5    + HNO     = C2H6    + NO           6.307E-09

H2S                 PRODUCTION RXS              INT RX RATE    TP =  4.33E+05
 125) HS      + HO2     = H2S     + O2           4.333E+05
 126) HS      + HS      = H2S     + S            4.173E+00
 127) HS      + HCO     = H2S     + CO           1.384E-05
 168) HSO     + HS      = H2S     + SO           9.761E+00
 235) HS      + HCS     = H2S     + CS           1.632E-10

H2S                    LOSS RXS                INT RX RATE    TL =  4.30E+05
 120) H2S     + OH      = H2O     + HS           4.300E+05
 121) H2S     + H       = H2      + HS           1.247E-03
 122) H2S     + O       = OH      + HS           6.935E-01
 287) H2S     + HV      = HS      + H            1.464E+00

HS                  PRODUCTION RXS              INT RX RATE    TP =  4.78E+08
 120) H2S     + OH      = H2O     + HS           4.300E+05
 121) H2S     + H       = H2      + HS           1.247E-03
 122) H2S     + O       = OH      + HS           6.935E-01
 132) S       + HCO     = HS      + CO           5.498E-10
 133) S       + HO2     = HS      + O2           5.100E-03
 166) HSO     + H       = HS      + OH           2.192E-01
 170) HSO     + O3      = HS      + O2      O2   4.654E+08
 171) HSO     + S       = HS      + SO           1.480E-09
 172) H       + OCS     = CO      + HS           1.228E+00
 177) OCS     + OH      = CO2     + HS           1.177E+07
 220) CS2     + OH      = OCS     + HS           9.230E+04
 231) CH21    + S2      = HCS     + HS           7.133E-24
 232) CH23    + S2      = HCS     + HS           6.366E-24
 236) S       + HCS     = HS      + CS           5.982E-20
 239) OCS     + H       = CO      + HS           1.224E+00
 287) H2S     + HV      = HS      + H            1.464E+00
 299) HSO     + HV      = HS      + O            7.234E+00

HS                     LOSS RXS                INT RX RATE    TL =  4.78E+08
 123) HS      + O       = H       + SO           2.024E+02
 125) HS      + HO2     = H2S     + O2           4.333E+05
 126) HS      + HS      = H2S     + S            4.173E+00
 127) HS      + HCO     = H2S     + CO           1.384E-05
 128) HS      + H       = H2      + S            6.758E-04
 129) HS      + S       = H       + S2           3.335E-11
 155) HS      + O3      = HSO     + O2           4.734E+08
 156) HS      + HO2     = HSO     + OH           4.333E+05
 157) HS      + NO2     = HSO     + NO           3.400E+06
 168) HSO     + HS      = H2S     + SO           9.761E+00
 173) HS      + CO      = OCS     + H            7.122E-06
 226) CS      + HS      = CS2     + H            3.537E-04
 230) HS      + CO      = OCS     + H            7.207E-06
 235) HS      + HCS     = H2S     + CS           1.632E-10

S                   PRODUCTION RXS              INT RX RATE    TP =  3.36E+06
 126) HS      + HS      = H2S     + S            4.173E+00
 128) HS      + H       = H2      + S            6.758E-04
 136) S2      + O       = S       + SO           3.752E+00
 159) SO      + SO      = SO2     + S            2.973E-02
 175) O       + OCS     = S       + CO2          1.709E+00
 219) CS2     + O       = OCS     + S            8.972E+03
 241) CS      + O       = CO      + S            6.137E-02
 286) SO      + HV      = S       + O            1.120E+06
 292) S2      + HV      = S       + S            2.229E+03
 294) S3      + HV      = S2      + S            3.323E-13
 300) OCS     + HV      = CO      + S            2.227E+06
 309) CS2     + HV      = CS      + S            1.116E+03

S                      LOSS RXS                INT RX RATE    TL =  3.36E+06
 129) HS      + S       = H       + S2           3.335E-11
 130) S       + O2      = SO      + O            3.362E+06
 131) S       + OH      = SO      + H            1.778E-01
 132) S       + HCO     = HS      + CO           5.498E-10
 133) S       + HO2     = HS      + O2           5.100E-03
 134) S       + HO2     = SO      + OH           5.100E-03
 135) S       + S       = S2      +              1.793E-18
 139) S       + S2      = S3      +              3.323E-13
 141) S       + S3      = S4      +              4.601E-33
 158) S       + O3      = SO      + O2           2.702E+02
 171) HSO     + S       = HS      + SO           1.480E-09
 176) OCS     + S       = CO      + S2           1.773E-05
 179) S       + CO      = OCS     +              2.454E-07
 184) OCS     + S       = OCS2    +              8.863E-06
 185) OCS2    + S       = OCS     + S2           4.650E-21
 229) S       + HCS     = H       + CS2          1.196E-19
 234) CH23    + S       = HCS     + H            8.006E-10
 236) S       + HCS     = HS      + CS           5.982E-20
 240) CS2     + S       = CS      + S2           3.765E-10

SO                  PRODUCTION RXS              INT RX RATE    TP =  1.98E+08
 106) SO2     + O1D     = SO      + O2           5.994E+04
 123) HS      + O       = H       + SO           2.024E+02
 130) S       + O2      = SO      + O            3.362E+06
 131) S       + OH      = SO      + H            1.778E-01
 134) S       + HO2     = SO      + OH           5.100E-03
 136) S2      + O       = S       + SO           3.752E+00
 148) SO21    + SO2     = SO3     + SO           1.577E+00
 151) SO23    + SO2     = SO3     + SO           2.018E-01
 158) S       + O3      = SO      + O2           2.702E+02
 164) HSO     + NO      = HNO     + SO           1.100E+07
 165) HSO     + OH      = H2O     + SO           7.993E+05
 167) HSO     + H       = H2      + SO           1.096E-01
 168) HSO     + HS      = H2S     + SO           9.761E+00
 169) HSO     + O       = OH      + SO           6.563E+02
 171) HSO     + S       = HS      + SO           1.480E-09
 174) O       + OCS     = CO      + SO           6.421E+05
 214) CS      + O2      = CO      + SO           8.893E+05
 216) CS      + O3      = SO      + CO2          3.964E+06
 218) CS2     + O       = SO      + CS           9.570E+04
 288) SO2     + HV      = SO      + O            1.767E+08

SO                     LOSS RXS                INT RX RATE    TL =  1.98E+08
 107) SO      + O2      = O       + SO2          1.848E+08
 108) SO      + HO2     = SO2     + OH           1.659E+05
 109) SO      + O       = SO2     +              5.148E+04
 110) SO      + OH      = SO2     + H            1.461E+06
 152) SO      + NO2     = SO2     + NO           2.503E+06
 153) SO      + O3      = SO2     + O2           7.420E+06
 159) SO      + SO      = SO2     + S            2.973E-02
 160) SO3     + SO      = SO2     + SO2          1.897E-02
 162) SO      + HCO     = HSO     + CO           3.006E-04
 163) H       + SO      = HSO     +              1.372E+01
 238) CS2     + SO      = OCS     + S2           1.069E-04
 286) SO      + HV      = S       + O            1.120E+06

SO2                 PRODUCTION RXS              INT RX RATE    TP =  6.18E+10
 105) SO2     + O1D     = SO2     + O            1.869E+04
 107) SO      + O2      = O       + SO2          1.848E+08
 108) SO      + HO2     = SO2     + OH           1.659E+05
 109) SO      + O       = SO2     +              5.148E+04
 110) SO      + OH      = SO2     + H            1.461E+06
 115) SO3     + O       = SO2     + O2           1.284E+03
 144) SO21    + M       = SO2     + M            5.241E+10
 146) SO21    + HV      = SO2     + HV           1.248E+08
 149) SO23    + M       = SO2     + M            5.715E+09
 150) SO23    + HV      = SO2     + HV           2.720E+07
 152) SO      + NO2     = SO2     + NO           2.503E+06
 153) SO      + O3      = SO2     + O2           7.420E+06
 159) SO      + SO      = SO2     + S            2.973E-02
 160) SO3     + SO      = SO2     + SO2          1.897E-02
 217) CS      + O3      = CO      + SO2          3.964E+06
 224) CS2X    + O2      = CS      + SO2          1.980E+07
 254) CH3SO2  + HV      = CH3     + SO2          3.251E+09
 298) SO3     + HV      = SO2     + O            4.810E+05

SO2                    LOSS RXS                INT RX RATE    TL =  6.09E+10
 105) SO2     + O1D     = SO2     + O            1.869E+04
 106) SO2     + O1D     = SO      + O2           5.994E+04
 111) SO2     + OH      = HSO3    +              1.685E+09
 112) SO2     + O       = SO3     +              1.222E+05
 148) SO21    + SO2     = SO3     + SO           1.577E+00
 151) SO23    + SO2     = SO3     + SO           2.018E-01
 154) SO2     + HO2     = SO3     + OH           1.368E+05
 288) SO2     + HV      = SO      + O            1.767E+08
 289) SO2     + HV      = SO21    +              5.779E+10
 290) SO2     + HV      = SO23    +              4.927E+08

H2SO4               PRODUCTION RXS              INT RX RATE    TP =  1.02E+10
 113) SO3     + H2O     = H2SO4   +              1.017E+10

H2SO4                  LOSS RXS                INT RX RATE    TL =  1.00E+10
 114) H2SO4   + H2O     = SO3     + H2O     H2O  8.437E+09
 291) H2SO4   + HV      = SO3     + H2O          2.697E+06

HSO                 PRODUCTION RXS              INT RX RATE    TP =  4.77E+08
 155) HS      + O3      = HSO     + O2           4.734E+08
 156) HS      + HO2     = HSO     + OH           4.333E+05
 157) HS      + NO2     = HSO     + NO           3.400E+06
 162) SO      + HCO     = HSO     + CO           3.006E-04
 163) H       + SO      = HSO     +              1.372E+01

HSO                    LOSS RXS                INT RX RATE    TL =  4.77E+08
 164) HSO     + NO      = HNO     + SO           1.100E+07
 165) HSO     + OH      = H2O     + SO           7.993E+05
 166) HSO     + H       = HS      + OH           2.192E-01
 167) HSO     + H       = H2      + SO           1.096E-01
 168) HSO     + HS      = H2S     + SO           9.761E+00
 169) HSO     + O       = OH      + SO           6.563E+02
 170) HSO     + O3      = HS      + O2      O2   4.654E+08
 171) HSO     + S       = HS      + SO           1.480E-09
 299) HSO     + HV      = HS      + O            7.234E+00

S2                  PRODUCTION RXS              INT RX RATE    TP =  2.23E+03
 129) HS      + S       = H       + S2           3.335E-11
 135) S       + S       = S2      +              1.793E-18
 176) OCS     + S       = CO      + S2           1.773E-05
 185) OCS2    + S       = OCS     + S2           4.650E-21
 225) CS2X    + CS2     = CS      + CS      S2   1.234E-04
 237) CS2     + O       = CO      + S2           2.233E+03
 238) CS2     + SO      = OCS     + S2           1.069E-04
 240) CS2     + S       = CS      + S2           3.765E-10
 293) S4      + HV      = S2      + S2           9.038E-03
 294) S3      + HV      = S2      + S            3.323E-13

S2                     LOSS RXS                INT RX RATE    TL =  2.23E+03
 136) S2      + O       = S       + SO           3.752E+00
 139) S       + S2      = S3      +              3.323E-13
 140) S2      + S2      = S4      +              9.038E-03
 231) CH21    + S2      = HCS     + HS           7.133E-24
 232) CH23    + S2      = HCS     + HS           6.366E-24
 292) S2      + HV      = S       + S            2.229E+03

S4                  PRODUCTION RXS              INT RX RATE    TP =  9.04E-03
 140) S2      + S2      = S4      +              9.038E-03
 141) S       + S3      = S4      +              4.601E-33
 297) S8      + HV      = S4      + S4           9.371E-20

S4                     LOSS RXS                INT RX RATE    TL =  9.04E-03
 142) S4      + S4      = S8      +              9.371E-20
 293) S4      + HV      = S2      + S2           9.038E-03

S8                  PRODUCTION RXS              INT RX RATE    TP =  9.37E-20
 142) S4      + S4      = S8      +              9.371E-20

S8                     LOSS RXS                INT RX RATE    TL =  9.37E-20
 297) S8      + HV      = S4      + S4           9.371E-20

SO3                 PRODUCTION RXS              INT RX RATE    TP =  1.02E+10
 112) SO2     + O       = SO3     +              1.222E+05
 114) H2SO4   + H2O     = SO3     + H2O     H2O  8.437E+09
 116) HSO3    + O2      = HO2     + SO3          1.685E+09
 147) SO21    + O2      = SO3     + O            1.672E+05
 148) SO21    + SO2     = SO3     + SO           1.577E+00
 151) SO23    + SO2     = SO3     + SO           2.018E-01
 154) SO2     + HO2     = SO3     + OH           1.368E+05
 255) CH3SO3  + HV      = CH3     + SO3          4.703E+07
 291) H2SO4   + HV      = SO3     + H2O          2.697E+06

SO3                    LOSS RXS                INT RX RATE    TL =  1.02E+10
 113) SO3     + H2O     = H2SO4   +              1.017E+10
 115) SO3     + O       = SO2     + O2           1.284E+03
 160) SO3     + SO      = SO2     + SO2          1.897E-02
 298) SO3     + HV      = SO2     + O            4.810E+05

OCS                 PRODUCTION RXS              INT RX RATE    TP =  1.12E+07
 173) HS      + CO      = OCS     + H            7.122E-06
 179) S       + CO      = OCS     +              2.454E-07
 185) OCS2    + S       = OCS     + S2           4.650E-21
 188) OCS2    + CO      = OCS     + OCS          8.863E-06
 213) CS      + O2      = OCS     + O            7.114E+06
 215) CS      + O3      = OCS     + O2           3.964E+06
 219) CS2     + O       = OCS     + S            8.972E+03
 220) CS2     + OH      = OCS     + HS           9.230E+04
 230) HS      + CO      = OCS     + H            7.207E-06
 238) CS2     + SO      = OCS     + S2           1.069E-04

OCS                    LOSS RXS                INT RX RATE    TL =  1.47E+07
 172) H       + OCS     = CO      + HS           1.228E+00
 174) O       + OCS     = CO      + SO           6.421E+05
 175) O       + OCS     = S       + CO2          1.709E+00
 176) OCS     + S       = CO      + S2           1.773E-05
 177) OCS     + OH      = CO2     + HS           1.177E+07
 184) OCS     + S       = OCS2    +              8.863E-06
 239) OCS     + H       = CO      + HS           1.224E+00
 300) OCS     + HV      = CO      + S            2.227E+06

S3                  PRODUCTION RXS              INT RX RATE    TP =  3.32E-13
 139) S       + S2      = S3      +              3.323E-13

S3                     LOSS RXS                INT RX RATE    TL =  3.32E-13
 141) S       + S3      = S4      +              4.601E-33
 294) S3      + HV      = S2      + S            3.323E-13

O3                  PRODUCTION RXS              INT RX RATE    TP =  2.23E+15
  18) O       + O2      = O3      +              2.234E+15

O3                     LOSS RXS                INT RX RATE    TL =  2.23E+15
   5) H       + O3      = OH      + O2           1.045E+12
  12) OH      + O3      = HO2     + O2           4.581E+11
  15) HO2     + O3      = OH      + O2      O2   1.217E+11
  19) O       + O3      = O2      + O2           1.290E+12
  20) O1D     + O3      = O2      + O2           1.353E+10
  21) O1D     + O3      = O       + O       O2   1.353E+10
  26) O3      + HV      = O2      + O            7.426E-10
  27) O3      + O3      = O2      + O2      O2   2.909E+03
  77) NO      + O3      = NO2     + O2           2.586E+13
 153) SO      + O3      = SO2     + O2           7.420E+06
 155) HS      + O3      = HSO     + O2           4.734E+08
 158) S       + O3      = SO      + O2           2.702E+02
 170) HSO     + O3      = HS      + O2      O2   4.654E+08
 205) NO2     + O3      = NO3     + O2           3.805E+10
 215) CS      + O3      = OCS     + O2           3.964E+06
 216) CS      + O3      = SO      + CO2          3.964E+06
 217) CS      + O3      = CO      + SO2          3.964E+06
 248) CH3S    + O3      = CH3SO   + O2           2.454E+09
 250) CH3SO   + O3      = CH3SO2  + O2           2.432E+09
 252) CH3SO2  + O3      = CH3SO3  + O2           4.692E+07
 264) O3      + HV      = O2      + O1D          6.728E+14
 265) O3      + HV      = O2      + O            1.533E+15
 266) O3      + HV      = O       + O       O    1.554E+11

HNO3                PRODUCTION RXS              INT RX RATE    TP =  1.04E+10
  82) NO2     + OH      = HNO3    +              1.037E+10
 203) N2O5    + H2O     = HNO3    + HNO3         6.734E+04
 244) C2H6S   + NO3     = C2H5S   + HNO3         5.925E+06

HNO3                   LOSS RXS                INT RX RATE    TL =  1.02E+10
  84) HNO3    + OH      = H2O     + NO3          2.361E+09
 211) O       + HNO3    = OH      + NO3          1.471E+06
 280) HNO3    + HV      = NO2     + OH           6.374E+09
 281) HNO3    + HV      = HNO2    + O            1.625E+08
 282) HNO3    + HV      = HNO2    + O1D          1.167E+08

N                   PRODUCTION RXS              INT RX RATE    TP =  1.39E+08
 283) NO      + HV      = N       + O            1.392E+08

N                      LOSS RXS                INT RX RATE    TL =  1.39E+08
  72) N       + N       = N2      +              1.531E-03
  73) N       + O2      = NO      + O            1.266E+08
  75) N       + OH      = NO      + H            2.039E+06
  76) N       + NO      = N2      + O            9.885E+06
 195) N       + NO2     = N2O     + O            3.737E+05
 199) N       + HO2     = NO      + OH           3.182E+05

NO3                 PRODUCTION RXS              INT RX RATE    TP =  5.36E+10
  84) HNO3    + OH      = H2O     + NO3          2.361E+09
 192) O       + NO2     = NO3     +              1.206E+10
 202) N2O5    + M       = NO3     + NO2          1.083E+07
 205) NO2     + O3      = NO3     + O2           3.805E+10
 211) O       + HNO3    = OH      + NO3          1.471E+06
 305) HO2NO2  + HV      = OH      + NO3          5.922E+08
 306) N2O5    + HV      = NO3     + NO2          9.430E+07
 307) N2O5    + HV      = NO3     + NO      O    4.387E+08

NO3                    LOSS RXS                INT RX RATE    TL =  5.36E+10
 189) O       + NO3     = O2      + NO2          2.751E+08
 190) HO2     + NO3     = OH      + NO2     O2   1.963E+07
 191) NO      + NO3     = NO2     + NO2          1.321E+10
 193) OH      + NO3     = HO2     + NO2          2.507E+07
 201) NO2     + NO3     = N2O5    +              5.440E+08
 204) NO2     + NO3     = NO      + NO2     O2   2.091E+05
 206) NO3     + NO3     = NO2     + NO2     O2   2.674E+00
 244) C2H6S   + NO3     = C2H5S   + HNO3         5.925E+06
 301) NO3     + HV      = NO      + O2           4.545E+09
 302) NO3     + HV      = NO2     + O            3.498E+10

N2O                 PRODUCTION RXS              INT RX RATE    TP =  3.74E+05
 195) N       + NO2     = N2O     + O            3.737E+05

N2O                    LOSS RXS                INT RX RATE    TL =  1.07E+09
 194) H       + N2O     = N2      + OH           1.827E-03
 197) O1D     + N2O     = N2      + O2           6.203E+07
 198) O1D     + N2O     = NO      + NO           9.705E+07
 303) N2O     + HV      = N2      + O1D          8.958E+08

HO2NO2              PRODUCTION RXS              INT RX RATE    TP =  2.18E+10
 207) HO2     + NO2     = HO2NO2  +              2.184E+10

HO2NO2                 LOSS RXS                INT RX RATE    TL =  2.18E+10
 208) O       + HO2NO2  = OH      + NO2     O2   1.826E+05
 209) OH      + HO2NO2  = H2O     + NO2     O2   3.650E+09
 210) HO2NO2  + M       = HO2     + NO2          1.525E+10
 304) HO2NO2  + HV      = HO2     + NO2          2.326E+09
 305) HO2NO2  + HV      = OH      + NO3          5.922E+08

N2O5                PRODUCTION RXS              INT RX RATE    TP =  5.44E+08
 201) NO2     + NO3     = N2O5    +              5.440E+08

N2O5                   LOSS RXS                INT RX RATE    TL =  5.44E+08
 200) O       + N2O5    = NO2     + NO2     O2   9.699E+04
 202) N2O5    + M       = NO3     + NO2          1.083E+07
 203) N2O5    + H2O     = HNO3    + HNO3         6.734E+04
 306) N2O5    + HV      = NO3     + NO2          9.430E+07
 307) N2O5    + HV      = NO3     + NO      O    4.387E+08

NH                  PRODUCTION RXS              INT RX RATE    TP =  0.00E+00

NH                     LOSS RXS                INT RX RATE    TL =  0.00E+00

NH2                 PRODUCTION RXS              INT RX RATE    TP =  0.00E+00

NH2                    LOSS RXS                INT RX RATE    TL =  0.00E+00

NH3                 PRODUCTION RXS              INT RX RATE    TP =  0.00E+00

NH3                    LOSS RXS                INT RX RATE    TL =  1.50E+10

CO2                 PRODUCTION RXS              INT RX RATE    TP =  6.47E+11
  32) O       + HCO     = H       + CO2          1.679E+05
  34) CO      + OH      = CO2     + H            6.757E+10
  35) CO      + O       = CO2     +              1.961E+05
 175) O       + OCS     = S       + CO2          1.709E+00
 177) OCS     + OH      = CO2     + HS           1.177E+07
 182) CO2     + O1D     = CO2     + O            5.792E+11
 216) CS      + O3      = SO      + CO2          3.964E+06

CO2                    LOSS RXS                INT RX RATE    TL =  5.80E+11
  36) CO2     + H       = CO      + OH           8.240E-08
  93) CH21    + CO2     = H2CO    + CO           5.351E+01
  95) CH23    + CO2     = H2CO    + CO           1.489E+01
 182) CO2     + O1D     = CO2     + O            5.792E+11
 268) CO2     + HV      = CO      + O            4.160E+08
 269) CO2     + HV      = CO      + O1D          3.592E+08

CS                  PRODUCTION RXS              INT RX RATE    TP =  1.99E+07
 218) CS2     + O       = SO      + CS           9.570E+04
 224) CS2X    + O2      = CS      + SO2          1.980E+07
 225) CS2X    + CS2     = CS      + CS      S2   1.234E-04
 228) H       + HCS     = H2      + CS           8.015E-10
 233) CH3     + HCS     = CH4     + CS           1.331E-14
 235) HS      + HCS     = H2S     + CS           1.632E-10
 236) S       + HCS     = HS      + CS           5.982E-20
 240) CS2     + S       = CS      + S2           3.765E-10
 309) CS2     + HV      = CS      + S            1.116E+03

CS                     LOSS RXS                INT RX RATE    TL =  1.99E+07
 213) CS      + O2      = OCS     + O            7.114E+06
 214) CS      + O2      = CO      + SO           8.893E+05
 215) CS      + O3      = OCS     + O2           3.964E+06
 216) CS      + O3      = SO      + CO2          3.964E+06
 217) CS      + O3      = CO      + SO2          3.964E+06
 226) CS      + HS      = CS2     + H            3.537E-04
 227) H       + CS      = HCS     +              1.641E-10
 241) CS      + O       = CO      + S            6.137E-02

CS2                 PRODUCTION RXS              INT RX RATE    TP =  1.59E+09
 222) CS2OH   + HV      = CS2     + OH           3.692E+07
 223) CS2X    + M       = CS2     + M            1.551E+09
 226) CS      + HS      = CS2     + H            3.537E-04
 229) S       + HCS     = H       + CS2          1.196E-19

CS2                    LOSS RXS                INT RX RATE    TL =  1.61E+09
 218) CS2     + O       = SO      + CS           9.570E+04
 219) CS2     + O       = OCS     + S            8.972E+03
 220) CS2     + OH      = OCS     + HS           9.230E+04
 221) CS2     + OH      = CS2OH   +              3.692E+07
 225) CS2X    + CS2     = CS      + CS      S2   1.234E-04
 237) CS2     + O       = CO      + S2           2.233E+03
 238) CS2     + SO      = OCS     + S2           1.069E-04
 240) CS2     + S       = CS      + S2           3.765E-10
 309) CS2     + HV      = CS      + S            1.116E+03
 310) CS2     + HV      = CS2X    +              1.571E+09

HCS                 PRODUCTION RXS              INT RX RATE    TP =  9.65E-10
 227) H       + CS      = HCS     +              1.641E-10
 231) CH21    + S2      = HCS     + HS           7.133E-24
 232) CH23    + S2      = HCS     + HS           6.366E-24
 234) CH23    + S       = HCS     + H            8.006E-10

HCS                    LOSS RXS                INT RX RATE    TL =  9.65E-10
 228) H       + HCS     = H2      + CS           8.015E-10
 229) S       + HCS     = H       + CS2          1.196E-19
 233) CH3     + HCS     = CH4     + CS           1.331E-14
 235) HS      + HCS     = H2S     + CS           1.632E-10
 236) S       + HCS     = HS      + CS           5.982E-20

C2H6S               PRODUCTION RXS              INT RX RATE    TP =  0.00E+00

C2H6S                  LOSS RXS                INT RX RATE    TL =  3.30E+09
 242) C2H6S   + OH      = C2H5S   + H2O          2.458E+09
 243) C2H6S   + OH      = C2H7SO  +              8.358E+08
 244) C2H6S   + NO3     = C2H5S   + HNO3         5.925E+06

C2H5S               PRODUCTION RXS              INT RX RATE    TP =  2.46E+09
 242) C2H6S   + OH      = C2H5S   + H2O          2.458E+09
 244) C2H6S   + NO3     = C2H5S   + HNO3         5.925E+06

C2H5S                  LOSS RXS                INT RX RATE    TL =  2.46E+09
 245) C2H5S   + O2      = C2H5SO2 +              2.464E+09

C2H5SO              PRODUCTION RXS              INT RX RATE    TP =  2.46E+09
 246) C2H5SO2 + NO      = C2H5SO  + NO2          2.464E+09

C2H5SO                 LOSS RXS                INT RX RATE    TL =  2.46E+09
 247) C2H5SO  + HV      = H2CO    + CH3S         2.464E+09

C2H5SO2             PRODUCTION RXS              INT RX RATE    TP =  2.46E+09
 245) C2H5S   + O2      = C2H5SO2 +              2.464E+09

C2H5SO2                LOSS RXS                INT RX RATE    TL =  2.46E+09
 246) C2H5SO2 + NO      = C2H5SO  + NO2          2.464E+09

CH3S                PRODUCTION RXS              INT RX RATE    TP =  2.46E+09
 247) C2H5SO  + HV      = H2CO    + CH3S         2.464E+09

CH3S                   LOSS RXS                INT RX RATE    TL =  2.46E+09
 248) CH3S    + O3      = CH3SO   + O2           2.454E+09
 249) CH3S    + NO2     = CH3SO   + NO           9.756E+06

CH3SO               PRODUCTION RXS              INT RX RATE    TP =  2.46E+09
 248) CH3S    + O3      = CH3SO   + O2           2.454E+09
 249) CH3S    + NO2     = CH3SO   + NO           9.756E+06

CH3SO                  LOSS RXS                INT RX RATE    TL =  2.46E+09
 250) CH3SO   + O3      = CH3SO2  + O2           2.432E+09
 251) CH3SO   + NO2     = CH3SO2  + NO           3.217E+07

CH3SO2              PRODUCTION RXS              INT RX RATE    TP =  3.30E+09
 250) CH3SO   + O3      = CH3SO2  + O2           2.432E+09
 251) CH3SO   + NO2     = CH3SO2  + NO           3.217E+07
 258) CH4SO2  + OH      = CH3SO2  + H2O          8.341E+08

CH3SO2                 LOSS RXS                INT RX RATE    TL =  3.30E+09
 252) CH3SO2  + O3      = CH3SO3  + O2           4.692E+07
 253) CH3SO2  + NO2     = CH3SO3  + NO           1.136E+05
 254) CH3SO2  + HV      = CH3     + SO2          3.251E+09

CH3SO3              PRODUCTION RXS              INT RX RATE    TP =  4.70E+07
 252) CH3SO2  + O3      = CH3SO3  + O2           4.692E+07
 253) CH3SO2  + NO2     = CH3SO3  + NO           1.136E+05

CH3SO3                 LOSS RXS                INT RX RATE    TL =  4.70E+07
 255) CH3SO3  + HV      = CH3     + SO3          4.703E+07

CH4SO2              PRODUCTION RXS              INT RX RATE    TP =  8.34E+08
 257) C2H6SO  + OH      = CH4SO2  + CH3          8.341E+08

CH4SO2                 LOSS RXS                INT RX RATE    TL =  8.34E+08
 258) CH4SO2  + OH      = CH3SO2  + H2O          8.341E+08

C2H6SO              PRODUCTION RXS              INT RX RATE    TP =  8.36E+08
 256) C2H7SO  + O2      = C2H6SO  + HO2          8.358E+08

C2H6SO                 LOSS RXS                INT RX RATE    TL =  8.36E+08
 257) C2H6SO  + OH      = CH4SO2  + CH3          8.341E+08

C2H7SO              PRODUCTION RXS              INT RX RATE    TP =  8.36E+08
 243) C2H6S   + OH      = C2H7SO  +              8.358E+08

C2H7SO                 LOSS RXS                INT RX RATE    TL =  8.36E+08
 256) C2H7SO  + O2      = C2H6SO  + HO2          8.358E+08

SO4AER              PRODUCTION RXS              INT RX RATE    TP =  1.45E+09

SO4AER                 LOSS RXS                INT RX RATE    TL =  1.43E+09

S8AER               PRODUCTION RXS              INT RX RATE    TP =  0.00E+00

S8AER                  LOSS RXS                INT RX RATE    TL =  1.70E-19

HNO2                PRODUCTION RXS              INT RX RATE    TP =  0.00E+00
  80) NO      + OH      = HNO2    +              3.685E+09
 212) HO2     + NO2     = HNO2    + O2           2.574E+07
 281) HNO3    + HV      = HNO2    + O            1.625E+08
 282) HNO3    + HV      = HNO2    + O1D          1.167E+08

HNO2                   LOSS RXS                INT RX RATE    TL =  0.00E+00
  90) HNO2    + OH      = H2O     + NO2          4.497E+07
 279) HNO2    + HV      = NO      + OH           3.945E+09

O1D                 PRODUCTION RXS              INT RX RATE    TP =  0.00E+00
 259) O2      + HV      = O       + O1D          2.777E+11
 262) H2O     + HV      = H2      + O1D          5.288E+07
 264) O3      + HV      = O2      + O1D          6.728E+14
 269) CO2     + HV      = CO      + O1D          3.592E+08
 282) HNO3    + HV      = HNO2    + O1D          1.167E+08
 284) NO2     + HV      = NO      + O1D          3.589E+09
 303) N2O     + HV      = N2      + O1D          8.958E+08

O1D                    LOSS RXS                INT RX RATE    TL =  0.00E+00
   1) H2O     + O1D     = OH      + OH           9.223E+10
   2) H2      + O1D     = OH      + H            6.799E+08
  20) O1D     + O3      = O2      + O2           1.353E+10
  21) O1D     + O3      = O       + O       O2   1.353E+10
  23) O1D     + N2      = O       + N2           4.472E+14
  24) O1D     + O2      = O       + O2           2.252E+14
  49) CH4     + O1D     = CH3     + OH           7.701E+08
  50) CH4     + O1D     = CH3O    + H            1.037E+08
  51) CH4     + O1D     = CH2OH   + H            1.037E+08
  52) CH4     + O1D     = H2CO    + H2           5.183E+07
  98) C2H6    + O1D     = C2H5    + OH           1.001E+05
 105) SO2     + O1D     = SO2     + O            1.869E+04
 106) SO2     + O1D     = SO      + O2           5.994E+04
 180) CO      + O1D     = CO      + O            2.688E+07
 182) CO2     + O1D     = CO2     + O            5.792E+11
 197) O1D     + N2O     = N2      + O2           6.203E+07
 198) O1D     + N2O     = NO      + NO           9.705E+07

CH21                PRODUCTION RXS              INT RX RATE    TP =  0.00E+00
 273) CH4     + HV      = CH21    + H2           3.283E+06
 276) CH3     + HV      = CH21    + H            6.375E+02
 278) C2H6    + HV      = CH4     + CH21         2.288E-05

CH21                   LOSS RXS                INT RX RATE    TL =  0.00E+00
  53) CH21    + CH4     = CH3     + CH3          2.015E-12
  54) CH21    + O2      = HCO     + OH           1.898E+06
  55) CH21    + N2      = CH23    + N2           1.386E+06
  92) CH21    + H2      = CH3     + H            5.592E+01
  93) CH21    + CO2     = H2CO    + CO           5.351E+01
 231) CH21    + S2      = HCS     + HS           7.133E-24

CH23                PRODUCTION RXS              INT RX RATE    TP =  0.00E+00
  55) CH21    + N2      = CH23    + N2           1.386E+06
 275) CH4     + HV      = CH23    + H       H    6.049E+05
 277) C2H6    + HV      = CH23    + CH23    H2   9.151E-05

CH23                   LOSS RXS                INT RX RATE    TL =  0.00E+00
  58) CH23    + O2      = HCO     + OH           1.934E+06
  94) CH23    + O       = HCO     + H            5.670E+04
  95) CH23    + CO2     = H2CO    + CO           1.489E+01
 232) CH23    + S2      = HCS     + HS           6.366E-24
 234) CH23    + S       = HCS     + H            8.006E-10

C2H5                PRODUCTION RXS              INT RX RATE    TP =  0.00E+00
  96) C2H6    + OH      = C2H5    + H2O          8.999E+08
  97) C2H6    + O       = C2H5    + OH           2.192E+03
  98) C2H6    + O1D     = C2H5    + OH           1.001E+05

C2H5                   LOSS RXS                INT RX RATE    TL =  0.00E+00
  99) C2H5    + H       = CH3     + CH3          6.299E-08
 100) C2H5    + O       = CH3     + HCO     H    4.583E-03
 101) C2H5    + OH      = CH3     + HCO     H2   1.489E-03
 102) C2H5    + HCO     = C2H6    + CO           3.747E-12
 103) C2H5    + HNO     = C2H6    + NO           6.307E-09
 104) C2H5    + O2      = CH3     + HCO     OH   9.000E+08

SO21                PRODUCTION RXS              INT RX RATE    TP =  0.00E+00
 289) SO2     + HV      = SO21    +              5.779E+10

SO21                   LOSS RXS                INT RX RATE    TL =  0.00E+00
 143) SO21    + M       = SO23    + M            5.241E+09
 144) SO21    + M       = SO2     + M            5.241E+10
 145) SO21    + HV      = SO23    + HV           8.508E+06
 146) SO21    + HV      = SO2     + HV           1.248E+08
 147) SO21    + O2      = SO3     + O            1.672E+05
 148) SO21    + SO2     = SO3     + SO           1.577E+00

SO23                PRODUCTION RXS              INT RX RATE    TP =  0.00E+00
 143) SO21    + M       = SO23    + M            5.241E+09
 145) SO21    + HV      = SO23    + HV           8.508E+06
 290) SO2     + HV      = SO23    +              4.927E+08

SO23                   LOSS RXS                INT RX RATE    TL =  0.00E+00
 149) SO23    + M       = SO2     + M            5.715E+09
 150) SO23    + HV      = SO2     + HV           2.720E+07
 151) SO23    + SO2     = SO3     + SO           2.018E-01

HSO3                PRODUCTION RXS              INT RX RATE    TP =  0.00E+00
 111) SO2     + OH      = HSO3    +              1.685E+09

HSO3                   LOSS RXS                INT RX RATE    TL =  0.00E+00
 116) HSO3    + O2      = HO2     + SO3          1.685E+09

OCS2                PRODUCTION RXS              INT RX RATE    TP =  0.00E+00
 184) OCS     + S       = OCS2    +              8.863E-06

OCS2                   LOSS RXS                INT RX RATE    TL =  0.00E+00
 185) OCS2    + S       = OCS     + S2           4.650E-21
 188) OCS2    + CO      = OCS     + OCS          8.863E-06

CS2X                PRODUCTION RXS              INT RX RATE    TP =  0.00E+00
 310) CS2     + HV      = CS2X    +              1.571E+09

CS2X                   LOSS RXS                INT RX RATE    TL =  0.00E+00
 223) CS2X    + M       = CS2     + M            1.551E+09
 224) CS2X    + O2      = CS      + SO2          1.980E+07
 225) CS2X    + CS2     = CS      + CS      S2   1.234E-04

CS2OH               PRODUCTION RXS              INT RX RATE    TP =  0.00E+00
 221) CS2     + OH      = CS2OH   +              3.692E+07

CS2OH                  LOSS RXS                INT RX RATE    TL =  0.00E+00
 222) CS2OH   + HV      = CS2     + OH           3.692E+07

N2                  PRODUCTION RXS              INT RX RATE    TP =  0.00E+00
  23) O1D     + N2      = O       + N2           4.472E+14
  55) CH21    + N2      = CH23    + N2           1.386E+06
  72) N       + N       = N2      +              1.531E-03
  76) N       + NO      = N2      + O            9.885E+06
 194) H       + N2O     = N2      + OH           1.827E-03
 197) O1D     + N2O     = N2      + O2           6.203E+07
 303) N2O     + HV      = N2      + O1D          8.958E+08

N2                     LOSS RXS                INT RX RATE    TL =  0.00E+00
  23) O1D     + N2      = O       + N2           4.472E+14
  55) CH21    + N2      = CH23    + N2           1.386E+06
