
O                   PRODUCTION RXS              INT RX RATE    TP =  2.05E+15
   8) H       + HO2     = H2O     + O            5.584E+08
  21) O1D     + O3      = O       + O       O2   7.017E+09
  22) OH      + OH      = H2O     + O            1.383E+09
  23) O1D     + N2      = O       + N2           6.398E+14
  24) O1D     + O2      = O       + O2           2.081E+13
  25) O2      + HV      = O       + O            3.970E-72
  26) O3      + HV      = O2      + O            8.037E-10
  73) N       + O2      = NO      + O            3.179E+07
  76) N       + NO      = N2      + O            2.759E+07
 105) SO2     + O1D     = SO2     + O            4.657E+03
 107) SO      + O2      = O       + SO2          1.390E+08
 130) S       + O2      = SO      + O            3.167E+07
 147) SO21    + O2      = SO3     + O            2.213E+04
 180) CO      + O1D     = CO      + O            7.950E+07
 182) CO2     + O1D     = CO2     + O            8.424E+11
 195) N       + NO2     = N2O     + O            6.135E+06
 213) CS      + O2      = OCS     + O            3.319E+05
 259) O2      + HV      = O       + O1D          2.913E+11
 260) O2      + HV      = O       + O            2.741E+12
 263) H2O     + HV      = H       + H       O    2.570E+09
 265) O3      + HV      = O2      + O            1.377E+15
 266) O3      + HV      = O       + O       O    3.874E+11
 268) CO2     + HV      = CO      + O            3.785E+09
 272) HO2     + HV      = OH      + O            5.882E+09
 281) HNO3    + HV      = HNO2    + O            6.325E+08
 283) NO      + HV      = N       + O            7.587E+07
 285) NO2     + HV      = NO      + O            4.797E+12
 286) SO      + HV      = S       + O            9.048E+03
 288) SO2     + HV      = SO      + O            1.250E+08
 298) SO3     + HV      = SO2     + O            3.902E+02
 299) HSO     + HV      = HS      + O            3.417E+02
 302) NO3     + HV      = NO2     + O            1.429E+10
 307) N2O5    + HV      = NO3     + NO      O    6.316E+07

O                      LOSS RXS                INT RX RATE    TL =  2.05E+15
   3) H2      + O       = OH      + H            9.000E+07
  10) OH      + O       = H       + O2           1.967E+12
  14) HO2     + O       = OH      + O2           1.764E+12
  17) O       + O       = O2      +              4.413E+10
  18) O       + O2      = O3      +              2.046E+15
  19) O       + O3      = O2      + O2           2.382E+11
  32) O       + HCO     = H       + CO2          2.046E+06
  33) O       + HCO     = OH      + CO           2.046E+06
  35) CO      + O       = CO2     +              5.538E+06
  46) H2CO    + O       = HCO     + OH           1.146E+09
  47) H2O2    + O       = OH      + HO2          1.916E+06
  60) CH3     + O       = H2CO    + H            7.280E+07
  78) NO      + O       = NO2     +              4.846E+09
  81) NO2     + O       = NO      + O2           6.924E+11
  88) O       + HNO     = OH      + NO           4.685E+04
  91) CH4     + O       = CH3     + OH           7.026E+07
  94) CH23    + O       = HCO     + H            1.594E+06
  97) C2H6    + O       = C2H5    + OH           3.575E+04
 100) C2H5    + O       = CH3     + HCO     H    3.031E-01
 109) SO      + O       = SO2     +              7.476E+03
 112) SO2     + O       = SO3     +              6.286E+05
 115) SO3     + O       = SO2     + O2           2.569E-01
 122) H2S     + O       = OH      + HS           4.982E+01
 123) HS      + O       = H       + SO           3.557E+03
 136) S2      + O       = S       + SO           1.407E+03
 169) HSO     + O       = OH      + SO           1.082E+04
 174) O       + OCS     = CO      + SO           1.897E+06
 175) O       + OCS     = S       + CO2          1.458E+01
 189) O       + NO3     = O2      + NO2          1.426E+08
 192) O       + NO2     = NO3     +              1.231E+10
 200) O       + N2O5    = NO2     + NO2     O2   2.826E+04
 208) O       + HO2NO2  = OH      + NO2     O2   3.995E+04
 211) O       + HNO3    = OH      + NO3          1.469E+06
 218) CS2     + O       = SO      + CS           5.644E+06
 219) CS2     + O       = OCS     + S            5.292E+05
 237) CS2     + O       = CO      + S2           1.254E+05
 241) CS      + O       = CO      + S            1.947E+00

O2                  PRODUCTION RXS              INT RX RATE    TP =  2.07E+15
   5) H       + O3      = OH      + O2           4.296E+11
   7) H       + HO2     = H2      + O2           2.408E+09
  10) OH      + O       = H       + O2           1.967E+12
  11) OH      + HO2     = H2O     + O2           1.054E+11
  12) OH      + O3      = HO2     + O2           5.495E+11
  14) HO2     + O       = OH      + O2           1.764E+12
  15) HO2     + O3      = OH      + O2      O2   2.786E+11
  16) HO2     + HO2     = H2O2    + O2           5.142E+10
  17) O       + O       = O2      +              4.413E+10
  19) O       + O3      = O2      + O2           2.382E+11
  20) O1D     + O3      = O2      + O2           7.017E+09
  21) O1D     + O3      = O       + O       O2   7.017E+09
  24) O1D     + O2      = O       + O2           2.081E+13
  26) O3      + HV      = O2      + O            8.037E-10
  27) O3      + O3      = O2      + O2      O2   3.776E+03
  68) CH3O2   + HO2     = CH3OOH  + O2           3.553E+11
  77) NO      + O3      = NO2     + O2           5.091E+12
  81) NO2     + O       = NO      + O2           6.924E+11
 106) SO2     + O1D     = SO      + O2           1.494E+04
 115) SO3     + O       = SO2     + O2           2.569E-01
 125) HS      + HO2     = H2S     + O2           4.835E+05
 133) S       + HO2     = HS      + O2           2.835E-02
 153) SO      + O3      = SO2     + O2           3.127E+07
 155) HS      + O3      = HSO     + O2           7.404E+08
 158) S       + O3      = SO      + O2           6.905E+03
 170) HSO     + O3      = HS      + O2      O2   7.383E+08
 189) O       + NO3     = O2      + NO2          1.426E+08
 190) HO2     + NO3     = OH      + NO2     O2   1.919E+07
 197) O1D     + N2O     = N2      + O2           7.011E+07
 200) O       + N2O5    = NO2     + NO2     O2   2.826E+04
 204) NO2     + NO3     = NO      + NO2     O2   1.311E+04
 205) NO2     + O3      = NO3     + O2           3.424E+09
 206) NO3     + NO3     = NO2     + NO2     O2   1.880E-01
 208) O       + HO2NO2  = OH      + NO2     O2   3.995E+04
 209) OH      + HO2NO2  = H2O     + NO2     O2   6.946E+09
 212) HO2     + NO2     = HNO2    + O2           1.599E+07
 215) CS      + O3      = OCS     + O2           6.294E+06
 248) CH3S    + O3      = CH3SO   + O2           2.460E+09
 250) CH3SO   + O3      = CH3SO2  + O2           2.449E+09
 252) CH3SO2  + O3      = CH3SO3  + O2           6.574E+07
 264) O3      + HV      = O2      + O1D          6.615E+14
 265) O3      + HV      = O2      + O            1.377E+15
 301) NO3     + HV      = NO      + O2           1.917E+09

O2                     LOSS RXS                INT RX RATE    TL =  2.07E+15
   6) H       + O2      = HO2     +              1.926E+12
  18) O       + O2      = O3      +              2.046E+15
  24) O1D     + O2      = O       + O2           2.081E+13
  25) O2      + HV      = O       + O            3.970E-72
  40) HCO     + O2      = HO2     + CO           1.637E+11
  41) CH2OH   + O2      = H2CO    + HO2          1.715E+09
  42) CH3O    + O2      = H2CO    + HO2          2.476E+11
  54) CH21    + O2      = HCO     + OH           3.274E+07
  58) CH23    + O2      = HCO     + OH           4.222E+08
  59) CH3     + O2      = H2CO    + OH           1.696E+04
  66) CH3     + O2      = CH3O2   +              3.229E+11
  73) N       + O2      = NO      + O            3.179E+07
 104) C2H5    + O2      = CH3     + HCO     OH   9.000E+08
 107) SO      + O2      = O       + SO2          1.390E+08
 116) HSO3    + O2      = HO2     + SO3          1.100E+09
 130) S       + O2      = SO      + O            3.167E+07
 147) SO21    + O2      = SO3     + O            2.213E+04
 213) CS      + O2      = OCS     + O            3.319E+05
 214) CS      + O2      = CO      + SO           4.149E+04
 224) CS2X    + O2      = CS      + SO2          3.612E+06
 245) C2H5S   + O2      = C2H5SO2 +              2.465E+09
 256) C2H7SO  + O2      = C2H6SO  + HO2          8.345E+08
 259) O2      + HV      = O       + O1D          2.913E+11
 260) O2      + HV      = O       + O            2.741E+12

H2O                 PRODUCTION RXS              INT RX RATE    TP =  1.70E+11
   4) H2      + OH      = H2O     + H            2.442E+10
   8) H       + HO2     = H2O     + O            5.584E+08
  11) OH      + HO2     = H2O     + O2           1.054E+11
  13) OH      + H2O2    = HO2     + H2O          1.415E+10
  22) OH      + OH      = H2O     + O            1.383E+09
  31) OH      + HCO     = H2O     + CO           4.226E+03
  43) H2CO    + OH      = H2O     + HCO          5.838E+10
  44) H       + OH      = H2O     +              2.381E+06
  48) CH4     + OH      = CH3     + H2O          3.047E+11
  69) CH3OOH  + OH      = CH3O2   + H2O          1.686E+11
  70) CH3OOH  + OH      = H2O     + H2CO    OH   7.225E+10
  84) HNO3    + OH      = H2O     + NO3          2.801E+09
  89) OH      + HNO     = H2O     + NO           8.773E+04
  90) HNO2    + OH      = H2O     + NO2          1.453E+08
  96) C2H6    + OH      = C2H5    + H2O          8.994E+08
 114) H2SO4   + H2O     = SO3     + H2O     H2O  4.338E+09
 120) H2S     + OH      = H2O     + HS           4.740E+05
 165) HSO     + OH      = H2O     + SO           3.072E+05
 209) OH      + HO2NO2  = H2O     + NO2     O2   6.946E+09
 242) C2H6S   + OH      = C2H5S   + H2O          2.454E+09
 258) CH4SO2  + OH      = CH3SO2  + H2O          8.304E+08
 291) H2SO4   + HV      = SO3     + H2O          1.853E+06

H2O                    LOSS RXS                INT RX RATE    TL =  8.58E+10
   1) H2O     + O1D     = OH      + OH           2.316E+11
 113) SO3     + H2O     = H2SO4   +              5.506E+09
 114) H2SO4   + H2O     = SO3     + H2O     H2O  4.338E+09
 203) N2O5    + H2O     = HNO3    + HNO3         2.330E+04
 261) H2O     + HV      = H       + OH           3.111E+10
 262) H2O     + HV      = H2      + O1D          1.714E+09
 263) H2O     + HV      = H       + H       O    2.570E+09

H                   PRODUCTION RXS              INT RX RATE    TP =  2.38E+12
   2) H2      + O1D     = OH      + H            2.725E+09
   3) H2      + O       = OH      + H            9.000E+07
   4) H2      + OH      = H2O     + H            2.442E+10
  10) OH      + O       = H       + O2           1.967E+12
  32) O       + HCO     = H       + CO2          2.046E+06
  34) CO      + OH      = CO2     + H            2.462E+11
  50) CH4     + O1D     = CH3O    + H            1.715E+09
  51) CH4     + O1D     = CH2OH   + H            1.715E+09
  60) CH3     + O       = H2CO    + H            7.280E+07
  75) N       + OH      = NO      + H            8.154E+06
  86) HNO     + HV      = NO      + H            4.396E+06
  92) CH21    + H2      = CH3     + H            6.170E+04
  94) CH23    + O       = HCO     + H            1.594E+06
 100) C2H5    + O       = CH3     + HCO     H    3.031E-01
 110) SO      + OH      = SO2     + H            2.403E+05
 123) HS      + O       = H       + SO           3.557E+03
 129) HS      + S       = H       + S2           3.095E-08
 131) S       + OH      = SO      + H            3.295E-02
 173) HS      + CO      = OCS     + H            4.310E-05
 226) CS      + HS      = CS2     + H            1.843E-04
 229) S       + HCS     = H       + CS2          5.242E-16
 230) HS      + CO      = OCS     + H            4.362E-05
 234) CH23    + S       = HCS     + H            6.201E-13
 261) H2O     + HV      = H       + OH           3.111E+10
 263) H2O     + HV      = H       + H       O    2.570E+09
 271) H2CO    + HV      = HCO     + H            1.028E+11
 274) CH4     + HV      = CH3     + H            4.185E+08
 275) CH4     + HV      = CH23    + H       H    7.047E+07
 276) CH3     + HV      = CH21    + H            5.744E+04
 287) H2S     + HV      = HS      + H            2.350E+03

H                      LOSS RXS                INT RX RATE    TL =  2.38E+12
   5) H       + O3      = OH      + O2           4.296E+11
   6) H       + O2      = HO2     +              1.926E+12
   7) H       + HO2     = H2      + O2           2.408E+09
   8) H       + HO2     = H2O     + O            5.584E+08
   9) H       + HO2     = OH      + OH           2.513E+10
  28) H       + CO      = HCO     +              3.799E+04
  29) H       + HCO     = H2      + CO           7.373E+04
  36) CO2     + H       = CO      + OH           5.458E-07
  38) H2CO    + H       = H2      + HCO          2.390E+05
  39) H       + H       = H2      +              2.139E+06
  44) H       + OH      = H2O     +              2.381E+06
  62) CH3     + H       = CH4     +              1.691E+04
  71) H       + NO      = HNO     +              2.158E+04
  83) NO2     + H       = NO      + OH           2.424E+07
  87) H       + HNO     = H2      + NO           2.936E+00
  99) C2H5    + H       = CH3     + CH3          7.663E-04
 121) H2S     + H       = H2      + HS           1.062E-01
 128) HS      + H       = H2      + S            7.376E-03
 163) H       + SO      = HSO     +              1.738E-03
 166) HSO     + H       = HS      + OH           3.308E-01
 167) HSO     + H       = H2      + SO           1.654E-01
 172) H       + OCS     = CO      + HS           3.860E+01
 194) H       + N2O     = N2      + OH           6.677E-04
 227) H       + CS      = HCS     +              3.217E-09
 228) H       + HCS     = H2      + CS           9.187E-11
 239) OCS     + H       = CO      + HS           3.847E+01

OH                  PRODUCTION RXS              INT RX RATE    TP =  3.55E+12
   1) H2O     + O1D     = OH      + OH           2.316E+11
   2) H2      + O1D     = OH      + H            2.725E+09
   3) H2      + O       = OH      + H            9.000E+07
   5) H       + O3      = OH      + O2           4.296E+11
   9) H       + HO2     = OH      + OH           2.513E+10
  14) HO2     + O       = OH      + O2           1.764E+12
  15) HO2     + O3      = OH      + O2      O2   2.786E+11
  33) O       + HCO     = OH      + CO           2.046E+06
  36) CO2     + H       = CO      + OH           5.458E-07
  46) H2CO    + O       = HCO     + OH           1.146E+09
  47) H2O2    + O       = OH      + HO2          1.916E+06
  49) CH4     + O1D     = CH3     + OH           1.274E+10
  54) CH21    + O2      = HCO     + OH           3.274E+07
  58) CH23    + O2      = HCO     + OH           4.222E+08
  59) CH3     + O2      = H2CO    + OH           1.696E+04
  70) CH3OOH  + OH      = H2O     + H2CO    OH   7.225E+10
  79) NO      + HO2     = NO2     + OH           2.562E+11
  83) NO2     + H       = NO      + OH           2.424E+07
  88) O       + HNO     = OH      + NO           4.685E+04
  91) CH4     + O       = CH3     + OH           7.026E+07
  97) C2H6    + O       = C2H5    + OH           3.575E+04
  98) C2H6    + O1D     = C2H5    + OH           5.155E+05
 104) C2H5    + O2      = CH3     + HCO     OH   9.000E+08
 108) SO      + HO2     = SO2     + OH           4.512E+05
 122) H2S     + O       = OH      + HS           4.982E+01
 134) S       + HO2     = SO      + OH           2.835E-02
 154) SO2     + HO2     = SO3     + OH           2.015E+05
 156) HS      + HO2     = HSO     + OH           4.835E+05
 166) HSO     + H       = HS      + OH           3.308E-01
 169) HSO     + O       = OH      + SO           1.082E+04
 190) HO2     + NO3     = OH      + NO2     O2   1.919E+07
 194) H       + N2O     = N2      + OH           6.677E-04
 199) N       + HO2     = NO      + OH           2.199E+06
 208) O       + HO2NO2  = OH      + NO2     O2   3.995E+04
 211) O       + HNO3    = OH      + NO3          1.469E+06
 222) CS2OH   + HV      = CS2     + OH           3.585E+07
 261) H2O     + HV      = H       + OH           3.111E+10
 267) H2O2    + HV      = OH      + OH           2.716E+10
 272) HO2     + HV      = OH      + O            5.882E+09
 279) HNO2    + HV      = NO      + OH           5.423E+09
 280) HNO3    + HV      = NO2     + OH           7.025E+09
 305) HO2NO2  + HV      = OH      + NO3          7.805E+08
 308) CH3OOH  + HV      = CH3O    + OH           1.097E+11

OH                     LOSS RXS                INT RX RATE    TL =  3.55E+12
   4) H2      + OH      = H2O     + H            2.442E+10
  10) OH      + O       = H       + O2           1.967E+12
  11) OH      + HO2     = H2O     + O2           1.054E+11
  12) OH      + O3      = HO2     + O2           5.495E+11
  13) OH      + H2O2    = HO2     + H2O          1.415E+10
  22) OH      + OH      = H2O     + O            1.383E+09
  31) OH      + HCO     = H2O     + CO           4.226E+03
  34) CO      + OH      = CO2     + H            2.462E+11
  43) H2CO    + OH      = H2O     + HCO          5.838E+10
  44) H       + OH      = H2O     +              2.381E+06
  45) OH      + OH      = H2O2    +              8.474E+07
  48) CH4     + OH      = CH3     + H2O          3.047E+11
  69) CH3OOH  + OH      = CH3O2   + H2O          1.686E+11
  70) CH3OOH  + OH      = H2O     + H2CO    OH   7.225E+10
  75) N       + OH      = NO      + H            8.154E+06
  80) NO      + OH      = HNO2    +              4.466E+09
  82) NO2     + OH      = HNO3    +              1.132E+10
  84) HNO3    + OH      = H2O     + NO3          2.801E+09
  89) OH      + HNO     = H2O     + NO           8.773E+04
  90) HNO2    + OH      = H2O     + NO2          1.453E+08
  96) C2H6    + OH      = C2H5    + H2O          8.994E+08
 101) C2H5    + OH      = CH3     + HCO     H2   1.824E-02
 110) SO      + OH      = SO2     + H            2.403E+05
 111) SO2     + OH      = HSO3    +              1.100E+09
 120) H2S     + OH      = H2O     + HS           4.740E+05
 131) S       + OH      = SO      + H            3.295E-02
 165) HSO     + OH      = H2O     + SO           3.072E+05
 177) OCS     + OH      = CO2     + HS           4.798E+06
 193) OH      + NO3     = HO2     + NO2          2.419E+07
 209) OH      + HO2NO2  = H2O     + NO2     O2   6.946E+09
 220) CS2     + OH      = OCS     + HS           8.962E+04
 221) CS2     + OH      = CS2OH   +              3.585E+07
 242) C2H6S   + OH      = C2H5S   + H2O          2.454E+09
 243) C2H6S   + OH      = C2H7SO  +              8.345E+08
 257) C2H6SO  + OH      = CH4SO2  + CH3          8.304E+08
 258) CH4SO2  + OH      = CH3SO2  + H2O          8.304E+08

HO2                 PRODUCTION RXS              INT RX RATE    TP =  2.92E+12
   6) H       + O2      = HO2     +              1.926E+12
  12) OH      + O3      = HO2     + O2           5.495E+11
  13) OH      + H2O2    = HO2     + H2O          1.415E+10
  40) HCO     + O2      = HO2     + CO           1.637E+11
  41) CH2OH   + O2      = H2CO    + HO2          1.715E+09
  42) CH3O    + O2      = H2CO    + HO2          2.476E+11
  47) H2O2    + O       = OH      + HO2          1.916E+06
 116) HSO3    + O2      = HO2     + SO3          1.100E+09
 193) OH      + NO3     = HO2     + NO2          2.419E+07
 210) HO2NO2  + M       = HO2     + NO2          1.358E+10
 256) C2H7SO  + O2      = C2H6SO  + HO2          8.345E+08
 304) HO2NO2  + HV      = HO2     + NO2          2.953E+09

HO2                    LOSS RXS                INT RX RATE    TL =  2.92E+12
   7) H       + HO2     = H2      + O2           2.408E+09
   8) H       + HO2     = H2O     + O            5.584E+08
   9) H       + HO2     = OH      + OH           2.513E+10
  11) OH      + HO2     = H2O     + O2           1.054E+11
  14) HO2     + O       = OH      + O2           1.764E+12
  15) HO2     + O3      = OH      + O2      O2   2.786E+11
  16) HO2     + HO2     = H2O2    + O2           5.142E+10
  68) CH3O2   + HO2     = CH3OOH  + O2           3.553E+11
  79) NO      + HO2     = NO2     + OH           2.562E+11
 108) SO      + HO2     = SO2     + OH           4.512E+05
 125) HS      + HO2     = H2S     + O2           4.835E+05
 133) S       + HO2     = HS      + O2           2.835E-02
 134) S       + HO2     = SO      + OH           2.835E-02
 154) SO2     + HO2     = SO3     + OH           2.015E+05
 156) HS      + HO2     = HSO     + OH           4.835E+05
 190) HO2     + NO3     = OH      + NO2     O2   1.919E+07
 199) N       + HO2     = NO      + OH           2.199E+06
 207) HO2     + NO2     = HO2NO2  +              2.428E+10
 212) HO2     + NO2     = HNO2    + O2           1.599E+07
 272) HO2     + HV      = OH      + O            5.882E+09

H2O2                PRODUCTION RXS              INT RX RATE    TP =  5.15E+10
  16) HO2     + HO2     = H2O2    + O2           5.142E+10
  45) OH      + OH      = H2O2    +              8.474E+07

H2O2                   LOSS RXS                INT RX RATE    TL =  4.96E+10
  13) OH      + H2O2    = HO2     + H2O          1.415E+10
  47) H2O2    + O       = OH      + HO2          1.916E+06
 267) H2O2    + HV      = OH      + OH           2.716E+10

H2                  PRODUCTION RXS              INT RX RATE    TP =  1.61E+11
   7) H       + HO2     = H2      + O2           2.408E+09
  29) H       + HCO     = H2      + CO           7.373E+04
  38) H2CO    + H       = H2      + HCO          2.390E+05
  39) H       + H       = H2      +              2.139E+06
  52) CH4     + O1D     = H2CO    + H2           8.575E+08
  87) H       + HNO     = H2      + NO           2.936E+00
 101) C2H5    + OH      = CH3     + HCO     H2   1.824E-02
 121) H2S     + H       = H2      + HS           1.062E-01
 128) HS      + H       = H2      + S            7.376E-03
 167) HSO     + H       = H2      + SO           1.654E-01
 228) H       + HCS     = H2      + CS           9.187E-11
 262) H2O     + HV      = H2      + O1D          1.714E+09
 270) H2CO    + HV      = H2      + CO           1.553E+11
 273) CH4     + HV      = CH21    + H2           3.861E+08
 277) C2H6    + HV      = CH23    + CH23    H2   3.802E+00

H2                     LOSS RXS                INT RX RATE    TL =  2.72E+10
   2) H2      + O1D     = OH      + H            2.725E+09
   3) H2      + O       = OH      + H            9.000E+07
   4) H2      + OH      = H2O     + H            2.442E+10
  92) CH21    + H2      = CH3     + H            6.170E+04

CO                  PRODUCTION RXS              INT RX RATE    TP =  3.28E+11
  29) H       + HCO     = H2      + CO           7.373E+04
  30) HCO     + HCO     = H2CO    + CO           2.098E-04
  31) OH      + HCO     = H2O     + CO           4.226E+03
  33) O       + HCO     = OH      + CO           2.046E+06
  36) CO2     + H       = CO      + OH           5.458E-07
  40) HCO     + O2      = HO2     + CO           1.637E+11
  63) CH3     + HCO     = CH4     + CO           7.494E-02
  85) HCO     + NO      = HNO     + CO           2.845E+03
  93) CH21    + CO2     = H2CO    + CO           1.478E+04
  95) CH23    + CO2     = H2CO    + CO           8.162E+04
 102) C2H5    + HCO     = C2H6    + CO           2.947E-09
 127) HS      + HCO     = H2S     + CO           5.375E-04
 132) S       + HCO     = HS      + CO           1.558E-10
 162) SO      + HCO     = HSO     + CO           3.637E-04
 172) H       + OCS     = CO      + HS           3.860E+01
 174) O       + OCS     = CO      + SO           1.897E+06
 176) OCS     + S       = CO      + S2           7.904E-03
 180) CO      + O1D     = CO      + O            7.950E+07
 214) CS      + O2      = CO      + SO           4.149E+04
 217) CS      + O3      = CO      + SO2          6.294E+06
 237) CS2     + O       = CO      + S2           1.254E+05
 239) OCS     + H       = CO      + HS           3.847E+01
 241) CS      + O       = CO      + S            1.947E+00
 268) CO2     + HV      = CO      + O            3.785E+09
 269) CO2     + HV      = CO      + O1D          4.686E+09
 270) H2CO    + HV      = H2      + CO           1.553E+11
 300) OCS     + HV      = CO      + S            2.089E+07

CO                     LOSS RXS                INT RX RATE    TL =  2.46E+11
  28) H       + CO      = HCO     +              3.799E+04
  34) CO      + OH      = CO2     + H            2.462E+11
  35) CO      + O       = CO2     +              5.538E+06
 173) HS      + CO      = OCS     + H            4.310E-05
 179) S       + CO      = OCS     +              9.174E-04
 180) CO      + O1D     = CO      + O            7.950E+07
 188) OCS2    + CO      = OCS     + OCS          9.269E-03
 230) HS      + CO      = OCS     + H            4.362E-05

HCO                 PRODUCTION RXS              INT RX RATE    TP =  1.64E+11
  28) H       + CO      = HCO     +              3.799E+04
  38) H2CO    + H       = H2      + HCO          2.390E+05
  43) H2CO    + OH      = H2O     + HCO          5.838E+10
  46) H2CO    + O       = HCO     + OH           1.146E+09
  54) CH21    + O2      = HCO     + OH           3.274E+07
  58) CH23    + O2      = HCO     + OH           4.222E+08
  65) CH3     + H2CO    = CH4     + HCO          3.959E-03
  94) CH23    + O       = HCO     + H            1.594E+06
 100) C2H5    + O       = CH3     + HCO     H    3.031E-01
 101) C2H5    + OH      = CH3     + HCO     H2   1.824E-02
 104) C2H5    + O2      = CH3     + HCO     OH   9.000E+08
 271) H2CO    + HV      = HCO     + H            1.028E+11

HCO                    LOSS RXS                INT RX RATE    TL =  1.64E+11
  29) H       + HCO     = H2      + CO           7.373E+04
  30) HCO     + HCO     = H2CO    + CO           2.098E-04
  31) OH      + HCO     = H2O     + CO           4.226E+03
  32) O       + HCO     = H       + CO2          2.046E+06
  33) O       + HCO     = OH      + CO           2.046E+06
  40) HCO     + O2      = HO2     + CO           1.637E+11
  63) CH3     + HCO     = CH4     + CO           7.494E-02
  85) HCO     + NO      = HNO     + CO           2.845E+03
 102) C2H5    + HCO     = C2H6    + CO           2.947E-09
 127) HS      + HCO     = H2S     + CO           5.375E-04
 132) S       + HCO     = HS      + CO           1.558E-10
 162) SO      + HCO     = HSO     + CO           3.637E-04

H2CO                PRODUCTION RXS              INT RX RATE    TP =  3.25E+11
  30) HCO     + HCO     = H2CO    + CO           2.098E-04
  41) CH2OH   + O2      = H2CO    + HO2          1.715E+09
  42) CH3O    + O2      = H2CO    + HO2          2.476E+11
  52) CH4     + O1D     = H2CO    + H2           8.575E+08
  59) CH3     + O2      = H2CO    + OH           1.696E+04
  60) CH3     + O       = H2CO    + H            7.280E+07
  70) CH3OOH  + OH      = H2O     + H2CO    OH   7.225E+10
  93) CH21    + CO2     = H2CO    + CO           1.478E+04
  95) CH23    + CO2     = H2CO    + CO           8.162E+04
 247) C2H5SO  + HV      = H2CO    + CH3S         2.465E+09

H2CO                   LOSS RXS                INT RX RATE    TL =  3.22E+11
  38) H2CO    + H       = H2      + HCO          2.390E+05
  43) H2CO    + OH      = H2O     + HCO          5.838E+10
  46) H2CO    + O       = HCO     + OH           1.146E+09
  65) CH3     + H2CO    = CH4     + HCO          3.959E-03
 270) H2CO    + HV      = H2      + CO           1.553E+11
 271) H2CO    + HV      = HCO     + H            1.028E+11

CH3O                PRODUCTION RXS              INT RX RATE    TP =  2.48E+11
  50) CH4     + O1D     = CH3O    + H            1.715E+09
  67) CH3O2   + NO      = CH3O    + NO2          1.362E+11
 308) CH3OOH  + HV      = CH3O    + OH           1.097E+11

CH3O                   LOSS RXS                INT RX RATE    TL =  2.48E+11
  42) CH3O    + O2      = H2CO    + HO2          2.476E+11

CH2OH               PRODUCTION RXS              INT RX RATE    TP =  1.72E+09
  51) CH4     + O1D     = CH2OH   + H            1.715E+09

CH2OH                  LOSS RXS                INT RX RATE    TL =  1.72E+09
  41) CH2OH   + O2      = H2CO    + HO2          1.715E+09

CH3O2               PRODUCTION RXS              INT RX RATE    TP =  4.91E+11
  66) CH3     + O2      = CH3O2   +              3.229E+11
  69) CH3OOH  + OH      = CH3O2   + H2O          1.686E+11

CH3O2                  LOSS RXS                INT RX RATE    TL =  4.91E+11
  67) CH3O2   + NO      = CH3O    + NO2          1.362E+11
  68) CH3O2   + HO2     = CH3OOH  + O2           3.553E+11

CH3OOH              PRODUCTION RXS              INT RX RATE    TP =  3.55E+11
  68) CH3O2   + HO2     = CH3OOH  + O2           3.553E+11

CH3OOH                 LOSS RXS                INT RX RATE    TL =  3.55E+11
  69) CH3OOH  + OH      = CH3O2   + H2O          1.686E+11
  70) CH3OOH  + OH      = H2O     + H2CO    OH   7.225E+10
 308) CH3OOH  + HV      = CH3O    + OH           1.097E+11

CH4                 PRODUCTION RXS              INT RX RATE    TP =  1.69E+04
  62) CH3     + H       = CH4     +              1.691E+04
  63) CH3     + HCO     = CH4     + CO           7.494E-02
  64) CH3     + HNO     = CH4     + NO           2.333E-04
  65) CH3     + H2CO    = CH4     + HCO          3.959E-03
 233) CH3     + HCS     = CH4     + CS           1.571E-11
 278) C2H6    + HV      = CH4     + CH21         9.505E-01

CH4                    LOSS RXS                INT RX RATE    TL =  3.23E+11
  48) CH4     + OH      = CH3     + H2O          3.047E+11
  49) CH4     + O1D     = CH3     + OH           1.274E+10
  50) CH4     + O1D     = CH3O    + H            1.715E+09
  51) CH4     + O1D     = CH2OH   + H            1.715E+09
  52) CH4     + O1D     = H2CO    + H2           8.575E+08
  53) CH21    + CH4     = CH3     + CH3          4.073E-10
  91) CH4     + O       = CH3     + OH           7.026E+07
 273) CH4     + HV      = CH21    + H2           3.861E+08
 274) CH4     + HV      = CH3     + H            4.185E+08
 275) CH4     + HV      = CH23    + H       H    7.047E+07

CH3                 PRODUCTION RXS              INT RX RATE    TP =  3.23E+11
  48) CH4     + OH      = CH3     + H2O          3.047E+11
  49) CH4     + O1D     = CH3     + OH           1.274E+10
  53) CH21    + CH4     = CH3     + CH3          4.073E-10
  91) CH4     + O       = CH3     + OH           7.026E+07
  92) CH21    + H2      = CH3     + H            6.170E+04
  99) C2H5    + H       = CH3     + CH3          7.663E-04
 100) C2H5    + O       = CH3     + HCO     H    3.031E-01
 101) C2H5    + OH      = CH3     + HCO     H2   1.824E-02
 104) C2H5    + O2      = CH3     + HCO     OH   9.000E+08
 254) CH3SO2  + HV      = CH3     + SO2          3.230E+09
 255) CH3SO3  + HV      = CH3     + SO3          6.582E+07
 257) C2H6SO  + OH      = CH4SO2  + CH3          8.304E+08
 274) CH4     + HV      = CH3     + H            4.185E+08

CH3                    LOSS RXS                INT RX RATE    TL =  3.23E+11
  59) CH3     + O2      = H2CO    + OH           1.696E+04
  60) CH3     + O       = H2CO    + H            7.280E+07
  61) CH3     + CH3     = C2H6    +              1.244E+01
  62) CH3     + H       = CH4     +              1.691E+04
  63) CH3     + HCO     = CH4     + CO           7.494E-02
  64) CH3     + HNO     = CH4     + NO           2.333E-04
  65) CH3     + H2CO    = CH4     + HCO          3.959E-03
  66) CH3     + O2      = CH3O2   +              3.229E+11
 233) CH3     + HCS     = CH4     + CS           1.571E-11
 276) CH3     + HV      = CH21    + H            5.744E+04

C2H6                PRODUCTION RXS              INT RX RATE    TP =  1.24E+01
  61) CH3     + CH3     = C2H6    +              1.244E+01
 102) C2H5    + HCO     = C2H6    + CO           2.947E-09
 103) C2H5    + HNO     = C2H6    + NO           3.367E-08

C2H6                   LOSS RXS                INT RX RATE    TL =  9.00E+08
  96) C2H6    + OH      = C2H5    + H2O          8.994E+08
  97) C2H6    + O       = C2H5    + OH           3.575E+04
  98) C2H6    + O1D     = C2H5    + OH           5.155E+05
 277) C2H6    + HV      = CH23    + CH23    H2   3.802E+00
 278) C2H6    + HV      = CH4     + CH21         9.505E-01

NO                  PRODUCTION RXS              INT RX RATE    TP =  5.50E+12
  64) CH3     + HNO     = CH4     + NO           2.333E-04
  73) N       + O2      = NO      + O            3.179E+07
  75) N       + OH      = NO      + H            8.154E+06
  81) NO2     + O       = NO      + O2           6.924E+11
  83) NO2     + H       = NO      + OH           2.424E+07
  86) HNO     + HV      = NO      + H            4.396E+06
  87) H       + HNO     = H2      + NO           2.936E+00
  88) O       + HNO     = OH      + NO           4.685E+04
  89) OH      + HNO     = H2O     + NO           8.773E+04
 103) C2H5    + HNO     = C2H6    + NO           3.367E-08
 152) SO      + NO2     = SO2     + NO           4.439E+06
 157) HS      + NO2     = HSO     + NO           2.323E+06
 198) O1D     + N2O     = NO      + NO           1.097E+08
 199) N       + HO2     = NO      + OH           2.199E+06
 204) NO2     + NO3     = NO      + NO2     O2   1.311E+04
 249) CH3S    + NO2     = CH3SO   + NO           4.930E+06
 251) CH3SO   + NO2     = CH3SO2  + NO           1.644E+07
 253) CH3SO2  + NO2     = CH3SO3  + NO           7.946E+04
 279) HNO2    + HV      = NO      + OH           5.423E+09
 284) NO2     + HV      = NO      + O1D          7.914E+08
 285) NO2     + HV      = NO      + O            4.797E+12
 301) NO3     + HV      = NO      + O2           1.917E+09
 307) N2O5    + HV      = NO3     + NO      O    6.316E+07

NO                     LOSS RXS                INT RX RATE    TL =  5.50E+12
  67) CH3O2   + NO      = CH3O    + NO2          1.362E+11
  71) H       + NO      = HNO     +              2.158E+04
  76) N       + NO      = N2      + O            2.759E+07
  77) NO      + O3      = NO2     + O2           5.091E+12
  78) NO      + O       = NO2     +              4.846E+09
  79) NO      + HO2     = NO2     + OH           2.562E+11
  80) NO      + OH      = HNO2    +              4.466E+09
  85) HCO     + NO      = HNO     + CO           2.845E+03
 164) HSO     + NO      = HNO     + SO           4.509E+06
 191) NO      + NO3     = NO2     + NO2          2.905E+09
 246) C2H5SO2 + NO      = C2H5SO  + NO2          2.465E+09
 283) NO      + HV      = N       + O            7.587E+07

NO2                 PRODUCTION RXS              INT RX RATE    TP =  5.54E+12
  67) CH3O2   + NO      = CH3O    + NO2          1.362E+11
  77) NO      + O3      = NO2     + O2           5.091E+12
  78) NO      + O       = NO2     +              4.846E+09
  79) NO      + HO2     = NO2     + OH           2.562E+11
  90) HNO2    + OH      = H2O     + NO2          1.453E+08
 189) O       + NO3     = O2      + NO2          1.426E+08
 190) HO2     + NO3     = OH      + NO2     O2   1.919E+07
 191) NO      + NO3     = NO2     + NO2          2.905E+09
 193) OH      + NO3     = HO2     + NO2          2.419E+07
 200) O       + N2O5    = NO2     + NO2     O2   2.826E+04
 202) N2O5    + M       = NO3     + NO2          9.787E+05
 204) NO2     + NO3     = NO      + NO2     O2   1.311E+04
 206) NO3     + NO3     = NO2     + NO2     O2   1.880E-01
 208) O       + HO2NO2  = OH      + NO2     O2   3.995E+04
 209) OH      + HO2NO2  = H2O     + NO2     O2   6.946E+09
 210) HO2NO2  + M       = HO2     + NO2          1.358E+10
 246) C2H5SO2 + NO      = C2H5SO  + NO2          2.465E+09
 280) HNO3    + HV      = NO2     + OH           7.025E+09
 302) NO3     + HV      = NO2     + O            1.429E+10
 304) HO2NO2  + HV      = HO2     + NO2          2.953E+09
 306) N2O5    + HV      = NO3     + NO2          3.623E+07

NO2                    LOSS RXS                INT RX RATE    TL =  5.54E+12
  81) NO2     + O       = NO      + O2           6.924E+11
  82) NO2     + OH      = HNO3    +              1.132E+10
  83) NO2     + H       = NO      + OH           2.424E+07
 152) SO      + NO2     = SO2     + NO           4.439E+06
 157) HS      + NO2     = HSO     + NO           2.323E+06
 192) O       + NO2     = NO3     +              1.231E+10
 195) N       + NO2     = N2O     + O            6.135E+06
 201) NO2     + NO3     = N2O5    +              1.004E+08
 204) NO2     + NO3     = NO      + NO2     O2   1.311E+04
 205) NO2     + O3      = NO3     + O2           3.424E+09
 207) HO2     + NO2     = HO2NO2  +              2.428E+10
 212) HO2     + NO2     = HNO2    + O2           1.599E+07
 249) CH3S    + NO2     = CH3SO   + NO           4.930E+06
 251) CH3SO   + NO2     = CH3SO2  + NO           1.644E+07
 253) CH3SO2  + NO2     = CH3SO3  + NO           7.946E+04
 284) NO2     + HV      = NO      + O1D          7.914E+08
 285) NO2     + HV      = NO      + O            4.797E+12

HNO                 PRODUCTION RXS              INT RX RATE    TP =  4.53E+06
  71) H       + NO      = HNO     +              2.158E+04
  85) HCO     + NO      = HNO     + CO           2.845E+03
 164) HSO     + NO      = HNO     + SO           4.509E+06

HNO                    LOSS RXS                INT RX RATE    TL =  4.53E+06
  64) CH3     + HNO     = CH4     + NO           2.333E-04
  86) HNO     + HV      = NO      + H            4.396E+06
  87) H       + HNO     = H2      + NO           2.936E+00
  88) O       + HNO     = OH      + NO           4.685E+04
  89) OH      + HNO     = H2O     + NO           8.773E+04
 103) C2H5    + HNO     = C2H6    + NO           3.367E-08

H2S                 PRODUCTION RXS              INT RX RATE    TP =  4.84E+05
 125) HS      + HO2     = H2S     + O2           4.835E+05
 126) HS      + HS      = H2S     + S            3.519E+00
 127) HS      + HCO     = H2S     + CO           5.375E-04
 168) HSO     + HS      = H2S     + SO           8.275E+00
 235) HS      + HCS     = H2S     + CS           3.110E-09

H2S                    LOSS RXS                INT RX RATE    TL =  4.76E+05
 120) H2S     + OH      = H2O     + HS           4.740E+05
 121) H2S     + H       = H2      + HS           1.062E-01
 122) H2S     + O       = OH      + HS           4.982E+01
 287) H2S     + HV      = HS      + H            2.350E+03

HS                  PRODUCTION RXS              INT RX RATE    TP =  7.44E+08
 120) H2S     + OH      = H2O     + HS           4.740E+05
 121) H2S     + H       = H2      + HS           1.062E-01
 122) H2S     + O       = OH      + HS           4.982E+01
 132) S       + HCO     = HS      + CO           1.558E-10
 133) S       + HO2     = HS      + O2           2.835E-02
 166) HSO     + H       = HS      + OH           3.308E-01
 170) HSO     + O3      = HS      + O2      O2   7.383E+08
 171) HSO     + S       = HS      + SO           1.233E-06
 172) H       + OCS     = CO      + HS           3.860E+01
 177) OCS     + OH      = CO2     + HS           4.798E+06
 220) CS2     + OH      = OCS     + HS           8.962E+04
 231) CH21    + S2      = HCS     + HS           5.857E-18
 232) CH23    + S2      = HCS     + HS           6.233E-17
 236) S       + HCS     = HS      + CS           2.621E-16
 239) OCS     + H       = CO      + HS           3.847E+01
 287) H2S     + HV      = HS      + H            2.350E+03
 299) HSO     + HV      = HS      + O            3.417E+02

HS                     LOSS RXS                INT RX RATE    TL =  7.44E+08
 123) HS      + O       = H       + SO           3.557E+03
 125) HS      + HO2     = H2S     + O2           4.835E+05
 126) HS      + HS      = H2S     + S            3.519E+00
 127) HS      + HCO     = H2S     + CO           5.375E-04
 128) HS      + H       = H2      + S            7.376E-03
 129) HS      + S       = H       + S2           3.095E-08
 155) HS      + O3      = HSO     + O2           7.404E+08
 156) HS      + HO2     = HSO     + OH           4.835E+05
 157) HS      + NO2     = HSO     + NO           2.323E+06
 168) HSO     + HS      = H2S     + SO           8.275E+00
 173) HS      + CO      = OCS     + H            4.310E-05
 226) CS      + HS      = CS2     + H            1.843E-04
 230) HS      + CO      = OCS     + H            4.362E-05
 235) HS      + HCS     = H2S     + CS           3.110E-09

S                   PRODUCTION RXS              INT RX RATE    TP =  3.17E+07
 126) HS      + HS      = H2S     + S            3.519E+00
 128) HS      + H       = H2      + S            7.376E-03
 136) S2      + O       = S       + SO           1.407E+03
 159) SO      + SO      = SO2     + S            4.666E-04
 175) O       + OCS     = S       + CO2          1.458E+01
 219) CS2     + O       = OCS     + S            5.292E+05
 241) CS      + O       = CO      + S            1.947E+00
 286) SO      + HV      = S       + O            9.048E+03
 292) S2      + HV      = S       + S            1.240E+05
 294) S3      + HV      = S2      + S            1.772E-08
 300) OCS     + HV      = CO      + S            2.089E+07
 309) CS2     + HV      = CS      + S            9.999E+06

S                      LOSS RXS                INT RX RATE    TL =  3.17E+07
 129) HS      + S       = H       + S2           3.095E-08
 130) S       + O2      = SO      + O            3.167E+07
 131) S       + OH      = SO      + H            3.295E-02
 132) S       + HCO     = HS      + CO           1.558E-10
 133) S       + HO2     = HS      + O2           2.835E-02
 134) S       + HO2     = SO      + OH           2.835E-02
 135) S       + S       = S2      +              3.193E-17
 139) S       + S2      = S3      +              1.772E-08
 141) S       + S3      = S4      +              3.806E-25
 158) S       + O3      = SO      + O2           6.905E+03
 171) HSO     + S       = HS      + SO           1.233E-06
 176) OCS     + S       = CO      + S2           7.904E-03
 179) S       + CO      = OCS     +              9.174E-04
 184) OCS     + S       = OCS2    +              9.269E-03
 185) OCS2    + S       = OCS     + S2           7.252E-18
 229) S       + HCS     = H       + CS2          5.242E-16
 234) CH23    + S       = HCS     + H            6.201E-13
 236) S       + HCS     = HS      + CS           2.621E-16
 240) CS2     + S       = CS      + S2           4.411E-07

SO                  PRODUCTION RXS              INT RX RATE    TP =  1.75E+08
 106) SO2     + O1D     = SO      + O2           1.494E+04
 123) HS      + O       = H       + SO           3.557E+03
 130) S       + O2      = SO      + O            3.167E+07
 131) S       + OH      = SO      + H            3.295E-02
 134) S       + HO2     = SO      + OH           2.835E-02
 136) S2      + O       = S       + SO           1.407E+03
 148) SO21    + SO2     = SO3     + SO           4.096E+00
 151) SO23    + SO2     = SO3     + SO           5.193E-01
 158) S       + O3      = SO      + O2           6.905E+03
 164) HSO     + NO      = HNO     + SO           4.509E+06
 165) HSO     + OH      = H2O     + SO           3.072E+05
 167) HSO     + H       = H2      + SO           1.654E-01
 168) HSO     + HS      = H2S     + SO           8.275E+00
 169) HSO     + O       = OH      + SO           1.082E+04
 171) HSO     + S       = HS      + SO           1.233E-06
 174) O       + OCS     = CO      + SO           1.897E+06
 214) CS      + O2      = CO      + SO           4.149E+04
 216) CS      + O3      = SO      + CO2          6.294E+06
 218) CS2     + O       = SO      + CS           5.644E+06
 288) SO2     + HV      = SO      + O            1.250E+08

SO                     LOSS RXS                INT RX RATE    TL =  1.75E+08
 107) SO      + O2      = O       + SO2          1.390E+08
 108) SO      + HO2     = SO2     + OH           4.512E+05
 109) SO      + O       = SO2     +              7.476E+03
 110) SO      + OH      = SO2     + H            2.403E+05
 152) SO      + NO2     = SO2     + NO           4.439E+06
 153) SO      + O3      = SO2     + O2           3.127E+07
 159) SO      + SO      = SO2     + S            4.666E-04
 160) SO3     + SO      = SO2     + SO2          1.395E-04
 162) SO      + HCO     = HSO     + CO           3.637E-04
 163) H       + SO      = HSO     +              1.738E-03
 238) CS2     + SO      = OCS     + S2           6.684E-03
 286) SO      + HV      = S       + O            9.048E+03

SO2                 PRODUCTION RXS              INT RX RATE    TP =  1.19E+11
 105) SO2     + O1D     = SO2     + O            4.657E+03
 107) SO      + O2      = O       + SO2          1.390E+08
 108) SO      + HO2     = SO2     + OH           4.512E+05
 109) SO      + O       = SO2     +              7.476E+03
 110) SO      + OH      = SO2     + H            2.403E+05
 115) SO3     + O       = SO2     + O2           2.569E-01
 144) SO21    + M       = SO2     + M            1.040E+11
 146) SO21    + HV      = SO2     + HV           1.805E+07
 149) SO23    + M       = SO2     + M            1.128E+10
 150) SO23    + HV      = SO2     + HV           6.481E+06
 152) SO      + NO2     = SO2     + NO           4.439E+06
 153) SO      + O3      = SO2     + O2           3.127E+07
 159) SO      + SO      = SO2     + S            4.666E-04
 160) SO3     + SO      = SO2     + SO2          1.395E-04
 217) CS      + O3      = CO      + SO2          6.294E+06
 224) CS2X    + O2      = CS      + SO2          3.612E+06
 254) CH3SO2  + HV      = CH3     + SO2          3.230E+09
 298) SO3     + HV      = SO2     + O            3.902E+02

SO2                    LOSS RXS                INT RX RATE    TL =  1.18E+11
 105) SO2     + O1D     = SO2     + O            4.657E+03
 106) SO2     + O1D     = SO      + O2           1.494E+04
 111) SO2     + OH      = HSO3    +              1.100E+09
 112) SO2     + O       = SO3     +              6.286E+05
 148) SO21    + SO2     = SO3     + SO           4.096E+00
 151) SO23    + SO2     = SO3     + SO           5.193E-01
 154) SO2     + HO2     = SO3     + OH           2.015E+05
 288) SO2     + HV      = SO      + O            1.250E+08
 289) SO2     + HV      = SO21    +              1.145E+11
 290) SO2     + HV      = SO23    +              8.811E+08

H2SO4               PRODUCTION RXS              INT RX RATE    TP =  5.51E+09
 113) SO3     + H2O     = H2SO4   +              5.506E+09

H2SO4                  LOSS RXS                INT RX RATE    TL =  5.44E+09
 114) H2SO4   + H2O     = SO3     + H2O     H2O  4.338E+09
 291) H2SO4   + HV      = SO3     + H2O          1.853E+06

HSO                 PRODUCTION RXS              INT RX RATE    TP =  7.43E+08
 155) HS      + O3      = HSO     + O2           7.404E+08
 156) HS      + HO2     = HSO     + OH           4.835E+05
 157) HS      + NO2     = HSO     + NO           2.323E+06
 162) SO      + HCO     = HSO     + CO           3.637E-04
 163) H       + SO      = HSO     +              1.738E-03

HSO                    LOSS RXS                INT RX RATE    TL =  7.43E+08
 164) HSO     + NO      = HNO     + SO           4.509E+06
 165) HSO     + OH      = H2O     + SO           3.072E+05
 166) HSO     + H       = HS      + OH           3.308E-01
 167) HSO     + H       = H2      + SO           1.654E-01
 168) HSO     + HS      = H2S     + SO           8.275E+00
 169) HSO     + O       = OH      + SO           1.082E+04
 170) HSO     + O3      = HS      + O2      O2   7.383E+08
 171) HSO     + S       = HS      + SO           1.233E-06
 299) HSO     + HV      = HS      + O            3.417E+02

S2                  PRODUCTION RXS              INT RX RATE    TP =  1.25E+05
 129) HS      + S       = H       + S2           3.095E-08
 135) S       + S       = S2      +              3.193E-17
 176) OCS     + S       = CO      + S2           7.904E-03
 185) OCS2    + S       = OCS     + S2           7.252E-18
 225) CS2X    + CS2     = CS      + CS      S2   8.358E-04
 237) CS2     + O       = CO      + S2           1.254E+05
 238) CS2     + SO      = OCS     + S2           6.684E-03
 240) CS2     + S       = CS      + S2           4.411E-07
 293) S4      + HV      = S2      + S2           2.332E+01
 294) S3      + HV      = S2      + S            1.772E-08

S2                     LOSS RXS                INT RX RATE    TL =  1.25E+05
 136) S2      + O       = S       + SO           1.407E+03
 139) S       + S2      = S3      +              1.772E-08
 140) S2      + S2      = S4      +              2.332E+01
 231) CH21    + S2      = HCS     + HS           5.857E-18
 232) CH23    + S2      = HCS     + HS           6.233E-17
 292) S2      + HV      = S       + S            1.240E+05

S4                  PRODUCTION RXS              INT RX RATE    TP =  2.33E+01
 140) S2      + S2      = S4      +              2.332E+01
 141) S       + S3      = S4      +              3.806E-25
 297) S8      + HV      = S4      + S4           3.396E-13

S4                     LOSS RXS                INT RX RATE    TL =  2.33E+01
 142) S4      + S4      = S8      +              3.396E-13
 293) S4      + HV      = S2      + S2           2.332E+01

S8                  PRODUCTION RXS              INT RX RATE    TP =  3.40E-13
 142) S4      + S4      = S8      +              3.396E-13

S8                     LOSS RXS                INT RX RATE    TL =  3.40E-13
 297) S8      + HV      = S4      + S4           3.396E-13

SO3                 PRODUCTION RXS              INT RX RATE    TP =  5.51E+09
 112) SO2     + O       = SO3     +              6.286E+05
 114) H2SO4   + H2O     = SO3     + H2O     H2O  4.338E+09
 116) HSO3    + O2      = HO2     + SO3          1.100E+09
 147) SO21    + O2      = SO3     + O            2.213E+04
 148) SO21    + SO2     = SO3     + SO           4.096E+00
 151) SO23    + SO2     = SO3     + SO           5.193E-01
 154) SO2     + HO2     = SO3     + OH           2.015E+05
 255) CH3SO3  + HV      = CH3     + SO3          6.582E+07
 291) H2SO4   + HV      = SO3     + H2O          1.853E+06

SO3                    LOSS RXS                INT RX RATE    TL =  5.51E+09
 113) SO3     + H2O     = H2SO4   +              5.506E+09
 115) SO3     + O       = SO2     + O2           2.569E-01
 160) SO3     + SO      = SO2     + SO2          1.395E-04
 298) SO3     + HV      = SO2     + O            3.902E+02

OCS                 PRODUCTION RXS              INT RX RATE    TP =  7.24E+06
 173) HS      + CO      = OCS     + H            4.310E-05
 179) S       + CO      = OCS     +              9.174E-04
 185) OCS2    + S       = OCS     + S2           7.252E-18
 188) OCS2    + CO      = OCS     + OCS          9.269E-03
 213) CS      + O2      = OCS     + O            3.319E+05
 215) CS      + O3      = OCS     + O2           6.294E+06
 219) CS2     + O       = OCS     + S            5.292E+05
 220) CS2     + OH      = OCS     + HS           8.962E+04
 230) HS      + CO      = OCS     + H            4.362E-05
 238) CS2     + SO      = OCS     + S2           6.684E-03

OCS                    LOSS RXS                INT RX RATE    TL =  2.76E+07
 172) H       + OCS     = CO      + HS           3.860E+01
 174) O       + OCS     = CO      + SO           1.897E+06
 175) O       + OCS     = S       + CO2          1.458E+01
 176) OCS     + S       = CO      + S2           7.904E-03
 177) OCS     + OH      = CO2     + HS           4.798E+06
 184) OCS     + S       = OCS2    +              9.269E-03
 239) OCS     + H       = CO      + HS           3.847E+01
 300) OCS     + HV      = CO      + S            2.089E+07

S3                  PRODUCTION RXS              INT RX RATE    TP =  1.77E-08
 139) S       + S2      = S3      +              1.772E-08

S3                     LOSS RXS                INT RX RATE    TL =  1.77E-08
 141) S       + S3      = S4      +              3.806E-25
 294) S3      + HV      = S2      + S            1.772E-08

O3                  PRODUCTION RXS              INT RX RATE    TP =  2.05E+15
  18) O       + O2      = O3      +              2.046E+15

O3                     LOSS RXS                INT RX RATE    TL =  2.05E+15
   5) H       + O3      = OH      + O2           4.296E+11
  12) OH      + O3      = HO2     + O2           5.495E+11
  15) HO2     + O3      = OH      + O2      O2   2.786E+11
  19) O       + O3      = O2      + O2           2.382E+11
  20) O1D     + O3      = O2      + O2           7.017E+09
  21) O1D     + O3      = O       + O       O2   7.017E+09
  26) O3      + HV      = O2      + O            8.037E-10
  27) O3      + O3      = O2      + O2      O2   3.776E+03
  77) NO      + O3      = NO2     + O2           5.091E+12
 153) SO      + O3      = SO2     + O2           3.127E+07
 155) HS      + O3      = HSO     + O2           7.404E+08
 158) S       + O3      = SO      + O2           6.905E+03
 170) HSO     + O3      = HS      + O2      O2   7.383E+08
 205) NO2     + O3      = NO3     + O2           3.424E+09
 215) CS      + O3      = OCS     + O2           6.294E+06
 216) CS      + O3      = SO      + CO2          6.294E+06
 217) CS      + O3      = CO      + SO2          6.294E+06
 248) CH3S    + O3      = CH3SO   + O2           2.460E+09
 250) CH3SO   + O3      = CH3SO2  + O2           2.449E+09
 252) CH3SO2  + O3      = CH3SO3  + O2           6.574E+07
 264) O3      + HV      = O2      + O1D          6.615E+14
 265) O3      + HV      = O2      + O            1.377E+15
 266) O3      + HV      = O       + O       O    3.874E+11

HNO3                PRODUCTION RXS              INT RX RATE    TP =  1.13E+10
  82) NO2     + OH      = HNO3    +              1.132E+10
 203) N2O5    + H2O     = HNO3    + HNO3         2.330E+04
 244) C2H6S   + NO3     = C2H5S   + HNO3         1.091E+07

HNO3                   LOSS RXS                INT RX RATE    TL =  1.13E+10
  84) HNO3    + OH      = H2O     + NO3          2.801E+09
 211) O       + HNO3    = OH      + NO3          1.469E+06
 280) HNO3    + HV      = NO2     + OH           7.025E+09
 281) HNO3    + HV      = HNO2    + O            6.325E+08
 282) HNO3    + HV      = HNO2    + O1D          4.541E+08

N                   PRODUCTION RXS              INT RX RATE    TP =  7.59E+07
 283) NO      + HV      = N       + O            7.587E+07

N                      LOSS RXS                INT RX RATE    TL =  7.59E+07
  72) N       + N       = N2      +              4.337E-02
  73) N       + O2      = NO      + O            3.179E+07
  75) N       + OH      = NO      + H            8.154E+06
  76) N       + NO      = N2      + O            2.759E+07
 195) N       + NO2     = N2O     + O            6.135E+06
 199) N       + HO2     = NO      + OH           2.199E+06

NO3                 PRODUCTION RXS              INT RX RATE    TP =  1.94E+10
  84) HNO3    + OH      = H2O     + NO3          2.801E+09
 192) O       + NO2     = NO3     +              1.231E+10
 202) N2O5    + M       = NO3     + NO2          9.787E+05
 205) NO2     + O3      = NO3     + O2           3.424E+09
 211) O       + HNO3    = OH      + NO3          1.469E+06
 305) HO2NO2  + HV      = OH      + NO3          7.805E+08
 306) N2O5    + HV      = NO3     + NO2          3.623E+07
 307) N2O5    + HV      = NO3     + NO      O    6.316E+07

NO3                    LOSS RXS                INT RX RATE    TL =  1.94E+10
 189) O       + NO3     = O2      + NO2          1.426E+08
 190) HO2     + NO3     = OH      + NO2     O2   1.919E+07
 191) NO      + NO3     = NO2     + NO2          2.905E+09
 193) OH      + NO3     = HO2     + NO2          2.419E+07
 201) NO2     + NO3     = N2O5    +              1.004E+08
 204) NO2     + NO3     = NO      + NO2     O2   1.311E+04
 206) NO3     + NO3     = NO2     + NO2     O2   1.880E-01
 244) C2H6S   + NO3     = C2H5S   + HNO3         1.091E+07
 301) NO3     + HV      = NO      + O2           1.917E+09
 302) NO3     + HV      = NO2     + O            1.429E+10

N2O                 PRODUCTION RXS              INT RX RATE    TP =  6.14E+06
 195) N       + NO2     = N2O     + O            6.135E+06

N2O                    LOSS RXS                INT RX RATE    TL =  5.78E+09
 194) H       + N2O     = N2      + OH           6.677E-04
 197) O1D     + N2O     = N2      + O2           7.011E+07
 198) O1D     + N2O     = NO      + NO           1.097E+08
 303) N2O     + HV      = N2      + O1D          5.582E+09

HO2NO2              PRODUCTION RXS              INT RX RATE    TP =  2.43E+10
 207) HO2     + NO2     = HO2NO2  +              2.428E+10

HO2NO2                 LOSS RXS                INT RX RATE    TL =  2.43E+10
 208) O       + HO2NO2  = OH      + NO2     O2   3.995E+04
 209) OH      + HO2NO2  = H2O     + NO2     O2   6.946E+09
 210) HO2NO2  + M       = HO2     + NO2          1.358E+10
 304) HO2NO2  + HV      = HO2     + NO2          2.953E+09
 305) HO2NO2  + HV      = OH      + NO3          7.805E+08

N2O5                PRODUCTION RXS              INT RX RATE    TP =  1.00E+08
 201) NO2     + NO3     = N2O5    +              1.004E+08

N2O5                   LOSS RXS                INT RX RATE    TL =  1.00E+08
 200) O       + N2O5    = NO2     + NO2     O2   2.826E+04
 202) N2O5    + M       = NO3     + NO2          9.787E+05
 203) N2O5    + H2O     = HNO3    + HNO3         2.330E+04
 306) N2O5    + HV      = NO3     + NO2          3.623E+07
 307) N2O5    + HV      = NO3     + NO      O    6.316E+07

NH                  PRODUCTION RXS              INT RX RATE    TP =  0.00E+00

NH                     LOSS RXS                INT RX RATE    TL =  0.00E+00

NH2                 PRODUCTION RXS              INT RX RATE    TP =  0.00E+00

NH2                    LOSS RXS                INT RX RATE    TL =  0.00E+00

NH3                 PRODUCTION RXS              INT RX RATE    TP =  0.00E+00

NH3                    LOSS RXS                INT RX RATE    TL =  1.50E+10

CO2                 PRODUCTION RXS              INT RX RATE    TP =  1.09E+12
  32) O       + HCO     = H       + CO2          2.046E+06
  34) CO      + OH      = CO2     + H            2.462E+11
  35) CO      + O       = CO2     +              5.538E+06
 175) O       + OCS     = S       + CO2          1.458E+01
 177) OCS     + OH      = CO2     + HS           4.798E+06
 182) CO2     + O1D     = CO2     + O            8.424E+11
 216) CS      + O3      = SO      + CO2          6.294E+06

CO2                    LOSS RXS                INT RX RATE    TL =  8.51E+11
  36) CO2     + H       = CO      + OH           5.458E-07
  93) CH21    + CO2     = H2CO    + CO           1.478E+04
  95) CH23    + CO2     = H2CO    + CO           8.162E+04
 182) CO2     + O1D     = CO2     + O            8.424E+11
 268) CO2     + HV      = CO      + O            3.785E+09
 269) CO2     + HV      = CO      + O1D          4.686E+09

CS                  PRODUCTION RXS              INT RX RATE    TP =  1.93E+07
 218) CS2     + O       = SO      + CS           5.644E+06
 224) CS2X    + O2      = CS      + SO2          3.612E+06
 225) CS2X    + CS2     = CS      + CS      S2   8.358E-04
 228) H       + HCS     = H2      + CS           9.187E-11
 233) CH3     + HCS     = CH4     + CS           1.571E-11
 235) HS      + HCS     = H2S     + CS           3.110E-09
 236) S       + HCS     = HS      + CS           2.621E-16
 240) CS2     + S       = CS      + S2           4.411E-07
 309) CS2     + HV      = CS      + S            9.999E+06

CS                     LOSS RXS                INT RX RATE    TL =  1.93E+07
 213) CS      + O2      = OCS     + O            3.319E+05
 214) CS      + O2      = CO      + SO           4.149E+04
 215) CS      + O3      = OCS     + O2           6.294E+06
 216) CS      + O3      = SO      + CO2          6.294E+06
 217) CS      + O3      = CO      + SO2          6.294E+06
 226) CS      + HS      = CS2     + H            1.843E-04
 227) H       + CS      = HCS     +              3.217E-09
 241) CS      + O       = CO      + S            1.947E+00

CS2                 PRODUCTION RXS              INT RX RATE    TP =  4.28E+09
 222) CS2OH   + HV      = CS2     + OH           3.585E+07
 223) CS2X    + M       = CS2     + M            4.244E+09
 226) CS      + HS      = CS2     + H            1.843E-04
 229) S       + HCS     = H       + CS2          5.242E-16

CS2                    LOSS RXS                INT RX RATE    TL =  4.30E+09
 218) CS2     + O       = SO      + CS           5.644E+06
 219) CS2     + O       = OCS     + S            5.292E+05
 220) CS2     + OH      = OCS     + HS           8.962E+04
 221) CS2     + OH      = CS2OH   +              3.585E+07
 225) CS2X    + CS2     = CS      + CS      S2   8.358E-04
 237) CS2     + O       = CO      + S2           1.254E+05
 238) CS2     + SO      = OCS     + S2           6.684E-03
 240) CS2     + S       = CS      + S2           4.411E-07
 309) CS2     + HV      = CS      + S            9.999E+06
 310) CS2     + HV      = CS2X    +              4.248E+09

HCS                 PRODUCTION RXS              INT RX RATE    TP =  3.22E-09
 227) H       + CS      = HCS     +              3.217E-09
 231) CH21    + S2      = HCS     + HS           5.857E-18
 232) CH23    + S2      = HCS     + HS           6.233E-17
 234) CH23    + S       = HCS     + H            6.201E-13

HCS                    LOSS RXS                INT RX RATE    TL =  3.22E-09
 228) H       + HCS     = H2      + CS           9.187E-11
 229) S       + HCS     = H       + CS2          5.242E-16
 233) CH3     + HCS     = CH4     + CS           1.571E-11
 235) HS      + HCS     = H2S     + CS           3.110E-09
 236) S       + HCS     = HS      + CS           2.621E-16

C2H6S               PRODUCTION RXS              INT RX RATE    TP =  0.00E+00

C2H6S                  LOSS RXS                INT RX RATE    TL =  3.30E+09
 242) C2H6S   + OH      = C2H5S   + H2O          2.454E+09
 243) C2H6S   + OH      = C2H7SO  +              8.345E+08
 244) C2H6S   + NO3     = C2H5S   + HNO3         1.091E+07

C2H5S               PRODUCTION RXS              INT RX RATE    TP =  2.47E+09
 242) C2H6S   + OH      = C2H5S   + H2O          2.454E+09
 244) C2H6S   + NO3     = C2H5S   + HNO3         1.091E+07

C2H5S                  LOSS RXS                INT RX RATE    TL =  2.47E+09
 245) C2H5S   + O2      = C2H5SO2 +              2.465E+09

C2H5SO              PRODUCTION RXS              INT RX RATE    TP =  2.47E+09
 246) C2H5SO2 + NO      = C2H5SO  + NO2          2.465E+09

C2H5SO                 LOSS RXS                INT RX RATE    TL =  2.47E+09
 247) C2H5SO  + HV      = H2CO    + CH3S         2.465E+09

C2H5SO2             PRODUCTION RXS              INT RX RATE    TP =  2.47E+09
 245) C2H5S   + O2      = C2H5SO2 +              2.465E+09

C2H5SO2                LOSS RXS                INT RX RATE    TL =  2.47E+09
 246) C2H5SO2 + NO      = C2H5SO  + NO2          2.465E+09

CH3S                PRODUCTION RXS              INT RX RATE    TP =  2.47E+09
 247) C2H5SO  + HV      = H2CO    + CH3S         2.465E+09

CH3S                   LOSS RXS                INT RX RATE    TL =  2.47E+09
 248) CH3S    + O3      = CH3SO   + O2           2.460E+09
 249) CH3S    + NO2     = CH3SO   + NO           4.930E+06

CH3SO               PRODUCTION RXS              INT RX RATE    TP =  2.47E+09
 248) CH3S    + O3      = CH3SO   + O2           2.460E+09
 249) CH3S    + NO2     = CH3SO   + NO           4.930E+06

CH3SO                  LOSS RXS                INT RX RATE    TL =  2.47E+09
 250) CH3SO   + O3      = CH3SO2  + O2           2.449E+09
 251) CH3SO   + NO2     = CH3SO2  + NO           1.644E+07

CH3SO2              PRODUCTION RXS              INT RX RATE    TP =  3.30E+09
 250) CH3SO   + O3      = CH3SO2  + O2           2.449E+09
 251) CH3SO   + NO2     = CH3SO2  + NO           1.644E+07
 258) CH4SO2  + OH      = CH3SO2  + H2O          8.304E+08

CH3SO2                 LOSS RXS                INT RX RATE    TL =  3.30E+09
 252) CH3SO2  + O3      = CH3SO3  + O2           6.574E+07
 253) CH3SO2  + NO2     = CH3SO3  + NO           7.946E+04
 254) CH3SO2  + HV      = CH3     + SO2          3.230E+09

CH3SO3              PRODUCTION RXS              INT RX RATE    TP =  6.58E+07
 252) CH3SO2  + O3      = CH3SO3  + O2           6.574E+07
 253) CH3SO2  + NO2     = CH3SO3  + NO           7.946E+04

CH3SO3                 LOSS RXS                INT RX RATE    TL =  6.58E+07
 255) CH3SO3  + HV      = CH3     + SO3          6.582E+07

CH4SO2              PRODUCTION RXS              INT RX RATE    TP =  8.30E+08
 257) C2H6SO  + OH      = CH4SO2  + CH3          8.304E+08

CH4SO2                 LOSS RXS                INT RX RATE    TL =  8.30E+08
 258) CH4SO2  + OH      = CH3SO2  + H2O          8.304E+08

C2H6SO              PRODUCTION RXS              INT RX RATE    TP =  8.35E+08
 256) C2H7SO  + O2      = C2H6SO  + HO2          8.345E+08

C2H6SO                 LOSS RXS                INT RX RATE    TL =  8.35E+08
 257) C2H6SO  + OH      = CH4SO2  + CH3          8.304E+08

C2H7SO              PRODUCTION RXS              INT RX RATE    TP =  8.35E+08
 243) C2H6S   + OH      = C2H7SO  +              8.345E+08

C2H7SO                 LOSS RXS                INT RX RATE    TL =  8.35E+08
 256) C2H7SO  + O2      = C2H6SO  + HO2          8.345E+08

SO4AER              PRODUCTION RXS              INT RX RATE    TP =  1.03E+09

SO4AER                 LOSS RXS                INT RX RATE    TL =  1.02E+09

S8AER               PRODUCTION RXS              INT RX RATE    TP =  0.00E+00

S8AER                  LOSS RXS                INT RX RATE    TL =  1.70E-19

HNO2                PRODUCTION RXS              INT RX RATE    TP =  0.00E+00
  80) NO      + OH      = HNO2    +              4.466E+09
 212) HO2     + NO2     = HNO2    + O2           1.599E+07
 281) HNO3    + HV      = HNO2    + O            6.325E+08
 282) HNO3    + HV      = HNO2    + O1D          4.541E+08

HNO2                   LOSS RXS                INT RX RATE    TL =  0.00E+00
  90) HNO2    + OH      = H2O     + NO2          1.453E+08
 279) HNO2    + HV      = NO      + OH           5.423E+09

O1D                 PRODUCTION RXS              INT RX RATE    TP =  0.00E+00
 259) O2      + HV      = O       + O1D          2.913E+11
 262) H2O     + HV      = H2      + O1D          1.714E+09
 264) O3      + HV      = O2      + O1D          6.615E+14
 269) CO2     + HV      = CO      + O1D          4.686E+09
 282) HNO3    + HV      = HNO2    + O1D          4.541E+08
 284) NO2     + HV      = NO      + O1D          7.914E+08
 303) N2O     + HV      = N2      + O1D          5.582E+09

O1D                    LOSS RXS                INT RX RATE    TL =  0.00E+00
   1) H2O     + O1D     = OH      + OH           2.316E+11
   2) H2      + O1D     = OH      + H            2.725E+09
  20) O1D     + O3      = O2      + O2           7.017E+09
  21) O1D     + O3      = O       + O       O2   7.017E+09
  23) O1D     + N2      = O       + N2           6.398E+14
  24) O1D     + O2      = O       + O2           2.081E+13
  49) CH4     + O1D     = CH3     + OH           1.274E+10
  50) CH4     + O1D     = CH3O    + H            1.715E+09
  51) CH4     + O1D     = CH2OH   + H            1.715E+09
  52) CH4     + O1D     = H2CO    + H2           8.575E+08
  98) C2H6    + O1D     = C2H5    + OH           5.155E+05
 105) SO2     + O1D     = SO2     + O            4.657E+03
 106) SO2     + O1D     = SO      + O2           1.494E+04
 180) CO      + O1D     = CO      + O            7.950E+07
 182) CO2     + O1D     = CO2     + O            8.424E+11
 197) O1D     + N2O     = N2      + O2           7.011E+07
 198) O1D     + N2O     = NO      + NO           1.097E+08

CH21                PRODUCTION RXS              INT RX RATE    TP =  0.00E+00
 273) CH4     + HV      = CH21    + H2           3.861E+08
 276) CH3     + HV      = CH21    + H            5.744E+04
 278) C2H6    + HV      = CH4     + CH21         9.505E-01

CH21                   LOSS RXS                INT RX RATE    TL =  0.00E+00
  53) CH21    + CH4     = CH3     + CH3          4.073E-10
  54) CH21    + O2      = HCO     + OH           3.274E+07
  55) CH21    + N2      = CH23    + N2           3.534E+08
  92) CH21    + H2      = CH3     + H            6.170E+04
  93) CH21    + CO2     = H2CO    + CO           1.478E+04
 231) CH21    + S2      = HCS     + HS           5.857E-18

CH23                PRODUCTION RXS              INT RX RATE    TP =  0.00E+00
  55) CH21    + N2      = CH23    + N2           3.534E+08
 275) CH4     + HV      = CH23    + H       H    7.047E+07
 277) C2H6    + HV      = CH23    + CH23    H2   3.802E+00

CH23                   LOSS RXS                INT RX RATE    TL =  0.00E+00
  58) CH23    + O2      = HCO     + OH           4.222E+08
  94) CH23    + O       = HCO     + H            1.594E+06
  95) CH23    + CO2     = H2CO    + CO           8.162E+04
 232) CH23    + S2      = HCS     + HS           6.233E-17
 234) CH23    + S       = HCS     + H            6.201E-13

C2H5                PRODUCTION RXS              INT RX RATE    TP =  0.00E+00
  96) C2H6    + OH      = C2H5    + H2O          8.994E+08
  97) C2H6    + O       = C2H5    + OH           3.575E+04
  98) C2H6    + O1D     = C2H5    + OH           5.155E+05

C2H5                   LOSS RXS                INT RX RATE    TL =  0.00E+00
  99) C2H5    + H       = CH3     + CH3          7.663E-04
 100) C2H5    + O       = CH3     + HCO     H    3.031E-01
 101) C2H5    + OH      = CH3     + HCO     H2   1.824E-02
 102) C2H5    + HCO     = C2H6    + CO           2.947E-09
 103) C2H5    + HNO     = C2H6    + NO           3.367E-08
 104) C2H5    + O2      = CH3     + HCO     OH   9.000E+08

SO21                PRODUCTION RXS              INT RX RATE    TP =  0.00E+00
 289) SO2     + HV      = SO21    +              1.145E+11

SO21                   LOSS RXS                INT RX RATE    TL =  0.00E+00
 143) SO21    + M       = SO23    + M            1.040E+10
 144) SO21    + M       = SO2     + M            1.040E+11
 145) SO21    + HV      = SO23    + HV           1.230E+06
 146) SO21    + HV      = SO2     + HV           1.805E+07
 147) SO21    + O2      = SO3     + O            2.213E+04
 148) SO21    + SO2     = SO3     + SO           4.096E+00

SO23                PRODUCTION RXS              INT RX RATE    TP =  0.00E+00
 143) SO21    + M       = SO23    + M            1.040E+10
 145) SO21    + HV      = SO23    + HV           1.230E+06
 290) SO2     + HV      = SO23    +              8.811E+08

SO23                   LOSS RXS                INT RX RATE    TL =  0.00E+00
 149) SO23    + M       = SO2     + M            1.128E+10
 150) SO23    + HV      = SO2     + HV           6.481E+06
 151) SO23    + SO2     = SO3     + SO           5.193E-01

HSO3                PRODUCTION RXS              INT RX RATE    TP =  0.00E+00
 111) SO2     + OH      = HSO3    +              1.100E+09

HSO3                   LOSS RXS                INT RX RATE    TL =  0.00E+00
 116) HSO3    + O2      = HO2     + SO3          1.100E+09

OCS2                PRODUCTION RXS              INT RX RATE    TP =  0.00E+00
 184) OCS     + S       = OCS2    +              9.269E-03

OCS2                   LOSS RXS                INT RX RATE    TL =  0.00E+00
 185) OCS2    + S       = OCS     + S2           7.252E-18
 188) OCS2    + CO      = OCS     + OCS          9.269E-03

CS2X                PRODUCTION RXS              INT RX RATE    TP =  0.00E+00
 310) CS2     + HV      = CS2X    +              4.248E+09

CS2X                   LOSS RXS                INT RX RATE    TL =  0.00E+00
 223) CS2X    + M       = CS2     + M            4.244E+09
 224) CS2X    + O2      = CS      + SO2          3.612E+06
 225) CS2X    + CS2     = CS      + CS      S2   8.358E-04

CS2OH               PRODUCTION RXS              INT RX RATE    TP =  0.00E+00
 221) CS2     + OH      = CS2OH   +              3.585E+07

CS2OH                  LOSS RXS                INT RX RATE    TL =  0.00E+00
 222) CS2OH   + HV      = CS2     + OH           3.585E+07

N2                  PRODUCTION RXS              INT RX RATE    TP =  0.00E+00
  23) O1D     + N2      = O       + N2           6.398E+14
  55) CH21    + N2      = CH23    + N2           3.534E+08
  72) N       + N       = N2      +              4.337E-02
  76) N       + NO      = N2      + O            2.759E+07
 194) H       + N2O     = N2      + OH           6.677E-04
 197) O1D     + N2O     = N2      + O2           7.011E+07
 303) N2O     + HV      = N2      + O1D          5.582E+09

N2                     LOSS RXS                INT RX RATE    TL =  0.00E+00
  23) O1D     + N2      = O       + N2           6.398E+14
  55) CH21    + N2      = CH23    + N2           3.534E+08
