
O                   PRODUCTION RXS              INT RX RATE    TP =  2.09E+15
   8) H       + HO2     = H2O     + O            1.973E+08
  21) O1D     + O3      = O       + O       O2   6.988E+09
  22) OH      + OH      = H2O     + O            5.078E+08
  23) O1D     + N2      = O       + N2           6.415E+14
  24) O1D     + O2      = O       + O2           2.089E+13
  25) O2      + HV      = O       + O            3.083E-72
  26) O3      + HV      = O2      + O            5.207E-10
  73) N       + O2      = NO      + O            3.041E+07
  76) N       + NO      = N2      + O            2.512E+07
 105) SO2     + O1D     = SO2     + O            2.858E+03
 107) SO      + O2      = O       + SO2          9.455E+07
 130) S       + O2      = SO      + O            2.609E+07
 147) SO21    + O2      = SO3     + O            1.248E+04
 180) CO      + O1D     = CO      + O            5.112E+07
 182) CO2     + O1D     = CO2     + O            8.340E+11
 195) N       + NO2     = N2O     + O            4.239E+06
 213) CS      + O2      = OCS     + O            4.649E+05
 259) O2      + HV      = O       + O1D          2.973E+11
 260) O2      + HV      = O       + O            2.729E+12
 263) H2O     + HV      = H       + H       O    7.274E+08
 265) O3      + HV      = O2      + O            1.417E+15
 266) O3      + HV      = O       + O       O    3.890E+11
 268) CO2     + HV      = CO      + O            3.752E+09
 272) HO2     + HV      = OH      + O            3.841E+09
 281) HNO3    + HV      = HNO2    + O            3.260E+08
 283) NO      + HV      = N       + O            6.703E+07
 285) NO2     + HV      = NO      + O            5.371E+12
 286) SO      + HV      = S       + O            1.628E+04
 288) SO2     + HV      = SO      + O            7.762E+07
 298) SO3     + HV      = SO2     + O            1.901E+03
 299) HSO     + HV      = HS      + O            2.229E+02
 302) NO3     + HV      = NO2     + O            1.131E+10
 307) N2O5    + HV      = NO3     + NO      O    3.841E+07

O                      LOSS RXS                INT RX RATE    TL =  2.09E+15
   3) H2      + O       = OH      + H            3.323E+07
  10) OH      + O       = H       + O2           1.990E+12
  14) HO2     + O       = OH      + O2           1.600E+12
  17) O       + O       = O2      +              8.074E+10
  18) O       + O2      = O3      +              2.088E+15
  19) O       + O3      = O2      + O2           3.625E+11
  32) O       + HCO     = H       + CO2          2.957E+05
  33) O       + HCO     = OH      + CO           2.957E+05
  35) CO      + O       = CO2     +              8.882E+05
  46) H2CO    + O       = HCO     + OH           1.691E+08
  47) H2O2    + O       = OH      + HO2          8.916E+05
  60) CH3     + O       = H2CO    + H            1.214E+07
  78) NO      + O       = NO2     +              6.129E+09
  81) NO2     + O       = NO      + O2           6.737E+11
  88) O       + HNO     = OH      + NO           3.908E+04
  91) CH4     + O       = CH3     + OH           9.339E+06
  94) CH23    + O       = HCO     + H            2.316E+05
  97) C2H6    + O       = C2H5    + OH           1.181E+04
 100) C2H5    + O       = CH3     + HCO     H    1.115E-01
 109) SO      + O       = SO2     +              1.240E+04
 112) SO2     + O       = SO3     +              3.472E+05
 115) SO3     + O       = SO2     + O2           2.199E+00
 122) H2S     + O       = OH      + HS           3.130E+01
 123) HS      + O       = H       + SO           4.511E+03
 136) S2      + O       = S       + SO           1.404E+03
 169) HSO     + O       = OH      + SO           1.594E+04
 174) O       + OCS     = CO      + SO           1.812E+06
 175) O       + OCS     = S       + CO2          1.143E+01
 189) O       + NO3     = O2      + NO2          1.152E+08
 192) O       + NO2     = NO3     +              1.124E+10
 200) O       + N2O5    = NO2     + NO2     O2   1.492E+04
 208) O       + HO2NO2  = OH      + NO2     O2   2.118E+04
 211) O       + HNO3    = OH      + NO3          9.489E+05
 218) CS2     + O       = SO      + CS           5.550E+06
 219) CS2     + O       = OCS     + S            5.203E+05
 237) CS2     + O       = CO      + S2           1.284E+05
 241) CS      + O       = CO      + S            2.402E+00

O2                  PRODUCTION RXS              INT RX RATE    TP =  2.11E+15
   5) H       + O3      = OH      + O2           5.392E+11
   7) H       + HO2     = H2      + O2           8.510E+08
  10) OH      + O       = H       + O2           1.990E+12
  11) OH      + HO2     = H2O     + O2           4.950E+10
  12) OH      + O3      = HO2     + O2           3.658E+11
  14) HO2     + O       = OH      + O2           1.600E+12
  15) HO2     + O3      = OH      + O2      O2   1.110E+11
  16) HO2     + HO2     = H2O2    + O2           2.496E+10
  17) O       + O       = O2      +              8.074E+10
  19) O       + O3      = O2      + O2           3.625E+11
  20) O1D     + O3      = O2      + O2           6.988E+09
  21) O1D     + O3      = O       + O       O2   6.988E+09
  24) O1D     + O2      = O       + O2           2.089E+13
  26) O3      + HV      = O2      + O            5.207E-10
  27) O3      + O3      = O2      + O2      O2   1.611E+03
  68) CH3O2   + HO2     = CH3OOH  + O2           1.141E+11
  77) NO      + O3      = NO2     + O2           5.860E+12
  81) NO2     + O       = NO      + O2           6.737E+11
 106) SO2     + O1D     = SO      + O2           9.166E+03
 115) SO3     + O       = SO2     + O2           2.199E+00
 125) HS      + HO2     = H2S     + O2           1.108E+06
 133) S       + HO2     = HS      + O2           1.057E-02
 153) SO      + O3      = SO2     + O2           2.917E+07
 155) HS      + O3      = HSO     + O2           1.371E+09
 158) S       + O3      = SO      + O2           4.909E+03
 170) HSO     + O3      = HS      + O2      O2   1.363E+09
 189) O       + NO3     = O2      + NO2          1.152E+08
 190) HO2     + NO3     = OH      + NO2     O2   5.164E+06
 197) O1D     + N2O     = N2      + O2           5.857E+07
 200) O       + N2O5    = NO2     + NO2     O2   1.492E+04
 204) NO2     + NO3     = NO      + NO2     O2   7.226E+03
 205) NO2     + O3      = NO3     + O2           2.303E+09
 206) NO3     + NO3     = NO2     + NO2     O2   7.320E-02
 208) O       + HO2NO2  = OH      + NO2     O2   2.118E+04
 209) OH      + HO2NO2  = H2O     + NO2     O2   2.302E+09
 212) HO2     + NO2     = HNO2    + O2           5.536E+06
 215) CS      + O3      = OCS     + O2           6.184E+06
 248) CH3S    + O3      = CH3SO   + O2           2.460E+09
 250) CH3SO   + O3      = CH3SO2  + O2           2.453E+09
 252) CH3SO2  + O3      = CH3SO3  + O2           4.049E+07
 264) O3      + HV      = O2      + O1D          6.630E+14
 265) O3      + HV      = O2      + O            1.417E+15
 301) NO3     + HV      = NO      + O2           1.518E+09

O2                     LOSS RXS                INT RX RATE    TL =  2.11E+15
   6) H       + O2      = HO2     +              1.604E+12
  18) O       + O2      = O3      +              2.088E+15
  24) O1D     + O2      = O       + O2           2.089E+13
  25) O2      + HV      = O       + O            3.083E-72
  40) HCO     + O2      = HO2     + CO           4.684E+10
  41) CH2OH   + O2      = H2CO    + HO2          1.709E+08
  42) CH3O    + O2      = H2CO    + HO2          5.151E+10
  54) CH21    + O2      = HCO     + OH           3.868E+06
  58) CH23    + O2      = HCO     + OH           4.993E+07
  59) CH3     + O2      = H2CO    + OH           4.835E+03
  66) CH3     + O2      = CH3O2   +              8.106E+10
  73) N       + O2      = NO      + O            3.041E+07
 104) C2H5    + O2      = CH3     + HCO     OH   9.000E+08
 107) SO      + O2      = O       + SO2          9.455E+07
 116) HSO3    + O2      = HO2     + SO3          1.751E+09
 130) S       + O2      = SO      + O            2.609E+07
 147) SO21    + O2      = SO3     + O            1.248E+04
 213) CS      + O2      = OCS     + O            4.649E+05
 214) CS      + O2      = CO      + SO           5.812E+04
 224) CS2X    + O2      = CS      + SO2          4.320E+06
 245) C2H5S   + O2      = C2H5SO2 +              2.463E+09
 256) C2H7SO  + O2      = C2H6SO  + HO2          8.370E+08
 259) O2      + HV      = O       + O1D          2.973E+11
 260) O2      + HV      = O       + O            2.729E+12

H2O                 PRODUCTION RXS              INT RX RATE    TP =  3.95E+10
   4) H2      + OH      = H2O     + H            4.906E+10
   8) H       + HO2     = H2O     + O            1.973E+08
  11) OH      + HO2     = H2O     + O2           4.950E+10
  13) OH      + H2O2    = HO2     + H2O          1.145E+10
  22) OH      + OH      = H2O     + O            5.078E+08
  31) OH      + HCO     = H2O     + CO           2.403E+02
  43) H2CO    + OH      = H2O     + HCO          2.323E+10
  44) H       + OH      = H2O     +              1.059E+06
  48) CH4     + OH      = CH3     + H2O          7.471E+10
  69) CH3OOH  + OH      = CH3O2   + H2O          6.752E+10
  70) CH3OOH  + OH      = H2O     + H2CO    OH   2.894E+10
  84) HNO3    + OH      = H2O     + NO3          1.533E+09
  89) OH      + HNO     = H2O     + NO           4.545E+05
  90) HNO2    + OH      = H2O     + NO2          4.750E+07
  96) C2H6    + OH      = C2H5    + H2O          8.998E+08
 114) H2SO4   + H2O     = SO3     + H2O     H2O  8.815E+09
 120) H2S     + OH      = H2O     + HS           1.100E+06
 165) HSO     + OH      = H2O     + SO           2.448E+06
 209) OH      + HO2NO2  = H2O     + NO2     O2   2.302E+09
 242) C2H6S   + OH      = C2H5S   + H2O          2.462E+09
 258) CH4SO2  + OH      = CH3SO2  + H2O          8.352E+08
 291) H2SO4   + HV      = SO3     + H2O          3.361E+06

H2O                    LOSS RXS                INT RX RATE    TL =  3.14E+10
   1) H2O     + O1D     = OH      + OH           1.309E+11
 113) SO3     + H2O     = H2SO4   +              1.061E+10
 114) H2SO4   + H2O     = SO3     + H2O     H2O  8.815E+09
 203) N2O5    + H2O     = HNO3    + HNO3         5.982E+03
 261) H2O     + HV      = H       + OH           9.725E+09
 262) H2O     + HV      = H2      + O1D          4.850E+08
 263) H2O     + HV      = H       + H       O    7.274E+08

H                   PRODUCTION RXS              INT RX RATE    TP =  2.15E+12
   2) H2      + O1D     = OH      + H            1.368E+09
   3) H2      + O       = OH      + H            3.323E+07
   4) H2      + OH      = H2O     + H            4.906E+10
  10) OH      + O       = H       + O2           1.990E+12
  32) O       + HCO     = H       + CO2          2.957E+05
  34) CO      + OH      = CO2     + H            7.914E+10
  50) CH4     + O1D     = CH3O    + H            1.709E+08
  51) CH4     + O1D     = CH2OH   + H            1.709E+08
  60) CH3     + O       = H2CO    + H            1.214E+07
  75) N       + OH      = NO      + H            5.905E+06
  86) HNO     + HV      = NO      + H            9.249E+06
  92) CH21    + H2      = CH3     + H            2.243E+03
  94) CH23    + O       = HCO     + H            2.316E+05
 100) C2H5    + O       = CH3     + HCO     H    1.115E-01
 110) SO      + OH      = SO2     + H            2.446E+05
 123) HS      + O       = H       + SO           4.511E+03
 129) HS      + S       = H       + S2           4.313E-08
 131) S       + OH      = SO      + H            2.340E-02
 173) HS      + CO      = OCS     + H            2.043E-05
 226) CS      + HS      = CS2     + H            7.980E-04
 229) S       + HCS     = H       + CS2          1.005E-16
 230) HS      + CO      = OCS     + H            2.067E-05
 234) CH23    + S       = HCS     + H            9.789E-12
 261) H2O     + HV      = H       + OH           9.725E+09
 263) H2O     + HV      = H       + H       O    7.274E+08
 271) H2CO    + HV      = HCO     + H            2.248E+10
 274) CH4     + HV      = CH3     + H            4.947E+07
 275) CH4     + HV      = CH23    + H       H    8.445E+06
 276) CH3     + HV      = CH21    + H            6.793E+03
 287) H2S     + HV      = HS      + H            5.829E+02

H                      LOSS RXS                INT RX RATE    TL =  2.15E+12
   5) H       + O3      = OH      + O2           5.392E+11
   6) H       + O2      = HO2     +              1.604E+12
   7) H       + HO2     = H2      + O2           8.510E+08
   8) H       + HO2     = H2O     + O            1.973E+08
   9) H       + HO2     = OH      + OH           8.880E+09
  28) H       + CO      = HCO     +              3.820E+04
  29) H       + HCO     = H2      + CO           4.667E+03
  36) CO2     + H       = CO      + OH           1.584E-07
  38) H2CO    + H       = H2      + HCO          2.246E+04
  39) H       + H       = H2      +              5.863E+05
  44) H       + OH      = H2O     +              1.059E+06
  62) CH3     + H       = CH4     +              1.235E+03
  71) H       + NO      = HNO     +              1.584E+04
  83) NO2     + H       = NO      + OH           1.268E+07
  87) H       + HNO     = H2      + NO           6.755E-01
  99) C2H5    + H       = CH3     + CH3          3.396E-06
 121) H2S     + H       = H2      + HS           4.733E-02
 128) HS      + H       = H2      + S            1.046E-02
 163) H       + SO      = HSO     +              1.336E-02
 166) HSO     + H       = HS      + OH           4.807E-01
 167) HSO     + H       = H2      + SO           2.404E-01
 172) H       + OCS     = CO      + HS           1.828E+01
 194) H       + N2O     = N2      + OH           3.508E-04
 227) H       + CS      = HCS     +              2.180E-09
 228) H       + HCS     = H2      + CS           2.378E-11
 239) OCS     + H       = CO      + HS           1.821E+01

OH                  PRODUCTION RXS              INT RX RATE    TP =  2.76E+12
   1) H2O     + O1D     = OH      + OH           1.309E+11
   2) H2      + O1D     = OH      + H            1.368E+09
   3) H2      + O       = OH      + H            3.323E+07
   5) H       + O3      = OH      + O2           5.392E+11
   9) H       + HO2     = OH      + OH           8.880E+09
  14) HO2     + O       = OH      + O2           1.600E+12
  15) HO2     + O3      = OH      + O2      O2   1.110E+11
  33) O       + HCO     = OH      + CO           2.957E+05
  36) CO2     + H       = CO      + OH           1.584E-07
  46) H2CO    + O       = HCO     + OH           1.691E+08
  47) H2O2    + O       = OH      + HO2          8.916E+05
  49) CH4     + O1D     = CH3     + OH           1.270E+09
  54) CH21    + O2      = HCO     + OH           3.868E+06
  58) CH23    + O2      = HCO     + OH           4.993E+07
  59) CH3     + O2      = H2CO    + OH           4.835E+03
  70) CH3OOH  + OH      = H2O     + H2CO    OH   2.894E+10
  79) NO      + HO2     = NO2     + OH           1.417E+11
  83) NO2     + H       = NO      + OH           1.268E+07
  88) O       + HNO     = OH      + NO           3.908E+04
  91) CH4     + O       = CH3     + OH           9.339E+06
  97) C2H6    + O       = C2H5    + OH           1.181E+04
  98) C2H6    + O1D     = C2H5    + OH           1.533E+05
 104) C2H5    + O2      = CH3     + HCO     OH   9.000E+08
 108) SO      + HO2     = SO2     + OH           1.794E+05
 122) H2S     + O       = OH      + HS           3.130E+01
 134) S       + HO2     = SO      + OH           1.057E-02
 154) SO2     + HO2     = SO3     + OH           1.150E+05
 156) HS      + HO2     = HSO     + OH           1.108E+06
 166) HSO     + H       = HS      + OH           4.807E-01
 169) HSO     + O       = OH      + SO           1.594E+04
 190) HO2     + NO3     = OH      + NO2     O2   5.164E+06
 194) H       + N2O     = N2      + OH           3.508E-04
 199) N       + HO2     = NO      + OH           1.365E+06
 208) O       + HO2NO2  = OH      + NO2     O2   2.118E+04
 211) O       + HNO3    = OH      + NO3          9.489E+05
 222) CS2OH   + HV      = CS2     + OH           1.103E+08
 261) H2O     + HV      = H       + OH           9.725E+09
 267) H2O2    + HV      = OH      + OH           9.459E+09
 272) HO2     + HV      = OH      + O            3.841E+09
 279) HNO2    + HV      = NO      + OH           4.474E+09
 280) HNO3    + HV      = NO2     + OH           4.314E+09
 305) HO2NO2  + HV      = OH      + NO3          3.238E+08
 308) CH3OOH  + HV      = CH3O    + OH           1.690E+10

OH                     LOSS RXS                INT RX RATE    TL =  2.76E+12
   4) H2      + OH      = H2O     + H            4.906E+10
  10) OH      + O       = H       + O2           1.990E+12
  11) OH      + HO2     = H2O     + O2           4.950E+10
  12) OH      + O3      = HO2     + O2           3.658E+11
  13) OH      + H2O2    = HO2     + H2O          1.145E+10
  22) OH      + OH      = H2O     + O            5.078E+08
  31) OH      + HCO     = H2O     + CO           2.403E+02
  34) CO      + OH      = CO2     + H            7.914E+10
  43) H2CO    + OH      = H2O     + HCO          2.323E+10
  44) H       + OH      = H2O     +              1.059E+06
  45) OH      + OH      = H2O2    +              4.528E+07
  48) CH4     + OH      = CH3     + H2O          7.471E+10
  69) CH3OOH  + OH      = CH3O2   + H2O          6.752E+10
  70) CH3OOH  + OH      = H2O     + H2CO    OH   2.894E+10
  75) N       + OH      = NO      + H            5.905E+06
  80) NO      + OH      = HNO2    +              3.956E+09
  82) NO2     + OH      = HNO3    +              6.812E+09
  84) HNO3    + OH      = H2O     + NO3          1.533E+09
  89) OH      + HNO     = H2O     + NO           4.545E+05
  90) HNO2    + OH      = H2O     + NO2          4.750E+07
  96) C2H6    + OH      = C2H5    + H2O          8.998E+08
 101) C2H5    + OH      = CH3     + HCO     H2   2.386E-02
 110) SO      + OH      = SO2     + H            2.446E+05
 111) SO2     + OH      = HSO3    +              1.751E+09
 120) H2S     + OH      = H2O     + HS           1.100E+06
 131) S       + OH      = SO      + H            2.340E-02
 165) HSO     + OH      = H2O     + SO           2.448E+06
 177) OCS     + OH      = CO2     + HS           1.209E+07
 193) OH      + NO3     = HO2     + NO2          9.840E+06
 209) OH      + HO2NO2  = H2O     + NO2     O2   2.302E+09
 220) CS2     + OH      = OCS     + HS           2.757E+05
 221) CS2     + OH      = CS2OH   +              1.103E+08
 242) C2H6S   + OH      = C2H5S   + H2O          2.462E+09
 243) C2H6S   + OH      = C2H7SO  +              8.370E+08
 257) C2H6SO  + OH      = CH4SO2  + CH3          8.352E+08
 258) CH4SO2  + OH      = CH3SO2  + H2O          8.352E+08

HO2                 PRODUCTION RXS              INT RX RATE    TP =  2.09E+12
   6) H       + O2      = HO2     +              1.604E+12
  12) OH      + O3      = HO2     + O2           3.658E+11
  13) OH      + H2O2    = HO2     + H2O          1.145E+10
  40) HCO     + O2      = HO2     + CO           4.684E+10
  41) CH2OH   + O2      = H2CO    + HO2          1.709E+08
  42) CH3O    + O2      = H2CO    + HO2          5.151E+10
  47) H2O2    + O       = OH      + HO2          8.916E+05
 116) HSO3    + O2      = HO2     + SO3          1.751E+09
 193) OH      + NO3     = HO2     + NO2          9.840E+06
 210) HO2NO2  + M       = HO2     + NO2          4.083E+09
 256) C2H7SO  + O2      = C2H6SO  + HO2          8.370E+08
 304) HO2NO2  + HV      = HO2     + NO2          1.228E+09

HO2                    LOSS RXS                INT RX RATE    TL =  2.09E+12
   7) H       + HO2     = H2      + O2           8.510E+08
   8) H       + HO2     = H2O     + O            1.973E+08
   9) H       + HO2     = OH      + OH           8.880E+09
  11) OH      + HO2     = H2O     + O2           4.950E+10
  14) HO2     + O       = OH      + O2           1.600E+12
  15) HO2     + O3      = OH      + O2      O2   1.110E+11
  16) HO2     + HO2     = H2O2    + O2           2.496E+10
  68) CH3O2   + HO2     = CH3OOH  + O2           1.141E+11
  79) NO      + HO2     = NO2     + OH           1.417E+11
 108) SO      + HO2     = SO2     + OH           1.794E+05
 125) HS      + HO2     = H2S     + O2           1.108E+06
 133) S       + HO2     = HS      + O2           1.057E-02
 134) S       + HO2     = SO      + OH           1.057E-02
 154) SO2     + HO2     = SO3     + OH           1.150E+05
 156) HS      + HO2     = HSO     + OH           1.108E+06
 190) HO2     + NO3     = OH      + NO2     O2   5.164E+06
 199) N       + HO2     = NO      + OH           1.365E+06
 207) HO2     + NO2     = HO2NO2  +              7.946E+09
 212) HO2     + NO2     = HNO2    + O2           5.536E+06
 272) HO2     + HV      = OH      + O            3.841E+09

H2O2                PRODUCTION RXS              INT RX RATE    TP =  2.50E+10
  16) HO2     + HO2     = H2O2    + O2           2.496E+10
  45) OH      + OH      = H2O2    +              4.528E+07

H2O2                   LOSS RXS                INT RX RATE    TL =  2.42E+10
  13) OH      + H2O2    = HO2     + H2O          1.145E+10
  47) H2O2    + O       = OH      + HO2          8.916E+05
 267) H2O2    + HV      = OH      + OH           9.459E+09

H2                  PRODUCTION RXS              INT RX RATE    TP =  3.72E+10
   7) H       + HO2     = H2      + O2           8.510E+08
  29) H       + HCO     = H2      + CO           4.667E+03
  38) H2CO    + H       = H2      + HCO          2.246E+04
  39) H       + H       = H2      +              5.863E+05
  52) CH4     + O1D     = H2CO    + H2           8.547E+07
  87) H       + HNO     = H2      + NO           6.755E-01
 101) C2H5    + OH      = CH3     + HCO     H2   2.386E-02
 121) H2S     + H       = H2      + HS           4.733E-02
 128) HS      + H       = H2      + S            1.046E-02
 167) HSO     + H       = H2      + SO           2.404E-01
 228) H       + HCS     = H2      + CS           2.378E-11
 262) H2O     + HV      = H2      + O1D          4.850E+08
 270) H2CO    + HV      = H2      + CO           3.545E+10
 273) CH4     + HV      = CH21    + H2           4.559E+07
 277) C2H6    + HV      = CH23    + CH23    H2   6.848E-02

H2                     LOSS RXS                INT RX RATE    TL =  5.05E+10
   2) H2      + O1D     = OH      + H            1.368E+09
   3) H2      + O       = OH      + H            3.323E+07
   4) H2      + OH      = H2O     + H            4.906E+10
  92) CH21    + H2      = CH3     + H            2.243E+03

CO                  PRODUCTION RXS              INT RX RATE    TP =  9.14E+10
  29) H       + HCO     = H2      + CO           4.667E+03
  30) HCO     + HCO     = H2CO    + CO           2.437E-06
  31) OH      + HCO     = H2O     + CO           2.403E+02
  33) O       + HCO     = OH      + CO           2.957E+05
  36) CO2     + H       = CO      + OH           1.584E-07
  40) HCO     + O2      = HO2     + CO           4.684E+10
  63) CH3     + HCO     = CH4     + CO           7.550E-04
  85) HCO     + NO      = HNO     + CO           2.344E+02
  93) CH21    + CO2     = H2CO    + CO           1.700E+03
  95) CH23    + CO2     = H2CO    + CO           9.373E+03
 102) C2H5    + HCO     = C2H6    + CO           8.314E-10
 127) HS      + HCO     = H2S     + CO           6.033E-04
 132) S       + HCO     = HS      + CO           1.463E-11
 162) SO      + HCO     = HSO     + CO           4.434E-05
 172) H       + OCS     = CO      + HS           1.828E+01
 174) O       + OCS     = CO      + SO           1.812E+06
 176) OCS     + S       = CO      + S2           6.265E-03
 180) CO      + O1D     = CO      + O            5.112E+07
 214) CS      + O2      = CO      + SO           5.812E+04
 217) CS      + O3      = CO      + SO2          6.184E+06
 237) CS2     + O       = CO      + S2           1.284E+05
 239) OCS     + H       = CO      + HS           1.821E+01
 241) CS      + O       = CO      + S            2.402E+00
 268) CO2     + HV      = CO      + O            3.752E+09
 269) CO2     + HV      = CO      + O1D          5.309E+09
 270) H2CO    + HV      = H2      + CO           3.545E+10
 300) OCS     + HV      = CO      + S            1.610E+07

CO                     LOSS RXS                INT RX RATE    TL =  7.92E+10
  28) H       + CO      = HCO     +              3.820E+04
  34) CO      + OH      = CO2     + H            7.914E+10
  35) CO      + O       = CO2     +              8.882E+05
 173) HS      + CO      = OCS     + H            2.043E-05
 179) S       + CO      = OCS     +              9.875E-05
 180) CO      + O1D     = CO      + O            5.112E+07
 188) OCS2    + CO      = OCS     + OCS          7.415E-03
 230) HS      + CO      = OCS     + H            2.067E-05

HCO                 PRODUCTION RXS              INT RX RATE    TP =  4.68E+10
  28) H       + CO      = HCO     +              3.820E+04
  38) H2CO    + H       = H2      + HCO          2.246E+04
  43) H2CO    + OH      = H2O     + HCO          2.323E+10
  46) H2CO    + O       = HCO     + OH           1.691E+08
  54) CH21    + O2      = HCO     + OH           3.868E+06
  58) CH23    + O2      = HCO     + OH           4.993E+07
  65) CH3     + H2CO    = CH4     + HCO          2.805E-04
  94) CH23    + O       = HCO     + H            2.316E+05
 100) C2H5    + O       = CH3     + HCO     H    1.115E-01
 101) C2H5    + OH      = CH3     + HCO     H2   2.386E-02
 104) C2H5    + O2      = CH3     + HCO     OH   9.000E+08
 271) H2CO    + HV      = HCO     + H            2.248E+10

HCO                    LOSS RXS                INT RX RATE    TL =  4.68E+10
  29) H       + HCO     = H2      + CO           4.667E+03
  30) HCO     + HCO     = H2CO    + CO           2.437E-06
  31) OH      + HCO     = H2O     + CO           2.403E+02
  32) O       + HCO     = H       + CO2          2.957E+05
  33) O       + HCO     = OH      + CO           2.957E+05
  40) HCO     + O2      = HO2     + CO           4.684E+10
  63) CH3     + HCO     = CH4     + CO           7.550E-04
  85) HCO     + NO      = HNO     + CO           2.344E+02
 102) C2H5    + HCO     = C2H6    + CO           8.314E-10
 127) HS      + HCO     = H2S     + CO           6.033E-04
 132) S       + HCO     = HS      + CO           1.463E-11
 162) SO      + HCO     = HSO     + CO           4.434E-05

H2CO                PRODUCTION RXS              INT RX RATE    TP =  8.32E+10
  30) HCO     + HCO     = H2CO    + CO           2.437E-06
  41) CH2OH   + O2      = H2CO    + HO2          1.709E+08
  42) CH3O    + O2      = H2CO    + HO2          5.151E+10
  52) CH4     + O1D     = H2CO    + H2           8.547E+07
  59) CH3     + O2      = H2CO    + OH           4.835E+03
  60) CH3     + O       = H2CO    + H            1.214E+07
  70) CH3OOH  + OH      = H2O     + H2CO    OH   2.894E+10
  93) CH21    + CO2     = H2CO    + CO           1.700E+03
  95) CH23    + CO2     = H2CO    + CO           9.373E+03
 247) C2H5SO  + HV      = H2CO    + CH3S         2.463E+09

H2CO                   LOSS RXS                INT RX RATE    TL =  8.25E+10
  38) H2CO    + H       = H2      + HCO          2.246E+04
  43) H2CO    + OH      = H2O     + HCO          2.323E+10
  46) H2CO    + O       = HCO     + OH           1.691E+08
  65) CH3     + H2CO    = CH4     + HCO          2.805E-04
 270) H2CO    + HV      = H2      + CO           3.545E+10
 271) H2CO    + HV      = HCO     + H            2.248E+10

CH3O                PRODUCTION RXS              INT RX RATE    TP =  5.15E+10
  50) CH4     + O1D     = CH3O    + H            1.709E+08
  67) CH3O2   + NO      = CH3O    + NO2          3.444E+10
 308) CH3OOH  + HV      = CH3O    + OH           1.690E+10

CH3O                   LOSS RXS                INT RX RATE    TL =  5.15E+10
  42) CH3O    + O2      = H2CO    + HO2          5.151E+10

CH2OH               PRODUCTION RXS              INT RX RATE    TP =  1.71E+08
  51) CH4     + O1D     = CH2OH   + H            1.709E+08

CH2OH                  LOSS RXS                INT RX RATE    TL =  1.71E+08
  41) CH2OH   + O2      = H2CO    + HO2          1.709E+08

CH3O2               PRODUCTION RXS              INT RX RATE    TP =  1.49E+11
  66) CH3     + O2      = CH3O2   +              8.106E+10
  69) CH3OOH  + OH      = CH3O2   + H2O          6.752E+10

CH3O2                  LOSS RXS                INT RX RATE    TL =  1.49E+11
  67) CH3O2   + NO      = CH3O    + NO2          3.444E+10
  68) CH3O2   + HO2     = CH3OOH  + O2           1.141E+11

CH3OOH              PRODUCTION RXS              INT RX RATE    TP =  1.14E+11
  68) CH3O2   + HO2     = CH3OOH  + O2           1.141E+11

CH3OOH                 LOSS RXS                INT RX RATE    TL =  1.14E+11
  69) CH3OOH  + OH      = CH3O2   + H2O          6.752E+10
  70) CH3OOH  + OH      = H2O     + H2CO    OH   2.894E+10
 308) CH3OOH  + HV      = CH3O    + OH           1.690E+10

CH4                 PRODUCTION RXS              INT RX RATE    TP =  1.24E+03
  62) CH3     + H       = CH4     +              1.235E+03
  63) CH3     + HCO     = CH4     + CO           7.550E-04
  64) CH3     + HNO     = CH4     + NO           1.404E-04
  65) CH3     + H2CO    = CH4     + HCO          2.805E-04
 233) CH3     + HCS     = CH4     + CS           8.975E-13
 278) C2H6    + HV      = CH4     + CH21         1.712E-02

CH4                    LOSS RXS                INT RX RATE    TL =  7.65E+10
  48) CH4     + OH      = CH3     + H2O          7.471E+10
  49) CH4     + O1D     = CH3     + OH           1.270E+09
  50) CH4     + O1D     = CH3O    + H            1.709E+08
  51) CH4     + O1D     = CH2OH   + H            1.709E+08
  52) CH4     + O1D     = H2CO    + H2           8.547E+07
  53) CH21    + CH4     = CH3     + CH3          5.535E-12
  91) CH4     + O       = CH3     + OH           9.339E+06
 273) CH4     + HV      = CH21    + H2           4.559E+07
 274) CH4     + HV      = CH3     + H            4.947E+07
 275) CH4     + HV      = CH23    + H       H    8.445E+06

CH3                 PRODUCTION RXS              INT RX RATE    TP =  8.11E+10
  48) CH4     + OH      = CH3     + H2O          7.471E+10
  49) CH4     + O1D     = CH3     + OH           1.270E+09
  53) CH21    + CH4     = CH3     + CH3          5.535E-12
  91) CH4     + O       = CH3     + OH           9.339E+06
  92) CH21    + H2      = CH3     + H            2.243E+03
  99) C2H5    + H       = CH3     + CH3          3.396E-06
 100) C2H5    + O       = CH3     + HCO     H    1.115E-01
 101) C2H5    + OH      = CH3     + HCO     H2   2.386E-02
 104) C2H5    + O2      = CH3     + HCO     OH   9.000E+08
 254) CH3SO2  + HV      = CH3     + SO2          3.258E+09
 255) CH3SO3  + HV      = CH3     + SO3          4.052E+07
 257) C2H6SO  + OH      = CH4SO2  + CH3          8.352E+08
 274) CH4     + HV      = CH3     + H            4.947E+07

CH3                    LOSS RXS                INT RX RATE    TL =  8.11E+10
  59) CH3     + O2      = H2CO    + OH           4.835E+03
  60) CH3     + O       = H2CO    + H            1.214E+07
  61) CH3     + CH3     = C2H6    +              1.137E-01
  62) CH3     + H       = CH4     +              1.235E+03
  63) CH3     + HCO     = CH4     + CO           7.550E-04
  64) CH3     + HNO     = CH4     + NO           1.404E-04
  65) CH3     + H2CO    = CH4     + HCO          2.805E-04
  66) CH3     + O2      = CH3O2   +              8.106E+10
 233) CH3     + HCS     = CH4     + CS           8.975E-13
 276) CH3     + HV      = CH21    + H            6.793E+03

C2H6                PRODUCTION RXS              INT RX RATE    TP =  1.14E-01
  61) CH3     + CH3     = C2H6    +              1.137E-01
 102) C2H5    + HCO     = C2H6    + CO           8.314E-10
 103) C2H5    + HNO     = C2H6    + NO           7.833E-08

C2H6                   LOSS RXS                INT RX RATE    TL =  9.00E+08
  96) C2H6    + OH      = C2H5    + H2O          8.998E+08
  97) C2H6    + O       = C2H5    + OH           1.181E+04
  98) C2H6    + O1D     = C2H5    + OH           1.533E+05
 277) C2H6    + HV      = CH23    + CH23    H2   6.848E-02
 278) C2H6    + HV      = CH4     + CH21         1.712E-02

NO                  PRODUCTION RXS              INT RX RATE    TP =  6.05E+12
  64) CH3     + HNO     = CH4     + NO           1.404E-04
  73) N       + O2      = NO      + O            3.041E+07
  75) N       + OH      = NO      + H            5.905E+06
  81) NO2     + O       = NO      + O2           6.737E+11
  83) NO2     + H       = NO      + OH           1.268E+07
  86) HNO     + HV      = NO      + H            9.249E+06
  87) H       + HNO     = H2      + NO           6.755E-01
  88) O       + HNO     = OH      + NO           3.908E+04
  89) OH      + HNO     = H2O     + NO           4.545E+05
 103) C2H5    + HNO     = C2H6    + NO           7.833E-08
 152) SO      + NO2     = SO2     + NO           5.364E+06
 157) HS      + NO2     = HSO     + NO           2.852E+06
 198) O1D     + N2O     = NO      + NO           9.164E+07
 199) N       + HO2     = NO      + OH           1.365E+06
 204) NO2     + NO3     = NO      + NO2     O2   7.226E+03
 249) CH3S    + NO2     = CH3SO   + NO           3.045E+06
 251) CH3SO   + NO2     = CH3SO2  + NO           1.010E+07
 253) CH3SO2  + NO2     = CH3SO3  + NO           3.036E+04
 279) HNO2    + HV      = NO      + OH           4.474E+09
 284) NO2     + HV      = NO      + O1D          5.854E+08
 285) NO2     + HV      = NO      + O            5.371E+12
 301) NO3     + HV      = NO      + O2           1.518E+09
 307) N2O5    + HV      = NO3     + NO      O    3.841E+07

NO                     LOSS RXS                INT RX RATE    TL =  6.05E+12
  67) CH3O2   + NO      = CH3O    + NO2          3.444E+10
  71) H       + NO      = HNO     +              1.584E+04
  76) N       + NO      = N2      + O            2.512E+07
  77) NO      + O3      = NO2     + O2           5.860E+12
  78) NO      + O       = NO2     +              6.129E+09
  79) NO      + HO2     = NO2     + OH           1.417E+11
  80) NO      + OH      = HNO2    +              3.956E+09
  85) HCO     + NO      = HNO     + CO           2.344E+02
 164) HSO     + NO      = HNO     + SO           9.733E+06
 191) NO      + NO3     = NO2     + NO2          2.442E+09
 246) C2H5SO2 + NO      = C2H5SO  + NO2          2.463E+09
 283) NO      + HV      = N       + O            6.703E+07

NO2                 PRODUCTION RXS              INT RX RATE    TP =  6.07E+12
  67) CH3O2   + NO      = CH3O    + NO2          3.444E+10
  77) NO      + O3      = NO2     + O2           5.860E+12
  78) NO      + O       = NO2     +              6.129E+09
  79) NO      + HO2     = NO2     + OH           1.417E+11
  90) HNO2    + OH      = H2O     + NO2          4.750E+07
 189) O       + NO3     = O2      + NO2          1.152E+08
 190) HO2     + NO3     = OH      + NO2     O2   5.164E+06
 191) NO      + NO3     = NO2     + NO2          2.442E+09
 193) OH      + NO3     = HO2     + NO2          9.840E+06
 200) O       + N2O5    = NO2     + NO2     O2   1.492E+04
 202) N2O5    + M       = NO3     + NO2          1.709E+05
 204) NO2     + NO3     = NO      + NO2     O2   7.226E+03
 206) NO3     + NO3     = NO2     + NO2     O2   7.320E-02
 208) O       + HO2NO2  = OH      + NO2     O2   2.118E+04
 209) OH      + HO2NO2  = H2O     + NO2     O2   2.302E+09
 210) HO2NO2  + M       = HO2     + NO2          4.083E+09
 246) C2H5SO2 + NO      = C2H5SO  + NO2          2.463E+09
 280) HNO3    + HV      = NO2     + OH           4.314E+09
 302) NO3     + HV      = NO2     + O            1.131E+10
 304) HO2NO2  + HV      = HO2     + NO2          1.228E+09
 306) N2O5    + HV      = NO3     + NO2          1.614E+07

NO2                    LOSS RXS                INT RX RATE    TL =  6.07E+12
  81) NO2     + O       = NO      + O2           6.737E+11
  82) NO2     + OH      = HNO3    +              6.812E+09
  83) NO2     + H       = NO      + OH           1.268E+07
 152) SO      + NO2     = SO2     + NO           5.364E+06
 157) HS      + NO2     = HSO     + NO           2.852E+06
 192) O       + NO2     = NO3     +              1.124E+10
 195) N       + NO2     = N2O     + O            4.239E+06
 201) NO2     + NO3     = N2O5    +              5.474E+07
 204) NO2     + NO3     = NO      + NO2     O2   7.226E+03
 205) NO2     + O3      = NO3     + O2           2.303E+09
 207) HO2     + NO2     = HO2NO2  +              7.946E+09
 212) HO2     + NO2     = HNO2    + O2           5.536E+06
 249) CH3S    + NO2     = CH3SO   + NO           3.045E+06
 251) CH3SO   + NO2     = CH3SO2  + NO           1.010E+07
 253) CH3SO2  + NO2     = CH3SO3  + NO           3.036E+04
 284) NO2     + HV      = NO      + O1D          5.854E+08
 285) NO2     + HV      = NO      + O            5.371E+12

HNO                 PRODUCTION RXS              INT RX RATE    TP =  9.75E+06
  71) H       + NO      = HNO     +              1.584E+04
  85) HCO     + NO      = HNO     + CO           2.344E+02
 164) HSO     + NO      = HNO     + SO           9.733E+06

HNO                    LOSS RXS                INT RX RATE    TL =  9.74E+06
  64) CH3     + HNO     = CH4     + NO           1.404E-04
  86) HNO     + HV      = NO      + H            9.249E+06
  87) H       + HNO     = H2      + NO           6.755E-01
  88) O       + HNO     = OH      + NO           3.908E+04
  89) OH      + HNO     = H2O     + NO           4.545E+05
 103) C2H5    + HNO     = C2H6    + NO           7.833E-08

H2S                 PRODUCTION RXS              INT RX RATE    TP =  1.11E+06
 125) HS      + HO2     = H2S     + O2           1.108E+06
 126) HS      + HS      = H2S     + S            3.509E+01
 127) HS      + HCO     = H2S     + CO           6.033E-04
 168) HSO     + HS      = H2S     + SO           8.249E+01
 235) HS      + HCS     = H2S     + CS           2.165E-09

H2S                    LOSS RXS                INT RX RATE    TL =  1.10E+06
 120) H2S     + OH      = H2O     + HS           1.100E+06
 121) H2S     + H       = H2      + HS           4.733E-02
 122) H2S     + O       = OH      + HS           3.130E+01
 287) H2S     + HV      = HS      + H            5.829E+02

HS                  PRODUCTION RXS              INT RX RATE    TP =  1.38E+09
 120) H2S     + OH      = H2O     + HS           1.100E+06
 121) H2S     + H       = H2      + HS           4.733E-02
 122) H2S     + O       = OH      + HS           3.130E+01
 132) S       + HCO     = HS      + CO           1.463E-11
 133) S       + HO2     = HS      + O2           1.057E-02
 166) HSO     + H       = HS      + OH           4.807E-01
 170) HSO     + O3      = HS      + O2      O2   1.363E+09
 171) HSO     + S       = HS      + SO           1.797E-06
 172) H       + OCS     = CO      + HS           1.828E+01
 177) OCS     + OH      = CO2     + HS           1.209E+07
 220) CS2     + OH      = OCS     + HS           2.757E+05
 231) CH21    + S2      = HCS     + HS           9.040E-19
 232) CH23    + S2      = HCS     + HS           9.629E-18
 236) S       + HCS     = HS      + CS           5.024E-17
 239) OCS     + H       = CO      + HS           1.821E+01
 287) H2S     + HV      = HS      + H            5.829E+02
 299) HSO     + HV      = HS      + O            2.229E+02

HS                     LOSS RXS                INT RX RATE    TL =  1.38E+09
 123) HS      + O       = H       + SO           4.511E+03
 125) HS      + HO2     = H2S     + O2           1.108E+06
 126) HS      + HS      = H2S     + S            3.509E+01
 127) HS      + HCO     = H2S     + CO           6.033E-04
 128) HS      + H       = H2      + S            1.046E-02
 129) HS      + S       = H       + S2           4.313E-08
 155) HS      + O3      = HSO     + O2           1.371E+09
 156) HS      + HO2     = HSO     + OH           1.108E+06
 157) HS      + NO2     = HSO     + NO           2.852E+06
 168) HSO     + HS      = H2S     + SO           8.249E+01
 173) HS      + CO      = OCS     + H            2.043E-05
 226) CS      + HS      = CS2     + H            7.980E-04
 230) HS      + CO      = OCS     + H            2.067E-05
 235) HS      + HCS     = H2S     + CS           2.165E-09

S                   PRODUCTION RXS              INT RX RATE    TP =  2.61E+07
 126) HS      + HS      = H2S     + S            3.509E+01
 128) HS      + H       = H2      + S            1.046E-02
 136) S2      + O       = S       + SO           1.404E+03
 159) SO      + SO      = SO2     + S            6.031E-04
 175) O       + OCS     = S       + CO2          1.143E+01
 219) CS2     + O       = OCS     + S            5.203E+05
 241) CS      + O       = CO      + S            2.402E+00
 286) SO      + HV      = S       + O            1.628E+04
 292) S2      + HV      = S       + S            1.270E+05
 294) S3      + HV      = S2      + S            1.531E-08
 300) OCS     + HV      = CO      + S            1.610E+07
 309) CS2     + HV      = CS      + S            9.204E+06

S                      LOSS RXS                INT RX RATE    TL =  2.61E+07
 129) HS      + S       = H       + S2           4.313E-08
 130) S       + O2      = SO      + O            2.609E+07
 131) S       + OH      = SO      + H            2.340E-02
 132) S       + HCO     = HS      + CO           1.463E-11
 133) S       + HO2     = HS      + O2           1.057E-02
 134) S       + HO2     = SO      + OH           1.057E-02
 135) S       + S       = S2      +              2.252E-17
 139) S       + S2      = S3      +              1.531E-08
 141) S       + S3      = S4      +              2.336E-25
 158) S       + O3      = SO      + O2           4.909E+03
 171) HSO     + S       = HS      + SO           1.797E-06
 176) OCS     + S       = CO      + S2           6.265E-03
 179) S       + CO      = OCS     +              9.875E-05
 184) OCS     + S       = OCS2    +              7.415E-03
 185) OCS2    + S       = OCS     + S2           3.662E-17
 229) S       + HCS     = H       + CS2          1.005E-16
 234) CH23    + S       = HCS     + H            9.789E-12
 236) S       + HCS     = HS      + CS           5.024E-17
 240) CS2     + S       = CS      + S2           4.178E-07

SO                  PRODUCTION RXS              INT RX RATE    TP =  1.30E+08
 106) SO2     + O1D     = SO      + O2           9.166E+03
 123) HS      + O       = H       + SO           4.511E+03
 130) S       + O2      = SO      + O            2.609E+07
 131) S       + OH      = SO      + H            2.340E-02
 134) S       + HO2     = SO      + OH           1.057E-02
 136) S2      + O       = S       + SO           1.404E+03
 148) SO21    + SO2     = SO3     + SO           1.757E+00
 151) SO23    + SO2     = SO3     + SO           2.260E-01
 158) S       + O3      = SO      + O2           4.909E+03
 164) HSO     + NO      = HNO     + SO           9.733E+06
 165) HSO     + OH      = H2O     + SO           2.448E+06
 167) HSO     + H       = H2      + SO           2.404E-01
 168) HSO     + HS      = H2S     + SO           8.249E+01
 169) HSO     + O       = OH      + SO           1.594E+04
 171) HSO     + S       = HS      + SO           1.797E-06
 174) O       + OCS     = CO      + SO           1.812E+06
 214) CS      + O2      = CO      + SO           5.812E+04
 216) CS      + O3      = SO      + CO2          6.184E+06
 218) CS2     + O       = SO      + CS           5.550E+06
 288) SO2     + HV      = SO      + O            7.762E+07

SO                     LOSS RXS                INT RX RATE    TL =  1.30E+08
 107) SO      + O2      = O       + SO2          9.455E+07
 108) SO      + HO2     = SO2     + OH           1.794E+05
 109) SO      + O       = SO2     +              1.240E+04
 110) SO      + OH      = SO2     + H            2.446E+05
 152) SO      + NO2     = SO2     + NO           5.364E+06
 153) SO      + O3      = SO2     + O2           2.917E+07
 159) SO      + SO      = SO2     + S            6.031E-04
 160) SO3     + SO      = SO2     + SO2          3.191E-04
 162) SO      + HCO     = HSO     + CO           4.434E-05
 163) H       + SO      = HSO     +              1.336E-02
 238) CS2     + SO      = OCS     + S2           7.416E-03
 286) SO      + HV      = S       + O            1.628E+04

SO2                 PRODUCTION RXS              INT RX RATE    TP =  6.85E+10
 105) SO2     + O1D     = SO2     + O            2.858E+03
 107) SO      + O2      = O       + SO2          9.455E+07
 108) SO      + HO2     = SO2     + OH           1.794E+05
 109) SO      + O       = SO2     +              1.240E+04
 110) SO      + OH      = SO2     + H            2.446E+05
 115) SO3     + O       = SO2     + O2           2.199E+00
 144) SO21    + M       = SO2     + M            5.866E+10
 146) SO21    + HV      = SO2     + HV           1.058E+07
 149) SO23    + M       = SO2     + M            6.440E+09
 150) SO23    + HV      = SO2     + HV           3.813E+06
 152) SO      + NO2     = SO2     + NO           5.364E+06
 153) SO      + O3      = SO2     + O2           2.917E+07
 159) SO      + SO      = SO2     + S            6.031E-04
 160) SO3     + SO      = SO2     + SO2          3.191E-04
 217) CS      + O3      = CO      + SO2          6.184E+06
 224) CS2X    + O2      = CS      + SO2          4.320E+06
 254) CH3SO2  + HV      = CH3     + SO2          3.258E+09
 298) SO3     + HV      = SO2     + O            1.901E+03

SO2                    LOSS RXS                INT RX RATE    TL =  6.77E+10
 105) SO2     + O1D     = SO2     + O            2.858E+03
 106) SO2     + O1D     = SO      + O2           9.166E+03
 111) SO2     + OH      = HSO3    +              1.751E+09
 112) SO2     + O       = SO3     +              3.472E+05
 148) SO21    + SO2     = SO3     + SO           1.757E+00
 151) SO23    + SO2     = SO3     + SO           2.260E-01
 154) SO2     + HO2     = SO3     + OH           1.150E+05
 288) SO2     + HV      = SO      + O            7.762E+07
 289) SO2     + HV      = SO21    +              6.454E+10
 290) SO2     + HV      = SO23    +              5.769E+08

H2SO4               PRODUCTION RXS              INT RX RATE    TP =  1.06E+10
 113) SO3     + H2O     = H2SO4   +              1.061E+10

H2SO4                  LOSS RXS                INT RX RATE    TL =  1.05E+10
 114) H2SO4   + H2O     = SO3     + H2O     H2O  8.815E+09
 291) H2SO4   + HV      = SO3     + H2O          3.361E+06

HSO                 PRODUCTION RXS              INT RX RATE    TP =  1.38E+09
 155) HS      + O3      = HSO     + O2           1.371E+09
 156) HS      + HO2     = HSO     + OH           1.108E+06
 157) HS      + NO2     = HSO     + NO           2.852E+06
 162) SO      + HCO     = HSO     + CO           4.434E-05
 163) H       + SO      = HSO     +              1.336E-02

HSO                    LOSS RXS                INT RX RATE    TL =  1.38E+09
 164) HSO     + NO      = HNO     + SO           9.733E+06
 165) HSO     + OH      = H2O     + SO           2.448E+06
 166) HSO     + H       = HS      + OH           4.807E-01
 167) HSO     + H       = H2      + SO           2.404E-01
 168) HSO     + HS      = H2S     + SO           8.249E+01
 169) HSO     + O       = OH      + SO           1.594E+04
 170) HSO     + O3      = HS      + O2      O2   1.363E+09
 171) HSO     + S       = HS      + SO           1.797E-06
 299) HSO     + HV      = HS      + O            2.229E+02

S2                  PRODUCTION RXS              INT RX RATE    TP =  1.28E+05
 129) HS      + S       = H       + S2           4.313E-08
 135) S       + S       = S2      +              2.252E-17
 176) OCS     + S       = CO      + S2           6.265E-03
 185) OCS2    + S       = OCS     + S2           3.662E-17
 225) CS2X    + CS2     = CS      + CS      S2   1.090E-03
 237) CS2     + O       = CO      + S2           1.284E+05
 238) CS2     + SO      = OCS     + S2           7.416E-03
 240) CS2     + S       = CS      + S2           4.178E-07
 293) S4      + HV      = S2      + S2           2.008E+01
 294) S3      + HV      = S2      + S            1.531E-08

S2                     LOSS RXS                INT RX RATE    TL =  1.28E+05
 136) S2      + O       = S       + SO           1.404E+03
 139) S       + S2      = S3      +              1.531E-08
 140) S2      + S2      = S4      +              2.008E+01
 231) CH21    + S2      = HCS     + HS           9.040E-19
 232) CH23    + S2      = HCS     + HS           9.629E-18
 292) S2      + HV      = S       + S            1.270E+05

S4                  PRODUCTION RXS              INT RX RATE    TP =  2.01E+01
 140) S2      + S2      = S4      +              2.008E+01
 141) S       + S3      = S4      +              2.336E-25
 297) S8      + HV      = S4      + S4           1.559E-13

S4                     LOSS RXS                INT RX RATE    TL =  2.01E+01
 142) S4      + S4      = S8      +              1.559E-13
 293) S4      + HV      = S2      + S2           2.008E+01

S8                  PRODUCTION RXS              INT RX RATE    TP =  1.56E-13
 142) S4      + S4      = S8      +              1.559E-13

S8                     LOSS RXS                INT RX RATE    TL =  1.56E-13
 297) S8      + HV      = S4      + S4           1.559E-13

SO3                 PRODUCTION RXS              INT RX RATE    TP =  1.06E+10
 112) SO2     + O       = SO3     +              3.472E+05
 114) H2SO4   + H2O     = SO3     + H2O     H2O  8.815E+09
 116) HSO3    + O2      = HO2     + SO3          1.751E+09
 147) SO21    + O2      = SO3     + O            1.248E+04
 148) SO21    + SO2     = SO3     + SO           1.757E+00
 151) SO23    + SO2     = SO3     + SO           2.260E-01
 154) SO2     + HO2     = SO3     + OH           1.150E+05
 255) CH3SO3  + HV      = CH3     + SO3          4.052E+07
 291) H2SO4   + HV      = SO3     + H2O          3.361E+06

SO3                    LOSS RXS                INT RX RATE    TL =  1.06E+10
 113) SO3     + H2O     = H2SO4   +              1.061E+10
 115) SO3     + O       = SO2     + O2           2.199E+00
 160) SO3     + SO      = SO2     + SO2          3.191E-04
 298) SO3     + HV      = SO2     + O            1.901E+03

OCS                 PRODUCTION RXS              INT RX RATE    TP =  7.44E+06
 173) HS      + CO      = OCS     + H            2.043E-05
 179) S       + CO      = OCS     +              9.875E-05
 185) OCS2    + S       = OCS     + S2           3.662E-17
 188) OCS2    + CO      = OCS     + OCS          7.415E-03
 213) CS      + O2      = OCS     + O            4.649E+05
 215) CS      + O3      = OCS     + O2           6.184E+06
 219) CS2     + O       = OCS     + S            5.203E+05
 220) CS2     + OH      = OCS     + HS           2.757E+05
 230) HS      + CO      = OCS     + H            2.067E-05
 238) CS2     + SO      = OCS     + S2           7.416E-03

OCS                    LOSS RXS                INT RX RATE    TL =  3.00E+07
 172) H       + OCS     = CO      + HS           1.828E+01
 174) O       + OCS     = CO      + SO           1.812E+06
 175) O       + OCS     = S       + CO2          1.143E+01
 176) OCS     + S       = CO      + S2           6.265E-03
 177) OCS     + OH      = CO2     + HS           1.209E+07
 184) OCS     + S       = OCS2    +              7.415E-03
 239) OCS     + H       = CO      + HS           1.821E+01
 300) OCS     + HV      = CO      + S            1.610E+07

S3                  PRODUCTION RXS              INT RX RATE    TP =  1.53E-08
 139) S       + S2      = S3      +              1.531E-08

S3                     LOSS RXS                INT RX RATE    TL =  1.53E-08
 141) S       + S3      = S4      +              2.336E-25
 294) S3      + HV      = S2      + S            1.531E-08

O3                  PRODUCTION RXS              INT RX RATE    TP =  2.09E+15
  18) O       + O2      = O3      +              2.088E+15

O3                     LOSS RXS                INT RX RATE    TL =  2.09E+15
   5) H       + O3      = OH      + O2           5.392E+11
  12) OH      + O3      = HO2     + O2           3.658E+11
  15) HO2     + O3      = OH      + O2      O2   1.110E+11
  19) O       + O3      = O2      + O2           3.625E+11
  20) O1D     + O3      = O2      + O2           6.988E+09
  21) O1D     + O3      = O       + O       O2   6.988E+09
  26) O3      + HV      = O2      + O            5.207E-10
  27) O3      + O3      = O2      + O2      O2   1.611E+03
  77) NO      + O3      = NO2     + O2           5.860E+12
 153) SO      + O3      = SO2     + O2           2.917E+07
 155) HS      + O3      = HSO     + O2           1.371E+09
 158) S       + O3      = SO      + O2           4.909E+03
 170) HSO     + O3      = HS      + O2      O2   1.363E+09
 205) NO2     + O3      = NO3     + O2           2.303E+09
 215) CS      + O3      = OCS     + O2           6.184E+06
 216) CS      + O3      = SO      + CO2          6.184E+06
 217) CS      + O3      = CO      + SO2          6.184E+06
 248) CH3S    + O3      = CH3SO   + O2           2.460E+09
 250) CH3SO   + O3      = CH3SO2  + O2           2.453E+09
 252) CH3SO2  + O3      = CH3SO3  + O2           4.049E+07
 264) O3      + HV      = O2      + O1D          6.630E+14
 265) O3      + HV      = O2      + O            1.417E+15
 266) O3      + HV      = O       + O       O    3.890E+11

HNO3                PRODUCTION RXS              INT RX RATE    TP =  6.81E+09
  82) NO2     + OH      = HNO3    +              6.812E+09
 203) N2O5    + H2O     = HNO3    + HNO3         5.982E+03
 244) C2H6S   + NO3     = C2H5S   + HNO3         1.228E+06

HNO3                   LOSS RXS                INT RX RATE    TL =  6.75E+09
  84) HNO3    + OH      = H2O     + NO3          1.533E+09
 211) O       + HNO3    = OH      + NO3          9.489E+05
 280) HNO3    + HV      = NO2     + OH           4.314E+09
 281) HNO3    + HV      = HNO2    + O            3.260E+08
 282) HNO3    + HV      = HNO2    + O1D          2.341E+08

N                   PRODUCTION RXS              INT RX RATE    TP =  6.70E+07
 283) NO      + HV      = N       + O            6.703E+07

N                      LOSS RXS                INT RX RATE    TL =  6.70E+07
  72) N       + N       = N2      +              4.705E-02
  73) N       + O2      = NO      + O            3.041E+07
  75) N       + OH      = NO      + H            5.905E+06
  76) N       + NO      = N2      + O            2.512E+07
 195) N       + NO2     = N2O     + O            4.239E+06
 199) N       + HO2     = NO      + OH           1.365E+06

NO3                 PRODUCTION RXS              INT RX RATE    TP =  1.55E+10
  84) HNO3    + OH      = H2O     + NO3          1.533E+09
 192) O       + NO2     = NO3     +              1.124E+10
 202) N2O5    + M       = NO3     + NO2          1.709E+05
 205) NO2     + O3      = NO3     + O2           2.303E+09
 211) O       + HNO3    = OH      + NO3          9.489E+05
 305) HO2NO2  + HV      = OH      + NO3          3.238E+08
 306) N2O5    + HV      = NO3     + NO2          1.614E+07
 307) N2O5    + HV      = NO3     + NO      O    3.841E+07

NO3                    LOSS RXS                INT RX RATE    TL =  1.55E+10
 189) O       + NO3     = O2      + NO2          1.152E+08
 190) HO2     + NO3     = OH      + NO2     O2   5.164E+06
 191) NO      + NO3     = NO2     + NO2          2.442E+09
 193) OH      + NO3     = HO2     + NO2          9.840E+06
 201) NO2     + NO3     = N2O5    +              5.474E+07
 204) NO2     + NO3     = NO      + NO2     O2   7.226E+03
 206) NO3     + NO3     = NO2     + NO2     O2   7.320E-02
 244) C2H6S   + NO3     = C2H5S   + HNO3         1.228E+06
 301) NO3     + HV      = NO      + O2           1.518E+09
 302) NO3     + HV      = NO2     + O            1.131E+10

N2O                 PRODUCTION RXS              INT RX RATE    TP =  4.24E+06
 195) N       + NO2     = N2O     + O            4.239E+06

N2O                    LOSS RXS                INT RX RATE    TL =  4.86E+09
 194) H       + N2O     = N2      + OH           3.508E-04
 197) O1D     + N2O     = N2      + O2           5.857E+07
 198) O1D     + N2O     = NO      + NO           9.164E+07
 303) N2O     + HV      = N2      + O1D          4.696E+09

HO2NO2              PRODUCTION RXS              INT RX RATE    TP =  7.95E+09
 207) HO2     + NO2     = HO2NO2  +              7.946E+09

HO2NO2                 LOSS RXS                INT RX RATE    TL =  7.95E+09
 208) O       + HO2NO2  = OH      + NO2     O2   2.118E+04
 209) OH      + HO2NO2  = H2O     + NO2     O2   2.302E+09
 210) HO2NO2  + M       = HO2     + NO2          4.083E+09
 304) HO2NO2  + HV      = HO2     + NO2          1.228E+09
 305) HO2NO2  + HV      = OH      + NO3          3.238E+08

N2O5                PRODUCTION RXS              INT RX RATE    TP =  5.47E+07
 201) NO2     + NO3     = N2O5    +              5.474E+07

N2O5                   LOSS RXS                INT RX RATE    TL =  5.47E+07
 200) O       + N2O5    = NO2     + NO2     O2   1.492E+04
 202) N2O5    + M       = NO3     + NO2          1.709E+05
 203) N2O5    + H2O     = HNO3    + HNO3         5.982E+03
 306) N2O5    + HV      = NO3     + NO2          1.614E+07
 307) N2O5    + HV      = NO3     + NO      O    3.841E+07

NH                  PRODUCTION RXS              INT RX RATE    TP =  0.00E+00

NH                     LOSS RXS                INT RX RATE    TL =  0.00E+00

NH2                 PRODUCTION RXS              INT RX RATE    TP =  0.00E+00

NH2                    LOSS RXS                INT RX RATE    TL =  0.00E+00

NH3                 PRODUCTION RXS              INT RX RATE    TP =  0.00E+00

NH3                    LOSS RXS                INT RX RATE    TL =  1.50E+10

CO2                 PRODUCTION RXS              INT RX RATE    TP =  9.13E+11
  32) O       + HCO     = H       + CO2          2.957E+05
  34) CO      + OH      = CO2     + H            7.914E+10
  35) CO      + O       = CO2     +              8.882E+05
 175) O       + OCS     = S       + CO2          1.143E+01
 177) OCS     + OH      = CO2     + HS           1.209E+07
 182) CO2     + O1D     = CO2     + O            8.340E+11
 216) CS      + O3      = SO      + CO2          6.184E+06

CO2                    LOSS RXS                INT RX RATE    TL =  8.43E+11
  36) CO2     + H       = CO      + OH           1.584E-07
  93) CH21    + CO2     = H2CO    + CO           1.700E+03
  95) CH23    + CO2     = H2CO    + CO           9.373E+03
 182) CO2     + O1D     = CO2     + O            8.340E+11
 268) CO2     + HV      = CO      + O            3.752E+09
 269) CO2     + HV      = CO      + O1D          5.309E+09

CS                  PRODUCTION RXS              INT RX RATE    TP =  1.91E+07
 218) CS2     + O       = SO      + CS           5.550E+06
 224) CS2X    + O2      = CS      + SO2          4.320E+06
 225) CS2X    + CS2     = CS      + CS      S2   1.090E-03
 228) H       + HCS     = H2      + CS           2.378E-11
 233) CH3     + HCS     = CH4     + CS           8.975E-13
 235) HS      + HCS     = H2S     + CS           2.165E-09
 236) S       + HCS     = HS      + CS           5.024E-17
 240) CS2     + S       = CS      + S2           4.178E-07
 309) CS2     + HV      = CS      + S            9.204E+06

CS                     LOSS RXS                INT RX RATE    TL =  1.91E+07
 213) CS      + O2      = OCS     + O            4.649E+05
 214) CS      + O2      = CO      + SO           5.812E+04
 215) CS      + O3      = OCS     + O2           6.184E+06
 216) CS      + O3      = SO      + CO2          6.184E+06
 217) CS      + O3      = CO      + SO2          6.184E+06
 226) CS      + HS      = CS2     + H            7.980E-04
 227) H       + CS      = HCS     +              2.180E-09
 241) CS      + O       = CO      + S            2.402E+00

CS2                 PRODUCTION RXS              INT RX RATE    TP =  5.19E+09
 222) CS2OH   + HV      = CS2     + OH           1.103E+08
 223) CS2X    + M       = CS2     + M            5.077E+09
 226) CS      + HS      = CS2     + H            7.980E-04
 229) S       + HCS     = H       + CS2          1.005E-16

CS2                    LOSS RXS                INT RX RATE    TL =  5.21E+09
 218) CS2     + O       = SO      + CS           5.550E+06
 219) CS2     + O       = OCS     + S            5.203E+05
 220) CS2     + OH      = OCS     + HS           2.757E+05
 221) CS2     + OH      = CS2OH   +              1.103E+08
 225) CS2X    + CS2     = CS      + CS      S2   1.090E-03
 237) CS2     + O       = CO      + S2           1.284E+05
 238) CS2     + SO      = OCS     + S2           7.416E-03
 240) CS2     + S       = CS      + S2           4.178E-07
 309) CS2     + HV      = CS      + S            9.204E+06
 310) CS2     + HV      = CS2X    +              5.081E+09

HCS                 PRODUCTION RXS              INT RX RATE    TP =  2.19E-09
 227) H       + CS      = HCS     +              2.180E-09
 231) CH21    + S2      = HCS     + HS           9.040E-19
 232) CH23    + S2      = HCS     + HS           9.629E-18
 234) CH23    + S       = HCS     + H            9.789E-12

HCS                    LOSS RXS                INT RX RATE    TL =  2.19E-09
 228) H       + HCS     = H2      + CS           2.378E-11
 229) S       + HCS     = H       + CS2          1.005E-16
 233) CH3     + HCS     = CH4     + CS           8.975E-13
 235) HS      + HCS     = H2S     + CS           2.165E-09
 236) S       + HCS     = HS      + CS           5.024E-17

C2H6S               PRODUCTION RXS              INT RX RATE    TP =  0.00E+00

C2H6S                  LOSS RXS                INT RX RATE    TL =  3.30E+09
 242) C2H6S   + OH      = C2H5S   + H2O          2.462E+09
 243) C2H6S   + OH      = C2H7SO  +              8.370E+08
 244) C2H6S   + NO3     = C2H5S   + HNO3         1.228E+06

C2H5S               PRODUCTION RXS              INT RX RATE    TP =  2.46E+09
 242) C2H6S   + OH      = C2H5S   + H2O          2.462E+09
 244) C2H6S   + NO3     = C2H5S   + HNO3         1.228E+06

C2H5S                  LOSS RXS                INT RX RATE    TL =  2.46E+09
 245) C2H5S   + O2      = C2H5SO2 +              2.463E+09

C2H5SO              PRODUCTION RXS              INT RX RATE    TP =  2.46E+09
 246) C2H5SO2 + NO      = C2H5SO  + NO2          2.463E+09

C2H5SO                 LOSS RXS                INT RX RATE    TL =  2.46E+09
 247) C2H5SO  + HV      = H2CO    + CH3S         2.463E+09

C2H5SO2             PRODUCTION RXS              INT RX RATE    TP =  2.46E+09
 245) C2H5S   + O2      = C2H5SO2 +              2.463E+09

C2H5SO2                LOSS RXS                INT RX RATE    TL =  2.46E+09
 246) C2H5SO2 + NO      = C2H5SO  + NO2          2.463E+09

CH3S                PRODUCTION RXS              INT RX RATE    TP =  2.46E+09
 247) C2H5SO  + HV      = H2CO    + CH3S         2.463E+09

CH3S                   LOSS RXS                INT RX RATE    TL =  2.46E+09
 248) CH3S    + O3      = CH3SO   + O2           2.460E+09
 249) CH3S    + NO2     = CH3SO   + NO           3.045E+06

CH3SO               PRODUCTION RXS              INT RX RATE    TP =  2.46E+09
 248) CH3S    + O3      = CH3SO   + O2           2.460E+09
 249) CH3S    + NO2     = CH3SO   + NO           3.045E+06

CH3SO                  LOSS RXS                INT RX RATE    TL =  2.46E+09
 250) CH3SO   + O3      = CH3SO2  + O2           2.453E+09
 251) CH3SO   + NO2     = CH3SO2  + NO           1.010E+07

CH3SO2              PRODUCTION RXS              INT RX RATE    TP =  3.30E+09
 250) CH3SO   + O3      = CH3SO2  + O2           2.453E+09
 251) CH3SO   + NO2     = CH3SO2  + NO           1.010E+07
 258) CH4SO2  + OH      = CH3SO2  + H2O          8.352E+08

CH3SO2                 LOSS RXS                INT RX RATE    TL =  3.30E+09
 252) CH3SO2  + O3      = CH3SO3  + O2           4.049E+07
 253) CH3SO2  + NO2     = CH3SO3  + NO           3.036E+04
 254) CH3SO2  + HV      = CH3     + SO2          3.258E+09

CH3SO3              PRODUCTION RXS              INT RX RATE    TP =  4.05E+07
 252) CH3SO2  + O3      = CH3SO3  + O2           4.049E+07
 253) CH3SO2  + NO2     = CH3SO3  + NO           3.036E+04

CH3SO3                 LOSS RXS                INT RX RATE    TL =  4.05E+07
 255) CH3SO3  + HV      = CH3     + SO3          4.052E+07

CH4SO2              PRODUCTION RXS              INT RX RATE    TP =  8.35E+08
 257) C2H6SO  + OH      = CH4SO2  + CH3          8.352E+08

CH4SO2                 LOSS RXS                INT RX RATE    TL =  8.35E+08
 258) CH4SO2  + OH      = CH3SO2  + H2O          8.352E+08

C2H6SO              PRODUCTION RXS              INT RX RATE    TP =  8.37E+08
 256) C2H7SO  + O2      = C2H6SO  + HO2          8.370E+08

C2H6SO                 LOSS RXS                INT RX RATE    TL =  8.37E+08
 257) C2H6SO  + OH      = CH4SO2  + CH3          8.352E+08

C2H7SO              PRODUCTION RXS              INT RX RATE    TP =  8.37E+08
 243) C2H6S   + OH      = C2H7SO  +              8.370E+08

C2H7SO                 LOSS RXS                INT RX RATE    TL =  8.37E+08
 256) C2H7SO  + O2      = C2H6SO  + HO2          8.370E+08

SO4AER              PRODUCTION RXS              INT RX RATE    TP =  1.52E+09

SO4AER                 LOSS RXS                INT RX RATE    TL =  1.50E+09

S8AER               PRODUCTION RXS              INT RX RATE    TP =  0.00E+00

S8AER                  LOSS RXS                INT RX RATE    TL =  1.70E-19

HNO2                PRODUCTION RXS              INT RX RATE    TP =  0.00E+00
  80) NO      + OH      = HNO2    +              3.956E+09
 212) HO2     + NO2     = HNO2    + O2           5.536E+06
 281) HNO3    + HV      = HNO2    + O            3.260E+08
 282) HNO3    + HV      = HNO2    + O1D          2.341E+08

HNO2                   LOSS RXS                INT RX RATE    TL =  0.00E+00
  90) HNO2    + OH      = H2O     + NO2          4.750E+07
 279) HNO2    + HV      = NO      + OH           4.474E+09

O1D                 PRODUCTION RXS              INT RX RATE    TP =  0.00E+00
 259) O2      + HV      = O       + O1D          2.973E+11
 262) H2O     + HV      = H2      + O1D          4.850E+08
 264) O3      + HV      = O2      + O1D          6.630E+14
 269) CO2     + HV      = CO      + O1D          5.309E+09
 282) HNO3    + HV      = HNO2    + O1D          2.341E+08
 284) NO2     + HV      = NO      + O1D          5.854E+08
 303) N2O     + HV      = N2      + O1D          4.696E+09

O1D                    LOSS RXS                INT RX RATE    TL =  0.00E+00
   1) H2O     + O1D     = OH      + OH           1.309E+11
   2) H2      + O1D     = OH      + H            1.368E+09
  20) O1D     + O3      = O2      + O2           6.988E+09
  21) O1D     + O3      = O       + O       O2   6.988E+09
  23) O1D     + N2      = O       + N2           6.415E+14
  24) O1D     + O2      = O       + O2           2.089E+13
  49) CH4     + O1D     = CH3     + OH           1.270E+09
  50) CH4     + O1D     = CH3O    + H            1.709E+08
  51) CH4     + O1D     = CH2OH   + H            1.709E+08
  52) CH4     + O1D     = H2CO    + H2           8.547E+07
  98) C2H6    + O1D     = C2H5    + OH           1.533E+05
 105) SO2     + O1D     = SO2     + O            2.858E+03
 106) SO2     + O1D     = SO      + O2           9.166E+03
 180) CO      + O1D     = CO      + O            5.112E+07
 182) CO2     + O1D     = CO2     + O            8.340E+11
 197) O1D     + N2O     = N2      + O2           5.857E+07
 198) O1D     + N2O     = NO      + NO           9.164E+07

CH21                PRODUCTION RXS              INT RX RATE    TP =  0.00E+00
 273) CH4     + HV      = CH21    + H2           4.559E+07
 276) CH3     + HV      = CH21    + H            6.793E+03
 278) C2H6    + HV      = CH4     + CH21         1.712E-02

CH21                   LOSS RXS                INT RX RATE    TL =  0.00E+00
  53) CH21    + CH4     = CH3     + CH3          5.535E-12
  54) CH21    + O2      = HCO     + OH           3.868E+06
  55) CH21    + N2      = CH23    + N2           4.172E+07
  92) CH21    + H2      = CH3     + H            2.243E+03
  93) CH21    + CO2     = H2CO    + CO           1.700E+03
 231) CH21    + S2      = HCS     + HS           9.040E-19

CH23                PRODUCTION RXS              INT RX RATE    TP =  0.00E+00
  55) CH21    + N2      = CH23    + N2           4.172E+07
 275) CH4     + HV      = CH23    + H       H    8.445E+06
 277) C2H6    + HV      = CH23    + CH23    H2   6.848E-02

CH23                   LOSS RXS                INT RX RATE    TL =  0.00E+00
  58) CH23    + O2      = HCO     + OH           4.993E+07
  94) CH23    + O       = HCO     + H            2.316E+05
  95) CH23    + CO2     = H2CO    + CO           9.373E+03
 232) CH23    + S2      = HCS     + HS           9.629E-18
 234) CH23    + S       = HCS     + H            9.789E-12

C2H5                PRODUCTION RXS              INT RX RATE    TP =  0.00E+00
  96) C2H6    + OH      = C2H5    + H2O          8.998E+08
  97) C2H6    + O       = C2H5    + OH           1.181E+04
  98) C2H6    + O1D     = C2H5    + OH           1.533E+05

C2H5                   LOSS RXS                INT RX RATE    TL =  0.00E+00
  99) C2H5    + H       = CH3     + CH3          3.396E-06
 100) C2H5    + O       = CH3     + HCO     H    1.115E-01
 101) C2H5    + OH      = CH3     + HCO     H2   2.386E-02
 102) C2H5    + HCO     = C2H6    + CO           8.314E-10
 103) C2H5    + HNO     = C2H6    + NO           7.833E-08
 104) C2H5    + O2      = CH3     + HCO     OH   9.000E+08

SO21                PRODUCTION RXS              INT RX RATE    TP =  0.00E+00
 289) SO2     + HV      = SO21    +              6.454E+10

SO21                   LOSS RXS                INT RX RATE    TL =  0.00E+00
 143) SO21    + M       = SO23    + M            5.866E+09
 144) SO21    + M       = SO2     + M            5.866E+10
 145) SO21    + HV      = SO23    + HV           7.212E+05
 146) SO21    + HV      = SO2     + HV           1.058E+07
 147) SO21    + O2      = SO3     + O            1.248E+04
 148) SO21    + SO2     = SO3     + SO           1.757E+00

SO23                PRODUCTION RXS              INT RX RATE    TP =  0.00E+00
 143) SO21    + M       = SO23    + M            5.866E+09
 145) SO21    + HV      = SO23    + HV           7.212E+05
 290) SO2     + HV      = SO23    +              5.769E+08

SO23                   LOSS RXS                INT RX RATE    TL =  0.00E+00
 149) SO23    + M       = SO2     + M            6.440E+09
 150) SO23    + HV      = SO2     + HV           3.813E+06
 151) SO23    + SO2     = SO3     + SO           2.260E-01

HSO3                PRODUCTION RXS              INT RX RATE    TP =  0.00E+00
 111) SO2     + OH      = HSO3    +              1.751E+09

HSO3                   LOSS RXS                INT RX RATE    TL =  0.00E+00
 116) HSO3    + O2      = HO2     + SO3          1.751E+09

OCS2                PRODUCTION RXS              INT RX RATE    TP =  0.00E+00
 184) OCS     + S       = OCS2    +              7.415E-03

OCS2                   LOSS RXS                INT RX RATE    TL =  0.00E+00
 185) OCS2    + S       = OCS     + S2           3.662E-17
 188) OCS2    + CO      = OCS     + OCS          7.415E-03

CS2X                PRODUCTION RXS              INT RX RATE    TP =  0.00E+00
 310) CS2     + HV      = CS2X    +              5.081E+09

CS2X                   LOSS RXS                INT RX RATE    TL =  0.00E+00
 223) CS2X    + M       = CS2     + M            5.077E+09
 224) CS2X    + O2      = CS      + SO2          4.320E+06
 225) CS2X    + CS2     = CS      + CS      S2   1.090E-03

CS2OH               PRODUCTION RXS              INT RX RATE    TP =  0.00E+00
 221) CS2     + OH      = CS2OH   +              1.103E+08

CS2OH                  LOSS RXS                INT RX RATE    TL =  0.00E+00
 222) CS2OH   + HV      = CS2     + OH           1.103E+08

N2                  PRODUCTION RXS              INT RX RATE    TP =  0.00E+00
  23) O1D     + N2      = O       + N2           6.415E+14
  55) CH21    + N2      = CH23    + N2           4.172E+07
  72) N       + N       = N2      +              4.705E-02
  76) N       + NO      = N2      + O            2.512E+07
 194) H       + N2O     = N2      + OH           3.508E-04
 197) O1D     + N2O     = N2      + O2           5.857E+07
 303) N2O     + HV      = N2      + O1D          4.696E+09

N2                     LOSS RXS                INT RX RATE    TL =  0.00E+00
  23) O1D     + N2      = O       + N2           6.415E+14
  55) CH21    + N2      = CH23    + N2           4.172E+07
