
O                   PRODUCTION RXS              INT RX RATE    TP =  2.09E+15
   8) H       + HO2     = H2O     + O            2.057E+08
  21) O1D     + O3      = O       + O       O2   7.234E+09
  22) OH      + OH      = H2O     + O            5.265E+08
  23) O1D     + N2      = O       + N2           6.412E+14
  24) O1D     + O2      = O       + O2           2.088E+13
  25) O2      + HV      = O       + O            1.203E-75
  26) O3      + HV      = O2      + O            4.975E-10
  73) N       + O2      = NO      + O            3.065E+07
  76) N       + NO      = N2      + O            2.638E+07
 105) SO2     + O1D     = SO2     + O            2.810E+03
 107) SO      + O2      = O       + SO2          2.856E+08
 130) S       + O2      = SO      + O            2.582E+07
 147) SO21    + O2      = SO3     + O            1.386E+04
 180) CO      + O1D     = CO      + O            5.007E+07
 182) CO2     + O1D     = CO2     + O            8.337E+11
 195) N       + NO2     = N2O     + O            4.332E+06
 213) CS      + O2      = OCS     + O            5.025E+05
 259) O2      + HV      = O       + O1D          2.973E+11
 260) O2      + HV      = O       + O            2.721E+12
 263) H2O     + HV      = H       + H       O    7.188E+08
 265) O3      + HV      = O2      + O            1.416E+15
 266) O3      + HV      = O       + O       O    3.912E+11
 268) CO2     + HV      = CO      + O            3.732E+09
 272) HO2     + HV      = OH      + O            3.955E+09
 281) HNO3    + HV      = HNO2    + O            3.249E+08
 283) NO      + HV      = N       + O            6.854E+07
 285) NO2     + HV      = NO      + O            5.257E+12
 286) SO      + HV      = S       + O            2.081E+04
 288) SO2     + HV      = SO      + O            7.524E+07
 298) SO3     + HV      = SO2     + O            1.599E+03
 299) HSO     + HV      = HS      + O            4.564E+02
 302) NO3     + HV      = NO2     + O            1.112E+10
 307) N2O5    + HV      = NO3     + NO      O    3.709E+07

O                      LOSS RXS                INT RX RATE    TL =  2.09E+15
   3) H2      + O       = OH      + H            1.274E+07
  10) OH      + O       = H       + O2           2.003E+12
  14) HO2     + O       = OH      + O2           1.612E+12
  17) O       + O       = O2      +              8.153E+10
  18) O       + O2      = O3      +              2.086E+15
  19) O       + O3      = O2      + O2           3.534E+11
  32) O       + HCO     = H       + CO2          2.800E+05
  33) O       + HCO     = OH      + CO           2.800E+05
  35) CO      + O       = CO2     +              8.378E+05
  46) H2CO    + O       = HCO     + OH           1.739E+08
  47) H2O2    + O       = OH      + HO2          9.253E+05
  60) CH3     + O       = H2CO    + H            1.292E+07
  78) NO      + O       = NO2     +              6.234E+09
  81) NO2     + O       = NO      + O2           6.627E+11
  88) O       + HNO     = OH      + NO           7.567E+04
  91) CH4     + O       = CH3     + OH           9.547E+06
  94) CH23    + O       = HCO     + H            2.387E+05
  97) C2H6    + O       = C2H5    + OH           1.149E+04
 100) C2H5    + O       = CH3     + HCO     H    1.151E-01
 109) SO      + O       = SO2     +              1.280E+04
 112) SO2     + O       = SO3     +              3.487E+05
 115) SO3     + O       = SO2     + O2           2.000E+00
 122) H2S     + O       = OH      + HS           5.046E+03
 123) HS      + O       = H       + SO           3.740E+04
 136) S2      + O       = S       + SO           1.339E+03
 169) HSO     + O       = OH      + SO           1.588E+05
 174) O       + OCS     = CO      + SO           1.776E+06
 175) O       + OCS     = S       + CO2          1.101E+01
 189) O       + NO3     = O2      + NO2          1.160E+08
 192) O       + NO2     = NO3     +              1.108E+10
 200) O       + N2O5    = NO2     + NO2     O2   1.453E+04
 208) O       + HO2NO2  = OH      + NO2     O2   1.889E+04
 211) O       + HNO3    = OH      + NO3          9.675E+05
 218) CS2     + O       = SO      + CS           5.348E+06
 219) CS2     + O       = OCS     + S            5.014E+05
 237) CS2     + O       = CO      + S2           1.237E+05
 241) CS      + O       = CO      + S            2.478E+00

O2                  PRODUCTION RXS              INT RX RATE    TP =  2.11E+15
   5) H       + O3      = OH      + O2           5.414E+11
   7) H       + HO2     = H2      + O2           8.870E+08
  10) OH      + O       = H       + O2           2.003E+12
  11) OH      + HO2     = H2O     + O2           5.039E+10
  12) OH      + O3      = HO2     + O2           3.671E+11
  14) HO2     + O       = OH      + O2           1.612E+12
  15) HO2     + O3      = OH      + O2      O2   1.081E+11
  16) HO2     + HO2     = H2O2    + O2           2.629E+10
  17) O       + O       = O2      +              8.153E+10
  19) O       + O3      = O2      + O2           3.534E+11
  20) O1D     + O3      = O2      + O2           7.234E+09
  21) O1D     + O3      = O       + O       O2   7.234E+09
  24) O1D     + O2      = O       + O2           2.088E+13
  26) O3      + HV      = O2      + O            4.975E-10
  27) O3      + O3      = O2      + O2      O2   1.381E+03
  68) CH3O2   + HO2     = CH3OOH  + O2           1.084E+11
  77) NO      + O3      = NO2     + O2           5.732E+12
  81) NO2     + O       = NO      + O2           6.627E+11
 106) SO2     + O1D     = SO      + O2           9.012E+03
 115) SO3     + O       = SO2     + O2           2.000E+00
 125) HS      + HO2     = H2S     + O2           2.498E+07
 133) S       + HO2     = HS      + O2           1.085E-02
 153) SO      + O3      = SO2     + O2           2.841E+07
 155) HS      + O3      = HSO     + O2           2.155E+10
 158) S       + O3      = SO      + O2           4.826E+03
 170) HSO     + O3      = HS      + O2      O2   2.141E+10
 189) O       + NO3     = O2      + NO2          1.160E+08
 190) HO2     + NO3     = OH      + NO2     O2   5.109E+06
 197) O1D     + N2O     = N2      + O2           5.847E+07
 200) O       + N2O5    = NO2     + NO2     O2   1.453E+04
 204) NO2     + NO3     = NO      + NO2     O2   6.712E+03
 205) NO2     + O3      = NO3     + O2           2.172E+09
 206) NO3     + NO3     = NO2     + NO2     O2   6.579E-02
 208) O       + HO2NO2  = OH      + NO2     O2   1.889E+04
 209) OH      + HO2NO2  = H2O     + NO2     O2   2.289E+09
 212) HO2     + NO2     = HNO2    + O2           5.535E+06
 215) CS      + O3      = OCS     + O2           6.179E+06
 248) CH3S    + O3      = CH3SO   + O2           2.459E+09
 250) CH3SO   + O3      = CH3SO2  + O2           2.451E+09
 252) CH3SO2  + O3      = CH3SO3  + O2           3.599E+07
 264) O3      + HV      = O2      + O1D          6.628E+14
 265) O3      + HV      = O2      + O            1.416E+15
 301) NO3     + HV      = NO      + O2           1.494E+09

O2                     LOSS RXS                INT RX RATE    TL =  2.11E+15
   6) H       + O2      = HO2     +              1.614E+12
  18) O       + O2      = O3      +              2.086E+15
  24) O1D     + O2      = O       + O2           2.088E+13
  25) O2      + HV      = O       + O            1.203E-75
  40) HCO     + O2      = HO2     + CO           4.598E+10
  41) CH2OH   + O2      = H2CO    + HO2          1.715E+08
  42) CH3O    + O2      = H2CO    + HO2          5.213E+10
  54) CH21    + O2      = HCO     + OH           3.718E+06
  58) CH23    + O2      = HCO     + OH           4.798E+07
  59) CH3     + O2      = H2CO    + OH           4.847E+03
  66) CH3     + O2      = CH3O2   +              8.000E+10
  73) N       + O2      = NO      + O            3.065E+07
 104) C2H5    + O2      = CH3     + HCO     OH   9.000E+08
 107) SO      + O2      = O       + SO2          2.856E+08
 116) HSO3    + O2      = HO2     + SO3          1.865E+09
 130) S       + O2      = SO      + O            2.582E+07
 147) SO21    + O2      = SO3     + O            1.386E+04
 213) CS      + O2      = OCS     + O            5.025E+05
 214) CS      + O2      = CO      + SO           6.281E+04
 224) CS2X    + O2      = CS      + SO2          4.422E+06
 245) C2H5S   + O2      = C2H5SO2 +              2.463E+09
 256) C2H7SO  + O2      = C2H6SO  + HO2          8.370E+08
 259) O2      + HV      = O       + O1D          2.973E+11
 260) O2      + HV      = O       + O            2.721E+12

H2O                 PRODUCTION RXS              INT RX RATE    TP =  4.04E+10
   4) H2      + OH      = H2O     + H            4.842E+10
   8) H       + HO2     = H2O     + O            2.057E+08
  11) OH      + HO2     = H2O     + O2           5.039E+10
  13) OH      + H2O2    = HO2     + H2O          1.187E+10
  22) OH      + OH      = H2O     + O            5.265E+08
  31) OH      + HCO     = H2O     + CO           2.425E+02
  43) H2CO    + OH      = H2O     + HCO          2.242E+10
  44) H       + OH      = H2O     +              1.043E+06
  48) CH4     + OH      = CH3     + H2O          7.365E+10
  69) CH3OOH  + OH      = CH3O2   + H2O          6.371E+10
  70) CH3OOH  + OH      = H2O     + H2CO    OH   2.731E+10
  84) HNO3    + OH      = H2O     + NO3          1.570E+09
  89) OH      + HNO     = H2O     + NO           6.849E+06
  90) HNO2    + OH      = H2O     + NO2          4.978E+07
  96) C2H6    + OH      = C2H5    + H2O          8.998E+08
 114) H2SO4   + H2O     = SO3     + H2O     H2O  2.167E+10
 120) H2S     + OH      = H2O     + HS           2.251E+08
 165) HSO     + OH      = H2O     + SO           4.619E+07
 209) OH      + HO2NO2  = H2O     + NO2     O2   2.289E+09
 242) C2H6S   + OH      = C2H5S   + H2O          2.462E+09
 258) CH4SO2  + OH      = CH3SO2  + H2O          8.351E+08
 291) H2SO4   + HV      = SO3     + H2O          5.202E+06

H2O                    LOSS RXS                INT RX RATE    TL =  3.23E+10
   1) H2O     + O1D     = OH      + OH           1.272E+11
 113) SO3     + H2O     = H2SO4   +              2.358E+10
 114) H2SO4   + H2O     = SO3     + H2O     H2O  2.167E+10
 203) N2O5    + H2O     = HNO3    + HNO3         5.775E+03
 261) H2O     + HV      = H       + OH           9.842E+09
 262) H2O     + HV      = H2      + O1D          4.793E+08
 263) H2O     + HV      = H       + H       O    7.188E+08

H                   PRODUCTION RXS              INT RX RATE    TP =  2.17E+12
   2) H2      + O1D     = OH      + H            1.357E+09
   3) H2      + O       = OH      + H            1.274E+07
   4) H2      + OH      = H2O     + H            4.842E+10
  10) OH      + O       = H       + O2           2.003E+12
  32) O       + HCO     = H       + CO2          2.800E+05
  34) CO      + OH      = CO2     + H            7.810E+10
  50) CH4     + O1D     = CH3O    + H            1.715E+08
  51) CH4     + O1D     = CH2OH   + H            1.715E+08
  60) CH3     + O       = H2CO    + H            1.292E+07
  75) N       + OH      = NO      + H            5.804E+06
  86) HNO     + HV      = NO      + H            1.514E+08
  92) CH21    + H2      = CH3     + H            2.248E+03
  94) CH23    + O       = HCO     + H            2.387E+05
 100) C2H5    + O       = CH3     + HCO     H    1.151E-01
 110) SO      + OH      = SO2     + H            2.669E+05
 123) HS      + O       = H       + SO           3.740E+04
 129) HS      + S       = H       + S2           2.830E-07
 131) S       + OH      = SO      + H            2.789E-02
 173) HS      + CO      = OCS     + H            7.257E-04
 226) CS      + HS      = CS2     + H            2.151E-02
 229) S       + HCS     = H       + CS2          1.252E-17
 230) HS      + CO      = OCS     + H            7.344E-04
 234) CH23    + S       = HCS     + H            1.303E-10
 261) H2O     + HV      = H       + OH           9.842E+09
 263) H2O     + HV      = H       + H       O    7.188E+08
 271) H2CO    + HV      = HCO     + H            2.244E+10
 274) CH4     + HV      = CH3     + H            4.755E+07
 275) CH4     + HV      = CH23    + H       H    8.122E+06
 276) CH3     + HV      = CH21    + H            7.356E+03
 287) H2S     + HV      = HS      + H            1.119E+04

H                      LOSS RXS                INT RX RATE    TL =  2.17E+12
   5) H       + O3      = OH      + O2           5.414E+11
   6) H       + O2      = HO2     +              1.614E+12
   7) H       + HO2     = H2      + O2           8.870E+08
   8) H       + HO2     = H2O     + O            2.057E+08
   9) H       + HO2     = OH      + OH           9.255E+09
  28) H       + CO      = HCO     +              3.891E+04
  29) H       + HCO     = H2      + CO           4.483E+03
  36) CO2     + H       = CO      + OH           9.979E-10
  38) H2CO    + H       = H2      + HCO          2.679E+04
  39) H       + H       = H2      +              5.695E+05
  44) H       + OH      = H2O     +              1.043E+06
  62) CH3     + H       = CH4     +              1.252E+03
  71) H       + NO      = HNO     +              1.722E+04
  83) NO2     + H       = NO      + OH           1.297E+07
  87) H       + HNO     = H2      + NO           1.013E+00
  99) C2H5    + H       = CH3     + CH3          3.324E-06
 121) H2S     + H       = H2      + HS           1.071E+01
 128) HS      + H       = H2      + S            1.945E-01
 163) H       + SO      = HSO     +              1.362E-01
 166) HSO     + H       = HS      + OH           9.226E+00
 167) HSO     + H       = H2      + SO           4.613E+00
 172) H       + OCS     = CO      + HS           1.845E+01
 194) H       + N2O     = N2      + OH           3.607E-04
 227) H       + CS      = HCS     +              2.358E-09
 228) H       + HCS     = H2      + CS           1.321E-10
 239) OCS     + H       = CO      + HS           1.839E+01

OH                  PRODUCTION RXS              INT RX RATE    TP =  2.77E+12
   1) H2O     + O1D     = OH      + OH           1.272E+11
   2) H2      + O1D     = OH      + H            1.357E+09
   3) H2      + O       = OH      + H            1.274E+07
   5) H       + O3      = OH      + O2           5.414E+11
   9) H       + HO2     = OH      + OH           9.255E+09
  14) HO2     + O       = OH      + O2           1.612E+12
  15) HO2     + O3      = OH      + O2      O2   1.081E+11
  33) O       + HCO     = OH      + CO           2.800E+05
  36) CO2     + H       = CO      + OH           9.979E-10
  46) H2CO    + O       = HCO     + OH           1.739E+08
  47) H2O2    + O       = OH      + HO2          9.253E+05
  49) CH4     + O1D     = CH3     + OH           1.274E+09
  54) CH21    + O2      = HCO     + OH           3.718E+06
  58) CH23    + O2      = HCO     + OH           4.798E+07
  59) CH3     + O2      = H2CO    + OH           4.847E+03
  70) CH3OOH  + OH      = H2O     + H2CO    OH   2.731E+10
  79) NO      + HO2     = NO2     + OH           1.447E+11
  83) NO2     + H       = NO      + OH           1.297E+07
  88) O       + HNO     = OH      + NO           7.567E+04
  91) CH4     + O       = CH3     + OH           9.547E+06
  97) C2H6    + O       = C2H5    + OH           1.149E+04
  98) C2H6    + O1D     = C2H5    + OH           1.502E+05
 104) C2H5    + O2      = CH3     + HCO     OH   9.000E+08
 108) SO      + HO2     = SO2     + OH           2.084E+05
 122) H2S     + O       = OH      + HS           5.046E+03
 134) S       + HO2     = SO      + OH           1.085E-02
 154) SO2     + HO2     = SO3     + OH           1.355E+05
 156) HS      + HO2     = HSO     + OH           2.498E+07
 166) HSO     + H       = HS      + OH           9.226E+00
 169) HSO     + O       = OH      + SO           1.588E+05
 190) HO2     + NO3     = OH      + NO2     O2   5.109E+06
 194) H       + N2O     = N2      + OH           3.607E-04
 199) N       + HO2     = NO      + OH           1.370E+06
 208) O       + HO2NO2  = OH      + NO2     O2   1.889E+04
 211) O       + HNO3    = OH      + NO3          9.675E+05
 222) CS2OH   + HV      = CS2     + OH           1.091E+08
 261) H2O     + HV      = H       + OH           9.842E+09
 267) H2O2    + HV      = OH      + OH           1.004E+10
 272) HO2     + HV      = OH      + O            3.955E+09
 279) HNO2    + HV      = NO      + OH           4.567E+09
 280) HNO3    + HV      = NO2     + OH           4.272E+09
 305) HO2NO2  + HV      = OH      + NO3          3.143E+08
 308) CH3OOH  + HV      = CH3O    + OH           1.661E+10

OH                     LOSS RXS                INT RX RATE    TL =  2.77E+12
   4) H2      + OH      = H2O     + H            4.842E+10
  10) OH      + O       = H       + O2           2.003E+12
  11) OH      + HO2     = H2O     + O2           5.039E+10
  12) OH      + O3      = HO2     + O2           3.671E+11
  13) OH      + H2O2    = HO2     + H2O          1.187E+10
  22) OH      + OH      = H2O     + O            5.265E+08
  31) OH      + HCO     = H2O     + CO           2.425E+02
  34) CO      + OH      = CO2     + H            7.810E+10
  43) H2CO    + OH      = H2O     + HCO          2.242E+10
  44) H       + OH      = H2O     +              1.043E+06
  45) OH      + OH      = H2O2    +              4.613E+07
  48) CH4     + OH      = CH3     + H2O          7.365E+10
  69) CH3OOH  + OH      = CH3O2   + H2O          6.371E+10
  70) CH3OOH  + OH      = H2O     + H2CO    OH   2.731E+10
  75) N       + OH      = NO      + H            5.804E+06
  80) NO      + OH      = HNO2    +              4.053E+09
  82) NO2     + OH      = HNO3    +              6.802E+09
  84) HNO3    + OH      = H2O     + NO3          1.570E+09
  89) OH      + HNO     = H2O     + NO           6.849E+06
  90) HNO2    + OH      = H2O     + NO2          4.978E+07
  96) C2H6    + OH      = C2H5    + H2O          8.998E+08
 101) C2H5    + OH      = CH3     + HCO     H2   2.366E-02
 110) SO      + OH      = SO2     + H            2.669E+05
 111) SO2     + OH      = HSO3    +              1.865E+09
 120) H2S     + OH      = H2O     + HS           2.251E+08
 131) S       + OH      = SO      + H            2.789E-02
 165) HSO     + OH      = H2O     + SO           4.619E+07
 177) OCS     + OH      = CO2     + HS           1.189E+07
 193) OH      + NO3     = HO2     + NO2          9.955E+06
 209) OH      + HO2NO2  = H2O     + NO2     O2   2.289E+09
 220) CS2     + OH      = OCS     + HS           2.727E+05
 221) CS2     + OH      = CS2OH   +              1.091E+08
 242) C2H6S   + OH      = C2H5S   + H2O          2.462E+09
 243) C2H6S   + OH      = C2H7SO  +              8.370E+08
 257) C2H6SO  + OH      = CH4SO2  + CH3          8.351E+08
 258) CH4SO2  + OH      = CH3SO2  + H2O          8.351E+08

HO2                 PRODUCTION RXS              INT RX RATE    TP =  2.10E+12
   6) H       + O2      = HO2     +              1.614E+12
  12) OH      + O3      = HO2     + O2           3.671E+11
  13) OH      + H2O2    = HO2     + H2O          1.187E+10
  40) HCO     + O2      = HO2     + CO           4.598E+10
  41) CH2OH   + O2      = H2CO    + HO2          1.715E+08
  42) CH3O    + O2      = H2CO    + HO2          5.213E+10
  47) H2O2    + O       = OH      + HO2          9.253E+05
 116) HSO3    + O2      = HO2     + SO3          1.865E+09
 193) OH      + NO3     = HO2     + NO2          9.955E+06
 210) HO2NO2  + M       = HO2     + NO2          4.282E+09
 256) C2H7SO  + O2      = C2H6SO  + HO2          8.370E+08
 304) HO2NO2  + HV      = HO2     + NO2          1.192E+09

HO2                    LOSS RXS                INT RX RATE    TL =  2.10E+12
   7) H       + HO2     = H2      + O2           8.870E+08
   8) H       + HO2     = H2O     + O            2.057E+08
   9) H       + HO2     = OH      + OH           9.255E+09
  11) OH      + HO2     = H2O     + O2           5.039E+10
  14) HO2     + O       = OH      + O2           1.612E+12
  15) HO2     + O3      = OH      + O2      O2   1.081E+11
  16) HO2     + HO2     = H2O2    + O2           2.629E+10
  68) CH3O2   + HO2     = CH3OOH  + O2           1.084E+11
  79) NO      + HO2     = NO2     + OH           1.447E+11
 108) SO      + HO2     = SO2     + OH           2.084E+05
 125) HS      + HO2     = H2S     + O2           2.498E+07
 133) S       + HO2     = HS      + O2           1.085E-02
 134) S       + HO2     = SO      + OH           1.085E-02
 154) SO2     + HO2     = SO3     + OH           1.355E+05
 156) HS      + HO2     = HSO     + OH           2.498E+07
 190) HO2     + NO3     = OH      + NO2     O2   5.109E+06
 199) N       + HO2     = NO      + OH           1.370E+06
 207) HO2     + NO2     = HO2NO2  +              8.087E+09
 212) HO2     + NO2     = HNO2    + O2           5.535E+06
 272) HO2     + HV      = OH      + O            3.955E+09

H2O2                PRODUCTION RXS              INT RX RATE    TP =  2.63E+10
  16) HO2     + HO2     = H2O2    + O2           2.629E+10
  45) OH      + OH      = H2O2    +              4.613E+07

H2O2                   LOSS RXS                INT RX RATE    TL =  2.54E+10
  13) OH      + H2O2    = HO2     + H2O          1.187E+10
  47) H2O2    + O       = OH      + HO2          9.253E+05
 267) H2O2    + HV      = OH      + OH           1.004E+10

H2                  PRODUCTION RXS              INT RX RATE    TP =  3.71E+10
   7) H       + HO2     = H2      + O2           8.870E+08
  29) H       + HCO     = H2      + CO           4.483E+03
  38) H2CO    + H       = H2      + HCO          2.679E+04
  39) H       + H       = H2      +              5.695E+05
  52) CH4     + O1D     = H2CO    + H2           8.573E+07
  87) H       + HNO     = H2      + NO           1.013E+00
 101) C2H5    + OH      = CH3     + HCO     H2   2.366E-02
 121) H2S     + H       = H2      + HS           1.071E+01
 128) HS      + H       = H2      + S            1.945E-01
 167) HSO     + H       = H2      + SO           4.613E+00
 228) H       + HCS     = H2      + CS           1.321E-10
 262) H2O     + HV      = H2      + O1D          4.793E+08
 270) H2CO    + HV      = H2      + CO           3.536E+10
 273) CH4     + HV      = CH21    + H2           4.382E+07
 277) C2H6    + HV      = CH23    + CH23    H2   6.009E-02

H2                     LOSS RXS                INT RX RATE    TL =  4.98E+10
   2) H2      + O1D     = OH      + H            1.357E+09
   3) H2      + O       = OH      + H            1.274E+07
   4) H2      + OH      = H2O     + H            4.842E+10
  92) CH21    + H2      = CH3     + H            2.248E+03

CO                  PRODUCTION RXS              INT RX RATE    TP =  9.05E+10
  29) H       + HCO     = H2      + CO           4.483E+03
  30) HCO     + HCO     = H2CO    + CO           2.308E-06
  31) OH      + HCO     = H2O     + CO           2.425E+02
  33) O       + HCO     = OH      + CO           2.800E+05
  36) CO2     + H       = CO      + OH           9.979E-10
  40) HCO     + O2      = HO2     + CO           4.598E+10
  63) CH3     + HCO     = CH4     + CO           7.792E-04
  85) HCO     + NO      = HNO     + CO           2.357E+02
  93) CH21    + CO2     = H2CO    + CO           1.633E+03
  95) CH23    + CO2     = H2CO    + CO           7.815E+03
 102) C2H5    + HCO     = C2H6    + CO           8.162E-10
 127) HS      + HCO     = H2S     + CO           1.301E-02
 132) S       + HCO     = HS      + CO           4.467E-11
 162) SO      + HCO     = HSO     + CO           5.494E-05
 172) H       + OCS     = CO      + HS           1.845E+01
 174) O       + OCS     = CO      + SO           1.776E+06
 176) OCS     + S       = CO      + S2           6.430E-03
 180) CO      + O1D     = CO      + O            5.007E+07
 214) CS      + O2      = CO      + SO           6.281E+04
 217) CS      + O3      = CO      + SO2          6.179E+06
 237) CS2     + O       = CO      + S2           1.237E+05
 239) OCS     + H       = CO      + HS           1.839E+01
 241) CS      + O       = CO      + S            2.478E+00
 268) CO2     + HV      = CO      + O            3.732E+09
 269) CO2     + HV      = CO      + O1D          5.302E+09
 270) H2CO    + HV      = H2      + CO           3.536E+10
 300) OCS     + HV      = CO      + S            1.569E+07

CO                     LOSS RXS                INT RX RATE    TL =  7.82E+10
  28) H       + CO      = HCO     +              3.891E+04
  34) CO      + OH      = CO2     + H            7.810E+10
  35) CO      + O       = CO2     +              8.378E+05
 173) HS      + CO      = OCS     + H            7.257E-04
 179) S       + CO      = OCS     +              1.026E-04
 180) CO      + O1D     = CO      + O            5.007E+07
 188) OCS2    + CO      = OCS     + OCS          7.417E-03
 230) HS      + CO      = OCS     + H            7.344E-04

HCO                 PRODUCTION RXS              INT RX RATE    TP =  4.60E+10
  28) H       + CO      = HCO     +              3.891E+04
  38) H2CO    + H       = H2      + HCO          2.679E+04
  43) H2CO    + OH      = H2O     + HCO          2.242E+10
  46) H2CO    + O       = HCO     + OH           1.739E+08
  54) CH21    + O2      = HCO     + OH           3.718E+06
  58) CH23    + O2      = HCO     + OH           4.798E+07
  65) CH3     + H2CO    = CH4     + HCO          2.739E-04
  94) CH23    + O       = HCO     + H            2.387E+05
 100) C2H5    + O       = CH3     + HCO     H    1.151E-01
 101) C2H5    + OH      = CH3     + HCO     H2   2.366E-02
 104) C2H5    + O2      = CH3     + HCO     OH   9.000E+08
 271) H2CO    + HV      = HCO     + H            2.244E+10

HCO                    LOSS RXS                INT RX RATE    TL =  4.60E+10
  29) H       + HCO     = H2      + CO           4.483E+03
  30) HCO     + HCO     = H2CO    + CO           2.308E-06
  31) OH      + HCO     = H2O     + CO           2.425E+02
  32) O       + HCO     = H       + CO2          2.800E+05
  33) O       + HCO     = OH      + CO           2.800E+05
  40) HCO     + O2      = HO2     + CO           4.598E+10
  63) CH3     + HCO     = CH4     + CO           7.792E-04
  85) HCO     + NO      = HNO     + CO           2.357E+02
 102) C2H5    + HCO     = C2H6    + CO           8.162E-10
 127) HS      + HCO     = H2S     + CO           1.301E-02
 132) S       + HCO     = HS      + CO           4.467E-11
 162) SO      + HCO     = HSO     + CO           5.494E-05

H2CO                PRODUCTION RXS              INT RX RATE    TP =  8.22E+10
  30) HCO     + HCO     = H2CO    + CO           2.308E-06
  41) CH2OH   + O2      = H2CO    + HO2          1.715E+08
  42) CH3O    + O2      = H2CO    + HO2          5.213E+10
  52) CH4     + O1D     = H2CO    + H2           8.573E+07
  59) CH3     + O2      = H2CO    + OH           4.847E+03
  60) CH3     + O       = H2CO    + H            1.292E+07
  70) CH3OOH  + OH      = H2O     + H2CO    OH   2.731E+10
  93) CH21    + CO2     = H2CO    + CO           1.633E+03
  95) CH23    + CO2     = H2CO    + CO           7.815E+03
 247) C2H5SO  + HV      = H2CO    + CH3S         2.463E+09

H2CO                   LOSS RXS                INT RX RATE    TL =  8.15E+10
  38) H2CO    + H       = H2      + HCO          2.679E+04
  43) H2CO    + OH      = H2O     + HCO          2.242E+10
  46) H2CO    + O       = HCO     + OH           1.739E+08
  65) CH3     + H2CO    = CH4     + HCO          2.739E-04
 270) H2CO    + HV      = H2      + CO           3.536E+10
 271) H2CO    + HV      = HCO     + H            2.244E+10

CH3O                PRODUCTION RXS              INT RX RATE    TP =  5.21E+10
  50) CH4     + O1D     = CH3O    + H            1.715E+08
  67) CH3O2   + NO      = CH3O    + NO2          3.535E+10
 308) CH3OOH  + HV      = CH3O    + OH           1.661E+10

CH3O                   LOSS RXS                INT RX RATE    TL =  5.21E+10
  42) CH3O    + O2      = H2CO    + HO2          5.213E+10

CH2OH               PRODUCTION RXS              INT RX RATE    TP =  1.71E+08
  51) CH4     + O1D     = CH2OH   + H            1.715E+08

CH2OH                  LOSS RXS                INT RX RATE    TL =  1.71E+08
  41) CH2OH   + O2      = H2CO    + HO2          1.715E+08

CH3O2               PRODUCTION RXS              INT RX RATE    TP =  1.44E+11
  66) CH3     + O2      = CH3O2   +              8.000E+10
  69) CH3OOH  + OH      = CH3O2   + H2O          6.371E+10

CH3O2                  LOSS RXS                INT RX RATE    TL =  1.44E+11
  67) CH3O2   + NO      = CH3O    + NO2          3.535E+10
  68) CH3O2   + HO2     = CH3OOH  + O2           1.084E+11

CH3OOH              PRODUCTION RXS              INT RX RATE    TP =  1.08E+11
  68) CH3O2   + HO2     = CH3OOH  + O2           1.084E+11

CH3OOH                 LOSS RXS                INT RX RATE    TL =  1.08E+11
  69) CH3OOH  + OH      = CH3O2   + H2O          6.371E+10
  70) CH3OOH  + OH      = H2O     + H2CO    OH   2.731E+10
 308) CH3OOH  + HV      = CH3O    + OH           1.661E+10

CH4                 PRODUCTION RXS              INT RX RATE    TP =  1.25E+03
  62) CH3     + H       = CH4     +              1.252E+03
  63) CH3     + HCO     = CH4     + CO           7.792E-04
  64) CH3     + HNO     = CH4     + NO           3.177E-03
  65) CH3     + H2CO    = CH4     + HCO          2.739E-04
 233) CH3     + HCS     = CH4     + CS           6.817E-14
 278) C2H6    + HV      = CH4     + CH21         1.502E-02

CH4                    LOSS RXS                INT RX RATE    TL =  7.55E+10
  48) CH4     + OH      = CH3     + H2O          7.365E+10
  49) CH4     + O1D     = CH3     + OH           1.274E+09
  50) CH4     + O1D     = CH3O    + H            1.715E+08
  51) CH4     + O1D     = CH2OH   + H            1.715E+08
  52) CH4     + O1D     = H2CO    + H2           8.573E+07
  53) CH21    + CH4     = CH3     + CH3          1.407E-11
  91) CH4     + O       = CH3     + OH           9.547E+06
 273) CH4     + HV      = CH21    + H2           4.382E+07
 274) CH4     + HV      = CH3     + H            4.755E+07
 275) CH4     + HV      = CH23    + H       H    8.122E+06

CH3                 PRODUCTION RXS              INT RX RATE    TP =  8.00E+10
  48) CH4     + OH      = CH3     + H2O          7.365E+10
  49) CH4     + O1D     = CH3     + OH           1.274E+09
  53) CH21    + CH4     = CH3     + CH3          1.407E-11
  91) CH4     + O       = CH3     + OH           9.547E+06
  92) CH21    + H2      = CH3     + H            2.248E+03
  99) C2H5    + H       = CH3     + CH3          3.324E-06
 100) C2H5    + O       = CH3     + HCO     H    1.151E-01
 101) C2H5    + OH      = CH3     + HCO     H2   2.366E-02
 104) C2H5    + O2      = CH3     + HCO     OH   9.000E+08
 254) CH3SO2  + HV      = CH3     + SO2          3.262E+09
 255) CH3SO3  + HV      = CH3     + SO3          3.602E+07
 257) C2H6SO  + OH      = CH4SO2  + CH3          8.351E+08
 274) CH4     + HV      = CH3     + H            4.755E+07

CH3                    LOSS RXS                INT RX RATE    TL =  8.00E+10
  59) CH3     + O2      = H2CO    + OH           4.847E+03
  60) CH3     + O       = H2CO    + H            1.292E+07
  61) CH3     + CH3     = C2H6    +              1.248E-01
  62) CH3     + H       = CH4     +              1.252E+03
  63) CH3     + HCO     = CH4     + CO           7.792E-04
  64) CH3     + HNO     = CH4     + NO           3.177E-03
  65) CH3     + H2CO    = CH4     + HCO          2.739E-04
  66) CH3     + O2      = CH3O2   +              8.000E+10
 233) CH3     + HCS     = CH4     + CS           6.817E-14
 276) CH3     + HV      = CH21    + H            7.356E+03

C2H6                PRODUCTION RXS              INT RX RATE    TP =  1.25E-01
  61) CH3     + CH3     = C2H6    +              1.248E-01
 102) C2H5    + HCO     = C2H6    + CO           8.162E-10
 103) C2H5    + HNO     = C2H6    + NO           1.865E-06

C2H6                   LOSS RXS                INT RX RATE    TL =  9.00E+08
  96) C2H6    + OH      = C2H5    + H2O          8.998E+08
  97) C2H6    + O       = C2H5    + OH           1.149E+04
  98) C2H6    + O1D     = C2H5    + OH           1.502E+05
 277) C2H6    + HV      = CH23    + CH23    H2   6.009E-02
 278) C2H6    + HV      = CH4     + CH21         1.502E-02

NO                  PRODUCTION RXS              INT RX RATE    TP =  5.93E+12
  64) CH3     + HNO     = CH4     + NO           3.177E-03
  73) N       + O2      = NO      + O            3.065E+07
  75) N       + OH      = NO      + H            5.804E+06
  81) NO2     + O       = NO      + O2           6.627E+11
  83) NO2     + H       = NO      + OH           1.297E+07
  86) HNO     + HV      = NO      + H            1.514E+08
  87) H       + HNO     = H2      + NO           1.013E+00
  88) O       + HNO     = OH      + NO           7.567E+04
  89) OH      + HNO     = H2O     + NO           6.849E+06
 103) C2H5    + HNO     = C2H6    + NO           1.865E-06
 152) SO      + NO2     = SO2     + NO           5.111E+06
 157) HS      + NO2     = HSO     + NO           5.376E+07
 198) O1D     + N2O     = NO      + NO           9.148E+07
 199) N       + HO2     = NO      + OH           1.370E+06
 204) NO2     + NO3     = NO      + NO2     O2   6.712E+03
 249) CH3S    + NO2     = CH3SO   + NO           3.591E+06
 251) CH3SO   + NO2     = CH3SO2  + NO           1.190E+07
 253) CH3SO2  + NO2     = CH3SO3  + NO           3.176E+04
 279) HNO2    + HV      = NO      + OH           4.567E+09
 284) NO2     + HV      = NO      + O1D          5.540E+08
 285) NO2     + HV      = NO      + O            5.257E+12
 301) NO3     + HV      = NO      + O2           1.494E+09
 307) N2O5    + HV      = NO3     + NO      O    3.709E+07

NO                     LOSS RXS                INT RX RATE    TL =  5.93E+12
  67) CH3O2   + NO      = CH3O    + NO2          3.535E+10
  71) H       + NO      = HNO     +              1.722E+04
  76) N       + NO      = N2      + O            2.638E+07
  77) NO      + O3      = NO2     + O2           5.732E+12
  78) NO      + O       = NO2     +              6.234E+09
  79) NO      + HO2     = NO2     + OH           1.447E+11
  80) NO      + OH      = HNO2    +              4.053E+09
  85) HCO     + NO      = HNO     + CO           2.357E+02
 164) HSO     + NO      = HNO     + SO           1.587E+08
 191) NO      + NO3     = NO2     + NO2          2.395E+09
 246) C2H5SO2 + NO      = C2H5SO  + NO2          2.463E+09
 283) NO      + HV      = N       + O            6.854E+07

NO2                 PRODUCTION RXS              INT RX RATE    TP =  5.95E+12
  67) CH3O2   + NO      = CH3O    + NO2          3.535E+10
  77) NO      + O3      = NO2     + O2           5.732E+12
  78) NO      + O       = NO2     +              6.234E+09
  79) NO      + HO2     = NO2     + OH           1.447E+11
  90) HNO2    + OH      = H2O     + NO2          4.978E+07
 189) O       + NO3     = O2      + NO2          1.160E+08
 190) HO2     + NO3     = OH      + NO2     O2   5.109E+06
 191) NO      + NO3     = NO2     + NO2          2.395E+09
 193) OH      + NO3     = HO2     + NO2          9.955E+06
 200) O       + N2O5    = NO2     + NO2     O2   1.453E+04
 202) N2O5    + M       = NO3     + NO2          1.672E+05
 204) NO2     + NO3     = NO      + NO2     O2   6.712E+03
 206) NO3     + NO3     = NO2     + NO2     O2   6.579E-02
 208) O       + HO2NO2  = OH      + NO2     O2   1.889E+04
 209) OH      + HO2NO2  = H2O     + NO2     O2   2.289E+09
 210) HO2NO2  + M       = HO2     + NO2          4.282E+09
 246) C2H5SO2 + NO      = C2H5SO  + NO2          2.463E+09
 280) HNO3    + HV      = NO2     + OH           4.272E+09
 302) NO3     + HV      = NO2     + O            1.112E+10
 304) HO2NO2  + HV      = HO2     + NO2          1.192E+09
 306) N2O5    + HV      = NO3     + NO2          1.523E+07

NO2                    LOSS RXS                INT RX RATE    TL =  5.95E+12
  81) NO2     + O       = NO      + O2           6.627E+11
  82) NO2     + OH      = HNO3    +              6.802E+09
  83) NO2     + H       = NO      + OH           1.297E+07
 152) SO      + NO2     = SO2     + NO           5.111E+06
 157) HS      + NO2     = HSO     + NO           5.376E+07
 192) O       + NO2     = NO3     +              1.108E+10
 195) N       + NO2     = N2O     + O            4.332E+06
 201) NO2     + NO3     = N2O5    +              5.251E+07
 204) NO2     + NO3     = NO      + NO2     O2   6.712E+03
 205) NO2     + O3      = NO3     + O2           2.172E+09
 207) HO2     + NO2     = HO2NO2  +              8.087E+09
 212) HO2     + NO2     = HNO2    + O2           5.535E+06
 249) CH3S    + NO2     = CH3SO   + NO           3.591E+06
 251) CH3SO   + NO2     = CH3SO2  + NO           1.190E+07
 253) CH3SO2  + NO2     = CH3SO3  + NO           3.176E+04
 284) NO2     + HV      = NO      + O1D          5.540E+08
 285) NO2     + HV      = NO      + O            5.257E+12

HNO                 PRODUCTION RXS              INT RX RATE    TP =  1.59E+08
  71) H       + NO      = HNO     +              1.722E+04
  85) HCO     + NO      = HNO     + CO           2.357E+02
 164) HSO     + NO      = HNO     + SO           1.587E+08

HNO                    LOSS RXS                INT RX RATE    TL =  1.58E+08
  64) CH3     + HNO     = CH4     + NO           3.177E-03
  86) HNO     + HV      = NO      + H            1.514E+08
  87) H       + HNO     = H2      + NO           1.013E+00
  88) O       + HNO     = OH      + NO           7.567E+04
  89) OH      + HNO     = H2O     + NO           6.849E+06
 103) C2H5    + HNO     = C2H6    + NO           1.865E-06

H2S                 PRODUCTION RXS              INT RX RATE    TP =  2.51E+07
 125) HS      + HO2     = H2S     + O2           2.498E+07
 126) HS      + HS      = H2S     + S            3.436E+04
 127) HS      + HCO     = H2S     + CO           1.301E-02
 168) HSO     + HS      = H2S     + SO           8.247E+04
 235) HS      + HCS     = H2S     + CS           2.356E-09

H2S                    LOSS RXS                INT RX RATE    TL =  2.25E+08
 120) H2S     + OH      = H2O     + HS           2.251E+08
 121) H2S     + H       = H2      + HS           1.071E+01
 122) H2S     + O       = OH      + HS           5.046E+03
 287) H2S     + HV      = HS      + H            1.119E+04

HS                  PRODUCTION RXS              INT RX RATE    TP =  2.16E+10
 120) H2S     + OH      = H2O     + HS           2.251E+08
 121) H2S     + H       = H2      + HS           1.071E+01
 122) H2S     + O       = OH      + HS           5.046E+03
 132) S       + HCO     = HS      + CO           4.467E-11
 133) S       + HO2     = HS      + O2           1.085E-02
 166) HSO     + H       = HS      + OH           9.226E+00
 170) HSO     + O3      = HS      + O2      O2   2.141E+10
 171) HSO     + S       = HS      + SO           1.303E-05
 172) H       + OCS     = CO      + HS           1.845E+01
 177) OCS     + OH      = CO2     + HS           1.189E+07
 220) CS2     + OH      = OCS     + HS           2.727E+05
 231) CH21    + S2      = HCS     + HS           9.242E-19
 232) CH23    + S2      = HCS     + HS           9.781E-18
 236) S       + HCS     = HS      + CS           6.258E-18
 239) OCS     + H       = CO      + HS           1.839E+01
 287) H2S     + HV      = HS      + H            1.119E+04
 299) HSO     + HV      = HS      + O            4.564E+02

HS                     LOSS RXS                INT RX RATE    TL =  2.16E+10
 123) HS      + O       = H       + SO           3.740E+04
 125) HS      + HO2     = H2S     + O2           2.498E+07
 126) HS      + HS      = H2S     + S            3.436E+04
 127) HS      + HCO     = H2S     + CO           1.301E-02
 128) HS      + H       = H2      + S            1.945E-01
 129) HS      + S       = H       + S2           2.830E-07
 155) HS      + O3      = HSO     + O2           2.155E+10
 156) HS      + HO2     = HSO     + OH           2.498E+07
 157) HS      + NO2     = HSO     + NO           5.376E+07
 168) HSO     + HS      = H2S     + SO           8.247E+04
 173) HS      + CO      = OCS     + H            7.257E-04
 226) CS      + HS      = CS2     + H            2.151E-02
 230) HS      + CO      = OCS     + H            7.344E-04
 235) HS      + HCS     = H2S     + CS           2.356E-09

S                   PRODUCTION RXS              INT RX RATE    TP =  2.58E+07
 126) HS      + HS      = H2S     + S            3.436E+04
 128) HS      + H       = H2      + S            1.945E-01
 136) S2      + O       = S       + SO           1.339E+03
 159) SO      + SO      = SO2     + S            5.753E-04
 175) O       + OCS     = S       + CO2          1.101E+01
 219) CS2     + O       = OCS     + S            5.014E+05
 241) CS      + O       = CO      + S            2.478E+00
 286) SO      + HV      = S       + O            2.081E+04
 292) S2      + HV      = S       + S            1.224E+05
 294) S3      + HV      = S2      + S            1.520E-08
 300) OCS     + HV      = CO      + S            1.569E+07
 309) CS2     + HV      = CS      + S            9.331E+06

S                      LOSS RXS                INT RX RATE    TL =  2.58E+07
 129) HS      + S       = H       + S2           2.830E-07
 130) S       + O2      = SO      + O            2.582E+07
 131) S       + OH      = SO      + H            2.789E-02
 132) S       + HCO     = HS      + CO           4.467E-11
 133) S       + HO2     = HS      + O2           1.085E-02
 134) S       + HO2     = SO      + OH           1.085E-02
 135) S       + S       = S2      +              2.165E-17
 139) S       + S2      = S3      +              1.520E-08
 141) S       + S3      = S4      +              2.353E-25
 158) S       + O3      = SO      + O2           4.826E+03
 171) HSO     + S       = HS      + SO           1.303E-05
 176) OCS     + S       = CO      + S2           6.430E-03
 179) S       + CO      = OCS     +              1.026E-04
 184) OCS     + S       = OCS2    +              7.417E-03
 185) OCS2    + S       = OCS     + S2           3.545E-17
 229) S       + HCS     = H       + CS2          1.252E-17
 234) CH23    + S       = HCS     + H            1.303E-10
 236) S       + HCS     = HS      + CS           6.258E-18
 240) CS2     + S       = CS      + S2           4.444E-07

SO                  PRODUCTION RXS              INT RX RATE    TP =  3.20E+08
 106) SO2     + O1D     = SO      + O2           9.012E+03
 123) HS      + O       = H       + SO           3.740E+04
 130) S       + O2      = SO      + O            2.582E+07
 131) S       + OH      = SO      + H            2.789E-02
 134) S       + HO2     = SO      + OH           1.085E-02
 136) S2      + O       = S       + SO           1.339E+03
 148) SO21    + SO2     = SO3     + SO           2.157E+00
 151) SO23    + SO2     = SO3     + SO           2.774E-01
 158) S       + O3      = SO      + O2           4.826E+03
 164) HSO     + NO      = HNO     + SO           1.587E+08
 165) HSO     + OH      = H2O     + SO           4.619E+07
 167) HSO     + H       = H2      + SO           4.613E+00
 168) HSO     + HS      = H2S     + SO           8.247E+04
 169) HSO     + O       = OH      + SO           1.588E+05
 171) HSO     + S       = HS      + SO           1.303E-05
 174) O       + OCS     = CO      + SO           1.776E+06
 214) CS      + O2      = CO      + SO           6.281E+04
 216) CS      + O3      = SO      + CO2          6.179E+06
 218) CS2     + O       = SO      + CS           5.348E+06
 288) SO2     + HV      = SO      + O            7.524E+07

SO                     LOSS RXS                INT RX RATE    TL =  3.20E+08
 107) SO      + O2      = O       + SO2          2.856E+08
 108) SO      + HO2     = SO2     + OH           2.084E+05
 109) SO      + O       = SO2     +              1.280E+04
 110) SO      + OH      = SO2     + H            2.669E+05
 152) SO      + NO2     = SO2     + NO           5.111E+06
 153) SO      + O3      = SO2     + O2           2.841E+07
 159) SO      + SO      = SO2     + S            5.753E-04
 160) SO3     + SO      = SO2     + SO2          2.590E-04
 162) SO      + HCO     = HSO     + CO           5.494E-05
 163) H       + SO      = HSO     +              1.362E-01
 238) CS2     + SO      = OCS     + S2           7.759E-02
 286) SO      + HV      = S       + O            2.081E+04

SO2                 PRODUCTION RXS              INT RX RATE    TP =  7.59E+10
 105) SO2     + O1D     = SO2     + O            2.810E+03
 107) SO      + O2      = O       + SO2          2.856E+08
 108) SO      + HO2     = SO2     + OH           2.084E+05
 109) SO      + O       = SO2     +              1.280E+04
 110) SO      + OH      = SO2     + H            2.669E+05
 115) SO3     + O       = SO2     + O2           2.000E+00
 144) SO21    + M       = SO2     + M            6.514E+10
 146) SO21    + HV      = SO2     + HV           1.144E+07
 149) SO23    + M       = SO2     + M            7.150E+09
 150) SO23    + HV      = SO2     + HV           4.123E+06
 152) SO      + NO2     = SO2     + NO           5.111E+06
 153) SO      + O3      = SO2     + O2           2.841E+07
 159) SO      + SO      = SO2     + S            5.753E-04
 160) SO3     + SO      = SO2     + SO2          2.590E-04
 217) CS      + O3      = CO      + SO2          6.179E+06
 224) CS2X    + O2      = CS      + SO2          4.422E+06
 254) CH3SO2  + HV      = CH3     + SO2          3.262E+09
 298) SO3     + HV      = SO2     + O            1.599E+03

SO2                    LOSS RXS                INT RX RATE    TL =  7.49E+10
 105) SO2     + O1D     = SO2     + O            2.810E+03
 106) SO2     + O1D     = SO      + O2           9.012E+03
 111) SO2     + OH      = HSO3    +              1.865E+09
 112) SO2     + O       = SO3     +              3.487E+05
 148) SO21    + SO2     = SO3     + SO           2.157E+00
 151) SO23    + SO2     = SO3     + SO           2.774E-01
 154) SO2     + HO2     = SO3     + OH           1.355E+05
 288) SO2     + HV      = SO      + O            7.524E+07
 289) SO2     + HV      = SO21    +              7.167E+10
 290) SO2     + HV      = SO23    +              6.395E+08

H2SO4               PRODUCTION RXS              INT RX RATE    TP =  2.36E+10
 113) SO3     + H2O     = H2SO4   +              2.358E+10

H2SO4                  LOSS RXS                INT RX RATE    TL =  2.43E+10
 114) H2SO4   + H2O     = SO3     + H2O     H2O  2.167E+10
 291) H2SO4   + HV      = SO3     + H2O          5.202E+06

HSO                 PRODUCTION RXS              INT RX RATE    TP =  2.16E+10
 155) HS      + O3      = HSO     + O2           2.155E+10
 156) HS      + HO2     = HSO     + OH           2.498E+07
 157) HS      + NO2     = HSO     + NO           5.376E+07
 162) SO      + HCO     = HSO     + CO           5.494E-05
 163) H       + SO      = HSO     +              1.362E-01

HSO                    LOSS RXS                INT RX RATE    TL =  2.16E+10
 164) HSO     + NO      = HNO     + SO           1.587E+08
 165) HSO     + OH      = H2O     + SO           4.619E+07
 166) HSO     + H       = HS      + OH           9.226E+00
 167) HSO     + H       = H2      + SO           4.613E+00
 168) HSO     + HS      = H2S     + SO           8.247E+04
 169) HSO     + O       = OH      + SO           1.588E+05
 170) HSO     + O3      = HS      + O2      O2   2.141E+10
 171) HSO     + S       = HS      + SO           1.303E-05
 299) HSO     + HV      = HS      + O            4.564E+02

S2                  PRODUCTION RXS              INT RX RATE    TP =  1.24E+05
 129) HS      + S       = H       + S2           2.830E-07
 135) S       + S       = S2      +              2.165E-17
 176) OCS     + S       = CO      + S2           6.430E-03
 185) OCS2    + S       = OCS     + S2           3.545E-17
 225) CS2X    + CS2     = CS      + CS      S2   1.140E-03
 237) CS2     + O       = CO      + S2           1.237E+05
 238) CS2     + SO      = OCS     + S2           7.759E-02
 240) CS2     + S       = CS      + S2           4.444E-07
 293) S4      + HV      = S2      + S2           1.755E+01
 294) S3      + HV      = S2      + S            1.520E-08

S2                     LOSS RXS                INT RX RATE    TL =  1.24E+05
 136) S2      + O       = S       + SO           1.339E+03
 139) S       + S2      = S3      +              1.520E-08
 140) S2      + S2      = S4      +              1.755E+01
 231) CH21    + S2      = HCS     + HS           9.242E-19
 232) CH23    + S2      = HCS     + HS           9.781E-18
 292) S2      + HV      = S       + S            1.224E+05

S4                  PRODUCTION RXS              INT RX RATE    TP =  1.75E+01
 140) S2      + S2      = S4      +              1.755E+01
 141) S       + S3      = S4      +              2.353E-25
 297) S8      + HV      = S4      + S4           1.104E-13

S4                     LOSS RXS                INT RX RATE    TL =  1.75E+01
 142) S4      + S4      = S8      +              1.104E-13
 293) S4      + HV      = S2      + S2           1.755E+01

S8                  PRODUCTION RXS              INT RX RATE    TP =  1.10E-13
 142) S4      + S4      = S8      +              1.104E-13

S8                     LOSS RXS                INT RX RATE    TL =  1.10E-13
 297) S8      + HV      = S4      + S4           1.104E-13

SO3                 PRODUCTION RXS              INT RX RATE    TP =  2.36E+10
 112) SO2     + O       = SO3     +              3.487E+05
 114) H2SO4   + H2O     = SO3     + H2O     H2O  2.167E+10
 116) HSO3    + O2      = HO2     + SO3          1.865E+09
 147) SO21    + O2      = SO3     + O            1.386E+04
 148) SO21    + SO2     = SO3     + SO           2.157E+00
 151) SO23    + SO2     = SO3     + SO           2.774E-01
 154) SO2     + HO2     = SO3     + OH           1.355E+05
 255) CH3SO3  + HV      = CH3     + SO3          3.602E+07
 291) H2SO4   + HV      = SO3     + H2O          5.202E+06

SO3                    LOSS RXS                INT RX RATE    TL =  2.36E+10
 113) SO3     + H2O     = H2SO4   +              2.358E+10
 115) SO3     + O       = SO2     + O2           2.000E+00
 160) SO3     + SO      = SO2     + SO2          2.590E-04
 298) SO3     + HV      = SO2     + O            1.599E+03

OCS                 PRODUCTION RXS              INT RX RATE    TP =  7.46E+06
 173) HS      + CO      = OCS     + H            7.257E-04
 179) S       + CO      = OCS     +              1.026E-04
 185) OCS2    + S       = OCS     + S2           3.545E-17
 188) OCS2    + CO      = OCS     + OCS          7.417E-03
 213) CS      + O2      = OCS     + O            5.025E+05
 215) CS      + O3      = OCS     + O2           6.179E+06
 219) CS2     + O       = OCS     + S            5.014E+05
 220) CS2     + OH      = OCS     + HS           2.727E+05
 230) HS      + CO      = OCS     + H            7.344E-04
 238) CS2     + SO      = OCS     + S2           7.759E-02

OCS                    LOSS RXS                INT RX RATE    TL =  2.94E+07
 172) H       + OCS     = CO      + HS           1.845E+01
 174) O       + OCS     = CO      + SO           1.776E+06
 175) O       + OCS     = S       + CO2          1.101E+01
 176) OCS     + S       = CO      + S2           6.430E-03
 177) OCS     + OH      = CO2     + HS           1.189E+07
 184) OCS     + S       = OCS2    +              7.417E-03
 239) OCS     + H       = CO      + HS           1.839E+01
 300) OCS     + HV      = CO      + S            1.569E+07

S3                  PRODUCTION RXS              INT RX RATE    TP =  1.52E-08
 139) S       + S2      = S3      +              1.520E-08

S3                     LOSS RXS                INT RX RATE    TL =  1.52E-08
 141) S       + S3      = S4      +              2.353E-25
 294) S3      + HV      = S2      + S            1.520E-08

O3                  PRODUCTION RXS              INT RX RATE    TP =  2.09E+15
  18) O       + O2      = O3      +              2.086E+15

O3                     LOSS RXS                INT RX RATE    TL =  2.09E+15
   5) H       + O3      = OH      + O2           5.414E+11
  12) OH      + O3      = HO2     + O2           3.671E+11
  15) HO2     + O3      = OH      + O2      O2   1.081E+11
  19) O       + O3      = O2      + O2           3.534E+11
  20) O1D     + O3      = O2      + O2           7.234E+09
  21) O1D     + O3      = O       + O       O2   7.234E+09
  26) O3      + HV      = O2      + O            4.975E-10
  27) O3      + O3      = O2      + O2      O2   1.381E+03
  77) NO      + O3      = NO2     + O2           5.732E+12
 153) SO      + O3      = SO2     + O2           2.841E+07
 155) HS      + O3      = HSO     + O2           2.155E+10
 158) S       + O3      = SO      + O2           4.826E+03
 170) HSO     + O3      = HS      + O2      O2   2.141E+10
 205) NO2     + O3      = NO3     + O2           2.172E+09
 215) CS      + O3      = OCS     + O2           6.179E+06
 216) CS      + O3      = SO      + CO2          6.179E+06
 217) CS      + O3      = CO      + SO2          6.179E+06
 248) CH3S    + O3      = CH3SO   + O2           2.459E+09
 250) CH3SO   + O3      = CH3SO2  + O2           2.451E+09
 252) CH3SO2  + O3      = CH3SO3  + O2           3.599E+07
 264) O3      + HV      = O2      + O1D          6.628E+14
 265) O3      + HV      = O2      + O            1.416E+15
 266) O3      + HV      = O       + O       O    3.912E+11

HNO3                PRODUCTION RXS              INT RX RATE    TP =  6.80E+09
  82) NO2     + OH      = HNO3    +              6.802E+09
 203) N2O5    + H2O     = HNO3    + HNO3         5.775E+03
 244) C2H6S   + NO3     = C2H5S   + HNO3         1.226E+06

HNO3                   LOSS RXS                INT RX RATE    TL =  6.74E+09
  84) HNO3    + OH      = H2O     + NO3          1.570E+09
 211) O       + HNO3    = OH      + NO3          9.675E+05
 280) HNO3    + HV      = NO2     + OH           4.272E+09
 281) HNO3    + HV      = HNO2    + O            3.249E+08
 282) HNO3    + HV      = HNO2    + O1D          2.332E+08

N                   PRODUCTION RXS              INT RX RATE    TP =  6.85E+07
 283) NO      + HV      = N       + O            6.854E+07

N                      LOSS RXS                INT RX RATE    TL =  6.85E+07
  72) N       + N       = N2      +              4.565E-02
  73) N       + O2      = NO      + O            3.065E+07
  75) N       + OH      = NO      + H            5.804E+06
  76) N       + NO      = N2      + O            2.638E+07
 195) N       + NO2     = N2O     + O            4.332E+06
 199) N       + HO2     = NO      + OH           1.370E+06

NO3                 PRODUCTION RXS              INT RX RATE    TP =  1.52E+10
  84) HNO3    + OH      = H2O     + NO3          1.570E+09
 192) O       + NO2     = NO3     +              1.108E+10
 202) N2O5    + M       = NO3     + NO2          1.672E+05
 205) NO2     + O3      = NO3     + O2           2.172E+09
 211) O       + HNO3    = OH      + NO3          9.675E+05
 305) HO2NO2  + HV      = OH      + NO3          3.143E+08
 306) N2O5    + HV      = NO3     + NO2          1.523E+07
 307) N2O5    + HV      = NO3     + NO      O    3.709E+07

NO3                    LOSS RXS                INT RX RATE    TL =  1.52E+10
 189) O       + NO3     = O2      + NO2          1.160E+08
 190) HO2     + NO3     = OH      + NO2     O2   5.109E+06
 191) NO      + NO3     = NO2     + NO2          2.395E+09
 193) OH      + NO3     = HO2     + NO2          9.955E+06
 201) NO2     + NO3     = N2O5    +              5.251E+07
 204) NO2     + NO3     = NO      + NO2     O2   6.712E+03
 206) NO3     + NO3     = NO2     + NO2     O2   6.579E-02
 244) C2H6S   + NO3     = C2H5S   + HNO3         1.226E+06
 301) NO3     + HV      = NO      + O2           1.494E+09
 302) NO3     + HV      = NO2     + O            1.112E+10

N2O                 PRODUCTION RXS              INT RX RATE    TP =  4.33E+06
 195) N       + NO2     = N2O     + O            4.332E+06

N2O                    LOSS RXS                INT RX RATE    TL =  4.78E+09
 194) H       + N2O     = N2      + OH           3.607E-04
 197) O1D     + N2O     = N2      + O2           5.847E+07
 198) O1D     + N2O     = NO      + NO           9.148E+07
 303) N2O     + HV      = N2      + O1D          4.613E+09

HO2NO2              PRODUCTION RXS              INT RX RATE    TP =  8.09E+09
 207) HO2     + NO2     = HO2NO2  +              8.087E+09

HO2NO2                 LOSS RXS                INT RX RATE    TL =  8.09E+09
 208) O       + HO2NO2  = OH      + NO2     O2   1.889E+04
 209) OH      + HO2NO2  = H2O     + NO2     O2   2.289E+09
 210) HO2NO2  + M       = HO2     + NO2          4.282E+09
 304) HO2NO2  + HV      = HO2     + NO2          1.192E+09
 305) HO2NO2  + HV      = OH      + NO3          3.143E+08

N2O5                PRODUCTION RXS              INT RX RATE    TP =  5.25E+07
 201) NO2     + NO3     = N2O5    +              5.251E+07

N2O5                   LOSS RXS                INT RX RATE    TL =  5.25E+07
 200) O       + N2O5    = NO2     + NO2     O2   1.453E+04
 202) N2O5    + M       = NO3     + NO2          1.672E+05
 203) N2O5    + H2O     = HNO3    + HNO3         5.775E+03
 306) N2O5    + HV      = NO3     + NO2          1.523E+07
 307) N2O5    + HV      = NO3     + NO      O    3.709E+07

NH                  PRODUCTION RXS              INT RX RATE    TP =  0.00E+00

NH                     LOSS RXS                INT RX RATE    TL =  0.00E+00

NH2                 PRODUCTION RXS              INT RX RATE    TP =  0.00E+00

NH2                    LOSS RXS                INT RX RATE    TL =  0.00E+00

NH3                 PRODUCTION RXS              INT RX RATE    TP =  0.00E+00

NH3                    LOSS RXS                INT RX RATE    TL =  1.50E+10

CO2                 PRODUCTION RXS              INT RX RATE    TP =  9.12E+11
  32) O       + HCO     = H       + CO2          2.800E+05
  34) CO      + OH      = CO2     + H            7.810E+10
  35) CO      + O       = CO2     +              8.378E+05
 175) O       + OCS     = S       + CO2          1.101E+01
 177) OCS     + OH      = CO2     + HS           1.189E+07
 182) CO2     + O1D     = CO2     + O            8.337E+11
 216) CS      + O3      = SO      + CO2          6.179E+06

CO2                    LOSS RXS                INT RX RATE    TL =  8.43E+11
  36) CO2     + H       = CO      + OH           9.979E-10
  93) CH21    + CO2     = H2CO    + CO           1.633E+03
  95) CH23    + CO2     = H2CO    + CO           7.815E+03
 182) CO2     + O1D     = CO2     + O            8.337E+11
 268) CO2     + HV      = CO      + O            3.732E+09
 269) CO2     + HV      = CO      + O1D          5.302E+09

CS                  PRODUCTION RXS              INT RX RATE    TP =  1.91E+07
 218) CS2     + O       = SO      + CS           5.348E+06
 224) CS2X    + O2      = CS      + SO2          4.422E+06
 225) CS2X    + CS2     = CS      + CS      S2   1.140E-03
 228) H       + HCS     = H2      + CS           1.321E-10
 233) CH3     + HCS     = CH4     + CS           6.817E-14
 235) HS      + HCS     = H2S     + CS           2.356E-09
 236) S       + HCS     = HS      + CS           6.258E-18
 240) CS2     + S       = CS      + S2           4.444E-07
 309) CS2     + HV      = CS      + S            9.331E+06

CS                     LOSS RXS                INT RX RATE    TL =  1.91E+07
 213) CS      + O2      = OCS     + O            5.025E+05
 214) CS      + O2      = CO      + SO           6.281E+04
 215) CS      + O3      = OCS     + O2           6.179E+06
 216) CS      + O3      = SO      + CO2          6.179E+06
 217) CS      + O3      = CO      + SO2          6.179E+06
 226) CS      + HS      = CS2     + H            2.151E-02
 227) H       + CS      = HCS     +              2.358E-09
 241) CS      + O       = CO      + S            2.478E+00

CS2                 PRODUCTION RXS              INT RX RATE    TP =  5.31E+09
 222) CS2OH   + HV      = CS2     + OH           1.091E+08
 223) CS2X    + M       = CS2     + M            5.196E+09
 226) CS      + HS      = CS2     + H            2.151E-02
 229) S       + HCS     = H       + CS2          1.252E-17

CS2                    LOSS RXS                INT RX RATE    TL =  5.33E+09
 218) CS2     + O       = SO      + CS           5.348E+06
 219) CS2     + O       = OCS     + S            5.014E+05
 220) CS2     + OH      = OCS     + HS           2.727E+05
 221) CS2     + OH      = CS2OH   +              1.091E+08
 225) CS2X    + CS2     = CS      + CS      S2   1.140E-03
 237) CS2     + O       = CO      + S2           1.237E+05
 238) CS2     + SO      = OCS     + S2           7.759E-02
 240) CS2     + S       = CS      + S2           4.444E-07
 309) CS2     + HV      = CS      + S            9.331E+06
 310) CS2     + HV      = CS2X    +              5.201E+09

HCS                 PRODUCTION RXS              INT RX RATE    TP =  2.49E-09
 227) H       + CS      = HCS     +              2.358E-09
 231) CH21    + S2      = HCS     + HS           9.242E-19
 232) CH23    + S2      = HCS     + HS           9.781E-18
 234) CH23    + S       = HCS     + H            1.303E-10

HCS                    LOSS RXS                INT RX RATE    TL =  2.49E-09
 228) H       + HCS     = H2      + CS           1.321E-10
 229) S       + HCS     = H       + CS2          1.252E-17
 233) CH3     + HCS     = CH4     + CS           6.817E-14
 235) HS      + HCS     = H2S     + CS           2.356E-09
 236) S       + HCS     = HS      + CS           6.258E-18

C2H6S               PRODUCTION RXS              INT RX RATE    TP =  0.00E+00

C2H6S                  LOSS RXS                INT RX RATE    TL =  3.30E+09
 242) C2H6S   + OH      = C2H5S   + H2O          2.462E+09
 243) C2H6S   + OH      = C2H7SO  +              8.370E+08
 244) C2H6S   + NO3     = C2H5S   + HNO3         1.226E+06

C2H5S               PRODUCTION RXS              INT RX RATE    TP =  2.46E+09
 242) C2H6S   + OH      = C2H5S   + H2O          2.462E+09
 244) C2H6S   + NO3     = C2H5S   + HNO3         1.226E+06

C2H5S                  LOSS RXS                INT RX RATE    TL =  2.46E+09
 245) C2H5S   + O2      = C2H5SO2 +              2.463E+09

C2H5SO              PRODUCTION RXS              INT RX RATE    TP =  2.46E+09
 246) C2H5SO2 + NO      = C2H5SO  + NO2          2.463E+09

C2H5SO                 LOSS RXS                INT RX RATE    TL =  2.46E+09
 247) C2H5SO  + HV      = H2CO    + CH3S         2.463E+09

C2H5SO2             PRODUCTION RXS              INT RX RATE    TP =  2.46E+09
 245) C2H5S   + O2      = C2H5SO2 +              2.463E+09

C2H5SO2                LOSS RXS                INT RX RATE    TL =  2.46E+09
 246) C2H5SO2 + NO      = C2H5SO  + NO2          2.463E+09

CH3S                PRODUCTION RXS              INT RX RATE    TP =  2.46E+09
 247) C2H5SO  + HV      = H2CO    + CH3S         2.463E+09

CH3S                   LOSS RXS                INT RX RATE    TL =  2.46E+09
 248) CH3S    + O3      = CH3SO   + O2           2.459E+09
 249) CH3S    + NO2     = CH3SO   + NO           3.591E+06

CH3SO               PRODUCTION RXS              INT RX RATE    TP =  2.46E+09
 248) CH3S    + O3      = CH3SO   + O2           2.459E+09
 249) CH3S    + NO2     = CH3SO   + NO           3.591E+06

CH3SO                  LOSS RXS                INT RX RATE    TL =  2.46E+09
 250) CH3SO   + O3      = CH3SO2  + O2           2.451E+09
 251) CH3SO   + NO2     = CH3SO2  + NO           1.190E+07

CH3SO2              PRODUCTION RXS              INT RX RATE    TP =  3.30E+09
 250) CH3SO   + O3      = CH3SO2  + O2           2.451E+09
 251) CH3SO   + NO2     = CH3SO2  + NO           1.190E+07
 258) CH4SO2  + OH      = CH3SO2  + H2O          8.351E+08

CH3SO2                 LOSS RXS                INT RX RATE    TL =  3.30E+09
 252) CH3SO2  + O3      = CH3SO3  + O2           3.599E+07
 253) CH3SO2  + NO2     = CH3SO3  + NO           3.176E+04
 254) CH3SO2  + HV      = CH3     + SO2          3.262E+09

CH3SO3              PRODUCTION RXS              INT RX RATE    TP =  3.60E+07
 252) CH3SO2  + O3      = CH3SO3  + O2           3.599E+07
 253) CH3SO2  + NO2     = CH3SO3  + NO           3.176E+04

CH3SO3                 LOSS RXS                INT RX RATE    TL =  3.60E+07
 255) CH3SO3  + HV      = CH3     + SO3          3.602E+07

CH4SO2              PRODUCTION RXS              INT RX RATE    TP =  8.35E+08
 257) C2H6SO  + OH      = CH4SO2  + CH3          8.351E+08

CH4SO2                 LOSS RXS                INT RX RATE    TL =  8.35E+08
 258) CH4SO2  + OH      = CH3SO2  + H2O          8.351E+08

C2H6SO              PRODUCTION RXS              INT RX RATE    TP =  8.37E+08
 256) C2H7SO  + O2      = C2H6SO  + HO2          8.370E+08

C2H6SO                 LOSS RXS                INT RX RATE    TL =  8.37E+08
 257) C2H6SO  + OH      = CH4SO2  + CH3          8.351E+08

C2H7SO              PRODUCTION RXS              INT RX RATE    TP =  8.37E+08
 243) C2H6S   + OH      = C2H7SO  +              8.370E+08

C2H7SO                 LOSS RXS                INT RX RATE    TL =  8.37E+08
 256) C2H7SO  + O2      = C2H6SO  + HO2          8.370E+08

SO4AER              PRODUCTION RXS              INT RX RATE    TP =  2.37E+09

SO4AER                 LOSS RXS                INT RX RATE    TL =  2.33E+09

S8AER               PRODUCTION RXS              INT RX RATE    TP =  0.00E+00

S8AER                  LOSS RXS                INT RX RATE    TL =  1.69E-19

HNO2                PRODUCTION RXS              INT RX RATE    TP =  0.00E+00
  80) NO      + OH      = HNO2    +              4.053E+09
 212) HO2     + NO2     = HNO2    + O2           5.535E+06
 281) HNO3    + HV      = HNO2    + O            3.249E+08
 282) HNO3    + HV      = HNO2    + O1D          2.332E+08

HNO2                   LOSS RXS                INT RX RATE    TL =  0.00E+00
  90) HNO2    + OH      = H2O     + NO2          4.978E+07
 279) HNO2    + HV      = NO      + OH           4.567E+09

O1D                 PRODUCTION RXS              INT RX RATE    TP =  0.00E+00
 259) O2      + HV      = O       + O1D          2.973E+11
 262) H2O     + HV      = H2      + O1D          4.793E+08
 264) O3      + HV      = O2      + O1D          6.628E+14
 269) CO2     + HV      = CO      + O1D          5.302E+09
 282) HNO3    + HV      = HNO2    + O1D          2.332E+08
 284) NO2     + HV      = NO      + O1D          5.540E+08
 303) N2O     + HV      = N2      + O1D          4.613E+09

O1D                    LOSS RXS                INT RX RATE    TL =  0.00E+00
   1) H2O     + O1D     = OH      + OH           1.272E+11
   2) H2      + O1D     = OH      + H            1.357E+09
  20) O1D     + O3      = O2      + O2           7.234E+09
  21) O1D     + O3      = O       + O       O2   7.234E+09
  23) O1D     + N2      = O       + N2           6.412E+14
  24) O1D     + O2      = O       + O2           2.088E+13
  49) CH4     + O1D     = CH3     + OH           1.274E+09
  50) CH4     + O1D     = CH3O    + H            1.715E+08
  51) CH4     + O1D     = CH2OH   + H            1.715E+08
  52) CH4     + O1D     = H2CO    + H2           8.573E+07
  98) C2H6    + O1D     = C2H5    + OH           1.502E+05
 105) SO2     + O1D     = SO2     + O            2.810E+03
 106) SO2     + O1D     = SO      + O2           9.012E+03
 180) CO      + O1D     = CO      + O            5.007E+07
 182) CO2     + O1D     = CO2     + O            8.337E+11
 197) O1D     + N2O     = N2      + O2           5.847E+07
 198) O1D     + N2O     = NO      + NO           9.148E+07

CH21                PRODUCTION RXS              INT RX RATE    TP =  0.00E+00
 273) CH4     + HV      = CH21    + H2           4.382E+07
 276) CH3     + HV      = CH21    + H            7.356E+03
 278) C2H6    + HV      = CH4     + CH21         1.502E-02

CH21                   LOSS RXS                INT RX RATE    TL =  0.00E+00
  53) CH21    + CH4     = CH3     + CH3          1.407E-11
  54) CH21    + O2      = HCO     + OH           3.718E+06
  55) CH21    + N2      = CH23    + N2           4.010E+07
  92) CH21    + H2      = CH3     + H            2.248E+03
  93) CH21    + CO2     = H2CO    + CO           1.633E+03
 231) CH21    + S2      = HCS     + HS           9.242E-19

CH23                PRODUCTION RXS              INT RX RATE    TP =  0.00E+00
  55) CH21    + N2      = CH23    + N2           4.010E+07
 275) CH4     + HV      = CH23    + H       H    8.122E+06
 277) C2H6    + HV      = CH23    + CH23    H2   6.009E-02

CH23                   LOSS RXS                INT RX RATE    TL =  0.00E+00
  58) CH23    + O2      = HCO     + OH           4.798E+07
  94) CH23    + O       = HCO     + H            2.387E+05
  95) CH23    + CO2     = H2CO    + CO           7.815E+03
 232) CH23    + S2      = HCS     + HS           9.781E-18
 234) CH23    + S       = HCS     + H            1.303E-10

C2H5                PRODUCTION RXS              INT RX RATE    TP =  0.00E+00
  96) C2H6    + OH      = C2H5    + H2O          8.998E+08
  97) C2H6    + O       = C2H5    + OH           1.149E+04
  98) C2H6    + O1D     = C2H5    + OH           1.502E+05

C2H5                   LOSS RXS                INT RX RATE    TL =  0.00E+00
  99) C2H5    + H       = CH3     + CH3          3.324E-06
 100) C2H5    + O       = CH3     + HCO     H    1.151E-01
 101) C2H5    + OH      = CH3     + HCO     H2   2.366E-02
 102) C2H5    + HCO     = C2H6    + CO           8.162E-10
 103) C2H5    + HNO     = C2H6    + NO           1.865E-06
 104) C2H5    + O2      = CH3     + HCO     OH   9.000E+08

SO21                PRODUCTION RXS              INT RX RATE    TP =  0.00E+00
 289) SO2     + HV      = SO21    +              7.167E+10

SO21                   LOSS RXS                INT RX RATE    TL =  0.00E+00
 143) SO21    + M       = SO23    + M            6.514E+09
 144) SO21    + M       = SO2     + M            6.514E+10
 145) SO21    + HV      = SO23    + HV           7.797E+05
 146) SO21    + HV      = SO2     + HV           1.144E+07
 147) SO21    + O2      = SO3     + O            1.386E+04
 148) SO21    + SO2     = SO3     + SO           2.157E+00

SO23                PRODUCTION RXS              INT RX RATE    TP =  0.00E+00
 143) SO21    + M       = SO23    + M            6.514E+09
 145) SO21    + HV      = SO23    + HV           7.797E+05
 290) SO2     + HV      = SO23    +              6.395E+08

SO23                   LOSS RXS                INT RX RATE    TL =  0.00E+00
 149) SO23    + M       = SO2     + M            7.150E+09
 150) SO23    + HV      = SO2     + HV           4.123E+06
 151) SO23    + SO2     = SO3     + SO           2.774E-01

HSO3                PRODUCTION RXS              INT RX RATE    TP =  0.00E+00
 111) SO2     + OH      = HSO3    +              1.865E+09

HSO3                   LOSS RXS                INT RX RATE    TL =  0.00E+00
 116) HSO3    + O2      = HO2     + SO3          1.865E+09

OCS2                PRODUCTION RXS              INT RX RATE    TP =  0.00E+00
 184) OCS     + S       = OCS2    +              7.417E-03

OCS2                   LOSS RXS                INT RX RATE    TL =  0.00E+00
 185) OCS2    + S       = OCS     + S2           3.545E-17
 188) OCS2    + CO      = OCS     + OCS          7.417E-03

CS2X                PRODUCTION RXS              INT RX RATE    TP =  0.00E+00
 310) CS2     + HV      = CS2X    +              5.201E+09

CS2X                   LOSS RXS                INT RX RATE    TL =  0.00E+00
 223) CS2X    + M       = CS2     + M            5.196E+09
 224) CS2X    + O2      = CS      + SO2          4.422E+06
 225) CS2X    + CS2     = CS      + CS      S2   1.140E-03

CS2OH               PRODUCTION RXS              INT RX RATE    TP =  0.00E+00
 221) CS2     + OH      = CS2OH   +              1.091E+08

CS2OH                  LOSS RXS                INT RX RATE    TL =  0.00E+00
 222) CS2OH   + HV      = CS2     + OH           1.091E+08

N2                  PRODUCTION RXS              INT RX RATE    TP =  0.00E+00
  23) O1D     + N2      = O       + N2           6.412E+14
  55) CH21    + N2      = CH23    + N2           4.010E+07
  72) N       + N       = N2      +              4.565E-02
  76) N       + NO      = N2      + O            2.638E+07
 194) H       + N2O     = N2      + OH           3.607E-04
 197) O1D     + N2O     = N2      + O2           5.847E+07
 303) N2O     + HV      = N2      + O1D          4.613E+09

N2                     LOSS RXS                INT RX RATE    TL =  0.00E+00
  23) O1D     + N2      = O       + N2           6.412E+14
  55) CH21    + N2      = CH23    + N2           4.010E+07
