
O                   PRODUCTION RXS              INT RX RATE    TP =  1.64E+15
   8) H       + HO2     = H2O     + O            9.164E+07
  21) O1D     + O3      = O       + O       O2   3.112E+09
  22) OH      + OH      = H2O     + O            3.892E+08
  23) O1D     + N2      = O       + N2           6.266E+14
  24) O1D     + O2      = O       + O2           9.823E+11
  25) O2      + HV      = O       + O            3.214E-44
  26) O3      + HV      = O2      + O            2.598E-10
  73) N       + O2      = NO      + O            1.387E+06
  76) N       + NO      = N2      + O            4.354E+07
 105) SO2     + O1D     = SO2     + O            2.571E+03
 107) SO      + O2      = O       + SO2          3.094E+08
 130) S       + O2      = SO      + O            1.435E+08
 147) SO21    + O2      = SO3     + O            3.742E+02
 180) CO      + O1D     = CO      + O            1.083E+08
 182) CO2     + O1D     = CO2     + O            8.169E+11
 195) N       + NO2     = N2O     + O            5.445E+06
 213) CS      + O2      = OCS     + O            7.577E+04
 259) O2      + HV      = O       + O1D          2.704E+11
 260) O2      + HV      = O       + O            1.092E+12
 263) H2O     + HV      = H       + H       O    1.093E+09
 265) O3      + HV      = O2      + O            1.002E+15
 266) O3      + HV      = O       + O       O    5.894E+11
 268) CO2     + HV      = CO      + O            2.616E+10
 272) HO2     + HV      = OH      + O            3.457E+09
 281) HNO3    + HV      = HNO2    + O            1.607E+08
 283) NO      + HV      = N       + O            6.303E+07
 285) NO2     + HV      = NO      + O            7.953E+11
 286) SO      + HV      = S       + O            2.430E+05
 288) SO2     + HV      = SO      + O            4.561E+08
 298) SO3     + HV      = SO2     + O            1.783E+02
 299) HSO     + HV      = HS      + O            3.986E+04
 302) NO3     + HV      = NO2     + O            8.915E+09
 307) N2O5    + HV      = NO3     + NO      O    5.661E+06

O                      LOSS RXS                INT RX RATE    TL =  1.64E+15
   3) H2      + O       = OH      + H            4.726E+07
  10) OH      + O       = H       + O2           1.201E+12
  14) HO2     + O       = OH      + O2           1.108E+12
  17) O       + O       = O2      +              1.402E+11
  18) O       + O2      = O3      +              1.632E+15
  19) O       + O3      = O2      + O2           1.430E+11
  32) O       + HCO     = H       + CO2          1.160E+05
  33) O       + HCO     = OH      + CO           1.160E+05
  35) CO      + O       = CO2     +              3.243E+06
  46) H2CO    + O       = HCO     + OH           1.584E+07
  47) H2O2    + O       = OH      + HO2          1.128E+06
  60) CH3     + O       = H2CO    + H            1.845E+06
  78) NO      + O       = NO2     +              1.161E+10
  81) NO2     + O       = NO      + O2           2.123E+11
  88) O       + HNO     = OH      + NO           2.192E+05
  91) CH4     + O       = CH3     + OH           1.533E+06
  94) CH23    + O       = HCO     + H            2.220E+04
  97) C2H6    + O       = C2H5    + OH           4.993E+04
 100) C2H5    + O       = CH3     + HCO     H    4.681E+00
 109) SO      + O       = SO2     +              9.748E+05
 112) SO2     + O       = SO3     +              2.757E+06
 115) SO3     + O       = SO2     + O2           1.820E-01
 122) H2S     + O       = OH      + HS           6.216E+02
 123) HS      + O       = H       + SO           1.682E+05
 136) S2      + O       = S       + SO           3.861E+03
 169) HSO     + O       = OH      + SO           6.112E+05
 174) O       + OCS     = CO      + SO           1.507E+07
 175) O       + OCS     = S       + CO2          1.347E+02
 189) O       + NO3     = O2      + NO2          2.312E+08
 192) O       + NO2     = NO3     +              1.021E+10
 200) O       + N2O5    = NO2     + NO2     O2   8.114E+03
 208) O       + HO2NO2  = OH      + NO2     O2   4.665E+03
 211) O       + HNO3    = OH      + NO3          4.290E+05
 218) CS2     + O       = SO      + CS           5.131E+06
 219) CS2     + O       = OCS     + S            4.810E+05
 237) CS2     + O       = CO      + S2           9.801E+04
 241) CS      + O       = CO      + S            3.205E+01

O2                  PRODUCTION RXS              INT RX RATE    TP =  1.64E+15
   5) H       + O3      = OH      + O2           2.718E+11
   7) H       + HO2     = H2      + O2           3.952E+08
  10) OH      + O       = H       + O2           1.201E+12
  11) OH      + HO2     = H2O     + O2           9.308E+10
  12) OH      + O3      = HO2     + O2           2.420E+11
  14) HO2     + O       = OH      + O2           1.108E+12
  15) HO2     + O3      = OH      + O2      O2   9.379E+10
  16) HO2     + HO2     = H2O2    + O2           4.908E+10
  17) O       + O       = O2      +              1.402E+11
  19) O       + O3      = O2      + O2           1.430E+11
  20) O1D     + O3      = O2      + O2           3.112E+09
  21) O1D     + O3      = O       + O       O2   3.112E+09
  24) O1D     + O2      = O       + O2           9.823E+11
  26) O3      + HV      = O2      + O            2.598E-10
  27) O3      + O3      = O2      + O2      O2   5.473E+02
  68) CH3O2   + HO2     = CH3OOH  + O2           4.874E+10
  77) NO      + O3      = NO2     + O2           9.479E+11
  81) NO2     + O       = NO      + O2           2.123E+11
 106) SO2     + O1D     = SO      + O2           8.245E+03
 115) SO3     + O       = SO2     + O2           1.820E-01
 125) HS      + HO2     = H2S     + O2           4.278E+06
 133) S       + HO2     = HS      + O2           1.311E+00
 153) SO      + O3      = SO2     + O2           3.180E+08
 155) HS      + O3      = HSO     + O2           2.597E+09
 158) S       + O3      = SO      + O2           1.689E+05
 170) HSO     + O3      = HS      + O2      O2   2.575E+09
 189) O       + NO3     = O2      + NO2          2.312E+08
 190) HO2     + NO3     = OH      + NO2     O2   3.550E+06
 197) O1D     + N2O     = N2      + O2           6.134E+07
 200) O       + N2O5    = NO2     + NO2     O2   8.114E+03
 204) NO2     + NO3     = NO      + NO2     O2   6.163E+02
 205) NO2     + O3      = NO3     + O2           1.711E+08
 206) NO3     + NO3     = NO2     + NO2     O2   2.568E-02
 208) O       + HO2NO2  = OH      + NO2     O2   4.665E+03
 209) OH      + HO2NO2  = H2O     + NO2     O2   1.024E+09
 212) HO2     + NO2     = HNO2    + O2           1.248E+06
 215) CS      + O3      = OCS     + O2           6.417E+06
 248) CH3S    + O3      = CH3SO   + O2           1.208E+09
 250) CH3SO   + O3      = CH3SO2  + O2           1.207E+09
 252) CH3SO2  + O3      = CH3SO3  + O2           1.105E+07
 264) O3      + HV      = O2      + O1D          6.282E+14
 265) O3      + HV      = O2      + O            1.002E+15
 301) NO3     + HV      = NO      + O2           1.230E+09

O2                     LOSS RXS                INT RX RATE    TL =  1.64E+15
   6) H       + O2      = HO2     +              1.195E+12
  18) O       + O2      = O3      +              1.632E+15
  24) O1D     + O2      = O       + O2           9.823E+11
  25) O2      + HV      = O       + O            3.214E-44
  40) HCO     + O2      = HO2     + CO           1.625E+10
  41) CH2OH   + O2      = H2CO    + HO2          2.167E+07
  42) CH3O    + O2      = H2CO    + HO2          7.631E+09
  54) CH21    + O2      = HCO     + OH           2.078E+05
  58) CH23    + O2      = HCO     + OH           5.264E+07
  59) CH3     + O2      = H2CO    + OH           1.242E+03
  66) CH3     + O2      = CH3O2   +              2.130E+10
  73) N       + O2      = NO      + O            1.387E+06
 104) C2H5    + O2      = CH3     + HCO     OH   9.000E+08
 107) SO      + O2      = O       + SO2          3.094E+08
 116) HSO3    + O2      = HO2     + SO3          1.743E+09
 130) S       + O2      = SO      + O            1.435E+08
 147) SO21    + O2      = SO3     + O            3.742E+02
 213) CS      + O2      = OCS     + O            7.577E+04
 214) CS      + O2      = CO      + SO           9.472E+03
 224) CS2X    + O2      = CS      + SO2          2.751E+04
 245) C2H5S   + O2      = C2H5SO2 +              1.209E+09
 256) C2H7SO  + O2      = C2H6SO  + HO2          4.110E+08
 259) O2      + HV      = O       + O1D          2.704E+11
 260) O2      + HV      = O       + O            1.092E+12

H2O                 PRODUCTION RXS              INT RX RATE    TP =  2.60E+10
   4) H2      + OH      = H2O     + H            1.173E+11
   8) H       + HO2     = H2O     + O            9.164E+07
  11) OH      + HO2     = H2O     + O2           9.308E+10
  13) OH      + H2O2    = HO2     + H2O          3.223E+10
  22) OH      + OH      = H2O     + O            3.892E+08
  31) OH      + HCO     = H2O     + CO           4.652E+02
  43) H2CO    + OH      = H2O     + HCO          1.060E+10
  44) H       + OH      = H2O     +              3.215E+06
  48) CH4     + OH      = CH3     + H2O          1.816E+10
  69) CH3OOH  + OH      = CH3O2   + H2O          3.159E+10
  70) CH3OOH  + OH      = H2O     + H2CO    OH   1.354E+10
  84) HNO3    + OH      = H2O     + NO3          7.067E+08
  89) OH      + HNO     = H2O     + NO           1.157E+06
  90) HNO2    + OH      = H2O     + NO2          3.498E+07
  96) C2H6    + OH      = C2H5    + H2O          8.999E+08
 114) H2SO4   + H2O     = SO3     + H2O     H2O  8.489E+09
 120) H2S     + OH      = H2O     + HS           4.217E+06
 165) HSO     + OH      = H2O     + SO           1.696E+07
 209) OH      + HO2NO2  = H2O     + NO2     O2   1.024E+09
 242) C2H6S   + OH      = C2H5S   + H2O          1.209E+09
 258) CH4SO2  + OH      = CH3SO2  + H2O          4.106E+08
 291) H2SO4   + HV      = SO3     + H2O          3.219E+06

H2O                    LOSS RXS                INT RX RATE    TL =  2.39E+10
   1) H2O     + O1D     = OH      + OH           1.250E+11
 113) SO3     + H2O     = H2SO4   +              1.025E+10
 114) H2SO4   + H2O     = SO3     + H2O     H2O  8.489E+09
 203) N2O5    + H2O     = HNO3    + HNO3         1.857E+03
 261) H2O     + HV      = H       + OH           4.544E+10
 262) H2O     + HV      = H2      + O1D          7.289E+08
 263) H2O     + HV      = H       + H       O    1.093E+09

H                   PRODUCTION RXS              INT RX RATE    TP =  1.47E+12
   2) H2      + O1D     = OH      + H            1.219E+09
   3) H2      + O       = OH      + H            4.726E+07
   4) H2      + OH      = H2O     + H            1.173E+11
  10) OH      + O       = H       + O2           1.201E+12
  32) O       + HCO     = H       + CO2          1.160E+05
  34) CO      + OH      = CO2     + H            9.899E+10
  50) CH4     + O1D     = CH3O    + H            2.167E+07
  51) CH4     + O1D     = CH2OH   + H            2.167E+07
  60) CH3     + O       = H2CO    + H            1.845E+06
  75) N       + OH      = NO      + H            1.028E+07
  86) HNO     + HV      = NO      + H            9.053E+06
  92) CH21    + H2      = CH3     + H            7.901E+02
  94) CH23    + O       = HCO     + H            2.220E+04
 100) C2H5    + O       = CH3     + HCO     H    4.681E+00
 110) SO      + OH      = SO2     + H            3.963E+06
 123) HS      + O       = H       + SO           1.682E+05
 129) HS      + S       = H       + S2           3.720E-05
 131) S       + OH      = SO      + H            1.490E+00
 173) HS      + CO      = OCS     + H            6.672E-06
 226) CS      + HS      = CS2     + H            9.440E-03
 229) S       + HCS     = H       + CS2          3.909E-13
 230) HS      + CO      = OCS     + H            6.752E-06
 234) CH23    + S       = HCS     + H            1.161E-15
 261) H2O     + HV      = H       + OH           4.544E+10
 263) H2O     + HV      = H       + H       O    1.093E+09
 271) H2CO    + HV      = HCO     + H            4.685E+09
 274) CH4     + HV      = CH3     + H            4.866E+07
 275) CH4     + HV      = CH23    + H       H    8.227E+06
 276) CH3     + HV      = CH21    + H            1.892E+03
 287) H2S     + HV      = HS      + H            4.906E+04

H                      LOSS RXS                INT RX RATE    TL =  1.47E+12
   5) H       + O3      = OH      + O2           2.718E+11
   6) H       + O2      = HO2     +              1.195E+12
   7) H       + HO2     = H2      + O2           3.952E+08
   8) H       + HO2     = H2O     + O            9.164E+07
   9) H       + HO2     = OH      + OH           4.124E+09
  28) H       + CO      = HCO     +              1.056E+06
  29) H       + HCO     = H2      + CO           1.293E+03
  36) CO2     + H       = CO      + OH           3.020E+00
  38) H2CO    + H       = H2      + HCO          1.706E+03
  39) H       + H       = H2      +              6.066E+05
  44) H       + OH      = H2O     +              3.215E+06
  62) CH3     + H       = CH4     +              6.675E+02
  71) H       + NO      = HNO     +              1.849E+04
  83) NO2     + H       = NO      + OH           2.174E+06
  87) H       + HNO     = H2      + NO           7.372E-01
  99) C2H5    + H       = CH3     + CH3          7.612E-05
 121) H2S     + H       = H2      + HS           1.824E+00
 128) HS      + H       = H2      + S            7.334E-01
 163) H       + SO      = HSO     +              1.660E-01
 166) HSO     + H       = HS      + OH           3.336E+01
 167) HSO     + H       = H2      + SO           1.668E+01
 172) H       + OCS     = CO      + HS           4.282E+02
 194) H       + N2O     = N2      + OH           7.774E-03
 227) H       + CS      = HCS     +              2.138E-07
 228) H       + HCS     = H2      + CS           3.580E-09
 239) OCS     + H       = CO      + HS           4.268E+02

OH                  PRODUCTION RXS              INT RX RATE    TP =  1.87E+12
   1) H2O     + O1D     = OH      + OH           1.250E+11
   2) H2      + O1D     = OH      + H            1.219E+09
   3) H2      + O       = OH      + H            4.726E+07
   5) H       + O3      = OH      + O2           2.718E+11
   9) H       + HO2     = OH      + OH           4.124E+09
  14) HO2     + O       = OH      + O2           1.108E+12
  15) HO2     + O3      = OH      + O2      O2   9.379E+10
  33) O       + HCO     = OH      + CO           1.160E+05
  36) CO2     + H       = CO      + OH           3.020E+00
  46) H2CO    + O       = HCO     + OH           1.584E+07
  47) H2O2    + O       = OH      + HO2          1.128E+06
  49) CH4     + O1D     = CH3     + OH           1.610E+08
  54) CH21    + O2      = HCO     + OH           2.078E+05
  58) CH23    + O2      = HCO     + OH           5.264E+07
  59) CH3     + O2      = H2CO    + OH           1.242E+03
  70) CH3OOH  + OH      = H2O     + H2CO    OH   1.354E+10
  79) NO      + HO2     = NO2     + OH           4.359E+10
  83) NO2     + H       = NO      + OH           2.174E+06
  88) O       + HNO     = OH      + NO           2.192E+05
  91) CH4     + O       = CH3     + OH           1.533E+06
  97) C2H6    + O       = C2H5    + OH           4.993E+04
  98) C2H6    + O1D     = C2H5    + OH           7.288E+04
 104) C2H5    + O2      = CH3     + HCO     OH   9.000E+08
 108) SO      + HO2     = SO2     + OH           4.503E+06
 122) H2S     + O       = OH      + HS           6.216E+02
 134) S       + HO2     = SO      + OH           1.311E+00
 154) SO2     + HO2     = SO3     + OH           7.134E+04
 156) HS      + HO2     = HSO     + OH           4.278E+06
 166) HSO     + H       = HS      + OH           3.336E+01
 169) HSO     + O       = OH      + SO           6.112E+05
 190) HO2     + NO3     = OH      + NO2     O2   3.550E+06
 194) H       + N2O     = N2      + OH           7.774E-03
 199) N       + HO2     = NO      + OH           2.378E+06
 208) O       + HO2NO2  = OH      + NO2     O2   4.665E+03
 211) O       + HNO3    = OH      + NO3          4.290E+05
 222) CS2OH   + HV      = CS2     + OH           3.427E+07
 261) H2O     + HV      = H       + OH           4.544E+10
 267) H2O2    + HV      = OH      + OH           1.178E+10
 272) HO2     + HV      = OH      + O            3.457E+09
 279) HNO2    + HV      = NO      + OH           3.275E+09
 280) HNO3    + HV      = NO2     + OH           1.226E+09
 305) HO2NO2  + HV      = OH      + NO3          1.118E+08
 308) CH3OOH  + HV      = CH3O    + OH           3.459E+09

OH                     LOSS RXS                INT RX RATE    TL =  1.87E+12
   4) H2      + OH      = H2O     + H            1.173E+11
  10) OH      + O       = H       + O2           1.201E+12
  11) OH      + HO2     = H2O     + O2           9.308E+10
  12) OH      + O3      = HO2     + O2           2.420E+11
  13) OH      + H2O2    = HO2     + H2O          3.223E+10
  22) OH      + OH      = H2O     + O            3.892E+08
  31) OH      + HCO     = H2O     + CO           4.652E+02
  34) CO      + OH      = CO2     + H            9.899E+10
  43) H2CO    + OH      = H2O     + HCO          1.060E+10
  44) H       + OH      = H2O     +              3.215E+06
  45) OH      + OH      = H2O2    +              1.712E+08
  48) CH4     + OH      = CH3     + H2O          1.816E+10
  69) CH3OOH  + OH      = CH3O2   + H2O          3.159E+10
  70) CH3OOH  + OH      = H2O     + H2CO    OH   1.354E+10
  75) N       + OH      = NO      + H            1.028E+07
  80) NO      + OH      = HNO2    +              3.033E+09
  82) NO2     + OH      = HNO3    +              2.393E+09
  84) HNO3    + OH      = H2O     + NO3          7.067E+08
  89) OH      + HNO     = H2O     + NO           1.157E+06
  90) HNO2    + OH      = H2O     + NO2          3.498E+07
  96) C2H6    + OH      = C2H5    + H2O          8.999E+08
 101) C2H5    + OH      = CH3     + HCO     H2   1.094E+00
 110) SO      + OH      = SO2     + H            3.963E+06
 111) SO2     + OH      = HSO3    +              1.743E+09
 120) H2S     + OH      = H2O     + HS           4.217E+06
 131) S       + OH      = SO      + H            1.490E+00
 165) HSO     + OH      = H2O     + SO           1.696E+07
 177) OCS     + OH      = CO2     + HS           2.847E+07
 193) OH      + NO3     = HO2     + NO2          8.104E+06
 209) OH      + HO2NO2  = H2O     + NO2     O2   1.024E+09
 220) CS2     + OH      = OCS     + HS           8.566E+04
 221) CS2     + OH      = CS2OH   +              3.427E+07
 242) C2H6S   + OH      = C2H5S   + H2O          1.209E+09
 243) C2H6S   + OH      = C2H7SO  +              4.110E+08
 257) C2H6SO  + OH      = CH4SO2  + CH3          4.106E+08
 258) CH4SO2  + OH      = CH3SO2  + H2O          4.106E+08

HO2                 PRODUCTION RXS              INT RX RATE    TP =  1.50E+12
   6) H       + O2      = HO2     +              1.195E+12
  12) OH      + O3      = HO2     + O2           2.420E+11
  13) OH      + H2O2    = HO2     + H2O          3.223E+10
  40) HCO     + O2      = HO2     + CO           1.625E+10
  41) CH2OH   + O2      = H2CO    + HO2          2.167E+07
  42) CH3O    + O2      = H2CO    + HO2          7.631E+09
  47) H2O2    + O       = OH      + HO2          1.128E+06
 116) HSO3    + O2      = HO2     + SO3          1.743E+09
 193) OH      + NO3     = HO2     + NO2          8.104E+06
 210) HO2NO2  + M       = HO2     + NO2          1.445E+09
 256) C2H7SO  + O2      = C2H6SO  + HO2          4.110E+08
 304) HO2NO2  + HV      = HO2     + NO2          4.113E+08

HO2                    LOSS RXS                INT RX RATE    TL =  1.50E+12
   7) H       + HO2     = H2      + O2           3.952E+08
   8) H       + HO2     = H2O     + O            9.164E+07
   9) H       + HO2     = OH      + OH           4.124E+09
  11) OH      + HO2     = H2O     + O2           9.308E+10
  14) HO2     + O       = OH      + O2           1.108E+12
  15) HO2     + O3      = OH      + O2      O2   9.379E+10
  16) HO2     + HO2     = H2O2    + O2           4.908E+10
  68) CH3O2   + HO2     = CH3OOH  + O2           4.874E+10
  79) NO      + HO2     = NO2     + OH           4.359E+10
 108) SO      + HO2     = SO2     + OH           4.503E+06
 125) HS      + HO2     = H2S     + O2           4.278E+06
 133) S       + HO2     = HS      + O2           1.311E+00
 134) S       + HO2     = SO      + OH           1.311E+00
 154) SO2     + HO2     = SO3     + OH           7.134E+04
 156) HS      + HO2     = HSO     + OH           4.278E+06
 190) HO2     + NO3     = OH      + NO2     O2   3.550E+06
 199) N       + HO2     = NO      + OH           2.378E+06
 207) HO2     + NO2     = HO2NO2  +              2.998E+09
 212) HO2     + NO2     = HNO2    + O2           1.248E+06
 272) HO2     + HV      = OH      + O            3.457E+09

H2O2                PRODUCTION RXS              INT RX RATE    TP =  4.92E+10
  16) HO2     + HO2     = H2O2    + O2           4.908E+10
  45) OH      + OH      = H2O2    +              1.712E+08

H2O2                   LOSS RXS                INT RX RATE    TL =  4.81E+10
  13) OH      + H2O2    = HO2     + H2O          3.223E+10
  47) H2O2    + O       = OH      + HO2          1.128E+06
 267) H2O2    + HV      = OH      + OH           1.178E+10

H2                  PRODUCTION RXS              INT RX RATE    TP =  8.21E+09
   7) H       + HO2     = H2      + O2           3.952E+08
  29) H       + HCO     = H2      + CO           1.293E+03
  38) H2CO    + H       = H2      + HCO          1.706E+03
  39) H       + H       = H2      +              6.066E+05
  52) CH4     + O1D     = H2CO    + H2           1.084E+07
  87) H       + HNO     = H2      + NO           7.372E-01
 101) C2H5    + OH      = CH3     + HCO     H2   1.094E+00
 121) H2S     + H       = H2      + HS           1.824E+00
 128) HS      + H       = H2      + S            7.334E-01
 167) HSO     + H       = H2      + SO           1.668E+01
 228) H       + HCS     = H2      + CS           3.580E-09
 262) H2O     + HV      = H2      + O1D          7.289E+08
 270) H2CO    + HV      = H2      + CO           6.739E+09
 273) CH4     + HV      = CH21    + H2           4.489E+07
 277) C2H6    + HV      = CH23    + CH23    H2   2.488E+01

H2                     LOSS RXS                INT RX RATE    TL =  1.19E+11
   2) H2      + O1D     = OH      + H            1.219E+09
   3) H2      + O       = OH      + H            4.726E+07
   4) H2      + OH      = H2O     + H            1.173E+11
  92) CH21    + H2      = CH3     + H            7.901E+02

CO                  PRODUCTION RXS              INT RX RATE    TP =  1.01E+11
  29) H       + HCO     = H2      + CO           1.293E+03
  30) HCO     + HCO     = H2CO    + CO           9.081E-06
  31) OH      + HCO     = H2O     + CO           4.652E+02
  33) O       + HCO     = OH      + CO           1.160E+05
  36) CO2     + H       = CO      + OH           3.020E+00
  40) HCO     + O2      = HO2     + CO           1.625E+10
  63) CH3     + HCO     = CH4     + CO           3.942E-04
  85) HCO     + NO      = HNO     + CO           8.599E+01
  93) CH21    + CO2     = H2CO    + CO           1.839E+03
  95) CH23    + CO2     = H2CO    + CO           2.511E+05
 102) C2H5    + HCO     = C2H6    + CO           1.219E-07
 127) HS      + HCO     = H2S     + CO           1.193E-02
 132) S       + HCO     = HS      + CO           3.002E-09
 162) SO      + HCO     = HSO     + CO           1.120E-03
 172) H       + OCS     = CO      + HS           4.282E+02
 174) O       + OCS     = CO      + SO           1.507E+07
 176) OCS     + S       = CO      + S2           1.204E+00
 180) CO      + O1D     = CO      + O            1.083E+08
 214) CS      + O2      = CO      + SO           9.472E+03
 217) CS      + O3      = CO      + SO2          6.417E+06
 237) CS2     + O       = CO      + S2           9.801E+04
 239) OCS     + H       = CO      + HS           4.268E+02
 241) CS      + O       = CO      + S            3.205E+01
 268) CO2     + HV      = CO      + O            2.616E+10
 269) CO2     + HV      = CO      + O1D          5.146E+10
 270) H2CO    + HV      = H2      + CO           6.739E+09
 300) OCS     + HV      = CO      + S            1.286E+08

CO                     LOSS RXS                INT RX RATE    TL =  9.91E+10
  28) H       + CO      = HCO     +              1.056E+06
  34) CO      + OH      = CO2     + H            9.899E+10
  35) CO      + O       = CO2     +              3.243E+06
 173) HS      + CO      = OCS     + H            6.672E-06
 179) S       + CO      = OCS     +              4.478E-03
 180) CO      + O1D     = CO      + O            1.083E+08
 188) OCS2    + CO      = OCS     + OCS          1.254E+00
 230) HS      + CO      = OCS     + H            6.752E-06

HCO                 PRODUCTION RXS              INT RX RATE    TP =  1.63E+10
  28) H       + CO      = HCO     +              1.056E+06
  38) H2CO    + H       = H2      + HCO          1.706E+03
  43) H2CO    + OH      = H2O     + HCO          1.060E+10
  46) H2CO    + O       = HCO     + OH           1.584E+07
  54) CH21    + O2      = HCO     + OH           2.078E+05
  58) CH23    + O2      = HCO     + OH           5.264E+07
  65) CH3     + H2CO    = CH4     + HCO          2.892E-04
  94) CH23    + O       = HCO     + H            2.220E+04
 100) C2H5    + O       = CH3     + HCO     H    4.681E+00
 101) C2H5    + OH      = CH3     + HCO     H2   1.094E+00
 104) C2H5    + O2      = CH3     + HCO     OH   9.000E+08
 271) H2CO    + HV      = HCO     + H            4.685E+09

HCO                    LOSS RXS                INT RX RATE    TL =  1.63E+10
  29) H       + HCO     = H2      + CO           1.293E+03
  30) HCO     + HCO     = H2CO    + CO           9.081E-06
  31) OH      + HCO     = H2O     + CO           4.652E+02
  32) O       + HCO     = H       + CO2          1.160E+05
  33) O       + HCO     = OH      + CO           1.160E+05
  40) HCO     + O2      = HO2     + CO           1.625E+10
  63) CH3     + HCO     = CH4     + CO           3.942E-04
  85) HCO     + NO      = HNO     + CO           8.599E+01
 102) C2H5    + HCO     = C2H6    + CO           1.219E-07
 127) HS      + HCO     = H2S     + CO           1.193E-02
 132) S       + HCO     = HS      + CO           3.002E-09
 162) SO      + HCO     = HSO     + CO           1.120E-03

H2CO                PRODUCTION RXS              INT RX RATE    TP =  2.24E+10
  30) HCO     + HCO     = H2CO    + CO           9.081E-06
  41) CH2OH   + O2      = H2CO    + HO2          2.167E+07
  42) CH3O    + O2      = H2CO    + HO2          7.631E+09
  52) CH4     + O1D     = H2CO    + H2           1.084E+07
  59) CH3     + O2      = H2CO    + OH           1.242E+03
  60) CH3     + O       = H2CO    + H            1.845E+06
  70) CH3OOH  + OH      = H2O     + H2CO    OH   1.354E+10
  93) CH21    + CO2     = H2CO    + CO           1.839E+03
  95) CH23    + CO2     = H2CO    + CO           2.511E+05
 247) C2H5SO  + HV      = H2CO    + CH3S         1.209E+09

H2CO                   LOSS RXS                INT RX RATE    TL =  2.23E+10
  38) H2CO    + H       = H2      + HCO          1.706E+03
  43) H2CO    + OH      = H2O     + HCO          1.060E+10
  46) H2CO    + O       = HCO     + OH           1.584E+07
  65) CH3     + H2CO    = CH4     + HCO          2.892E-04
 270) H2CO    + HV      = H2      + CO           6.739E+09
 271) H2CO    + HV      = HCO     + H            4.685E+09

CH3O                PRODUCTION RXS              INT RX RATE    TP =  7.63E+09
  50) CH4     + O1D     = CH3O    + H            2.167E+07
  67) CH3O2   + NO      = CH3O    + NO2          4.151E+09
 308) CH3OOH  + HV      = CH3O    + OH           3.459E+09

CH3O                   LOSS RXS                INT RX RATE    TL =  7.63E+09
  42) CH3O    + O2      = H2CO    + HO2          7.631E+09

CH2OH               PRODUCTION RXS              INT RX RATE    TP =  2.17E+07
  51) CH4     + O1D     = CH2OH   + H            2.167E+07

CH2OH                  LOSS RXS                INT RX RATE    TL =  2.17E+07
  41) CH2OH   + O2      = H2CO    + HO2          2.167E+07

CH3O2               PRODUCTION RXS              INT RX RATE    TP =  5.29E+10
  66) CH3     + O2      = CH3O2   +              2.130E+10
  69) CH3OOH  + OH      = CH3O2   + H2O          3.159E+10

CH3O2                  LOSS RXS                INT RX RATE    TL =  5.29E+10
  67) CH3O2   + NO      = CH3O    + NO2          4.151E+09
  68) CH3O2   + HO2     = CH3OOH  + O2           4.874E+10

CH3OOH              PRODUCTION RXS              INT RX RATE    TP =  4.87E+10
  68) CH3O2   + HO2     = CH3OOH  + O2           4.874E+10

CH3OOH                 LOSS RXS                INT RX RATE    TL =  4.87E+10
  69) CH3OOH  + OH      = CH3O2   + H2O          3.159E+10
  70) CH3OOH  + OH      = H2O     + H2CO    OH   1.354E+10
 308) CH3OOH  + HV      = CH3O    + OH           3.459E+09

CH4                 PRODUCTION RXS              INT RX RATE    TP =  6.74E+02
  62) CH3     + H       = CH4     +              6.675E+02
  63) CH3     + HCO     = CH4     + CO           3.942E-04
  64) CH3     + HNO     = CH4     + NO           6.636E-04
  65) CH3     + H2CO    = CH4     + HCO          2.892E-04
 233) CH3     + HCS     = CH4     + CS           1.670E-10
 278) C2H6    + HV      = CH4     + CH21         6.219E+00

CH4                    LOSS RXS                INT RX RATE    TL =  1.85E+10
  48) CH4     + OH      = CH3     + H2O          1.816E+10
  49) CH4     + O1D     = CH3     + OH           1.610E+08
  50) CH4     + O1D     = CH3O    + H            2.167E+07
  51) CH4     + O1D     = CH2OH   + H            2.167E+07
  52) CH4     + O1D     = H2CO    + H2           1.084E+07
  53) CH21    + CH4     = CH3     + CH3          1.529E-13
  91) CH4     + O       = CH3     + OH           1.533E+06
 273) CH4     + HV      = CH21    + H2           4.489E+07
 274) CH4     + HV      = CH3     + H            4.866E+07
 275) CH4     + HV      = CH23    + H       H    8.227E+06

CH3                 PRODUCTION RXS              INT RX RATE    TP =  2.13E+10
  48) CH4     + OH      = CH3     + H2O          1.816E+10
  49) CH4     + O1D     = CH3     + OH           1.610E+08
  53) CH21    + CH4     = CH3     + CH3          1.529E-13
  91) CH4     + O       = CH3     + OH           1.533E+06
  92) CH21    + H2      = CH3     + H            7.901E+02
  99) C2H5    + H       = CH3     + CH3          7.612E-05
 100) C2H5    + O       = CH3     + HCO     H    4.681E+00
 101) C2H5    + OH      = CH3     + HCO     H2   1.094E+00
 104) C2H5    + O2      = CH3     + HCO     OH   9.000E+08
 254) CH3SO2  + HV      = CH3     + SO2          1.609E+09
 255) CH3SO3  + HV      = CH3     + SO3          1.105E+07
 257) C2H6SO  + OH      = CH4SO2  + CH3          4.106E+08
 274) CH4     + HV      = CH3     + H            4.866E+07

CH3                    LOSS RXS                INT RX RATE    TL =  2.13E+10
  59) CH3     + O2      = H2CO    + OH           1.242E+03
  60) CH3     + O       = H2CO    + H            1.845E+06
  61) CH3     + CH3     = C2H6    +              1.549E-02
  62) CH3     + H       = CH4     +              6.675E+02
  63) CH3     + HCO     = CH4     + CO           3.942E-04
  64) CH3     + HNO     = CH4     + NO           6.636E-04
  65) CH3     + H2CO    = CH4     + HCO          2.892E-04
  66) CH3     + O2      = CH3O2   +              2.130E+10
 233) CH3     + HCS     = CH4     + CS           1.670E-10
 276) CH3     + HV      = CH21    + H            1.892E+03

C2H6                PRODUCTION RXS              INT RX RATE    TP =  1.55E-02
  61) CH3     + CH3     = C2H6    +              1.549E-02
 102) C2H5    + HCO     = C2H6    + CO           1.219E-07
 103) C2H5    + HNO     = C2H6    + NO           1.398E-06

C2H6                   LOSS RXS                INT RX RATE    TL =  9.00E+08
  96) C2H6    + OH      = C2H5    + H2O          8.999E+08
  97) C2H6    + O       = C2H5    + OH           4.993E+04
  98) C2H6    + O1D     = C2H5    + OH           7.288E+04
 277) C2H6    + HV      = CH23    + CH23    H2   2.488E+01
 278) C2H6    + HV      = CH4     + CH21         6.219E+00

NO                  PRODUCTION RXS              INT RX RATE    TP =  1.01E+12
  64) CH3     + HNO     = CH4     + NO           6.636E-04
  73) N       + O2      = NO      + O            1.387E+06
  75) N       + OH      = NO      + H            1.028E+07
  81) NO2     + O       = NO      + O2           2.123E+11
  83) NO2     + H       = NO      + OH           2.174E+06
  86) HNO     + HV      = NO      + H            9.053E+06
  87) H       + HNO     = H2      + NO           7.372E-01
  88) O       + HNO     = OH      + NO           2.192E+05
  89) OH      + HNO     = H2O     + NO           1.157E+06
 103) C2H5    + HNO     = C2H6    + NO           1.398E-06
 152) SO      + NO2     = SO2     + NO           1.749E+07
 157) HS      + NO2     = HSO     + NO           2.122E+06
 198) O1D     + N2O     = NO      + NO           9.598E+07
 199) N       + HO2     = NO      + OH           2.378E+06
 204) NO2     + NO3     = NO      + NO2     O2   6.163E+02
 249) CH3S    + NO2     = CH3SO   + NO           5.512E+05
 251) CH3SO   + NO2     = CH3SO2  + NO           1.832E+06
 253) CH3SO2  + NO2     = CH3SO3  + NO           3.061E+03
 279) HNO2    + HV      = NO      + OH           3.275E+09
 284) NO2     + HV      = NO      + O1D          7.997E+07
 285) NO2     + HV      = NO      + O            7.953E+11
 301) NO3     + HV      = NO      + O2           1.230E+09
 307) N2O5    + HV      = NO3     + NO      O    5.661E+06

NO                     LOSS RXS                INT RX RATE    TL =  1.01E+12
  67) CH3O2   + NO      = CH3O    + NO2          4.151E+09
  71) H       + NO      = HNO     +              1.849E+04
  76) N       + NO      = N2      + O            4.354E+07
  77) NO      + O3      = NO2     + O2           9.479E+11
  78) NO      + O       = NO2     +              1.161E+10
  79) NO      + HO2     = NO2     + OH           4.359E+10
  80) NO      + OH      = HNO2    +              3.033E+09
  85) HCO     + NO      = HNO     + CO           8.599E+01
 164) HSO     + NO      = HNO     + SO           1.042E+07
 191) NO      + NO3     = NO2     + NO2          8.163E+08
 246) C2H5SO2 + NO      = C2H5SO  + NO2          1.209E+09
 283) NO      + HV      = N       + O            6.303E+07

NO2                 PRODUCTION RXS              INT RX RATE    TP =  1.02E+12
  67) CH3O2   + NO      = CH3O    + NO2          4.151E+09
  77) NO      + O3      = NO2     + O2           9.479E+11
  78) NO      + O       = NO2     +              1.161E+10
  79) NO      + HO2     = NO2     + OH           4.359E+10
  90) HNO2    + OH      = H2O     + NO2          3.498E+07
 189) O       + NO3     = O2      + NO2          2.312E+08
 190) HO2     + NO3     = OH      + NO2     O2   3.550E+06
 191) NO      + NO3     = NO2     + NO2          8.163E+08
 193) OH      + NO3     = HO2     + NO2          8.104E+06
 200) O       + N2O5    = NO2     + NO2     O2   8.114E+03
 202) N2O5    + M       = NO3     + NO2          4.022E+04
 204) NO2     + NO3     = NO      + NO2     O2   6.163E+02
 206) NO3     + NO3     = NO2     + NO2     O2   2.568E-02
 208) O       + HO2NO2  = OH      + NO2     O2   4.665E+03
 209) OH      + HO2NO2  = H2O     + NO2     O2   1.024E+09
 210) HO2NO2  + M       = HO2     + NO2          1.445E+09
 246) C2H5SO2 + NO      = C2H5SO  + NO2          1.209E+09
 280) HNO3    + HV      = NO2     + OH           1.226E+09
 302) NO3     + HV      = NO2     + O            8.915E+09
 304) HO2NO2  + HV      = HO2     + NO2          4.113E+08
 306) N2O5    + HV      = NO3     + NO2          4.100E+06

NO2                    LOSS RXS                INT RX RATE    TL =  1.02E+12
  81) NO2     + O       = NO      + O2           2.123E+11
  82) NO2     + OH      = HNO3    +              2.393E+09
  83) NO2     + H       = NO      + OH           2.174E+06
 152) SO      + NO2     = SO2     + NO           1.749E+07
 157) HS      + NO2     = HSO     + NO           2.122E+06
 192) O       + NO2     = NO3     +              1.021E+10
 195) N       + NO2     = N2O     + O            5.445E+06
 201) NO2     + NO3     = N2O5    +              9.812E+06
 204) NO2     + NO3     = NO      + NO2     O2   6.163E+02
 205) NO2     + O3      = NO3     + O2           1.711E+08
 207) HO2     + NO2     = HO2NO2  +              2.998E+09
 212) HO2     + NO2     = HNO2    + O2           1.248E+06
 249) CH3S    + NO2     = CH3SO   + NO           5.512E+05
 251) CH3SO   + NO2     = CH3SO2  + NO           1.832E+06
 253) CH3SO2  + NO2     = CH3SO3  + NO           3.061E+03
 284) NO2     + HV      = NO      + O1D          7.997E+07
 285) NO2     + HV      = NO      + O            7.953E+11

HNO                 PRODUCTION RXS              INT RX RATE    TP =  1.04E+07
  71) H       + NO      = HNO     +              1.849E+04
  85) HCO     + NO      = HNO     + CO           8.599E+01
 164) HSO     + NO      = HNO     + SO           1.042E+07

HNO                    LOSS RXS                INT RX RATE    TL =  1.04E+07
  64) CH3     + HNO     = CH4     + NO           6.636E-04
  86) HNO     + HV      = NO      + H            9.053E+06
  87) H       + HNO     = H2      + NO           7.372E-01
  88) O       + HNO     = OH      + NO           2.192E+05
  89) OH      + HNO     = H2O     + NO           1.157E+06
 103) C2H5    + HNO     = C2H6    + NO           1.398E-06

H2S                 PRODUCTION RXS              INT RX RATE    TP =  4.28E+06
 125) HS      + HO2     = H2S     + O2           4.278E+06
 126) HS      + HS      = H2S     + S            2.421E+02
 127) HS      + HCO     = H2S     + CO           1.193E-02
 168) HSO     + HS      = H2S     + SO           5.625E+02
 235) HS      + HCS     = H2S     + CS           2.101E-07

H2S                    LOSS RXS                INT RX RATE    TL =  4.27E+06
 120) H2S     + OH      = H2O     + HS           4.217E+06
 121) H2S     + H       = H2      + HS           1.824E+00
 122) H2S     + O       = OH      + HS           6.216E+02
 287) H2S     + HV      = HS      + H            4.906E+04

HS                  PRODUCTION RXS              INT RX RATE    TP =  2.61E+09
 120) H2S     + OH      = H2O     + HS           4.217E+06
 121) H2S     + H       = H2      + HS           1.824E+00
 122) H2S     + O       = OH      + HS           6.216E+02
 132) S       + HCO     = HS      + CO           3.002E-09
 133) S       + HO2     = HS      + O2           1.311E+00
 166) HSO     + H       = HS      + OH           3.336E+01
 170) HSO     + O3      = HS      + O2      O2   2.575E+09
 171) HSO     + S       = HS      + SO           1.654E-03
 172) H       + OCS     = CO      + HS           4.282E+02
 177) OCS     + OH      = CO2     + HS           2.847E+07
 220) CS2     + OH      = OCS     + HS           8.566E+04
 231) CH21    + S2      = HCS     + HS           7.554E-17
 232) CH23    + S2      = HCS     + HS           9.612E-15
 236) S       + HCS     = HS      + CS           1.954E-13
 239) OCS     + H       = CO      + HS           4.268E+02
 287) H2S     + HV      = HS      + H            4.906E+04
 299) HSO     + HV      = HS      + O            3.986E+04

HS                     LOSS RXS                INT RX RATE    TL =  2.61E+09
 123) HS      + O       = H       + SO           1.682E+05
 125) HS      + HO2     = H2S     + O2           4.278E+06
 126) HS      + HS      = H2S     + S            2.421E+02
 127) HS      + HCO     = H2S     + CO           1.193E-02
 128) HS      + H       = H2      + S            7.334E-01
 129) HS      + S       = H       + S2           3.720E-05
 155) HS      + O3      = HSO     + O2           2.597E+09
 156) HS      + HO2     = HSO     + OH           4.278E+06
 157) HS      + NO2     = HSO     + NO           2.122E+06
 168) HSO     + HS      = H2S     + SO           5.625E+02
 173) HS      + CO      = OCS     + H            6.672E-06
 226) CS      + HS      = CS2     + H            9.440E-03
 230) HS      + CO      = OCS     + H            6.752E-06
 235) HS      + HCS     = H2S     + CS           2.101E-07

S                   PRODUCTION RXS              INT RX RATE    TP =  1.44E+08
 126) HS      + HS      = H2S     + S            2.421E+02
 128) HS      + H       = H2      + S            7.334E-01
 136) S2      + O       = S       + SO           3.861E+03
 159) SO      + SO      = SO2     + S            3.231E-01
 175) O       + OCS     = S       + CO2          1.347E+02
 219) CS2     + O       = OCS     + S            4.810E+05
 241) CS      + O       = CO      + S            3.205E+01
 286) SO      + HV      = S       + O            2.430E+05
 292) S2      + HV      = S       + S            9.415E+04
 294) S3      + HV      = S2      + S            1.744E-06
 300) OCS     + HV      = CO      + S            1.286E+08
 309) CS2     + HV      = CS      + S            1.418E+07

S                      LOSS RXS                INT RX RATE    TL =  1.44E+08
 129) HS      + S       = H       + S2           3.720E-05
 130) S       + O2      = SO      + O            1.435E+08
 131) S       + OH      = SO      + H            1.490E+00
 132) S       + HCO     = HS      + CO           3.002E-09
 133) S       + HO2     = HS      + O2           1.311E+00
 134) S       + HO2     = SO      + OH           1.311E+00
 135) S       + S       = S2      +              1.580E-13
 139) S       + S2      = S3      +              1.744E-06
 141) S       + S3      = S4      +              3.134E-21
 158) S       + O3      = SO      + O2           1.689E+05
 171) HSO     + S       = HS      + SO           1.654E-03
 176) OCS     + S       = CO      + S2           1.204E+00
 179) S       + CO      = OCS     +              4.478E-03
 184) OCS     + S       = OCS2    +              1.254E+00
 185) OCS2    + S       = OCS     + S2           1.092E-12
 229) S       + HCS     = H       + CS2          3.909E-13
 234) CH23    + S       = HCS     + H            1.161E-15
 236) S       + HCS     = HS      + CS           1.954E-13
 240) CS2     + S       = CS      + S2           1.749E-05

SO                  PRODUCTION RXS              INT RX RATE    TP =  6.55E+08
 106) SO2     + O1D     = SO      + O2           8.245E+03
 123) HS      + O       = H       + SO           1.682E+05
 130) S       + O2      = SO      + O            1.435E+08
 131) S       + OH      = SO      + H            1.490E+00
 134) S       + HO2     = SO      + OH           1.311E+00
 136) S2      + O       = S       + SO           3.861E+03
 148) SO21    + SO2     = SO3     + SO           4.888E-01
 151) SO23    + SO2     = SO3     + SO           6.116E-02
 158) S       + O3      = SO      + O2           1.689E+05
 164) HSO     + NO      = HNO     + SO           1.042E+07
 165) HSO     + OH      = H2O     + SO           1.696E+07
 167) HSO     + H       = H2      + SO           1.668E+01
 168) HSO     + HS      = H2S     + SO           5.625E+02
 169) HSO     + O       = OH      + SO           6.112E+05
 171) HSO     + S       = HS      + SO           1.654E-03
 174) O       + OCS     = CO      + SO           1.507E+07
 214) CS      + O2      = CO      + SO           9.472E+03
 216) CS      + O3      = SO      + CO2          6.417E+06
 218) CS2     + O       = SO      + CS           5.131E+06
 288) SO2     + HV      = SO      + O            4.561E+08

SO                     LOSS RXS                INT RX RATE    TL =  6.55E+08
 107) SO      + O2      = O       + SO2          3.094E+08
 108) SO      + HO2     = SO2     + OH           4.503E+06
 109) SO      + O       = SO2     +              9.748E+05
 110) SO      + OH      = SO2     + H            3.963E+06
 152) SO      + NO2     = SO2     + NO           1.749E+07
 153) SO      + O3      = SO2     + O2           3.180E+08
 159) SO      + SO      = SO2     + S            3.231E-01
 160) SO3     + SO      = SO2     + SO2          2.374E-03
 162) SO      + HCO     = HSO     + CO           1.120E-03
 163) H       + SO      = HSO     +              1.660E-01
 238) CS2     + SO      = OCS     + S2           1.198E-01
 286) SO      + HV      = S       + O            2.430E+05

SO2                 PRODUCTION RXS              INT RX RATE    TP =  4.12E+10
 105) SO2     + O1D     = SO2     + O            2.571E+03
 107) SO      + O2      = O       + SO2          3.094E+08
 108) SO      + HO2     = SO2     + OH           4.503E+06
 109) SO      + O       = SO2     +              9.748E+05
 110) SO      + OH      = SO2     + H            3.963E+06
 115) SO3     + O       = SO2     + O2           1.820E-01
 144) SO21    + M       = SO2     + M            3.518E+10
 146) SO21    + HV      = SO2     + HV           7.408E+06
 149) SO23    + M       = SO2     + M            3.756E+09
 150) SO23    + HV      = SO2     + HV           2.606E+06
 152) SO      + NO2     = SO2     + NO           1.749E+07
 153) SO      + O3      = SO2     + O2           3.180E+08
 159) SO      + SO      = SO2     + S            3.231E-01
 160) SO3     + SO      = SO2     + SO2          2.374E-03
 217) CS      + O3      = CO      + SO2          6.417E+06
 224) CS2X    + O2      = CS      + SO2          2.751E+04
 254) CH3SO2  + HV      = CH3     + SO2          1.609E+09
 298) SO3     + HV      = SO2     + O            1.783E+02

SO2                    LOSS RXS                INT RX RATE    TL =  4.15E+10
 105) SO2     + O1D     = SO2     + O            2.571E+03
 106) SO2     + O1D     = SO      + O2           8.245E+03
 111) SO2     + OH      = HSO3    +              1.743E+09
 112) SO2     + O       = SO3     +              2.757E+06
 148) SO21    + SO2     = SO3     + SO           4.888E-01
 151) SO23    + SO2     = SO3     + SO           6.116E-02
 154) SO2     + HO2     = SO3     + OH           7.134E+04
 288) SO2     + HV      = SO      + O            4.561E+08
 289) SO2     + HV      = SO21    +              3.871E+10
 290) SO2     + HV      = SO23    +              2.394E+08

H2SO4               PRODUCTION RXS              INT RX RATE    TP =  1.02E+10
 113) SO3     + H2O     = H2SO4   +              1.025E+10

H2SO4                  LOSS RXS                INT RX RATE    TL =  1.01E+10
 114) H2SO4   + H2O     = SO3     + H2O     H2O  8.489E+09
 291) H2SO4   + HV      = SO3     + H2O          3.219E+06

HSO                 PRODUCTION RXS              INT RX RATE    TP =  2.60E+09
 155) HS      + O3      = HSO     + O2           2.597E+09
 156) HS      + HO2     = HSO     + OH           4.278E+06
 157) HS      + NO2     = HSO     + NO           2.122E+06
 162) SO      + HCO     = HSO     + CO           1.120E-03
 163) H       + SO      = HSO     +              1.660E-01

HSO                    LOSS RXS                INT RX RATE    TL =  2.60E+09
 164) HSO     + NO      = HNO     + SO           1.042E+07
 165) HSO     + OH      = H2O     + SO           1.696E+07
 166) HSO     + H       = HS      + OH           3.336E+01
 167) HSO     + H       = H2      + SO           1.668E+01
 168) HSO     + HS      = H2S     + SO           5.625E+02
 169) HSO     + O       = OH      + SO           6.112E+05
 170) HSO     + O3      = HS      + O2      O2   2.575E+09
 171) HSO     + S       = HS      + SO           1.654E-03
 299) HSO     + HV      = HS      + O            3.986E+04

S2                  PRODUCTION RXS              INT RX RATE    TP =  9.81E+04
 129) HS      + S       = H       + S2           3.720E-05
 135) S       + S       = S2      +              1.580E-13
 176) OCS     + S       = CO      + S2           1.204E+00
 185) OCS2    + S       = OCS     + S2           1.092E-12
 225) CS2X    + CS2     = CS      + CS      S2   3.492E-05
 237) CS2     + O       = CO      + S2           9.801E+04
 238) CS2     + SO      = OCS     + S2           1.198E-01
 240) CS2     + S       = CS      + S2           1.749E-05
 293) S4      + HV      = S2      + S2           3.091E+01
 294) S3      + HV      = S2      + S            1.744E-06

S2                     LOSS RXS                INT RX RATE    TL =  9.81E+04
 136) S2      + O       = S       + SO           3.861E+03
 139) S       + S2      = S3      +              1.744E-06
 140) S2      + S2      = S4      +              3.091E+01
 231) CH21    + S2      = HCS     + HS           7.554E-17
 232) CH23    + S2      = HCS     + HS           9.612E-15
 292) S2      + HV      = S       + S            9.415E+04

S4                  PRODUCTION RXS              INT RX RATE    TP =  3.09E+01
 140) S2      + S2      = S4      +              3.091E+01
 141) S       + S3      = S4      +              3.134E-21
 297) S8      + HV      = S4      + S4           1.303E-12

S4                     LOSS RXS                INT RX RATE    TL =  3.09E+01
 142) S4      + S4      = S8      +              1.303E-12
 293) S4      + HV      = S2      + S2           3.091E+01

S8                  PRODUCTION RXS              INT RX RATE    TP =  1.30E-12
 142) S4      + S4      = S8      +              1.303E-12

S8                     LOSS RXS                INT RX RATE    TL =  1.30E-12
 297) S8      + HV      = S4      + S4           1.303E-12

SO3                 PRODUCTION RXS              INT RX RATE    TP =  1.02E+10
 112) SO2     + O       = SO3     +              2.757E+06
 114) H2SO4   + H2O     = SO3     + H2O     H2O  8.489E+09
 116) HSO3    + O2      = HO2     + SO3          1.743E+09
 147) SO21    + O2      = SO3     + O            3.742E+02
 148) SO21    + SO2     = SO3     + SO           4.888E-01
 151) SO23    + SO2     = SO3     + SO           6.116E-02
 154) SO2     + HO2     = SO3     + OH           7.134E+04
 255) CH3SO3  + HV      = CH3     + SO3          1.105E+07
 291) H2SO4   + HV      = SO3     + H2O          3.219E+06

SO3                    LOSS RXS                INT RX RATE    TL =  1.02E+10
 113) SO3     + H2O     = H2SO4   +              1.025E+10
 115) SO3     + O       = SO2     + O2           1.820E-01
 160) SO3     + SO      = SO2     + SO2          2.374E-03
 298) SO3     + HV      = SO2     + O            1.783E+02

OCS                 PRODUCTION RXS              INT RX RATE    TP =  7.06E+06
 173) HS      + CO      = OCS     + H            6.672E-06
 179) S       + CO      = OCS     +              4.478E-03
 185) OCS2    + S       = OCS     + S2           1.092E-12
 188) OCS2    + CO      = OCS     + OCS          1.254E+00
 213) CS      + O2      = OCS     + O            7.577E+04
 215) CS      + O3      = OCS     + O2           6.417E+06
 219) CS2     + O       = OCS     + S            4.810E+05
 220) CS2     + OH      = OCS     + HS           8.566E+04
 230) HS      + CO      = OCS     + H            6.752E-06
 238) CS2     + SO      = OCS     + S2           1.198E-01

OCS                    LOSS RXS                INT RX RATE    TL =  1.72E+08
 172) H       + OCS     = CO      + HS           4.282E+02
 174) O       + OCS     = CO      + SO           1.507E+07
 175) O       + OCS     = S       + CO2          1.347E+02
 176) OCS     + S       = CO      + S2           1.204E+00
 177) OCS     + OH      = CO2     + HS           2.847E+07
 184) OCS     + S       = OCS2    +              1.254E+00
 239) OCS     + H       = CO      + HS           4.268E+02
 300) OCS     + HV      = CO      + S            1.286E+08

S3                  PRODUCTION RXS              INT RX RATE    TP =  1.74E-06
 139) S       + S2      = S3      +              1.744E-06

S3                     LOSS RXS                INT RX RATE    TL =  1.74E-06
 141) S       + S3      = S4      +              3.134E-21
 294) S3      + HV      = S2      + S            1.744E-06

O3                  PRODUCTION RXS              INT RX RATE    TP =  1.63E+15
  18) O       + O2      = O3      +              1.632E+15

O3                     LOSS RXS                INT RX RATE    TL =  1.63E+15
   5) H       + O3      = OH      + O2           2.718E+11
  12) OH      + O3      = HO2     + O2           2.420E+11
  15) HO2     + O3      = OH      + O2      O2   9.379E+10
  19) O       + O3      = O2      + O2           1.430E+11
  20) O1D     + O3      = O2      + O2           3.112E+09
  21) O1D     + O3      = O       + O       O2   3.112E+09
  26) O3      + HV      = O2      + O            2.598E-10
  27) O3      + O3      = O2      + O2      O2   5.473E+02
  77) NO      + O3      = NO2     + O2           9.479E+11
 153) SO      + O3      = SO2     + O2           3.180E+08
 155) HS      + O3      = HSO     + O2           2.597E+09
 158) S       + O3      = SO      + O2           1.689E+05
 170) HSO     + O3      = HS      + O2      O2   2.575E+09
 205) NO2     + O3      = NO3     + O2           1.711E+08
 215) CS      + O3      = OCS     + O2           6.417E+06
 216) CS      + O3      = SO      + CO2          6.417E+06
 217) CS      + O3      = CO      + SO2          6.417E+06
 248) CH3S    + O3      = CH3SO   + O2           1.208E+09
 250) CH3SO   + O3      = CH3SO2  + O2           1.207E+09
 252) CH3SO2  + O3      = CH3SO3  + O2           1.105E+07
 264) O3      + HV      = O2      + O1D          6.282E+14
 265) O3      + HV      = O2      + O            1.002E+15
 266) O3      + HV      = O       + O       O    5.894E+11

HNO3                PRODUCTION RXS              INT RX RATE    TP =  2.39E+09
  82) NO2     + OH      = HNO3    +              2.393E+09
 203) N2O5    + H2O     = HNO3    + HNO3         1.857E+03
 244) C2H6S   + NO3     = C2H5S   + HNO3         9.186E+04

HNO3                   LOSS RXS                INT RX RATE    TL =  2.37E+09
  84) HNO3    + OH      = H2O     + NO3          7.067E+08
 211) O       + HNO3    = OH      + NO3          4.290E+05
 280) HNO3    + HV      = NO2     + OH           1.226E+09
 281) HNO3    + HV      = HNO2    + O            1.607E+08
 282) HNO3    + HV      = HNO2    + O1D          1.154E+08

N                   PRODUCTION RXS              INT RX RATE    TP =  6.30E+07
 283) NO      + HV      = N       + O            6.303E+07

N                      LOSS RXS                INT RX RATE    TL =  6.30E+07
  72) N       + N       = N2      +              2.006E+00
  73) N       + O2      = NO      + O            1.387E+06
  75) N       + OH      = NO      + H            1.028E+07
  76) N       + NO      = N2      + O            4.354E+07
 195) N       + NO2     = N2O     + O            5.445E+06
 199) N       + HO2     = NO      + OH           2.378E+06

NO3                 PRODUCTION RXS              INT RX RATE    TP =  1.12E+10
  84) HNO3    + OH      = H2O     + NO3          7.067E+08
 192) O       + NO2     = NO3     +              1.021E+10
 202) N2O5    + M       = NO3     + NO2          4.022E+04
 205) NO2     + O3      = NO3     + O2           1.711E+08
 211) O       + HNO3    = OH      + NO3          4.290E+05
 305) HO2NO2  + HV      = OH      + NO3          1.118E+08
 306) N2O5    + HV      = NO3     + NO2          4.100E+06
 307) N2O5    + HV      = NO3     + NO      O    5.661E+06

NO3                    LOSS RXS                INT RX RATE    TL =  1.12E+10
 189) O       + NO3     = O2      + NO2          2.312E+08
 190) HO2     + NO3     = OH      + NO2     O2   3.550E+06
 191) NO      + NO3     = NO2     + NO2          8.163E+08
 193) OH      + NO3     = HO2     + NO2          8.104E+06
 201) NO2     + NO3     = N2O5    +              9.812E+06
 204) NO2     + NO3     = NO      + NO2     O2   6.163E+02
 206) NO3     + NO3     = NO2     + NO2     O2   2.568E-02
 244) C2H6S   + NO3     = C2H5S   + HNO3         9.186E+04
 301) NO3     + HV      = NO      + O2           1.230E+09
 302) NO3     + HV      = NO2     + O            8.915E+09

N2O                 PRODUCTION RXS              INT RX RATE    TP =  5.44E+06
 195) N       + NO2     = N2O     + O            5.445E+06

N2O                    LOSS RXS                INT RX RATE    TL =  3.08E+10
 194) H       + N2O     = N2      + OH           7.774E-03
 197) O1D     + N2O     = N2      + O2           6.134E+07
 198) O1D     + N2O     = NO      + NO           9.598E+07
 303) N2O     + HV      = N2      + O1D          3.065E+10

HO2NO2              PRODUCTION RXS              INT RX RATE    TP =  3.00E+09
 207) HO2     + NO2     = HO2NO2  +              2.998E+09

HO2NO2                 LOSS RXS                INT RX RATE    TL =  3.00E+09
 208) O       + HO2NO2  = OH      + NO2     O2   4.665E+03
 209) OH      + HO2NO2  = H2O     + NO2     O2   1.024E+09
 210) HO2NO2  + M       = HO2     + NO2          1.445E+09
 304) HO2NO2  + HV      = HO2     + NO2          4.113E+08
 305) HO2NO2  + HV      = OH      + NO3          1.118E+08

N2O5                PRODUCTION RXS              INT RX RATE    TP =  9.81E+06
 201) NO2     + NO3     = N2O5    +              9.812E+06

N2O5                   LOSS RXS                INT RX RATE    TL =  9.81E+06
 200) O       + N2O5    = NO2     + NO2     O2   8.114E+03
 202) N2O5    + M       = NO3     + NO2          4.022E+04
 203) N2O5    + H2O     = HNO3    + HNO3         1.857E+03
 306) N2O5    + HV      = NO3     + NO2          4.100E+06
 307) N2O5    + HV      = NO3     + NO      O    5.661E+06

NH                  PRODUCTION RXS              INT RX RATE    TP =  0.00E+00

NH                     LOSS RXS                INT RX RATE    TL =  0.00E+00

NH2                 PRODUCTION RXS              INT RX RATE    TP =  0.00E+00

NH2                    LOSS RXS                INT RX RATE    TL =  0.00E+00

NH3                 PRODUCTION RXS              INT RX RATE    TP =  0.00E+00

NH3                    LOSS RXS                INT RX RATE    TL =  1.50E+10

CO2                 PRODUCTION RXS              INT RX RATE    TP =  9.16E+11
  32) O       + HCO     = H       + CO2          1.160E+05
  34) CO      + OH      = CO2     + H            9.899E+10
  35) CO      + O       = CO2     +              3.243E+06
 175) O       + OCS     = S       + CO2          1.347E+02
 177) OCS     + OH      = CO2     + HS           2.847E+07
 182) CO2     + O1D     = CO2     + O            8.169E+11
 216) CS      + O3      = SO      + CO2          6.417E+06

CO2                    LOSS RXS                INT RX RATE    TL =  8.95E+11
  36) CO2     + H       = CO      + OH           3.020E+00
  93) CH21    + CO2     = H2CO    + CO           1.839E+03
  95) CH23    + CO2     = H2CO    + CO           2.511E+05
 182) CO2     + O1D     = CO2     + O            8.169E+11
 268) CO2     + HV      = CO      + O            2.616E+10
 269) CO2     + HV      = CO      + O1D          5.146E+10

CS                  PRODUCTION RXS              INT RX RATE    TP =  1.93E+07
 218) CS2     + O       = SO      + CS           5.131E+06
 224) CS2X    + O2      = CS      + SO2          2.751E+04
 225) CS2X    + CS2     = CS      + CS      S2   3.492E-05
 228) H       + HCS     = H2      + CS           3.580E-09
 233) CH3     + HCS     = CH4     + CS           1.670E-10
 235) HS      + HCS     = H2S     + CS           2.101E-07
 236) S       + HCS     = HS      + CS           1.954E-13
 240) CS2     + S       = CS      + S2           1.749E-05
 309) CS2     + HV      = CS      + S            1.418E+07

CS                     LOSS RXS                INT RX RATE    TL =  1.93E+07
 213) CS      + O2      = OCS     + O            7.577E+04
 214) CS      + O2      = CO      + SO           9.472E+03
 215) CS      + O3      = OCS     + O2           6.417E+06
 216) CS      + O3      = SO      + CO2          6.417E+06
 217) CS      + O3      = CO      + SO2          6.417E+06
 226) CS      + HS      = CS2     + H            9.440E-03
 227) H       + CS      = HCS     +              2.138E-07
 241) CS      + O       = CO      + S            3.205E+01

CS2                 PRODUCTION RXS              INT RX RATE    TP =  6.81E+08
 222) CS2OH   + HV      = CS2     + OH           3.427E+07
 223) CS2X    + M       = CS2     + M            6.465E+08
 226) CS      + HS      = CS2     + H            9.440E-03
 229) S       + HCS     = H       + CS2          3.909E-13

CS2                    LOSS RXS                INT RX RATE    TL =  7.01E+08
 218) CS2     + O       = SO      + CS           5.131E+06
 219) CS2     + O       = OCS     + S            4.810E+05
 220) CS2     + OH      = OCS     + HS           8.566E+04
 221) CS2     + OH      = CS2OH   +              3.427E+07
 225) CS2X    + CS2     = CS      + CS      S2   3.492E-05
 237) CS2     + O       = CO      + S2           9.801E+04
 238) CS2     + SO      = OCS     + S2           1.198E-01
 240) CS2     + S       = CS      + S2           1.749E-05
 309) CS2     + HV      = CS      + S            1.418E+07
 310) CS2     + HV      = CS2X    +              6.466E+08

HCS                 PRODUCTION RXS              INT RX RATE    TP =  2.14E-07
 227) H       + CS      = HCS     +              2.138E-07
 231) CH21    + S2      = HCS     + HS           7.554E-17
 232) CH23    + S2      = HCS     + HS           9.612E-15
 234) CH23    + S       = HCS     + H            1.161E-15

HCS                    LOSS RXS                INT RX RATE    TL =  2.14E-07
 228) H       + HCS     = H2      + CS           3.580E-09
 229) S       + HCS     = H       + CS2          3.909E-13
 233) CH3     + HCS     = CH4     + CS           1.670E-10
 235) HS      + HCS     = H2S     + CS           2.101E-07
 236) S       + HCS     = HS      + CS           1.954E-13

C2H6S               PRODUCTION RXS              INT RX RATE    TP =  0.00E+00

C2H6S                  LOSS RXS                INT RX RATE    TL =  1.62E+09
 242) C2H6S   + OH      = C2H5S   + H2O          1.209E+09
 243) C2H6S   + OH      = C2H7SO  +              4.110E+08
 244) C2H6S   + NO3     = C2H5S   + HNO3         9.186E+04

C2H5S               PRODUCTION RXS              INT RX RATE    TP =  1.21E+09
 242) C2H6S   + OH      = C2H5S   + H2O          1.209E+09
 244) C2H6S   + NO3     = C2H5S   + HNO3         9.186E+04

C2H5S                  LOSS RXS                INT RX RATE    TL =  1.21E+09
 245) C2H5S   + O2      = C2H5SO2 +              1.209E+09

C2H5SO              PRODUCTION RXS              INT RX RATE    TP =  1.21E+09
 246) C2H5SO2 + NO      = C2H5SO  + NO2          1.209E+09

C2H5SO                 LOSS RXS                INT RX RATE    TL =  1.21E+09
 247) C2H5SO  + HV      = H2CO    + CH3S         1.209E+09

C2H5SO2             PRODUCTION RXS              INT RX RATE    TP =  1.21E+09
 245) C2H5S   + O2      = C2H5SO2 +              1.209E+09

C2H5SO2                LOSS RXS                INT RX RATE    TL =  1.21E+09
 246) C2H5SO2 + NO      = C2H5SO  + NO2          1.209E+09

CH3S                PRODUCTION RXS              INT RX RATE    TP =  1.21E+09
 247) C2H5SO  + HV      = H2CO    + CH3S         1.209E+09

CH3S                   LOSS RXS                INT RX RATE    TL =  1.21E+09
 248) CH3S    + O3      = CH3SO   + O2           1.208E+09
 249) CH3S    + NO2     = CH3SO   + NO           5.512E+05

CH3SO               PRODUCTION RXS              INT RX RATE    TP =  1.21E+09
 248) CH3S    + O3      = CH3SO   + O2           1.208E+09
 249) CH3S    + NO2     = CH3SO   + NO           5.512E+05

CH3SO                  LOSS RXS                INT RX RATE    TL =  1.21E+09
 250) CH3SO   + O3      = CH3SO2  + O2           1.207E+09
 251) CH3SO   + NO2     = CH3SO2  + NO           1.832E+06

CH3SO2              PRODUCTION RXS              INT RX RATE    TP =  1.62E+09
 250) CH3SO   + O3      = CH3SO2  + O2           1.207E+09
 251) CH3SO   + NO2     = CH3SO2  + NO           1.832E+06
 258) CH4SO2  + OH      = CH3SO2  + H2O          4.106E+08

CH3SO2                 LOSS RXS                INT RX RATE    TL =  1.62E+09
 252) CH3SO2  + O3      = CH3SO3  + O2           1.105E+07
 253) CH3SO2  + NO2     = CH3SO3  + NO           3.061E+03
 254) CH3SO2  + HV      = CH3     + SO2          1.609E+09

CH3SO3              PRODUCTION RXS              INT RX RATE    TP =  1.11E+07
 252) CH3SO2  + O3      = CH3SO3  + O2           1.105E+07
 253) CH3SO2  + NO2     = CH3SO3  + NO           3.061E+03

CH3SO3                 LOSS RXS                INT RX RATE    TL =  1.11E+07
 255) CH3SO3  + HV      = CH3     + SO3          1.105E+07

CH4SO2              PRODUCTION RXS              INT RX RATE    TP =  4.11E+08
 257) C2H6SO  + OH      = CH4SO2  + CH3          4.106E+08

CH4SO2                 LOSS RXS                INT RX RATE    TL =  4.11E+08
 258) CH4SO2  + OH      = CH3SO2  + H2O          4.106E+08

C2H6SO              PRODUCTION RXS              INT RX RATE    TP =  4.11E+08
 256) C2H7SO  + O2      = C2H6SO  + HO2          4.110E+08

C2H6SO                 LOSS RXS                INT RX RATE    TL =  4.11E+08
 257) C2H6SO  + OH      = CH4SO2  + CH3          4.106E+08

C2H7SO              PRODUCTION RXS              INT RX RATE    TP =  4.11E+08
 243) C2H6S   + OH      = C2H7SO  +              4.110E+08

C2H7SO                 LOSS RXS                INT RX RATE    TL =  4.11E+08
 256) C2H7SO  + O2      = C2H6SO  + HO2          4.110E+08

SO4AER              PRODUCTION RXS              INT RX RATE    TP =  1.45E+09

SO4AER                 LOSS RXS                INT RX RATE    TL =  1.43E+09

S8AER               PRODUCTION RXS              INT RX RATE    TP =  0.00E+00

S8AER                  LOSS RXS                INT RX RATE    TL =  1.70E-19

HNO2                PRODUCTION RXS              INT RX RATE    TP =  0.00E+00
  80) NO      + OH      = HNO2    +              3.033E+09
 212) HO2     + NO2     = HNO2    + O2           1.248E+06
 281) HNO3    + HV      = HNO2    + O            1.607E+08
 282) HNO3    + HV      = HNO2    + O1D          1.154E+08

HNO2                   LOSS RXS                INT RX RATE    TL =  0.00E+00
  90) HNO2    + OH      = H2O     + NO2          3.498E+07
 279) HNO2    + HV      = NO      + OH           3.275E+09

O1D                 PRODUCTION RXS              INT RX RATE    TP =  0.00E+00
 259) O2      + HV      = O       + O1D          2.704E+11
 262) H2O     + HV      = H2      + O1D          7.289E+08
 264) O3      + HV      = O2      + O1D          6.282E+14
 269) CO2     + HV      = CO      + O1D          5.146E+10
 282) HNO3    + HV      = HNO2    + O1D          1.154E+08
 284) NO2     + HV      = NO      + O1D          7.997E+07
 303) N2O     + HV      = N2      + O1D          3.065E+10

O1D                    LOSS RXS                INT RX RATE    TL =  0.00E+00
   1) H2O     + O1D     = OH      + OH           1.250E+11
   2) H2      + O1D     = OH      + H            1.219E+09
  20) O1D     + O3      = O2      + O2           3.112E+09
  21) O1D     + O3      = O       + O       O2   3.112E+09
  23) O1D     + N2      = O       + N2           6.266E+14
  24) O1D     + O2      = O       + O2           9.823E+11
  49) CH4     + O1D     = CH3     + OH           1.610E+08
  50) CH4     + O1D     = CH3O    + H            2.167E+07
  51) CH4     + O1D     = CH2OH   + H            2.167E+07
  52) CH4     + O1D     = H2CO    + H2           1.084E+07
  98) C2H6    + O1D     = C2H5    + OH           7.288E+04
 105) SO2     + O1D     = SO2     + O            2.571E+03
 106) SO2     + O1D     = SO      + O2           8.245E+03
 180) CO      + O1D     = CO      + O            1.083E+08
 182) CO2     + O1D     = CO2     + O            8.169E+11
 197) O1D     + N2O     = N2      + O2           6.134E+07
 198) O1D     + N2O     = NO      + NO           9.598E+07

CH21                PRODUCTION RXS              INT RX RATE    TP =  0.00E+00
 273) CH4     + HV      = CH21    + H2           4.489E+07
 276) CH3     + HV      = CH21    + H            1.892E+03
 278) C2H6    + HV      = CH4     + CH21         6.219E+00

CH21                   LOSS RXS                INT RX RATE    TL =  0.00E+00
  53) CH21    + CH4     = CH3     + CH3          1.529E-13
  54) CH21    + O2      = HCO     + OH           2.078E+05
  55) CH21    + N2      = CH23    + N2           4.468E+07
  92) CH21    + H2      = CH3     + H            7.901E+02
  93) CH21    + CO2     = H2CO    + CO           1.839E+03
 231) CH21    + S2      = HCS     + HS           7.554E-17

CH23                PRODUCTION RXS              INT RX RATE    TP =  0.00E+00
  55) CH21    + N2      = CH23    + N2           4.468E+07
 275) CH4     + HV      = CH23    + H       H    8.227E+06
 277) C2H6    + HV      = CH23    + CH23    H2   2.488E+01

CH23                   LOSS RXS                INT RX RATE    TL =  0.00E+00
  58) CH23    + O2      = HCO     + OH           5.264E+07
  94) CH23    + O       = HCO     + H            2.220E+04
  95) CH23    + CO2     = H2CO    + CO           2.511E+05
 232) CH23    + S2      = HCS     + HS           9.612E-15
 234) CH23    + S       = HCS     + H            1.161E-15

C2H5                PRODUCTION RXS              INT RX RATE    TP =  0.00E+00
  96) C2H6    + OH      = C2H5    + H2O          8.999E+08
  97) C2H6    + O       = C2H5    + OH           4.993E+04
  98) C2H6    + O1D     = C2H5    + OH           7.288E+04

C2H5                   LOSS RXS                INT RX RATE    TL =  0.00E+00
  99) C2H5    + H       = CH3     + CH3          7.612E-05
 100) C2H5    + O       = CH3     + HCO     H    4.681E+00
 101) C2H5    + OH      = CH3     + HCO     H2   1.094E+00
 102) C2H5    + HCO     = C2H6    + CO           1.219E-07
 103) C2H5    + HNO     = C2H6    + NO           1.398E-06
 104) C2H5    + O2      = CH3     + HCO     OH   9.000E+08

SO21                PRODUCTION RXS              INT RX RATE    TP =  0.00E+00
 289) SO2     + HV      = SO21    +              3.871E+10

SO21                   LOSS RXS                INT RX RATE    TL =  0.00E+00
 143) SO21    + M       = SO23    + M            3.518E+09
 144) SO21    + M       = SO2     + M            3.518E+10
 145) SO21    + HV      = SO23    + HV           5.051E+05
 146) SO21    + HV      = SO2     + HV           7.408E+06
 147) SO21    + O2      = SO3     + O            3.742E+02
 148) SO21    + SO2     = SO3     + SO           4.888E-01

SO23                PRODUCTION RXS              INT RX RATE    TP =  0.00E+00
 143) SO21    + M       = SO23    + M            3.518E+09
 145) SO21    + HV      = SO23    + HV           5.051E+05
 290) SO2     + HV      = SO23    +              2.394E+08

SO23                   LOSS RXS                INT RX RATE    TL =  0.00E+00
 149) SO23    + M       = SO2     + M            3.756E+09
 150) SO23    + HV      = SO2     + HV           2.606E+06
 151) SO23    + SO2     = SO3     + SO           6.116E-02

HSO3                PRODUCTION RXS              INT RX RATE    TP =  0.00E+00
 111) SO2     + OH      = HSO3    +              1.743E+09

HSO3                   LOSS RXS                INT RX RATE    TL =  0.00E+00
 116) HSO3    + O2      = HO2     + SO3          1.743E+09

OCS2                PRODUCTION RXS              INT RX RATE    TP =  0.00E+00
 184) OCS     + S       = OCS2    +              1.254E+00

OCS2                   LOSS RXS                INT RX RATE    TL =  0.00E+00
 185) OCS2    + S       = OCS     + S2           1.092E-12
 188) OCS2    + CO      = OCS     + OCS          1.254E+00

CS2X                PRODUCTION RXS              INT RX RATE    TP =  0.00E+00
 310) CS2     + HV      = CS2X    +              6.466E+08

CS2X                   LOSS RXS                INT RX RATE    TL =  0.00E+00
 223) CS2X    + M       = CS2     + M            6.465E+08
 224) CS2X    + O2      = CS      + SO2          2.751E+04
 225) CS2X    + CS2     = CS      + CS      S2   3.492E-05

CS2OH               PRODUCTION RXS              INT RX RATE    TP =  0.00E+00
 221) CS2     + OH      = CS2OH   +              3.427E+07

CS2OH                  LOSS RXS                INT RX RATE    TL =  0.00E+00
 222) CS2OH   + HV      = CS2     + OH           3.427E+07

N2                  PRODUCTION RXS              INT RX RATE    TP =  0.00E+00
  23) O1D     + N2      = O       + N2           6.266E+14
  55) CH21    + N2      = CH23    + N2           4.468E+07
  72) N       + N       = N2      +              2.006E+00
  76) N       + NO      = N2      + O            4.354E+07
 194) H       + N2O     = N2      + OH           7.774E-03
 197) O1D     + N2O     = N2      + O2           6.134E+07
 303) N2O     + HV      = N2      + O1D          3.065E+10

N2                     LOSS RXS                INT RX RATE    TL =  0.00E+00
  23) O1D     + N2      = O       + N2           6.266E+14
  55) CH21    + N2      = CH23    + N2           4.468E+07
