
O                   PRODUCTION RXS              INT RX RATE    TP =  1.17E+15
   8) H       + HO2     = H2O     + O            1.803E+08
  21) O1D     + O3      = O       + O       O2   1.034E+09
  22) OH      + OH      = H2O     + O            5.440E+08
  23) O1D     + N2      = O       + N2           5.722E+14
  24) O1D     + O2      = O       + O2           1.789E+11
  25) O2      + HV      = O       + O            2.931E-35
  26) O3      + HV      = O2      + O            1.826E-10
  73) N       + O2      = NO      + O            1.020E+06
  76) N       + NO      = N2      + O            7.356E+07
 105) SO2     + O1D     = SO2     + O            4.133E+03
 107) SO      + O2      = O       + SO2          1.265E+09
 130) S       + O2      = SO      + O            4.650E+08
 147) SO21    + O2      = SO3     + O            2.126E+02
 180) CO      + O1D     = CO      + O            7.091E+07
 182) CO2     + O1D     = CO2     + O            7.465E+11
 195) N       + NO2     = N2O     + O            8.354E+06
 213) CS      + O2      = OCS     + O            2.288E+04
 259) O2      + HV      = O       + O1D          2.446E+11
 260) O2      + HV      = O       + O            7.578E+11
 263) H2O     + HV      = H       + H       O    1.807E+09
 265) O3      + HV      = O2      + O            5.903E+14
 266) O3      + HV      = O       + O       O    5.205E+11
 268) CO2     + HV      = CO      + O            7.427E+10
 272) HO2     + HV      = OH      + O            4.639E+09
 281) HNO3    + HV      = HNO2    + O            2.992E+08
 283) NO      + HV      = N       + O            9.947E+07
 285) NO2     + HV      = NO      + O            4.698E+11
 286) SO      + HV      = S       + O            1.839E+06
 288) SO2     + HV      = SO      + O            2.163E+09
 298) SO3     + HV      = SO2     + O            4.591E+02
 299) HSO     + HV      = HS      + O            1.563E+05
 302) NO3     + HV      = NO2     + O            1.185E+10
 307) N2O5    + HV      = NO3     + NO      O    5.640E+06

O                      LOSS RXS                INT RX RATE    TL =  1.17E+15
   3) H2      + O       = OH      + H            9.668E+07
  10) OH      + O       = H       + O2           9.482E+11
  14) HO2     + O       = OH      + O2           1.049E+12
  17) O       + O       = O2      +              7.047E+10
  18) O       + O2      = O3      +              1.165E+15
  19) O       + O3      = O2      + O2           7.743E+10
  32) O       + HCO     = H       + CO2          1.181E+06
  33) O       + HCO     = OH      + CO           1.181E+06
  35) CO      + O       = CO2     +              3.800E+07
  46) H2CO    + O       = HCO     + OH           3.643E+08
  47) H2O2    + O       = OH      + HO2          6.934E+06
  60) CH3     + O       = H2CO    + H            2.850E+07
  78) NO      + O       = NO2     +              1.884E+10
  81) NO2     + O       = NO      + O2           1.506E+11
  88) O       + HNO     = OH      + NO           5.766E+05
  91) CH4     + O       = CH3     + OH           6.170E+07
  94) CH23    + O       = HCO     + H            4.963E+05
  97) C2H6    + O       = C2H5    + OH           2.881E+05
 100) C2H5    + O       = CH3     + HCO     H    7.844E+01
 109) SO      + O       = SO2     +              9.514E+06
 112) SO2     + O       = SO3     +              1.476E+07
 115) SO3     + O       = SO2     + O2           3.185E-01
 122) H2S     + O       = OH      + HS           2.387E+03
 123) HS      + O       = H       + SO           5.680E+05
 136) S2      + O       = S       + SO           8.102E+03
 169) HSO     + O       = OH      + SO           2.038E+06
 174) O       + OCS     = CO      + SO           4.690E+07
 175) O       + OCS     = S       + CO2          4.826E+02
 189) O       + NO3     = O2      + NO2          3.642E+08
 192) O       + NO2     = NO3     +              1.339E+10
 200) O       + N2O5    = NO2     + NO2     O2   7.372E+03
 208) O       + HO2NO2  = OH      + NO2     O2   2.646E+04
 211) O       + HNO3    = OH      + NO3          4.676E+05
 218) CS2     + O       = SO      + CS           5.646E+06
 219) CS2     + O       = OCS     + S            5.293E+05
 237) CS2     + O       = CO      + S2           1.050E+05
 241) CS      + O       = CO      + S            1.276E+02

O2                  PRODUCTION RXS              INT RX RATE    TP =  1.17E+15
   5) H       + O3      = OH      + O2           1.910E+11
   7) H       + HO2     = H2      + O2           7.776E+08
  10) OH      + O       = H       + O2           9.482E+11
  11) OH      + HO2     = H2O     + O2           1.119E+11
  12) OH      + O3      = HO2     + O2           2.319E+11
  14) HO2     + O       = OH      + O2           1.049E+12
  15) HO2     + O3      = OH      + O2      O2   1.252E+11
  16) HO2     + HO2     = H2O2    + O2           5.737E+10
  17) O       + O       = O2      +              7.047E+10
  19) O       + O3      = O2      + O2           7.743E+10
  20) O1D     + O3      = O2      + O2           1.034E+09
  21) O1D     + O3      = O       + O       O2   1.034E+09
  24) O1D     + O2      = O       + O2           1.789E+11
  26) O3      + HV      = O2      + O            1.826E-10
  27) O3      + O3      = O2      + O2      O2   4.138E+02
  68) CH3O2   + HO2     = CH3OOH  + O2           3.024E+11
  77) NO      + O3      = NO2     + O2           5.145E+11
  81) NO2     + O       = NO      + O2           1.506E+11
 106) SO2     + O1D     = SO      + O2           1.326E+04
 115) SO3     + O       = SO2     + O2           3.185E-01
 125) HS      + HO2     = H2S     + O2           2.889E+06
 133) S       + HO2     = HS      + O2           3.268E+01
 153) SO      + O3      = SO2     + O2           1.273E+09
 155) HS      + O3      = HSO     + O2           1.847E+09
 158) S       + O3      = SO      + O2           1.531E+06
 170) HSO     + O3      = HS      + O2      O2   1.834E+09
 189) O       + NO3     = O2      + NO2          3.642E+08
 190) HO2     + NO3     = OH      + NO2     O2   1.148E+07
 197) O1D     + N2O     = N2      + O2           9.495E+07
 200) O       + N2O5    = NO2     + NO2     O2   7.372E+03
 204) NO2     + NO3     = NO      + NO2     O2   8.550E+02
 205) NO2     + O3      = NO3     + O2           1.703E+08
 206) NO3     + NO3     = NO2     + NO2     O2   7.340E-02
 208) O       + HO2NO2  = OH      + NO2     O2   2.646E+04
 209) OH      + HO2NO2  = H2O     + NO2     O2   2.369E+09
 212) HO2     + NO2     = HNO2    + O2           2.319E+06
 215) CS      + O3      = OCS     + O2           6.441E+06
 248) CH3S    + O3      = CH3SO   + O2           2.461E+09
 250) CH3SO   + O3      = CH3SO2  + O2           2.456E+09
 252) CH3SO2  + O3      = CH3SO3  + O2           2.083E+07
 264) O3      + HV      = O2      + O1D          5.729E+14
 265) O3      + HV      = O2      + O            5.903E+14
 301) NO3     + HV      = NO      + O2           1.634E+09

O2                     LOSS RXS                INT RX RATE    TL =  1.17E+15
   6) H       + O2      = HO2     +              1.339E+12
  18) O       + O2      = O3      +              1.165E+15
  24) O1D     + O2      = O       + O2           1.789E+11
  25) O2      + HV      = O       + O            2.931E-35
  40) HCO     + O2      = HO2     + CO           1.006E+11
  41) CH2OH   + O2      = H2CO    + HO2          2.377E+08
  42) CH3O    + O2      = H2CO    + HO2          6.429E+10
  54) CH21    + O2      = HCO     + OH           7.009E+05
  58) CH23    + O2      = HCO     + OH           8.750E+08
  59) CH3     + O2      = H2CO    + OH           6.341E+03
  66) CH3     + O2      = CH3O2   +              1.462E+11
  73) N       + O2      = NO      + O            1.020E+06
 104) C2H5    + O2      = CH3     + HCO     OH   9.000E+08
 107) SO      + O2      = O       + SO2          1.265E+09
 116) HSO3    + O2      = HO2     + SO3          2.628E+09
 130) S       + O2      = SO      + O            4.650E+08
 147) SO21    + O2      = SO3     + O            2.126E+02
 213) CS      + O2      = OCS     + O            2.288E+04
 214) CS      + O2      = CO      + SO           2.860E+03
 224) CS2X    + O2      = CS      + SO2          1.951E+03
 245) C2H5S   + O2      = C2H5SO2 +              2.463E+09
 256) C2H7SO  + O2      = C2H6SO  + HO2          8.372E+08
 259) O2      + HV      = O       + O1D          2.446E+11
 260) O2      + HV      = O       + O            7.578E+11

H2O                 PRODUCTION RXS              INT RX RATE    TP =  5.02E+10
   4) H2      + OH      = H2O     + H            9.030E+10
   8) H       + HO2     = H2O     + O            1.803E+08
  11) OH      + HO2     = H2O     + O2           1.119E+11
  13) OH      + H2O2    = HO2     + H2O          3.449E+10
  22) OH      + OH      = H2O     + O            5.440E+08
  31) OH      + HCO     = H2O     + CO           2.545E+04
  43) H2CO    + OH      = H2O     + HCO          6.012E+10
  44) H       + OH      = H2O     +              1.031E+07
  48) CH4     + OH      = CH3     + H2O          1.386E+11
  69) CH3OOH  + OH      = CH3O2   + H2O          1.890E+11
  70) CH3OOH  + OH      = H2O     + H2CO    OH   8.099E+10
  84) HNO3    + OH      = H2O     + NO3          1.043E+09
  89) OH      + HNO     = H2O     + NO           6.414E+05
  90) HNO2    + OH      = H2O     + NO2          9.901E+07
  96) C2H6    + OH      = C2H5    + H2O          8.995E+08
 114) H2SO4   + H2O     = SO3     + H2O     H2O  8.351E+09
 120) H2S     + OH      = H2O     + HS           2.667E+06
 165) HSO     + OH      = H2O     + SO           9.026E+06
 209) OH      + HO2NO2  = H2O     + NO2     O2   2.369E+09
 242) C2H6S   + OH      = C2H5S   + H2O          2.462E+09
 258) CH4SO2  + OH      = CH3SO2  + H2O          8.360E+08
 291) H2SO4   + HV      = SO3     + H2O          4.127E+06

H2O                    LOSS RXS                INT RX RATE    TL =  3.77E+10
   1) H2O     + O1D     = OH      + OH           2.257E+11
 113) SO3     + H2O     = H2SO4   +              1.102E+10
 114) H2SO4   + H2O     = SO3     + H2O     H2O  8.351E+09
 203) N2O5    + H2O     = HNO3    + HNO3         7.023E+03
 261) H2O     + HV      = H       + OH           1.551E+11
 262) H2O     + HV      = H2      + O1D          1.205E+09
 263) H2O     + HV      = H       + H       O    1.807E+09

H                   PRODUCTION RXS              INT RX RATE    TP =  1.54E+12
   2) H2      + O1D     = OH      + H            1.227E+09
   3) H2      + O       = OH      + H            9.668E+07
   4) H2      + OH      = H2O     + H            9.030E+10
  10) OH      + O       = H       + O2           9.482E+11
  32) O       + HCO     = H       + CO2          1.181E+06
  34) CO      + OH      = CO2     + H            3.005E+11
  50) CH4     + O1D     = CH3O    + H            2.377E+08
  51) CH4     + O1D     = CH2OH   + H            2.377E+08
  60) CH3     + O       = H2CO    + H            2.850E+07
  75) N       + OH      = NO      + H            1.273E+07
  86) HNO     + HV      = NO      + H            5.798E+06
  92) CH21    + H2      = CH3     + H            2.007E+04
  94) CH23    + O       = HCO     + H            4.963E+05
 100) C2H5    + O       = CH3     + HCO     H    7.844E+01
 110) SO      + OH      = SO2     + H            3.122E+07
 123) HS      + O       = H       + SO           5.680E+05
 129) HS      + S       = H       + S2           5.886E-04
 131) S       + OH      = SO      + H            2.880E+01
 173) HS      + CO      = OCS     + H            3.063E-05
 226) CS      + HS      = CS2     + H            1.252E-02
 229) S       + HCS     = H       + CS2          7.520E-11
 230) HS      + CO      = OCS     + H            3.100E-05
 234) CH23    + S       = HCS     + H            1.596E-13
 261) H2O     + HV      = H       + OH           1.551E+11
 263) H2O     + HV      = H       + H       O    1.807E+09
 271) H2CO    + HV      = HCO     + H            3.830E+10
 274) CH4     + HV      = CH3     + H            8.215E+08
 275) CH4     + HV      = CH23    + H       H    1.412E+08
 276) CH3     + HV      = CH21    + H            4.379E+04
 287) H2S     + HV      = HS      + H            2.084E+05

H                      LOSS RXS                INT RX RATE    TL =  1.54E+12
   5) H       + O3      = OH      + O2           1.910E+11
   6) H       + O2      = HO2     +              1.339E+12
   7) H       + HO2     = H2      + O2           7.776E+08
   8) H       + HO2     = H2O     + O            1.803E+08
   9) H       + HO2     = OH      + OH           8.114E+09
  28) H       + CO      = HCO     +              4.967E+06
  29) H       + HCO     = H2      + CO           4.141E+04
  36) CO2     + H       = CO      + OH           2.313E+03
  38) H2CO    + H       = H2      + HCO          3.778E+04
  39) H       + H       = H2      +              2.743E+06
  44) H       + OH      = H2O     +              1.031E+07
  62) CH3     + H       = CH4     +              4.059E+04
  71) H       + NO      = HNO     +              5.329E+04
  83) NO2     + H       = NO      + OH           3.792E+06
  87) H       + HNO     = H2      + NO           3.916E+00
  99) C2H5    + H       = CH3     + CH3          1.008E-03
 121) H2S     + H       = H2      + HS           1.382E+01
 128) HS      + H       = H2      + S            4.956E+00
 163) H       + SO      = HSO     +              6.884E+00
 166) HSO     + H       = HS      + OH           2.226E+02
 167) HSO     + H       = H2      + SO           1.113E+02
 172) H       + OCS     = CO      + HS           3.426E+03
 194) H       + N2O     = N2      + OH           5.221E-02
 227) H       + CS      = HCS     +              2.371E-06
 228) H       + HCS     = H2      + CS           3.633E-07
 239) OCS     + H       = CO      + HS           3.415E+03

OH                  PRODUCTION RXS              INT RX RATE    TP =  2.21E+12
   1) H2O     + O1D     = OH      + OH           2.257E+11
   2) H2      + O1D     = OH      + H            1.227E+09
   3) H2      + O       = OH      + H            9.668E+07
   5) H       + O3      = OH      + O2           1.910E+11
   9) H       + HO2     = OH      + OH           8.114E+09
  14) HO2     + O       = OH      + O2           1.049E+12
  15) HO2     + O3      = OH      + O2      O2   1.252E+11
  33) O       + HCO     = OH      + CO           1.181E+06
  36) CO2     + H       = CO      + OH           2.313E+03
  46) H2CO    + O       = HCO     + OH           3.643E+08
  47) H2O2    + O       = OH      + HO2          6.934E+06
  49) CH4     + O1D     = CH3     + OH           1.766E+09
  54) CH21    + O2      = HCO     + OH           7.009E+05
  58) CH23    + O2      = HCO     + OH           8.750E+08
  59) CH3     + O2      = H2CO    + OH           6.341E+03
  70) CH3OOH  + OH      = H2O     + H2CO    OH   8.099E+10
  79) NO      + HO2     = NO2     + OH           5.331E+10
  83) NO2     + H       = NO      + OH           3.792E+06
  88) O       + HNO     = OH      + NO           5.766E+05
  91) CH4     + O       = CH3     + OH           6.170E+07
  97) C2H6    + O       = C2H5    + OH           2.881E+05
  98) C2H6    + O1D     = C2H5    + OH           1.780E+05
 104) C2H5    + O2      = CH3     + HCO     OH   9.000E+08
 108) SO      + HO2     = SO2     + OH           7.682E+07
 122) H2S     + O       = OH      + HS           2.387E+03
 134) S       + HO2     = SO      + OH           3.268E+01
 154) SO2     + HO2     = SO3     + OH           1.015E+05
 156) HS      + HO2     = HSO     + OH           2.889E+06
 166) HSO     + H       = HS      + OH           2.226E+02
 169) HSO     + O       = OH      + SO           2.038E+06
 190) HO2     + NO3     = OH      + NO2     O2   1.148E+07
 194) H       + N2O     = N2      + OH           5.221E-02
 199) N       + HO2     = NO      + OH           3.803E+06
 208) O       + HO2NO2  = OH      + NO2     O2   2.646E+04
 211) O       + HNO3    = OH      + NO3          4.676E+05
 222) CS2OH   + HV      = CS2     + OH           6.814E+06
 261) H2O     + HV      = H       + OH           1.551E+11
 267) H2O2    + HV      = OH      + OH           1.835E+10
 272) HO2     + HV      = OH      + O            4.639E+09
 279) HNO2    + HV      = NO      + OH           5.375E+09
 280) HNO3    + HV      = NO2     + OH           2.063E+09
 305) HO2NO2  + HV      = OH      + NO3          2.561E+08
 308) CH3OOH  + HV      = CH3O    + OH           3.129E+10

OH                     LOSS RXS                INT RX RATE    TL =  2.21E+12
   4) H2      + OH      = H2O     + H            9.030E+10
  10) OH      + O       = H       + O2           9.482E+11
  11) OH      + HO2     = H2O     + O2           1.119E+11
  12) OH      + O3      = HO2     + O2           2.319E+11
  13) OH      + H2O2    = HO2     + H2O          3.449E+10
  22) OH      + OH      = H2O     + O            5.440E+08
  31) OH      + HCO     = H2O     + CO           2.545E+04
  34) CO      + OH      = CO2     + H            3.005E+11
  43) H2CO    + OH      = H2O     + HCO          6.012E+10
  44) H       + OH      = H2O     +              1.031E+07
  45) OH      + OH      = H2O2    +              2.460E+08
  48) CH4     + OH      = CH3     + H2O          1.386E+11
  69) CH3OOH  + OH      = CH3O2   + H2O          1.890E+11
  70) CH3OOH  + OH      = H2O     + H2CO    OH   8.099E+10
  75) N       + OH      = NO      + H            1.273E+07
  80) NO      + OH      = HNO2    +              4.957E+09
  82) NO2     + OH      = HNO3    +              3.820E+09
  84) HNO3    + OH      = H2O     + NO3          1.043E+09
  89) OH      + HNO     = H2O     + NO           6.414E+05
  90) HNO2    + OH      = H2O     + NO2          9.901E+07
  96) C2H6    + OH      = C2H5    + H2O          8.995E+08
 101) C2H5    + OH      = CH3     + HCO     H2   5.234E+00
 110) SO      + OH      = SO2     + H            3.122E+07
 111) SO2     + OH      = HSO3    +              2.628E+09
 120) H2S     + OH      = H2O     + HS           2.667E+06
 131) S       + OH      = SO      + H            2.880E+01
 165) HSO     + OH      = H2O     + SO           9.026E+06
 177) OCS     + OH      = CO2     + HS           1.890E+07
 193) OH      + NO3     = HO2     + NO2          1.979E+07
 209) OH      + HO2NO2  = H2O     + NO2     O2   2.369E+09
 220) CS2     + OH      = OCS     + HS           1.704E+04
 221) CS2     + OH      = CS2OH   +              6.814E+06
 242) C2H6S   + OH      = C2H5S   + H2O          2.462E+09
 243) C2H6S   + OH      = C2H7SO  +              8.372E+08
 257) C2H6SO  + OH      = CH4SO2  + CH3          8.360E+08
 258) CH4SO2  + OH      = CH3SO2  + H2O          8.360E+08

HO2                 PRODUCTION RXS              INT RX RATE    TP =  1.78E+12
   6) H       + O2      = HO2     +              1.339E+12
  12) OH      + O3      = HO2     + O2           2.319E+11
  13) OH      + H2O2    = HO2     + H2O          3.449E+10
  40) HCO     + O2      = HO2     + CO           1.006E+11
  41) CH2OH   + O2      = H2CO    + HO2          2.377E+08
  42) CH3O    + O2      = H2CO    + HO2          6.429E+10
  47) H2O2    + O       = OH      + HO2          6.934E+06
 116) HSO3    + O2      = HO2     + SO3          2.628E+09
 193) OH      + NO3     = HO2     + NO2          1.979E+07
 210) HO2NO2  + M       = HO2     + NO2          2.522E+09
 256) C2H7SO  + O2      = C2H6SO  + HO2          8.372E+08
 304) HO2NO2  + HV      = HO2     + NO2          9.231E+08

HO2                    LOSS RXS                INT RX RATE    TL =  1.78E+12
   7) H       + HO2     = H2      + O2           7.776E+08
   8) H       + HO2     = H2O     + O            1.803E+08
   9) H       + HO2     = OH      + OH           8.114E+09
  11) OH      + HO2     = H2O     + O2           1.119E+11
  14) HO2     + O       = OH      + O2           1.049E+12
  15) HO2     + O3      = OH      + O2      O2   1.252E+11
  16) HO2     + HO2     = H2O2    + O2           5.737E+10
  68) CH3O2   + HO2     = CH3OOH  + O2           3.024E+11
  79) NO      + HO2     = NO2     + OH           5.331E+10
 108) SO      + HO2     = SO2     + OH           7.682E+07
 125) HS      + HO2     = H2S     + O2           2.889E+06
 133) S       + HO2     = HS      + O2           3.268E+01
 134) S       + HO2     = SO      + OH           3.268E+01
 154) SO2     + HO2     = SO3     + OH           1.015E+05
 156) HS      + HO2     = HSO     + OH           2.889E+06
 190) HO2     + NO3     = OH      + NO2     O2   1.148E+07
 199) N       + HO2     = NO      + OH           3.803E+06
 207) HO2     + NO2     = HO2NO2  +              6.082E+09
 212) HO2     + NO2     = HNO2    + O2           2.319E+06
 272) HO2     + HV      = OH      + O            4.639E+09

H2O2                PRODUCTION RXS              INT RX RATE    TP =  5.76E+10
  16) HO2     + HO2     = H2O2    + O2           5.737E+10
  45) OH      + OH      = H2O2    +              2.460E+08

H2O2                   LOSS RXS                INT RX RATE    TL =  5.68E+10
  13) OH      + H2O2    = HO2     + H2O          3.449E+10
  47) H2O2    + O       = OH      + HO2          6.934E+06
 267) H2O2    + HV      = OH      + OH           1.835E+10

H2                  PRODUCTION RXS              INT RX RATE    TP =  5.03E+10
   7) H       + HO2     = H2      + O2           7.776E+08
  29) H       + HCO     = H2      + CO           4.141E+04
  38) H2CO    + H       = H2      + HCO          3.778E+04
  39) H       + H       = H2      +              2.743E+06
  52) CH4     + O1D     = H2CO    + H2           1.188E+08
  87) H       + HNO     = H2      + NO           3.916E+00
 101) C2H5    + OH      = CH3     + HCO     H2   5.234E+00
 121) H2S     + H       = H2      + HS           1.382E+01
 128) HS      + H       = H2      + S            4.956E+00
 167) HSO     + H       = H2      + SO           1.113E+02
 228) H       + HCS     = H2      + CS           3.633E-07
 262) H2O     + HV      = H2      + O1D          1.205E+09
 270) H2CO    + HV      = H2      + CO           4.719E+10
 273) CH4     + HV      = CH21    + H2           7.561E+08
 277) C2H6    + HV      = CH23    + CH23    H2   4.528E+01

H2                     LOSS RXS                INT RX RATE    TL =  9.16E+10
   2) H2      + O1D     = OH      + H            1.227E+09
   3) H2      + O       = OH      + H            9.668E+07
   4) H2      + OH      = H2O     + H            9.030E+10
  92) CH21    + H2      = CH3     + H            2.007E+04

CO                  PRODUCTION RXS              INT RX RATE    TP =  3.13E+11
  29) H       + HCO     = H2      + CO           4.141E+04
  30) HCO     + HCO     = H2CO    + CO           1.874E-02
  31) OH      + HCO     = H2O     + CO           2.545E+04
  33) O       + HCO     = OH      + CO           1.181E+06
  36) CO2     + H       = CO      + OH           2.313E+03
  40) HCO     + O2      = HO2     + CO           1.006E+11
  63) CH3     + HCO     = CH4     + CO           5.502E-01
  85) HCO     + NO      = HNO     + CO           3.892E+03
  93) CH21    + CO2     = H2CO    + CO           3.121E+04
  95) CH23    + CO2     = H2CO    + CO           2.121E+07
 102) C2H5    + HCO     = C2H6    + CO           1.698E-05
 127) HS      + HCO     = H2S     + CO           2.275E-01
 132) S       + HCO     = HS      + CO           2.481E-06
 162) SO      + HCO     = HSO     + CO           6.692E-01
 172) H       + OCS     = CO      + HS           3.426E+03
 174) O       + OCS     = CO      + SO           4.690E+07
 176) OCS     + S       = CO      + S2           2.075E+01
 180) CO      + O1D     = CO      + O            7.091E+07
 214) CS      + O2      = CO      + SO           2.860E+03
 217) CS      + O3      = CO      + SO2          6.441E+06
 237) CS2     + O       = CO      + S2           1.050E+05
 239) OCS     + H       = CO      + HS           3.415E+03
 241) CS      + O       = CO      + S            1.276E+02
 268) CO2     + HV      = CO      + O            7.427E+10
 269) CO2     + HV      = CO      + O1D          9.000E+10
 270) H2CO    + HV      = H2      + CO           4.719E+10
 300) OCS     + HV      = CO      + S            4.502E+08

CO                     LOSS RXS                INT RX RATE    TL =  3.01E+11
  28) H       + CO      = HCO     +              4.967E+06
  34) CO      + OH      = CO2     + H            3.005E+11
  35) CO      + O       = CO2     +              3.800E+07
 173) HS      + CO      = OCS     + H            3.063E-05
 179) S       + CO      = OCS     +              6.651E-01
 180) CO      + O1D     = CO      + O            7.091E+07
 188) OCS2    + CO      = OCS     + OCS          2.101E+01
 230) HS      + CO      = OCS     + H            3.100E-05

HCO                 PRODUCTION RXS              INT RX RATE    TP =  1.01E+11
  28) H       + CO      = HCO     +              4.967E+06
  38) H2CO    + H       = H2      + HCO          3.778E+04
  43) H2CO    + OH      = H2O     + HCO          6.012E+10
  46) H2CO    + O       = HCO     + OH           3.643E+08
  54) CH21    + O2      = HCO     + OH           7.009E+05
  58) CH23    + O2      = HCO     + OH           8.750E+08
  65) CH3     + H2CO    = CH4     + HCO          4.301E-02
  94) CH23    + O       = HCO     + H            4.963E+05
 100) C2H5    + O       = CH3     + HCO     H    7.844E+01
 101) C2H5    + OH      = CH3     + HCO     H2   5.234E+00
 104) C2H5    + O2      = CH3     + HCO     OH   9.000E+08
 271) H2CO    + HV      = HCO     + H            3.830E+10

HCO                    LOSS RXS                INT RX RATE    TL =  1.01E+11
  29) H       + HCO     = H2      + CO           4.141E+04
  30) HCO     + HCO     = H2CO    + CO           1.874E-02
  31) OH      + HCO     = H2O     + CO           2.545E+04
  32) O       + HCO     = H       + CO2          1.181E+06
  33) O       + HCO     = OH      + CO           1.181E+06
  40) HCO     + O2      = HO2     + CO           1.006E+11
  63) CH3     + HCO     = CH4     + CO           5.502E-01
  85) HCO     + NO      = HNO     + CO           3.892E+03
 102) C2H5    + HCO     = C2H6    + CO           1.698E-05
 127) HS      + HCO     = H2S     + CO           2.275E-01
 132) S       + HCO     = HS      + CO           2.481E-06
 162) SO      + HCO     = HSO     + CO           6.692E-01

H2CO                PRODUCTION RXS              INT RX RATE    TP =  1.48E+11
  30) HCO     + HCO     = H2CO    + CO           1.874E-02
  41) CH2OH   + O2      = H2CO    + HO2          2.377E+08
  42) CH3O    + O2      = H2CO    + HO2          6.429E+10
  52) CH4     + O1D     = H2CO    + H2           1.188E+08
  59) CH3     + O2      = H2CO    + OH           6.341E+03
  60) CH3     + O       = H2CO    + H            2.850E+07
  70) CH3OOH  + OH      = H2O     + H2CO    OH   8.099E+10
  93) CH21    + CO2     = H2CO    + CO           3.121E+04
  95) CH23    + CO2     = H2CO    + CO           2.121E+07
 247) C2H5SO  + HV      = H2CO    + CH3S         2.463E+09

H2CO                   LOSS RXS                INT RX RATE    TL =  1.47E+11
  38) H2CO    + H       = H2      + HCO          3.778E+04
  43) H2CO    + OH      = H2O     + HCO          6.012E+10
  46) H2CO    + O       = HCO     + OH           3.643E+08
  65) CH3     + H2CO    = CH4     + HCO          4.301E-02
 270) H2CO    + HV      = H2      + CO           4.719E+10
 271) H2CO    + HV      = HCO     + H            3.830E+10

CH3O                PRODUCTION RXS              INT RX RATE    TP =  6.43E+10
  50) CH4     + O1D     = CH3O    + H            2.377E+08
  67) CH3O2   + NO      = CH3O    + NO2          3.277E+10
 308) CH3OOH  + HV      = CH3O    + OH           3.129E+10

CH3O                   LOSS RXS                INT RX RATE    TL =  6.43E+10
  42) CH3O    + O2      = H2CO    + HO2          6.429E+10

CH2OH               PRODUCTION RXS              INT RX RATE    TP =  2.38E+08
  51) CH4     + O1D     = CH2OH   + H            2.377E+08

CH2OH                  LOSS RXS                INT RX RATE    TL =  2.38E+08
  41) CH2OH   + O2      = H2CO    + HO2          2.377E+08

CH3O2               PRODUCTION RXS              INT RX RATE    TP =  3.35E+11
  66) CH3     + O2      = CH3O2   +              1.462E+11
  69) CH3OOH  + OH      = CH3O2   + H2O          1.890E+11

CH3O2                  LOSS RXS                INT RX RATE    TL =  3.35E+11
  67) CH3O2   + NO      = CH3O    + NO2          3.277E+10
  68) CH3O2   + HO2     = CH3OOH  + O2           3.024E+11

CH3OOH              PRODUCTION RXS              INT RX RATE    TP =  3.02E+11
  68) CH3O2   + HO2     = CH3OOH  + O2           3.024E+11

CH3OOH                 LOSS RXS                INT RX RATE    TL =  3.02E+11
  69) CH3OOH  + OH      = CH3O2   + H2O          1.890E+11
  70) CH3OOH  + OH      = H2O     + H2CO    OH   8.099E+10
 308) CH3OOH  + HV      = CH3O    + OH           3.129E+10

CH4                 PRODUCTION RXS              INT RX RATE    TP =  4.06E+04
  62) CH3     + H       = CH4     +              4.059E+04
  63) CH3     + HCO     = CH4     + CO           5.502E-01
  64) CH3     + HNO     = CH4     + NO           1.449E-02
  65) CH3     + H2CO    = CH4     + HCO          4.301E-02
 233) CH3     + HCS     = CH4     + CS           6.909E-08
 278) C2H6    + HV      = CH4     + CH21         1.132E+01

CH4                    LOSS RXS                INT RX RATE    TL =  1.43E+11
  48) CH4     + OH      = CH3     + H2O          1.386E+11
  49) CH4     + O1D     = CH3     + OH           1.766E+09
  50) CH4     + O1D     = CH3O    + H            2.377E+08
  51) CH4     + O1D     = CH2OH   + H            2.377E+08
  52) CH4     + O1D     = H2CO    + H2           1.188E+08
  53) CH21    + CH4     = CH3     + CH3          3.374E-11
  91) CH4     + O       = CH3     + OH           6.170E+07
 273) CH4     + HV      = CH21    + H2           7.561E+08
 274) CH4     + HV      = CH3     + H            8.215E+08
 275) CH4     + HV      = CH23    + H       H    1.412E+08

CH3                 PRODUCTION RXS              INT RX RATE    TP =  1.46E+11
  48) CH4     + OH      = CH3     + H2O          1.386E+11
  49) CH4     + O1D     = CH3     + OH           1.766E+09
  53) CH21    + CH4     = CH3     + CH3          3.374E-11
  91) CH4     + O       = CH3     + OH           6.170E+07
  92) CH21    + H2      = CH3     + H            2.007E+04
  99) C2H5    + H       = CH3     + CH3          1.008E-03
 100) C2H5    + O       = CH3     + HCO     H    7.844E+01
 101) C2H5    + OH      = CH3     + HCO     H2   5.234E+00
 104) C2H5    + O2      = CH3     + HCO     OH   9.000E+08
 254) CH3SO2  + HV      = CH3     + SO2          3.278E+09
 255) CH3SO3  + HV      = CH3     + SO3          2.084E+07
 257) C2H6SO  + OH      = CH4SO2  + CH3          8.360E+08
 274) CH4     + HV      = CH3     + H            8.215E+08

CH3                    LOSS RXS                INT RX RATE    TL =  1.46E+11
  59) CH3     + O2      = H2CO    + OH           6.341E+03
  60) CH3     + O       = H2CO    + H            2.850E+07
  61) CH3     + CH3     = C2H6    +              1.400E+01
  62) CH3     + H       = CH4     +              4.059E+04
  63) CH3     + HCO     = CH4     + CO           5.502E-01
  64) CH3     + HNO     = CH4     + NO           1.449E-02
  65) CH3     + H2CO    = CH4     + HCO          4.301E-02
  66) CH3     + O2      = CH3O2   +              1.462E+11
 233) CH3     + HCS     = CH4     + CS           6.909E-08
 276) CH3     + HV      = CH21    + H            4.379E+04

C2H6                PRODUCTION RXS              INT RX RATE    TP =  1.40E+01
  61) CH3     + CH3     = C2H6    +              1.400E+01
 102) C2H5    + HCO     = C2H6    + CO           1.698E-05
 103) C2H5    + HNO     = C2H6    + NO           4.547E-06

C2H6                   LOSS RXS                INT RX RATE    TL =  9.00E+08
  96) C2H6    + OH      = C2H5    + H2O          8.995E+08
  97) C2H6    + O       = C2H5    + OH           2.881E+05
  98) C2H6    + O1D     = C2H5    + OH           1.780E+05
 277) C2H6    + HV      = CH23    + CH23    H2   4.528E+01
 278) C2H6    + HV      = CH4     + CH21         1.132E+01

NO                  PRODUCTION RXS              INT RX RATE    TP =  6.28E+11
  64) CH3     + HNO     = CH4     + NO           1.449E-02
  73) N       + O2      = NO      + O            1.020E+06
  75) N       + OH      = NO      + H            1.273E+07
  81) NO2     + O       = NO      + O2           1.506E+11
  83) NO2     + H       = NO      + OH           3.792E+06
  86) HNO     + HV      = NO      + H            5.798E+06
  87) H       + HNO     = H2      + NO           3.916E+00
  88) O       + HNO     = OH      + NO           5.766E+05
  89) OH      + HNO     = H2O     + NO           6.414E+05
 103) C2H5    + HNO     = C2H6    + NO           4.547E-06
 152) SO      + NO2     = SO2     + NO           4.958E+07
 157) HS      + NO2     = HSO     + NO           2.490E+06
 198) O1D     + N2O     = NO      + NO           1.486E+08
 199) N       + HO2     = NO      + OH           3.803E+06
 204) NO2     + NO3     = NO      + NO2     O2   8.550E+02
 249) CH3S    + NO2     = CH3SO   + NO           2.060E+06
 251) CH3SO   + NO2     = CH3SO2  + NO           6.889E+06
 253) CH3SO2  + NO2     = CH3SO3  + NO           1.051E+04
 279) HNO2    + HV      = NO      + OH           5.375E+09
 284) NO2     + HV      = NO      + O1D          1.098E+08
 285) NO2     + HV      = NO      + O            4.698E+11
 301) NO3     + HV      = NO      + O2           1.634E+09
 307) N2O5    + HV      = NO3     + NO      O    5.640E+06

NO                     LOSS RXS                INT RX RATE    TL =  6.28E+11
  67) CH3O2   + NO      = CH3O    + NO2          3.277E+10
  71) H       + NO      = HNO     +              5.329E+04
  76) N       + NO      = N2      + O            7.356E+07
  77) NO      + O3      = NO2     + O2           5.145E+11
  78) NO      + O       = NO2     +              1.884E+10
  79) NO      + HO2     = NO2     + OH           5.331E+10
  80) NO      + OH      = HNO2    +              4.957E+09
  85) HCO     + NO      = HNO     + CO           3.892E+03
 164) HSO     + NO      = HNO     + SO           6.962E+06
 191) NO      + NO3     = NO2     + NO2          9.747E+08
 246) C2H5SO2 + NO      = C2H5SO  + NO2          2.463E+09
 283) NO      + HV      = N       + O            9.947E+07

NO2                 PRODUCTION RXS              INT RX RATE    TP =  6.44E+11
  67) CH3O2   + NO      = CH3O    + NO2          3.277E+10
  77) NO      + O3      = NO2     + O2           5.145E+11
  78) NO      + O       = NO2     +              1.884E+10
  79) NO      + HO2     = NO2     + OH           5.331E+10
  90) HNO2    + OH      = H2O     + NO2          9.901E+07
 189) O       + NO3     = O2      + NO2          3.642E+08
 190) HO2     + NO3     = OH      + NO2     O2   1.148E+07
 191) NO      + NO3     = NO2     + NO2          9.747E+08
 193) OH      + NO3     = HO2     + NO2          1.979E+07
 200) O       + N2O5    = NO2     + NO2     O2   7.372E+03
 202) N2O5    + M       = NO3     + NO2          1.245E+05
 204) NO2     + NO3     = NO      + NO2     O2   8.550E+02
 206) NO3     + NO3     = NO2     + NO2     O2   7.340E-02
 208) O       + HO2NO2  = OH      + NO2     O2   2.646E+04
 209) OH      + HO2NO2  = H2O     + NO2     O2   2.369E+09
 210) HO2NO2  + M       = HO2     + NO2          2.522E+09
 246) C2H5SO2 + NO      = C2H5SO  + NO2          2.463E+09
 280) HNO3    + HV      = NO2     + OH           2.063E+09
 302) NO3     + HV      = NO2     + O            1.185E+10
 304) HO2NO2  + HV      = HO2     + NO2          9.231E+08
 306) N2O5    + HV      = NO3     + NO2          6.730E+06

NO2                    LOSS RXS                INT RX RATE    TL =  6.44E+11
  81) NO2     + O       = NO      + O2           1.506E+11
  82) NO2     + OH      = HNO3    +              3.820E+09
  83) NO2     + H       = NO      + OH           3.792E+06
 152) SO      + NO2     = SO2     + NO           4.958E+07
 157) HS      + NO2     = HSO     + NO           2.490E+06
 192) O       + NO2     = NO3     +              1.339E+10
 195) N       + NO2     = N2O     + O            8.354E+06
 201) NO2     + NO3     = N2O5    +              1.251E+07
 204) NO2     + NO3     = NO      + NO2     O2   8.550E+02
 205) NO2     + O3      = NO3     + O2           1.703E+08
 207) HO2     + NO2     = HO2NO2  +              6.082E+09
 212) HO2     + NO2     = HNO2    + O2           2.319E+06
 249) CH3S    + NO2     = CH3SO   + NO           2.060E+06
 251) CH3SO   + NO2     = CH3SO2  + NO           6.889E+06
 253) CH3SO2  + NO2     = CH3SO3  + NO           1.051E+04
 284) NO2     + HV      = NO      + O1D          1.098E+08
 285) NO2     + HV      = NO      + O            4.698E+11

HNO                 PRODUCTION RXS              INT RX RATE    TP =  7.02E+06
  71) H       + NO      = HNO     +              5.329E+04
  85) HCO     + NO      = HNO     + CO           3.892E+03
 164) HSO     + NO      = HNO     + SO           6.962E+06

HNO                    LOSS RXS                INT RX RATE    TL =  7.02E+06
  64) CH3     + HNO     = CH4     + NO           1.449E-02
  86) HNO     + HV      = NO      + H            5.798E+06
  87) H       + HNO     = H2      + NO           3.916E+00
  88) O       + HNO     = OH      + NO           5.766E+05
  89) OH      + HNO     = H2O     + NO           6.414E+05
 103) C2H5    + HNO     = C2H6    + NO           4.547E-06

H2S                 PRODUCTION RXS              INT RX RATE    TP =  2.89E+06
 125) HS      + HO2     = H2S     + O2           2.889E+06
 126) HS      + HS      = H2S     + S            1.421E+02
 127) HS      + HCO     = H2S     + CO           2.275E-01
 168) HSO     + HS      = H2S     + SO           3.304E+02
 235) HS      + HCS     = H2S     + CS           1.939E-06

H2S                    LOSS RXS                INT RX RATE    TL =  2.88E+06
 120) H2S     + OH      = H2O     + HS           2.667E+06
 121) H2S     + H       = H2      + HS           1.382E+01
 122) H2S     + O       = OH      + HS           2.387E+03
 287) H2S     + HV      = HS      + H            2.084E+05

HS                  PRODUCTION RXS              INT RX RATE    TP =  1.86E+09
 120) H2S     + OH      = H2O     + HS           2.667E+06
 121) H2S     + H       = H2      + HS           1.382E+01
 122) H2S     + O       = OH      + HS           2.387E+03
 132) S       + HCO     = HS      + CO           2.481E-06
 133) S       + HO2     = HS      + O2           3.268E+01
 166) HSO     + H       = HS      + OH           2.226E+02
 170) HSO     + O3      = HS      + O2      O2   1.834E+09
 171) HSO     + S       = HS      + SO           2.630E-02
 172) H       + OCS     = CO      + HS           3.426E+03
 177) OCS     + OH      = CO2     + HS           1.890E+07
 220) CS2     + OH      = OCS     + HS           1.704E+04
 231) CH21    + S2      = HCS     + HS           7.724E-15
 232) CH23    + S2      = HCS     + HS           4.688E-12
 236) S       + HCS     = HS      + CS           3.760E-11
 239) OCS     + H       = CO      + HS           3.415E+03
 287) H2S     + HV      = HS      + H            2.084E+05
 299) HSO     + HV      = HS      + O            1.563E+05

HS                     LOSS RXS                INT RX RATE    TL =  1.86E+09
 123) HS      + O       = H       + SO           5.680E+05
 125) HS      + HO2     = H2S     + O2           2.889E+06
 126) HS      + HS      = H2S     + S            1.421E+02
 127) HS      + HCO     = H2S     + CO           2.275E-01
 128) HS      + H       = H2      + S            4.956E+00
 129) HS      + S       = H       + S2           5.886E-04
 155) HS      + O3      = HSO     + O2           1.847E+09
 156) HS      + HO2     = HSO     + OH           2.889E+06
 157) HS      + NO2     = HSO     + NO           2.490E+06
 168) HSO     + HS      = H2S     + SO           3.304E+02
 173) HS      + CO      = OCS     + H            3.063E-05
 226) CS      + HS      = CS2     + H            1.252E-02
 230) HS      + CO      = OCS     + H            3.100E-05
 235) HS      + HCS     = H2S     + CS           1.939E-06

S                   PRODUCTION RXS              INT RX RATE    TP =  4.67E+08
 126) HS      + HS      = H2S     + S            1.421E+02
 128) HS      + H       = H2      + S            4.956E+00
 136) S2      + O       = S       + SO           8.102E+03
 159) SO      + SO      = SO2     + S            3.900E+00
 175) O       + OCS     = S       + CO2          4.826E+02
 219) CS2     + O       = OCS     + S            5.293E+05
 241) CS      + O       = CO      + S            1.276E+02
 286) SO      + HV      = S       + O            1.839E+06
 292) S2      + HV      = S       + S            9.695E+04
 294) S3      + HV      = S2      + S            2.826E-05
 300) OCS     + HV      = CO      + S            4.502E+08
 309) CS2     + HV      = CS      + S            1.370E+07

S                      LOSS RXS                INT RX RATE    TL =  4.67E+08
 129) HS      + S       = H       + S2           5.886E-04
 130) S       + O2      = SO      + O            4.650E+08
 131) S       + OH      = SO      + H            2.880E+01
 132) S       + HCO     = HS      + CO           2.481E-06
 133) S       + HO2     = HS      + O2           3.268E+01
 134) S       + HO2     = SO      + OH           3.268E+01
 135) S       + S       = S2      +              3.541E-11
 139) S       + S2      = S3      +              2.826E-05
 141) S       + S3      = S4      +              1.282E-18
 158) S       + O3      = SO      + O2           1.531E+06
 171) HSO     + S       = HS      + SO           2.630E-02
 176) OCS     + S       = CO      + S2           2.075E+01
 179) S       + CO      = OCS     +              6.651E-01
 184) OCS     + S       = OCS2    +              2.101E+01
 185) OCS2    + S       = OCS     + S2           3.267E-11
 229) S       + HCS     = H       + CS2          7.520E-11
 234) CH23    + S       = HCS     + H            1.596E-13
 236) S       + HCS     = HS      + CS           3.760E-11
 240) CS2     + S       = CS      + S2           1.302E-04

SO                  PRODUCTION RXS              INT RX RATE    TP =  2.71E+09
 106) SO2     + O1D     = SO      + O2           1.326E+04
 123) HS      + O       = H       + SO           5.680E+05
 130) S       + O2      = SO      + O            4.650E+08
 131) S       + OH      = SO      + H            2.880E+01
 134) S       + HO2     = SO      + OH           3.268E+01
 136) S2      + O       = S       + SO           8.102E+03
 148) SO21    + SO2     = SO3     + SO           2.643E+00
 151) SO23    + SO2     = SO3     + SO           3.214E-01
 158) S       + O3      = SO      + O2           1.531E+06
 164) HSO     + NO      = HNO     + SO           6.962E+06
 165) HSO     + OH      = H2O     + SO           9.026E+06
 167) HSO     + H       = H2      + SO           1.113E+02
 168) HSO     + HS      = H2S     + SO           3.304E+02
 169) HSO     + O       = OH      + SO           2.038E+06
 171) HSO     + S       = HS      + SO           2.630E-02
 174) O       + OCS     = CO      + SO           4.690E+07
 214) CS      + O2      = CO      + SO           2.860E+03
 216) CS      + O3      = SO      + CO2          6.441E+06
 218) CS2     + O       = SO      + CS           5.646E+06
 288) SO2     + HV      = SO      + O            2.163E+09

SO                     LOSS RXS                INT RX RATE    TL =  2.71E+09
 107) SO      + O2      = O       + SO2          1.265E+09
 108) SO      + HO2     = SO2     + OH           7.682E+07
 109) SO      + O       = SO2     +              9.514E+06
 110) SO      + OH      = SO2     + H            3.122E+07
 152) SO      + NO2     = SO2     + NO           4.958E+07
 153) SO      + O3      = SO2     + O2           1.273E+09
 159) SO      + SO      = SO2     + S            3.900E+00
 160) SO3     + SO      = SO2     + SO2          1.102E-02
 162) SO      + HCO     = HSO     + CO           6.692E-01
 163) H       + SO      = HSO     +              6.884E+00
 238) CS2     + SO      = OCS     + S2           1.291E+00
 286) SO      + HV      = S       + O            1.839E+06

SO2                 PRODUCTION RXS              INT RX RATE    TP =  1.16E+11
 105) SO2     + O1D     = SO2     + O            4.133E+03
 107) SO      + O2      = O       + SO2          1.265E+09
 108) SO      + HO2     = SO2     + OH           7.682E+07
 109) SO      + O       = SO2     +              9.514E+06
 110) SO      + OH      = SO2     + H            3.122E+07
 115) SO3     + O       = SO2     + O2           3.185E-01
 144) SO21    + M       = SO2     + M            9.996E+10
 146) SO21    + HV      = SO2     + HV           1.439E+07
 149) SO23    + M       = SO2     + M            1.040E+10
 150) SO23    + HV      = SO2     + HV           4.971E+06
 152) SO      + NO2     = SO2     + NO           4.958E+07
 153) SO      + O3      = SO2     + O2           1.273E+09
 159) SO      + SO      = SO2     + S            3.900E+00
 160) SO3     + SO      = SO2     + SO2          1.102E-02
 217) CS      + O3      = CO      + SO2          6.441E+06
 224) CS2X    + O2      = CS      + SO2          1.951E+03
 254) CH3SO2  + HV      = CH3     + SO2          3.278E+09
 298) SO3     + HV      = SO2     + O            4.591E+02

SO2                    LOSS RXS                INT RX RATE    TL =  1.16E+11
 105) SO2     + O1D     = SO2     + O            4.133E+03
 106) SO2     + O1D     = SO      + O2           1.326E+04
 111) SO2     + OH      = HSO3    +              2.628E+09
 112) SO2     + O       = SO3     +              1.476E+07
 148) SO21    + SO2     = SO3     + SO           2.643E+00
 151) SO23    + SO2     = SO3     + SO           3.214E-01
 154) SO2     + HO2     = SO3     + OH           1.015E+05
 288) SO2     + HV      = SO      + O            2.163E+09
 289) SO2     + HV      = SO21    +              1.100E+11
 290) SO2     + HV      = SO23    +              4.033E+08

H2SO4               PRODUCTION RXS              INT RX RATE    TP =  1.10E+10
 113) SO3     + H2O     = H2SO4   +              1.102E+10

H2SO4                  LOSS RXS                INT RX RATE    TL =  1.08E+10
 114) H2SO4   + H2O     = SO3     + H2O     H2O  8.351E+09
 291) H2SO4   + HV      = SO3     + H2O          4.127E+06

HSO                 PRODUCTION RXS              INT RX RATE    TP =  1.85E+09
 155) HS      + O3      = HSO     + O2           1.847E+09
 156) HS      + HO2     = HSO     + OH           2.889E+06
 157) HS      + NO2     = HSO     + NO           2.490E+06
 162) SO      + HCO     = HSO     + CO           6.692E-01
 163) H       + SO      = HSO     +              6.884E+00

HSO                    LOSS RXS                INT RX RATE    TL =  1.85E+09
 164) HSO     + NO      = HNO     + SO           6.962E+06
 165) HSO     + OH      = H2O     + SO           9.026E+06
 166) HSO     + H       = HS      + OH           2.226E+02
 167) HSO     + H       = H2      + SO           1.113E+02
 168) HSO     + HS      = H2S     + SO           3.304E+02
 169) HSO     + O       = OH      + SO           2.038E+06
 170) HSO     + O3      = HS      + O2      O2   1.834E+09
 171) HSO     + S       = HS      + SO           2.630E-02
 299) HSO     + HV      = HS      + O            1.563E+05

S2                  PRODUCTION RXS              INT RX RATE    TP =  1.05E+05
 129) HS      + S       = H       + S2           5.886E-04
 135) S       + S       = S2      +              3.541E-11
 176) OCS     + S       = CO      + S2           2.075E+01
 185) OCS2    + S       = OCS     + S2           3.267E-11
 225) CS2X    + CS2     = CS      + CS      S2   5.967E-06
 237) CS2     + O       = CO      + S2           1.050E+05
 238) CS2     + SO      = OCS     + S2           1.291E+00
 240) CS2     + S       = CS      + S2           1.302E-04
 293) S4      + HV      = S2      + S2           2.707E+01
 294) S3      + HV      = S2      + S            2.826E-05

S2                     LOSS RXS                INT RX RATE    TL =  1.05E+05
 136) S2      + O       = S       + SO           8.102E+03
 139) S       + S2      = S3      +              2.826E-05
 140) S2      + S2      = S4      +              2.707E+01
 231) CH21    + S2      = HCS     + HS           7.724E-15
 232) CH23    + S2      = HCS     + HS           4.688E-12
 292) S2      + HV      = S       + S            9.695E+04

S4                  PRODUCTION RXS              INT RX RATE    TP =  2.71E+01
 140) S2      + S2      = S4      +              2.707E+01
 141) S       + S3      = S4      +              1.282E-18
 297) S8      + HV      = S4      + S4           2.305E-12

S4                     LOSS RXS                INT RX RATE    TL =  2.71E+01
 142) S4      + S4      = S8      +              2.305E-12
 293) S4      + HV      = S2      + S2           2.707E+01

S8                  PRODUCTION RXS              INT RX RATE    TP =  2.30E-12
 142) S4      + S4      = S8      +              2.305E-12

S8                     LOSS RXS                INT RX RATE    TL =  2.30E-12
 297) S8      + HV      = S4      + S4           2.305E-12

SO3                 PRODUCTION RXS              INT RX RATE    TP =  1.10E+10
 112) SO2     + O       = SO3     +              1.476E+07
 114) H2SO4   + H2O     = SO3     + H2O     H2O  8.351E+09
 116) HSO3    + O2      = HO2     + SO3          2.628E+09
 147) SO21    + O2      = SO3     + O            2.126E+02
 148) SO21    + SO2     = SO3     + SO           2.643E+00
 151) SO23    + SO2     = SO3     + SO           3.214E-01
 154) SO2     + HO2     = SO3     + OH           1.015E+05
 255) CH3SO3  + HV      = CH3     + SO3          2.084E+07
 291) H2SO4   + HV      = SO3     + H2O          4.127E+06

SO3                    LOSS RXS                INT RX RATE    TL =  1.10E+10
 113) SO3     + H2O     = H2SO4   +              1.102E+10
 115) SO3     + O       = SO2     + O2           3.185E-01
 160) SO3     + SO      = SO2     + SO2          1.102E-02
 298) SO3     + HV      = SO2     + O            4.591E+02

OCS                 PRODUCTION RXS              INT RX RATE    TP =  7.01E+06
 173) HS      + CO      = OCS     + H            3.063E-05
 179) S       + CO      = OCS     +              6.651E-01
 185) OCS2    + S       = OCS     + S2           3.267E-11
 188) OCS2    + CO      = OCS     + OCS          2.101E+01
 213) CS      + O2      = OCS     + O            2.288E+04
 215) CS      + O3      = OCS     + O2           6.441E+06
 219) CS2     + O       = OCS     + S            5.293E+05
 220) CS2     + OH      = OCS     + HS           1.704E+04
 230) HS      + CO      = OCS     + H            3.100E-05
 238) CS2     + SO      = OCS     + S2           1.291E+00

OCS                    LOSS RXS                INT RX RATE    TL =  5.16E+08
 172) H       + OCS     = CO      + HS           3.426E+03
 174) O       + OCS     = CO      + SO           4.690E+07
 175) O       + OCS     = S       + CO2          4.826E+02
 176) OCS     + S       = CO      + S2           2.075E+01
 177) OCS     + OH      = CO2     + HS           1.890E+07
 184) OCS     + S       = OCS2    +              2.101E+01
 239) OCS     + H       = CO      + HS           3.415E+03
 300) OCS     + HV      = CO      + S            4.502E+08

S3                  PRODUCTION RXS              INT RX RATE    TP =  2.83E-05
 139) S       + S2      = S3      +              2.826E-05

S3                     LOSS RXS                INT RX RATE    TL =  2.83E-05
 141) S       + S3      = S4      +              1.282E-18
 294) S3      + HV      = S2      + S            2.826E-05

O3                  PRODUCTION RXS              INT RX RATE    TP =  1.16E+15
  18) O       + O2      = O3      +              1.165E+15

O3                     LOSS RXS                INT RX RATE    TL =  1.16E+15
   5) H       + O3      = OH      + O2           1.910E+11
  12) OH      + O3      = HO2     + O2           2.319E+11
  15) HO2     + O3      = OH      + O2      O2   1.252E+11
  19) O       + O3      = O2      + O2           7.743E+10
  20) O1D     + O3      = O2      + O2           1.034E+09
  21) O1D     + O3      = O       + O       O2   1.034E+09
  26) O3      + HV      = O2      + O            1.826E-10
  27) O3      + O3      = O2      + O2      O2   4.138E+02
  77) NO      + O3      = NO2     + O2           5.145E+11
 153) SO      + O3      = SO2     + O2           1.273E+09
 155) HS      + O3      = HSO     + O2           1.847E+09
 158) S       + O3      = SO      + O2           1.531E+06
 170) HSO     + O3      = HS      + O2      O2   1.834E+09
 205) NO2     + O3      = NO3     + O2           1.703E+08
 215) CS      + O3      = OCS     + O2           6.441E+06
 216) CS      + O3      = SO      + CO2          6.441E+06
 217) CS      + O3      = CO      + SO2          6.441E+06
 248) CH3S    + O3      = CH3SO   + O2           2.461E+09
 250) CH3SO   + O3      = CH3SO2  + O2           2.456E+09
 252) CH3SO2  + O3      = CH3SO3  + O2           2.083E+07
 264) O3      + HV      = O2      + O1D          5.729E+14
 265) O3      + HV      = O2      + O            5.903E+14
 266) O3      + HV      = O       + O       O    5.205E+11

HNO3                PRODUCTION RXS              INT RX RATE    TP =  3.82E+09
  82) NO2     + OH      = HNO3    +              3.820E+09
 203) N2O5    + H2O     = HNO3    + HNO3         7.023E+03
 244) C2H6S   + NO3     = C2H5S   + HNO3         3.562E+05

HNO3                   LOSS RXS                INT RX RATE    TL =  3.79E+09
  84) HNO3    + OH      = H2O     + NO3          1.043E+09
 211) O       + HNO3    = OH      + NO3          4.676E+05
 280) HNO3    + HV      = NO2     + OH           2.063E+09
 281) HNO3    + HV      = HNO2    + O            2.992E+08
 282) HNO3    + HV      = HNO2    + O1D          2.148E+08

N                   PRODUCTION RXS              INT RX RATE    TP =  9.95E+07
 283) NO      + HV      = N       + O            9.947E+07

N                      LOSS RXS                INT RX RATE    TL =  9.95E+07
  72) N       + N       = N2      +              8.033E+00
  73) N       + O2      = NO      + O            1.020E+06
  75) N       + OH      = NO      + H            1.273E+07
  76) N       + NO      = N2      + O            7.356E+07
 195) N       + NO2     = N2O     + O            8.354E+06
 199) N       + HO2     = NO      + OH           3.803E+06

NO3                 PRODUCTION RXS              INT RX RATE    TP =  1.49E+10
  84) HNO3    + OH      = H2O     + NO3          1.043E+09
 192) O       + NO2     = NO3     +              1.339E+10
 202) N2O5    + M       = NO3     + NO2          1.245E+05
 205) NO2     + O3      = NO3     + O2           1.703E+08
 211) O       + HNO3    = OH      + NO3          4.676E+05
 305) HO2NO2  + HV      = OH      + NO3          2.561E+08
 306) N2O5    + HV      = NO3     + NO2          6.730E+06
 307) N2O5    + HV      = NO3     + NO      O    5.640E+06

NO3                    LOSS RXS                INT RX RATE    TL =  1.49E+10
 189) O       + NO3     = O2      + NO2          3.642E+08
 190) HO2     + NO3     = OH      + NO2     O2   1.148E+07
 191) NO      + NO3     = NO2     + NO2          9.747E+08
 193) OH      + NO3     = HO2     + NO2          1.979E+07
 201) NO2     + NO3     = N2O5    +              1.251E+07
 204) NO2     + NO3     = NO      + NO2     O2   8.550E+02
 206) NO3     + NO3     = NO2     + NO2     O2   7.340E-02
 244) C2H6S   + NO3     = C2H5S   + HNO3         3.562E+05
 301) NO3     + HV      = NO      + O2           1.634E+09
 302) NO3     + HV      = NO2     + O            1.185E+10

N2O                 PRODUCTION RXS              INT RX RATE    TP =  8.35E+06
 195) N       + NO2     = N2O     + O            8.354E+06

N2O                    LOSS RXS                INT RX RATE    TL =  9.13E+10
 194) H       + N2O     = N2      + OH           5.221E-02
 197) O1D     + N2O     = N2      + O2           9.495E+07
 198) O1D     + N2O     = NO      + NO           1.486E+08
 303) N2O     + HV      = N2      + O1D          9.106E+10

HO2NO2              PRODUCTION RXS              INT RX RATE    TP =  6.08E+09
 207) HO2     + NO2     = HO2NO2  +              6.082E+09

HO2NO2                 LOSS RXS                INT RX RATE    TL =  6.08E+09
 208) O       + HO2NO2  = OH      + NO2     O2   2.646E+04
 209) OH      + HO2NO2  = H2O     + NO2     O2   2.369E+09
 210) HO2NO2  + M       = HO2     + NO2          2.522E+09
 304) HO2NO2  + HV      = HO2     + NO2          9.231E+08
 305) HO2NO2  + HV      = OH      + NO3          2.561E+08

N2O5                PRODUCTION RXS              INT RX RATE    TP =  1.25E+07
 201) NO2     + NO3     = N2O5    +              1.251E+07

N2O5                   LOSS RXS                INT RX RATE    TL =  1.25E+07
 200) O       + N2O5    = NO2     + NO2     O2   7.372E+03
 202) N2O5    + M       = NO3     + NO2          1.245E+05
 203) N2O5    + H2O     = HNO3    + HNO3         7.023E+03
 306) N2O5    + HV      = NO3     + NO2          6.730E+06
 307) N2O5    + HV      = NO3     + NO      O    5.640E+06

NH                  PRODUCTION RXS              INT RX RATE    TP =  0.00E+00

NH                     LOSS RXS                INT RX RATE    TL =  0.00E+00

NH2                 PRODUCTION RXS              INT RX RATE    TP =  0.00E+00

NH2                    LOSS RXS                INT RX RATE    TL =  0.00E+00

NH3                 PRODUCTION RXS              INT RX RATE    TP =  0.00E+00

NH3                    LOSS RXS                INT RX RATE    TL =  1.50E+10

CO2                 PRODUCTION RXS              INT RX RATE    TP =  1.05E+12
  32) O       + HCO     = H       + CO2          1.181E+06
  34) CO      + OH      = CO2     + H            3.005E+11
  35) CO      + O       = CO2     +              3.800E+07
 175) O       + OCS     = S       + CO2          4.826E+02
 177) OCS     + OH      = CO2     + HS           1.890E+07
 182) CO2     + O1D     = CO2     + O            7.465E+11
 216) CS      + O3      = SO      + CO2          6.441E+06

CO2                    LOSS RXS                INT RX RATE    TL =  9.11E+11
  36) CO2     + H       = CO      + OH           2.313E+03
  93) CH21    + CO2     = H2CO    + CO           3.121E+04
  95) CH23    + CO2     = H2CO    + CO           2.121E+07
 182) CO2     + O1D     = CO2     + O            7.465E+11
 268) CO2     + HV      = CO      + O            7.427E+10
 269) CO2     + HV      = CO      + O1D          9.000E+10

CS                  PRODUCTION RXS              INT RX RATE    TP =  1.93E+07
 218) CS2     + O       = SO      + CS           5.646E+06
 224) CS2X    + O2      = CS      + SO2          1.951E+03
 225) CS2X    + CS2     = CS      + CS      S2   5.967E-06
 228) H       + HCS     = H2      + CS           3.633E-07
 233) CH3     + HCS     = CH4     + CS           6.909E-08
 235) HS      + HCS     = H2S     + CS           1.939E-06
 236) S       + HCS     = HS      + CS           3.760E-11
 240) CS2     + S       = CS      + S2           1.302E-04
 309) CS2     + HV      = CS      + S            1.370E+07

CS                     LOSS RXS                INT RX RATE    TL =  1.93E+07
 213) CS      + O2      = OCS     + O            2.288E+04
 214) CS      + O2      = CO      + SO           2.860E+03
 215) CS      + O3      = OCS     + O2           6.441E+06
 216) CS      + O3      = SO      + CO2          6.441E+06
 217) CS      + O3      = CO      + SO2          6.441E+06
 226) CS      + HS      = CS2     + H            1.252E-02
 227) H       + CS      = HCS     +              2.371E-06
 241) CS      + O       = CO      + S            1.276E+02

CS2                 PRODUCTION RXS              INT RX RATE    TP =  2.36E+08
 222) CS2OH   + HV      = CS2     + OH           6.814E+06
 223) CS2X    + M       = CS2     + M            2.293E+08
 226) CS      + HS      = CS2     + H            1.252E-02
 229) S       + HCS     = H       + CS2          7.520E-11

CS2                    LOSS RXS                INT RX RATE    TL =  2.56E+08
 218) CS2     + O       = SO      + CS           5.646E+06
 219) CS2     + O       = OCS     + S            5.293E+05
 220) CS2     + OH      = OCS     + HS           1.704E+04
 221) CS2     + OH      = CS2OH   +              6.814E+06
 225) CS2X    + CS2     = CS      + CS      S2   5.967E-06
 237) CS2     + O       = CO      + S2           1.050E+05
 238) CS2     + SO      = OCS     + S2           1.291E+00
 240) CS2     + S       = CS      + S2           1.302E-04
 309) CS2     + HV      = CS      + S            1.370E+07
 310) CS2     + HV      = CS2X    +              2.293E+08

HCS                 PRODUCTION RXS              INT RX RATE    TP =  2.37E-06
 227) H       + CS      = HCS     +              2.371E-06
 231) CH21    + S2      = HCS     + HS           7.724E-15
 232) CH23    + S2      = HCS     + HS           4.688E-12
 234) CH23    + S       = HCS     + H            1.596E-13

HCS                    LOSS RXS                INT RX RATE    TL =  2.37E-06
 228) H       + HCS     = H2      + CS           3.633E-07
 229) S       + HCS     = H       + CS2          7.520E-11
 233) CH3     + HCS     = CH4     + CS           6.909E-08
 235) HS      + HCS     = H2S     + CS           1.939E-06
 236) S       + HCS     = HS      + CS           3.760E-11

C2H6S               PRODUCTION RXS              INT RX RATE    TP =  0.00E+00

C2H6S                  LOSS RXS                INT RX RATE    TL =  3.30E+09
 242) C2H6S   + OH      = C2H5S   + H2O          2.462E+09
 243) C2H6S   + OH      = C2H7SO  +              8.372E+08
 244) C2H6S   + NO3     = C2H5S   + HNO3         3.562E+05

C2H5S               PRODUCTION RXS              INT RX RATE    TP =  2.46E+09
 242) C2H6S   + OH      = C2H5S   + H2O          2.462E+09
 244) C2H6S   + NO3     = C2H5S   + HNO3         3.562E+05

C2H5S                  LOSS RXS                INT RX RATE    TL =  2.46E+09
 245) C2H5S   + O2      = C2H5SO2 +              2.463E+09

C2H5SO              PRODUCTION RXS              INT RX RATE    TP =  2.46E+09
 246) C2H5SO2 + NO      = C2H5SO  + NO2          2.463E+09

C2H5SO                 LOSS RXS                INT RX RATE    TL =  2.46E+09
 247) C2H5SO  + HV      = H2CO    + CH3S         2.463E+09

C2H5SO2             PRODUCTION RXS              INT RX RATE    TP =  2.46E+09
 245) C2H5S   + O2      = C2H5SO2 +              2.463E+09

C2H5SO2                LOSS RXS                INT RX RATE    TL =  2.46E+09
 246) C2H5SO2 + NO      = C2H5SO  + NO2          2.463E+09

CH3S                PRODUCTION RXS              INT RX RATE    TP =  2.46E+09
 247) C2H5SO  + HV      = H2CO    + CH3S         2.463E+09

CH3S                   LOSS RXS                INT RX RATE    TL =  2.46E+09
 248) CH3S    + O3      = CH3SO   + O2           2.461E+09
 249) CH3S    + NO2     = CH3SO   + NO           2.060E+06

CH3SO               PRODUCTION RXS              INT RX RATE    TP =  2.46E+09
 248) CH3S    + O3      = CH3SO   + O2           2.461E+09
 249) CH3S    + NO2     = CH3SO   + NO           2.060E+06

CH3SO                  LOSS RXS                INT RX RATE    TL =  2.46E+09
 250) CH3SO   + O3      = CH3SO2  + O2           2.456E+09
 251) CH3SO   + NO2     = CH3SO2  + NO           6.889E+06

CH3SO2              PRODUCTION RXS              INT RX RATE    TP =  3.30E+09
 250) CH3SO   + O3      = CH3SO2  + O2           2.456E+09
 251) CH3SO   + NO2     = CH3SO2  + NO           6.889E+06
 258) CH4SO2  + OH      = CH3SO2  + H2O          8.360E+08

CH3SO2                 LOSS RXS                INT RX RATE    TL =  3.30E+09
 252) CH3SO2  + O3      = CH3SO3  + O2           2.083E+07
 253) CH3SO2  + NO2     = CH3SO3  + NO           1.051E+04
 254) CH3SO2  + HV      = CH3     + SO2          3.278E+09

CH3SO3              PRODUCTION RXS              INT RX RATE    TP =  2.08E+07
 252) CH3SO2  + O3      = CH3SO3  + O2           2.083E+07
 253) CH3SO2  + NO2     = CH3SO3  + NO           1.051E+04

CH3SO3                 LOSS RXS                INT RX RATE    TL =  2.08E+07
 255) CH3SO3  + HV      = CH3     + SO3          2.084E+07

CH4SO2              PRODUCTION RXS              INT RX RATE    TP =  8.36E+08
 257) C2H6SO  + OH      = CH4SO2  + CH3          8.360E+08

CH4SO2                 LOSS RXS                INT RX RATE    TL =  8.36E+08
 258) CH4SO2  + OH      = CH3SO2  + H2O          8.360E+08

C2H6SO              PRODUCTION RXS              INT RX RATE    TP =  8.37E+08
 256) C2H7SO  + O2      = C2H6SO  + HO2          8.372E+08

C2H6SO                 LOSS RXS                INT RX RATE    TL =  8.37E+08
 257) C2H6SO  + OH      = CH4SO2  + CH3          8.360E+08

C2H7SO              PRODUCTION RXS              INT RX RATE    TP =  8.37E+08
 243) C2H6S   + OH      = C2H7SO  +              8.372E+08

C2H7SO                 LOSS RXS                INT RX RATE    TL =  8.37E+08
 256) C2H7SO  + O2      = C2H6SO  + HO2          8.372E+08

SO4AER              PRODUCTION RXS              INT RX RATE    TP =  2.29E+09

SO4AER                 LOSS RXS                INT RX RATE    TL =  2.26E+09

S8AER               PRODUCTION RXS              INT RX RATE    TP =  0.00E+00

S8AER                  LOSS RXS                INT RX RATE    TL =  1.71E-19

HNO2                PRODUCTION RXS              INT RX RATE    TP =  0.00E+00
  80) NO      + OH      = HNO2    +              4.957E+09
 212) HO2     + NO2     = HNO2    + O2           2.319E+06
 281) HNO3    + HV      = HNO2    + O            2.992E+08
 282) HNO3    + HV      = HNO2    + O1D          2.148E+08

HNO2                   LOSS RXS                INT RX RATE    TL =  0.00E+00
  90) HNO2    + OH      = H2O     + NO2          9.901E+07
 279) HNO2    + HV      = NO      + OH           5.375E+09

O1D                 PRODUCTION RXS              INT RX RATE    TP =  0.00E+00
 259) O2      + HV      = O       + O1D          2.446E+11
 262) H2O     + HV      = H2      + O1D          1.205E+09
 264) O3      + HV      = O2      + O1D          5.729E+14
 269) CO2     + HV      = CO      + O1D          9.000E+10
 282) HNO3    + HV      = HNO2    + O1D          2.148E+08
 284) NO2     + HV      = NO      + O1D          1.098E+08
 303) N2O     + HV      = N2      + O1D          9.106E+10

O1D                    LOSS RXS                INT RX RATE    TL =  0.00E+00
   1) H2O     + O1D     = OH      + OH           2.257E+11
   2) H2      + O1D     = OH      + H            1.227E+09
  20) O1D     + O3      = O2      + O2           1.034E+09
  21) O1D     + O3      = O       + O       O2   1.034E+09
  23) O1D     + N2      = O       + N2           5.722E+14
  24) O1D     + O2      = O       + O2           1.789E+11
  49) CH4     + O1D     = CH3     + OH           1.766E+09
  50) CH4     + O1D     = CH3O    + H            2.377E+08
  51) CH4     + O1D     = CH2OH   + H            2.377E+08
  52) CH4     + O1D     = H2CO    + H2           1.188E+08
  98) C2H6    + O1D     = C2H5    + OH           1.780E+05
 105) SO2     + O1D     = SO2     + O            4.133E+03
 106) SO2     + O1D     = SO      + O2           1.326E+04
 180) CO      + O1D     = CO      + O            7.091E+07
 182) CO2     + O1D     = CO2     + O            7.465E+11
 197) O1D     + N2O     = N2      + O2           9.495E+07
 198) O1D     + N2O     = NO      + NO           1.486E+08

CH21                PRODUCTION RXS              INT RX RATE    TP =  0.00E+00
 273) CH4     + HV      = CH21    + H2           7.561E+08
 276) CH3     + HV      = CH21    + H            4.379E+04
 278) C2H6    + HV      = CH4     + CH21         1.132E+01

CH21                   LOSS RXS                INT RX RATE    TL =  0.00E+00
  53) CH21    + CH4     = CH3     + CH3          3.374E-11
  54) CH21    + O2      = HCO     + OH           7.009E+05
  55) CH21    + N2      = CH23    + N2           7.554E+08
  92) CH21    + H2      = CH3     + H            2.007E+04
  93) CH21    + CO2     = H2CO    + CO           3.121E+04
 231) CH21    + S2      = HCS     + HS           7.724E-15

CH23                PRODUCTION RXS              INT RX RATE    TP =  0.00E+00
  55) CH21    + N2      = CH23    + N2           7.554E+08
 275) CH4     + HV      = CH23    + H       H    1.412E+08
 277) C2H6    + HV      = CH23    + CH23    H2   4.528E+01

CH23                   LOSS RXS                INT RX RATE    TL =  0.00E+00
  58) CH23    + O2      = HCO     + OH           8.750E+08
  94) CH23    + O       = HCO     + H            4.963E+05
  95) CH23    + CO2     = H2CO    + CO           2.121E+07
 232) CH23    + S2      = HCS     + HS           4.688E-12
 234) CH23    + S       = HCS     + H            1.596E-13

C2H5                PRODUCTION RXS              INT RX RATE    TP =  0.00E+00
  96) C2H6    + OH      = C2H5    + H2O          8.995E+08
  97) C2H6    + O       = C2H5    + OH           2.881E+05
  98) C2H6    + O1D     = C2H5    + OH           1.780E+05

C2H5                   LOSS RXS                INT RX RATE    TL =  0.00E+00
  99) C2H5    + H       = CH3     + CH3          1.008E-03
 100) C2H5    + O       = CH3     + HCO     H    7.844E+01
 101) C2H5    + OH      = CH3     + HCO     H2   5.234E+00
 102) C2H5    + HCO     = C2H6    + CO           1.698E-05
 103) C2H5    + HNO     = C2H6    + NO           4.547E-06
 104) C2H5    + O2      = CH3     + HCO     OH   9.000E+08

SO21                PRODUCTION RXS              INT RX RATE    TP =  0.00E+00
 289) SO2     + HV      = SO21    +              1.100E+11

SO21                   LOSS RXS                INT RX RATE    TL =  0.00E+00
 143) SO21    + M       = SO23    + M            9.996E+09
 144) SO21    + M       = SO2     + M            9.996E+10
 145) SO21    + HV      = SO23    + HV           9.812E+05
 146) SO21    + HV      = SO2     + HV           1.439E+07
 147) SO21    + O2      = SO3     + O            2.126E+02
 148) SO21    + SO2     = SO3     + SO           2.643E+00

SO23                PRODUCTION RXS              INT RX RATE    TP =  0.00E+00
 143) SO21    + M       = SO23    + M            9.996E+09
 145) SO21    + HV      = SO23    + HV           9.812E+05
 290) SO2     + HV      = SO23    +              4.033E+08

SO23                   LOSS RXS                INT RX RATE    TL =  0.00E+00
 149) SO23    + M       = SO2     + M            1.040E+10
 150) SO23    + HV      = SO2     + HV           4.971E+06
 151) SO23    + SO2     = SO3     + SO           3.214E-01

HSO3                PRODUCTION RXS              INT RX RATE    TP =  0.00E+00
 111) SO2     + OH      = HSO3    +              2.628E+09

HSO3                   LOSS RXS                INT RX RATE    TL =  0.00E+00
 116) HSO3    + O2      = HO2     + SO3          2.628E+09

OCS2                PRODUCTION RXS              INT RX RATE    TP =  0.00E+00
 184) OCS     + S       = OCS2    +              2.101E+01

OCS2                   LOSS RXS                INT RX RATE    TL =  0.00E+00
 185) OCS2    + S       = OCS     + S2           3.267E-11
 188) OCS2    + CO      = OCS     + OCS          2.101E+01

CS2X                PRODUCTION RXS              INT RX RATE    TP =  0.00E+00
 310) CS2     + HV      = CS2X    +              2.293E+08

CS2X                   LOSS RXS                INT RX RATE    TL =  0.00E+00
 223) CS2X    + M       = CS2     + M            2.293E+08
 224) CS2X    + O2      = CS      + SO2          1.951E+03
 225) CS2X    + CS2     = CS      + CS      S2   5.967E-06

CS2OH               PRODUCTION RXS              INT RX RATE    TP =  0.00E+00
 221) CS2     + OH      = CS2OH   +              6.814E+06

CS2OH                  LOSS RXS                INT RX RATE    TL =  0.00E+00
 222) CS2OH   + HV      = CS2     + OH           6.814E+06

N2                  PRODUCTION RXS              INT RX RATE    TP =  0.00E+00
  23) O1D     + N2      = O       + N2           5.722E+14
  55) CH21    + N2      = CH23    + N2           7.554E+08
  72) N       + N       = N2      +              8.033E+00
  76) N       + NO      = N2      + O            7.356E+07
 194) H       + N2O     = N2      + OH           5.221E-02
 197) O1D     + N2O     = N2      + O2           9.495E+07
 303) N2O     + HV      = N2      + O1D          9.106E+10

N2                     LOSS RXS                INT RX RATE    TL =  0.00E+00
  23) O1D     + N2      = O       + N2           5.722E+14
  55) CH21    + N2      = CH23    + N2           7.554E+08
