
O                   PRODUCTION RXS              INT RX RATE    TP =  2.19E+15
   8) H       + HO2     = H2O     + O            6.567E+07
  21) O1D     + O3      = O       + O       O2   1.256E+10
  22) OH      + OH      = H2O     + O            2.770E+08
  23) O1D     + N2      = O       + N2           5.014E+14
  24) O1D     + O2      = O       + O2           1.677E+14
  25) O2      + HV      = O       + O            1.013E-74
  26) O3      + HV      = O2      + O            4.310E-10
  73) N       + O2      = NO      + O            1.214E+08
  76) N       + NO      = N2      + O            1.263E+07
 105) SO2     + O1D     = SO2     + O            1.360E+04
 107) SO      + O2      = O       + SO2          1.598E+08
 130) S       + O2      = SO      + O            4.166E+06
 147) SO21    + O2      = SO3     + O            5.334E+04
 180) CO      + O1D     = CO      + O            2.534E+07
 182) CO2     + O1D     = CO2     + O            6.489E+11
 195) N       + NO2     = N2O     + O            7.398E+05
 213) CS      + O2      = OCS     + O            6.716E+06
 259) O2      + HV      = O       + O1D          2.940E+11
 260) O2      + HV      = O       + O            5.962E+12
 263) H2O     + HV      = H       + H       O    8.280E+07
 265) O3      + HV      = O2      + O            1.484E+15
 266) O3      + HV      = O       + O       O    1.829E+11
 268) CO2     + HV      = CO      + O            5.934E+08
 272) HO2     + HV      = OH      + O            1.963E+09
 281) HNO3    + HV      = HNO2    + O            2.020E+08
 283) NO      + HV      = N       + O            1.374E+08
 285) NO2     + HV      = NO      + O            2.124E+13
 286) SO      + HV      = S       + O            1.215E+06
 288) SO2     + HV      = SO      + O            1.445E+08
 298) SO3     + HV      = SO2     + O            3.419E+05
 299) HSO     + HV      = HS      + O            7.132E+00
 302) NO3     + HV      = NO2     + O            2.875E+10
 307) N2O5    + HV      = NO3     + NO      O    3.573E+08

O                      LOSS RXS                INT RX RATE    TL =  2.19E+15
   3) H2      + O       = OH      + H            3.221E+07
  10) OH      + O       = H       + O2           2.326E+12
  14) HO2     + O       = OH      + O2           1.462E+12
  17) O       + O       = O2      +              6.592E+10
  18) O       + O2      = O3      +              2.180E+15
  19) O       + O3      = O2      + O2           1.107E+12
  32) O       + HCO     = H       + CO2          2.505E+04
  33) O       + HCO     = OH      + CO           2.505E+04
  35) CO      + O       = CO2     +              1.047E+05
  46) H2CO    + O       = HCO     + OH           2.432E+07
  47) H2O2    + O       = OH      + HO2          1.588E+06
  60) CH3     + O       = H2CO    + H            6.737E+05
  78) NO      + O       = NO2     +              5.335E+09
  81) NO2     + O       = NO      + O2           2.717E+12
  88) O       + HNO     = OH      + NO           5.093E+04
  91) CH4     + O       = CH3     + OH           3.602E+06
  94) CH23    + O       = HCO     + H            1.023E+04
  97) C2H6    + O       = C2H5    + OH           1.318E+03
 100) C2H5    + O       = CH3     + HCO     H    4.106E-03
 109) SO      + O       = SO2     +              6.362E+04
 112) SO2     + O       = SO3     +              1.119E+05
 115) SO3     + O       = SO2     + O2           9.084E+02
 122) H2S     + O       = OH      + HS           6.824E-01
 123) HS      + O       = H       + SO           2.431E+02
 136) S2      + O       = S       + SO           1.906E+01
 169) HSO     + O       = OH      + SO           8.137E+02
 174) O       + OCS     = CO      + SO           6.439E+05
 175) O       + OCS     = S       + CO2          1.451E+00
 189) O       + NO3     = O2      + NO2          2.310E+08
 192) O       + NO2     = NO3     +              1.334E+10
 200) O       + N2O5    = NO2     + NO2     O2   7.804E+04
 208) O       + HO2NO2  = OH      + NO2     O2   1.256E+05
 211) O       + HNO3    = OH      + NO3          1.387E+06
 218) CS2     + O       = SO      + CS           1.758E+05
 219) CS2     + O       = OCS     + S            1.648E+04
 237) CS2     + O       = CO      + S2           4.595E+03
 241) CS      + O       = CO      + S            1.074E-01

O2                  PRODUCTION RXS              INT RX RATE    TP =  2.36E+15
   5) H       + O3      = OH      + O2           9.654E+11
   7) H       + HO2     = H2      + O2           2.832E+08
  10) OH      + O       = H       + O2           2.326E+12
  11) OH      + HO2     = H2O     + O2           4.210E+10
  12) OH      + O3      = HO2     + O2           4.006E+11
  14) HO2     + O       = OH      + O2           1.462E+12
  15) HO2     + O3      = OH      + O2      O2   7.909E+10
  16) HO2     + HO2     = H2O2    + O2           2.325E+10
  17) O       + O       = O2      +              6.592E+10
  19) O       + O3      = O2      + O2           1.107E+12
  20) O1D     + O3      = O2      + O2           1.256E+10
  21) O1D     + O3      = O       + O       O2   1.256E+10
  24) O1D     + O2      = O       + O2           1.677E+14
  26) O3      + HV      = O2      + O            4.310E-10
  27) O3      + O3      = O2      + O2      O2   1.266E+03
  68) CH3O2   + HO2     = CH3OOH  + O2           1.489E+10
  77) NO      + O3      = NO2     + O2           2.369E+13
  81) NO2     + O       = NO      + O2           2.717E+12
 106) SO2     + O1D     = SO      + O2           4.362E+04
 115) SO3     + O       = SO2     + O2           9.084E+02
 125) HS      + HO2     = H2S     + O2           7.911E+05
 133) S       + HO2     = HS      + O2           6.567E-03
 153) SO      + O3      = SO2     + O2           8.961E+06
 155) HS      + O3      = HSO     + O2           5.951E+08
 158) S       + O3      = SO      + O2           4.148E+02
 170) HSO     + O3      = HS      + O2      O2   5.789E+08
 189) O       + NO3     = O2      + NO2          2.310E+08
 190) HO2     + NO3     = OH      + NO2     O2   1.270E+07
 197) O1D     + N2O     = N2      + O2           6.362E+07
 200) O       + N2O5    = NO2     + NO2     O2   7.804E+04
 204) NO2     + NO3     = NO      + NO2     O2   1.397E+05
 205) NO2     + O3      = NO3     + O2           2.808E+10
 206) NO3     + NO3     = NO2     + NO2     O2   1.408E+00
 208) O       + HO2NO2  = OH      + NO2     O2   1.256E+05
 209) OH      + HO2NO2  = H2O     + NO2     O2   2.711E+09
 212) HO2     + NO2     = HNO2    + O2           1.712E+07
 215) CS      + O3      = OCS     + O2           4.064E+06
 248) CH3S    + O3      = CH3SO   + O2           1.205E+09
 250) CH3SO   + O3      = CH3SO2  + O2           1.196E+09
 252) CH3SO2  + O3      = CH3SO3  + O2           1.436E+07
 264) O3      + HV      = O2      + O1D          6.696E+14
 265) O3      + HV      = O2      + O            1.484E+15
 301) NO3     + HV      = NO      + O2           3.756E+09

O2                     LOSS RXS                INT RX RATE    TL =  2.36E+15
   6) H       + O2      = HO2     +              1.462E+12
  18) O       + O2      = O3      +              2.180E+15
  24) O1D     + O2      = O       + O2           1.677E+14
  25) O2      + HV      = O       + O            1.013E-74
  40) HCO     + O2      = HO2     + CO           1.169E+10
  41) CH2OH   + O2      = H2CO    + HO2          1.182E+07
  42) CH3O    + O2      = H2CO    + HO2          1.157E+10
  54) CH21    + O2      = HCO     + OH           2.478E+05
  58) CH23    + O2      = HCO     + OH           3.556E+05
  59) CH3     + O2      = H2CO    + OH           1.113E+03
  66) CH3     + O2      = CH3O2   +              1.572E+10
  73) N       + O2      = NO      + O            1.214E+08
 104) C2H5    + O2      = CH3     + HCO     OH   9.000E+08
 107) SO      + O2      = O       + SO2          1.598E+08
 116) HSO3    + O2      = HO2     + SO3          1.405E+09
 130) S       + O2      = SO      + O            4.166E+06
 147) SO21    + O2      = SO3     + O            5.334E+04
 213) CS      + O2      = OCS     + O            6.716E+06
 214) CS      + O2      = CO      + SO           8.396E+05
 224) CS2X    + O2      = CS      + SO2          1.955E+07
 245) C2H5S   + O2      = C2H5SO2 +              1.209E+09
 256) C2H7SO  + O2      = C2H6SO  + HO2          4.108E+08
 259) O2      + HV      = O       + O1D          2.940E+11
 260) O2      + HV      = O       + O            5.962E+12

H2O                 PRODUCTION RXS              INT RX RATE    TP =  1.89E+10
   4) H2      + OH      = H2O     + H            8.211E+10
   8) H       + HO2     = H2O     + O            6.567E+07
  11) OH      + HO2     = H2O     + O2           4.210E+10
  13) OH      + H2O2    = HO2     + H2O          1.362E+10
  22) OH      + OH      = H2O     + O            2.770E+08
  31) OH      + HCO     = H2O     + CO           1.629E+00
  43) H2CO    + OH      = H2O     + HCO          7.133E+09
  44) H       + OH      = H2O     +              1.198E+05
  48) CH4     + OH      = CH3     + H2O          1.270E+10
  69) CH3OOH  + OH      = CH3O2   + H2O          9.540E+09
  70) CH3OOH  + OH      = H2O     + H2CO    OH   4.088E+09
  84) HNO3    + OH      = H2O     + NO3          2.409E+09
  89) OH      + HNO     = H2O     + NO           1.421E+06
  90) HNO2    + OH      = H2O     + NO2          6.132E+07
  96) C2H6    + OH      = C2H5    + H2O          8.999E+08
 114) H2SO4   + H2O     = SO3     + H2O     H2O  8.033E+09
 120) H2S     + OH      = H2O     + HS           7.875E+05
 165) HSO     + OH      = H2O     + SO           2.772E+06
 209) OH      + HO2NO2  = H2O     + NO2     O2   2.711E+09
 242) C2H6S   + OH      = C2H5S   + H2O          1.208E+09
 258) CH4SO2  + OH      = CH3SO2  + H2O          4.103E+08
 291) H2SO4   + HV      = SO3     + H2O          2.194E+06

H2O                    LOSS RXS                INT RX RATE    TL =  1.73E+10
   1) H2O     + O1D     = OH      + OH           7.339E+10
 113) SO3     + H2O     = H2SO4   +              9.455E+09
 114) H2SO4   + H2O     = SO3     + H2O     H2O  8.033E+09
 203) N2O5    + H2O     = HNO3    + HNO3         4.473E+04
 261) H2O     + HV      = H       + OH           1.172E+09
 262) H2O     + HV      = H2      + O1D          5.521E+07
 263) H2O     + HV      = H       + H       O    8.280E+07

H                   PRODUCTION RXS              INT RX RATE    TP =  2.43E+12
   2) H2      + O1D     = OH      + H            6.703E+08
   3) H2      + O       = OH      + H            3.221E+07
   4) H2      + OH      = H2O     + H            8.211E+10
  10) OH      + O       = H       + O2           2.326E+12
  32) O       + HCO     = H       + CO2          2.505E+04
  34) CO      + OH      = CO2     + H            1.669E+10
  50) CH4     + O1D     = CH3O    + H            1.182E+07
  51) CH4     + O1D     = CH2OH   + H            1.182E+07
  60) CH3     + O       = H2CO    + H            6.737E+05
  75) N       + OH      = NO      + H            2.229E+06
  86) HNO     + HV      = NO      + H            1.631E+07
  92) CH21    + H2      = CH3     + H            8.656E+00
  94) CH23    + O       = HCO     + H            1.023E+04
 100) C2H5    + O       = CH3     + HCO     H    4.106E-03
 110) SO      + OH      = SO2     + H            1.614E+06
 123) HS      + O       = H       + SO           2.431E+02
 129) HS      + S       = H       + S2           9.807E-11
 131) S       + OH      = SO      + H            2.240E-01
 173) HS      + CO      = OCS     + H            2.057E-06
 226) CS      + HS      = CS2     + H            9.558E-04
 229) S       + HCS     = H       + CS2          2.040E-19
 230) HS      + CO      = OCS     + H            2.082E-06
 234) CH23    + S       = HCS     + H            1.856E-10
 261) H2O     + HV      = H       + OH           1.172E+09
 263) H2O     + HV      = H       + H       O    8.280E+07
 271) H2CO    + HV      = HCO     + H            3.629E+09
 274) CH4     + HV      = CH3     + H            5.618E+05
 275) CH4     + HV      = CH23    + H       H    9.551E+04
 276) CH3     + HV      = CH21    + H            8.684E+01
 287) H2S     + HV      = HS      + H            1.320E+00

H                      LOSS RXS                INT RX RATE    TL =  2.43E+12
   5) H       + O3      = OH      + O2           9.654E+11
   6) H       + O2      = HO2     +              1.462E+12
   7) H       + HO2     = H2      + O2           2.832E+08
   8) H       + HO2     = H2O     + O            6.567E+07
   9) H       + HO2     = OH      + OH           2.955E+09
  28) H       + CO      = HCO     +              2.421E+03
  29) H       + HCO     = H2      + CO           8.571E+01
  36) CO2     + H       = CO      + OH           2.485E-08
  38) H2CO    + H       = H2      + HCO          1.320E+03
  39) H       + H       = H2      +              9.276E+04
  44) H       + OH      = H2O     +              1.198E+05
  62) CH3     + H       = CH4     +              4.193E+00
  71) H       + NO      = HNO     +              4.702E+04
  83) NO2     + H       = NO      + OH           1.314E+08
  87) H       + HNO     = H2      + NO           1.260E+00
  99) C2H5    + H       = CH3     + CH3          7.708E-08
 121) H2S     + H       = H2      + HS           1.658E-03
 128) HS      + H       = H2      + S            1.039E-03
 163) H       + SO      = HSO     +              1.578E+01
 166) HSO     + H       = HS      + OH           2.567E-01
 167) HSO     + H       = H2      + SO           1.283E-01
 172) H       + OCS     = CO      + HS           1.459E+00
 194) H       + N2O     = N2      + OH           7.830E-04
 227) H       + CS      = HCS     +              2.963E-10
 228) H       + HCS     = H2      + CS           1.866E-10
 239) OCS     + H       = CO      + HS           1.454E+00

OH                  PRODUCTION RXS              INT RX RATE    TP =  2.94E+12
   1) H2O     + O1D     = OH      + OH           7.339E+10
   2) H2      + O1D     = OH      + H            6.703E+08
   3) H2      + O       = OH      + H            3.221E+07
   5) H       + O3      = OH      + O2           9.654E+11
   9) H       + HO2     = OH      + OH           2.955E+09
  14) HO2     + O       = OH      + O2           1.462E+12
  15) HO2     + O3      = OH      + O2      O2   7.909E+10
  33) O       + HCO     = OH      + CO           2.505E+04
  36) CO2     + H       = CO      + OH           2.485E-08
  46) H2CO    + O       = HCO     + OH           2.432E+07
  47) H2O2    + O       = OH      + HO2          1.588E+06
  49) CH4     + O1D     = CH3     + OH           8.783E+07
  54) CH21    + O2      = HCO     + OH           2.478E+05
  58) CH23    + O2      = HCO     + OH           3.556E+05
  59) CH3     + O2      = H2CO    + OH           1.113E+03
  70) CH3OOH  + OH      = H2O     + H2CO    OH   4.088E+09
  79) NO      + HO2     = NO2     + OH           2.485E+11
  83) NO2     + H       = NO      + OH           1.314E+08
  88) O       + HNO     = OH      + NO           5.093E+04
  91) CH4     + O       = CH3     + OH           3.602E+06
  97) C2H6    + O       = C2H5    + OH           1.318E+03
  98) C2H6    + O1D     = C2H5    + OH           5.914E+04
 104) C2H5    + O2      = CH3     + HCO     OH   9.000E+08
 108) SO      + HO2     = SO2     + OH           1.789E+05
 122) H2S     + O       = OH      + HS           6.824E-01
 134) S       + HO2     = SO      + OH           6.567E-03
 154) SO2     + HO2     = SO3     + OH           6.853E+04
 156) HS      + HO2     = HSO     + OH           7.911E+05
 166) HSO     + H       = HS      + OH           2.567E-01
 169) HSO     + O       = OH      + SO           8.137E+02
 190) HO2     + NO3     = OH      + NO2     O2   1.270E+07
 194) H       + N2O     = N2      + OH           7.830E-04
 199) N       + HO2     = NO      + OH           3.610E+05
 208) O       + HO2NO2  = OH      + NO2     O2   1.256E+05
 211) O       + HNO3    = OH      + NO3          1.387E+06
 222) CS2OH   + HV      = CS2     + OH           9.174E+07
 261) H2O     + HV      = H       + OH           1.172E+09
 267) H2O2    + HV      = OH      + OH           5.628E+09
 272) HO2     + HV      = OH      + O            1.963E+09
 279) HNO2    + HV      = NO      + OH           4.716E+09
 280) HNO3    + HV      = NO2     + OH           6.577E+09
 305) HO2NO2  + HV      = OH      + NO3          4.949E+08
 308) CH3OOH  + HV      = CH3O    + OH           1.191E+09

OH                     LOSS RXS                INT RX RATE    TL =  2.94E+12
   4) H2      + OH      = H2O     + H            8.211E+10
  10) OH      + O       = H       + O2           2.326E+12
  11) OH      + HO2     = H2O     + O2           4.210E+10
  12) OH      + O3      = HO2     + O2           4.006E+11
  13) OH      + H2O2    = HO2     + H2O          1.362E+10
  22) OH      + OH      = H2O     + O            2.770E+08
  31) OH      + HCO     = H2O     + CO           1.629E+00
  34) CO      + OH      = CO2     + H            1.669E+10
  43) H2CO    + OH      = H2O     + HCO          7.133E+09
  44) H       + OH      = H2O     +              1.198E+05
  45) OH      + OH      = H2O2    +              4.852E+07
  48) CH4     + OH      = CH3     + H2O          1.270E+10
  69) CH3OOH  + OH      = CH3O2   + H2O          9.540E+09
  70) CH3OOH  + OH      = H2O     + H2CO    OH   4.088E+09
  75) N       + OH      = NO      + H            2.229E+06
  80) NO      + OH      = HNO2    +              4.414E+09
  82) NO2     + OH      = HNO3    +              1.053E+10
  84) HNO3    + OH      = H2O     + NO3          2.409E+09
  89) OH      + HNO     = H2O     + NO           1.421E+06
  90) HNO2    + OH      = H2O     + NO2          6.132E+07
  96) C2H6    + OH      = C2H5    + H2O          8.999E+08
 101) C2H5    + OH      = CH3     + HCO     H2   3.674E-03
 110) SO      + OH      = SO2     + H            1.614E+06
 111) SO2     + OH      = HSO3    +              1.405E+09
 120) H2S     + OH      = H2O     + HS           7.875E+05
 131) S       + OH      = SO      + H            2.240E-01
 165) HSO     + OH      = H2O     + SO           2.772E+06
 177) OCS     + OH      = CO2     + HS           2.041E+07
 193) OH      + NO3     = HO2     + NO2          1.946E+07
 209) OH      + HO2NO2  = H2O     + NO2     O2   2.711E+09
 220) CS2     + OH      = OCS     + HS           2.294E+05
 221) CS2     + OH      = CS2OH   +              9.174E+07
 242) C2H6S   + OH      = C2H5S   + H2O          1.208E+09
 243) C2H6S   + OH      = C2H7SO  +              4.108E+08
 257) C2H6SO  + OH      = CH4SO2  + CH3          4.103E+08
 258) CH4SO2  + OH      = CH3SO2  + H2O          4.103E+08

HO2                 PRODUCTION RXS              INT RX RATE    TP =  1.91E+12
   6) H       + O2      = HO2     +              1.462E+12
  12) OH      + O3      = HO2     + O2           4.006E+11
  13) OH      + H2O2    = HO2     + H2O          1.362E+10
  40) HCO     + O2      = HO2     + CO           1.169E+10
  41) CH2OH   + O2      = H2CO    + HO2          1.182E+07
  42) CH3O    + O2      = H2CO    + HO2          1.157E+10
  47) H2O2    + O       = OH      + HO2          1.588E+06
 116) HSO3    + O2      = HO2     + SO3          1.405E+09
 193) OH      + NO3     = HO2     + NO2          1.946E+07
 210) HO2NO2  + M       = HO2     + NO2          7.388E+09
 256) C2H7SO  + O2      = C2H6SO  + HO2          4.108E+08
 304) HO2NO2  + HV      = HO2     + NO2          1.931E+09

HO2                    LOSS RXS                INT RX RATE    TL =  1.91E+12
   7) H       + HO2     = H2      + O2           2.832E+08
   8) H       + HO2     = H2O     + O            6.567E+07
   9) H       + HO2     = OH      + OH           2.955E+09
  11) OH      + HO2     = H2O     + O2           4.210E+10
  14) HO2     + O       = OH      + O2           1.462E+12
  15) HO2     + O3      = OH      + O2      O2   7.909E+10
  16) HO2     + HO2     = H2O2    + O2           2.325E+10
  68) CH3O2   + HO2     = CH3OOH  + O2           1.489E+10
  79) NO      + HO2     = NO2     + OH           2.485E+11
 108) SO      + HO2     = SO2     + OH           1.789E+05
 125) HS      + HO2     = H2S     + O2           7.911E+05
 133) S       + HO2     = HS      + O2           6.567E-03
 134) S       + HO2     = SO      + OH           6.567E-03
 154) SO2     + HO2     = SO3     + OH           6.853E+04
 156) HS      + HO2     = HSO     + OH           7.911E+05
 190) HO2     + NO3     = OH      + NO2     O2   1.270E+07
 199) N       + HO2     = NO      + OH           3.610E+05
 207) HO2     + NO2     = HO2NO2  +              1.254E+10
 212) HO2     + NO2     = HNO2    + O2           1.712E+07
 272) HO2     + HV      = OH      + O            1.963E+09

H2O2                PRODUCTION RXS              INT RX RATE    TP =  2.33E+10
  16) HO2     + HO2     = H2O2    + O2           2.325E+10
  45) OH      + OH      = H2O2    +              4.852E+07

H2O2                   LOSS RXS                INT RX RATE    TL =  2.23E+10
  13) OH      + H2O2    = HO2     + H2O          1.362E+10
  47) H2O2    + O       = OH      + HO2          1.588E+06
 267) H2O2    + HV      = OH      + OH           5.628E+09

H2                  PRODUCTION RXS              INT RX RATE    TP =  6.17E+09
   7) H       + HO2     = H2      + O2           2.832E+08
  29) H       + HCO     = H2      + CO           8.571E+01
  38) H2CO    + H       = H2      + HCO          1.320E+03
  39) H       + H       = H2      +              9.276E+04
  52) CH4     + O1D     = H2CO    + H2           5.912E+06
  87) H       + HNO     = H2      + NO           1.260E+00
 101) C2H5    + OH      = CH3     + HCO     H2   3.674E-03
 121) H2S     + H       = H2      + HS           1.658E-03
 128) HS      + H       = H2      + S            1.039E-03
 167) HSO     + H       = H2      + SO           1.283E-01
 228) H       + HCS     = H2      + CS           1.866E-10
 262) H2O     + HV      = H2      + O1D          5.521E+07
 270) H2CO    + HV      = H2      + CO           5.710E+09
 273) CH4     + HV      = CH21    + H2           5.181E+05
 277) C2H6    + HV      = CH23    + CH23    H2   1.925E-04

H2                     LOSS RXS                INT RX RATE    TL =  8.28E+10
   2) H2      + O1D     = OH      + H            6.703E+08
   3) H2      + O       = OH      + H            3.221E+07
   4) H2      + OH      = H2O     + H            8.211E+10
  92) CH21    + H2      = CH3     + H            8.656E+00

CO                  PRODUCTION RXS              INT RX RATE    TP =  1.86E+10
  29) H       + HCO     = H2      + CO           8.571E+01
  30) HCO     + HCO     = H2CO    + CO           3.104E-10
  31) OH      + HCO     = H2O     + CO           1.629E+00
  33) O       + HCO     = OH      + CO           2.505E+04
  36) CO2     + H       = CO      + OH           2.485E-08
  40) HCO     + O2      = HO2     + CO           1.169E+10
  63) CH3     + HCO     = CH4     + CO           6.591E-08
  85) HCO     + NO      = HNO     + CO           1.304E+01
  93) CH21    + CO2     = H2CO    + CO           1.058E+01
  95) CH23    + CO2     = H2CO    + CO           4.410E+00
 102) C2H5    + HCO     = C2H6    + CO           2.316E-12
 127) HS      + HCO     = H2S     + CO           1.145E-05
 132) S       + HCO     = HS      + CO           1.043E-10
 162) SO      + HCO     = HSO     + CO           4.938E-05
 172) H       + OCS     = CO      + HS           1.459E+00
 174) O       + OCS     = CO      + SO           6.439E+05
 176) OCS     + S       = CO      + S2           3.162E-05
 180) CO      + O1D     = CO      + O            2.534E+07
 214) CS      + O2      = CO      + SO           8.396E+05
 217) CS      + O3      = CO      + SO2          4.064E+06
 237) CS2     + O       = CO      + S2           4.595E+03
 239) OCS     + H       = CO      + HS           1.454E+00
 241) CS      + O       = CO      + S            1.074E-01
 268) CO2     + HV      = CO      + O            5.934E+08
 269) CO2     + HV      = CO      + O1D          5.464E+08
 270) H2CO    + HV      = H2      + CO           5.710E+09
 300) OCS     + HV      = CO      + S            2.908E+06

CO                     LOSS RXS                INT RX RATE    TL =  1.67E+10
  28) H       + CO      = HCO     +              2.421E+03
  34) CO      + OH      = CO2     + H            1.669E+10
  35) CO      + O       = CO2     +              1.047E+05
 173) HS      + CO      = OCS     + H            2.057E-06
 179) S       + CO      = OCS     +              6.165E-08
 180) CO      + O1D     = CO      + O            2.534E+07
 188) OCS2    + CO      = OCS     + OCS          1.699E-05
 230) HS      + CO      = OCS     + H            2.082E-06

HCO                 PRODUCTION RXS              INT RX RATE    TP =  1.17E+10
  28) H       + CO      = HCO     +              2.421E+03
  38) H2CO    + H       = H2      + HCO          1.320E+03
  43) H2CO    + OH      = H2O     + HCO          7.133E+09
  46) H2CO    + O       = HCO     + OH           2.432E+07
  54) CH21    + O2      = HCO     + OH           2.478E+05
  58) CH23    + O2      = HCO     + OH           3.556E+05
  65) CH3     + H2CO    = CH4     + HCO          1.307E-06
  94) CH23    + O       = HCO     + H            1.023E+04
 100) C2H5    + O       = CH3     + HCO     H    4.106E-03
 101) C2H5    + OH      = CH3     + HCO     H2   3.674E-03
 104) C2H5    + O2      = CH3     + HCO     OH   9.000E+08
 271) H2CO    + HV      = HCO     + H            3.629E+09

HCO                    LOSS RXS                INT RX RATE    TL =  1.17E+10
  29) H       + HCO     = H2      + CO           8.571E+01
  30) HCO     + HCO     = H2CO    + CO           3.104E-10
  31) OH      + HCO     = H2O     + CO           1.629E+00
  32) O       + HCO     = H       + CO2          2.505E+04
  33) O       + HCO     = OH      + CO           2.505E+04
  40) HCO     + O2      = HO2     + CO           1.169E+10
  63) CH3     + HCO     = CH4     + CO           6.591E-08
  85) HCO     + NO      = HNO     + CO           1.304E+01
 102) C2H5    + HCO     = C2H6    + CO           2.316E-12
 127) HS      + HCO     = H2S     + CO           1.145E-05
 132) S       + HCO     = HS      + CO           1.043E-10
 162) SO      + HCO     = HSO     + CO           4.938E-05

H2CO                PRODUCTION RXS              INT RX RATE    TP =  1.69E+10
  30) HCO     + HCO     = H2CO    + CO           3.104E-10
  41) CH2OH   + O2      = H2CO    + HO2          1.182E+07
  42) CH3O    + O2      = H2CO    + HO2          1.157E+10
  52) CH4     + O1D     = H2CO    + H2           5.912E+06
  59) CH3     + O2      = H2CO    + OH           1.113E+03
  60) CH3     + O       = H2CO    + H            6.737E+05
  70) CH3OOH  + OH      = H2O     + H2CO    OH   4.088E+09
  93) CH21    + CO2     = H2CO    + CO           1.058E+01
  95) CH23    + CO2     = H2CO    + CO           4.410E+00
 247) C2H5SO  + HV      = H2CO    + CH3S         1.209E+09

H2CO                   LOSS RXS                INT RX RATE    TL =  1.67E+10
  38) H2CO    + H       = H2      + HCO          1.320E+03
  43) H2CO    + OH      = H2O     + HCO          7.133E+09
  46) H2CO    + O       = HCO     + OH           2.432E+07
  65) CH3     + H2CO    = CH4     + HCO          1.307E-06
 270) H2CO    + HV      = H2      + CO           5.710E+09
 271) H2CO    + HV      = HCO     + H            3.629E+09

CH3O                PRODUCTION RXS              INT RX RATE    TP =  1.16E+10
  50) CH4     + O1D     = CH3O    + H            1.182E+07
  67) CH3O2   + NO      = CH3O    + NO2          1.037E+10
 308) CH3OOH  + HV      = CH3O    + OH           1.191E+09

CH3O                   LOSS RXS                INT RX RATE    TL =  1.16E+10
  42) CH3O    + O2      = H2CO    + HO2          1.157E+10

CH2OH               PRODUCTION RXS              INT RX RATE    TP =  1.18E+07
  51) CH4     + O1D     = CH2OH   + H            1.182E+07

CH2OH                  LOSS RXS                INT RX RATE    TL =  1.18E+07
  41) CH2OH   + O2      = H2CO    + HO2          1.182E+07

CH3O2               PRODUCTION RXS              INT RX RATE    TP =  2.53E+10
  66) CH3     + O2      = CH3O2   +              1.572E+10
  69) CH3OOH  + OH      = CH3O2   + H2O          9.540E+09

CH3O2                  LOSS RXS                INT RX RATE    TL =  2.53E+10
  67) CH3O2   + NO      = CH3O    + NO2          1.037E+10
  68) CH3O2   + HO2     = CH3OOH  + O2           1.489E+10

CH3OOH              PRODUCTION RXS              INT RX RATE    TP =  1.49E+10
  68) CH3O2   + HO2     = CH3OOH  + O2           1.489E+10

CH3OOH                 LOSS RXS                INT RX RATE    TL =  1.49E+10
  69) CH3OOH  + OH      = CH3O2   + H2O          9.540E+09
  70) CH3OOH  + OH      = H2O     + H2CO    OH   4.088E+09
 308) CH3OOH  + HV      = CH3O    + OH           1.191E+09

CH4                 PRODUCTION RXS              INT RX RATE    TP =  4.19E+00
  62) CH3     + H       = CH4     +              4.193E+00
  63) CH3     + HCO     = CH4     + CO           6.591E-08
  64) CH3     + HNO     = CH4     + NO           5.651E-06
  65) CH3     + H2CO    = CH4     + HCO          1.307E-06
 233) CH3     + HCS     = CH4     + CS           3.633E-15
 278) C2H6    + HV      = CH4     + CH21         4.812E-05

CH4                    LOSS RXS                INT RX RATE    TL =  1.28E+10
  48) CH4     + OH      = CH3     + H2O          1.270E+10
  49) CH4     + O1D     = CH3     + OH           8.783E+07
  50) CH4     + O1D     = CH3O    + H            1.182E+07
  51) CH4     + O1D     = CH2OH   + H            1.182E+07
  52) CH4     + O1D     = H2CO    + H2           5.912E+06
  53) CH21    + CH4     = CH3     + CH3          2.803E-14
  91) CH4     + O       = CH3     + OH           3.602E+06
 273) CH4     + HV      = CH21    + H2           5.181E+05
 274) CH4     + HV      = CH3     + H            5.618E+05
 275) CH4     + HV      = CH23    + H       H    9.551E+04

CH3                 PRODUCTION RXS              INT RX RATE    TP =  1.57E+10
  48) CH4     + OH      = CH3     + H2O          1.270E+10
  49) CH4     + O1D     = CH3     + OH           8.783E+07
  53) CH21    + CH4     = CH3     + CH3          2.803E-14
  91) CH4     + O       = CH3     + OH           3.602E+06
  92) CH21    + H2      = CH3     + H            8.656E+00
  99) C2H5    + H       = CH3     + CH3          7.708E-08
 100) C2H5    + O       = CH3     + HCO     H    4.106E-03
 101) C2H5    + OH      = CH3     + HCO     H2   3.674E-03
 104) C2H5    + O2      = CH3     + HCO     OH   9.000E+08
 254) CH3SO2  + HV      = CH3     + SO2          1.605E+09
 255) CH3SO3  + HV      = CH3     + SO3          1.439E+07
 257) C2H6SO  + OH      = CH4SO2  + CH3          4.103E+08
 274) CH4     + HV      = CH3     + H            5.618E+05

CH3                    LOSS RXS                INT RX RATE    TL =  1.57E+10
  59) CH3     + O2      = H2CO    + OH           1.113E+03
  60) CH3     + O       = H2CO    + H            6.737E+05
  61) CH3     + CH3     = C2H6    +              9.725E-06
  62) CH3     + H       = CH4     +              4.193E+00
  63) CH3     + HCO     = CH4     + CO           6.591E-08
  64) CH3     + HNO     = CH4     + NO           5.651E-06
  65) CH3     + H2CO    = CH4     + HCO          1.307E-06
  66) CH3     + O2      = CH3O2   +              1.572E+10
 233) CH3     + HCS     = CH4     + CS           3.633E-15
 276) CH3     + HV      = CH21    + H            8.684E+01

C2H6                PRODUCTION RXS              INT RX RATE    TP =  9.74E-06
  61) CH3     + CH3     = C2H6    +              9.725E-06
 102) C2H5    + HCO     = C2H6    + CO           2.316E-12
 103) C2H5    + HNO     = C2H6    + NO           1.621E-08

C2H6                   LOSS RXS                INT RX RATE    TL =  9.00E+08
  96) C2H6    + OH      = C2H5    + H2O          8.999E+08
  97) C2H6    + O       = C2H5    + OH           1.318E+03
  98) C2H6    + O1D     = C2H5    + OH           5.914E+04
 277) C2H6    + HV      = CH23    + CH23    H2   1.925E-04
 278) C2H6    + HV      = CH4     + CH21         4.812E-05

NO                  PRODUCTION RXS              INT RX RATE    TP =  2.40E+13
  64) CH3     + HNO     = CH4     + NO           5.651E-06
  73) N       + O2      = NO      + O            1.214E+08
  75) N       + OH      = NO      + H            2.229E+06
  81) NO2     + O       = NO      + O2           2.717E+12
  83) NO2     + H       = NO      + OH           1.314E+08
  86) HNO     + HV      = NO      + H            1.631E+07
  87) H       + HNO     = H2      + NO           1.260E+00
  88) O       + HNO     = OH      + NO           5.093E+04
  89) OH      + HNO     = H2O     + NO           1.421E+06
 103) C2H5    + HNO     = C2H6    + NO           1.621E-08
 152) SO      + NO2     = SO2     + NO           3.131E+06
 157) HS      + NO2     = HSO     + NO           3.595E+06
 198) O1D     + N2O     = NO      + NO           9.954E+07
 199) N       + HO2     = NO      + OH           3.610E+05
 204) NO2     + NO3     = NO      + NO2     O2   1.397E+05
 249) CH3S    + NO2     = CH3SO   + NO           4.017E+06
 251) CH3SO   + NO2     = CH3SO2  + NO           1.322E+07
 253) CH3SO2  + NO2     = CH3SO3  + NO           2.906E+04
 279) HNO2    + HV      = NO      + OH           4.716E+09
 284) NO2     + HV      = NO      + O1D          3.243E+09
 285) NO2     + HV      = NO      + O            2.124E+13
 301) NO3     + HV      = NO      + O2           3.756E+09
 307) N2O5    + HV      = NO3     + NO      O    3.573E+08

NO                     LOSS RXS                INT RX RATE    TL =  2.40E+13
  67) CH3O2   + NO      = CH3O    + NO2          1.037E+10
  71) H       + NO      = HNO     +              4.702E+04
  76) N       + NO      = N2      + O            1.263E+07
  77) NO      + O3      = NO2     + O2           2.369E+13
  78) NO      + O       = NO2     +              5.335E+09
  79) NO      + HO2     = NO2     + OH           2.485E+11
  80) NO      + OH      = HNO2    +              4.414E+09
  85) HCO     + NO      = HNO     + CO           1.304E+01
 164) HSO     + NO      = HNO     + SO           1.775E+07
 191) NO      + NO3     = NO2     + NO2          1.155E+10
 246) C2H5SO2 + NO      = C2H5SO  + NO2          1.209E+09
 283) NO      + HV      = N       + O            1.374E+08

NO2                 PRODUCTION RXS              INT RX RATE    TP =  2.40E+13
  67) CH3O2   + NO      = CH3O    + NO2          1.037E+10
  77) NO      + O3      = NO2     + O2           2.369E+13
  78) NO      + O       = NO2     +              5.335E+09
  79) NO      + HO2     = NO2     + OH           2.485E+11
  90) HNO2    + OH      = H2O     + NO2          6.132E+07
 189) O       + NO3     = O2      + NO2          2.310E+08
 190) HO2     + NO3     = OH      + NO2     O2   1.270E+07
 191) NO      + NO3     = NO2     + NO2          1.155E+10
 193) OH      + NO3     = HO2     + NO2          1.946E+07
 200) O       + N2O5    = NO2     + NO2     O2   7.804E+04
 202) N2O5    + M       = NO3     + NO2          4.372E+06
 204) NO2     + NO3     = NO      + NO2     O2   1.397E+05
 206) NO3     + NO3     = NO2     + NO2     O2   1.408E+00
 208) O       + HO2NO2  = OH      + NO2     O2   1.256E+05
 209) OH      + HO2NO2  = H2O     + NO2     O2   2.711E+09
 210) HO2NO2  + M       = HO2     + NO2          7.388E+09
 246) C2H5SO2 + NO      = C2H5SO  + NO2          1.209E+09
 280) HNO3    + HV      = NO2     + OH           6.577E+09
 302) NO3     + HV      = NO2     + O            2.875E+10
 304) HO2NO2  + HV      = HO2     + NO2          1.931E+09
 306) N2O5    + HV      = NO3     + NO2          8.577E+07

NO2                    LOSS RXS                INT RX RATE    TL =  2.40E+13
  81) NO2     + O       = NO      + O2           2.717E+12
  82) NO2     + OH      = HNO3    +              1.053E+10
  83) NO2     + H       = NO      + OH           1.314E+08
 152) SO      + NO2     = SO2     + NO           3.131E+06
 157) HS      + NO2     = HSO     + NO           3.595E+06
 192) O       + NO2     = NO3     +              1.334E+10
 195) N       + NO2     = N2O     + O            7.398E+05
 201) NO2     + NO3     = N2O5    +              4.475E+08
 204) NO2     + NO3     = NO      + NO2     O2   1.397E+05
 205) NO2     + O3      = NO3     + O2           2.808E+10
 207) HO2     + NO2     = HO2NO2  +              1.254E+10
 212) HO2     + NO2     = HNO2    + O2           1.712E+07
 249) CH3S    + NO2     = CH3SO   + NO           4.017E+06
 251) CH3SO   + NO2     = CH3SO2  + NO           1.322E+07
 253) CH3SO2  + NO2     = CH3SO3  + NO           2.906E+04
 284) NO2     + HV      = NO      + O1D          3.243E+09
 285) NO2     + HV      = NO      + O            2.124E+13

HNO                 PRODUCTION RXS              INT RX RATE    TP =  1.78E+07
  71) H       + NO      = HNO     +              4.702E+04
  85) HCO     + NO      = HNO     + CO           1.304E+01
 164) HSO     + NO      = HNO     + SO           1.775E+07

HNO                    LOSS RXS                INT RX RATE    TL =  1.78E+07
  64) CH3     + HNO     = CH4     + NO           5.651E-06
  86) HNO     + HV      = NO      + H            1.631E+07
  87) H       + HNO     = H2      + NO           1.260E+00
  88) O       + HNO     = OH      + NO           5.093E+04
  89) OH      + HNO     = H2O     + NO           1.421E+06
 103) C2H5    + HNO     = C2H6    + NO           1.621E-08

H2S                 PRODUCTION RXS              INT RX RATE    TP =  7.91E+05
 125) HS      + HO2     = H2S     + O2           7.911E+05
 126) HS      + HS      = H2S     + S            1.584E+01
 127) HS      + HCO     = H2S     + CO           1.145E-05
 168) HSO     + HS      = H2S     + SO           3.666E+01
 235) HS      + HCS     = H2S     + CS           2.954E-10

H2S                    LOSS RXS                INT RX RATE    TL =  7.87E+05
 120) H2S     + OH      = H2O     + HS           7.875E+05
 121) H2S     + H       = H2      + HS           1.658E-03
 122) H2S     + O       = OH      + HS           6.824E-01
 287) H2S     + HV      = HS      + H            1.320E+00

HS                  PRODUCTION RXS              INT RX RATE    TP =  6.00E+08
 120) H2S     + OH      = H2O     + HS           7.875E+05
 121) H2S     + H       = H2      + HS           1.658E-03
 122) H2S     + O       = OH      + HS           6.824E-01
 132) S       + HCO     = HS      + CO           1.043E-10
 133) S       + HO2     = HS      + O2           6.567E-03
 166) HSO     + H       = HS      + OH           2.567E-01
 170) HSO     + O3      = HS      + O2      O2   5.789E+08
 171) HSO     + S       = HS      + SO           4.362E-09
 172) H       + OCS     = CO      + HS           1.459E+00
 177) OCS     + OH      = CO2     + HS           2.041E+07
 220) CS2     + OH      = OCS     + HS           2.294E+05
 231) CH21    + S2      = HCS     + HS           1.437E-23
 232) CH23    + S2      = HCS     + HS           2.007E-23
 236) S       + HCS     = HS      + CS           1.020E-19
 239) OCS     + H       = CO      + HS           1.454E+00
 287) H2S     + HV      = HS      + H            1.320E+00
 299) HSO     + HV      = HS      + O            7.132E+00

HS                     LOSS RXS                INT RX RATE    TL =  6.00E+08
 123) HS      + O       = H       + SO           2.431E+02
 125) HS      + HO2     = H2S     + O2           7.911E+05
 126) HS      + HS      = H2S     + S            1.584E+01
 127) HS      + HCO     = H2S     + CO           1.145E-05
 128) HS      + H       = H2      + S            1.039E-03
 129) HS      + S       = H       + S2           9.807E-11
 155) HS      + O3      = HSO     + O2           5.951E+08
 156) HS      + HO2     = HSO     + OH           7.911E+05
 157) HS      + NO2     = HSO     + NO           3.595E+06
 168) HSO     + HS      = H2S     + SO           3.666E+01
 173) HS      + CO      = OCS     + H            2.057E-06
 226) CS      + HS      = CS2     + H            9.558E-04
 230) HS      + CO      = OCS     + H            2.082E-06
 235) HS      + HCS     = H2S     + CS           2.954E-10

S                   PRODUCTION RXS              INT RX RATE    TP =  4.17E+06
 126) HS      + HS      = H2S     + S            1.584E+01
 128) HS      + H       = H2      + S            1.039E-03
 136) S2      + O       = S       + SO           1.906E+01
 159) SO      + SO      = SO2     + S            3.032E-02
 175) O       + OCS     = S       + CO2          1.451E+00
 219) CS2     + O       = OCS     + S            1.648E+04
 241) CS      + O       = CO      + S            1.074E-01
 286) SO      + HV      = S       + O            1.215E+06
 292) S2      + HV      = S       + S            4.576E+03
 294) S3      + HV      = S2      + S            1.087E-12
 300) OCS     + HV      = CO      + S            2.908E+06
 309) CS2     + HV      = CS      + S            1.845E+04

S                      LOSS RXS                INT RX RATE    TL =  4.17E+06
 129) HS      + S       = H       + S2           9.807E-11
 130) S       + O2      = SO      + O            4.166E+06
 131) S       + OH      = SO      + H            2.240E-01
 132) S       + HCO     = HS      + CO           1.043E-10
 133) S       + HO2     = HS      + O2           6.567E-03
 134) S       + HO2     = SO      + OH           6.567E-03
 135) S       + S       = S2      +              3.153E-18
 139) S       + S2      = S3      +              1.087E-12
 141) S       + S3      = S4      +              2.765E-32
 158) S       + O3      = SO      + O2           4.148E+02
 171) HSO     + S       = HS      + SO           4.362E-09
 176) OCS     + S       = CO      + S2           3.162E-05
 179) S       + CO      = OCS     +              6.165E-08
 184) OCS     + S       = OCS2    +              1.699E-05
 185) OCS2    + S       = OCS     + S2           1.032E-19
 229) S       + HCS     = H       + CS2          2.040E-19
 234) CH23    + S       = HCS     + H            1.856E-10
 236) S       + HCS     = HS      + CS           1.020E-19
 240) CS2     + S       = CS      + S2           8.562E-10

SO                  PRODUCTION RXS              INT RX RATE    TP =  1.75E+08
 106) SO2     + O1D     = SO      + O2           4.362E+04
 123) HS      + O       = H       + SO           2.431E+02
 130) S       + O2      = SO      + O            4.166E+06
 131) S       + OH      = SO      + H            2.240E-01
 134) S       + HO2     = SO      + OH           6.567E-03
 136) S2      + O       = S       + SO           1.906E+01
 148) SO21    + SO2     = SO3     + SO           4.072E-01
 151) SO23    + SO2     = SO3     + SO           5.202E-02
 158) S       + O3      = SO      + O2           4.148E+02
 164) HSO     + NO      = HNO     + SO           1.775E+07
 165) HSO     + OH      = H2O     + SO           2.772E+06
 167) HSO     + H       = H2      + SO           1.283E-01
 168) HSO     + HS      = H2S     + SO           3.666E+01
 169) HSO     + O       = OH      + SO           8.137E+02
 171) HSO     + S       = HS      + SO           4.362E-09
 174) O       + OCS     = CO      + SO           6.439E+05
 214) CS      + O2      = CO      + SO           8.396E+05
 216) CS      + O3      = SO      + CO2          4.064E+06
 218) CS2     + O       = SO      + CS           1.758E+05
 288) SO2     + HV      = SO      + O            1.445E+08

SO                     LOSS RXS                INT RX RATE    TL =  1.75E+08
 107) SO      + O2      = O       + SO2          1.598E+08
 108) SO      + HO2     = SO2     + OH           1.789E+05
 109) SO      + O       = SO2     +              6.362E+04
 110) SO      + OH      = SO2     + H            1.614E+06
 152) SO      + NO2     = SO2     + NO           3.131E+06
 153) SO      + O3      = SO2     + O2           8.961E+06
 159) SO      + SO      = SO2     + S            3.032E-02
 160) SO3     + SO      = SO2     + SO2          1.418E-02
 162) SO      + HCO     = HSO     + CO           4.938E-05
 163) H       + SO      = HSO     +              1.578E+01
 238) CS2     + SO      = OCS     + S2           3.407E-04
 286) SO      + HV      = S       + O            1.215E+06

SO2                 PRODUCTION RXS              INT RX RATE    TP =  2.97E+10
 105) SO2     + O1D     = SO2     + O            1.360E+04
 107) SO      + O2      = O       + SO2          1.598E+08
 108) SO      + HO2     = SO2     + OH           1.789E+05
 109) SO      + O       = SO2     +              6.362E+04
 110) SO      + OH      = SO2     + H            1.614E+06
 115) SO3     + O       = SO2     + O2           9.084E+02
 144) SO21    + M       = SO2     + M            2.507E+10
 146) SO21    + HV      = SO2     + HV           8.097E+07
 149) SO23    + M       = SO2     + M            2.725E+09
 150) SO23    + HV      = SO2     + HV           1.793E+07
 152) SO      + NO2     = SO2     + NO           3.131E+06
 153) SO      + O3      = SO2     + O2           8.961E+06
 159) SO      + SO      = SO2     + S            3.032E-02
 160) SO3     + SO      = SO2     + SO2          1.418E-02
 217) CS      + O3      = CO      + SO2          4.064E+06
 224) CS2X    + O2      = CS      + SO2          1.955E+07
 254) CH3SO2  + HV      = CH3     + SO2          1.605E+09
 298) SO3     + HV      = SO2     + O            3.419E+05

SO2                    LOSS RXS                INT RX RATE    TL =  2.98E+10
 105) SO2     + O1D     = SO2     + O            1.360E+04
 106) SO2     + O1D     = SO      + O2           4.362E+04
 111) SO2     + OH      = HSO3    +              1.405E+09
 112) SO2     + O       = SO3     +              1.119E+05
 148) SO21    + SO2     = SO3     + SO           4.072E-01
 151) SO23    + SO2     = SO3     + SO           5.202E-02
 154) SO2     + HO2     = SO3     + OH           6.853E+04
 288) SO2     + HV      = SO      + O            1.445E+08
 289) SO2     + HV      = SO21    +              2.767E+10
 290) SO2     + HV      = SO23    +              2.301E+08

H2SO4               PRODUCTION RXS              INT RX RATE    TP =  9.46E+09
 113) SO3     + H2O     = H2SO4   +              9.455E+09

H2SO4                  LOSS RXS                INT RX RATE    TL =  9.31E+09
 114) H2SO4   + H2O     = SO3     + H2O     H2O  8.033E+09
 291) H2SO4   + HV      = SO3     + H2O          2.194E+06

HSO                 PRODUCTION RXS              INT RX RATE    TP =  6.00E+08
 155) HS      + O3      = HSO     + O2           5.951E+08
 156) HS      + HO2     = HSO     + OH           7.911E+05
 157) HS      + NO2     = HSO     + NO           3.595E+06
 162) SO      + HCO     = HSO     + CO           4.938E-05
 163) H       + SO      = HSO     +              1.578E+01

HSO                    LOSS RXS                INT RX RATE    TL =  5.99E+08
 164) HSO     + NO      = HNO     + SO           1.775E+07
 165) HSO     + OH      = H2O     + SO           2.772E+06
 166) HSO     + H       = HS      + OH           2.567E-01
 167) HSO     + H       = H2      + SO           1.283E-01
 168) HSO     + HS      = H2S     + SO           3.666E+01
 169) HSO     + O       = OH      + SO           8.137E+02
 170) HSO     + O3      = HS      + O2      O2   5.789E+08
 171) HSO     + S       = HS      + SO           4.362E-09
 299) HSO     + HV      = HS      + O            7.132E+00

S2                  PRODUCTION RXS              INT RX RATE    TP =  4.59E+03
 129) HS      + S       = H       + S2           9.807E-11
 135) S       + S       = S2      +              3.153E-18
 176) OCS     + S       = CO      + S2           3.162E-05
 185) OCS2    + S       = OCS     + S2           1.032E-19
 225) CS2X    + CS2     = CS      + CS      S2   2.348E-04
 237) CS2     + O       = CO      + S2           4.595E+03
 238) CS2     + SO      = OCS     + S2           3.407E-04
 240) CS2     + S       = CS      + S2           8.562E-10
 293) S4      + HV      = S2      + S2           1.794E-02
 294) S3      + HV      = S2      + S            1.087E-12

S2                     LOSS RXS                INT RX RATE    TL =  4.59E+03
 136) S2      + O       = S       + SO           1.906E+01
 139) S       + S2      = S3      +              1.087E-12
 140) S2      + S2      = S4      +              1.794E-02
 231) CH21    + S2      = HCS     + HS           1.437E-23
 232) CH23    + S2      = HCS     + HS           2.007E-23
 292) S2      + HV      = S       + S            4.576E+03

S4                  PRODUCTION RXS              INT RX RATE    TP =  1.79E-02
 140) S2      + S2      = S4      +              1.794E-02
 141) S       + S3      = S4      +              2.765E-32
 297) S8      + HV      = S4      + S4           2.070E-19

S4                     LOSS RXS                INT RX RATE    TL =  1.79E-02
 142) S4      + S4      = S8      +              2.070E-19
 293) S4      + HV      = S2      + S2           1.794E-02

S8                  PRODUCTION RXS              INT RX RATE    TP =  2.07E-19
 142) S4      + S4      = S8      +              2.070E-19

S8                     LOSS RXS                INT RX RATE    TL =  2.07E-19
 297) S8      + HV      = S4      + S4           2.070E-19

SO3                 PRODUCTION RXS              INT RX RATE    TP =  9.46E+09
 112) SO2     + O       = SO3     +              1.119E+05
 114) H2SO4   + H2O     = SO3     + H2O     H2O  8.033E+09
 116) HSO3    + O2      = HO2     + SO3          1.405E+09
 147) SO21    + O2      = SO3     + O            5.334E+04
 148) SO21    + SO2     = SO3     + SO           4.072E-01
 151) SO23    + SO2     = SO3     + SO           5.202E-02
 154) SO2     + HO2     = SO3     + OH           6.853E+04
 255) CH3SO3  + HV      = CH3     + SO3          1.439E+07
 291) H2SO4   + HV      = SO3     + H2O          2.194E+06

SO3                    LOSS RXS                INT RX RATE    TL =  9.46E+09
 113) SO3     + H2O     = H2SO4   +              9.455E+09
 115) SO3     + O       = SO2     + O2           9.084E+02
 160) SO3     + SO      = SO2     + SO2          1.418E-02
 298) SO3     + HV      = SO2     + O            3.419E+05

OCS                 PRODUCTION RXS              INT RX RATE    TP =  1.10E+07
 173) HS      + CO      = OCS     + H            2.057E-06
 179) S       + CO      = OCS     +              6.165E-08
 185) OCS2    + S       = OCS     + S2           1.032E-19
 188) OCS2    + CO      = OCS     + OCS          1.699E-05
 213) CS      + O2      = OCS     + O            6.716E+06
 215) CS      + O3      = OCS     + O2           4.064E+06
 219) CS2     + O       = OCS     + S            1.648E+04
 220) CS2     + OH      = OCS     + HS           2.294E+05
 230) HS      + CO      = OCS     + H            2.082E-06
 238) CS2     + SO      = OCS     + S2           3.407E-04

OCS                    LOSS RXS                INT RX RATE    TL =  2.40E+07
 172) H       + OCS     = CO      + HS           1.459E+00
 174) O       + OCS     = CO      + SO           6.439E+05
 175) O       + OCS     = S       + CO2          1.451E+00
 176) OCS     + S       = CO      + S2           3.162E-05
 177) OCS     + OH      = CO2     + HS           2.041E+07
 184) OCS     + S       = OCS2    +              1.699E-05
 239) OCS     + H       = CO      + HS           1.454E+00
 300) OCS     + HV      = CO      + S            2.908E+06

S3                  PRODUCTION RXS              INT RX RATE    TP =  1.09E-12
 139) S       + S2      = S3      +              1.087E-12

S3                     LOSS RXS                INT RX RATE    TL =  1.09E-12
 141) S       + S3      = S4      +              2.765E-32
 294) S3      + HV      = S2      + S            1.087E-12

O3                  PRODUCTION RXS              INT RX RATE    TP =  2.18E+15
  18) O       + O2      = O3      +              2.180E+15

O3                     LOSS RXS                INT RX RATE    TL =  2.18E+15
   5) H       + O3      = OH      + O2           9.654E+11
  12) OH      + O3      = HO2     + O2           4.006E+11
  15) HO2     + O3      = OH      + O2      O2   7.909E+10
  19) O       + O3      = O2      + O2           1.107E+12
  20) O1D     + O3      = O2      + O2           1.256E+10
  21) O1D     + O3      = O       + O       O2   1.256E+10
  26) O3      + HV      = O2      + O            4.310E-10
  27) O3      + O3      = O2      + O2      O2   1.266E+03
  77) NO      + O3      = NO2     + O2           2.369E+13
 153) SO      + O3      = SO2     + O2           8.961E+06
 155) HS      + O3      = HSO     + O2           5.951E+08
 158) S       + O3      = SO      + O2           4.148E+02
 170) HSO     + O3      = HS      + O2      O2   5.789E+08
 205) NO2     + O3      = NO3     + O2           2.808E+10
 215) CS      + O3      = OCS     + O2           4.064E+06
 216) CS      + O3      = SO      + CO2          4.064E+06
 217) CS      + O3      = CO      + SO2          4.064E+06
 248) CH3S    + O3      = CH3SO   + O2           1.205E+09
 250) CH3SO   + O3      = CH3SO2  + O2           1.196E+09
 252) CH3SO2  + O3      = CH3SO3  + O2           1.436E+07
 264) O3      + HV      = O2      + O1D          6.696E+14
 265) O3      + HV      = O2      + O            1.484E+15
 266) O3      + HV      = O       + O       O    1.829E+11

HNO3                PRODUCTION RXS              INT RX RATE    TP =  1.05E+10
  82) NO2     + OH      = HNO3    +              1.053E+10
 203) N2O5    + H2O     = HNO3    + HNO3         4.473E+04
 244) C2H6S   + NO3     = C2H5S   + HNO3         9.706E+05

HNO3                   LOSS RXS                INT RX RATE    TL =  1.03E+10
  84) HNO3    + OH      = H2O     + NO3          2.409E+09
 211) O       + HNO3    = OH      + NO3          1.387E+06
 280) HNO3    + HV      = NO2     + OH           6.577E+09
 281) HNO3    + HV      = HNO2    + O            2.020E+08
 282) HNO3    + HV      = HNO2    + O1D          1.450E+08

N                   PRODUCTION RXS              INT RX RATE    TP =  1.37E+08
 283) NO      + HV      = N       + O            1.374E+08

N                      LOSS RXS                INT RX RATE    TL =  1.37E+08
  72) N       + N       = N2      +              2.286E-03
  73) N       + O2      = NO      + O            1.214E+08
  75) N       + OH      = NO      + H            2.229E+06
  76) N       + NO      = N2      + O            1.263E+07
 195) N       + NO2     = N2O     + O            7.398E+05
 199) N       + HO2     = NO      + OH           3.610E+05

NO3                 PRODUCTION RXS              INT RX RATE    TP =  4.48E+10
  84) HNO3    + OH      = H2O     + NO3          2.409E+09
 192) O       + NO2     = NO3     +              1.334E+10
 202) N2O5    + M       = NO3     + NO2          4.372E+06
 205) NO2     + O3      = NO3     + O2           2.808E+10
 211) O       + HNO3    = OH      + NO3          1.387E+06
 305) HO2NO2  + HV      = OH      + NO3          4.949E+08
 306) N2O5    + HV      = NO3     + NO2          8.577E+07
 307) N2O5    + HV      = NO3     + NO      O    3.573E+08

NO3                    LOSS RXS                INT RX RATE    TL =  4.48E+10
 189) O       + NO3     = O2      + NO2          2.310E+08
 190) HO2     + NO3     = OH      + NO2     O2   1.270E+07
 191) NO      + NO3     = NO2     + NO2          1.155E+10
 193) OH      + NO3     = HO2     + NO2          1.946E+07
 201) NO2     + NO3     = N2O5    +              4.475E+08
 204) NO2     + NO3     = NO      + NO2     O2   1.397E+05
 206) NO3     + NO3     = NO2     + NO2     O2   1.408E+00
 244) C2H6S   + NO3     = C2H5S   + HNO3         9.706E+05
 301) NO3     + HV      = NO      + O2           3.756E+09
 302) NO3     + HV      = NO2     + O            2.875E+10

N2O                 PRODUCTION RXS              INT RX RATE    TP =  7.40E+05
 195) N       + NO2     = N2O     + O            7.398E+05

N2O                    LOSS RXS                INT RX RATE    TL =  1.32E+09
 194) H       + N2O     = N2      + OH           7.830E-04
 197) O1D     + N2O     = N2      + O2           6.362E+07
 198) O1D     + N2O     = NO      + NO           9.954E+07
 303) N2O     + HV      = N2      + O1D          1.140E+09

HO2NO2              PRODUCTION RXS              INT RX RATE    TP =  1.25E+10
 207) HO2     + NO2     = HO2NO2  +              1.254E+10

HO2NO2                 LOSS RXS                INT RX RATE    TL =  1.25E+10
 208) O       + HO2NO2  = OH      + NO2     O2   1.256E+05
 209) OH      + HO2NO2  = H2O     + NO2     O2   2.711E+09
 210) HO2NO2  + M       = HO2     + NO2          7.388E+09
 304) HO2NO2  + HV      = HO2     + NO2          1.931E+09
 305) HO2NO2  + HV      = OH      + NO3          4.949E+08

N2O5                PRODUCTION RXS              INT RX RATE    TP =  4.48E+08
 201) NO2     + NO3     = N2O5    +              4.475E+08

N2O5                   LOSS RXS                INT RX RATE    TL =  4.48E+08
 200) O       + N2O5    = NO2     + NO2     O2   7.804E+04
 202) N2O5    + M       = NO3     + NO2          4.372E+06
 203) N2O5    + H2O     = HNO3    + HNO3         4.473E+04
 306) N2O5    + HV      = NO3     + NO2          8.577E+07
 307) N2O5    + HV      = NO3     + NO      O    3.573E+08

NH                  PRODUCTION RXS              INT RX RATE    TP =  0.00E+00

NH                     LOSS RXS                INT RX RATE    TL =  0.00E+00

NH2                 PRODUCTION RXS              INT RX RATE    TP =  0.00E+00

NH2                    LOSS RXS                INT RX RATE    TL =  0.00E+00

NH3                 PRODUCTION RXS              INT RX RATE    TP =  0.00E+00

NH3                    LOSS RXS                INT RX RATE    TL =  1.50E+10

CO2                 PRODUCTION RXS              INT RX RATE    TP =  6.66E+11
  32) O       + HCO     = H       + CO2          2.505E+04
  34) CO      + OH      = CO2     + H            1.669E+10
  35) CO      + O       = CO2     +              1.047E+05
 175) O       + OCS     = S       + CO2          1.451E+00
 177) OCS     + OH      = CO2     + HS           2.041E+07
 182) CO2     + O1D     = CO2     + O            6.489E+11
 216) CS      + O3      = SO      + CO2          4.064E+06

CO2                    LOSS RXS                INT RX RATE    TL =  6.50E+11
  36) CO2     + H       = CO      + OH           2.485E-08
  93) CH21    + CO2     = H2CO    + CO           1.058E+01
  95) CH23    + CO2     = H2CO    + CO           4.410E+00
 182) CO2     + O1D     = CO2     + O            6.489E+11
 268) CO2     + HV      = CO      + O            5.934E+08
 269) CO2     + HV      = CO      + O1D          5.464E+08

CS                  PRODUCTION RXS              INT RX RATE    TP =  1.97E+07
 218) CS2     + O       = SO      + CS           1.758E+05
 224) CS2X    + O2      = CS      + SO2          1.955E+07
 225) CS2X    + CS2     = CS      + CS      S2   2.348E-04
 228) H       + HCS     = H2      + CS           1.866E-10
 233) CH3     + HCS     = CH4     + CS           3.633E-15
 235) HS      + HCS     = H2S     + CS           2.954E-10
 236) S       + HCS     = HS      + CS           1.020E-19
 240) CS2     + S       = CS      + S2           8.562E-10
 309) CS2     + HV      = CS      + S            1.845E+04

CS                     LOSS RXS                INT RX RATE    TL =  1.97E+07
 213) CS      + O2      = OCS     + O            6.716E+06
 214) CS      + O2      = CO      + SO           8.396E+05
 215) CS      + O3      = OCS     + O2           4.064E+06
 216) CS      + O3      = SO      + CO2          4.064E+06
 217) CS      + O3      = CO      + SO2          4.064E+06
 226) CS      + HS      = CS2     + H            9.558E-04
 227) H       + CS      = HCS     +              2.963E-10
 241) CS      + O       = CO      + S            1.074E-01

CS2                 PRODUCTION RXS              INT RX RATE    TP =  2.39E+09
 222) CS2OH   + HV      = CS2     + OH           9.174E+07
 223) CS2X    + M       = CS2     + M            2.298E+09
 226) CS      + HS      = CS2     + H            9.558E-04
 229) S       + HCS     = H       + CS2          2.040E-19

CS2                    LOSS RXS                INT RX RATE    TL =  2.41E+09
 218) CS2     + O       = SO      + CS           1.758E+05
 219) CS2     + O       = OCS     + S            1.648E+04
 220) CS2     + OH      = OCS     + HS           2.294E+05
 221) CS2     + OH      = CS2OH   +              9.174E+07
 225) CS2X    + CS2     = CS      + CS      S2   2.348E-04
 237) CS2     + O       = CO      + S2           4.595E+03
 238) CS2     + SO      = OCS     + S2           3.407E-04
 240) CS2     + S       = CS      + S2           8.562E-10
 309) CS2     + HV      = CS      + S            1.845E+04
 310) CS2     + HV      = CS2X    +              2.318E+09

HCS                 PRODUCTION RXS              INT RX RATE    TP =  4.82E-10
 227) H       + CS      = HCS     +              2.963E-10
 231) CH21    + S2      = HCS     + HS           1.437E-23
 232) CH23    + S2      = HCS     + HS           2.007E-23
 234) CH23    + S       = HCS     + H            1.856E-10

HCS                    LOSS RXS                INT RX RATE    TL =  4.82E-10
 228) H       + HCS     = H2      + CS           1.866E-10
 229) S       + HCS     = H       + CS2          2.040E-19
 233) CH3     + HCS     = CH4     + CS           3.633E-15
 235) HS      + HCS     = H2S     + CS           2.954E-10
 236) S       + HCS     = HS      + CS           1.020E-19

C2H6S               PRODUCTION RXS              INT RX RATE    TP =  0.00E+00

C2H6S                  LOSS RXS                INT RX RATE    TL =  1.62E+09
 242) C2H6S   + OH      = C2H5S   + H2O          1.208E+09
 243) C2H6S   + OH      = C2H7SO  +              4.108E+08
 244) C2H6S   + NO3     = C2H5S   + HNO3         9.706E+05

C2H5S               PRODUCTION RXS              INT RX RATE    TP =  1.21E+09
 242) C2H6S   + OH      = C2H5S   + H2O          1.208E+09
 244) C2H6S   + NO3     = C2H5S   + HNO3         9.706E+05

C2H5S                  LOSS RXS                INT RX RATE    TL =  1.21E+09
 245) C2H5S   + O2      = C2H5SO2 +              1.209E+09

C2H5SO              PRODUCTION RXS              INT RX RATE    TP =  1.21E+09
 246) C2H5SO2 + NO      = C2H5SO  + NO2          1.209E+09

C2H5SO                 LOSS RXS                INT RX RATE    TL =  1.21E+09
 247) C2H5SO  + HV      = H2CO    + CH3S         1.209E+09

C2H5SO2             PRODUCTION RXS              INT RX RATE    TP =  1.21E+09
 245) C2H5S   + O2      = C2H5SO2 +              1.209E+09

C2H5SO2                LOSS RXS                INT RX RATE    TL =  1.21E+09
 246) C2H5SO2 + NO      = C2H5SO  + NO2          1.209E+09

CH3S                PRODUCTION RXS              INT RX RATE    TP =  1.21E+09
 247) C2H5SO  + HV      = H2CO    + CH3S         1.209E+09

CH3S                   LOSS RXS                INT RX RATE    TL =  1.21E+09
 248) CH3S    + O3      = CH3SO   + O2           1.205E+09
 249) CH3S    + NO2     = CH3SO   + NO           4.017E+06

CH3SO               PRODUCTION RXS              INT RX RATE    TP =  1.21E+09
 248) CH3S    + O3      = CH3SO   + O2           1.205E+09
 249) CH3S    + NO2     = CH3SO   + NO           4.017E+06

CH3SO                  LOSS RXS                INT RX RATE    TL =  1.21E+09
 250) CH3SO   + O3      = CH3SO2  + O2           1.196E+09
 251) CH3SO   + NO2     = CH3SO2  + NO           1.322E+07

CH3SO2              PRODUCTION RXS              INT RX RATE    TP =  1.62E+09
 250) CH3SO   + O3      = CH3SO2  + O2           1.196E+09
 251) CH3SO   + NO2     = CH3SO2  + NO           1.322E+07
 258) CH4SO2  + OH      = CH3SO2  + H2O          4.103E+08

CH3SO2                 LOSS RXS                INT RX RATE    TL =  1.62E+09
 252) CH3SO2  + O3      = CH3SO3  + O2           1.436E+07
 253) CH3SO2  + NO2     = CH3SO3  + NO           2.906E+04
 254) CH3SO2  + HV      = CH3     + SO2          1.605E+09

CH3SO3              PRODUCTION RXS              INT RX RATE    TP =  1.44E+07
 252) CH3SO2  + O3      = CH3SO3  + O2           1.436E+07
 253) CH3SO2  + NO2     = CH3SO3  + NO           2.906E+04

CH3SO3                 LOSS RXS                INT RX RATE    TL =  1.44E+07
 255) CH3SO3  + HV      = CH3     + SO3          1.439E+07

CH4SO2              PRODUCTION RXS              INT RX RATE    TP =  4.10E+08
 257) C2H6SO  + OH      = CH4SO2  + CH3          4.103E+08

CH4SO2                 LOSS RXS                INT RX RATE    TL =  4.10E+08
 258) CH4SO2  + OH      = CH3SO2  + H2O          4.103E+08

C2H6SO              PRODUCTION RXS              INT RX RATE    TP =  4.11E+08
 256) C2H7SO  + O2      = C2H6SO  + HO2          4.108E+08

C2H6SO                 LOSS RXS                INT RX RATE    TL =  4.11E+08
 257) C2H6SO  + OH      = CH4SO2  + CH3          4.103E+08

C2H7SO              PRODUCTION RXS              INT RX RATE    TP =  4.11E+08
 243) C2H6S   + OH      = C2H7SO  +              4.108E+08

C2H7SO                 LOSS RXS                INT RX RATE    TL =  4.11E+08
 256) C2H7SO  + O2      = C2H6SO  + HO2          4.108E+08

SO4AER              PRODUCTION RXS              INT RX RATE    TP =  1.16E+09

SO4AER                 LOSS RXS                INT RX RATE    TL =  1.14E+09

S8AER               PRODUCTION RXS              INT RX RATE    TP =  0.00E+00

S8AER                  LOSS RXS                INT RX RATE    TL =  1.70E-19

HNO2                PRODUCTION RXS              INT RX RATE    TP =  0.00E+00
  80) NO      + OH      = HNO2    +              4.414E+09
 212) HO2     + NO2     = HNO2    + O2           1.712E+07
 281) HNO3    + HV      = HNO2    + O            2.020E+08
 282) HNO3    + HV      = HNO2    + O1D          1.450E+08

HNO2                   LOSS RXS                INT RX RATE    TL =  0.00E+00
  90) HNO2    + OH      = H2O     + NO2          6.132E+07
 279) HNO2    + HV      = NO      + OH           4.716E+09

O1D                 PRODUCTION RXS              INT RX RATE    TP =  0.00E+00
 259) O2      + HV      = O       + O1D          2.940E+11
 262) H2O     + HV      = H2      + O1D          5.521E+07
 264) O3      + HV      = O2      + O1D          6.696E+14
 269) CO2     + HV      = CO      + O1D          5.464E+08
 282) HNO3    + HV      = HNO2    + O1D          1.450E+08
 284) NO2     + HV      = NO      + O1D          3.243E+09
 303) N2O     + HV      = N2      + O1D          1.140E+09

O1D                    LOSS RXS                INT RX RATE    TL =  0.00E+00
   1) H2O     + O1D     = OH      + OH           7.339E+10
   2) H2      + O1D     = OH      + H            6.703E+08
  20) O1D     + O3      = O2      + O2           1.256E+10
  21) O1D     + O3      = O       + O       O2   1.256E+10
  23) O1D     + N2      = O       + N2           5.014E+14
  24) O1D     + O2      = O       + O2           1.677E+14
  49) CH4     + O1D     = CH3     + OH           8.783E+07
  50) CH4     + O1D     = CH3O    + H            1.182E+07
  51) CH4     + O1D     = CH2OH   + H            1.182E+07
  52) CH4     + O1D     = H2CO    + H2           5.912E+06
  98) C2H6    + O1D     = C2H5    + OH           5.914E+04
 105) SO2     + O1D     = SO2     + O            1.360E+04
 106) SO2     + O1D     = SO      + O2           4.362E+04
 180) CO      + O1D     = CO      + O            2.534E+07
 182) CO2     + O1D     = CO2     + O            6.489E+11
 197) O1D     + N2O     = N2      + O2           6.362E+07
 198) O1D     + N2O     = NO      + NO           9.954E+07

CH21                PRODUCTION RXS              INT RX RATE    TP =  0.00E+00
 273) CH4     + HV      = CH21    + H2           5.181E+05
 276) CH3     + HV      = CH21    + H            8.684E+01
 278) C2H6    + HV      = CH4     + CH21         4.812E-05

CH21                   LOSS RXS                INT RX RATE    TL =  0.00E+00
  53) CH21    + CH4     = CH3     + CH3          2.803E-14
  54) CH21    + O2      = HCO     + OH           2.478E+05
  55) CH21    + N2      = CH23    + N2           2.703E+05
  92) CH21    + H2      = CH3     + H            8.656E+00
  93) CH21    + CO2     = H2CO    + CO           1.058E+01
 231) CH21    + S2      = HCS     + HS           1.437E-23

CH23                PRODUCTION RXS              INT RX RATE    TP =  0.00E+00
  55) CH21    + N2      = CH23    + N2           2.703E+05
 275) CH4     + HV      = CH23    + H       H    9.551E+04
 277) C2H6    + HV      = CH23    + CH23    H2   1.925E-04

CH23                   LOSS RXS                INT RX RATE    TL =  0.00E+00
  58) CH23    + O2      = HCO     + OH           3.556E+05
  94) CH23    + O       = HCO     + H            1.023E+04
  95) CH23    + CO2     = H2CO    + CO           4.410E+00
 232) CH23    + S2      = HCS     + HS           2.007E-23
 234) CH23    + S       = HCS     + H            1.856E-10

C2H5                PRODUCTION RXS              INT RX RATE    TP =  0.00E+00
  96) C2H6    + OH      = C2H5    + H2O          8.999E+08
  97) C2H6    + O       = C2H5    + OH           1.318E+03
  98) C2H6    + O1D     = C2H5    + OH           5.914E+04

C2H5                   LOSS RXS                INT RX RATE    TL =  0.00E+00
  99) C2H5    + H       = CH3     + CH3          7.708E-08
 100) C2H5    + O       = CH3     + HCO     H    4.106E-03
 101) C2H5    + OH      = CH3     + HCO     H2   3.674E-03
 102) C2H5    + HCO     = C2H6    + CO           2.316E-12
 103) C2H5    + HNO     = C2H6    + NO           1.621E-08
 104) C2H5    + O2      = CH3     + HCO     OH   9.000E+08

SO21                PRODUCTION RXS              INT RX RATE    TP =  0.00E+00
 289) SO2     + HV      = SO21    +              2.767E+10

SO21                   LOSS RXS                INT RX RATE    TL =  0.00E+00
 143) SO21    + M       = SO23    + M            2.507E+09
 144) SO21    + M       = SO2     + M            2.507E+10
 145) SO21    + HV      = SO23    + HV           5.521E+06
 146) SO21    + HV      = SO2     + HV           8.097E+07
 147) SO21    + O2      = SO3     + O            5.334E+04
 148) SO21    + SO2     = SO3     + SO           4.072E-01

SO23                PRODUCTION RXS              INT RX RATE    TP =  0.00E+00
 143) SO21    + M       = SO23    + M            2.507E+09
 145) SO21    + HV      = SO23    + HV           5.521E+06
 290) SO2     + HV      = SO23    +              2.301E+08

SO23                   LOSS RXS                INT RX RATE    TL =  0.00E+00
 149) SO23    + M       = SO2     + M            2.725E+09
 150) SO23    + HV      = SO2     + HV           1.793E+07
 151) SO23    + SO2     = SO3     + SO           5.202E-02

HSO3                PRODUCTION RXS              INT RX RATE    TP =  0.00E+00
 111) SO2     + OH      = HSO3    +              1.405E+09

HSO3                   LOSS RXS                INT RX RATE    TL =  0.00E+00
 116) HSO3    + O2      = HO2     + SO3          1.405E+09

OCS2                PRODUCTION RXS              INT RX RATE    TP =  0.00E+00
 184) OCS     + S       = OCS2    +              1.699E-05

OCS2                   LOSS RXS                INT RX RATE    TL =  0.00E+00
 185) OCS2    + S       = OCS     + S2           1.032E-19
 188) OCS2    + CO      = OCS     + OCS          1.699E-05

CS2X                PRODUCTION RXS              INT RX RATE    TP =  0.00E+00
 310) CS2     + HV      = CS2X    +              2.318E+09

CS2X                   LOSS RXS                INT RX RATE    TL =  0.00E+00
 223) CS2X    + M       = CS2     + M            2.298E+09
 224) CS2X    + O2      = CS      + SO2          1.955E+07
 225) CS2X    + CS2     = CS      + CS      S2   2.348E-04

CS2OH               PRODUCTION RXS              INT RX RATE    TP =  0.00E+00
 221) CS2     + OH      = CS2OH   +              9.174E+07

CS2OH                  LOSS RXS                INT RX RATE    TL =  0.00E+00
 222) CS2OH   + HV      = CS2     + OH           9.174E+07

N2                  PRODUCTION RXS              INT RX RATE    TP =  0.00E+00
  23) O1D     + N2      = O       + N2           5.014E+14
  55) CH21    + N2      = CH23    + N2           2.703E+05
  72) N       + N       = N2      +              2.286E-03
  76) N       + NO      = N2      + O            1.263E+07
 194) H       + N2O     = N2      + OH           7.830E-04
 197) O1D     + N2O     = N2      + O2           6.362E+07
 303) N2O     + HV      = N2      + O1D          1.140E+09

N2                     LOSS RXS                INT RX RATE    TL =  0.00E+00
  23) O1D     + N2      = O       + N2           5.014E+14
  55) CH21    + N2      = CH23    + N2           2.703E+05
