
O                   PRODUCTION RXS              INT RX RATE    TP =  2.05E+15
   8) H       + HO2     = H2O     + O            2.305E+08
  21) O1D     + O3      = O       + O       O2   7.525E+09
  22) OH      + OH      = H2O     + O            5.867E+08
  23) O1D     + N2      = O       + N2           6.404E+14
  24) O1D     + O2      = O       + O2           2.084E+13
  25) O2      + HV      = O       + O            3.883E-72
  26) O3      + HV      = O2      + O            6.563E-10
  73) N       + O2      = NO      + O            3.218E+07
  76) N       + NO      = N2      + O            2.693E+07
 105) SO2     + O1D     = SO2     + O            3.723E+03
 107) SO      + O2      = O       + SO2          1.125E+08
 130) S       + O2      = SO      + O            3.123E+07
 147) SO21    + O2      = SO3     + O            1.457E+04
 180) CO      + O1D     = CO      + O            4.598E+07
 182) CO2     + O1D     = CO2     + O            8.339E+11
 195) N       + NO2     = N2O     + O            6.235E+06
 213) CS      + O2      = OCS     + O            3.725E+05
 259) O2      + HV      = O       + O1D          2.963E+11
 260) O2      + HV      = O       + O            2.607E+12
 263) H2O     + HV      = H       + H       O    1.064E+09
 265) O3      + HV      = O2      + O            1.371E+15
 266) O3      + HV      = O       + O       O    4.079E+11
 268) CO2     + HV      = CO      + O            3.634E+09
 272) HO2     + HV      = OH      + O            3.503E+09
 281) HNO3    + HV      = HNO2    + O            4.507E+08
 283) NO      + HV      = N       + O            7.288E+07
 285) NO2     + HV      = NO      + O            5.066E+12
 286) SO      + HV      = S       + O            1.300E+04
 288) SO2     + HV      = SO      + O            1.014E+08
 298) SO3     + HV      = SO2     + O            1.090E+03
 299) HSO     + HV      = HS      + O            3.866E+02
 302) NO3     + HV      = NO2     + O            1.335E+10
 307) N2O5    + HV      = NO3     + NO      O    6.606E+07

O                      LOSS RXS                INT RX RATE    TL =  2.05E+15
   3) H2      + O       = OH      + H            3.778E+07
  10) OH      + O       = H       + O2           1.823E+12
  14) HO2     + O       = OH      + O2           1.486E+12
  17) O       + O       = O2      +              5.897E+10
  18) O       + O2      = O3      +              2.041E+15
  19) O       + O3      = O2      + O2           3.204E+11
  32) O       + HCO     = H       + CO2          5.042E+05
  33) O       + HCO     = OH      + CO           5.042E+05
  35) CO      + O       = CO2     +              1.486E+06
  46) H2CO    + O       = HCO     + OH           3.132E+08
  47) H2O2    + O       = OH      + HO2          1.052E+06
  60) CH3     + O       = H2CO    + H            2.046E+07
  78) NO      + O       = NO2     +              5.030E+09
  81) NO2     + O       = NO      + O2           7.299E+11
  88) O       + HNO     = OH      + NO           3.555E+04
  91) CH4     + O       = CH3     + OH           1.685E+07
  94) CH23    + O       = HCO     + H            3.939E+05
  97) C2H6    + O       = C2H5    + OH           1.547E+04
 100) C2H5    + O       = CH3     + HCO     H    1.343E-01
 109) SO      + O       = SO2     +              1.054E+04
 112) SO2     + O       = SO3     +              4.135E+05
 115) SO3     + O       = SO2     + O2           1.077E+00
 122) H2S     + O       = OH      + HS           4.089E+01
 123) HS      + O       = H       + SO           5.073E+03
 136) S2      + O       = S       + SO           1.226E+03
 169) HSO     + O       = OH      + SO           1.787E+04
 174) O       + OCS     = CO      + SO           1.800E+06
 175) O       + OCS     = S       + CO2          1.232E+01
 189) O       + NO3     = O2      + NO2          1.443E+08
 192) O       + NO2     = NO3     +              1.282E+10
 200) O       + N2O5    = NO2     + NO2     O2   2.893E+04
 208) O       + HO2NO2  = OH      + NO2     O2   3.123E+04
 211) O       + HNO3    = OH      + NO3          1.091E+06
 218) CS2     + O       = SO      + CS           5.075E+06
 219) CS2     + O       = OCS     + S            4.758E+05
 237) CS2     + O       = CO      + S2           1.142E+05
 241) CS      + O       = CO      + S            1.962E+00

O2                  PRODUCTION RXS              INT RX RATE    TP =  2.07E+15
   5) H       + O3      = OH      + O2           5.010E+11
   7) H       + HO2     = H2      + O2           9.940E+08
  10) OH      + O       = H       + O2           1.823E+12
  11) OH      + HO2     = H2O     + O2           5.322E+10
  12) OH      + O3      = HO2     + O2           4.084E+11
  14) HO2     + O       = OH      + O2           1.486E+12
  15) HO2     + O3      = OH      + O2      O2   1.577E+11
  16) HO2     + HO2     = H2O2    + O2           2.522E+10
  17) O       + O       = O2      +              5.897E+10
  19) O       + O3      = O2      + O2           3.204E+11
  20) O1D     + O3      = O2      + O2           7.525E+09
  21) O1D     + O3      = O       + O       O2   7.525E+09
  24) O1D     + O2      = O       + O2           2.084E+13
  26) O3      + HV      = O2      + O            6.563E-10
  27) O3      + O3      = O2      + O2      O2   2.572E+03
  68) CH3O2   + HO2     = CH3OOH  + O2           1.928E+11
  77) NO      + O3      = NO2     + O2           5.593E+12
  81) NO2     + O       = NO      + O2           7.299E+11
 106) SO2     + O1D     = SO      + O2           1.194E+04
 115) SO3     + O       = SO2     + O2           1.077E+00
 125) HS      + HO2     = H2S     + O2           1.072E+06
 133) S       + HO2     = HS      + O2           1.530E-02
 153) SO      + O3      = SO2     + O2           3.655E+07
 155) HS      + O3      = HSO     + O2           1.777E+09
 158) S       + O3      = SO      + O2           6.602E+03
 170) HSO     + O3      = HS      + O2      O2   1.771E+09
 189) O       + NO3     = O2      + NO2          1.443E+08
 190) HO2     + NO3     = OH      + NO2     O2   9.409E+06
 197) O1D     + N2O     = N2      + O2           6.688E+07
 200) O       + N2O5    = NO2     + NO2     O2   2.893E+04
 204) NO2     + NO3     = NO      + NO2     O2   1.304E+04
 205) NO2     + O3      = NO3     + O2           3.302E+09
 206) NO3     + NO3     = NO2     + NO2     O2   1.621E-01
 208) O       + HO2NO2  = OH      + NO2     O2   3.123E+04
 209) OH      + HO2NO2  = H2O     + NO2     O2   3.586E+09
 212) HO2     + NO2     = HNO2    + O2           8.057E+06
 215) CS      + O3      = OCS     + O2           6.262E+06
 248) CH3S    + O3      = CH3SO   + O2           2.460E+09
 250) CH3SO   + O3      = CH3SO2  + O2           2.454E+09
 252) CH3SO2  + O3      = CH3SO3  + O2           5.129E+07
 264) O3      + HV      = O2      + O1D          6.620E+14
 265) O3      + HV      = O2      + O            1.371E+15
 301) NO3     + HV      = NO      + O2           1.791E+09

O2                     LOSS RXS                INT RX RATE    TL =  2.07E+15
   6) H       + O2      = HO2     +              1.526E+12
  18) O       + O2      = O3      +              2.041E+15
  24) O1D     + O2      = O       + O2           2.084E+13
  25) O2      + HV      = O       + O            3.883E-72
  40) HCO     + O2      = HO2     + CO           7.380E+10
  41) CH2OH   + O2      = H2CO    + HO2          3.587E+08
  42) CH3O    + O2      = H2CO    + HO2          8.382E+10
  54) CH21    + O2      = HCO     + OH           8.835E+06
  58) CH23    + O2      = HCO     + OH           1.141E+08
  59) CH3     + O2      = H2CO    + OH           7.821E+03
  66) CH3     + O2      = CH3O2   +              1.325E+11
  73) N       + O2      = NO      + O            3.218E+07
 104) C2H5    + O2      = CH3     + HCO     OH   9.000E+08
 107) SO      + O2      = O       + SO2          1.125E+08
 116) HSO3    + O2      = HO2     + SO3          1.614E+09
 130) S       + O2      = SO      + O            3.123E+07
 147) SO21    + O2      = SO3     + O            1.457E+04
 213) CS      + O2      = OCS     + O            3.725E+05
 214) CS      + O2      = CO      + SO           4.657E+04
 224) CS2X    + O2      = CS      + SO2          3.735E+06
 245) C2H5S   + O2      = C2H5SO2 +              2.463E+09
 256) C2H7SO  + O2      = C2H6SO  + HO2          8.367E+08
 259) O2      + HV      = O       + O1D          2.963E+11
 260) O2      + HV      = O       + O            2.607E+12

H2O                 PRODUCTION RXS              INT RX RATE    TP =  5.28E+10
   4) H2      + OH      = H2O     + H            4.143E+10
   8) H       + HO2     = H2O     + O            2.305E+08
  11) OH      + HO2     = H2O     + O2           5.322E+10
  13) OH      + H2O2    = HO2     + H2O          1.070E+10
  22) OH      + OH      = H2O     + O            5.867E+08
  31) OH      + HCO     = H2O     + CO           5.468E+02
  43) H2CO    + OH      = H2O     + HCO          3.403E+10
  44) H       + OH      = H2O     +              1.191E+06
  48) CH4     + OH      = CH3     + H2O          1.247E+11
  69) CH3OOH  + OH      = CH3O2   + H2O          1.109E+11
  70) CH3OOH  + OH      = H2O     + H2CO    OH   4.754E+10
  84) HNO3    + OH      = H2O     + NO3          1.665E+09
  89) OH      + HNO     = H2O     + NO           3.068E+05
  90) HNO2    + OH      = H2O     + NO2          5.886E+07
  96) C2H6    + OH      = C2H5    + H2O          8.997E+08
 114) H2SO4   + H2O     = SO3     + H2O     H2O  7.899E+09
 120) H2S     + OH      = H2O     + HS           1.062E+06
 165) HSO     + OH      = H2O     + SO           2.062E+06
 209) OH      + HO2NO2  = H2O     + NO2     O2   3.586E+09
 242) C2H6S   + OH      = C2H5S   + H2O          2.461E+09
 258) CH4SO2  + OH      = CH3SO2  + H2O          8.347E+08
 291) H2SO4   + HV      = SO3     + H2O          2.551E+06

H2O                    LOSS RXS                INT RX RATE    TL =  3.76E+10
   1) H2O     + O1D     = OH      + OH           1.767E+11
 113) SO3     + H2O     = H2SO4   +              9.567E+09
 114) H2SO4   + H2O     = SO3     + H2O     H2O  7.899E+09
 203) N2O5    + H2O     = HNO3    + HNO3         1.130E+04
 261) H2O     + HV      = H       + OH           1.272E+10
 262) H2O     + HV      = H2      + O1D          7.095E+08
 263) H2O     + HV      = H       + H       O    1.064E+09

H                   PRODUCTION RXS              INT RX RATE    TP =  2.04E+12
   2) H2      + O1D     = OH      + H            1.583E+09
   3) H2      + O       = OH      + H            3.778E+07
   4) H2      + OH      = H2O     + H            4.143E+10
  10) OH      + O       = H       + O2           1.823E+12
  32) O       + HCO     = H       + CO2          5.042E+05
  34) CO      + OH      = CO2     + H            1.188E+11
  50) CH4     + O1D     = CH3O    + H            3.587E+08
  51) CH4     + O1D     = CH2OH   + H            3.587E+08
  60) CH3     + O       = H2CO    + H            2.046E+07
  75) N       + OH      = NO      + H            6.030E+06
  86) HNO     + HV      = NO      + H            7.594E+06
  92) CH21    + H2      = CH3     + H            6.099E+03
  94) CH23    + O       = HCO     + H            3.939E+05
 100) C2H5    + O       = CH3     + HCO     H    1.343E-01
 110) SO      + OH      = SO2     + H            2.177E+05
 123) HS      + O       = H       + SO           5.073E+03
 129) HS      + S       = H       + S2           5.934E-08
 131) S       + OH      = SO      + H            2.278E-02
 173) HS      + CO      = OCS     + H            3.883E-05
 226) CS      + HS      = CS2     + H            6.484E-04
 229) S       + HCS     = H       + CS2          1.248E-16
 230) HS      + CO      = OCS     + H            3.930E-05
 234) CH23    + S       = HCS     + H            3.440E-12
 261) H2O     + HV      = H       + OH           1.272E+10
 263) H2O     + HV      = H       + H       O    1.064E+09
 271) H2CO    + HV      = HCO     + H            3.843E+10
 274) CH4     + HV      = CH3     + H            1.129E+08
 275) CH4     + HV      = CH23    + H       H    1.919E+07
 276) CH3     + HV      = CH21    + H            1.032E+04
 287) H2S     + HV      = HS      + H            1.406E+03

H                      LOSS RXS                INT RX RATE    TL =  2.04E+12
   5) H       + O3      = OH      + O2           5.010E+11
   6) H       + O2      = HO2     +              1.526E+12
   7) H       + HO2     = H2      + O2           9.940E+08
   8) H       + HO2     = H2O     + O            2.305E+08
   9) H       + HO2     = OH      + OH           1.037E+10
  28) H       + CO      = HCO     +              3.191E+04
  29) H       + HCO     = H2      + CO           8.988E+03
  36) CO2     + H       = CO      + OH           2.015E-07
  38) H2CO    + H       = H2      + HCO          4.581E+04
  39) H       + H       = H2      +              6.754E+05
  44) H       + OH      = H2O     +              1.191E+06
  62) CH3     + H       = CH4     +              2.349E+03
  71) H       + NO      = HNO     +              1.484E+04
  83) NO2     + H       = NO      + OH           1.415E+07
  87) H       + HNO     = H2      + NO           1.000E+00
  99) C2H5    + H       = CH3     + CH3          1.075E-05
 121) H2S     + H       = H2      + HS           7.065E-02
 128) HS      + H       = H2      + S            1.369E-02
 163) H       + SO      = HSO     +              3.926E-03
 166) HSO     + H       = HS      + OH           6.303E-01
 167) HSO     + H       = H2      + SO           3.151E-01
 172) H       + OCS     = CO      + HS           2.372E+01
 194) H       + N2O     = N2      + OH           4.490E-04
 227) H       + CS      = HCS     +              2.271E-09
 228) H       + HCS     = H2      + CS           1.895E-11
 239) OCS     + H       = CO      + HS           2.364E+01

OH                  PRODUCTION RXS              INT RX RATE    TP =  2.80E+12
   1) H2O     + O1D     = OH      + OH           1.767E+11
   2) H2      + O1D     = OH      + H            1.583E+09
   3) H2      + O       = OH      + H            3.778E+07
   5) H       + O3      = OH      + O2           5.010E+11
   9) H       + HO2     = OH      + OH           1.037E+10
  14) HO2     + O       = OH      + O2           1.486E+12
  15) HO2     + O3      = OH      + O2      O2   1.577E+11
  33) O       + HCO     = OH      + CO           5.042E+05
  36) CO2     + H       = CO      + OH           2.015E-07
  46) H2CO    + O       = HCO     + OH           3.132E+08
  47) H2O2    + O       = OH      + HO2          1.052E+06
  49) CH4     + O1D     = CH3     + OH           2.664E+09
  54) CH21    + O2      = HCO     + OH           8.835E+06
  58) CH23    + O2      = HCO     + OH           1.141E+08
  59) CH3     + O2      = H2CO    + OH           7.821E+03
  70) CH3OOH  + OH      = H2O     + H2CO    OH   4.754E+10
  79) NO      + HO2     = NO2     + OH           1.458E+11
  83) NO2     + H       = NO      + OH           1.415E+07
  88) O       + HNO     = OH      + NO           3.555E+04
  91) CH4     + O       = CH3     + OH           1.685E+07
  97) C2H6    + O       = C2H5    + OH           1.547E+04
  98) C2H6    + O1D     = C2H5    + OH           2.378E+05
 104) C2H5    + O2      = CH3     + HCO     OH   9.000E+08
 108) SO      + HO2     = SO2     + OH           2.399E+05
 122) H2S     + O       = OH      + HS           4.089E+01
 134) S       + HO2     = SO      + OH           1.530E-02
 154) SO2     + HO2     = SO3     + OH           1.139E+05
 156) HS      + HO2     = HSO     + OH           1.072E+06
 166) HSO     + H       = HS      + OH           6.303E-01
 169) HSO     + O       = OH      + SO           1.787E+04
 190) HO2     + NO3     = OH      + NO2     O2   9.409E+06
 194) H       + N2O     = N2      + OH           4.490E-04
 199) N       + HO2     = NO      + OH           1.507E+06
 208) O       + HO2NO2  = OH      + NO2     O2   3.123E+04
 211) O       + HNO3    = OH      + NO3          1.091E+06
 222) CS2OH   + HV      = CS2     + OH           8.152E+07
 261) H2O     + HV      = H       + OH           1.272E+10
 267) H2O2    + HV      = OH      + OH           1.054E+10
 272) HO2     + HV      = OH      + O            3.503E+09
 279) HNO2    + HV      = NO      + OH           3.937E+09
 280) HNO3    + HV      = NO2     + OH           5.157E+09
 305) HO2NO2  + HV      = OH      + NO3          5.042E+08
 308) CH3OOH  + HV      = CH3O    + OH           3.285E+10

OH                     LOSS RXS                INT RX RATE    TL =  2.80E+12
   4) H2      + OH      = H2O     + H            4.143E+10
  10) OH      + O       = H       + O2           1.823E+12
  11) OH      + HO2     = H2O     + O2           5.322E+10
  12) OH      + O3      = HO2     + O2           4.084E+11
  13) OH      + H2O2    = HO2     + H2O          1.070E+10
  22) OH      + OH      = H2O     + O            5.867E+08
  31) OH      + HCO     = H2O     + CO           5.468E+02
  34) CO      + OH      = CO2     + H            1.188E+11
  43) H2CO    + OH      = H2O     + HCO          3.403E+10
  44) H       + OH      = H2O     +              1.191E+06
  45) OH      + OH      = H2O2    +              4.343E+07
  48) CH4     + OH      = CH3     + H2O          1.247E+11
  69) CH3OOH  + OH      = CH3O2   + H2O          1.109E+11
  70) CH3OOH  + OH      = H2O     + H2CO    OH   4.754E+10
  75) N       + OH      = NO      + H            6.030E+06
  80) NO      + OH      = HNO2    +              3.214E+09
  82) NO2     + OH      = HNO3    +              8.014E+09
  84) HNO3    + OH      = H2O     + NO3          1.665E+09
  89) OH      + HNO     = H2O     + NO           3.068E+05
  90) HNO2    + OH      = H2O     + NO2          5.886E+07
  96) C2H6    + OH      = C2H5    + H2O          8.997E+08
 101) C2H5    + OH      = CH3     + HCO     H2   2.075E-02
 110) SO      + OH      = SO2     + H            2.177E+05
 111) SO2     + OH      = HSO3    +              1.614E+09
 120) H2S     + OH      = H2O     + HS           1.062E+06
 131) S       + OH      = SO      + H            2.278E-02
 165) HSO     + OH      = H2O     + SO           2.062E+06
 177) OCS     + OH      = CO2     + HS           9.979E+06
 193) OH      + NO3     = HO2     + NO2          1.451E+07
 209) OH      + HO2NO2  = H2O     + NO2     O2   3.586E+09
 220) CS2     + OH      = OCS     + HS           2.038E+05
 221) CS2     + OH      = CS2OH   +              8.152E+07
 242) C2H6S   + OH      = C2H5S   + H2O          2.461E+09
 243) C2H6S   + OH      = C2H7SO  +              8.367E+08
 257) C2H6SO  + OH      = CH4SO2  + CH3          8.347E+08
 258) CH4SO2  + OH      = CH3SO2  + H2O          8.347E+08

HO2                 PRODUCTION RXS              INT RX RATE    TP =  2.11E+12
   6) H       + O2      = HO2     +              1.526E+12
  12) OH      + O3      = HO2     + O2           4.084E+11
  13) OH      + H2O2    = HO2     + H2O          1.070E+10
  40) HCO     + O2      = HO2     + CO           7.380E+10
  41) CH2OH   + O2      = H2CO    + HO2          3.587E+08
  42) CH3O    + O2      = H2CO    + HO2          8.382E+10
  47) H2O2    + O       = OH      + HO2          1.052E+06
 116) HSO3    + O2      = HO2     + SO3          1.614E+09
 193) OH      + NO3     = HO2     + NO2          1.451E+07
 210) HO2NO2  + M       = HO2     + NO2          4.975E+09
 256) C2H7SO  + O2      = C2H6SO  + HO2          8.367E+08
 304) HO2NO2  + HV      = HO2     + NO2          1.895E+09

HO2                    LOSS RXS                INT RX RATE    TL =  2.11E+12
   7) H       + HO2     = H2      + O2           9.940E+08
   8) H       + HO2     = H2O     + O            2.305E+08
   9) H       + HO2     = OH      + OH           1.037E+10
  11) OH      + HO2     = H2O     + O2           5.322E+10
  14) HO2     + O       = OH      + O2           1.486E+12
  15) HO2     + O3      = OH      + O2      O2   1.577E+11
  16) HO2     + HO2     = H2O2    + O2           2.522E+10
  68) CH3O2   + HO2     = CH3OOH  + O2           1.928E+11
  79) NO      + HO2     = NO2     + OH           1.458E+11
 108) SO      + HO2     = SO2     + OH           2.399E+05
 125) HS      + HO2     = H2S     + O2           1.072E+06
 133) S       + HO2     = HS      + O2           1.530E-02
 134) S       + HO2     = SO      + OH           1.530E-02
 154) SO2     + HO2     = SO3     + OH           1.139E+05
 156) HS      + HO2     = HSO     + OH           1.072E+06
 190) HO2     + NO3     = OH      + NO2     O2   9.409E+06
 199) N       + HO2     = NO      + OH           1.507E+06
 207) HO2     + NO2     = HO2NO2  +              1.097E+10
 212) HO2     + NO2     = HNO2    + O2           8.057E+06
 272) HO2     + HV      = OH      + O            3.503E+09

H2O2                PRODUCTION RXS              INT RX RATE    TP =  2.53E+10
  16) HO2     + HO2     = H2O2    + O2           2.522E+10
  45) OH      + OH      = H2O2    +              4.343E+07

H2O2                   LOSS RXS                INT RX RATE    TL =  2.45E+10
  13) OH      + H2O2    = HO2     + H2O          1.070E+10
  47) H2O2    + O       = OH      + HO2          1.052E+06
 267) H2O2    + HV      = OH      + OH           1.054E+10

H2                  PRODUCTION RXS              INT RX RATE    TP =  6.08E+10
   7) H       + HO2     = H2      + O2           9.940E+08
  29) H       + HCO     = H2      + CO           8.988E+03
  38) H2CO    + H       = H2      + HCO          4.581E+04
  39) H       + H       = H2      +              6.754E+05
  52) CH4     + O1D     = H2CO    + H2           1.793E+08
  87) H       + HNO     = H2      + NO           1.000E+00
 101) C2H5    + OH      = CH3     + HCO     H2   2.075E-02
 121) H2S     + H       = H2      + HS           7.065E-02
 128) HS      + H       = H2      + S            1.369E-02
 167) HSO     + H       = H2      + SO           3.151E-01
 228) H       + HCS     = H2      + CS           1.895E-11
 262) H2O     + HV      = H2      + O1D          7.095E+08
 270) H2CO    + HV      = H2      + CO           5.857E+10
 273) CH4     + HV      = CH21    + H2           1.041E+08
 277) C2H6    + HV      = CH23    + CH23    H2   1.719E-01

H2                     LOSS RXS                INT RX RATE    TL =  4.31E+10
   2) H2      + O1D     = OH      + H            1.583E+09
   3) H2      + O       = OH      + H            3.778E+07
   4) H2      + OH      = H2O     + H            4.143E+10
  92) CH21    + H2      = CH3     + H            6.099E+03

CO                  PRODUCTION RXS              INT RX RATE    TP =  1.41E+11
  29) H       + HCO     = H2      + CO           8.988E+03
  30) HCO     + HCO     = H2CO    + CO           9.201E-06
  31) OH      + HCO     = H2O     + CO           5.468E+02
  33) O       + HCO     = OH      + CO           5.042E+05
  36) CO2     + H       = CO      + OH           2.015E-07
  40) HCO     + O2      = HO2     + CO           7.380E+10
  63) CH3     + HCO     = CH4     + CO           2.834E-03
  85) HCO     + NO      = HNO     + CO           4.488E+02
  93) CH21    + CO2     = H2CO    + CO           3.904E+03
  95) CH23    + CO2     = H2CO    + CO           2.101E+04
 102) C2H5    + HCO     = C2H6    + CO           1.295E-09
 127) HS      + HCO     = H2S     + CO           9.367E-04
 132) S       + HCO     = HS      + CO           2.642E-11
 162) SO      + HCO     = HSO     + CO           8.019E-05
 172) H       + OCS     = CO      + HS           2.372E+01
 174) O       + OCS     = CO      + SO           1.800E+06
 176) OCS     + S       = CO      + S2           7.924E-03
 180) CO      + O1D     = CO      + O            4.598E+07
 214) CS      + O2      = CO      + SO           4.657E+04
 217) CS      + O3      = CO      + SO2          6.262E+06
 237) CS2     + O       = CO      + S2           1.142E+05
 239) OCS     + H       = CO      + HS           2.364E+01
 241) CS      + O       = CO      + S            1.962E+00
 268) CO2     + HV      = CO      + O            3.634E+09
 269) CO2     + HV      = CO      + O1D          5.194E+09
 270) H2CO    + HV      = H2      + CO           5.857E+10
 300) OCS     + HV      = CO      + S            2.013E+07

CO                     LOSS RXS                INT RX RATE    TL =  1.19E+11
  28) H       + CO      = HCO     +              3.191E+04
  34) CO      + OH      = CO2     + H            1.188E+11
  35) CO      + O       = CO2     +              1.486E+06
 173) HS      + CO      = OCS     + H            3.883E-05
 179) S       + CO      = OCS     +              2.409E-04
 180) CO      + O1D     = CO      + O            4.598E+07
 188) OCS2    + CO      = OCS     + OCS          9.294E-03
 230) HS      + CO      = OCS     + H            3.930E-05

HCO                 PRODUCTION RXS              INT RX RATE    TP =  7.38E+10
  28) H       + CO      = HCO     +              3.191E+04
  38) H2CO    + H       = H2      + HCO          4.581E+04
  43) H2CO    + OH      = H2O     + HCO          3.403E+10
  46) H2CO    + O       = HCO     + OH           3.132E+08
  54) CH21    + O2      = HCO     + OH           8.835E+06
  58) CH23    + O2      = HCO     + OH           1.141E+08
  65) CH3     + H2CO    = CH4     + HCO          7.527E-04
  94) CH23    + O       = HCO     + H            3.939E+05
 100) C2H5    + O       = CH3     + HCO     H    1.343E-01
 101) C2H5    + OH      = CH3     + HCO     H2   2.075E-02
 104) C2H5    + O2      = CH3     + HCO     OH   9.000E+08
 271) H2CO    + HV      = HCO     + H            3.843E+10

HCO                    LOSS RXS                INT RX RATE    TL =  7.38E+10
  29) H       + HCO     = H2      + CO           8.988E+03
  30) HCO     + HCO     = H2CO    + CO           9.201E-06
  31) OH      + HCO     = H2O     + CO           5.468E+02
  32) O       + HCO     = H       + CO2          5.042E+05
  33) O       + HCO     = OH      + CO           5.042E+05
  40) HCO     + O2      = HO2     + CO           7.380E+10
  63) CH3     + HCO     = CH4     + CO           2.834E-03
  85) HCO     + NO      = HNO     + CO           4.488E+02
 102) C2H5    + HCO     = C2H6    + CO           1.295E-09
 127) HS      + HCO     = H2S     + CO           9.367E-04
 132) S       + HCO     = HS      + CO           2.642E-11
 162) SO      + HCO     = HSO     + CO           8.019E-05

H2CO                PRODUCTION RXS              INT RX RATE    TP =  1.34E+11
  30) HCO     + HCO     = H2CO    + CO           9.201E-06
  41) CH2OH   + O2      = H2CO    + HO2          3.587E+08
  42) CH3O    + O2      = H2CO    + HO2          8.382E+10
  52) CH4     + O1D     = H2CO    + H2           1.793E+08
  59) CH3     + O2      = H2CO    + OH           7.821E+03
  60) CH3     + O       = H2CO    + H            2.046E+07
  70) CH3OOH  + OH      = H2O     + H2CO    OH   4.754E+10
  93) CH21    + CO2     = H2CO    + CO           3.904E+03
  95) CH23    + CO2     = H2CO    + CO           2.101E+04
 247) C2H5SO  + HV      = H2CO    + CH3S         2.463E+09

H2CO                   LOSS RXS                INT RX RATE    TL =  1.33E+11
  38) H2CO    + H       = H2      + HCO          4.581E+04
  43) H2CO    + OH      = H2O     + HCO          3.403E+10
  46) H2CO    + O       = HCO     + OH           3.132E+08
  65) CH3     + H2CO    = CH4     + HCO          7.527E-04
 270) H2CO    + HV      = H2      + CO           5.857E+10
 271) H2CO    + HV      = HCO     + H            3.843E+10

CH3O                PRODUCTION RXS              INT RX RATE    TP =  8.38E+10
  50) CH4     + O1D     = CH3O    + H            3.587E+08
  67) CH3O2   + NO      = CH3O    + NO2          5.061E+10
 308) CH3OOH  + HV      = CH3O    + OH           3.285E+10

CH3O                   LOSS RXS                INT RX RATE    TL =  8.38E+10
  42) CH3O    + O2      = H2CO    + HO2          8.382E+10

CH2OH               PRODUCTION RXS              INT RX RATE    TP =  3.59E+08
  51) CH4     + O1D     = CH2OH   + H            3.587E+08

CH2OH                  LOSS RXS                INT RX RATE    TL =  3.59E+08
  41) CH2OH   + O2      = H2CO    + HO2          3.587E+08

CH3O2               PRODUCTION RXS              INT RX RATE    TP =  2.43E+11
  66) CH3     + O2      = CH3O2   +              1.325E+11
  69) CH3OOH  + OH      = CH3O2   + H2O          1.109E+11

CH3O2                  LOSS RXS                INT RX RATE    TL =  2.43E+11
  67) CH3O2   + NO      = CH3O    + NO2          5.061E+10
  68) CH3O2   + HO2     = CH3OOH  + O2           1.928E+11

CH3OOH              PRODUCTION RXS              INT RX RATE    TP =  1.93E+11
  68) CH3O2   + HO2     = CH3OOH  + O2           1.928E+11

CH3OOH                 LOSS RXS                INT RX RATE    TL =  1.93E+11
  69) CH3OOH  + OH      = CH3O2   + H2O          1.109E+11
  70) CH3OOH  + OH      = H2O     + H2CO    OH   4.754E+10
 308) CH3OOH  + HV      = CH3O    + OH           3.285E+10

CH4                 PRODUCTION RXS              INT RX RATE    TP =  2.35E+03
  62) CH3     + H       = CH4     +              2.349E+03
  63) CH3     + HCO     = CH4     + CO           2.834E-03
  64) CH3     + HNO     = CH4     + NO           1.863E-04
  65) CH3     + H2CO    = CH4     + HCO          7.527E-04
 233) CH3     + HCS     = CH4     + CS           1.504E-12
 278) C2H6    + HV      = CH4     + CH21         4.297E-02

CH4                    LOSS RXS                INT RX RATE    TL =  1.29E+11
  48) CH4     + OH      = CH3     + H2O          1.247E+11
  49) CH4     + O1D     = CH3     + OH           2.664E+09
  50) CH4     + O1D     = CH3O    + H            3.587E+08
  51) CH4     + O1D     = CH2OH   + H            3.587E+08
  52) CH4     + O1D     = H2CO    + H2           1.793E+08
  53) CH21    + CH4     = CH3     + CH3          3.447E-11
  91) CH4     + O       = CH3     + OH           1.685E+07
 273) CH4     + HV      = CH21    + H2           1.041E+08
 274) CH4     + HV      = CH3     + H            1.129E+08
 275) CH4     + HV      = CH23    + H       H    1.919E+07

CH3                 PRODUCTION RXS              INT RX RATE    TP =  1.33E+11
  48) CH4     + OH      = CH3     + H2O          1.247E+11
  49) CH4     + O1D     = CH3     + OH           2.664E+09
  53) CH21    + CH4     = CH3     + CH3          3.447E-11
  91) CH4     + O       = CH3     + OH           1.685E+07
  92) CH21    + H2      = CH3     + H            6.099E+03
  99) C2H5    + H       = CH3     + CH3          1.075E-05
 100) C2H5    + O       = CH3     + HCO     H    1.343E-01
 101) C2H5    + OH      = CH3     + HCO     H2   2.075E-02
 104) C2H5    + O2      = CH3     + HCO     OH   9.000E+08
 254) CH3SO2  + HV      = CH3     + SO2          3.247E+09
 255) CH3SO3  + HV      = CH3     + SO3          5.133E+07
 257) C2H6SO  + OH      = CH4SO2  + CH3          8.347E+08
 274) CH4     + HV      = CH3     + H            1.129E+08

CH3                    LOSS RXS                INT RX RATE    TL =  1.33E+11
  59) CH3     + O2      = H2CO    + OH           7.821E+03
  60) CH3     + O       = H2CO    + H            2.046E+07
  61) CH3     + CH3     = C2H6    +              4.304E-01
  62) CH3     + H       = CH4     +              2.349E+03
  63) CH3     + HCO     = CH4     + CO           2.834E-03
  64) CH3     + HNO     = CH4     + NO           1.863E-04
  65) CH3     + H2CO    = CH4     + HCO          7.527E-04
  66) CH3     + O2      = CH3O2   +              1.325E+11
 233) CH3     + HCS     = CH4     + CS           1.504E-12
 276) CH3     + HV      = CH21    + H            1.032E+04

C2H6                PRODUCTION RXS              INT RX RATE    TP =  4.30E-01
  61) CH3     + CH3     = C2H6    +              4.304E-01
 102) C2H5    + HCO     = C2H6    + CO           1.295E-09
 103) C2H5    + HNO     = C2H6    + NO           6.381E-08

C2H6                   LOSS RXS                INT RX RATE    TL =  9.00E+08
  96) C2H6    + OH      = C2H5    + H2O          8.997E+08
  97) C2H6    + O       = C2H5    + OH           1.547E+04
  98) C2H6    + O1D     = C2H5    + OH           2.378E+05
 277) C2H6    + HV      = CH23    + CH23    H2   1.719E-01
 278) C2H6    + HV      = CH4     + CH21         4.297E-02

NO                  PRODUCTION RXS              INT RX RATE    TP =  5.80E+12
  64) CH3     + HNO     = CH4     + NO           1.863E-04
  73) N       + O2      = NO      + O            3.218E+07
  75) N       + OH      = NO      + H            6.030E+06
  81) NO2     + O       = NO      + O2           7.299E+11
  83) NO2     + H       = NO      + OH           1.415E+07
  86) HNO     + HV      = NO      + H            7.594E+06
  87) H       + HNO     = H2      + NO           1.000E+00
  88) O       + HNO     = OH      + NO           3.555E+04
  89) OH      + HNO     = H2O     + NO           3.068E+05
 103) C2H5    + HNO     = C2H6    + NO           6.381E-08
 152) SO      + NO2     = SO2     + NO           6.348E+06
 157) HS      + NO2     = HSO     + NO           3.473E+06
 198) O1D     + N2O     = NO      + NO           1.046E+08
 199) N       + HO2     = NO      + OH           1.507E+06
 204) NO2     + NO3     = NO      + NO2     O2   1.304E+04
 249) CH3S    + NO2     = CH3SO   + NO           2.837E+06
 251) CH3SO   + NO2     = CH3SO2  + NO           9.424E+06
 253) CH3SO2  + NO2     = CH3SO3  + NO           3.586E+04
 279) HNO2    + HV      = NO      + OH           3.937E+09
 284) NO2     + HV      = NO      + O1D          7.193E+08
 285) NO2     + HV      = NO      + O            5.066E+12
 301) NO3     + HV      = NO      + O2           1.791E+09
 307) N2O5    + HV      = NO3     + NO      O    6.606E+07

NO                     LOSS RXS                INT RX RATE    TL =  5.80E+12
  67) CH3O2   + NO      = CH3O    + NO2          5.061E+10
  71) H       + NO      = HNO     +              1.484E+04
  76) N       + NO      = N2      + O            2.693E+07
  77) NO      + O3      = NO2     + O2           5.593E+12
  78) NO      + O       = NO2     +              5.030E+09
  79) NO      + HO2     = NO2     + OH           1.458E+11
  80) NO      + OH      = HNO2    +              3.214E+09
  85) HCO     + NO      = HNO     + CO           4.488E+02
 164) HSO     + NO      = HNO     + SO           7.927E+06
 191) NO      + NO3     = NO2     + NO2          2.981E+09
 246) C2H5SO2 + NO      = C2H5SO  + NO2          2.463E+09
 283) NO      + HV      = N       + O            7.288E+07

NO2                 PRODUCTION RXS              INT RX RATE    TP =  5.83E+12
  67) CH3O2   + NO      = CH3O    + NO2          5.061E+10
  77) NO      + O3      = NO2     + O2           5.593E+12
  78) NO      + O       = NO2     +              5.030E+09
  79) NO      + HO2     = NO2     + OH           1.458E+11
  90) HNO2    + OH      = H2O     + NO2          5.886E+07
 189) O       + NO3     = O2      + NO2          1.443E+08
 190) HO2     + NO3     = OH      + NO2     O2   9.409E+06
 191) NO      + NO3     = NO2     + NO2          2.981E+09
 193) OH      + NO3     = HO2     + NO2          1.451E+07
 200) O       + N2O5    = NO2     + NO2     O2   2.893E+04
 202) N2O5    + M       = NO3     + NO2          3.079E+05
 204) NO2     + NO3     = NO      + NO2     O2   1.304E+04
 206) NO3     + NO3     = NO2     + NO2     O2   1.621E-01
 208) O       + HO2NO2  = OH      + NO2     O2   3.123E+04
 209) OH      + HO2NO2  = H2O     + NO2     O2   3.586E+09
 210) HO2NO2  + M       = HO2     + NO2          4.975E+09
 246) C2H5SO2 + NO      = C2H5SO  + NO2          2.463E+09
 280) HNO3    + HV      = NO2     + OH           5.157E+09
 302) NO3     + HV      = NO2     + O            1.335E+10
 304) HO2NO2  + HV      = HO2     + NO2          1.895E+09
 306) N2O5    + HV      = NO3     + NO2          3.481E+07

NO2                    LOSS RXS                INT RX RATE    TL =  5.83E+12
  81) NO2     + O       = NO      + O2           7.299E+11
  82) NO2     + OH      = HNO3    +              8.014E+09
  83) NO2     + H       = NO      + OH           1.415E+07
 152) SO      + NO2     = SO2     + NO           6.348E+06
 157) HS      + NO2     = HSO     + NO           3.473E+06
 192) O       + NO2     = NO3     +              1.282E+10
 195) N       + NO2     = N2O     + O            6.235E+06
 201) NO2     + NO3     = N2O5    +              1.012E+08
 204) NO2     + NO3     = NO      + NO2     O2   1.304E+04
 205) NO2     + O3      = NO3     + O2           3.302E+09
 207) HO2     + NO2     = HO2NO2  +              1.097E+10
 212) HO2     + NO2     = HNO2    + O2           8.057E+06
 249) CH3S    + NO2     = CH3SO   + NO           2.837E+06
 251) CH3SO   + NO2     = CH3SO2  + NO           9.424E+06
 253) CH3SO2  + NO2     = CH3SO3  + NO           3.586E+04
 284) NO2     + HV      = NO      + O1D          7.193E+08
 285) NO2     + HV      = NO      + O            5.066E+12

HNO                 PRODUCTION RXS              INT RX RATE    TP =  7.94E+06
  71) H       + NO      = HNO     +              1.484E+04
  85) HCO     + NO      = HNO     + CO           4.488E+02
 164) HSO     + NO      = HNO     + SO           7.927E+06

HNO                    LOSS RXS                INT RX RATE    TL =  7.94E+06
  64) CH3     + HNO     = CH4     + NO           1.863E-04
  86) HNO     + HV      = NO      + H            7.594E+06
  87) H       + HNO     = H2      + NO           1.000E+00
  88) O       + HNO     = OH      + NO           3.555E+04
  89) OH      + HNO     = H2O     + NO           3.068E+05
 103) C2H5    + HNO     = C2H6    + NO           6.381E-08

H2S                 PRODUCTION RXS              INT RX RATE    TP =  1.07E+06
 125) HS      + HO2     = H2S     + O2           1.072E+06
 126) HS      + HS      = H2S     + S            3.680E+01
 127) HS      + HCO     = H2S     + CO           9.367E-04
 168) HSO     + HS      = H2S     + SO           8.686E+01
 235) HS      + HCS     = H2S     + CS           2.254E-09

H2S                    LOSS RXS                INT RX RATE    TL =  1.06E+06
 120) H2S     + OH      = H2O     + HS           1.062E+06
 121) H2S     + H       = H2      + HS           7.065E-02
 122) H2S     + O       = OH      + HS           4.089E+01
 287) H2S     + HV      = HS      + H            1.406E+03

HS                  PRODUCTION RXS              INT RX RATE    TP =  1.78E+09
 120) H2S     + OH      = H2O     + HS           1.062E+06
 121) H2S     + H       = H2      + HS           7.065E-02
 122) H2S     + O       = OH      + HS           4.089E+01
 132) S       + HCO     = HS      + CO           2.642E-11
 133) S       + HO2     = HS      + O2           1.530E-02
 166) HSO     + H       = HS      + OH           6.303E-01
 170) HSO     + O3      = HS      + O2      O2   1.771E+09
 171) HSO     + S       = HS      + SO           2.469E-06
 172) H       + OCS     = CO      + HS           2.372E+01
 177) OCS     + OH      = CO2     + HS           9.979E+06
 220) CS2     + OH      = OCS     + HS           2.038E+05
 231) CH21    + S2      = HCS     + HS           1.887E-18
 232) CH23    + S2      = HCS     + HS           1.918E-17
 236) S       + HCS     = HS      + CS           6.239E-17
 239) OCS     + H       = CO      + HS           2.364E+01
 287) H2S     + HV      = HS      + H            1.406E+03
 299) HSO     + HV      = HS      + O            3.866E+02

HS                     LOSS RXS                INT RX RATE    TL =  1.78E+09
 123) HS      + O       = H       + SO           5.073E+03
 125) HS      + HO2     = H2S     + O2           1.072E+06
 126) HS      + HS      = H2S     + S            3.680E+01
 127) HS      + HCO     = H2S     + CO           9.367E-04
 128) HS      + H       = H2      + S            1.369E-02
 129) HS      + S       = H       + S2           5.934E-08
 155) HS      + O3      = HSO     + O2           1.777E+09
 156) HS      + HO2     = HSO     + OH           1.072E+06
 157) HS      + NO2     = HSO     + NO           3.473E+06
 168) HSO     + HS      = H2S     + SO           8.686E+01
 173) HS      + CO      = OCS     + H            3.883E-05
 226) CS      + HS      = CS2     + H            6.484E-04
 230) HS      + CO      = OCS     + H            3.930E-05
 235) HS      + HCS     = H2S     + CS           2.254E-09

S                   PRODUCTION RXS              INT RX RATE    TP =  3.12E+07
 126) HS      + HS      = H2S     + S            3.680E+01
 128) HS      + H       = H2      + S            1.369E-02
 136) S2      + O       = S       + SO           1.226E+03
 159) SO      + SO      = SO2     + S            6.183E-04
 175) O       + OCS     = S       + CO2          1.232E+01
 219) CS2     + O       = OCS     + S            4.758E+05
 241) CS      + O       = CO      + S            1.962E+00
 286) SO      + HV      = S       + O            1.300E+04
 292) S2      + HV      = S       + S            1.130E+05
 294) S3      + HV      = S2      + S            1.707E-08
 300) OCS     + HV      = CO      + S            2.013E+07
 309) CS2     + HV      = CS      + S            1.040E+07

S                      LOSS RXS                INT RX RATE    TL =  3.12E+07
 129) HS      + S       = H       + S2           5.934E-08
 130) S       + O2      = SO      + O            3.123E+07
 131) S       + OH      = SO      + H            2.278E-02
 132) S       + HCO     = HS      + CO           2.642E-11
 133) S       + HO2     = HS      + O2           1.530E-02
 134) S       + HO2     = SO      + OH           1.530E-02
 135) S       + S       = S2      +              3.021E-17
 139) S       + S2      = S3      +              1.707E-08
 141) S       + S3      = S4      +              3.834E-25
 158) S       + O3      = SO      + O2           6.602E+03
 171) HSO     + S       = HS      + SO           2.469E-06
 176) OCS     + S       = CO      + S2           7.924E-03
 179) S       + CO      = OCS     +              2.409E-04
 184) OCS     + S       = OCS2    +              9.294E-03
 185) OCS2    + S       = OCS     + S2           2.576E-17
 229) S       + HCS     = H       + CS2          1.248E-16
 234) CH23    + S       = HCS     + H            3.440E-12
 236) S       + HCS     = HS      + CS           6.239E-17
 240) CS2     + S       = CS      + S2           4.565E-07

SO                  PRODUCTION RXS              INT RX RATE    TP =  1.56E+08
 106) SO2     + O1D     = SO      + O2           1.194E+04
 123) HS      + O       = H       + SO           5.073E+03
 130) S       + O2      = SO      + O            3.123E+07
 131) S       + OH      = SO      + H            2.278E-02
 134) S       + HO2     = SO      + OH           1.530E-02
 136) S2      + O       = S       + SO           1.226E+03
 148) SO21    + SO2     = SO3     + SO           2.178E+00
 151) SO23    + SO2     = SO3     + SO           2.767E-01
 158) S       + O3      = SO      + O2           6.602E+03
 164) HSO     + NO      = HNO     + SO           7.927E+06
 165) HSO     + OH      = H2O     + SO           2.062E+06
 167) HSO     + H       = H2      + SO           3.151E-01
 168) HSO     + HS      = H2S     + SO           8.686E+01
 169) HSO     + O       = OH      + SO           1.787E+04
 171) HSO     + S       = HS      + SO           2.469E-06
 174) O       + OCS     = CO      + SO           1.800E+06
 214) CS      + O2      = CO      + SO           4.657E+04
 216) CS      + O3      = SO      + CO2          6.262E+06
 218) CS2     + O       = SO      + CS           5.075E+06
 288) SO2     + HV      = SO      + O            1.014E+08

SO                     LOSS RXS                INT RX RATE    TL =  1.56E+08
 107) SO      + O2      = O       + SO2          1.125E+08
 108) SO      + HO2     = SO2     + OH           2.399E+05
 109) SO      + O       = SO2     +              1.054E+04
 110) SO      + OH      = SO2     + H            2.177E+05
 152) SO      + NO2     = SO2     + NO           6.348E+06
 153) SO      + O3      = SO2     + O2           3.655E+07
 159) SO      + SO      = SO2     + S            6.183E-04
 160) SO3     + SO      = SO2     + SO2          2.516E-04
 162) SO      + HCO     = HSO     + CO           8.019E-05
 163) H       + SO      = HSO     +              3.926E-03
 238) CS2     + SO      = OCS     + S2           6.755E-03
 286) SO      + HV      = S       + O            1.300E+04

SO2                 PRODUCTION RXS              INT RX RATE    TP =  7.94E+10
 105) SO2     + O1D     = SO2     + O            3.723E+03
 107) SO      + O2      = O       + SO2          1.125E+08
 108) SO      + HO2     = SO2     + OH           2.399E+05
 109) SO      + O       = SO2     +              1.054E+04
 110) SO      + OH      = SO2     + H            2.177E+05
 115) SO3     + O       = SO2     + O2           1.077E+00
 144) SO21    + M       = SO2     + M            6.850E+10
 146) SO21    + HV      = SO2     + HV           1.180E+07
 149) SO23    + M       = SO2     + M            7.435E+09
 150) SO23    + HV      = SO2     + HV           4.225E+06
 152) SO      + NO2     = SO2     + NO           6.348E+06
 153) SO      + O3      = SO2     + O2           3.655E+07
 159) SO      + SO      = SO2     + S            6.183E-04
 160) SO3     + SO      = SO2     + SO2          2.516E-04
 217) CS      + O3      = CO      + SO2          6.262E+06
 224) CS2X    + O2      = CS      + SO2          3.735E+06
 254) CH3SO2  + HV      = CH3     + SO2          3.247E+09
 298) SO3     + HV      = SO2     + O            1.090E+03

SO2                    LOSS RXS                INT RX RATE    TL =  7.85E+10
 105) SO2     + O1D     = SO2     + O            3.723E+03
 106) SO2     + O1D     = SO      + O2           1.194E+04
 111) SO2     + OH      = HSO3    +              1.614E+09
 112) SO2     + O       = SO3     +              4.135E+05
 148) SO21    + SO2     = SO3     + SO           2.178E+00
 151) SO23    + SO2     = SO3     + SO           2.767E-01
 154) SO2     + HO2     = SO3     + OH           1.139E+05
 288) SO2     + HV      = SO      + O            1.014E+08
 289) SO2     + HV      = SO21    +              7.537E+10
 290) SO2     + HV      = SO23    +              5.881E+08

H2SO4               PRODUCTION RXS              INT RX RATE    TP =  9.57E+09
 113) SO3     + H2O     = H2SO4   +              9.567E+09

H2SO4                  LOSS RXS                INT RX RATE    TL =  9.43E+09
 114) H2SO4   + H2O     = SO3     + H2O     H2O  7.899E+09
 291) H2SO4   + HV      = SO3     + H2O          2.551E+06

HSO                 PRODUCTION RXS              INT RX RATE    TP =  1.78E+09
 155) HS      + O3      = HSO     + O2           1.777E+09
 156) HS      + HO2     = HSO     + OH           1.072E+06
 157) HS      + NO2     = HSO     + NO           3.473E+06
 162) SO      + HCO     = HSO     + CO           8.019E-05
 163) H       + SO      = HSO     +              3.926E-03

HSO                    LOSS RXS                INT RX RATE    TL =  1.78E+09
 164) HSO     + NO      = HNO     + SO           7.927E+06
 165) HSO     + OH      = H2O     + SO           2.062E+06
 166) HSO     + H       = HS      + OH           6.303E-01
 167) HSO     + H       = H2      + SO           3.151E-01
 168) HSO     + HS      = H2S     + SO           8.686E+01
 169) HSO     + O       = OH      + SO           1.787E+04
 170) HSO     + O3      = HS      + O2      O2   1.771E+09
 171) HSO     + S       = HS      + SO           2.469E-06
 299) HSO     + HV      = HS      + O            3.866E+02

S2                  PRODUCTION RXS              INT RX RATE    TP =  1.14E+05
 129) HS      + S       = H       + S2           5.934E-08
 135) S       + S       = S2      +              3.021E-17
 176) OCS     + S       = CO      + S2           7.924E-03
 185) OCS2    + S       = OCS     + S2           2.576E-17
 225) CS2X    + CS2     = CS      + CS      S2   8.877E-04
 237) CS2     + O       = CO      + S2           1.142E+05
 238) CS2     + SO      = OCS     + S2           6.755E-03
 240) CS2     + S       = CS      + S2           4.565E-07
 293) S4      + HV      = S2      + S2           1.763E+01
 294) S3      + HV      = S2      + S            1.707E-08

S2                     LOSS RXS                INT RX RATE    TL =  1.14E+05
 136) S2      + O       = S       + SO           1.226E+03
 139) S       + S2      = S3      +              1.707E-08
 140) S2      + S2      = S4      +              1.763E+01
 231) CH21    + S2      = HCS     + HS           1.887E-18
 232) CH23    + S2      = HCS     + HS           1.918E-17
 292) S2      + HV      = S       + S            1.130E+05

S4                  PRODUCTION RXS              INT RX RATE    TP =  1.76E+01
 140) S2      + S2      = S4      +              1.763E+01
 141) S       + S3      = S4      +              3.834E-25
 297) S8      + HV      = S4      + S4           1.723E-13

S4                     LOSS RXS                INT RX RATE    TL =  1.76E+01
 142) S4      + S4      = S8      +              1.723E-13
 293) S4      + HV      = S2      + S2           1.763E+01

S8                  PRODUCTION RXS              INT RX RATE    TP =  1.72E-13
 142) S4      + S4      = S8      +              1.723E-13

S8                     LOSS RXS                INT RX RATE    TL =  1.72E-13
 297) S8      + HV      = S4      + S4           1.723E-13

SO3                 PRODUCTION RXS              INT RX RATE    TP =  9.57E+09
 112) SO2     + O       = SO3     +              4.135E+05
 114) H2SO4   + H2O     = SO3     + H2O     H2O  7.899E+09
 116) HSO3    + O2      = HO2     + SO3          1.614E+09
 147) SO21    + O2      = SO3     + O            1.457E+04
 148) SO21    + SO2     = SO3     + SO           2.178E+00
 151) SO23    + SO2     = SO3     + SO           2.767E-01
 154) SO2     + HO2     = SO3     + OH           1.139E+05
 255) CH3SO3  + HV      = CH3     + SO3          5.133E+07
 291) H2SO4   + HV      = SO3     + H2O          2.551E+06

SO3                    LOSS RXS                INT RX RATE    TL =  9.57E+09
 113) SO3     + H2O     = H2SO4   +              9.567E+09
 115) SO3     + O       = SO2     + O2           1.077E+00
 160) SO3     + SO      = SO2     + SO2          2.516E-04
 298) SO3     + HV      = SO2     + O            1.090E+03

OCS                 PRODUCTION RXS              INT RX RATE    TP =  7.31E+06
 173) HS      + CO      = OCS     + H            3.883E-05
 179) S       + CO      = OCS     +              2.409E-04
 185) OCS2    + S       = OCS     + S2           2.576E-17
 188) OCS2    + CO      = OCS     + OCS          9.294E-03
 213) CS      + O2      = OCS     + O            3.725E+05
 215) CS      + O3      = OCS     + O2           6.262E+06
 219) CS2     + O       = OCS     + S            4.758E+05
 220) CS2     + OH      = OCS     + HS           2.038E+05
 230) HS      + CO      = OCS     + H            3.930E-05
 238) CS2     + SO      = OCS     + S2           6.755E-03

OCS                    LOSS RXS                INT RX RATE    TL =  3.19E+07
 172) H       + OCS     = CO      + HS           2.372E+01
 174) O       + OCS     = CO      + SO           1.800E+06
 175) O       + OCS     = S       + CO2          1.232E+01
 176) OCS     + S       = CO      + S2           7.924E-03
 177) OCS     + OH      = CO2     + HS           9.979E+06
 184) OCS     + S       = OCS2    +              9.294E-03
 239) OCS     + H       = CO      + HS           2.364E+01
 300) OCS     + HV      = CO      + S            2.013E+07

S3                  PRODUCTION RXS              INT RX RATE    TP =  1.71E-08
 139) S       + S2      = S3      +              1.707E-08

S3                     LOSS RXS                INT RX RATE    TL =  1.71E-08
 141) S       + S3      = S4      +              3.834E-25
 294) S3      + HV      = S2      + S            1.707E-08

O3                  PRODUCTION RXS              INT RX RATE    TP =  2.04E+15
  18) O       + O2      = O3      +              2.041E+15

O3                     LOSS RXS                INT RX RATE    TL =  2.04E+15
   5) H       + O3      = OH      + O2           5.010E+11
  12) OH      + O3      = HO2     + O2           4.084E+11
  15) HO2     + O3      = OH      + O2      O2   1.577E+11
  19) O       + O3      = O2      + O2           3.204E+11
  20) O1D     + O3      = O2      + O2           7.525E+09
  21) O1D     + O3      = O       + O       O2   7.525E+09
  26) O3      + HV      = O2      + O            6.563E-10
  27) O3      + O3      = O2      + O2      O2   2.572E+03
  77) NO      + O3      = NO2     + O2           5.593E+12
 153) SO      + O3      = SO2     + O2           3.655E+07
 155) HS      + O3      = HSO     + O2           1.777E+09
 158) S       + O3      = SO      + O2           6.602E+03
 170) HSO     + O3      = HS      + O2      O2   1.771E+09
 205) NO2     + O3      = NO3     + O2           3.302E+09
 215) CS      + O3      = OCS     + O2           6.262E+06
 216) CS      + O3      = SO      + CO2          6.262E+06
 217) CS      + O3      = CO      + SO2          6.262E+06
 248) CH3S    + O3      = CH3SO   + O2           2.460E+09
 250) CH3SO   + O3      = CH3SO2  + O2           2.454E+09
 252) CH3SO2  + O3      = CH3SO3  + O2           5.129E+07
 264) O3      + HV      = O2      + O1D          6.620E+14
 265) O3      + HV      = O2      + O            1.371E+15
 266) O3      + HV      = O       + O       O    4.079E+11

HNO3                PRODUCTION RXS              INT RX RATE    TP =  8.02E+09
  82) NO2     + OH      = HNO3    +              8.014E+09
 203) N2O5    + H2O     = HNO3    + HNO3         1.130E+04
 244) C2H6S   + NO3     = C2H5S   + HNO3         2.237E+06

HNO3                   LOSS RXS                INT RX RATE    TL =  7.95E+09
  84) HNO3    + OH      = H2O     + NO3          1.665E+09
 211) O       + HNO3    = OH      + NO3          1.091E+06
 280) HNO3    + HV      = NO2     + OH           5.157E+09
 281) HNO3    + HV      = HNO2    + O            4.507E+08
 282) HNO3    + HV      = HNO2    + O1D          3.236E+08

N                   PRODUCTION RXS              INT RX RATE    TP =  7.29E+07
 283) NO      + HV      = N       + O            7.288E+07

N                      LOSS RXS                INT RX RATE    TL =  7.29E+07
  72) N       + N       = N2      +              4.754E-02
  73) N       + O2      = NO      + O            3.218E+07
  75) N       + OH      = NO      + H            6.030E+06
  76) N       + NO      = N2      + O            2.693E+07
 195) N       + NO2     = N2O     + O            6.235E+06
 199) N       + HO2     = NO      + OH           1.507E+06

NO3                 PRODUCTION RXS              INT RX RATE    TP =  1.84E+10
  84) HNO3    + OH      = H2O     + NO3          1.665E+09
 192) O       + NO2     = NO3     +              1.282E+10
 202) N2O5    + M       = NO3     + NO2          3.079E+05
 205) NO2     + O3      = NO3     + O2           3.302E+09
 211) O       + HNO3    = OH      + NO3          1.091E+06
 305) HO2NO2  + HV      = OH      + NO3          5.042E+08
 306) N2O5    + HV      = NO3     + NO2          3.481E+07
 307) N2O5    + HV      = NO3     + NO      O    6.606E+07

NO3                    LOSS RXS                INT RX RATE    TL =  1.84E+10
 189) O       + NO3     = O2      + NO2          1.443E+08
 190) HO2     + NO3     = OH      + NO2     O2   9.409E+06
 191) NO      + NO3     = NO2     + NO2          2.981E+09
 193) OH      + NO3     = HO2     + NO2          1.451E+07
 201) NO2     + NO3     = N2O5    +              1.012E+08
 204) NO2     + NO3     = NO      + NO2     O2   1.304E+04
 206) NO3     + NO3     = NO2     + NO2     O2   1.621E-01
 244) C2H6S   + NO3     = C2H5S   + HNO3         2.237E+06
 301) NO3     + HV      = NO      + O2           1.791E+09
 302) NO3     + HV      = NO2     + O            1.335E+10

N2O                 PRODUCTION RXS              INT RX RATE    TP =  6.23E+06
 195) N       + NO2     = N2O     + O            6.235E+06

N2O                    LOSS RXS                INT RX RATE    TL =  5.61E+09
 194) H       + N2O     = N2      + OH           4.490E-04
 197) O1D     + N2O     = N2      + O2           6.688E+07
 198) O1D     + N2O     = NO      + NO           1.046E+08
 303) N2O     + HV      = N2      + O1D          5.425E+09

HO2NO2              PRODUCTION RXS              INT RX RATE    TP =  1.10E+10
 207) HO2     + NO2     = HO2NO2  +              1.097E+10

HO2NO2                 LOSS RXS                INT RX RATE    TL =  1.10E+10
 208) O       + HO2NO2  = OH      + NO2     O2   3.123E+04
 209) OH      + HO2NO2  = H2O     + NO2     O2   3.586E+09
 210) HO2NO2  + M       = HO2     + NO2          4.975E+09
 304) HO2NO2  + HV      = HO2     + NO2          1.895E+09
 305) HO2NO2  + HV      = OH      + NO3          5.042E+08

N2O5                PRODUCTION RXS              INT RX RATE    TP =  1.01E+08
 201) NO2     + NO3     = N2O5    +              1.012E+08

N2O5                   LOSS RXS                INT RX RATE    TL =  1.01E+08
 200) O       + N2O5    = NO2     + NO2     O2   2.893E+04
 202) N2O5    + M       = NO3     + NO2          3.079E+05
 203) N2O5    + H2O     = HNO3    + HNO3         1.130E+04
 306) N2O5    + HV      = NO3     + NO2          3.481E+07
 307) N2O5    + HV      = NO3     + NO      O    6.606E+07

NH                  PRODUCTION RXS              INT RX RATE    TP =  0.00E+00

NH                     LOSS RXS                INT RX RATE    TL =  0.00E+00

NH2                 PRODUCTION RXS              INT RX RATE    TP =  0.00E+00

NH2                    LOSS RXS                INT RX RATE    TL =  0.00E+00

NH3                 PRODUCTION RXS              INT RX RATE    TP =  0.00E+00

NH3                    LOSS RXS                INT RX RATE    TL =  1.50E+10

CO2                 PRODUCTION RXS              INT RX RATE    TP =  9.53E+11
  32) O       + HCO     = H       + CO2          5.042E+05
  34) CO      + OH      = CO2     + H            1.188E+11
  35) CO      + O       = CO2     +              1.486E+06
 175) O       + OCS     = S       + CO2          1.232E+01
 177) OCS     + OH      = CO2     + HS           9.979E+06
 182) CO2     + O1D     = CO2     + O            8.339E+11
 216) CS      + O3      = SO      + CO2          6.262E+06

CO2                    LOSS RXS                INT RX RATE    TL =  8.43E+11
  36) CO2     + H       = CO      + OH           2.015E-07
  93) CH21    + CO2     = H2CO    + CO           3.904E+03
  95) CH23    + CO2     = H2CO    + CO           2.101E+04
 182) CO2     + O1D     = CO2     + O            8.339E+11
 268) CO2     + HV      = CO      + O            3.634E+09
 269) CO2     + HV      = CO      + O1D          5.194E+09

CS                  PRODUCTION RXS              INT RX RATE    TP =  1.92E+07
 218) CS2     + O       = SO      + CS           5.075E+06
 224) CS2X    + O2      = CS      + SO2          3.735E+06
 225) CS2X    + CS2     = CS      + CS      S2   8.877E-04
 228) H       + HCS     = H2      + CS           1.895E-11
 233) CH3     + HCS     = CH4     + CS           1.504E-12
 235) HS      + HCS     = H2S     + CS           2.254E-09
 236) S       + HCS     = HS      + CS           6.239E-17
 240) CS2     + S       = CS      + S2           4.565E-07
 309) CS2     + HV      = CS      + S            1.040E+07

CS                     LOSS RXS                INT RX RATE    TL =  1.92E+07
 213) CS      + O2      = OCS     + O            3.725E+05
 214) CS      + O2      = CO      + SO           4.657E+04
 215) CS      + O3      = OCS     + O2           6.262E+06
 216) CS      + O3      = SO      + CO2          6.262E+06
 217) CS      + O3      = CO      + SO2          6.262E+06
 226) CS      + HS      = CS2     + H            6.484E-04
 227) H       + CS      = HCS     +              2.271E-09
 241) CS      + O       = CO      + S            1.962E+00

CS2                 PRODUCTION RXS              INT RX RATE    TP =  4.47E+09
 222) CS2OH   + HV      = CS2     + OH           8.152E+07
 223) CS2X    + M       = CS2     + M            4.389E+09
 226) CS      + HS      = CS2     + H            6.484E-04
 229) S       + HCS     = H       + CS2          1.248E-16

CS2                    LOSS RXS                INT RX RATE    TL =  4.49E+09
 218) CS2     + O       = SO      + CS           5.075E+06
 219) CS2     + O       = OCS     + S            4.758E+05
 220) CS2     + OH      = OCS     + HS           2.038E+05
 221) CS2     + OH      = CS2OH   +              8.152E+07
 225) CS2X    + CS2     = CS      + CS      S2   8.877E-04
 237) CS2     + O       = CO      + S2           1.142E+05
 238) CS2     + SO      = OCS     + S2           6.755E-03
 240) CS2     + S       = CS      + S2           4.565E-07
 309) CS2     + HV      = CS      + S            1.040E+07
 310) CS2     + HV      = CS2X    +              4.393E+09

HCS                 PRODUCTION RXS              INT RX RATE    TP =  2.27E-09
 227) H       + CS      = HCS     +              2.271E-09
 231) CH21    + S2      = HCS     + HS           1.887E-18
 232) CH23    + S2      = HCS     + HS           1.918E-17
 234) CH23    + S       = HCS     + H            3.440E-12

HCS                    LOSS RXS                INT RX RATE    TL =  2.27E-09
 228) H       + HCS     = H2      + CS           1.895E-11
 229) S       + HCS     = H       + CS2          1.248E-16
 233) CH3     + HCS     = CH4     + CS           1.504E-12
 235) HS      + HCS     = H2S     + CS           2.254E-09
 236) S       + HCS     = HS      + CS           6.239E-17

C2H6S               PRODUCTION RXS              INT RX RATE    TP =  0.00E+00

C2H6S                  LOSS RXS                INT RX RATE    TL =  3.30E+09
 242) C2H6S   + OH      = C2H5S   + H2O          2.461E+09
 243) C2H6S   + OH      = C2H7SO  +              8.367E+08
 244) C2H6S   + NO3     = C2H5S   + HNO3         2.237E+06

C2H5S               PRODUCTION RXS              INT RX RATE    TP =  2.46E+09
 242) C2H6S   + OH      = C2H5S   + H2O          2.461E+09
 244) C2H6S   + NO3     = C2H5S   + HNO3         2.237E+06

C2H5S                  LOSS RXS                INT RX RATE    TL =  2.46E+09
 245) C2H5S   + O2      = C2H5SO2 +              2.463E+09

C2H5SO              PRODUCTION RXS              INT RX RATE    TP =  2.46E+09
 246) C2H5SO2 + NO      = C2H5SO  + NO2          2.463E+09

C2H5SO                 LOSS RXS                INT RX RATE    TL =  2.46E+09
 247) C2H5SO  + HV      = H2CO    + CH3S         2.463E+09

C2H5SO2             PRODUCTION RXS              INT RX RATE    TP =  2.46E+09
 245) C2H5S   + O2      = C2H5SO2 +              2.463E+09

C2H5SO2                LOSS RXS                INT RX RATE    TL =  2.46E+09
 246) C2H5SO2 + NO      = C2H5SO  + NO2          2.463E+09

CH3S                PRODUCTION RXS              INT RX RATE    TP =  2.46E+09
 247) C2H5SO  + HV      = H2CO    + CH3S         2.463E+09

CH3S                   LOSS RXS                INT RX RATE    TL =  2.46E+09
 248) CH3S    + O3      = CH3SO   + O2           2.460E+09
 249) CH3S    + NO2     = CH3SO   + NO           2.837E+06

CH3SO               PRODUCTION RXS              INT RX RATE    TP =  2.46E+09
 248) CH3S    + O3      = CH3SO   + O2           2.460E+09
 249) CH3S    + NO2     = CH3SO   + NO           2.837E+06

CH3SO                  LOSS RXS                INT RX RATE    TL =  2.46E+09
 250) CH3SO   + O3      = CH3SO2  + O2           2.454E+09
 251) CH3SO   + NO2     = CH3SO2  + NO           9.424E+06

CH3SO2              PRODUCTION RXS              INT RX RATE    TP =  3.30E+09
 250) CH3SO   + O3      = CH3SO2  + O2           2.454E+09
 251) CH3SO   + NO2     = CH3SO2  + NO           9.424E+06
 258) CH4SO2  + OH      = CH3SO2  + H2O          8.347E+08

CH3SO2                 LOSS RXS                INT RX RATE    TL =  3.30E+09
 252) CH3SO2  + O3      = CH3SO3  + O2           5.129E+07
 253) CH3SO2  + NO2     = CH3SO3  + NO           3.586E+04
 254) CH3SO2  + HV      = CH3     + SO2          3.247E+09

CH3SO3              PRODUCTION RXS              INT RX RATE    TP =  5.13E+07
 252) CH3SO2  + O3      = CH3SO3  + O2           5.129E+07
 253) CH3SO2  + NO2     = CH3SO3  + NO           3.586E+04

CH3SO3                 LOSS RXS                INT RX RATE    TL =  5.13E+07
 255) CH3SO3  + HV      = CH3     + SO3          5.133E+07

CH4SO2              PRODUCTION RXS              INT RX RATE    TP =  8.35E+08
 257) C2H6SO  + OH      = CH4SO2  + CH3          8.347E+08

CH4SO2                 LOSS RXS                INT RX RATE    TL =  8.35E+08
 258) CH4SO2  + OH      = CH3SO2  + H2O          8.347E+08

C2H6SO              PRODUCTION RXS              INT RX RATE    TP =  8.37E+08
 256) C2H7SO  + O2      = C2H6SO  + HO2          8.367E+08

C2H6SO                 LOSS RXS                INT RX RATE    TL =  8.37E+08
 257) C2H6SO  + OH      = CH4SO2  + CH3          8.347E+08

C2H7SO              PRODUCTION RXS              INT RX RATE    TP =  8.37E+08
 243) C2H6S   + OH      = C2H7SO  +              8.367E+08

C2H7SO                 LOSS RXS                INT RX RATE    TL =  8.37E+08
 256) C2H7SO  + O2      = C2H6SO  + HO2          8.367E+08

SO4AER              PRODUCTION RXS              INT RX RATE    TP =  1.42E+09

SO4AER                 LOSS RXS                INT RX RATE    TL =  1.40E+09

S8AER               PRODUCTION RXS              INT RX RATE    TP =  0.00E+00

S8AER                  LOSS RXS                INT RX RATE    TL =  1.70E-19

HNO2                PRODUCTION RXS              INT RX RATE    TP =  0.00E+00
  80) NO      + OH      = HNO2    +              3.214E+09
 212) HO2     + NO2     = HNO2    + O2           8.057E+06
 281) HNO3    + HV      = HNO2    + O            4.507E+08
 282) HNO3    + HV      = HNO2    + O1D          3.236E+08

HNO2                   LOSS RXS                INT RX RATE    TL =  0.00E+00
  90) HNO2    + OH      = H2O     + NO2          5.886E+07
 279) HNO2    + HV      = NO      + OH           3.937E+09

O1D                 PRODUCTION RXS              INT RX RATE    TP =  0.00E+00
 259) O2      + HV      = O       + O1D          2.963E+11
 262) H2O     + HV      = H2      + O1D          7.095E+08
 264) O3      + HV      = O2      + O1D          6.620E+14
 269) CO2     + HV      = CO      + O1D          5.194E+09
 282) HNO3    + HV      = HNO2    + O1D          3.236E+08
 284) NO2     + HV      = NO      + O1D          7.193E+08
 303) N2O     + HV      = N2      + O1D          5.425E+09

O1D                    LOSS RXS                INT RX RATE    TL =  0.00E+00
   1) H2O     + O1D     = OH      + OH           1.767E+11
   2) H2      + O1D     = OH      + H            1.583E+09
  20) O1D     + O3      = O2      + O2           7.525E+09
  21) O1D     + O3      = O       + O       O2   7.525E+09
  23) O1D     + N2      = O       + N2           6.404E+14
  24) O1D     + O2      = O       + O2           2.084E+13
  49) CH4     + O1D     = CH3     + OH           2.664E+09
  50) CH4     + O1D     = CH3O    + H            3.587E+08
  51) CH4     + O1D     = CH2OH   + H            3.587E+08
  52) CH4     + O1D     = H2CO    + H2           1.793E+08
  98) C2H6    + O1D     = C2H5    + OH           2.378E+05
 105) SO2     + O1D     = SO2     + O            3.723E+03
 106) SO2     + O1D     = SO      + O2           1.194E+04
 180) CO      + O1D     = CO      + O            4.598E+07
 182) CO2     + O1D     = CO2     + O            8.339E+11
 197) O1D     + N2O     = N2      + O2           6.688E+07
 198) O1D     + N2O     = NO      + NO           1.046E+08

CH21                PRODUCTION RXS              INT RX RATE    TP =  0.00E+00
 273) CH4     + HV      = CH21    + H2           1.041E+08
 276) CH3     + HV      = CH21    + H            1.032E+04
 278) C2H6    + HV      = CH4     + CH21         4.297E-02

CH21                   LOSS RXS                INT RX RATE    TL =  0.00E+00
  53) CH21    + CH4     = CH3     + CH3          3.447E-11
  54) CH21    + O2      = HCO     + OH           8.835E+06
  55) CH21    + N2      = CH23    + N2           9.528E+07
  92) CH21    + H2      = CH3     + H            6.099E+03
  93) CH21    + CO2     = H2CO    + CO           3.904E+03
 231) CH21    + S2      = HCS     + HS           1.887E-18

CH23                PRODUCTION RXS              INT RX RATE    TP =  0.00E+00
  55) CH21    + N2      = CH23    + N2           9.528E+07
 275) CH4     + HV      = CH23    + H       H    1.919E+07
 277) C2H6    + HV      = CH23    + CH23    H2   1.719E-01

CH23                   LOSS RXS                INT RX RATE    TL =  0.00E+00
  58) CH23    + O2      = HCO     + OH           1.141E+08
  94) CH23    + O       = HCO     + H            3.939E+05
  95) CH23    + CO2     = H2CO    + CO           2.101E+04
 232) CH23    + S2      = HCS     + HS           1.918E-17
 234) CH23    + S       = HCS     + H            3.440E-12

C2H5                PRODUCTION RXS              INT RX RATE    TP =  0.00E+00
  96) C2H6    + OH      = C2H5    + H2O          8.997E+08
  97) C2H6    + O       = C2H5    + OH           1.547E+04
  98) C2H6    + O1D     = C2H5    + OH           2.378E+05

C2H5                   LOSS RXS                INT RX RATE    TL =  0.00E+00
  99) C2H5    + H       = CH3     + CH3          1.075E-05
 100) C2H5    + O       = CH3     + HCO     H    1.343E-01
 101) C2H5    + OH      = CH3     + HCO     H2   2.075E-02
 102) C2H5    + HCO     = C2H6    + CO           1.295E-09
 103) C2H5    + HNO     = C2H6    + NO           6.381E-08
 104) C2H5    + O2      = CH3     + HCO     OH   9.000E+08

SO21                PRODUCTION RXS              INT RX RATE    TP =  0.00E+00
 289) SO2     + HV      = SO21    +              7.537E+10

SO21                   LOSS RXS                INT RX RATE    TL =  0.00E+00
 143) SO21    + M       = SO23    + M            6.850E+09
 144) SO21    + M       = SO2     + M            6.850E+10
 145) SO21    + HV      = SO23    + HV           8.043E+05
 146) SO21    + HV      = SO2     + HV           1.180E+07
 147) SO21    + O2      = SO3     + O            1.457E+04
 148) SO21    + SO2     = SO3     + SO           2.178E+00

SO23                PRODUCTION RXS              INT RX RATE    TP =  0.00E+00
 143) SO21    + M       = SO23    + M            6.850E+09
 145) SO21    + HV      = SO23    + HV           8.043E+05
 290) SO2     + HV      = SO23    +              5.881E+08

SO23                   LOSS RXS                INT RX RATE    TL =  0.00E+00
 149) SO23    + M       = SO2     + M            7.435E+09
 150) SO23    + HV      = SO2     + HV           4.225E+06
 151) SO23    + SO2     = SO3     + SO           2.767E-01

HSO3                PRODUCTION RXS              INT RX RATE    TP =  0.00E+00
 111) SO2     + OH      = HSO3    +              1.614E+09

HSO3                   LOSS RXS                INT RX RATE    TL =  0.00E+00
 116) HSO3    + O2      = HO2     + SO3          1.614E+09

OCS2                PRODUCTION RXS              INT RX RATE    TP =  0.00E+00
 184) OCS     + S       = OCS2    +              9.294E-03

OCS2                   LOSS RXS                INT RX RATE    TL =  0.00E+00
 185) OCS2    + S       = OCS     + S2           2.576E-17
 188) OCS2    + CO      = OCS     + OCS          9.294E-03

CS2X                PRODUCTION RXS              INT RX RATE    TP =  0.00E+00
 310) CS2     + HV      = CS2X    +              4.393E+09

CS2X                   LOSS RXS                INT RX RATE    TL =  0.00E+00
 223) CS2X    + M       = CS2     + M            4.389E+09
 224) CS2X    + O2      = CS      + SO2          3.735E+06
 225) CS2X    + CS2     = CS      + CS      S2   8.877E-04

CS2OH               PRODUCTION RXS              INT RX RATE    TP =  0.00E+00
 221) CS2     + OH      = CS2OH   +              8.152E+07

CS2OH                  LOSS RXS                INT RX RATE    TL =  0.00E+00
 222) CS2OH   + HV      = CS2     + OH           8.152E+07

N2                  PRODUCTION RXS              INT RX RATE    TP =  0.00E+00
  23) O1D     + N2      = O       + N2           6.404E+14
  55) CH21    + N2      = CH23    + N2           9.528E+07
  72) N       + N       = N2      +              4.754E-02
  76) N       + NO      = N2      + O            2.693E+07
 194) H       + N2O     = N2      + OH           4.490E-04
 197) O1D     + N2O     = N2      + O2           6.688E+07
 303) N2O     + HV      = N2      + O1D          5.425E+09

N2                     LOSS RXS                INT RX RATE    TL =  0.00E+00
  23) O1D     + N2      = O       + N2           6.404E+14
  55) CH21    + N2      = CH23    + N2           9.528E+07
