
O                   PRODUCTION RXS              INT RX RATE    TP =  2.28E+15
   8) H       + HO2     = H2O     + O            1.495E+08
  21) O1D     + O3      = O       + O       O2   1.250E+10
  22) OH      + OH      = H2O     + O            5.894E+08
  23) O1D     + N2      = O       + N2           5.039E+14
  24) O1D     + O2      = O       + O2           1.685E+14
  25) O2      + HV      = O       + O            1.013E-74
  26) O3      + HV      = O2      + O            8.576E-10
  73) N       + O2      = NO      + O            1.230E+08
  76) N       + NO      = N2      + O            1.296E+07
 105) SO2     + O1D     = SO2     + O            8.617E+03
 107) SO      + O2      = O       + SO2          9.732E+07
 130) S       + O2      = SO      + O            3.719E+06
 147) SO21    + O2      = SO3     + O            9.004E+04
 180) CO      + O1D     = CO      + O            4.992E+07
 182) CO2     + O1D     = CO2     + O            6.564E+11
 195) N       + NO2     = N2O     + O            7.382E+05
 213) CS      + O2      = OCS     + O            4.237E+06
 259) O2      + HV      = O       + O1D          2.937E+11
 260) O2      + HV      = O       + O            6.103E+12
 263) H2O     + HV      = H       + H       O    1.935E+08
 265) O3      + HV      = O2      + O            1.579E+15
 266) O3      + HV      = O       + O       O    1.777E+11
 268) CO2     + HV      = CO      + O            6.022E+08
 272) HO2     + HV      = OH      + O            3.096E+09
 281) HNO3    + HV      = HNO2    + O            2.734E+08
 283) NO      + HV      = N       + O            1.402E+08
 285) NO2     + HV      = NO      + O            1.951E+13
 286) SO      + HV      = S       + O            8.091E+05
 288) SO2     + HV      = SO      + O            8.981E+07
 298) SO3     + HV      = SO2     + O            2.372E+05
 299) HSO     + HV      = HS      + O            1.211E+01
 302) NO3     + HV      = NO2     + O            2.906E+10
 307) N2O5    + HV      = NO3     + NO      O    3.058E+08

O                      LOSS RXS                INT RX RATE    TL =  2.28E+15
   3) H2      + O       = OH      + H            5.900E+07
  10) OH      + O       = H       + O2           2.629E+12
  14) HO2     + O       = OH      + O2           1.843E+12
  17) O       + O       = O2      +              5.051E+10
  18) O       + O2      = O3      +              2.277E+15
  19) O       + O3      = O2      + O2           9.335E+11
  32) O       + HCO     = H       + CO2          6.729E+05
  33) O       + HCO     = OH      + CO           6.729E+05
  35) CO      + O       = CO2     +              6.032E+05
  46) H2CO    + O       = HCO     + OH           8.177E+08
  47) H2O2    + O       = OH      + HO2          2.859E+06
  60) CH3     + O       = H2CO    + H            1.949E+07
  78) NO      + O       = NO2     +              5.225E+09
  81) NO2     + O       = NO      + O2           2.665E+12
  88) O       + HNO     = OH      + NO           6.980E+04
  91) CH4     + O       = CH3     + OH           1.118E+08
  94) CH23    + O       = HCO     + H            2.790E+05
  97) C2H6    + O       = C2H5    + OH           3.891E+03
 100) C2H5    + O       = CH3     + HCO     H    7.526E-03
 109) SO      + O       = SO2     +              3.444E+04
 112) SO2     + O       = SO3     +              8.454E+04
 115) SO3     + O       = SO2     + O2           6.197E+02
 122) H2S     + O       = OH      + HS           1.770E+00
 123) HS      + O       = H       + SO           3.232E+02
 136) S2      + O       = S       + SO           2.692E+01
 169) HSO     + O       = OH      + SO           9.907E+02
 174) O       + OCS     = CO      + SO           6.956E+05
 175) O       + OCS     = S       + CO2          2.132E+00
 189) O       + NO3     = O2      + NO2          2.307E+08
 192) O       + NO2     = NO3     +              1.284E+10
 200) O       + N2O5    = NO2     + NO2     O2   7.382E+04
 208) O       + HO2NO2  = OH      + NO2     O2   1.600E+05
 211) O       + HNO3    = OH      + NO3          1.866E+06
 218) CS2     + O       = SO      + CS           3.146E+05
 219) CS2     + O       = OCS     + S            2.949E+04
 237) CS2     + O       = CO      + S2           7.702E+03
 241) CS      + O       = CO      + S            1.264E-01

O2                  PRODUCTION RXS              INT RX RATE    TP =  2.45E+15
   5) H       + O3      = OH      + O2           9.259E+11
   7) H       + HO2     = H2      + O2           6.448E+08
  10) OH      + O       = H       + O2           2.629E+12
  11) OH      + HO2     = H2O     + O2           4.736E+10
  12) OH      + O3      = HO2     + O2           5.661E+11
  14) HO2     + O       = OH      + O2           1.843E+12
  15) HO2     + O3      = OH      + O2      O2   1.931E+11
  16) HO2     + HO2     = H2O2    + O2           4.267E+10
  17) O       + O       = O2      +              5.051E+10
  19) O       + O3      = O2      + O2           9.335E+11
  20) O1D     + O3      = O2      + O2           1.250E+10
  21) O1D     + O3      = O       + O       O2   1.250E+10
  24) O1D     + O2      = O       + O2           1.685E+14
  26) O3      + HV      = O2      + O            8.576E-10
  27) O3      + O3      = O2      + O2      O2   4.191E+03
  68) CH3O2   + HO2     = CH3OOH  + O2           1.486E+11
  77) NO      + O3      = NO2     + O2           2.164E+13
  81) NO2     + O       = NO      + O2           2.665E+12
 106) SO2     + O1D     = SO      + O2           2.764E+04
 115) SO3     + O       = SO2     + O2           6.197E+02
 125) HS      + HO2     = H2S     + O2           3.044E+05
 133) S       + HO2     = HS      + O2           7.430E-03
 153) SO      + O3      = SO2     + O2           5.607E+06
 155) HS      + O3      = HSO     + O2           4.119E+08
 158) S       + O3      = SO      + O2           4.082E+02
 170) HSO     + O3      = HS      + O2      O2   4.078E+08
 189) O       + NO3     = O2      + NO2          2.307E+08
 190) HO2     + NO3     = OH      + NO2     O2   2.386E+07
 197) O1D     + N2O     = N2      + O2           6.591E+07
 200) O       + N2O5    = NO2     + NO2     O2   7.382E+04
 204) NO2     + NO3     = NO      + NO2     O2   1.283E+05
 205) NO2     + O3      = NO3     + O2           2.685E+10
 206) NO3     + NO3     = NO2     + NO2     O2   1.434E+00
 208) O       + HO2NO2  = OH      + NO2     O2   1.600E+05
 209) OH      + HO2NO2  = H2O     + NO2     O2   5.978E+09
 212) HO2     + NO2     = HNO2    + O2           3.268E+07
 215) CS      + O3      = OCS     + O2           5.039E+06
 248) CH3S    + O3      = CH3SO   + O2           1.206E+09
 250) CH3SO   + O3      = CH3SO2  + O2           1.195E+09
 252) CH3SO2  + O3      = CH3SO3  + O2           3.239E+07
 264) O3      + HV      = O2      + O1D          6.729E+14
 265) O3      + HV      = O2      + O            1.579E+15
 301) NO3     + HV      = NO      + O2           3.793E+09

O2                     LOSS RXS                INT RX RATE    TL =  2.45E+15
   6) H       + O2      = HO2     +              1.926E+12
  18) O       + O2      = O3      +              2.277E+15
  24) O1D     + O2      = O       + O2           1.685E+14
  25) O2      + HV      = O       + O            1.013E-74
  40) HCO     + O2      = HO2     + CO           9.267E+10
  41) CH2OH   + O2      = H2CO    + HO2          4.484E+08
  42) CH3O    + O2      = H2CO    + HO2          1.460E+11
  54) CH21    + O2      = HCO     + OH           7.931E+06
  58) CH23    + O2      = HCO     + OH           1.142E+07
  59) CH3     + O2      = H2CO    + OH           1.268E+04
  66) CH3     + O2      = CH3O2   +              1.817E+11
  73) N       + O2      = NO      + O            1.230E+08
 104) C2H5    + O2      = CH3     + HCO     OH   9.000E+08
 107) SO      + O2      = O       + SO2          9.732E+07
 116) HSO3    + O2      = HO2     + SO3          8.165E+08
 130) S       + O2      = SO      + O            3.719E+06
 147) SO21    + O2      = SO3     + O            9.004E+04
 213) CS      + O2      = OCS     + O            4.237E+06
 214) CS      + O2      = CO      + SO           5.296E+05
 224) CS2X    + O2      = CS      + SO2          1.955E+07
 245) C2H5S   + O2      = C2H5SO2 +              1.211E+09
 256) C2H7SO  + O2      = C2H6SO  + HO2          4.091E+08
 259) O2      + HV      = O       + O1D          2.937E+11
 260) O2      + HV      = O       + O            6.103E+12

H2O                 PRODUCTION RXS              INT RX RATE    TP =  5.48E+10
   4) H2      + OH      = H2O     + H            2.980E+10
   8) H       + HO2     = H2O     + O            1.495E+08
  11) OH      + HO2     = H2O     + O2           4.736E+10
  13) OH      + H2O2    = HO2     + H2O          1.472E+10
  22) OH      + OH      = H2O     + O            5.894E+08
  31) OH      + HCO     = H2O     + CO           8.726E+01
  43) H2CO    + OH      = H2O     + HCO          3.674E+10
  44) H       + OH      = H2O     +              2.160E+05
  48) CH4     + OH      = CH3     + H2O          1.754E+11
  69) CH3OOH  + OH      = CH3O2   + H2O          8.063E+10
  70) CH3OOH  + OH      = H2O     + H2CO    OH   3.456E+10
  84) HNO3    + OH      = H2O     + NO3          3.034E+09
  89) OH      + HNO     = H2O     + NO           1.923E+05
  90) HNO2    + OH      = H2O     + NO2          7.723E+07
  96) C2H6    + OH      = C2H5    + H2O          8.998E+08
 114) H2SO4   + H2O     = SO3     + H2O     H2O  3.659E+09
 120) H2S     + OH      = H2O     + HS           3.010E+05
 165) HSO     + OH      = H2O     + SO           2.911E+05
 209) OH      + HO2NO2  = H2O     + NO2     O2   5.978E+09
 242) C2H6S   + OH      = C2H5S   + H2O          1.203E+09
 258) CH4SO2  + OH      = CH3SO2  + H2O          4.077E+08
 291) H2SO4   + HV      = SO3     + H2O          1.409E+06

H2O                    LOSS RXS                INT RX RATE    TL =  3.24E+10
   1) H2O     + O1D     = OH      + OH           1.354E+11
 113) SO3     + H2O     = H2SO4   +              4.510E+09
 114) H2SO4   + H2O     = SO3     + H2O     H2O  3.659E+09
 203) N2O5    + H2O     = HNO3    + HNO3         8.032E+04
 261) H2O     + HV      = H       + OH           2.601E+09
 262) H2O     + HV      = H2      + O1D          1.291E+08
 263) H2O     + HV      = H       + H       O    1.935E+08

H                   PRODUCTION RXS              INT RX RATE    TP =  2.86E+12
   2) H2      + O1D     = OH      + H            1.118E+09
   3) H2      + O       = OH      + H            5.900E+07
   4) H2      + OH      = H2O     + H            2.980E+10
  10) OH      + O       = H       + O2           2.629E+12
  32) O       + HCO     = H       + CO2          6.729E+05
  34) CO      + OH      = CO2     + H            1.419E+11
  50) CH4     + O1D     = CH3O    + H            4.484E+08
  51) CH4     + O1D     = CH2OH   + H            4.484E+08
  60) CH3     + O       = H2CO    + H            1.949E+07
  75) N       + OH      = NO      + H            3.001E+06
  86) HNO     + HV      = NO      + H            6.749E+06
  92) CH21    + H2      = CH3     + H            6.804E+02
  94) CH23    + O       = HCO     + H            2.790E+05
 100) C2H5    + O       = CH3     + HCO     H    7.526E-03
 110) SO      + OH      = SO2     + H            1.525E+06
 123) HS      + O       = H       + SO           3.232E+02
 129) HS      + S       = H       + S2           4.399E-11
 131) S       + OH      = SO      + H            2.228E-01
 173) HS      + CO      = OCS     + H            1.302E-05
 226) CS      + HS      = CS2     + H            1.834E-04
 229) S       + HCS     = H       + CS2          6.718E-19
 230) HS      + CO      = OCS     + H            1.317E-05
 234) CH23    + S       = HCS     + H            4.294E-09
 261) H2O     + HV      = H       + OH           2.601E+09
 263) H2O     + HV      = H       + H       O    1.935E+08
 271) H2CO    + HV      = HCO     + H            5.420E+10
 274) CH4     + HV      = CH3     + H            1.798E+07
 275) CH4     + HV      = CH23    + H       H    3.053E+06
 276) CH3     + HV      = CH21    + H            3.574E+03
 287) H2S     + HV      = HS      + H            3.109E+00

H                      LOSS RXS                INT RX RATE    TL =  2.86E+12
   5) H       + O3      = OH      + O2           9.259E+11
   6) H       + O2      = HO2     +              1.926E+12
   7) H       + HO2     = H2      + O2           6.448E+08
   8) H       + HO2     = H2O     + O            1.495E+08
   9) H       + HO2     = OH      + OH           6.728E+09
  28) H       + CO      = HCO     +              3.091E+03
  29) H       + HCO     = H2      + CO           4.491E+03
  36) CO2     + H       = CO      + OH           3.374E-08
  38) H2CO    + H       = H2      + HCO          6.370E+04
  39) H       + H       = H2      +              2.308E+05
  44) H       + OH      = H2O     +              2.160E+05
  62) CH3     + H       = CH4     +              2.321E+02
  71) H       + NO      = HNO     +              6.413E+04
  83) NO2     + H       = NO      + OH           1.917E+08
  87) H       + HNO     = H2      + NO           2.828E+00
  99) C2H5    + H       = CH3     + CH3          1.162E-06
 121) H2S     + H       = H2      + HS           3.163E-03
 128) HS      + H       = H2      + S            1.770E-03
 163) H       + SO      = HSO     +              1.384E+01
 166) HSO     + H       = HS      + OH           3.774E-01
 167) HSO     + H       = H2      + SO           1.887E-01
 172) H       + OCS     = CO      + HS           2.792E+00
 194) H       + N2O     = N2      + OH           1.068E-03
 227) H       + CS      = HCS     +              3.129E-10
 228) H       + HCS     = H2      + CS           4.298E-09
 239) OCS     + H       = CO      + HS           2.783E+00

OH                  PRODUCTION RXS              INT RX RATE    TP =  3.79E+12
   1) H2O     + O1D     = OH      + OH           1.354E+11
   2) H2      + O1D     = OH      + H            1.118E+09
   3) H2      + O       = OH      + H            5.900E+07
   5) H       + O3      = OH      + O2           9.259E+11
   9) H       + HO2     = OH      + OH           6.728E+09
  14) HO2     + O       = OH      + O2           1.843E+12
  15) HO2     + O3      = OH      + O2      O2   1.931E+11
  33) O       + HCO     = OH      + CO           6.729E+05
  36) CO2     + H       = CO      + OH           3.374E-08
  46) H2CO    + O       = HCO     + OH           8.177E+08
  47) H2O2    + O       = OH      + HO2          2.859E+06
  49) CH4     + O1D     = CH3     + OH           3.331E+09
  54) CH21    + O2      = HCO     + OH           7.931E+06
  58) CH23    + O2      = HCO     + OH           1.142E+07
  59) CH3     + O2      = H2CO    + OH           1.268E+04
  70) CH3OOH  + OH      = H2O     + H2CO    OH   3.456E+10
  79) NO      + HO2     = NO2     + OH           4.116E+11
  83) NO2     + H       = NO      + OH           1.917E+08
  88) O       + HNO     = OH      + NO           6.980E+04
  91) CH4     + O       = CH3     + OH           1.118E+08
  97) C2H6    + O       = C2H5    + OH           3.891E+03
  98) C2H6    + O1D     = C2H5    + OH           1.845E+05
 104) C2H5    + O2      = CH3     + HCO     OH   9.000E+08
 108) SO      + HO2     = SO2     + OH           1.791E+05
 122) H2S     + O       = OH      + HS           1.770E+00
 134) S       + HO2     = SO      + OH           7.430E-03
 154) SO2     + HO2     = SO3     + OH           1.146E+05
 156) HS      + HO2     = HSO     + OH           3.044E+05
 166) HSO     + H       = HS      + OH           3.774E-01
 169) HSO     + O       = OH      + SO           9.907E+02
 190) HO2     + NO3     = OH      + NO2     O2   2.386E+07
 194) H       + N2O     = N2      + OH           1.068E-03
 199) N       + HO2     = NO      + OH           5.234E+05
 208) O       + HO2NO2  = OH      + NO2     O2   1.600E+05
 211) O       + HNO3    = OH      + NO3          1.866E+06
 222) CS2OH   + HV      = CS2     + OH           3.153E+07
 261) H2O     + HV      = H       + OH           2.601E+09
 267) H2O2    + HV      = OH      + OH           1.849E+10
 272) HO2     + HV      = OH      + O            3.096E+09
 279) HNO2    + HV      = NO      + OH           4.530E+09
 280) HNO3    + HV      = NO2     + OH           8.301E+09
 305) HO2NO2  + HV      = OH      + NO3          7.952E+08
 308) CH3OOH  + HV      = CH3O    + OH           3.181E+10

OH                     LOSS RXS                INT RX RATE    TL =  3.79E+12
   4) H2      + OH      = H2O     + H            2.980E+10
  10) OH      + O       = H       + O2           2.629E+12
  11) OH      + HO2     = H2O     + O2           4.736E+10
  12) OH      + O3      = HO2     + O2           5.661E+11
  13) OH      + H2O2    = HO2     + H2O          1.472E+10
  22) OH      + OH      = H2O     + O            5.894E+08
  31) OH      + HCO     = H2O     + CO           8.726E+01
  34) CO      + OH      = CO2     + H            1.419E+11
  43) H2CO    + OH      = H2O     + HCO          3.674E+10
  44) H       + OH      = H2O     +              2.160E+05
  45) OH      + OH      = H2O2    +              1.898E+07
  48) CH4     + OH      = CH3     + H2O          1.754E+11
  69) CH3OOH  + OH      = CH3O2   + H2O          8.063E+10
  70) CH3OOH  + OH      = H2O     + H2CO    OH   3.456E+10
  75) N       + OH      = NO      + H            3.001E+06
  80) NO      + OH      = HNO2    +              4.105E+09
  82) NO2     + OH      = HNO3    +              1.297E+10
  84) HNO3    + OH      = H2O     + NO3          3.034E+09
  89) OH      + HNO     = H2O     + NO           1.923E+05
  90) HNO2    + OH      = H2O     + NO2          7.723E+07
  96) C2H6    + OH      = C2H5    + H2O          8.998E+08
 101) C2H5    + OH      = CH3     + HCO     H2   1.604E-03
 110) SO      + OH      = SO2     + H            1.525E+06
 111) SO2     + OH      = HSO3    +              8.165E+08
 120) H2S     + OH      = H2O     + HS           3.010E+05
 131) S       + OH      = SO      + H            2.228E-01
 165) HSO     + OH      = H2O     + SO           2.911E+05
 177) OCS     + OH      = CO2     + HS           7.206E+06
 193) OH      + NO3     = HO2     + NO2          2.864E+07
 209) OH      + HO2NO2  = H2O     + NO2     O2   5.978E+09
 220) CS2     + OH      = OCS     + HS           7.882E+04
 221) CS2     + OH      = CS2OH   +              3.153E+07
 242) C2H6S   + OH      = C2H5S   + H2O          1.203E+09
 243) C2H6S   + OH      = C2H7SO  +              4.091E+08
 257) C2H6SO  + OH      = CH4SO2  + CH3          4.077E+08
 258) CH4SO2  + OH      = CH3SO2  + H2O          4.077E+08

HO2                 PRODUCTION RXS              INT RX RATE    TP =  2.78E+12
   6) H       + O2      = HO2     +              1.926E+12
  12) OH      + O3      = HO2     + O2           5.661E+11
  13) OH      + H2O2    = HO2     + H2O          1.472E+10
  40) HCO     + O2      = HO2     + CO           9.267E+10
  41) CH2OH   + O2      = H2CO    + HO2          4.484E+08
  42) CH3O    + O2      = H2CO    + HO2          1.460E+11
  47) H2O2    + O       = OH      + HO2          2.859E+06
 116) HSO3    + O2      = HO2     + SO3          8.165E+08
 193) OH      + NO3     = HO2     + NO2          2.864E+07
 210) HO2NO2  + M       = HO2     + NO2          2.526E+10
 256) C2H7SO  + O2      = C2H6SO  + HO2          4.091E+08
 304) HO2NO2  + HV      = HO2     + NO2          3.120E+09

HO2                    LOSS RXS                INT RX RATE    TL =  2.78E+12
   7) H       + HO2     = H2      + O2           6.448E+08
   8) H       + HO2     = H2O     + O            1.495E+08
   9) H       + HO2     = OH      + OH           6.728E+09
  11) OH      + HO2     = H2O     + O2           4.736E+10
  14) HO2     + O       = OH      + O2           1.843E+12
  15) HO2     + O3      = OH      + O2      O2   1.931E+11
  16) HO2     + HO2     = H2O2    + O2           4.267E+10
  68) CH3O2   + HO2     = CH3OOH  + O2           1.486E+11
  79) NO      + HO2     = NO2     + OH           4.116E+11
 108) SO      + HO2     = SO2     + OH           1.791E+05
 125) HS      + HO2     = H2S     + O2           3.044E+05
 133) S       + HO2     = HS      + O2           7.430E-03
 134) S       + HO2     = SO      + OH           7.430E-03
 154) SO2     + HO2     = SO3     + OH           1.146E+05
 156) HS      + HO2     = HSO     + OH           3.044E+05
 190) HO2     + NO3     = OH      + NO2     O2   2.386E+07
 199) N       + HO2     = NO      + OH           5.234E+05
 207) HO2     + NO2     = HO2NO2  +              3.519E+10
 212) HO2     + NO2     = HNO2    + O2           3.268E+07
 272) HO2     + HV      = OH      + O            3.096E+09

H2O2                PRODUCTION RXS              INT RX RATE    TP =  4.27E+10
  16) HO2     + HO2     = H2O2    + O2           4.267E+10
  45) OH      + OH      = H2O2    +              1.898E+07

H2O2                   LOSS RXS                INT RX RATE    TL =  4.07E+10
  13) OH      + H2O2    = HO2     + H2O          1.472E+10
  47) H2O2    + O       = OH      + HO2          2.859E+06
 267) H2O2    + HV      = OH      + OH           1.849E+10

H2                  PRODUCTION RXS              INT RX RATE    TP =  8.72E+10
   7) H       + HO2     = H2      + O2           6.448E+08
  29) H       + HCO     = H2      + CO           4.491E+03
  38) H2CO    + H       = H2      + HCO          6.370E+04
  39) H       + H       = H2      +              2.308E+05
  52) CH4     + O1D     = H2CO    + H2           2.242E+08
  87) H       + HNO     = H2      + NO           2.828E+00
 101) C2H5    + OH      = CH3     + HCO     H2   1.604E-03
 121) H2S     + H       = H2      + HS           3.163E-03
 128) HS      + H       = H2      + S            1.770E-03
 167) HSO     + H       = H2      + SO           1.887E-01
 228) H       + HCS     = H2      + CS           4.298E-09
 262) H2O     + HV      = H2      + O1D          1.291E+08
 270) H2CO    + HV      = H2      + CO           8.611E+10
 273) CH4     + HV      = CH21    + H2           1.658E+07
 277) C2H6    + HV      = CH23    + CH23    H2   1.841E-03

H2                     LOSS RXS                INT RX RATE    TL =  3.10E+10
   2) H2      + O1D     = OH      + H            1.118E+09
   3) H2      + O       = OH      + H            5.900E+07
   4) H2      + OH      = H2O     + H            2.980E+10
  92) CH21    + H2      = CH3     + H            6.804E+02

CO                  PRODUCTION RXS              INT RX RATE    TP =  1.80E+11
  29) H       + HCO     = H2      + CO           4.491E+03
  30) HCO     + HCO     = H2CO    + CO           3.344E-07
  31) OH      + HCO     = H2O     + CO           8.726E+01
  33) O       + HCO     = OH      + CO           6.729E+05
  36) CO2     + H       = CO      + OH           3.374E-08
  40) HCO     + O2      = HO2     + CO           9.267E+10
  63) CH3     + HCO     = CH4     + CO           1.025E-04
  85) HCO     + NO      = HNO     + CO           5.726E+02
  93) CH21    + CO2     = H2CO    + CO           3.422E+02
  95) CH23    + CO2     = H2CO    + CO           1.433E+02
 102) C2H5    + HCO     = C2H6    + CO           1.649E-11
 127) HS      + HCO     = H2S     + CO           2.292E-05
 132) S       + HCO     = HS      + CO           2.393E-09
 162) SO      + HCO     = HSO     + CO           1.028E-03
 172) H       + OCS     = CO      + HS           2.792E+00
 174) O       + OCS     = CO      + SO           6.956E+05
 176) OCS     + S       = CO      + S2           3.203E-05
 180) CO      + O1D     = CO      + O            4.992E+07
 214) CS      + O2      = CO      + SO           5.296E+05
 217) CS      + O3      = CO      + SO2          5.039E+06
 237) CS2     + O       = CO      + S2           7.702E+03
 239) OCS     + H       = CO      + HS           2.783E+00
 241) CS      + O       = CO      + S            1.264E-01
 268) CO2     + HV      = CO      + O            6.022E+08
 269) CO2     + HV      = CO      + O1D          5.488E+08
 270) H2CO    + HV      = H2      + CO           8.611E+10
 300) OCS     + HV      = CO      + S            2.847E+06

CO                     LOSS RXS                INT RX RATE    TL =  1.42E+11
  28) H       + CO      = HCO     +              3.091E+03
  34) CO      + OH      = CO2     + H            1.419E+11
  35) CO      + O       = CO2     +              6.032E+05
 173) HS      + CO      = OCS     + H            1.302E-05
 179) S       + CO      = OCS     +              1.376E-06
 180) CO      + O1D     = CO      + O            4.992E+07
 188) OCS2    + CO      = OCS     + OCS          1.754E-05
 230) HS      + CO      = OCS     + H            1.317E-05

HCO                 PRODUCTION RXS              INT RX RATE    TP =  9.27E+10
  28) H       + CO      = HCO     +              3.091E+03
  38) H2CO    + H       = H2      + HCO          6.370E+04
  43) H2CO    + OH      = H2O     + HCO          3.674E+10
  46) H2CO    + O       = HCO     + OH           8.177E+08
  54) CH21    + O2      = HCO     + OH           7.931E+06
  58) CH23    + O2      = HCO     + OH           1.142E+07
  65) CH3     + H2CO    = CH4     + HCO          1.696E-04
  94) CH23    + O       = HCO     + H            2.790E+05
 100) C2H5    + O       = CH3     + HCO     H    7.526E-03
 101) C2H5    + OH      = CH3     + HCO     H2   1.604E-03
 104) C2H5    + O2      = CH3     + HCO     OH   9.000E+08
 271) H2CO    + HV      = HCO     + H            5.420E+10

HCO                    LOSS RXS                INT RX RATE    TL =  9.27E+10
  29) H       + HCO     = H2      + CO           4.491E+03
  30) HCO     + HCO     = H2CO    + CO           3.344E-07
  31) OH      + HCO     = H2O     + CO           8.726E+01
  32) O       + HCO     = H       + CO2          6.729E+05
  33) O       + HCO     = OH      + CO           6.729E+05
  40) HCO     + O2      = HO2     + CO           9.267E+10
  63) CH3     + HCO     = CH4     + CO           1.025E-04
  85) HCO     + NO      = HNO     + CO           5.726E+02
 102) C2H5    + HCO     = C2H6    + CO           1.649E-11
 127) HS      + HCO     = H2S     + CO           2.292E-05
 132) S       + HCO     = HS      + CO           2.393E-09
 162) SO      + HCO     = HSO     + CO           1.028E-03

H2CO                PRODUCTION RXS              INT RX RATE    TP =  1.82E+11
  30) HCO     + HCO     = H2CO    + CO           3.344E-07
  41) CH2OH   + O2      = H2CO    + HO2          4.484E+08
  42) CH3O    + O2      = H2CO    + HO2          1.460E+11
  52) CH4     + O1D     = H2CO    + H2           2.242E+08
  59) CH3     + O2      = H2CO    + OH           1.268E+04
  60) CH3     + O       = H2CO    + H            1.949E+07
  70) CH3OOH  + OH      = H2O     + H2CO    OH   3.456E+10
  93) CH21    + CO2     = H2CO    + CO           3.422E+02
  95) CH23    + CO2     = H2CO    + CO           1.433E+02
 247) C2H5SO  + HV      = H2CO    + CH3S         1.211E+09

H2CO                   LOSS RXS                INT RX RATE    TL =  1.81E+11
  38) H2CO    + H       = H2      + HCO          6.370E+04
  43) H2CO    + OH      = H2O     + HCO          3.674E+10
  46) H2CO    + O       = HCO     + OH           8.177E+08
  65) CH3     + H2CO    = CH4     + HCO          1.696E-04
 270) H2CO    + HV      = H2      + CO           8.611E+10
 271) H2CO    + HV      = HCO     + H            5.420E+10

CH3O                PRODUCTION RXS              INT RX RATE    TP =  1.46E+11
  50) CH4     + O1D     = CH3O    + H            4.484E+08
  67) CH3O2   + NO      = CH3O    + NO2          1.137E+11
 308) CH3OOH  + HV      = CH3O    + OH           3.181E+10

CH3O                   LOSS RXS                INT RX RATE    TL =  1.46E+11
  42) CH3O    + O2      = H2CO    + HO2          1.460E+11

CH2OH               PRODUCTION RXS              INT RX RATE    TP =  4.48E+08
  51) CH4     + O1D     = CH2OH   + H            4.484E+08

CH2OH                  LOSS RXS                INT RX RATE    TL =  4.48E+08
  41) CH2OH   + O2      = H2CO    + HO2          4.484E+08

CH3O2               PRODUCTION RXS              INT RX RATE    TP =  2.62E+11
  66) CH3     + O2      = CH3O2   +              1.817E+11
  69) CH3OOH  + OH      = CH3O2   + H2O          8.063E+10

CH3O2                  LOSS RXS                INT RX RATE    TL =  2.62E+11
  67) CH3O2   + NO      = CH3O    + NO2          1.137E+11
  68) CH3O2   + HO2     = CH3OOH  + O2           1.486E+11

CH3OOH              PRODUCTION RXS              INT RX RATE    TP =  1.49E+11
  68) CH3O2   + HO2     = CH3OOH  + O2           1.486E+11

CH3OOH                 LOSS RXS                INT RX RATE    TL =  1.49E+11
  69) CH3OOH  + OH      = CH3O2   + H2O          8.063E+10
  70) CH3OOH  + OH      = H2O     + H2CO    OH   3.456E+10
 308) CH3OOH  + HV      = CH3O    + OH           3.181E+10

CH4                 PRODUCTION RXS              INT RX RATE    TP =  2.32E+02
  62) CH3     + H       = CH4     +              2.321E+02
  63) CH3     + HCO     = CH4     + CO           1.025E-04
  64) CH3     + HNO     = CH4     + NO           2.316E-05
  65) CH3     + H2CO    = CH4     + HCO          1.696E-04
 233) CH3     + HCS     = CH4     + CS           1.484E-13
 278) C2H6    + HV      = CH4     + CH21         4.602E-04

CH4                    LOSS RXS                INT RX RATE    TL =  1.80E+11
  48) CH4     + OH      = CH3     + H2O          1.754E+11
  49) CH4     + O1D     = CH3     + OH           3.331E+09
  50) CH4     + O1D     = CH3O    + H            4.484E+08
  51) CH4     + O1D     = CH2OH   + H            4.484E+08
  52) CH4     + O1D     = H2CO    + H2           2.242E+08
  53) CH21    + CH4     = CH3     + CH3          2.857E-11
  91) CH4     + O       = CH3     + OH           1.118E+08
 273) CH4     + HV      = CH21    + H2           1.658E+07
 274) CH4     + HV      = CH3     + H            1.798E+07
 275) CH4     + HV      = CH23    + H       H    3.053E+06

CH3                 PRODUCTION RXS              INT RX RATE    TP =  1.82E+11
  48) CH4     + OH      = CH3     + H2O          1.754E+11
  49) CH4     + O1D     = CH3     + OH           3.331E+09
  53) CH21    + CH4     = CH3     + CH3          2.857E-11
  91) CH4     + O       = CH3     + OH           1.118E+08
  92) CH21    + H2      = CH3     + H            6.804E+02
  99) C2H5    + H       = CH3     + CH3          1.162E-06
 100) C2H5    + O       = CH3     + HCO     H    7.526E-03
 101) C2H5    + OH      = CH3     + HCO     H2   1.604E-03
 104) C2H5    + O2      = CH3     + HCO     OH   9.000E+08
 254) CH3SO2  + HV      = CH3     + SO2          1.586E+09
 255) CH3SO3  + HV      = CH3     + SO3          3.247E+07
 257) C2H6SO  + OH      = CH4SO2  + CH3          4.077E+08
 274) CH4     + HV      = CH3     + H            1.798E+07

CH3                    LOSS RXS                INT RX RATE    TL =  1.82E+11
  59) CH3     + O2      = H2CO    + OH           1.268E+04
  60) CH3     + O       = H2CO    + H            1.949E+07
  61) CH3     + CH3     = C2H6    +              1.650E-02
  62) CH3     + H       = CH4     +              2.321E+02
  63) CH3     + HCO     = CH4     + CO           1.025E-04
  64) CH3     + HNO     = CH4     + NO           2.316E-05
  65) CH3     + H2CO    = CH4     + HCO          1.696E-04
  66) CH3     + O2      = CH3O2   +              1.817E+11
 233) CH3     + HCS     = CH4     + CS           1.484E-13
 276) CH3     + HV      = CH21    + H            3.574E+03

C2H6                PRODUCTION RXS              INT RX RATE    TP =  1.65E-02
  61) CH3     + CH3     = C2H6    +              1.650E-02
 102) C2H5    + HCO     = C2H6    + CO           1.649E-11
 103) C2H5    + HNO     = C2H6    + NO           5.556E-09

C2H6                   LOSS RXS                INT RX RATE    TL =  9.00E+08
  96) C2H6    + OH      = C2H5    + H2O          8.998E+08
  97) C2H6    + O       = C2H5    + OH           3.891E+03
  98) C2H6    + O1D     = C2H5    + OH           1.845E+05
 277) C2H6    + HV      = CH23    + CH23    H2   1.841E-03
 278) C2H6    + HV      = CH4     + CH21         4.602E-04

NO                  PRODUCTION RXS              INT RX RATE    TP =  2.22E+13
  64) CH3     + HNO     = CH4     + NO           2.316E-05
  73) N       + O2      = NO      + O            1.230E+08
  75) N       + OH      = NO      + H            3.001E+06
  81) NO2     + O       = NO      + O2           2.665E+12
  83) NO2     + H       = NO      + OH           1.917E+08
  86) HNO     + HV      = NO      + H            6.749E+06
  87) H       + HNO     = H2      + NO           2.828E+00
  88) O       + HNO     = OH      + NO           6.980E+04
  89) OH      + HNO     = H2O     + NO           1.923E+05
 103) C2H5    + HNO     = C2H6    + NO           5.556E-09
 152) SO      + NO2     = SO2     + NO           1.908E+06
 157) HS      + NO2     = HSO     + NO           2.875E+06
 198) O1D     + N2O     = NO      + NO           1.031E+08
 199) N       + HO2     = NO      + OH           5.234E+05
 204) NO2     + NO3     = NO      + NO2     O2   1.283E+05
 249) CH3S    + NO2     = CH3SO   + NO           4.819E+06
 251) CH3SO   + NO2     = CH3SO2  + NO           1.595E+07
 253) CH3SO2  + NO2     = CH3SO3  + NO           7.909E+04
 279) HNO2    + HV      = NO      + OH           4.530E+09
 284) NO2     + HV      = NO      + O1D          3.293E+09
 285) NO2     + HV      = NO      + O            1.951E+13
 301) NO3     + HV      = NO      + O2           3.793E+09
 307) N2O5    + HV      = NO3     + NO      O    3.058E+08

NO                     LOSS RXS                INT RX RATE    TL =  2.22E+13
  67) CH3O2   + NO      = CH3O    + NO2          1.137E+11
  71) H       + NO      = HNO     +              6.413E+04
  76) N       + NO      = N2      + O            1.296E+07
  77) NO      + O3      = NO2     + O2           2.164E+13
  78) NO      + O       = NO2     +              5.225E+09
  79) NO      + HO2     = NO2     + OH           4.116E+11
  80) NO      + OH      = HNO2    +              4.105E+09
  85) HCO     + NO      = HNO     + CO           5.726E+02
 164) HSO     + NO      = HNO     + SO           6.953E+06
 191) NO      + NO3     = NO2     + NO2          1.037E+10
 246) C2H5SO2 + NO      = C2H5SO  + NO2          1.211E+09
 283) NO      + HV      = N       + O            1.402E+08

NO2                 PRODUCTION RXS              INT RX RATE    TP =  2.23E+13
  67) CH3O2   + NO      = CH3O    + NO2          1.137E+11
  77) NO      + O3      = NO2     + O2           2.164E+13
  78) NO      + O       = NO2     +              5.225E+09
  79) NO      + HO2     = NO2     + OH           4.116E+11
  90) HNO2    + OH      = H2O     + NO2          7.723E+07
 189) O       + NO3     = O2      + NO2          2.307E+08
 190) HO2     + NO3     = OH      + NO2     O2   2.386E+07
 191) NO      + NO3     = NO2     + NO2          1.037E+10
 193) OH      + NO3     = HO2     + NO2          2.864E+07
 200) O       + N2O5    = NO2     + NO2     O2   7.382E+04
 202) N2O5    + M       = NO3     + NO2          6.750E+06
 204) NO2     + NO3     = NO      + NO2     O2   1.283E+05
 206) NO3     + NO3     = NO2     + NO2     O2   1.434E+00
 208) O       + HO2NO2  = OH      + NO2     O2   1.600E+05
 209) OH      + HO2NO2  = H2O     + NO2     O2   5.978E+09
 210) HO2NO2  + M       = HO2     + NO2          2.526E+10
 246) C2H5SO2 + NO      = C2H5SO  + NO2          1.211E+09
 280) HNO3    + HV      = NO2     + OH           8.301E+09
 302) NO3     + HV      = NO2     + O            2.906E+10
 304) HO2NO2  + HV      = HO2     + NO2          3.120E+09
 306) N2O5    + HV      = NO3     + NO2          8.048E+07

NO2                    LOSS RXS                INT RX RATE    TL =  2.23E+13
  81) NO2     + O       = NO      + O2           2.665E+12
  82) NO2     + OH      = HNO3    +              1.297E+10
  83) NO2     + H       = NO      + OH           1.917E+08
 152) SO      + NO2     = SO2     + NO           1.908E+06
 157) HS      + NO2     = HSO     + NO           2.875E+06
 192) O       + NO2     = NO3     +              1.284E+10
 195) N       + NO2     = N2O     + O            7.382E+05
 201) NO2     + NO3     = N2O5    +              3.932E+08
 204) NO2     + NO3     = NO      + NO2     O2   1.283E+05
 205) NO2     + O3      = NO3     + O2           2.685E+10
 207) HO2     + NO2     = HO2NO2  +              3.519E+10
 212) HO2     + NO2     = HNO2    + O2           3.268E+07
 249) CH3S    + NO2     = CH3SO   + NO           4.819E+06
 251) CH3SO   + NO2     = CH3SO2  + NO           1.595E+07
 253) CH3SO2  + NO2     = CH3SO3  + NO           7.909E+04
 284) NO2     + HV      = NO      + O1D          3.293E+09
 285) NO2     + HV      = NO      + O            1.951E+13

HNO                 PRODUCTION RXS              INT RX RATE    TP =  7.02E+06
  71) H       + NO      = HNO     +              6.413E+04
  85) HCO     + NO      = HNO     + CO           5.726E+02
 164) HSO     + NO      = HNO     + SO           6.953E+06

HNO                    LOSS RXS                INT RX RATE    TL =  7.01E+06
  64) CH3     + HNO     = CH4     + NO           2.316E-05
  86) HNO     + HV      = NO      + H            6.749E+06
  87) H       + HNO     = H2      + NO           2.828E+00
  88) O       + HNO     = OH      + NO           6.980E+04
  89) OH      + HNO     = H2O     + NO           1.923E+05
 103) C2H5    + HNO     = C2H6    + NO           5.556E-09

H2S                 PRODUCTION RXS              INT RX RATE    TP =  3.04E+05
 125) HS      + HO2     = H2S     + O2           3.044E+05
 126) HS      + HS      = H2S     + S            1.486E+00
 127) HS      + HCO     = H2S     + CO           2.292E-05
 168) HSO     + HS      = H2S     + SO           3.487E+00
 235) HS      + HCS     = H2S     + CS           3.091E-10

H2S                    LOSS RXS                INT RX RATE    TL =  3.01E+05
 120) H2S     + OH      = H2O     + HS           3.010E+05
 121) H2S     + H       = H2      + HS           3.163E-03
 122) H2S     + O       = OH      + HS           1.770E+00
 287) H2S     + HV      = HS      + H            3.109E+00

HS                  PRODUCTION RXS              INT RX RATE    TP =  4.15E+08
 120) H2S     + OH      = H2O     + HS           3.010E+05
 121) H2S     + H       = H2      + HS           3.163E-03
 122) H2S     + O       = OH      + HS           1.770E+00
 132) S       + HCO     = HS      + CO           2.393E-09
 133) S       + HO2     = HS      + O2           7.430E-03
 166) HSO     + H       = HS      + OH           3.774E-01
 170) HSO     + O3      = HS      + O2      O2   4.078E+08
 171) HSO     + S       = HS      + SO           1.886E-09
 172) H       + OCS     = CO      + HS           2.792E+00
 177) OCS     + OH      = CO2     + HS           7.206E+06
 220) CS2     + OH      = OCS     + HS           7.882E+04
 231) CH21    + S2      = HCS     + HS           9.121E-22
 232) CH23    + S2      = HCS     + HS           1.281E-21
 236) S       + HCS     = HS      + CS           3.359E-19
 239) OCS     + H       = CO      + HS           2.783E+00
 287) H2S     + HV      = HS      + H            3.109E+00
 299) HSO     + HV      = HS      + O            1.211E+01

HS                     LOSS RXS                INT RX RATE    TL =  4.15E+08
 123) HS      + O       = H       + SO           3.232E+02
 125) HS      + HO2     = H2S     + O2           3.044E+05
 126) HS      + HS      = H2S     + S            1.486E+00
 127) HS      + HCO     = H2S     + CO           2.292E-05
 128) HS      + H       = H2      + S            1.770E-03
 129) HS      + S       = H       + S2           4.399E-11
 155) HS      + O3      = HSO     + O2           4.119E+08
 156) HS      + HO2     = HSO     + OH           3.044E+05
 157) HS      + NO2     = HSO     + NO           2.875E+06
 168) HSO     + HS      = H2S     + SO           3.487E+00
 173) HS      + CO      = OCS     + H            1.302E-05
 226) CS      + HS      = CS2     + H            1.834E-04
 230) HS      + CO      = OCS     + H            1.317E-05
 235) HS      + HCS     = H2S     + CS           3.091E-10

S                   PRODUCTION RXS              INT RX RATE    TP =  3.72E+06
 126) HS      + HS      = H2S     + S            1.486E+00
 128) HS      + H       = H2      + S            1.770E-03
 136) S2      + O       = S       + SO           2.692E+01
 159) SO      + SO      = SO2     + S            1.300E-02
 175) O       + OCS     = S       + CO2          2.132E+00
 219) CS2     + O       = OCS     + S            2.949E+04
 241) CS      + O       = CO      + S            1.264E-01
 286) SO      + HV      = S       + O            8.091E+05
 292) S2      + HV      = S       + S            7.675E+03
 294) S3      + HV      = S2      + S            2.098E-12
 300) OCS     + HV      = CO      + S            2.847E+06
 309) CS2     + HV      = CS      + S            1.818E+04

S                      LOSS RXS                INT RX RATE    TL =  3.72E+06
 129) HS      + S       = H       + S2           4.399E-11
 130) S       + O2      = SO      + O            3.719E+06
 131) S       + OH      = SO      + H            2.228E-01
 132) S       + HCO     = HS      + CO           2.393E-09
 133) S       + HO2     = HS      + O2           7.430E-03
 134) S       + HO2     = SO      + OH           7.430E-03
 135) S       + S       = S2      +              1.558E-18
 139) S       + S2      = S3      +              2.098E-12
 141) S       + S3      = S4      +              5.334E-32
 158) S       + O3      = SO      + O2           4.082E+02
 171) HSO     + S       = HS      + SO           1.886E-09
 176) OCS     + S       = CO      + S2           3.203E-05
 179) S       + CO      = OCS     +              1.376E-06
 184) OCS     + S       = OCS2    +              1.754E-05
 185) OCS2    + S       = OCS     + S2           4.973E-21
 229) S       + HCS     = H       + CS2          6.718E-19
 234) CH23    + S       = HCS     + H            4.294E-09
 236) S       + HCS     = HS      + CS           3.359E-19
 240) CS2     + S       = CS      + S2           9.421E-10

SO                  PRODUCTION RXS              INT RX RATE    TP =  1.07E+08
 106) SO2     + O1D     = SO      + O2           2.764E+04
 123) HS      + O       = H       + SO           3.232E+02
 130) S       + O2      = SO      + O            3.719E+06
 131) S       + OH      = SO      + H            2.228E-01
 134) S       + HO2     = SO      + OH           7.430E-03
 136) S2      + O       = S       + SO           2.692E+01
 148) SO21    + SO2     = SO3     + SO           9.189E-01
 151) SO23    + SO2     = SO3     + SO           1.182E-01
 158) S       + O3      = SO      + O2           4.082E+02
 164) HSO     + NO      = HNO     + SO           6.953E+06
 165) HSO     + OH      = H2O     + SO           2.911E+05
 167) HSO     + H       = H2      + SO           1.887E-01
 168) HSO     + HS      = H2S     + SO           3.487E+00
 169) HSO     + O       = OH      + SO           9.907E+02
 171) HSO     + S       = HS      + SO           1.886E-09
 174) O       + OCS     = CO      + SO           6.956E+05
 214) CS      + O2      = CO      + SO           5.296E+05
 216) CS      + O3      = SO      + CO2          5.039E+06
 218) CS2     + O       = SO      + CS           3.146E+05
 288) SO2     + HV      = SO      + O            8.981E+07

SO                     LOSS RXS                INT RX RATE    TL =  1.07E+08
 107) SO      + O2      = O       + SO2          9.732E+07
 108) SO      + HO2     = SO2     + OH           1.791E+05
 109) SO      + O       = SO2     +              3.444E+04
 110) SO      + OH      = SO2     + H            1.525E+06
 152) SO      + NO2     = SO2     + NO           1.908E+06
 153) SO      + O3      = SO2     + O2           5.607E+06
 159) SO      + SO      = SO2     + S            1.300E-02
 160) SO3     + SO      = SO2     + SO2          5.578E-03
 162) SO      + HCO     = HSO     + CO           1.028E-03
 163) H       + SO      = HSO     +              1.384E+01
 238) CS2     + SO      = OCS     + S2           1.690E-04
 286) SO      + HV      = S       + O            8.091E+05

SO2                 PRODUCTION RXS              INT RX RATE    TP =  4.88E+10
 105) SO2     + O1D     = SO2     + O            8.617E+03
 107) SO      + O2      = O       + SO2          9.732E+07
 108) SO      + HO2     = SO2     + OH           1.791E+05
 109) SO      + O       = SO2     +              3.444E+04
 110) SO      + OH      = SO2     + H            1.525E+06
 115) SO3     + O       = SO2     + O2           6.197E+02
 144) SO21    + M       = SO2     + M            4.233E+10
 146) SO21    + HV      = SO2     + HV           5.832E+07
 149) SO23    + M       = SO2     + M            4.642E+09
 150) SO23    + HV      = SO2     + HV           1.317E+07
 152) SO      + NO2     = SO2     + NO           1.908E+06
 153) SO      + O3      = SO2     + O2           5.607E+06
 159) SO      + SO      = SO2     + S            1.300E-02
 160) SO3     + SO      = SO2     + SO2          5.578E-03
 217) CS      + O3      = CO      + SO2          5.039E+06
 224) CS2X    + O2      = CS      + SO2          1.955E+07
 254) CH3SO2  + HV      = CH3     + SO2          1.586E+09
 298) SO3     + HV      = SO2     + O            2.372E+05

SO2                    LOSS RXS                INT RX RATE    TL =  4.87E+10
 105) SO2     + O1D     = SO2     + O            8.617E+03
 106) SO2     + O1D     = SO      + O2           2.764E+04
 111) SO2     + OH      = HSO3    +              8.165E+08
 112) SO2     + O       = SO3     +              8.454E+04
 148) SO21    + SO2     = SO3     + SO           9.189E-01
 151) SO23    + SO2     = SO3     + SO           1.182E-01
 154) SO2     + HO2     = SO3     + OH           1.146E+05
 288) SO2     + HV      = SO      + O            8.981E+07
 289) SO2     + HV      = SO21    +              4.662E+10
 290) SO2     + HV      = SO23    +              4.185E+08

H2SO4               PRODUCTION RXS              INT RX RATE    TP =  4.51E+09
 113) SO3     + H2O     = H2SO4   +              4.510E+09

H2SO4                  LOSS RXS                INT RX RATE    TL =  4.45E+09
 114) H2SO4   + H2O     = SO3     + H2O     H2O  3.659E+09
 291) H2SO4   + HV      = SO3     + H2O          1.409E+06

HSO                 PRODUCTION RXS              INT RX RATE    TP =  4.15E+08
 155) HS      + O3      = HSO     + O2           4.119E+08
 156) HS      + HO2     = HSO     + OH           3.044E+05
 157) HS      + NO2     = HSO     + NO           2.875E+06
 162) SO      + HCO     = HSO     + CO           1.028E-03
 163) H       + SO      = HSO     +              1.384E+01

HSO                    LOSS RXS                INT RX RATE    TL =  4.15E+08
 164) HSO     + NO      = HNO     + SO           6.953E+06
 165) HSO     + OH      = H2O     + SO           2.911E+05
 166) HSO     + H       = HS      + OH           3.774E-01
 167) HSO     + H       = H2      + SO           1.887E-01
 168) HSO     + HS      = H2S     + SO           3.487E+00
 169) HSO     + O       = OH      + SO           9.907E+02
 170) HSO     + O3      = HS      + O2      O2   4.078E+08
 171) HSO     + S       = HS      + SO           1.886E-09
 299) HSO     + HV      = HS      + O            1.211E+01

S2                  PRODUCTION RXS              INT RX RATE    TP =  7.70E+03
 129) HS      + S       = H       + S2           4.399E-11
 135) S       + S       = S2      +              1.558E-18
 176) OCS     + S       = CO      + S2           3.203E-05
 185) OCS2    + S       = OCS     + S2           4.973E-21
 225) CS2X    + CS2     = CS      + CS      S2   2.393E-04
 237) CS2     + O       = CO      + S2           7.702E+03
 238) CS2     + SO      = OCS     + S2           1.690E-04
 240) CS2     + S       = CS      + S2           9.421E-10
 293) S4      + HV      = S2      + S2           8.551E-02
 294) S3      + HV      = S2      + S            2.098E-12

S2                     LOSS RXS                INT RX RATE    TL =  7.70E+03
 136) S2      + O       = S       + SO           2.692E+01
 139) S       + S2      = S3      +              2.098E-12
 140) S2      + S2      = S4      +              8.551E-02
 231) CH21    + S2      = HCS     + HS           9.121E-22
 232) CH23    + S2      = HCS     + HS           1.281E-21
 292) S2      + HV      = S       + S            7.675E+03

S4                  PRODUCTION RXS              INT RX RATE    TP =  8.55E-02
 140) S2      + S2      = S4      +              8.551E-02
 141) S       + S3      = S4      +              5.334E-32
 297) S8      + HV      = S4      + S4           6.515E-18

S4                     LOSS RXS                INT RX RATE    TL =  8.55E-02
 142) S4      + S4      = S8      +              6.515E-18
 293) S4      + HV      = S2      + S2           8.551E-02

S8                  PRODUCTION RXS              INT RX RATE    TP =  6.52E-18
 142) S4      + S4      = S8      +              6.515E-18

S8                     LOSS RXS                INT RX RATE    TL =  6.52E-18
 297) S8      + HV      = S4      + S4           6.515E-18

SO3                 PRODUCTION RXS              INT RX RATE    TP =  4.51E+09
 112) SO2     + O       = SO3     +              8.454E+04
 114) H2SO4   + H2O     = SO3     + H2O     H2O  3.659E+09
 116) HSO3    + O2      = HO2     + SO3          8.165E+08
 147) SO21    + O2      = SO3     + O            9.004E+04
 148) SO21    + SO2     = SO3     + SO           9.189E-01
 151) SO23    + SO2     = SO3     + SO           1.182E-01
 154) SO2     + HO2     = SO3     + OH           1.146E+05
 255) CH3SO3  + HV      = CH3     + SO3          3.247E+07
 291) H2SO4   + HV      = SO3     + H2O          1.409E+06

SO3                    LOSS RXS                INT RX RATE    TL =  4.51E+09
 113) SO3     + H2O     = H2SO4   +              4.510E+09
 115) SO3     + O       = SO2     + O2           6.197E+02
 160) SO3     + SO      = SO2     + SO2          5.578E-03
 298) SO3     + HV      = SO2     + O            2.372E+05

OCS                 PRODUCTION RXS              INT RX RATE    TP =  9.38E+06
 173) HS      + CO      = OCS     + H            1.302E-05
 179) S       + CO      = OCS     +              1.376E-06
 185) OCS2    + S       = OCS     + S2           4.973E-21
 188) OCS2    + CO      = OCS     + OCS          1.754E-05
 213) CS      + O2      = OCS     + O            4.237E+06
 215) CS      + O3      = OCS     + O2           5.039E+06
 219) CS2     + O       = OCS     + S            2.949E+04
 220) CS2     + OH      = OCS     + HS           7.882E+04
 230) HS      + CO      = OCS     + H            1.317E-05
 238) CS2     + SO      = OCS     + S2           1.690E-04

OCS                    LOSS RXS                INT RX RATE    TL =  1.08E+07
 172) H       + OCS     = CO      + HS           2.792E+00
 174) O       + OCS     = CO      + SO           6.956E+05
 175) O       + OCS     = S       + CO2          2.132E+00
 176) OCS     + S       = CO      + S2           3.203E-05
 177) OCS     + OH      = CO2     + HS           7.206E+06
 184) OCS     + S       = OCS2    +              1.754E-05
 239) OCS     + H       = CO      + HS           2.783E+00
 300) OCS     + HV      = CO      + S            2.847E+06

S3                  PRODUCTION RXS              INT RX RATE    TP =  2.10E-12
 139) S       + S2      = S3      +              2.098E-12

S3                     LOSS RXS                INT RX RATE    TL =  2.10E-12
 141) S       + S3      = S4      +              5.334E-32
 294) S3      + HV      = S2      + S            2.098E-12

O3                  PRODUCTION RXS              INT RX RATE    TP =  2.28E+15
  18) O       + O2      = O3      +              2.277E+15

O3                     LOSS RXS                INT RX RATE    TL =  2.28E+15
   5) H       + O3      = OH      + O2           9.259E+11
  12) OH      + O3      = HO2     + O2           5.661E+11
  15) HO2     + O3      = OH      + O2      O2   1.931E+11
  19) O       + O3      = O2      + O2           9.335E+11
  20) O1D     + O3      = O2      + O2           1.250E+10
  21) O1D     + O3      = O       + O       O2   1.250E+10
  26) O3      + HV      = O2      + O            8.576E-10
  27) O3      + O3      = O2      + O2      O2   4.191E+03
  77) NO      + O3      = NO2     + O2           2.164E+13
 153) SO      + O3      = SO2     + O2           5.607E+06
 155) HS      + O3      = HSO     + O2           4.119E+08
 158) S       + O3      = SO      + O2           4.082E+02
 170) HSO     + O3      = HS      + O2      O2   4.078E+08
 205) NO2     + O3      = NO3     + O2           2.685E+10
 215) CS      + O3      = OCS     + O2           5.039E+06
 216) CS      + O3      = SO      + CO2          5.039E+06
 217) CS      + O3      = CO      + SO2          5.039E+06
 248) CH3S    + O3      = CH3SO   + O2           1.206E+09
 250) CH3SO   + O3      = CH3SO2  + O2           1.195E+09
 252) CH3SO2  + O3      = CH3SO3  + O2           3.239E+07
 264) O3      + HV      = O2      + O1D          6.729E+14
 265) O3      + HV      = O2      + O            1.579E+15
 266) O3      + HV      = O       + O       O    1.777E+11

HNO3                PRODUCTION RXS              INT RX RATE    TP =  1.30E+10
  82) NO2     + OH      = HNO3    +              1.297E+10
 203) N2O5    + H2O     = HNO3    + HNO3         8.032E+04
 244) C2H6S   + NO3     = C2H5S   + HNO3         7.738E+06

HNO3                   LOSS RXS                INT RX RATE    TL =  1.28E+10
  84) HNO3    + OH      = H2O     + NO3          3.034E+09
 211) O       + HNO3    = OH      + NO3          1.866E+06
 280) HNO3    + HV      = NO2     + OH           8.301E+09
 281) HNO3    + HV      = HNO2    + O            2.734E+08
 282) HNO3    + HV      = HNO2    + O1D          1.963E+08

N                   PRODUCTION RXS              INT RX RATE    TP =  1.40E+08
 283) NO      + HV      = N       + O            1.402E+08

N                      LOSS RXS                INT RX RATE    TL =  1.40E+08
  72) N       + N       = N2      +              2.073E-03
  73) N       + O2      = NO      + O            1.230E+08
  75) N       + OH      = NO      + H            3.001E+06
  76) N       + NO      = N2      + O            1.296E+07
 195) N       + NO2     = N2O     + O            7.382E+05
 199) N       + HO2     = NO      + OH           5.234E+05

NO3                 PRODUCTION RXS              INT RX RATE    TP =  4.39E+10
  84) HNO3    + OH      = H2O     + NO3          3.034E+09
 192) O       + NO2     = NO3     +              1.284E+10
 202) N2O5    + M       = NO3     + NO2          6.750E+06
 205) NO2     + O3      = NO3     + O2           2.685E+10
 211) O       + HNO3    = OH      + NO3          1.866E+06
 305) HO2NO2  + HV      = OH      + NO3          7.952E+08
 306) N2O5    + HV      = NO3     + NO2          8.048E+07
 307) N2O5    + HV      = NO3     + NO      O    3.058E+08

NO3                    LOSS RXS                INT RX RATE    TL =  4.39E+10
 189) O       + NO3     = O2      + NO2          2.307E+08
 190) HO2     + NO3     = OH      + NO2     O2   2.386E+07
 191) NO      + NO3     = NO2     + NO2          1.037E+10
 193) OH      + NO3     = HO2     + NO2          2.864E+07
 201) NO2     + NO3     = N2O5    +              3.932E+08
 204) NO2     + NO3     = NO      + NO2     O2   1.283E+05
 206) NO3     + NO3     = NO2     + NO2     O2   1.434E+00
 244) C2H6S   + NO3     = C2H5S   + HNO3         7.738E+06
 301) NO3     + HV      = NO      + O2           3.793E+09
 302) NO3     + HV      = NO2     + O            2.906E+10

N2O                 PRODUCTION RXS              INT RX RATE    TP =  7.38E+05
 195) N       + NO2     = N2O     + O            7.382E+05

N2O                    LOSS RXS                INT RX RATE    TL =  1.32E+09
 194) H       + N2O     = N2      + OH           1.068E-03
 197) O1D     + N2O     = N2      + O2           6.591E+07
 198) O1D     + N2O     = NO      + NO           1.031E+08
 303) N2O     + HV      = N2      + O1D          1.134E+09

HO2NO2              PRODUCTION RXS              INT RX RATE    TP =  3.52E+10
 207) HO2     + NO2     = HO2NO2  +              3.519E+10

HO2NO2                 LOSS RXS                INT RX RATE    TL =  3.52E+10
 208) O       + HO2NO2  = OH      + NO2     O2   1.600E+05
 209) OH      + HO2NO2  = H2O     + NO2     O2   5.978E+09
 210) HO2NO2  + M       = HO2     + NO2          2.526E+10
 304) HO2NO2  + HV      = HO2     + NO2          3.120E+09
 305) HO2NO2  + HV      = OH      + NO3          7.952E+08

N2O5                PRODUCTION RXS              INT RX RATE    TP =  3.93E+08
 201) NO2     + NO3     = N2O5    +              3.932E+08

N2O5                   LOSS RXS                INT RX RATE    TL =  3.93E+08
 200) O       + N2O5    = NO2     + NO2     O2   7.382E+04
 202) N2O5    + M       = NO3     + NO2          6.750E+06
 203) N2O5    + H2O     = HNO3    + HNO3         8.032E+04
 306) N2O5    + HV      = NO3     + NO2          8.048E+07
 307) N2O5    + HV      = NO3     + NO      O    3.058E+08

NH                  PRODUCTION RXS              INT RX RATE    TP =  0.00E+00

NH                     LOSS RXS                INT RX RATE    TL =  0.00E+00

NH2                 PRODUCTION RXS              INT RX RATE    TP =  0.00E+00

NH2                    LOSS RXS                INT RX RATE    TL =  0.00E+00

NH3                 PRODUCTION RXS              INT RX RATE    TP =  0.00E+00

NH3                    LOSS RXS                INT RX RATE    TL =  1.50E+10

CO2                 PRODUCTION RXS              INT RX RATE    TP =  7.98E+11
  32) O       + HCO     = H       + CO2          6.729E+05
  34) CO      + OH      = CO2     + H            1.419E+11
  35) CO      + O       = CO2     +              6.032E+05
 175) O       + OCS     = S       + CO2          2.132E+00
 177) OCS     + OH      = CO2     + HS           7.206E+06
 182) CO2     + O1D     = CO2     + O            6.564E+11
 216) CS      + O3      = SO      + CO2          5.039E+06

CO2                    LOSS RXS                INT RX RATE    TL =  6.58E+11
  36) CO2     + H       = CO      + OH           3.374E-08
  93) CH21    + CO2     = H2CO    + CO           3.422E+02
  95) CH23    + CO2     = H2CO    + CO           1.433E+02
 182) CO2     + O1D     = CO2     + O            6.564E+11
 268) CO2     + HV      = CO      + O            6.022E+08
 269) CO2     + HV      = CO      + O1D          5.488E+08

CS                  PRODUCTION RXS              INT RX RATE    TP =  1.99E+07
 218) CS2     + O       = SO      + CS           3.146E+05
 224) CS2X    + O2      = CS      + SO2          1.955E+07
 225) CS2X    + CS2     = CS      + CS      S2   2.393E-04
 228) H       + HCS     = H2      + CS           4.298E-09
 233) CH3     + HCS     = CH4     + CS           1.484E-13
 235) HS      + HCS     = H2S     + CS           3.091E-10
 236) S       + HCS     = HS      + CS           3.359E-19
 240) CS2     + S       = CS      + S2           9.421E-10
 309) CS2     + HV      = CS      + S            1.818E+04

CS                     LOSS RXS                INT RX RATE    TL =  1.99E+07
 213) CS      + O2      = OCS     + O            4.237E+06
 214) CS      + O2      = CO      + SO           5.296E+05
 215) CS      + O3      = OCS     + O2           5.039E+06
 216) CS      + O3      = SO      + CO2          5.039E+06
 217) CS      + O3      = CO      + SO2          5.039E+06
 226) CS      + HS      = CS2     + H            1.834E-04
 227) H       + CS      = HCS     +              3.129E-10
 241) CS      + O       = CO      + S            1.264E-01

CS2                 PRODUCTION RXS              INT RX RATE    TP =  2.33E+09
 222) CS2OH   + HV      = CS2     + OH           3.153E+07
 223) CS2X    + M       = CS2     + M            2.298E+09
 226) CS      + HS      = CS2     + H            1.834E-04
 229) S       + HCS     = H       + CS2          6.718E-19

CS2                    LOSS RXS                INT RX RATE    TL =  2.35E+09
 218) CS2     + O       = SO      + CS           3.146E+05
 219) CS2     + O       = OCS     + S            2.949E+04
 220) CS2     + OH      = OCS     + HS           7.882E+04
 221) CS2     + OH      = CS2OH   +              3.153E+07
 225) CS2X    + CS2     = CS      + CS      S2   2.393E-04
 237) CS2     + O       = CO      + S2           7.702E+03
 238) CS2     + SO      = OCS     + S2           1.690E-04
 240) CS2     + S       = CS      + S2           9.421E-10
 309) CS2     + HV      = CS      + S            1.818E+04
 310) CS2     + HV      = CS2X    +              2.317E+09

HCS                 PRODUCTION RXS              INT RX RATE    TP =  4.61E-09
 227) H       + CS      = HCS     +              3.129E-10
 231) CH21    + S2      = HCS     + HS           9.121E-22
 232) CH23    + S2      = HCS     + HS           1.281E-21
 234) CH23    + S       = HCS     + H            4.294E-09

HCS                    LOSS RXS                INT RX RATE    TL =  4.61E-09
 228) H       + HCS     = H2      + CS           4.298E-09
 229) S       + HCS     = H       + CS2          6.718E-19
 233) CH3     + HCS     = CH4     + CS           1.484E-13
 235) HS      + HCS     = H2S     + CS           3.091E-10
 236) S       + HCS     = HS      + CS           3.359E-19

C2H6S               PRODUCTION RXS              INT RX RATE    TP =  0.00E+00

C2H6S                  LOSS RXS                INT RX RATE    TL =  1.62E+09
 242) C2H6S   + OH      = C2H5S   + H2O          1.203E+09
 243) C2H6S   + OH      = C2H7SO  +              4.091E+08
 244) C2H6S   + NO3     = C2H5S   + HNO3         7.738E+06

C2H5S               PRODUCTION RXS              INT RX RATE    TP =  1.21E+09
 242) C2H6S   + OH      = C2H5S   + H2O          1.203E+09
 244) C2H6S   + NO3     = C2H5S   + HNO3         7.738E+06

C2H5S                  LOSS RXS                INT RX RATE    TL =  1.21E+09
 245) C2H5S   + O2      = C2H5SO2 +              1.211E+09

C2H5SO              PRODUCTION RXS              INT RX RATE    TP =  1.21E+09
 246) C2H5SO2 + NO      = C2H5SO  + NO2          1.211E+09

C2H5SO                 LOSS RXS                INT RX RATE    TL =  1.21E+09
 247) C2H5SO  + HV      = H2CO    + CH3S         1.211E+09

C2H5SO2             PRODUCTION RXS              INT RX RATE    TP =  1.21E+09
 245) C2H5S   + O2      = C2H5SO2 +              1.211E+09

C2H5SO2                LOSS RXS                INT RX RATE    TL =  1.21E+09
 246) C2H5SO2 + NO      = C2H5SO  + NO2          1.211E+09

CH3S                PRODUCTION RXS              INT RX RATE    TP =  1.21E+09
 247) C2H5SO  + HV      = H2CO    + CH3S         1.211E+09

CH3S                   LOSS RXS                INT RX RATE    TL =  1.21E+09
 248) CH3S    + O3      = CH3SO   + O2           1.206E+09
 249) CH3S    + NO2     = CH3SO   + NO           4.819E+06

CH3SO               PRODUCTION RXS              INT RX RATE    TP =  1.21E+09
 248) CH3S    + O3      = CH3SO   + O2           1.206E+09
 249) CH3S    + NO2     = CH3SO   + NO           4.819E+06

CH3SO                  LOSS RXS                INT RX RATE    TL =  1.21E+09
 250) CH3SO   + O3      = CH3SO2  + O2           1.195E+09
 251) CH3SO   + NO2     = CH3SO2  + NO           1.595E+07

CH3SO2              PRODUCTION RXS              INT RX RATE    TP =  1.62E+09
 250) CH3SO   + O3      = CH3SO2  + O2           1.195E+09
 251) CH3SO   + NO2     = CH3SO2  + NO           1.595E+07
 258) CH4SO2  + OH      = CH3SO2  + H2O          4.077E+08

CH3SO2                 LOSS RXS                INT RX RATE    TL =  1.62E+09
 252) CH3SO2  + O3      = CH3SO3  + O2           3.239E+07
 253) CH3SO2  + NO2     = CH3SO3  + NO           7.909E+04
 254) CH3SO2  + HV      = CH3     + SO2          1.586E+09

CH3SO3              PRODUCTION RXS              INT RX RATE    TP =  3.25E+07
 252) CH3SO2  + O3      = CH3SO3  + O2           3.239E+07
 253) CH3SO2  + NO2     = CH3SO3  + NO           7.909E+04

CH3SO3                 LOSS RXS                INT RX RATE    TL =  3.25E+07
 255) CH3SO3  + HV      = CH3     + SO3          3.247E+07

CH4SO2              PRODUCTION RXS              INT RX RATE    TP =  4.08E+08
 257) C2H6SO  + OH      = CH4SO2  + CH3          4.077E+08

CH4SO2                 LOSS RXS                INT RX RATE    TL =  4.08E+08
 258) CH4SO2  + OH      = CH3SO2  + H2O          4.077E+08

C2H6SO              PRODUCTION RXS              INT RX RATE    TP =  4.09E+08
 256) C2H7SO  + O2      = C2H6SO  + HO2          4.091E+08

C2H6SO                 LOSS RXS                INT RX RATE    TL =  4.09E+08
 257) C2H6SO  + OH      = CH4SO2  + CH3          4.077E+08

C2H7SO              PRODUCTION RXS              INT RX RATE    TP =  4.09E+08
 243) C2H6S   + OH      = C2H7SO  +              4.091E+08

C2H7SO                 LOSS RXS                INT RX RATE    TL =  4.09E+08
 256) C2H7SO  + O2      = C2H6SO  + HO2          4.091E+08

SO4AER              PRODUCTION RXS              INT RX RATE    TP =  7.29E+08

SO4AER                 LOSS RXS                INT RX RATE    TL =  7.20E+08

S8AER               PRODUCTION RXS              INT RX RATE    TP =  0.00E+00

S8AER                  LOSS RXS                INT RX RATE    TL =  1.70E-19

HNO2                PRODUCTION RXS              INT RX RATE    TP =  0.00E+00
  80) NO      + OH      = HNO2    +              4.105E+09
 212) HO2     + NO2     = HNO2    + O2           3.268E+07
 281) HNO3    + HV      = HNO2    + O            2.734E+08
 282) HNO3    + HV      = HNO2    + O1D          1.963E+08

HNO2                   LOSS RXS                INT RX RATE    TL =  0.00E+00
  90) HNO2    + OH      = H2O     + NO2          7.723E+07
 279) HNO2    + HV      = NO      + OH           4.530E+09

O1D                 PRODUCTION RXS              INT RX RATE    TP =  0.00E+00
 259) O2      + HV      = O       + O1D          2.937E+11
 262) H2O     + HV      = H2      + O1D          1.291E+08
 264) O3      + HV      = O2      + O1D          6.729E+14
 269) CO2     + HV      = CO      + O1D          5.488E+08
 282) HNO3    + HV      = HNO2    + O1D          1.963E+08
 284) NO2     + HV      = NO      + O1D          3.293E+09
 303) N2O     + HV      = N2      + O1D          1.134E+09

O1D                    LOSS RXS                INT RX RATE    TL =  0.00E+00
   1) H2O     + O1D     = OH      + OH           1.354E+11
   2) H2      + O1D     = OH      + H            1.118E+09
  20) O1D     + O3      = O2      + O2           1.250E+10
  21) O1D     + O3      = O       + O       O2   1.250E+10
  23) O1D     + N2      = O       + N2           5.039E+14
  24) O1D     + O2      = O       + O2           1.685E+14
  49) CH4     + O1D     = CH3     + OH           3.331E+09
  50) CH4     + O1D     = CH3O    + H            4.484E+08
  51) CH4     + O1D     = CH2OH   + H            4.484E+08
  52) CH4     + O1D     = H2CO    + H2           2.242E+08
  98) C2H6    + O1D     = C2H5    + OH           1.845E+05
 105) SO2     + O1D     = SO2     + O            8.617E+03
 106) SO2     + O1D     = SO      + O2           2.764E+04
 180) CO      + O1D     = CO      + O            4.992E+07
 182) CO2     + O1D     = CO2     + O            6.564E+11
 197) O1D     + N2O     = N2      + O2           6.591E+07
 198) O1D     + N2O     = NO      + NO           1.031E+08

CH21                PRODUCTION RXS              INT RX RATE    TP =  0.00E+00
 273) CH4     + HV      = CH21    + H2           1.658E+07
 276) CH3     + HV      = CH21    + H            3.574E+03
 278) C2H6    + HV      = CH4     + CH21         4.602E-04

CH21                   LOSS RXS                INT RX RATE    TL =  0.00E+00
  53) CH21    + CH4     = CH3     + CH3          2.857E-11
  54) CH21    + O2      = HCO     + OH           7.931E+06
  55) CH21    + N2      = CH23    + N2           8.649E+06
  92) CH21    + H2      = CH3     + H            6.804E+02
  93) CH21    + CO2     = H2CO    + CO           3.422E+02
 231) CH21    + S2      = HCS     + HS           9.121E-22

CH23                PRODUCTION RXS              INT RX RATE    TP =  0.00E+00
  55) CH21    + N2      = CH23    + N2           8.649E+06
 275) CH4     + HV      = CH23    + H       H    3.053E+06
 277) C2H6    + HV      = CH23    + CH23    H2   1.841E-03

CH23                   LOSS RXS                INT RX RATE    TL =  0.00E+00
  58) CH23    + O2      = HCO     + OH           1.142E+07
  94) CH23    + O       = HCO     + H            2.790E+05
  95) CH23    + CO2     = H2CO    + CO           1.433E+02
 232) CH23    + S2      = HCS     + HS           1.281E-21
 234) CH23    + S       = HCS     + H            4.294E-09

C2H5                PRODUCTION RXS              INT RX RATE    TP =  0.00E+00
  96) C2H6    + OH      = C2H5    + H2O          8.998E+08
  97) C2H6    + O       = C2H5    + OH           3.891E+03
  98) C2H6    + O1D     = C2H5    + OH           1.845E+05

C2H5                   LOSS RXS                INT RX RATE    TL =  0.00E+00
  99) C2H5    + H       = CH3     + CH3          1.162E-06
 100) C2H5    + O       = CH3     + HCO     H    7.526E-03
 101) C2H5    + OH      = CH3     + HCO     H2   1.604E-03
 102) C2H5    + HCO     = C2H6    + CO           1.649E-11
 103) C2H5    + HNO     = C2H6    + NO           5.556E-09
 104) C2H5    + O2      = CH3     + HCO     OH   9.000E+08

SO21                PRODUCTION RXS              INT RX RATE    TP =  0.00E+00
 289) SO2     + HV      = SO21    +              4.662E+10

SO21                   LOSS RXS                INT RX RATE    TL =  0.00E+00
 143) SO21    + M       = SO23    + M            4.233E+09
 144) SO21    + M       = SO2     + M            4.233E+10
 145) SO21    + HV      = SO23    + HV           3.976E+06
 146) SO21    + HV      = SO2     + HV           5.832E+07
 147) SO21    + O2      = SO3     + O            9.004E+04
 148) SO21    + SO2     = SO3     + SO           9.189E-01

SO23                PRODUCTION RXS              INT RX RATE    TP =  0.00E+00
 143) SO21    + M       = SO23    + M            4.233E+09
 145) SO21    + HV      = SO23    + HV           3.976E+06
 290) SO2     + HV      = SO23    +              4.185E+08

SO23                   LOSS RXS                INT RX RATE    TL =  0.00E+00
 149) SO23    + M       = SO2     + M            4.642E+09
 150) SO23    + HV      = SO2     + HV           1.317E+07
 151) SO23    + SO2     = SO3     + SO           1.182E-01

HSO3                PRODUCTION RXS              INT RX RATE    TP =  0.00E+00
 111) SO2     + OH      = HSO3    +              8.165E+08

HSO3                   LOSS RXS                INT RX RATE    TL =  0.00E+00
 116) HSO3    + O2      = HO2     + SO3          8.165E+08

OCS2                PRODUCTION RXS              INT RX RATE    TP =  0.00E+00
 184) OCS     + S       = OCS2    +              1.754E-05

OCS2                   LOSS RXS                INT RX RATE    TL =  0.00E+00
 185) OCS2    + S       = OCS     + S2           4.973E-21
 188) OCS2    + CO      = OCS     + OCS          1.754E-05

CS2X                PRODUCTION RXS              INT RX RATE    TP =  0.00E+00
 310) CS2     + HV      = CS2X    +              2.317E+09

CS2X                   LOSS RXS                INT RX RATE    TL =  0.00E+00
 223) CS2X    + M       = CS2     + M            2.298E+09
 224) CS2X    + O2      = CS      + SO2          1.955E+07
 225) CS2X    + CS2     = CS      + CS      S2   2.393E-04

CS2OH               PRODUCTION RXS              INT RX RATE    TP =  0.00E+00
 221) CS2     + OH      = CS2OH   +              3.153E+07

CS2OH                  LOSS RXS                INT RX RATE    TL =  0.00E+00
 222) CS2OH   + HV      = CS2     + OH           3.153E+07

N2                  PRODUCTION RXS              INT RX RATE    TP =  0.00E+00
  23) O1D     + N2      = O       + N2           5.039E+14
  55) CH21    + N2      = CH23    + N2           8.649E+06
  72) N       + N       = N2      +              2.073E-03
  76) N       + NO      = N2      + O            1.296E+07
 194) H       + N2O     = N2      + OH           1.068E-03
 197) O1D     + N2O     = N2      + O2           6.591E+07
 303) N2O     + HV      = N2      + O1D          1.134E+09

N2                     LOSS RXS                INT RX RATE    TL =  0.00E+00
  23) O1D     + N2      = O       + N2           5.039E+14
  55) CH21    + N2      = CH23    + N2           8.649E+06
