
O                   PRODUCTION RXS              INT RX RATE    TP =  5.83E+14
   8) H       + HO2     = H2O     + O            1.843E+09
  21) O1D     + O3      = O       + O       O2   2.021E+08
  22) OH      + OH      = H2O     + O            4.776E+09
  23) O1D     + N2      = O       + N2           3.560E+14
  24) O1D     + O2      = O       + O2           1.150E+11
  25) O2      + HV      = O       + O            1.013E-77
  26) O3      + HV      = O2      + O            9.885E-11
  73) N       + O2      = NO      + O            4.299E+06
  76) N       + NO      = N2      + O            5.170E+07
 105) SO2     + O1D     = SO2     + O            2.798E+03
 107) SO      + O2      = O       + SO2          3.970E+09
 130) S       + O2      = SO      + O            1.058E+09
 147) SO21    + O2      = SO3     + O            2.994E+02
 180) CO      + O1D     = CO      + O            5.990E+07
 182) CO2     + O1D     = CO2     + O            4.632E+11
 195) N       + NO2     = N2O     + O            7.121E+06
 213) CS      + O2      = OCS     + O            7.438E+04
 259) O2      + HV      = O       + O1D          2.784E+11
 260) O2      + HV      = O       + O            7.474E+11
 263) H2O     + HV      = H       + H       O    1.059E+10
 265) O3      + HV      = O2      + O            2.236E+14
 266) O3      + HV      = O       + O       O    2.072E+11
 268) CO2     + HV      = CO      + O            7.172E+10
 272) HO2     + HV      = OH      + O            1.390E+10
 281) HNO3    + HV      = HNO2    + O            5.476E+08
 283) NO      + HV      = N       + O            8.465E+07
 285) NO2     + HV      = NO      + O            3.857E+11
 286) SO      + HV      = S       + O            3.057E+06
 288) SO2     + HV      = SO      + O            4.464E+09
 298) SO3     + HV      = SO2     + O            4.756E+02
 299) HSO     + HV      = HS      + O            4.310E+05
 302) NO3     + HV      = NO2     + O            8.258E+09
 307) N2O5    + HV      = NO3     + NO      O    3.991E+06

O                      LOSS RXS                INT RX RATE    TL =  5.83E+14
   3) H2      + O       = OH      + H            2.496E+08
  10) OH      + O       = H       + O2           8.991E+11
  14) HO2     + O       = OH      + O2           9.402E+11
  17) O       + O       = O2      +              7.264E+10
  18) O       + O2      = O3      +              5.809E+14
  19) O       + O3      = O2      + O2           2.971E+10
  32) O       + HCO     = H       + CO2          5.027E+06
  33) O       + HCO     = OH      + CO           5.027E+06
  35) CO      + O       = CO2     +              6.135E+07
  46) H2CO    + O       = HCO     + OH           4.823E+08
  47) H2O2    + O       = OH      + HO2          9.790E+06
  60) CH3     + O       = H2CO    + H            2.171E+07
  78) NO      + O       = NO2     +              8.360E+09
  81) NO2     + O       = NO      + O2           7.717E+10
  88) O       + HNO     = OH      + NO           3.609E+05
  91) CH4     + O       = CH3     + OH           5.573E+07
  94) CH23    + O       = HCO     + H            9.351E+03
  97) C2H6    + O       = C2H5    + OH           1.462E+05
 100) C2H5    + O       = CH3     + HCO     H    3.779E+01
 109) SO      + O       = SO2     +              6.215E+06
 112) SO2     + O       = SO3     +              7.519E+06
 115) SO3     + O       = SO2     + O2           1.448E-01
 122) H2S     + O       = OH      + HS           1.257E+03
 123) HS      + O       = H       + SO           2.846E+05
 136) S2      + O       = S       + SO           6.943E+02
 169) HSO     + O       = OH      + SO           1.018E+06
 174) O       + OCS     = CO      + SO           2.014E+07
 175) O       + OCS     = S       + CO2          2.373E+02
 189) O       + NO3     = O2      + NO2          1.236E+08
 192) O       + NO2     = NO3     +              7.763E+09
 200) O       + N2O5    = NO2     + NO2     O2   2.666E+03
 208) O       + HO2NO2  = OH      + NO2     O2   3.242E+04
 211) O       + HNO3    = OH      + NO3          4.065E+05
 218) CS2     + O       = SO      + CS           1.530E+06
 219) CS2     + O       = OCS     + S            1.434E+05
 237) CS2     + O       = CO      + S2           2.776E+04
 241) CS      + O       = CO      + S            1.439E+02

O2                  PRODUCTION RXS              INT RX RATE    TP =  5.84E+14
   5) H       + O3      = OH      + O2           1.634E+11
   7) H       + HO2     = H2      + O2           7.946E+09
  10) OH      + O       = H       + O2           8.991E+11
  11) OH      + HO2     = H2O     + O2           3.679E+11
  12) OH      + O3      = HO2     + O2           2.234E+11
  14) HO2     + O       = OH      + O2           9.402E+11
  15) HO2     + O3      = OH      + O2      O2   1.106E+11
  16) HO2     + HO2     = H2O2    + O2           1.274E+11
  17) O       + O       = O2      +              7.264E+10
  19) O       + O3      = O2      + O2           2.971E+10
  20) O1D     + O3      = O2      + O2           2.021E+08
  21) O1D     + O3      = O       + O       O2   2.021E+08
  24) O1D     + O2      = O       + O2           1.150E+11
  26) O3      + HV      = O2      + O            9.885E-11
  27) O3      + O3      = O2      + O2      O2   1.174E+02
  68) CH3O2   + HO2     = CH3OOH  + O2           3.981E+11
  77) NO      + O3      = NO2     + O2           3.074E+11
  81) NO2     + O       = NO      + O2           7.717E+10
 106) SO2     + O1D     = SO      + O2           8.976E+03
 115) SO3     + O       = SO2     + O2           1.448E-01
 125) HS      + HO2     = H2S     + O2           3.620E+06
 133) S       + HO2     = HS      + O2           1.314E+02
 153) SO      + O3      = SO2     + O2           1.187E+09
 155) HS      + O3      = HSO     + O2           7.161E+08
 158) S       + O3      = SO      + O2           9.541E+05
 170) HSO     + O3      = HS      + O2      O2   7.044E+08
 189) O       + NO3     = O2      + NO2          1.236E+08
 190) HO2     + NO3     = OH      + NO2     O2   2.318E+07
 197) O1D     + N2O     = N2      + O2           8.605E+07
 200) O       + N2O5    = NO2     + NO2     O2   2.666E+03
 204) NO2     + NO3     = NO      + NO2     O2   1.152E+03
 205) NO2     + O3      = NO3     + O2           1.432E+08
 206) NO3     + NO3     = NO2     + NO2     O2   1.214E-01
 208) O       + HO2NO2  = OH      + NO2     O2   3.242E+04
 209) OH      + HO2NO2  = H2O     + NO2     O2   4.264E+09
 212) HO2     + NO2     = HNO2    + O2           4.566E+06
 215) CS      + O3      = OCS     + O2           6.578E+06
 248) CH3S    + O3      = CH3SO   + O2           2.453E+09
 250) CH3SO   + O3      = CH3SO2  + O2           2.431E+09
 252) CH3SO2  + O3      = CH3SO3  + O2           7.084E+06
 264) O3      + HV      = O2      + O1D          3.563E+14
 265) O3      + HV      = O2      + O            2.236E+14
 301) NO3     + HV      = NO      + O2           1.124E+09

O2                     LOSS RXS                INT RX RATE    TL =  5.84E+14
   6) H       + O2      = HO2     +              1.729E+12
  18) O       + O2      = O3      +              5.809E+14
  24) O1D     + O2      = O       + O2           1.150E+11
  25) O2      + HV      = O       + O            1.013E-77
  40) HCO     + O2      = HO2     + CO           1.499E+11
  41) CH2OH   + O2      = H2CO    + HO2          1.543E+08
  42) CH3O    + O2      = H2CO    + HO2          9.068E+10
  54) CH21    + O2      = HCO     + OH           7.927E+04
  58) CH23    + O2      = HCO     + OH           1.013E+08
  59) CH3     + O2      = H2CO    + OH           8.525E+03
  66) CH3     + O2      = CH3O2   +              1.996E+11
  73) N       + O2      = NO      + O            4.299E+06
 104) C2H5    + O2      = CH3     + HCO     OH   9.000E+08
 107) SO      + O2      = O       + SO2          3.970E+09
 116) HSO3    + O2      = HO2     + SO3          3.076E+09
 130) S       + O2      = SO      + O            1.058E+09
 147) SO21    + O2      = SO3     + O            2.994E+02
 213) CS      + O2      = OCS     + O            7.438E+04
 214) CS      + O2      = CO      + SO           9.298E+03
 224) CS2X    + O2      = CS      + SO2          1.300E+03
 245) C2H5S   + O2      = C2H5SO2 +              2.463E+09
 256) C2H7SO  + O2      = C2H6SO  + HO2          8.372E+08
 259) O2      + HV      = O       + O1D          2.784E+11
 260) O2      + HV      = O       + O            7.474E+11

H2O                 PRODUCTION RXS              INT RX RATE    TP =  2.84E+11
   4) H2      + OH      = H2O     + H            1.400E+11
   8) H       + HO2     = H2O     + O            1.843E+09
  11) OH      + HO2     = H2O     + O2           3.679E+11
  13) OH      + H2O2    = HO2     + H2O          7.904E+10
  22) OH      + OH      = H2O     + O            4.776E+09
  31) OH      + HCO     = H2O     + CO           5.203E+04
  43) H2CO    + OH      = H2O     + HCO          1.014E+11
  44) H       + OH      = H2O     +              4.329E+07
  48) CH4     + OH      = CH3     + H2O          1.933E+11
  69) CH3OOH  + OH      = CH3O2   + H2O          2.519E+11
  70) CH3OOH  + OH      = H2O     + H2CO    OH   1.079E+11
  84) HNO3    + OH      = H2O     + NO3          1.851E+09
  89) OH      + HNO     = H2O     + NO           8.732E+05
  90) HNO2    + OH      = H2O     + NO2          4.980E+08
  96) C2H6    + OH      = C2H5    + H2O          8.998E+08
 114) H2SO4   + H2O     = SO3     + H2O     H2O  1.212E+10
 120) H2S     + OH      = H2O     + HS           3.040E+06
 165) HSO     + OH      = H2O     + SO           8.561E+06
 209) OH      + HO2NO2  = H2O     + NO2     O2   4.264E+09
 242) C2H6S   + OH      = C2H5S   + H2O          2.462E+09
 258) CH4SO2  + OH      = CH3SO2  + H2O          8.359E+08
 291) H2SO4   + HV      = SO3     + H2O          4.065E+06

H2O                    LOSS RXS                INT RX RATE    TL =  2.41E+11
   1) H2O     + O1D     = OH      + OH           2.777E+11
 113) SO3     + H2O     = H2SO4   +              1.521E+10
 114) H2SO4   + H2O     = SO3     + H2O     H2O  1.212E+10
 203) N2O5    + H2O     = HNO3    + HNO3         1.256E+04
 261) H2O     + HV      = H       + OH           5.003E+11
 262) H2O     + HV      = H2      + O1D          7.059E+09
 263) H2O     + HV      = H       + H       O    1.059E+10

H                   PRODUCTION RXS              INT RX RATE    TP =  1.99E+12
   2) H2      + O1D     = OH      + H            6.944E+08
   3) H2      + O       = OH      + H            2.496E+08
   4) H2      + OH      = H2O     + H            1.400E+11
  10) OH      + O       = H       + O2           8.991E+11
  32) O       + HCO     = H       + CO2          5.027E+06
  34) CO      + OH      = CO2     + H            3.763E+11
  50) CH4     + O1D     = CH3O    + H            1.543E+08
  51) CH4     + O1D     = CH2OH   + H            1.543E+08
  60) CH3     + O       = H2CO    + H            2.171E+07
  75) N       + OH      = NO      + H            1.510E+07
  86) HNO     + HV      = NO      + H            6.607E+06
  92) CH21    + H2      = CH3     + H            3.740E+03
  94) CH23    + O       = HCO     + H            9.351E+03
 100) C2H5    + O       = CH3     + HCO     H    3.779E+01
 110) SO      + OH      = SO2     + H            6.311E+07
 123) HS      + O       = H       + SO           2.846E+05
 129) HS      + S       = H       + S2           1.796E-03
 131) S       + OH      = SO      + H            6.920E+01
 173) HS      + CO      = OCS     + H            3.187E-05
 226) CS      + HS      = CS2     + H            3.261E-02
 229) S       + HCS     = H       + CS2          8.147E-10
 230) HS      + CO      = OCS     + H            3.226E-05
 234) CH23    + S       = HCS     + H            4.170E-11
 261) H2O     + HV      = H       + OH           5.003E+11
 263) H2O     + HV      = H       + H       O    1.059E+10
 271) H2CO    + HV      = HCO     + H            4.702E+10
 274) CH4     + HV      = CH3     + H            9.309E+07
 275) CH4     + HV      = CH23    + H       H    1.641E+07
 276) CH3     + HV      = CH21    + H            8.058E+04
 287) H2S     + HV      = HS      + H            5.652E+05

H                      LOSS RXS                INT RX RATE    TL =  1.99E+12
   5) H       + O3      = OH      + O2           1.634E+11
   6) H       + O2      = HO2     +              1.729E+12
   7) H       + HO2     = H2      + O2           7.946E+09
   8) H       + HO2     = H2O     + O            1.843E+09
   9) H       + HO2     = OH      + OH           8.292E+10
  28) H       + CO      = HCO     +              3.300E+07
  29) H       + HCO     = H2      + CO           2.984E+05
  36) CO2     + H       = CO      + OH           1.531E-05
  38) H2CO    + H       = H2      + HCO          3.039E+05
  39) H       + H       = H2      +              1.483E+07
  44) H       + OH      = H2O     +              4.329E+07
  62) CH3     + H       = CH4     +              8.486E+04
  71) H       + NO      = HNO     +              6.236E+04
  83) NO2     + H       = NO      + OH           1.129E+07
  87) H       + HNO     = H2      + NO           9.756E+01
  99) C2H5    + H       = CH3     + CH3          3.781E-03
 121) H2S     + H       = H2      + HS           2.174E+01
 128) HS      + H       = H2      + S            6.301E+00
 163) H       + SO      = HSO     +              1.686E+01
 166) HSO     + H       = HS      + OH           2.812E+02
 167) HSO     + H       = H2      + SO           1.406E+02
 172) H       + OCS     = CO      + HS           4.487E+03
 194) H       + N2O     = N2      + OH           9.371E-02
 227) H       + CS      = HCS     +              9.995E-06
 228) H       + HCS     = H2      + CS           2.628E-06
 239) OCS     + H       = CO      + HS           4.473E+03

OH                  PRODUCTION RXS              INT RX RATE    TP =  2.78E+12
   1) H2O     + O1D     = OH      + OH           2.777E+11
   2) H2      + O1D     = OH      + H            6.944E+08
   3) H2      + O       = OH      + H            2.496E+08
   5) H       + O3      = OH      + O2           1.634E+11
   9) H       + HO2     = OH      + OH           8.292E+10
  14) HO2     + O       = OH      + O2           9.402E+11
  15) HO2     + O3      = OH      + O2      O2   1.106E+11
  33) O       + HCO     = OH      + CO           5.027E+06
  36) CO2     + H       = CO      + OH           1.531E-05
  46) H2CO    + O       = HCO     + OH           4.823E+08
  47) H2O2    + O       = OH      + HO2          9.790E+06
  49) CH4     + O1D     = CH3     + OH           1.146E+09
  54) CH21    + O2      = HCO     + OH           7.927E+04
  58) CH23    + O2      = HCO     + OH           1.013E+08
  59) CH3     + O2      = H2CO    + OH           8.525E+03
  70) CH3OOH  + OH      = H2O     + H2CO    OH   1.079E+11
  79) NO      + HO2     = NO2     + OH           9.285E+10
  83) NO2     + H       = NO      + OH           1.129E+07
  88) O       + HNO     = OH      + NO           3.609E+05
  91) CH4     + O       = CH3     + OH           5.573E+07
  97) C2H6    + O       = C2H5    + OH           1.462E+05
  98) C2H6    + O1D     = C2H5    + OH           8.985E+04
 104) C2H5    + O2      = CH3     + HCO     OH   9.000E+08
 108) SO      + HO2     = SO2     + OH           2.752E+08
 122) H2S     + O       = OH      + HS           1.257E+03
 134) S       + HO2     = SO      + OH           1.314E+02
 154) SO2     + HO2     = SO3     + OH           1.953E+05
 156) HS      + HO2     = HSO     + OH           3.620E+06
 166) HSO     + H       = HS      + OH           2.812E+02
 169) HSO     + O       = OH      + SO           1.018E+06
 190) HO2     + NO3     = OH      + NO2     O2   2.318E+07
 194) H       + N2O     = N2      + OH           9.371E-02
 199) N       + HO2     = NO      + OH           6.425E+06
 208) O       + HO2NO2  = OH      + NO2     O2   3.242E+04
 211) O       + HNO3    = OH      + NO3          4.065E+05
 222) CS2OH   + HV      = CS2     + OH           4.684E+06
 261) H2O     + HV      = H       + OH           5.003E+11
 267) H2O2    + HV      = OH      + OH           3.907E+10
 272) HO2     + HV      = OH      + O            1.390E+10
 279) HNO2    + HV      = NO      + OH           9.076E+09
 280) HNO3    + HV      = NO2     + OH           4.165E+09
 305) HO2NO2  + HV      = OH      + NO3          4.715E+08
 308) CH3OOH  + HV      = CH3O    + OH           3.716E+10

OH                     LOSS RXS                INT RX RATE    TL =  2.78E+12
   4) H2      + OH      = H2O     + H            1.400E+11
  10) OH      + O       = H       + O2           8.991E+11
  11) OH      + HO2     = H2O     + O2           3.679E+11
  12) OH      + O3      = HO2     + O2           2.234E+11
  13) OH      + H2O2    = HO2     + H2O          7.904E+10
  22) OH      + OH      = H2O     + O            4.776E+09
  31) OH      + HCO     = H2O     + CO           5.203E+04
  34) CO      + OH      = CO2     + H            3.763E+11
  43) H2CO    + OH      = H2O     + HCO          1.014E+11
  44) H       + OH      = H2O     +              4.329E+07
  45) OH      + OH      = H2O2    +              9.392E+08
  48) CH4     + OH      = CH3     + H2O          1.933E+11
  69) CH3OOH  + OH      = CH3O2   + H2O          2.519E+11
  70) CH3OOH  + OH      = H2O     + H2CO    OH   1.079E+11
  75) N       + OH      = NO      + H            1.510E+07
  80) NO      + OH      = HNO2    +              8.629E+09
  82) NO2     + OH      = HNO3    +              7.184E+09
  84) HNO3    + OH      = H2O     + NO3          1.851E+09
  89) OH      + HNO     = H2O     + NO           8.732E+05
  90) HNO2    + OH      = H2O     + NO2          4.980E+08
  96) C2H6    + OH      = C2H5    + H2O          8.998E+08
 101) C2H5    + OH      = CH3     + HCO     H2   7.471E+00
 110) SO      + OH      = SO2     + H            6.311E+07
 111) SO2     + OH      = HSO3    +              3.076E+09
 120) H2S     + OH      = H2O     + HS           3.040E+06
 131) S       + OH      = SO      + H            6.920E+01
 165) HSO     + OH      = H2O     + SO           8.561E+06
 177) OCS     + OH      = CO2     + HS           1.787E+07
 193) OH      + NO3     = HO2     + NO2          3.236E+07
 209) OH      + HO2NO2  = H2O     + NO2     O2   4.264E+09
 220) CS2     + OH      = OCS     + HS           1.171E+04
 221) CS2     + OH      = CS2OH   +              4.684E+06
 242) C2H6S   + OH      = C2H5S   + H2O          2.462E+09
 243) C2H6S   + OH      = C2H7SO  +              8.372E+08
 257) C2H6SO  + OH      = CH4SO2  + CH3          8.359E+08
 258) CH4SO2  + OH      = CH3SO2  + H2O          8.359E+08

HO2                 PRODUCTION RXS              INT RX RATE    TP =  2.28E+12
   6) H       + O2      = HO2     +              1.729E+12
  12) OH      + O3      = HO2     + O2           2.234E+11
  13) OH      + H2O2    = HO2     + H2O          7.904E+10
  40) HCO     + O2      = HO2     + CO           1.499E+11
  41) CH2OH   + O2      = H2CO    + HO2          1.543E+08
  42) CH3O    + O2      = H2CO    + HO2          9.068E+10
  47) H2O2    + O       = OH      + HO2          9.790E+06
 116) HSO3    + O2      = HO2     + SO3          3.076E+09
 193) OH      + NO3     = HO2     + NO2          3.236E+07
 210) HO2NO2  + M       = HO2     + NO2          5.054E+09
 256) C2H7SO  + O2      = C2H6SO  + HO2          8.372E+08
 304) HO2NO2  + HV      = HO2     + NO2          1.718E+09

HO2                    LOSS RXS                INT RX RATE    TL =  2.28E+12
   7) H       + HO2     = H2      + O2           7.946E+09
   8) H       + HO2     = H2O     + O            1.843E+09
   9) H       + HO2     = OH      + OH           8.292E+10
  11) OH      + HO2     = H2O     + O2           3.679E+11
  14) HO2     + O       = OH      + O2           9.402E+11
  15) HO2     + O3      = OH      + O2      O2   1.106E+11
  16) HO2     + HO2     = H2O2    + O2           1.274E+11
  68) CH3O2   + HO2     = CH3OOH  + O2           3.981E+11
  79) NO      + HO2     = NO2     + OH           9.285E+10
 108) SO      + HO2     = SO2     + OH           2.752E+08
 125) HS      + HO2     = H2S     + O2           3.620E+06
 133) S       + HO2     = HS      + O2           1.314E+02
 134) S       + HO2     = SO      + OH           1.314E+02
 154) SO2     + HO2     = SO3     + OH           1.953E+05
 156) HS      + HO2     = HSO     + OH           3.620E+06
 190) HO2     + NO3     = OH      + NO2     O2   2.318E+07
 199) N       + HO2     = NO      + OH           6.425E+06
 207) HO2     + NO2     = HO2NO2  +              1.152E+10
 212) HO2     + NO2     = HNO2    + O2           4.566E+06
 272) HO2     + HV      = OH      + O            1.390E+10

H2O2                PRODUCTION RXS              INT RX RATE    TP =  1.28E+11
  16) HO2     + HO2     = H2O2    + O2           1.274E+11
  45) OH      + OH      = H2O2    +              9.392E+08

H2O2                   LOSS RXS                INT RX RATE    TL =  1.26E+11
  13) OH      + H2O2    = HO2     + H2O          7.904E+10
  47) H2O2    + O       = OH      + HO2          9.790E+06
 267) H2O2    + HV      = OH      + OH           3.907E+10

H2                  PRODUCTION RXS              INT RX RATE    TP =  6.56E+10
   7) H       + HO2     = H2      + O2           7.946E+09
  29) H       + HCO     = H2      + CO           2.984E+05
  38) H2CO    + H       = H2      + HCO          3.039E+05
  39) H       + H       = H2      +              1.483E+07
  52) CH4     + O1D     = H2CO    + H2           7.716E+07
  87) H       + HNO     = H2      + NO           9.756E+01
 101) C2H5    + OH      = CH3     + HCO     H2   7.471E+00
 121) H2S     + H       = H2      + HS           2.174E+01
 128) HS      + H       = H2      + S            6.301E+00
 167) HSO     + H       = H2      + SO           1.406E+02
 228) H       + HCS     = H2      + CS           2.628E-06
 262) H2O     + HV      = H2      + O1D          7.059E+09
 270) H2CO    + HV      = H2      + CO           5.011E+10
 273) CH4     + HV      = CH21    + H2           8.543E+07
 277) C2H6    + HV      = CH23    + CH23    H2   7.712E-01

H2                     LOSS RXS                INT RX RATE    TL =  1.41E+11
   2) H2      + O1D     = OH      + H            6.944E+08
   3) H2      + O       = OH      + H            2.496E+08
   4) H2      + OH      = H2O     + H            1.400E+11
  92) CH21    + H2      = CH3     + H            3.740E+03

CO                  PRODUCTION RXS              INT RX RATE    TP =  3.89E+11
  29) H       + HCO     = H2      + CO           2.984E+05
  30) HCO     + HCO     = H2CO    + CO           7.320E-03
  31) OH      + HCO     = H2O     + CO           5.203E+04
  33) O       + HCO     = OH      + CO           5.027E+06
  36) CO2     + H       = CO      + OH           1.531E-05
  40) HCO     + O2      = HO2     + CO           1.499E+11
  63) CH3     + HCO     = CH4     + CO           4.065E-01
  85) HCO     + NO      = HNO     + CO           1.004E+04
  93) CH21    + CO2     = H2CO    + CO           3.531E+03
  95) CH23    + CO2     = H2CO    + CO           5.616E+05
 102) C2H5    + HCO     = C2H6    + CO           2.467E-05
 127) HS      + HCO     = H2S     + CO           2.340E-01
 132) S       + HCO     = HS      + CO           1.010E-05
 162) SO      + HCO     = HSO     + CO           2.434E+00
 172) H       + OCS     = CO      + HS           4.487E+03
 174) O       + OCS     = CO      + SO           2.014E+07
 176) OCS     + S       = CO      + S2           6.669E+01
 180) CO      + O1D     = CO      + O            5.990E+07
 214) CS      + O2      = CO      + SO           9.298E+03
 217) CS      + O3      = CO      + SO2          6.578E+06
 237) CS2     + O       = CO      + S2           2.776E+04
 239) OCS     + H       = CO      + HS           4.473E+03
 241) CS      + O       = CO      + S            1.439E+02
 268) CO2     + HV      = CO      + O            7.172E+10
 269) CO2     + HV      = CO      + O1D          1.160E+11
 270) H2CO    + HV      = H2      + CO           5.011E+10
 300) OCS     + HV      = CO      + S            1.038E+09

CO                     LOSS RXS                INT RX RATE    TL =  3.76E+11
  28) H       + CO      = HCO     +              3.300E+07
  34) CO      + OH      = CO2     + H            3.763E+11
  35) CO      + O       = CO2     +              6.135E+07
 173) HS      + CO      = OCS     + H            3.187E-05
 179) S       + CO      = OCS     +              2.731E+00
 180) CO      + O1D     = CO      + O            5.990E+07
 188) OCS2    + CO      = OCS     + OCS          5.675E+01
 230) HS      + CO      = OCS     + H            3.226E-05

HCO                 PRODUCTION RXS              INT RX RATE    TP =  1.50E+11
  28) H       + CO      = HCO     +              3.300E+07
  38) H2CO    + H       = H2      + HCO          3.039E+05
  43) H2CO    + OH      = H2O     + HCO          1.014E+11
  46) H2CO    + O       = HCO     + OH           4.823E+08
  54) CH21    + O2      = HCO     + OH           7.927E+04
  58) CH23    + O2      = HCO     + OH           1.013E+08
  65) CH3     + H2CO    = CH4     + HCO          6.284E-02
  94) CH23    + O       = HCO     + H            9.351E+03
 100) C2H5    + O       = CH3     + HCO     H    3.779E+01
 101) C2H5    + OH      = CH3     + HCO     H2   7.471E+00
 104) C2H5    + O2      = CH3     + HCO     OH   9.000E+08
 271) H2CO    + HV      = HCO     + H            4.702E+10

HCO                    LOSS RXS                INT RX RATE    TL =  1.50E+11
  29) H       + HCO     = H2      + CO           2.984E+05
  30) HCO     + HCO     = H2CO    + CO           7.320E-03
  31) OH      + HCO     = H2O     + CO           5.203E+04
  32) O       + HCO     = H       + CO2          5.027E+06
  33) O       + HCO     = OH      + CO           5.027E+06
  40) HCO     + O2      = HO2     + CO           1.499E+11
  63) CH3     + HCO     = CH4     + CO           4.065E-01
  85) HCO     + NO      = HNO     + CO           1.004E+04
 102) C2H5    + HCO     = C2H6    + CO           2.467E-05
 127) HS      + HCO     = H2S     + CO           2.340E-01
 132) S       + HCO     = HS      + CO           1.010E-05
 162) SO      + HCO     = HSO     + CO           2.434E+00

H2CO                PRODUCTION RXS              INT RX RATE    TP =  2.01E+11
  30) HCO     + HCO     = H2CO    + CO           7.320E-03
  41) CH2OH   + O2      = H2CO    + HO2          1.543E+08
  42) CH3O    + O2      = H2CO    + HO2          9.068E+10
  52) CH4     + O1D     = H2CO    + H2           7.716E+07
  59) CH3     + O2      = H2CO    + OH           8.525E+03
  60) CH3     + O       = H2CO    + H            2.171E+07
  70) CH3OOH  + OH      = H2O     + H2CO    OH   1.079E+11
  93) CH21    + CO2     = H2CO    + CO           3.531E+03
  95) CH23    + CO2     = H2CO    + CO           5.616E+05
 247) C2H5SO  + HV      = H2CO    + CH3S         2.463E+09

H2CO                   LOSS RXS                INT RX RATE    TL =  2.01E+11
  38) H2CO    + H       = H2      + HCO          3.039E+05
  43) H2CO    + OH      = H2O     + HCO          1.014E+11
  46) H2CO    + O       = HCO     + OH           4.823E+08
  65) CH3     + H2CO    = CH4     + HCO          6.284E-02
 270) H2CO    + HV      = H2      + CO           5.011E+10
 271) H2CO    + HV      = HCO     + H            4.702E+10

CH3O                PRODUCTION RXS              INT RX RATE    TP =  9.07E+10
  50) CH4     + O1D     = CH3O    + H            1.543E+08
  67) CH3O2   + NO      = CH3O    + NO2          5.336E+10
 308) CH3OOH  + HV      = CH3O    + OH           3.716E+10

CH3O                   LOSS RXS                INT RX RATE    TL =  9.07E+10
  42) CH3O    + O2      = H2CO    + HO2          9.068E+10

CH2OH               PRODUCTION RXS              INT RX RATE    TP =  1.54E+08
  51) CH4     + O1D     = CH2OH   + H            1.543E+08

CH2OH                  LOSS RXS                INT RX RATE    TL =  1.54E+08
  41) CH2OH   + O2      = H2CO    + HO2          1.543E+08

CH3O2               PRODUCTION RXS              INT RX RATE    TP =  4.51E+11
  66) CH3     + O2      = CH3O2   +              1.996E+11
  69) CH3OOH  + OH      = CH3O2   + H2O          2.519E+11

CH3O2                  LOSS RXS                INT RX RATE    TL =  4.51E+11
  67) CH3O2   + NO      = CH3O    + NO2          5.336E+10
  68) CH3O2   + HO2     = CH3OOH  + O2           3.981E+11

CH3OOH              PRODUCTION RXS              INT RX RATE    TP =  3.98E+11
  68) CH3O2   + HO2     = CH3OOH  + O2           3.981E+11

CH3OOH                 LOSS RXS                INT RX RATE    TL =  3.98E+11
  69) CH3OOH  + OH      = CH3O2   + H2O          2.519E+11
  70) CH3OOH  + OH      = H2O     + H2CO    OH   1.079E+11
 308) CH3OOH  + HV      = CH3O    + OH           3.716E+10

CH4                 PRODUCTION RXS              INT RX RATE    TP =  8.49E+04
  62) CH3     + H       = CH4     +              8.486E+04
  63) CH3     + HCO     = CH4     + CO           4.065E-01
  64) CH3     + HNO     = CH4     + NO           2.207E-02
  65) CH3     + H2CO    = CH4     + HCO          6.284E-02
 233) CH3     + HCS     = CH4     + CS           3.996E-07
 278) C2H6    + HV      = CH4     + CH21         1.928E-01

CH4                    LOSS RXS                INT RX RATE    TL =  1.95E+11
  48) CH4     + OH      = CH3     + H2O          1.933E+11
  49) CH4     + O1D     = CH3     + OH           1.146E+09
  50) CH4     + O1D     = CH3O    + H            1.543E+08
  51) CH4     + O1D     = CH2OH   + H            1.543E+08
  52) CH4     + O1D     = H2CO    + H2           7.716E+07
  53) CH21    + CH4     = CH3     + CH3          8.494E-09
  91) CH4     + O       = CH3     + OH           5.573E+07
 273) CH4     + HV      = CH21    + H2           8.543E+07
 274) CH4     + HV      = CH3     + H            9.309E+07
 275) CH4     + HV      = CH23    + H       H    1.641E+07

CH3                 PRODUCTION RXS              INT RX RATE    TP =  2.00E+11
  48) CH4     + OH      = CH3     + H2O          1.933E+11
  49) CH4     + O1D     = CH3     + OH           1.146E+09
  53) CH21    + CH4     = CH3     + CH3          8.494E-09
  91) CH4     + O       = CH3     + OH           5.573E+07
  92) CH21    + H2      = CH3     + H            3.740E+03
  99) C2H5    + H       = CH3     + CH3          3.781E-03
 100) C2H5    + O       = CH3     + HCO     H    3.779E+01
 101) C2H5    + OH      = CH3     + HCO     H2   7.471E+00
 104) C2H5    + O2      = CH3     + HCO     OH   9.000E+08
 254) CH3SO2  + HV      = CH3     + SO2          3.292E+09
 255) CH3SO3  + HV      = CH3     + SO3          7.100E+06
 257) C2H6SO  + OH      = CH4SO2  + CH3          8.359E+08
 274) CH4     + HV      = CH3     + H            9.309E+07

CH3                    LOSS RXS                INT RX RATE    TL =  2.00E+11
  59) CH3     + O2      = H2CO    + OH           8.525E+03
  60) CH3     + O       = H2CO    + H            2.171E+07
  61) CH3     + CH3     = C2H6    +              2.769E+01
  62) CH3     + H       = CH4     +              8.486E+04
  63) CH3     + HCO     = CH4     + CO           4.065E-01
  64) CH3     + HNO     = CH4     + NO           2.207E-02
  65) CH3     + H2CO    = CH4     + HCO          6.284E-02
  66) CH3     + O2      = CH3O2   +              1.996E+11
 233) CH3     + HCS     = CH4     + CS           3.996E-07
 276) CH3     + HV      = CH21    + H            8.058E+04

C2H6                PRODUCTION RXS              INT RX RATE    TP =  2.77E+01
  61) CH3     + CH3     = C2H6    +              2.769E+01
 102) C2H5    + HCO     = C2H6    + CO           2.467E-05
 103) C2H5    + HNO     = C2H6    + NO           5.881E-06

C2H6                   LOSS RXS                INT RX RATE    TL =  9.00E+08
  96) C2H6    + OH      = C2H5    + H2O          8.998E+08
  97) C2H6    + O       = C2H5    + OH           1.462E+05
  98) C2H6    + O1D     = C2H5    + OH           8.985E+04
 277) C2H6    + HV      = CH23    + CH23    H2   7.712E-01
 278) C2H6    + HV      = CH4     + CH21         1.928E-01

NO                  PRODUCTION RXS              INT RX RATE    TP =  4.74E+11
  64) CH3     + HNO     = CH4     + NO           2.207E-02
  73) N       + O2      = NO      + O            4.299E+06
  75) N       + OH      = NO      + H            1.510E+07
  81) NO2     + O       = NO      + O2           7.717E+10
  83) NO2     + H       = NO      + OH           1.129E+07
  86) HNO     + HV      = NO      + H            6.607E+06
  87) H       + HNO     = H2      + NO           9.756E+01
  88) O       + HNO     = OH      + NO           3.609E+05
  89) OH      + HNO     = H2O     + NO           8.732E+05
 103) C2H5    + HNO     = C2H6    + NO           5.881E-06
 152) SO      + NO2     = SO2     + NO           6.486E+07
 157) HS      + NO2     = HSO     + NO           2.765E+06
 198) O1D     + N2O     = NO      + NO           1.346E+08
 199) N       + HO2     = NO      + OH           6.425E+06
 204) NO2     + NO3     = NO      + NO2     O2   1.152E+03
 249) CH3S    + NO2     = CH3SO   + NO           9.769E+06
 251) CH3SO   + NO2     = CH3SO2  + NO           3.212E+07
 253) CH3SO2  + NO2     = CH3SO3  + NO           1.585E+04
 279) HNO2    + HV      = NO      + OH           9.076E+09
 284) NO2     + HV      = NO      + O1D          2.214E+08
 285) NO2     + HV      = NO      + O            3.857E+11
 301) NO3     + HV      = NO      + O2           1.124E+09
 307) N2O5    + HV      = NO3     + NO      O    3.991E+06

NO                     LOSS RXS                INT RX RATE    TL =  4.74E+11
  67) CH3O2   + NO      = CH3O    + NO2          5.336E+10
  71) H       + NO      = HNO     +              6.236E+04
  76) N       + NO      = N2      + O            5.170E+07
  77) NO      + O3      = NO2     + O2           3.074E+11
  78) NO      + O       = NO2     +              8.360E+09
  79) NO      + HO2     = NO2     + OH           9.285E+10
  80) NO      + OH      = HNO2    +              8.629E+09
  85) HCO     + NO      = HNO     + CO           1.004E+04
 164) HSO     + NO      = HNO     + SO           7.775E+06
 191) NO      + NO3     = NO2     + NO2          6.684E+08
 246) C2H5SO2 + NO      = C2H5SO  + NO2          2.463E+09
 283) NO      + HV      = N       + O            8.465E+07

NO2                 PRODUCTION RXS              INT RX RATE    TP =  4.90E+11
  67) CH3O2   + NO      = CH3O    + NO2          5.336E+10
  77) NO      + O3      = NO2     + O2           3.074E+11
  78) NO      + O       = NO2     +              8.360E+09
  79) NO      + HO2     = NO2     + OH           9.285E+10
  90) HNO2    + OH      = H2O     + NO2          4.980E+08
 189) O       + NO3     = O2      + NO2          1.236E+08
 190) HO2     + NO3     = OH      + NO2     O2   2.318E+07
 191) NO      + NO3     = NO2     + NO2          6.684E+08
 193) OH      + NO3     = HO2     + NO2          3.236E+07
 200) O       + N2O5    = NO2     + NO2     O2   2.666E+03
 202) N2O5    + M       = NO3     + NO2          2.574E+05
 204) NO2     + NO3     = NO      + NO2     O2   1.152E+03
 206) NO3     + NO3     = NO2     + NO2     O2   1.214E-01
 208) O       + HO2NO2  = OH      + NO2     O2   3.242E+04
 209) OH      + HO2NO2  = H2O     + NO2     O2   4.264E+09
 210) HO2NO2  + M       = HO2     + NO2          5.054E+09
 246) C2H5SO2 + NO      = C2H5SO  + NO2          2.463E+09
 280) HNO3    + HV      = NO2     + OH           4.165E+09
 302) NO3     + HV      = NO2     + O            8.258E+09
 304) HO2NO2  + HV      = HO2     + NO2          1.718E+09
 306) N2O5    + HV      = NO3     + NO2          7.116E+06

NO2                    LOSS RXS                INT RX RATE    TL =  4.90E+11
  81) NO2     + O       = NO      + O2           7.717E+10
  82) NO2     + OH      = HNO3    +              7.184E+09
  83) NO2     + H       = NO      + OH           1.129E+07
 152) SO      + NO2     = SO2     + NO           6.486E+07
 157) HS      + NO2     = HSO     + NO           2.765E+06
 192) O       + NO2     = NO3     +              7.763E+09
 195) N       + NO2     = N2O     + O            7.121E+06
 201) NO2     + NO3     = N2O5    +              1.138E+07
 204) NO2     + NO3     = NO      + NO2     O2   1.152E+03
 205) NO2     + O3      = NO3     + O2           1.432E+08
 207) HO2     + NO2     = HO2NO2  +              1.152E+10
 212) HO2     + NO2     = HNO2    + O2           4.566E+06
 249) CH3S    + NO2     = CH3SO   + NO           9.769E+06
 251) CH3SO   + NO2     = CH3SO2  + NO           3.212E+07
 253) CH3SO2  + NO2     = CH3SO3  + NO           1.585E+04
 284) NO2     + HV      = NO      + O1D          2.214E+08
 285) NO2     + HV      = NO      + O            3.857E+11

HNO                 PRODUCTION RXS              INT RX RATE    TP =  7.85E+06
  71) H       + NO      = HNO     +              6.236E+04
  85) HCO     + NO      = HNO     + CO           1.004E+04
 164) HSO     + NO      = HNO     + SO           7.775E+06

HNO                    LOSS RXS                INT RX RATE    TL =  7.84E+06
  64) CH3     + HNO     = CH4     + NO           2.207E-02
  86) HNO     + HV      = NO      + H            6.607E+06
  87) H       + HNO     = H2      + NO           9.756E+01
  88) O       + HNO     = OH      + NO           3.609E+05
  89) OH      + HNO     = H2O     + NO           8.732E+05
 103) C2H5    + HNO     = C2H6    + NO           5.881E-06

H2S                 PRODUCTION RXS              INT RX RATE    TP =  3.62E+06
 125) HS      + HO2     = H2S     + O2           3.620E+06
 126) HS      + HS      = H2S     + S            9.140E+01
 127) HS      + HCO     = H2S     + CO           2.340E-01
 168) HSO     + HS      = H2S     + SO           2.114E+02
 235) HS      + HCS     = H2S     + CS           6.967E-06

H2S                    LOSS RXS                INT RX RATE    TL =  3.61E+06
 120) H2S     + OH      = H2O     + HS           3.040E+06
 121) H2S     + H       = H2      + HS           2.174E+01
 122) H2S     + O       = OH      + HS           1.257E+03
 287) H2S     + HV      = HS      + H            5.652E+05

HS                  PRODUCTION RXS              INT RX RATE    TP =  7.26E+08
 120) H2S     + OH      = H2O     + HS           3.040E+06
 121) H2S     + H       = H2      + HS           2.174E+01
 122) H2S     + O       = OH      + HS           1.257E+03
 132) S       + HCO     = HS      + CO           1.010E-05
 133) S       + HO2     = HS      + O2           1.314E+02
 166) HSO     + H       = HS      + OH           2.812E+02
 170) HSO     + O3      = HS      + O2      O2   7.044E+08
 171) HSO     + S       = HS      + SO           8.122E-02
 172) H       + OCS     = CO      + HS           4.487E+03
 177) OCS     + OH      = CO2     + HS           1.787E+07
 220) CS2     + OH      = OCS     + HS           1.171E+04
 231) CH21    + S2      = HCS     + HS           7.160E-15
 232) CH23    + S2      = HCS     + HS           4.223E-12
 236) S       + HCS     = HS      + CS           4.073E-10
 239) OCS     + H       = CO      + HS           4.473E+03
 287) H2S     + HV      = HS      + H            5.652E+05
 299) HSO     + HV      = HS      + O            4.310E+05

HS                     LOSS RXS                INT RX RATE    TL =  7.26E+08
 123) HS      + O       = H       + SO           2.846E+05
 125) HS      + HO2     = H2S     + O2           3.620E+06
 126) HS      + HS      = H2S     + S            9.140E+01
 127) HS      + HCO     = H2S     + CO           2.340E-01
 128) HS      + H       = H2      + S            6.301E+00
 129) HS      + S       = H       + S2           1.796E-03
 155) HS      + O3      = HSO     + O2           7.161E+08
 156) HS      + HO2     = HSO     + OH           3.620E+06
 157) HS      + NO2     = HSO     + NO           2.765E+06
 168) HSO     + HS      = H2S     + SO           2.114E+02
 173) HS      + CO      = OCS     + H            3.187E-05
 226) CS      + HS      = CS2     + H            3.261E-02
 230) HS      + CO      = OCS     + H            3.226E-05
 235) HS      + HCS     = H2S     + CS           6.967E-06

S                   PRODUCTION RXS              INT RX RATE    TP =  1.06E+09
 126) HS      + HS      = H2S     + S            9.140E+01
 128) HS      + H       = H2      + S            6.301E+00
 136) S2      + O       = S       + SO           6.943E+02
 159) SO      + SO      = SO2     + S            7.554E+00
 175) O       + OCS     = S       + CO2          2.373E+02
 219) CS2     + O       = OCS     + S            1.434E+05
 241) CS      + O       = CO      + S            1.439E+02
 286) SO      + HV      = S       + O            3.057E+06
 292) S2      + HV      = S       + S            2.714E+04
 294) S3      + HV      = S2      + S            2.618E-05
 300) OCS     + HV      = CO      + S            1.038E+09
 309) CS2     + HV      = CS      + S            1.829E+07

S                      LOSS RXS                INT RX RATE    TL =  1.06E+09
 129) HS      + S       = H       + S2           1.796E-03
 130) S       + O2      = SO      + O            1.058E+09
 131) S       + OH      = SO      + H            6.920E+01
 132) S       + HCO     = HS      + CO           1.010E-05
 133) S       + HO2     = HS      + O2           1.314E+02
 134) S       + HO2     = SO      + OH           1.314E+02
 135) S       + S       = S2      +              1.963E-10
 139) S       + S2      = S3      +              2.618E-05
 141) S       + S3      = S4      +              6.400E-18
 158) S       + O3      = SO      + O2           9.541E+05
 171) HSO     + S       = HS      + SO           8.122E-02
 176) OCS     + S       = CO      + S2           6.669E+01
 179) S       + CO      = OCS     +              2.731E+00
 184) OCS     + S       = OCS2    +              5.675E+01
 185) OCS2    + S       = OCS     + S2           1.512E-10
 229) S       + HCS     = H       + CS2          8.147E-10
 234) CH23    + S       = HCS     + H            4.170E-11
 236) S       + HCS     = HS      + CS           4.073E-10
 240) CS2     + S       = CS      + S2           4.621E-04

SO                  PRODUCTION RXS              INT RX RATE    TP =  5.57E+09
 106) SO2     + O1D     = SO      + O2           8.976E+03
 123) HS      + O       = H       + SO           2.846E+05
 130) S       + O2      = SO      + O            1.058E+09
 131) S       + OH      = SO      + H            6.920E+01
 134) S       + HO2     = SO      + OH           1.314E+02
 136) S2      + O       = S       + SO           6.943E+02
 148) SO21    + SO2     = SO3     + SO           4.218E+00
 151) SO23    + SO2     = SO3     + SO           5.042E-01
 158) S       + O3      = SO      + O2           9.541E+05
 164) HSO     + NO      = HNO     + SO           7.775E+06
 165) HSO     + OH      = H2O     + SO           8.561E+06
 167) HSO     + H       = H2      + SO           1.406E+02
 168) HSO     + HS      = H2S     + SO           2.114E+02
 169) HSO     + O       = OH      + SO           1.018E+06
 171) HSO     + S       = HS      + SO           8.122E-02
 174) O       + OCS     = CO      + SO           2.014E+07
 214) CS      + O2      = CO      + SO           9.298E+03
 216) CS      + O3      = SO      + CO2          6.578E+06
 218) CS2     + O       = SO      + CS           1.530E+06
 288) SO2     + HV      = SO      + O            4.464E+09

SO                     LOSS RXS                INT RX RATE    TL =  5.57E+09
 107) SO      + O2      = O       + SO2          3.970E+09
 108) SO      + HO2     = SO2     + OH           2.752E+08
 109) SO      + O       = SO2     +              6.215E+06
 110) SO      + OH      = SO2     + H            6.311E+07
 152) SO      + NO2     = SO2     + NO           6.486E+07
 153) SO      + O3      = SO2     + O2           1.187E+09
 159) SO      + SO      = SO2     + S            7.554E+00
 160) SO3     + SO      = SO2     + SO2          7.464E-03
 162) SO      + HCO     = HSO     + CO           2.434E+00
 163) H       + SO      = HSO     +              1.686E+01
 238) CS2     + SO      = OCS     + S2           3.399E+00
 286) SO      + HV      = S       + O            3.057E+06

SO2                 PRODUCTION RXS              INT RX RATE    TP =  1.64E+11
 105) SO2     + O1D     = SO2     + O            2.798E+03
 107) SO      + O2      = O       + SO2          3.970E+09
 108) SO      + HO2     = SO2     + OH           2.752E+08
 109) SO      + O       = SO2     +              6.215E+06
 110) SO      + OH      = SO2     + H            6.311E+07
 115) SO3     + O       = SO2     + O2           1.448E-01
 144) SO21    + M       = SO2     + M            1.407E+11
 146) SO21    + HV      = SO2     + HV           1.787E+07
 149) SO23    + M       = SO2     + M            1.441E+10
 150) SO23    + HV      = SO2     + HV           6.088E+06
 152) SO      + NO2     = SO2     + NO           6.486E+07
 153) SO      + O3      = SO2     + O2           1.187E+09
 159) SO      + SO      = SO2     + S            7.554E+00
 160) SO3     + SO      = SO2     + SO2          7.464E-03
 217) CS      + O3      = CO      + SO2          6.578E+06
 224) CS2X    + O2      = CS      + SO2          1.300E+03
 254) CH3SO2  + HV      = CH3     + SO2          3.292E+09
 298) SO3     + HV      = SO2     + O            4.756E+02

SO2                    LOSS RXS                INT RX RATE    TL =  1.63E+11
 105) SO2     + O1D     = SO2     + O            2.798E+03
 106) SO2     + O1D     = SO      + O2           8.976E+03
 111) SO2     + OH      = HSO3    +              3.076E+09
 112) SO2     + O       = SO3     +              7.519E+06
 148) SO21    + SO2     = SO3     + SO           4.218E+00
 151) SO23    + SO2     = SO3     + SO           5.042E-01
 154) SO2     + HO2     = SO3     + OH           1.953E+05
 288) SO2     + HV      = SO      + O            4.464E+09
 289) SO2     + HV      = SO21    +              1.548E+11
 290) SO2     + HV      = SO23    +              3.359E+08

H2SO4               PRODUCTION RXS              INT RX RATE    TP =  1.52E+10
 113) SO3     + H2O     = H2SO4   +              1.521E+10

H2SO4                  LOSS RXS                INT RX RATE    TL =  1.50E+10
 114) H2SO4   + H2O     = SO3     + H2O     H2O  1.212E+10
 291) H2SO4   + HV      = SO3     + H2O          4.065E+06

HSO                 PRODUCTION RXS              INT RX RATE    TP =  7.22E+08
 155) HS      + O3      = HSO     + O2           7.161E+08
 156) HS      + HO2     = HSO     + OH           3.620E+06
 157) HS      + NO2     = HSO     + NO           2.765E+06
 162) SO      + HCO     = HSO     + CO           2.434E+00
 163) H       + SO      = HSO     +              1.686E+01

HSO                    LOSS RXS                INT RX RATE    TL =  7.22E+08
 164) HSO     + NO      = HNO     + SO           7.775E+06
 165) HSO     + OH      = H2O     + SO           8.561E+06
 166) HSO     + H       = HS      + OH           2.812E+02
 167) HSO     + H       = H2      + SO           1.406E+02
 168) HSO     + HS      = H2S     + SO           2.114E+02
 169) HSO     + O       = OH      + SO           1.018E+06
 170) HSO     + O3      = HS      + O2      O2   7.044E+08
 171) HSO     + S       = HS      + SO           8.122E-02
 299) HSO     + HV      = HS      + O            4.310E+05

S2                  PRODUCTION RXS              INT RX RATE    TP =  2.78E+04
 129) HS      + S       = H       + S2           1.796E-03
 135) S       + S       = S2      +              1.963E-10
 176) OCS     + S       = CO      + S2           6.669E+01
 185) OCS2    + S       = OCS     + S2           1.512E-10
 225) CS2X    + CS2     = CS      + CS      S2   3.389E-06
 237) CS2     + O       = CO      + S2           2.776E+04
 238) CS2     + SO      = OCS     + S2           3.399E+00
 240) CS2     + S       = CS      + S2           4.621E-04
 293) S4      + HV      = S2      + S2           1.279E+00
 294) S3      + HV      = S2      + S            2.618E-05

S2                     LOSS RXS                INT RX RATE    TL =  2.78E+04
 136) S2      + O       = S       + SO           6.943E+02
 139) S       + S2      = S3      +              2.618E-05
 140) S2      + S2      = S4      +              1.279E+00
 231) CH21    + S2      = HCS     + HS           7.160E-15
 232) CH23    + S2      = HCS     + HS           4.223E-12
 292) S2      + HV      = S       + S            2.714E+04

S4                  PRODUCTION RXS              INT RX RATE    TP =  1.28E+00
 140) S2      + S2      = S4      +              1.279E+00
 141) S       + S3      = S4      +              6.400E-18
 297) S8      + HV      = S4      + S4           7.776E-15

S4                     LOSS RXS                INT RX RATE    TL =  1.28E+00
 142) S4      + S4      = S8      +              7.776E-15
 293) S4      + HV      = S2      + S2           1.279E+00

S8                  PRODUCTION RXS              INT RX RATE    TP =  7.78E-15
 142) S4      + S4      = S8      +              7.776E-15

S8                     LOSS RXS                INT RX RATE    TL =  7.78E-15
 297) S8      + HV      = S4      + S4           7.776E-15

SO3                 PRODUCTION RXS              INT RX RATE    TP =  1.52E+10
 112) SO2     + O       = SO3     +              7.519E+06
 114) H2SO4   + H2O     = SO3     + H2O     H2O  1.212E+10
 116) HSO3    + O2      = HO2     + SO3          3.076E+09
 147) SO21    + O2      = SO3     + O            2.994E+02
 148) SO21    + SO2     = SO3     + SO           4.218E+00
 151) SO23    + SO2     = SO3     + SO           5.042E-01
 154) SO2     + HO2     = SO3     + OH           1.953E+05
 255) CH3SO3  + HV      = CH3     + SO3          7.100E+06
 291) H2SO4   + HV      = SO3     + H2O          4.065E+06

SO3                    LOSS RXS                INT RX RATE    TL =  1.52E+10
 113) SO3     + H2O     = H2SO4   +              1.521E+10
 115) SO3     + O       = SO2     + O2           1.448E-01
 160) SO3     + SO      = SO2     + SO2          7.464E-03
 298) SO3     + HV      = SO2     + O            4.756E+02

OCS                 PRODUCTION RXS              INT RX RATE    TP =  6.81E+06
 173) HS      + CO      = OCS     + H            3.187E-05
 179) S       + CO      = OCS     +              2.731E+00
 185) OCS2    + S       = OCS     + S2           1.512E-10
 188) OCS2    + CO      = OCS     + OCS          5.675E+01
 213) CS      + O2      = OCS     + O            7.438E+04
 215) CS      + O3      = OCS     + O2           6.578E+06
 219) CS2     + O       = OCS     + S            1.434E+05
 220) CS2     + OH      = OCS     + HS           1.171E+04
 230) HS      + CO      = OCS     + H            3.226E-05
 238) CS2     + SO      = OCS     + S2           3.399E+00

OCS                    LOSS RXS                INT RX RATE    TL =  1.08E+09
 172) H       + OCS     = CO      + HS           4.487E+03
 174) O       + OCS     = CO      + SO           2.014E+07
 175) O       + OCS     = S       + CO2          2.373E+02
 176) OCS     + S       = CO      + S2           6.669E+01
 177) OCS     + OH      = CO2     + HS           1.787E+07
 184) OCS     + S       = OCS2    +              5.675E+01
 239) OCS     + H       = CO      + HS           4.473E+03
 300) OCS     + HV      = CO      + S            1.038E+09

S3                  PRODUCTION RXS              INT RX RATE    TP =  2.62E-05
 139) S       + S2      = S3      +              2.618E-05

S3                     LOSS RXS                INT RX RATE    TL =  2.62E-05
 141) S       + S3      = S4      +              6.400E-18
 294) S3      + HV      = S2      + S            2.618E-05

O3                  PRODUCTION RXS              INT RX RATE    TP =  5.81E+14
  18) O       + O2      = O3      +              5.809E+14

O3                     LOSS RXS                INT RX RATE    TL =  5.81E+14
   5) H       + O3      = OH      + O2           1.634E+11
  12) OH      + O3      = HO2     + O2           2.234E+11
  15) HO2     + O3      = OH      + O2      O2   1.106E+11
  19) O       + O3      = O2      + O2           2.971E+10
  20) O1D     + O3      = O2      + O2           2.021E+08
  21) O1D     + O3      = O       + O       O2   2.021E+08
  26) O3      + HV      = O2      + O            9.885E-11
  27) O3      + O3      = O2      + O2      O2   1.174E+02
  77) NO      + O3      = NO2     + O2           3.074E+11
 153) SO      + O3      = SO2     + O2           1.187E+09
 155) HS      + O3      = HSO     + O2           7.161E+08
 158) S       + O3      = SO      + O2           9.541E+05
 170) HSO     + O3      = HS      + O2      O2   7.044E+08
 205) NO2     + O3      = NO3     + O2           1.432E+08
 215) CS      + O3      = OCS     + O2           6.578E+06
 216) CS      + O3      = SO      + CO2          6.578E+06
 217) CS      + O3      = CO      + SO2          6.578E+06
 248) CH3S    + O3      = CH3SO   + O2           2.453E+09
 250) CH3SO   + O3      = CH3SO2  + O2           2.431E+09
 252) CH3SO2  + O3      = CH3SO3  + O2           7.084E+06
 264) O3      + HV      = O2      + O1D          3.563E+14
 265) O3      + HV      = O2      + O            2.236E+14
 266) O3      + HV      = O       + O       O    2.072E+11

HNO3                PRODUCTION RXS              INT RX RATE    TP =  7.18E+09
  82) NO2     + OH      = HNO3    +              7.184E+09
 203) N2O5    + H2O     = HNO3    + HNO3         1.256E+04
 244) C2H6S   + NO3     = C2H5S   + HNO3         3.638E+05

HNO3                   LOSS RXS                INT RX RATE    TL =  7.15E+09
  84) HNO3    + OH      = H2O     + NO3          1.851E+09
 211) O       + HNO3    = OH      + NO3          4.065E+05
 280) HNO3    + HV      = NO2     + OH           4.165E+09
 281) HNO3    + HV      = HNO2    + O            5.476E+08
 282) HNO3    + HV      = HNO2    + O1D          3.932E+08

N                   PRODUCTION RXS              INT RX RATE    TP =  8.46E+07
 283) NO      + HV      = N       + O            8.465E+07

N                      LOSS RXS                INT RX RATE    TL =  8.46E+07
  72) N       + N       = N2      +              4.605E+00
  73) N       + O2      = NO      + O            4.299E+06
  75) N       + OH      = NO      + H            1.510E+07
  76) N       + NO      = N2      + O            5.170E+07
 195) N       + NO2     = N2O     + O            7.121E+06
 199) N       + HO2     = NO      + OH           6.425E+06

NO3                 PRODUCTION RXS              INT RX RATE    TP =  1.02E+10
  84) HNO3    + OH      = H2O     + NO3          1.851E+09
 192) O       + NO2     = NO3     +              7.763E+09
 202) N2O5    + M       = NO3     + NO2          2.574E+05
 205) NO2     + O3      = NO3     + O2           1.432E+08
 211) O       + HNO3    = OH      + NO3          4.065E+05
 305) HO2NO2  + HV      = OH      + NO3          4.715E+08
 306) N2O5    + HV      = NO3     + NO2          7.116E+06
 307) N2O5    + HV      = NO3     + NO      O    3.991E+06

NO3                    LOSS RXS                INT RX RATE    TL =  1.02E+10
 189) O       + NO3     = O2      + NO2          1.236E+08
 190) HO2     + NO3     = OH      + NO2     O2   2.318E+07
 191) NO      + NO3     = NO2     + NO2          6.684E+08
 193) OH      + NO3     = HO2     + NO2          3.236E+07
 201) NO2     + NO3     = N2O5    +              1.138E+07
 204) NO2     + NO3     = NO      + NO2     O2   1.152E+03
 206) NO3     + NO3     = NO2     + NO2     O2   1.214E-01
 244) C2H6S   + NO3     = C2H5S   + HNO3         3.638E+05
 301) NO3     + HV      = NO      + O2           1.124E+09
 302) NO3     + HV      = NO2     + O            8.258E+09

N2O                 PRODUCTION RXS              INT RX RATE    TP =  7.12E+06
 195) N       + NO2     = N2O     + O            7.121E+06

N2O                    LOSS RXS                INT RX RATE    TL =  1.39E+11
 194) H       + N2O     = N2      + OH           9.371E-02
 197) O1D     + N2O     = N2      + O2           8.605E+07
 198) O1D     + N2O     = NO      + NO           1.346E+08
 303) N2O     + HV      = N2      + O1D          1.388E+11

HO2NO2              PRODUCTION RXS              INT RX RATE    TP =  1.15E+10
 207) HO2     + NO2     = HO2NO2  +              1.152E+10

HO2NO2                 LOSS RXS                INT RX RATE    TL =  1.15E+10
 208) O       + HO2NO2  = OH      + NO2     O2   3.242E+04
 209) OH      + HO2NO2  = H2O     + NO2     O2   4.264E+09
 210) HO2NO2  + M       = HO2     + NO2          5.054E+09
 304) HO2NO2  + HV      = HO2     + NO2          1.718E+09
 305) HO2NO2  + HV      = OH      + NO3          4.715E+08

N2O5                PRODUCTION RXS              INT RX RATE    TP =  1.14E+07
 201) NO2     + NO3     = N2O5    +              1.138E+07

N2O5                   LOSS RXS                INT RX RATE    TL =  1.14E+07
 200) O       + N2O5    = NO2     + NO2     O2   2.666E+03
 202) N2O5    + M       = NO3     + NO2          2.574E+05
 203) N2O5    + H2O     = HNO3    + HNO3         1.256E+04
 306) N2O5    + HV      = NO3     + NO2          7.116E+06
 307) N2O5    + HV      = NO3     + NO      O    3.991E+06

NH                  PRODUCTION RXS              INT RX RATE    TP =  0.00E+00

NH                     LOSS RXS                INT RX RATE    TL =  0.00E+00

NH2                 PRODUCTION RXS              INT RX RATE    TP =  0.00E+00

NH2                    LOSS RXS                INT RX RATE    TL =  0.00E+00

NH3                 PRODUCTION RXS              INT RX RATE    TP =  0.00E+00

NH3                    LOSS RXS                INT RX RATE    TL =  1.50E+10

CO2                 PRODUCTION RXS              INT RX RATE    TP =  8.40E+11
  32) O       + HCO     = H       + CO2          5.027E+06
  34) CO      + OH      = CO2     + H            3.763E+11
  35) CO      + O       = CO2     +              6.135E+07
 175) O       + OCS     = S       + CO2          2.373E+02
 177) OCS     + OH      = CO2     + HS           1.787E+07
 182) CO2     + O1D     = CO2     + O            4.632E+11
 216) CS      + O3      = SO      + CO2          6.578E+06

CO2                    LOSS RXS                INT RX RATE    TL =  6.51E+11
  36) CO2     + H       = CO      + OH           1.531E-05
  93) CH21    + CO2     = H2CO    + CO           3.531E+03
  95) CH23    + CO2     = H2CO    + CO           5.616E+05
 182) CO2     + O1D     = CO2     + O            4.632E+11
 268) CO2     + HV      = CO      + O            7.172E+10
 269) CO2     + HV      = CO      + O1D          1.160E+11

CS                  PRODUCTION RXS              INT RX RATE    TP =  1.98E+07
 218) CS2     + O       = SO      + CS           1.530E+06
 224) CS2X    + O2      = CS      + SO2          1.300E+03
 225) CS2X    + CS2     = CS      + CS      S2   3.389E-06
 228) H       + HCS     = H2      + CS           2.628E-06
 233) CH3     + HCS     = CH4     + CS           3.996E-07
 235) HS      + HCS     = H2S     + CS           6.967E-06
 236) S       + HCS     = HS      + CS           4.073E-10
 240) CS2     + S       = CS      + S2           4.621E-04
 309) CS2     + HV      = CS      + S            1.829E+07

CS                     LOSS RXS                INT RX RATE    TL =  1.98E+07
 213) CS      + O2      = OCS     + O            7.438E+04
 214) CS      + O2      = CO      + SO           9.298E+03
 215) CS      + O3      = OCS     + O2           6.578E+06
 216) CS      + O3      = SO      + CO2          6.578E+06
 217) CS      + O3      = CO      + SO2          6.578E+06
 226) CS      + HS      = CS2     + H            3.261E-02
 227) H       + CS      = HCS     +              9.995E-06
 241) CS      + O       = CO      + S            1.439E+02

CS2                 PRODUCTION RXS              INT RX RATE    TP =  1.57E+08
 222) CS2OH   + HV      = CS2     + OH           4.684E+06
 223) CS2X    + M       = CS2     + M            1.528E+08
 226) CS      + HS      = CS2     + H            3.261E-02
 229) S       + HCS     = H       + CS2          8.147E-10

CS2                    LOSS RXS                INT RX RATE    TL =  1.77E+08
 218) CS2     + O       = SO      + CS           1.530E+06
 219) CS2     + O       = OCS     + S            1.434E+05
 220) CS2     + OH      = OCS     + HS           1.171E+04
 221) CS2     + OH      = CS2OH   +              4.684E+06
 225) CS2X    + CS2     = CS      + CS      S2   3.389E-06
 237) CS2     + O       = CO      + S2           2.776E+04
 238) CS2     + SO      = OCS     + S2           3.399E+00
 240) CS2     + S       = CS      + S2           4.621E-04
 309) CS2     + HV      = CS      + S            1.829E+07
 310) CS2     + HV      = CS2X    +              1.528E+08

HCS                 PRODUCTION RXS              INT RX RATE    TP =  1.00E-05
 227) H       + CS      = HCS     +              9.995E-06
 231) CH21    + S2      = HCS     + HS           7.160E-15
 232) CH23    + S2      = HCS     + HS           4.223E-12
 234) CH23    + S       = HCS     + H            4.170E-11

HCS                    LOSS RXS                INT RX RATE    TL =  1.00E-05
 228) H       + HCS     = H2      + CS           2.628E-06
 229) S       + HCS     = H       + CS2          8.147E-10
 233) CH3     + HCS     = CH4     + CS           3.996E-07
 235) HS      + HCS     = H2S     + CS           6.967E-06
 236) S       + HCS     = HS      + CS           4.073E-10

C2H6S               PRODUCTION RXS              INT RX RATE    TP =  0.00E+00

C2H6S                  LOSS RXS                INT RX RATE    TL =  3.30E+09
 242) C2H6S   + OH      = C2H5S   + H2O          2.462E+09
 243) C2H6S   + OH      = C2H7SO  +              8.372E+08
 244) C2H6S   + NO3     = C2H5S   + HNO3         3.638E+05

C2H5S               PRODUCTION RXS              INT RX RATE    TP =  2.46E+09
 242) C2H6S   + OH      = C2H5S   + H2O          2.462E+09
 244) C2H6S   + NO3     = C2H5S   + HNO3         3.638E+05

C2H5S                  LOSS RXS                INT RX RATE    TL =  2.46E+09
 245) C2H5S   + O2      = C2H5SO2 +              2.463E+09

C2H5SO              PRODUCTION RXS              INT RX RATE    TP =  2.46E+09
 246) C2H5SO2 + NO      = C2H5SO  + NO2          2.463E+09

C2H5SO                 LOSS RXS                INT RX RATE    TL =  2.46E+09
 247) C2H5SO  + HV      = H2CO    + CH3S         2.463E+09

C2H5SO2             PRODUCTION RXS              INT RX RATE    TP =  2.46E+09
 245) C2H5S   + O2      = C2H5SO2 +              2.463E+09

C2H5SO2                LOSS RXS                INT RX RATE    TL =  2.46E+09
 246) C2H5SO2 + NO      = C2H5SO  + NO2          2.463E+09

CH3S                PRODUCTION RXS              INT RX RATE    TP =  2.46E+09
 247) C2H5SO  + HV      = H2CO    + CH3S         2.463E+09

CH3S                   LOSS RXS                INT RX RATE    TL =  2.46E+09
 248) CH3S    + O3      = CH3SO   + O2           2.453E+09
 249) CH3S    + NO2     = CH3SO   + NO           9.769E+06

CH3SO               PRODUCTION RXS              INT RX RATE    TP =  2.46E+09
 248) CH3S    + O3      = CH3SO   + O2           2.453E+09
 249) CH3S    + NO2     = CH3SO   + NO           9.769E+06

CH3SO                  LOSS RXS                INT RX RATE    TL =  2.46E+09
 250) CH3SO   + O3      = CH3SO2  + O2           2.431E+09
 251) CH3SO   + NO2     = CH3SO2  + NO           3.212E+07

CH3SO2              PRODUCTION RXS              INT RX RATE    TP =  3.30E+09
 250) CH3SO   + O3      = CH3SO2  + O2           2.431E+09
 251) CH3SO   + NO2     = CH3SO2  + NO           3.212E+07
 258) CH4SO2  + OH      = CH3SO2  + H2O          8.359E+08

CH3SO2                 LOSS RXS                INT RX RATE    TL =  3.30E+09
 252) CH3SO2  + O3      = CH3SO3  + O2           7.084E+06
 253) CH3SO2  + NO2     = CH3SO3  + NO           1.585E+04
 254) CH3SO2  + HV      = CH3     + SO2          3.292E+09

CH3SO3              PRODUCTION RXS              INT RX RATE    TP =  7.10E+06
 252) CH3SO2  + O3      = CH3SO3  + O2           7.084E+06
 253) CH3SO2  + NO2     = CH3SO3  + NO           1.585E+04

CH3SO3                 LOSS RXS                INT RX RATE    TL =  7.10E+06
 255) CH3SO3  + HV      = CH3     + SO3          7.100E+06

CH4SO2              PRODUCTION RXS              INT RX RATE    TP =  8.36E+08
 257) C2H6SO  + OH      = CH4SO2  + CH3          8.359E+08

CH4SO2                 LOSS RXS                INT RX RATE    TL =  8.36E+08
 258) CH4SO2  + OH      = CH3SO2  + H2O          8.359E+08

C2H6SO              PRODUCTION RXS              INT RX RATE    TP =  8.37E+08
 256) C2H7SO  + O2      = C2H6SO  + HO2          8.372E+08

C2H6SO                 LOSS RXS                INT RX RATE    TL =  8.37E+08
 257) C2H6SO  + OH      = CH4SO2  + CH3          8.359E+08

C2H7SO              PRODUCTION RXS              INT RX RATE    TP =  8.37E+08
 243) C2H6S   + OH      = C2H7SO  +              8.372E+08

C2H7SO                 LOSS RXS                INT RX RATE    TL =  8.37E+08
 256) C2H7SO  + O2      = C2H6SO  + HO2          8.372E+08

SO4AER              PRODUCTION RXS              INT RX RATE    TP =  2.70E+09

SO4AER                 LOSS RXS                INT RX RATE    TL =  2.67E+09

S8AER               PRODUCTION RXS              INT RX RATE    TP =  0.00E+00

S8AER                  LOSS RXS                INT RX RATE    TL =  1.70E-19

HNO2                PRODUCTION RXS              INT RX RATE    TP =  0.00E+00
  80) NO      + OH      = HNO2    +              8.629E+09
 212) HO2     + NO2     = HNO2    + O2           4.566E+06
 281) HNO3    + HV      = HNO2    + O            5.476E+08
 282) HNO3    + HV      = HNO2    + O1D          3.932E+08

HNO2                   LOSS RXS                INT RX RATE    TL =  0.00E+00
  90) HNO2    + OH      = H2O     + NO2          4.980E+08
 279) HNO2    + HV      = NO      + OH           9.076E+09

O1D                 PRODUCTION RXS              INT RX RATE    TP =  0.00E+00
 259) O2      + HV      = O       + O1D          2.784E+11
 262) H2O     + HV      = H2      + O1D          7.059E+09
 264) O3      + HV      = O2      + O1D          3.563E+14
 269) CO2     + HV      = CO      + O1D          1.160E+11
 282) HNO3    + HV      = HNO2    + O1D          3.932E+08
 284) NO2     + HV      = NO      + O1D          2.214E+08
 303) N2O     + HV      = N2      + O1D          1.388E+11

O1D                    LOSS RXS                INT RX RATE    TL =  0.00E+00
   1) H2O     + O1D     = OH      + OH           2.777E+11
   2) H2      + O1D     = OH      + H            6.944E+08
  20) O1D     + O3      = O2      + O2           2.021E+08
  21) O1D     + O3      = O       + O       O2   2.021E+08
  23) O1D     + N2      = O       + N2           3.560E+14
  24) O1D     + O2      = O       + O2           1.150E+11
  49) CH4     + O1D     = CH3     + OH           1.146E+09
  50) CH4     + O1D     = CH3O    + H            1.543E+08
  51) CH4     + O1D     = CH2OH   + H            1.543E+08
  52) CH4     + O1D     = H2CO    + H2           7.716E+07
  98) C2H6    + O1D     = C2H5    + OH           8.985E+04
 105) SO2     + O1D     = SO2     + O            2.798E+03
 106) SO2     + O1D     = SO      + O2           8.976E+03
 180) CO      + O1D     = CO      + O            5.990E+07
 182) CO2     + O1D     = CO2     + O            4.632E+11
 197) O1D     + N2O     = N2      + O2           8.605E+07
 198) O1D     + N2O     = NO      + NO           1.346E+08

CH21                PRODUCTION RXS              INT RX RATE    TP =  0.00E+00
 273) CH4     + HV      = CH21    + H2           8.543E+07
 276) CH3     + HV      = CH21    + H            8.058E+04
 278) C2H6    + HV      = CH4     + CH21         1.928E-01

CH21                   LOSS RXS                INT RX RATE    TL =  0.00E+00
  53) CH21    + CH4     = CH3     + CH3          8.494E-09
  54) CH21    + O2      = HCO     + OH           7.927E+04
  55) CH21    + N2      = CH23    + N2           8.542E+07
  92) CH21    + H2      = CH3     + H            3.740E+03
  93) CH21    + CO2     = H2CO    + CO           3.531E+03
 231) CH21    + S2      = HCS     + HS           7.160E-15

CH23                PRODUCTION RXS              INT RX RATE    TP =  0.00E+00
  55) CH21    + N2      = CH23    + N2           8.542E+07
 275) CH4     + HV      = CH23    + H       H    1.641E+07
 277) C2H6    + HV      = CH23    + CH23    H2   7.712E-01

CH23                   LOSS RXS                INT RX RATE    TL =  0.00E+00
  58) CH23    + O2      = HCO     + OH           1.013E+08
  94) CH23    + O       = HCO     + H            9.351E+03
  95) CH23    + CO2     = H2CO    + CO           5.616E+05
 232) CH23    + S2      = HCS     + HS           4.223E-12
 234) CH23    + S       = HCS     + H            4.170E-11

C2H5                PRODUCTION RXS              INT RX RATE    TP =  0.00E+00
  96) C2H6    + OH      = C2H5    + H2O          8.998E+08
  97) C2H6    + O       = C2H5    + OH           1.462E+05
  98) C2H6    + O1D     = C2H5    + OH           8.985E+04

C2H5                   LOSS RXS                INT RX RATE    TL =  0.00E+00
  99) C2H5    + H       = CH3     + CH3          3.781E-03
 100) C2H5    + O       = CH3     + HCO     H    3.779E+01
 101) C2H5    + OH      = CH3     + HCO     H2   7.471E+00
 102) C2H5    + HCO     = C2H6    + CO           2.467E-05
 103) C2H5    + HNO     = C2H6    + NO           5.881E-06
 104) C2H5    + O2      = CH3     + HCO     OH   9.000E+08

SO21                PRODUCTION RXS              INT RX RATE    TP =  0.00E+00
 289) SO2     + HV      = SO21    +              1.548E+11

SO21                   LOSS RXS                INT RX RATE    TL =  0.00E+00
 143) SO21    + M       = SO23    + M            1.407E+10
 144) SO21    + M       = SO2     + M            1.407E+11
 145) SO21    + HV      = SO23    + HV           1.218E+06
 146) SO21    + HV      = SO2     + HV           1.787E+07
 147) SO21    + O2      = SO3     + O            2.994E+02
 148) SO21    + SO2     = SO3     + SO           4.218E+00

SO23                PRODUCTION RXS              INT RX RATE    TP =  0.00E+00
 143) SO21    + M       = SO23    + M            1.407E+10
 145) SO21    + HV      = SO23    + HV           1.218E+06
 290) SO2     + HV      = SO23    +              3.359E+08

SO23                   LOSS RXS                INT RX RATE    TL =  0.00E+00
 149) SO23    + M       = SO2     + M            1.441E+10
 150) SO23    + HV      = SO2     + HV           6.088E+06
 151) SO23    + SO2     = SO3     + SO           5.042E-01

HSO3                PRODUCTION RXS              INT RX RATE    TP =  0.00E+00
 111) SO2     + OH      = HSO3    +              3.076E+09

HSO3                   LOSS RXS                INT RX RATE    TL =  0.00E+00
 116) HSO3    + O2      = HO2     + SO3          3.076E+09

OCS2                PRODUCTION RXS              INT RX RATE    TP =  0.00E+00
 184) OCS     + S       = OCS2    +              5.675E+01

OCS2                   LOSS RXS                INT RX RATE    TL =  0.00E+00
 185) OCS2    + S       = OCS     + S2           1.512E-10
 188) OCS2    + CO      = OCS     + OCS          5.675E+01

CS2X                PRODUCTION RXS              INT RX RATE    TP =  0.00E+00
 310) CS2     + HV      = CS2X    +              1.528E+08

CS2X                   LOSS RXS                INT RX RATE    TL =  0.00E+00
 223) CS2X    + M       = CS2     + M            1.528E+08
 224) CS2X    + O2      = CS      + SO2          1.300E+03
 225) CS2X    + CS2     = CS      + CS      S2   3.389E-06

CS2OH               PRODUCTION RXS              INT RX RATE    TP =  0.00E+00
 221) CS2     + OH      = CS2OH   +              4.684E+06

CS2OH                  LOSS RXS                INT RX RATE    TL =  0.00E+00
 222) CS2OH   + HV      = CS2     + OH           4.684E+06

N2                  PRODUCTION RXS              INT RX RATE    TP =  0.00E+00
  23) O1D     + N2      = O       + N2           3.560E+14
  55) CH21    + N2      = CH23    + N2           8.542E+07
  72) N       + N       = N2      +              4.605E+00
  76) N       + NO      = N2      + O            5.170E+07
 194) H       + N2O     = N2      + OH           9.371E-02
 197) O1D     + N2O     = N2      + O2           8.605E+07
 303) N2O     + HV      = N2      + O1D          1.388E+11

N2                     LOSS RXS                INT RX RATE    TL =  0.00E+00
  23) O1D     + N2      = O       + N2           3.560E+14
  55) CH21    + N2      = CH23    + N2           8.542E+07
