 5.27064E-11 2.58923E-15 1.12652E-02 1.11381E-13 1.44467E-11 1.26220E-09 6.55499E-10 7.24973E-18
 7.00223E-08 3.65401E-07 3.47702E-08 5.19929E-10 4.43974E-12 1.72407E-09 3.94732E-13 5.63505E-13
 4.91169E-15 5.11333E-12 1.65394E-14 1.13428E-16 4.72281E-20 3.70778E-26 5.02558E-12 2.33914E-15
 9.12769E-19 2.62113E-16 2.00089E-13 1.79619E-16 2.10000E-04 1.01645E-12 2.14081E-16 1.52891E-16
 1.67738E-11 2.43561E-12 7.97751E-14 4.00000E-04 5.92425E-11 5.80798E-15 6.98338E-03 1.77483E-13
 1.62019E-11 1.31749E-09 1.23516E-09 9.63648E-18 7.00472E-08 3.61004E-07 2.72210E-08 5.75407E-10
 5.77006E-12 1.68123E-09 4.33357E-13 6.46739E-13 7.68478E-15 7.81852E-12 4.70190E-14 2.61616E-16
 2.02374E-19 2.09443E-25 4.66540E-12 4.31338E-15 1.93040E-18 4.62289E-16 3.11675E-13 3.12688E-16
 2.14493E-04 8.31638E-13 1.68599E-16 4.19575E-16 2.45278E-11 5.13165E-12 7.61172E-14 4.04518E-04
 6.43956E-11 1.41242E-14 4.15346E-03 2.72642E-13 1.75138E-11 1.28387E-09 2.54465E-09 1.20490E-17
 7.00746E-08 3.56812E-07 2.09835E-08 6.00736E-10 7.24988E-12 1.63538E-09 4.95585E-13 7.68862E-13
 1.20357E-14 1.12076E-11 1.38144E-13 5.61007E-16 8.69612E-19 2.41652E-24 4.32107E-12 1.06157E-14
 4.03008E-18 1.14749E-15 4.55865E-13 7.41119E-16 2.18888E-04 6.46034E-13 1.06979E-16 8.28388E-16
 2.73221E-11 8.22240E-12 6.22647E-14 4.08936E-04 6.53557E-11 3.24285E-14 2.26153E-03 3.79889E-13
 1.79687E-11 1.15531E-09 4.97973E-09 1.37086E-17 7.01055E-08 3.52952E-07 1.61041E-08 5.66711E-10
 8.16574E-12 1.58675E-09 6.00406E-13 9.33616E-13 1.80533E-14 1.44944E-11 3.99901E-13 1.00500E-15
 3.47068E-18 3.46327E-23 4.00179E-12 2.73646E-14 7.44689E-18 3.12454E-15 5.98241E-13 1.91821E-15
 2.23128E-04 5.31112E-13 6.71350E-17 1.41174E-15 2.75171E-11 1.10576E-11 5.13407E-14 4.13198E-04
 6.39800E-11 6.99423E-14 1.41683E-03 5.49490E-13 1.93912E-11 1.02180E-09 8.85952E-09 1.73292E-17
 7.01366E-08 3.49481E-07 1.24028E-08 5.07644E-10 9.03466E-12 1.53552E-09 6.92982E-13 1.11353E-12
 2.60934E-14 1.73777E-11 8.71166E-13 1.67806E-15 1.09391E-17 3.36378E-22 3.71115E-12 6.63604E-14
 1.29056E-17 7.82429E-15 7.15658E-13 4.38055E-15 2.27159E-04 4.52088E-13 4.78780E-17 2.10558E-15
 2.65765E-11 1.38445E-11 4.22430E-14 4.17251E-04 5.85465E-11 1.39326E-13 7.83162E-04 7.08036E-13
 1.97493E-11 8.78501E-10 1.47995E-08 1.98403E-17 7.01834E-08 3.46544E-07 9.76994E-09 4.22584E-10
 8.83136E-12 1.48209E-09 8.21581E-13 1.30517E-12 3.48087E-14 1.91650E-11 1.86810E-12 2.37763E-15
 3.21599E-17 2.70254E-21 3.45806E-12 1.32003E-13 1.89832E-17 1.65410E-14 7.90239E-13 8.08162E-15
 2.30899E-04 4.21846E-13 3.60889E-17 3.18965E-15 2.63983E-11 1.61751E-11 3.73229E-14 4.21011E-04
 4.98409E-11 2.56203E-13 3.74039E-04 8.06635E-13 1.86956E-11 7.26086E-10 2.31577E-08 2.03165E-17
 7.02505E-08 3.44198E-07 8.02092E-09 3.28097E-10 7.69792E-12 1.42744E-09 1.00100E-12 1.49603E-12
 4.25785E-14 1.95226E-11 3.34013E-12 2.95847E-15 7.33297E-17 2.40691E-20 3.24558E-12 2.18849E-13
 2.78498E-17 3.40095E-14 8.25343E-13 4.84810E-15 2.34221E-04 4.33625E-13 2.90640E-17 5.11285E-15
 2.79108E-11 1.79342E-11 3.53520E-14 4.24356E-04 4.06107E-11 4.43141E-13 1.66204E-04 8.66181E-13
 1.70496E-11 5.77094E-10 3.38676E-08 2.01437E-17 7.03297E-08 3.42369E-07 6.95807E-09 2.41393E-10
 6.29002E-12 1.37270E-09 1.29079E-12 1.76432E-12 5.17634E-14 1.90823E-11 4.48290E-12 3.29229E-15
 2.30454E-16 9.17834E-20 3.11564E-12 2.78115E-13 2.74655E-17 4.46164E-14 8.13908E-13 2.13946E-14
 2.36989E-04 4.69713E-13 2.53377E-17 8.35190E-15 3.08898E-11 1.91264E-11 3.40996E-14 4.27147E-04
 3.17617E-11 7.28038E-13 6.68518E-05 8.98049E-13 1.50277E-11 4.30788E-10 4.66161E-08 1.98538E-17
 7.04121E-08 3.40950E-07 6.44818E-09 1.65525E-10 4.83520E-12 1.31915E-09 1.80172E-12 2.18460E-12
 6.54907E-14 1.82651E-11 4.99561E-12 3.75108E-15 5.53592E-16 3.76079E-19 3.01900E-12 3.14837E-13
 3.01208E-17 5.99086E-14 8.11526E-13 3.09188E-14 2.39041E-04 5.21476E-13 2.36738E-17 1.34825E-14
 3.44218E-11 1.90589E-11 3.25876E-14 4.29223E-04 2.20329E-11 1.05493E-12 1.30408E-05 6.99892E-13
 9.64559E-12 2.59727E-10 6.14820E-08 1.22660E-17 7.04957E-08 3.39783E-07 6.41163E-09 9.04289E-11
 2.75223E-12 1.26600E-09 3.24416E-12 2.93780E-12 8.51247E-14 1.63336E-11 4.88367E-12 4.03790E-15
 1.18332E-15 2.93787E-18 2.94626E-12 2.78961E-13 3.35132E-17 7.83116E-14 8.59783E-13 4.90143E-14
 2.40232E-04 5.86746E-13 2.05476E-17 2.33947E-14 3.61549E-11 1.55588E-11 2.97986E-14 4.30439E-04
 1.25798E-11 1.43439E-12 9.32097E-07 4.60785E-13 4.52538E-12 1.16934E-10 8.12294E-08 5.79386E-18
 7.05841E-08 3.38306E-07 6.74365E-09 3.37466E-11 1.00128E-12 1.19915E-09 6.40228E-12 3.81985E-12
 1.07661E-13 1.31732E-11 3.61502E-12 4.60993E-15 1.80094E-15 1.97673E-17 2.86574E-12 1.93081E-13
 4.39462E-17 9.94897E-14 9.60735E-13 7.83629E-14 2.40199E-04 6.97548E-14 1.92221E-18 2.12037E-14
 1.85461E-11 7.88312E-12 2.93406E-15 4.30440E-04 9.12968E-12 2.87015E-12 9.38163E-07 5.65223E-13
 4.48103E-12 6.04970E-11 1.11180E-07 9.27904E-18 7.07026E-08 3.35249E-07 7.38947E-09 1.73568E-11
 8.86023E-13 1.08737E-09 7.16421E-12 4.43120E-12 1.15236E-13 1.22934E-11 2.92314E-12 6.79411E-15
 2.42746E-15 2.64883E-17 2.71953E-12 2.11754E-13 5.39126E-17 1.31984E-13 1.04985E-12 8.42510E-14
 2.40148E-04 4.21886E-15 1.11220E-19 8.67159E-15 6.94954E-12 2.99975E-12 1.24170E-16 4.30442E-04
 9.18427E-12 5.84230E-12 9.51516E-07 8.12794E-13 5.11853E-12 4.76603E-11 1.51095E-07 1.80099E-17
 7.08860E-08 3.28471E-07 8.29994E-09 1.60034E-11 1.10744E-12 9.03591E-10 7.00088E-12 4.59369E-12
 1.25738E-13 1.24367E-11 2.29226E-12 1.00726E-14 2.90027E-15 4.65331E-17 2.44344E-12 3.09821E-13
 8.15386E-17 2.02003E-13 1.15184E-12 9.01799E-14 2.40075E-04 1.10056E-16 2.95043E-21 1.97664E-15
 1.48177E-12 7.47362E-13 2.25862E-18 4.30446E-04 9.98220E-12 1.11271E-11 9.77643E-07 1.26342E-12
 5.91804E-12 4.33499E-11 1.84114E-07 3.75865E-17 7.11143E-08 3.15264E-07 8.97868E-09 1.61766E-11
 1.44007E-12 6.61190E-10 6.88202E-12 4.33920E-12 1.48606E-13 1.24305E-11 1.58457E-12 1.31746E-14
 2.73502E-15 8.04396E-17 2.00478E-12 4.56585E-13 1.49170E-16 3.09625E-13 1.34044E-12 8.56754E-14
 2.40000E-04 1.31219E-18 4.13313E-23 2.47048E-16 1.62467E-13 1.09406E-13 2.04431E-20 4.30454E-04
 1.05094E-11 1.90438E-11 1.01903E-06 2.02348E-12 6.63797E-12 3.71855E-11 1.89549E-07 7.92733E-17
 7.12973E-08 2.94429E-07 9.00856E-09 1.43286E-11 1.73700E-12 4.24027E-10 7.09461E-12 3.70848E-12
 1.89018E-13 1.15354E-11 9.31534E-13 1.42723E-14 1.89681E-15 1.14577E-16 1.47016E-12 5.95518E-13
 3.01451E-16 4.36434E-13 1.62877E-12 6.59290E-14 2.39949E-04 8.42540E-21 3.83834E-25 1.91316E-17
 9.84347E-15 9.63039E-15 1.14519E-22 4.30468E-04 1.05170E-11 2.98122E-11 1.07253E-06 3.23790E-12
 7.21277E-12 3.02463E-11 1.67685E-07 1.67907E-16 7.13901E-08 2.67562E-07 8.57653E-09 1.11629E-11
 1.92032E-12 2.46869E-10 7.44827E-12 2.86139E-12 2.43631E-13 9.67823E-12 4.72473E-13 1.29626E-14
 9.86317E-16 1.28068E-16 9.67768E-13 6.71289E-13 6.20901E-16 5.52333E-13 1.96435E-12 4.06097E-14
 2.39927E-04 3.45814E-23 3.17222E-27 1.03036E-18 3.79647E-16 5.71012E-16 5.47118E-25 4.30486E-04
 9.96197E-12 4.32735E-11 1.13317E-06 4.97876E-12 7.72426E-12 2.50073E-11 1.33835E-07 3.50280E-16
 7.15269E-08 2.37075E-07 8.12124E-09 8.10925E-12 1.95582E-12 1.35196E-10 7.62937E-12 2.02446E-12
 2.93244E-13 7.24803E-12 2.20074E-13 1.01154E-14 4.06564E-16 1.14701E-16 5.76828E-13 6.71808E-13
 1.22542E-15 6.30582E-13 2.29553E-12 2.08929E-14 2.39914E-04 1.02189E-25 4.50442E-29 4.13954E-20
 1.06113E-17 2.83794E-17 4.89802E-27 4.30503E-04 9.02197E-12 5.84901E-11 1.19398E-06 7.16964E-12
 8.35462E-12 2.22832E-11 1.01535E-07 6.95551E-16 7.20251E-08 2.06291E-07 7.92695E-09 5.89107E-12
 1.86971E-12 7.29656E-11 7.42039E-12 1.35871E-12 3.12661E-13 4.92409E-12 1.02263E-13 6.99937E-15
 1.43596E-16 8.69319E-17 3.20109E-13 6.27376E-13 2.21906E-15 6.61693E-13 2.57575E-12 9.62062E-15
 2.39899E-04 2.52544E-28 1.72495E-30 1.68967E-21 3.08994E-19 6.30077E-18 1.27799E-28 4.30518E-04
 7.93529E-12 7.42260E-11 1.24999E-06 9.70224E-12 9.24884E-12 2.14663E-11 7.57498E-08 1.29411E-15
 7.32825E-08 1.77506E-07 8.03700E-09 4.43437E-12 1.71409E-12 4.00772E-11 6.81961E-12 8.94977E-13
 2.94928E-13 3.15304E-12 4.98690E-14 4.46889E-15 4.69372E-17 5.98231E-17 1.69770E-13 5.73096E-13
 3.67698E-15 6.57529E-13 2.78834E-12 4.24236E-15 2.39878E-04 3.38572E-30 8.00496E-31 5.90601E-22
 8.11300E-20 6.52860E-18 4.11910E-29 4.30527E-04 6.88365E-12 8.96567E-11 1.29797E-06 1.25544E-11
 1.04788E-11 2.18427E-11 5.64451E-08 2.27164E-15 7.56429E-08 1.52166E-07 8.39337E-09 3.47197E-12
 1.53333E-12 2.28677E-11 6.02125E-12 5.97572E-13 2.54686E-13 1.99202E-12 2.61034E-14 2.75894E-15
 1.53197E-17 3.91722E-17 8.83515E-14 5.23752E-13 5.67091E-15 6.32757E-13 2.94411E-12 1.88369E-15
 2.39855E-04 4.57240E-30 1.45297E-30 7.39396E-22 8.04863E-20 6.52783E-18 5.33287E-29 4.30531E-04
 5.96053E-12 1.04486E-10 1.33655E-06 1.57893E-11 1.20874E-11 2.30179E-11 4.22212E-08 3.81799E-15
 7.93112E-08 1.30865E-07 8.93281E-09 2.81151E-12 1.35637E-12 1.36655E-11 5.22894E-12 4.15113E-13
 2.09579E-13 1.28918E-12 1.48059E-14 1.71627E-15 5.31322E-18 2.48690E-17 4.62579E-14 4.80592E-13
 8.28014E-15 5.95933E-13 3.06444E-12 8.67870E-16 2.39832E-04 8.19716E-30 2.83411E-30 9.56093E-22
 8.65502E-20 6.52021E-18 7.53709E-29 4.30529E-04 5.18078E-12 1.18684E-10 1.36631E-06 1.95171E-11
 1.41235E-11 2.48400E-11 3.17151E-08 6.22542E-15 8.44311E-08 1.13234E-07 9.61339E-09 2.33750E-12
 1.19562E-12 8.48519E-12 4.53705E-12 3.03825E-13 1.68862E-13 8.71616E-13 9.08962E-15 1.10223E-15
 2.02226E-18 1.53884E-17 2.46329E-14 4.41499E-13 1.15895E-14 5.51622E-13 3.16645E-12 4.19564E-16
 2.39812E-04 1.50683E-29 5.51606E-30 1.20400E-21 9.43536E-20 6.51075E-18 1.07031E-28 4.30522E-04
 4.53271E-12 1.32439E-10 1.38827E-06 2.38683E-11 1.66469E-11 2.72730E-11 2.39317E-08 9.94571E-15
 9.10989E-08 9.87212E-08 1.04138E-08 1.98456E-12 1.05525E-12 5.42086E-12 3.97091E-12 2.35166E-13
 1.35416E-13 6.20125E-13 6.00376E-15 7.39747E-16 8.55053E-19 9.26186E-18 1.34251E-14 4.03806E-13
 1.56566E-14 5.02046E-13 3.26090E-12 2.12808E-16 2.39795E-04 2.77813E-29 1.05742E-29 1.47856E-21
 1.03603E-19 6.49978E-18 1.50674E-28 4.30511E-04 3.99666E-12 1.46058E-10 1.40345E-06 2.89819E-11
 1.97272E-11 3.03315E-11 1.81511E-08 1.56745E-14 9.93815E-08 8.67838E-08 1.13276E-08 1.71397E-12
 9.35209E-13 3.53737E-12 3.52273E-12 1.91963E-13 1.09027E-13 4.63597E-13 4.22662E-15 5.20297E-16
 4.00586E-19 5.39683E-18 7.52058E-15 3.65528E-13 2.04800E-14 4.48689E-13 3.35355E-12 1.12455E-16
 2.39781E-04 5.06253E-29 1.97946E-29 1.77846E-21 1.14268E-19 6.48732E-18 2.09240E-28 4.30497E-04
 3.55016E-12 1.59901E-10 1.41281E-06 3.50011E-11 2.34410E-11 3.40503E-11 1.38448E-08 2.44783E-14
 1.09383E-07 7.68875E-08 1.23591E-08 1.50045E-12 8.32974E-13 2.34385E-12 3.17144E-12 1.64038E-13
 8.84082E-14 3.61511E-13 3.13393E-15 3.81987E-16 2.05192E-19 3.03148E-18 4.33305E-15 3.25824E-13
 2.59865E-14 3.93221E-13 3.44628E-12 6.12471E-17 2.39770E-04 9.02900E-29 3.59817E-29 2.10595E-21
 1.26451E-19 6.47327E-18 2.86414E-28 4.30480E-04 3.17325E-12 1.74391E-10 1.41711E-06 4.20697E-11
 2.78675E-11 3.84658E-11 1.06259E-08 3.79887E-14 1.21256E-07 6.85807E-08 1.35205E-08 1.32705E-12
 7.45449E-13 1.57046E-12 2.89572E-12 1.45418E-13 7.22217E-14 2.91218E-13 2.41759E-15 2.90605E-16
 1.12892E-19 1.63648E-18 2.56472E-15 2.84879E-13 3.20258E-14 3.37572E-13 3.53845E-12 3.39890E-17
 2.39761E-04 1.56625E-28 6.33059E-29 2.46728E-21 1.40370E-19 6.45741E-18 3.87015E-28 4.30460E-04
 2.84937E-12 1.90006E-10 1.41686E-06 5.03286E-11 3.30849E-11 4.36058E-11 8.21065E-09 5.86963E-14
 1.35224E-07 6.14927E-08 1.48309E-08 1.18211E-12 6.69635E-13 1.06041E-12 2.67759E-12 1.32527E-13
 5.93662E-14 2.39947E-13 1.91840E-15 2.27154E-16 6.54846E-20 8.48006E-19 1.55505E-15 2.43694E-13
 3.83855E-14 2.83803E-13 3.62789E-12 1.90240E-17 2.39754E-04 2.63418E-28 1.07694E-28 2.87319E-21
 1.56364E-19 6.43935E-18 5.17723E-28 4.30438E-04 2.56799E-12 2.07323E-10 1.41238E-06 5.99168E-11
 3.91638E-11 4.94767E-11 6.39186E-09 9.03998E-14 1.51435E-07 5.53852E-08 1.63098E-08 1.05838E-12
 6.03547E-13 7.21821E-13 2.50495E-12 1.23255E-13 4.90568E-14 2.00571E-13 1.55169E-15 1.81061E-16
 3.94292E-20 4.22036E-19 9.66634E-16 2.03678E-13 4.48119E-14 2.33769E-13 3.71193E-12 1.06595E-17
 2.39749E-04 4.28973E-28 1.77219E-28 3.33844E-21 1.74872E-19 6.41866E-18 6.87942E-28 4.30413E-04
 2.31976E-12 2.27002E-10 1.40389E-06 7.09680E-11 4.61654E-11 5.60599E-11 5.01657E-09 1.38878E-13
 1.70109E-07 5.00436E-08 1.79799E-08 9.50334E-13 5.45245E-13 4.95370E-13 2.36758E-12 1.16229E-13
 4.06916E-14 1.68879E-13 1.26944E-15 1.46123E-16 2.42994E-20 2.02384E-19 6.15835E-16 1.66379E-13
 5.10703E-14 1.88990E-13 3.78792E-12 5.94884E-18 2.39746E-04 6.76672E-28 2.82577E-28 3.88265E-21
 1.96455E-19 6.39473E-18 9.11179E-28 4.30386E-04 2.09477E-12 2.49815E-10 1.39134E-06 8.36002E-11
 5.41367E-11 6.33098E-11 3.97181E-09 2.12901E-13 1.91732E-07 4.52407E-08 1.98765E-08 8.52988E-13
 4.92519E-13 3.41461E-13 2.25623E-12 1.10479E-13 3.38058E-14 1.42305E-13 1.04333E-15 1.18578E-16
 1.51283E-20 9.40278E-20 3.99957E-16 1.33063E-13 5.69877E-14 1.50381E-13 3.85395E-12 3.29557E-18
 2.39745E-04 1.03594E-27 4.37836E-28 4.53335E-21 2.21905E-19 6.36671E-18 1.20733E-27 4.30356E-04
 1.88902E-12 2.76683E-10 1.37473E-06 9.79262E-11 6.31074E-11 7.11426E-11 3.17405E-09 3.25750E-13
 2.16526E-07 4.08643E-08 2.20312E-08 7.63877E-13 4.44314E-13 2.36674E-13 2.16587E-12 1.05455E-13
 2.81019E-14 1.19522E-13 8.57660E-16 9.63072E-17 9.43480E-21 4.25756E-20 2.64955E-16 1.04418E-13
 6.24443E-14 1.18129E-13 3.90933E-12 1.81069E-18 2.39746E-04 1.54216E-27 6.61022E-28 5.32442E-21
 2.52132E-19 6.33366E-18 1.60440E-27 4.30324E-04 1.70220E-12 3.08657E-10 1.35413E-06 1.14060E-10
 7.31000E-11 7.94590E-11 2.56087E-09 4.97528E-13 2.44591E-07 3.68328E-08 2.44809E-08 6.81434E-13
 3.99850E-13 1.65379E-13 2.09273E-12 1.00822E-13 2.33588E-14 9.98030E-14 7.03077E-16 7.80328E-17
 5.86044E-21 1.89054E-20 1.79468E-16 8.06218E-14 6.73871E-14 9.18934E-14 3.95430E-12 9.87119E-19
 2.39749E-04 2.23717E-27 9.75031E-28 6.29700E-21 2.88167E-19 6.29452E-18 2.14145E-27 4.30289E-04
 1.53901E-12 3.46935E-10 1.32928E-06 1.32116E-10 8.41595E-11 8.82060E-11 2.08579E-09 7.58841E-13
 2.76441E-07 3.30184E-08 2.73099E-08 6.03623E-13 3.57800E-13 1.16204E-13 2.03241E-12 9.63402E-14
 1.93917E-14 8.26832E-14 5.73619E-16 6.29100E-17 3.60902E-21 8.27906E-21 1.23878E-16 6.14339E-14
 7.18092E-14 7.09922E-14 3.98981E-12 5.34251E-19 2.39754E-04 3.17357E-27 1.40990E-27 7.50496E-21
 3.31355E-19 6.24784E-18 2.87480E-27 4.30250E-04 1.42217E-12 3.92786E-10 1.29998E-06 1.52300E-10
 9.64277E-11 9.74868E-11 1.71383E-09 1.15710E-12 3.12422E-07 2.93409E-08 3.06646E-08 5.29540E-13
 3.17324E-13 8.20234E-14 1.98188E-12 9.19757E-14 1.60753E-14 6.79933E-14 4.66050E-16 5.04678E-17
 2.20361E-21 3.58844E-21 8.70104E-17 4.63442E-14 7.56957E-14 5.45653E-14 4.01726E-12 2.87463E-19
 2.39761E-04 4.42135E-27 2.00567E-27 9.00446E-21 3.83010E-19 6.19227E-18 3.88238E-27 4.30209E-04
 1.40068E-12 4.47349E-10 1.26623E-06 1.75039E-10 1.10273E-10 1.07745E-10 1.41841E-09 1.76796E-12
 3.52627E-07 2.57616E-08 3.48146E-08 4.59231E-13 2.78022E-13 5.81838E-14 1.93888E-12 8.78863E-14
 1.33207E-14 5.56940E-14 3.78518E-16 4.04212E-17 1.34137E-21 1.54081E-21 6.22066E-17 3.47276E-14
 7.89832E-14 4.17440E-14 4.03820E-12 1.54107E-19 2.39771E-04 6.08710E-27 2.81895E-27 1.08383E-20
 4.44120E-19 6.12676E-18 5.26999E-27 4.30164E-04 1.54623E-12 5.11414E-10 1.22809E-06 2.01131E-10
 1.26429E-10 1.19936E-10 1.17959E-09 2.71611E-12 3.97021E-07 2.22696E-08 4.02302E-08 3.93167E-13
 2.39785E-13 4.14873E-14 1.90143E-12 8.43525E-14 1.10565E-14 4.57226E-14 3.09387E-16 3.25229E-17
 8.22293E-22 6.54657E-22 4.52790E-17 2.59503E-14 8.15527E-14 3.17685E-14 4.05415E-12 8.25546E-20
 2.39782E-04 8.35232E-27 3.93579E-27 1.30166E-20 5.15123E-19 6.05088E-18 7.17990E-27 4.30115E-04
 1.92836E-12 5.85337E-10 1.18583E-06 2.31841E-10 1.46046E-10 1.35543E-10 9.82947E-10 4.21181E-12
 4.45251E-07 1.89002E-08 4.75989E-08 3.32155E-13 2.03014E-13 2.97860E-14 1.86805E-12 8.16729E-14
 9.21812E-15 3.79054E-14 2.56487E-16 2.64875E-17 5.13896E-22 2.75093E-22 3.36089E-17 1.94295E-14
 8.32891E-14 2.40440E-14 4.06642E-12 4.43703E-20 2.39797E-04 1.15227E-26 5.48864E-27 1.54946E-20
 5.95585E-19 5.96514E-18 9.79651E-27 4.30062E-04 2.56439E-12 6.69603E-10 1.13931E-06 2.68696E-10
 1.70555E-10 1.56384E-10 8.19196E-10 6.61101E-12 4.97412E-07 1.56841E-08 5.78755E-08 2.76238E-13
 1.68055E-13 2.14994E-14 1.83726E-12 7.99668E-14 7.73246E-15 3.18796E-14 2.16707E-16 2.19370E-17
 3.29795E-22 1.14719E-22 2.53998E-17 1.46498E-14 8.41633E-14 1.81289E-14 4.07598E-12 2.40235E-20
 2.39814E-04 1.60953E-26 7.68128E-27 1.82162E-20 6.85439E-19 5.86965E-18 1.33761E-26 4.30003E-04
 3.38066E-12 7.65862E-10 1.08819E-06 3.13110E-10 2.01331E-10 1.84150E-10 6.82902E-10 1.05085E-11
 5.53720E-07 1.26741E-08 7.22315E-08 2.25232E-13 1.35480E-13 1.55675E-14 1.80818E-12 7.90720E-14
 6.52354E-15 2.71695E-14 1.86354E-16 1.84564E-17 2.16845E-22 4.79314E-23 1.95069E-17 1.11749E-14
 8.43003E-14 1.36824E-14 4.08349E-12 1.31478E-20 2.39836E-04 2.27870E-26 1.08013E-26 2.11702E-20
 7.85725E-19 5.76336E-18 1.82798E-26 4.29938E-04 4.22501E-12 8.77956E-10 1.03256E-06 3.66073E-10
 2.39238E-10 2.19722E-10 5.70716E-10 1.68762E-11 6.13919E-07 9.96015E-09 9.18958E-08 1.79397E-13
 1.06239E-13 1.13158E-14 1.78073E-12 7.85383E-14 5.52373E-15 2.33011E-14 1.61737E-16 1.56656E-17
 1.44299E-22 2.03651E-23 1.52335E-17 8.65209E-15 8.39841E-14 1.04136E-14 4.08931E-12 7.28880E-21
 2.39863E-04 3.24608E-26 1.52009E-26 2.44231E-20 8.98506E-19 5.64417E-18 2.49917E-26 4.29864E-04
 4.91514E-12 1.01298E-09 9.72138E-07 4.27716E-10 2.84226E-10 2.62547E-10 4.80051E-10 2.72686E-11
 6.78174E-07 7.59952E-09 1.18363E-07 1.38853E-13 8.09087E-14 8.24690E-15 1.75492E-12 7.76968E-14
 4.67603E-15 1.98741E-14 1.39788E-16 1.32568E-17 9.52131E-23 8.93103E-24 1.20858E-17 6.80308E-15
 8.35364E-14 8.05249E-15 4.09367E-12 4.08889E-21 2.39895E-04 4.59775E-26 2.12644E-26 2.81843E-20
 1.02812E-18 5.50750E-18 3.41949E-26 4.29781E-04 5.30699E-12 1.18199E-09 9.06630E-07 4.97217E-10
 3.35131E-10 3.10231E-10 4.08252E-10 4.41352E-11 7.46714E-07 5.62326E-09 1.53664E-07 1.03912E-13
 5.97749E-14 6.01621E-15 1.73076E-12 7.58526E-14 3.94043E-15 1.66408E-14 1.18577E-16 1.10388E-17
 6.08982E-23 4.08093E-24 9.73249E-18 5.41768E-15 8.32350E-14 6.35608E-15 4.09674E-12 2.31065E-21
 2.39934E-04 6.38850E-26 2.93316E-26 3.27943E-20 1.18057E-18 5.34701E-18 4.68349E-26 4.29685E-04
 5.35523E-12 1.40078E-09 8.36609E-07 5.73089E-10 3.89792E-10 3.58606E-10 3.52428E-10 7.13232E-11
 8.18948E-07 4.04770E-09 2.00630E-07 7.51584E-14 4.29687E-14 4.40017E-15 1.70841E-12 7.24929E-14
 3.29445E-15 1.35295E-14 9.74931E-17 8.94852E-18 3.70445E-23 1.94428E-24 7.96738E-18 4.34430E-15
 8.32903E-14 5.12300E-15 4.09865E-12 1.30541E-21 2.39981E-04 8.59533E-26 3.95625E-26 3.86592E-20
 1.36130E-18 5.15684E-18 6.41112E-26 4.29573E-04 5.11048E-12 1.69183E-09 7.63124E-07 6.52991E-10
 4.45420E-10 4.02637E-10 3.09774E-10 1.14927E-10 8.93889E-07 2.85148E-09 2.63971E-07 5.27480E-14
 3.02270E-14 3.23559E-15 1.68780E-12 6.74016E-14 2.72477E-15 1.05896E-14 7.70008E-17 7.00851E-18
 2.11323E-23 9.56874E-25 6.64376E-18 3.47721E-15 8.37852E-14 4.19663E-15 4.09960E-12 7.29416E-22
 2.40038E-04 1.10878E-25 5.18200E-26 4.62674E-20 1.57448E-18 4.93240E-18 8.75269E-26 4.29442E-04
 4.65788E-12 2.08882E-09 6.86438E-07 7.32479E-10 4.98948E-10 4.37729E-10 2.77946E-10 1.84757E-10
 9.71401E-07 1.97099E-09 3.53188E-07 3.60160E-14 2.08480E-14 2.38903E-15 1.66821E-12 6.06513E-14
 2.21932E-15 7.90921E-15 5.80819E-17 5.26866E-18 1.11699E-23 4.77177E-25 5.63816E-18 2.74505E-15
 8.45814E-14 3.46045E-15 4.09991E-12 3.97187E-22 2.40109E-04 1.36526E-25 6.56733E-26 5.63801E-20
 1.82487E-18 4.66813E-18 1.19249E-25 4.29282E-04 4.09261E-12 2.64289E-09 6.06933E-07 8.04937E-10
 5.47196E-10 4.60132E-10 2.55038E-10 2.96852E-10 1.05124E-06 1.33890E-09 4.85837E-07 2.39841E-14
 1.41050E-14 1.76722E-15 1.64869E-12 5.25668E-14 1.77049E-15 5.58507E-15 4.16522E-17 3.78565E-18
 5.41992E-24 2.35273E-25 4.86350E-18 2.10824E-15 8.54166E-14 2.83716E-15 4.09995E-12 2.07205E-22
 2.40202E-04 1.60153E-25 8.03752E-26 7.00942E-20 2.11492E-18 4.36047E-18 1.62256E-25 4.29074E-04
 3.51287E-12 3.43178E-09 5.26522E-07 8.63612E-10 5.86688E-10 4.66316E-10 2.39454E-10 4.77521E-10
 1.13161E-06 9.00315E-10 6.89646E-07 1.56720E-14 9.41377E-15 1.31202E-15 1.62861E-12 4.36613E-14
 1.37822E-15 3.70046E-15 2.82329E-17 2.60405E-18 2.40650E-24 1.12172E-25 4.26725E-18 1.55526E-15
 8.61620E-14 2.28727E-15 4.09990E-12 1.01930E-22 2.40332E-04 1.78352E-25 9.48018E-26 8.87103E-20
 2.43805E-18 4.01475E-18 2.19679E-25 4.28790E-04 2.97433E-12 4.58470E-09 4.46696E-07 9.00936E-10
 6.12758E-10 4.52311E-10 2.30356E-10 7.69385E-10 1.21112E-06 6.01551E-10 1.00907E-06 1.00430E-14
 6.20512E-15 9.76849E-16 1.60712E-12 3.44971E-14 1.04206E-15 2.27616E-15 1.78957E-17 1.72270E-18
 9.75098E-25 5.06297E-26 3.80367E-18 1.08600E-15 8.68317E-14 1.79399E-15 4.09976E-12 4.64446E-23
 2.40518E-04 1.87648E-25 1.07687E-25 1.14271E-19 2.78422E-18 3.63896E-18 2.94837E-25 4.28387E-04
 2.49953E-12 6.33160E-09 3.68989E-07 9.09552E-10 6.18948E-10 4.13845E-10 2.27841E-10 1.23891E-09
 1.28831E-06 3.99796E-10 1.50905E-06 6.25575E-15 4.02585E-15 7.28275E-16 1.58323E-12 2.56639E-14
 7.61152E-16 1.28178E-15 1.04228E-17 1.10532E-18 3.59922E-25 2.12225E-26 3.43735E-18 7.05203E-16
 8.77155E-14 1.35586E-15 4.09925E-12 1.92178E-23 2.40792E-04 1.84664E-25 1.17624E-25 1.50095E-19
 3.13942E-18 3.24378E-18 3.90122E-25 4.27798E-04 2.09752E-12 9.09783E-09 2.96036E-07 8.85118E-10
 5.98378E-10 3.49809E-10 2.32943E-10 1.98309E-09 1.36058E-06 2.65262E-10 2.26676E-06 3.73557E-15
 2.56009E-15 5.44992E-16 1.55628E-12 1.77815E-14 5.34739E-16 6.52391E-16 5.45583E-18 6.96745E-19
 1.21318E-25 8.16279E-27 3.14530E-18 4.18329E-16 8.94857E-14 9.81474E-16 4.09766E-12 7.10144E-24
 2.41192E-04 1.67166E-25 1.23058E-25 2.01264E-19 3.48164E-18 2.84615E-18 5.04157E-25 4.26946E-04
 1.76243E-12 1.37178E-08 2.30401E-07 8.25657E-10 5.47084E-10 2.66966E-10 2.48145E-10 3.13384E-09
 1.42534E-06 1.76097E-10 3.36213E-06 2.09136E-15 1.57675E-15 4.10838E-16 1.52572E-12 1.13594E-14
 3.59171E-16 2.96241E-16 2.50858E-18 4.35932E-19 3.73682E-26 2.87086E-27 2.90948E-18 2.22988E-16
 9.29542E-14 6.79280E-16 4.09418E-12 2.31521E-24 2.41755E-04 1.36383E-25 1.22576E-25 2.76457E-19
 3.78568E-18 2.46260E-18 6.30808E-25 4.25751E-04 1.48241E-12 2.18624E-08 1.74549E-07 7.34771E-10
 4.68494E-10 1.80779E-10 2.77450E-10 4.86285E-09 1.48008E-06 1.17465E-10 4.84731E-06 1.07052E-15
 9.23520E-16 3.13753E-16 1.49156E-12 6.64927E-15 2.29530E-16 1.19160E-16 9.96036E-19 2.71016E-19
 1.04818E-26 9.41589E-28 2.71753E-18 1.06272E-16 9.90844E-14 4.53963E-16 4.08785E-12 6.67447E-25
 2.42506E-04 9.82888E-26 1.15359E-25 3.89617E-19 4.02111E-18 2.10965E-18 7.57971E-25 4.24161E-04
 1.24112E-12 3.68932E-08 1.29840E-07 6.22709E-10 3.74914E-10 1.08371E-10 3.26195E-10 7.40684E-09
 1.52330E-06 7.91873E-11 6.72091E-06 4.92507E-16 5.04179E-16 2.43715E-16 1.45433E-12 3.56637E-15
 1.39352E-16 4.26026E-17 3.40279E-19 1.65323E-19 2.65285E-27 3.03326E-28 2.56038E-18 4.59445E-17
 1.08950E-13 3.00695E-16 4.07765E-12 1.74012E-25 2.43442E-04 6.19559E-26 1.02070E-25 5.61420E-19
 4.15469E-18 1.79991E-18 8.69641E-25 4.22179E-04 1.01710E-12 6.53270E-08 9.56599E-08 5.05987E-10
 2.83935E-10 5.86270E-11 3.98918E-10 1.11662E-08 1.55542E-06 5.40629E-11 8.94716E-06 2.04305E-16
 2.54429E-16 1.91787E-16 1.41440E-12 1.77488E-15 8.09265E-17 1.37762E-17 1.02064E-19 9.70894E-20
 6.02874E-28 1.03392E-28 2.42962E-18 1.86748E-17 1.23906E-13 2.04950E-16 4.06223E-12 4.27761E-26
 2.44540E-04 3.46878E-26 8.56692E-26 8.15806E-19 4.15922E-18 1.53664E-18 9.51727E-25 4.19840E-04
 7.94129E-13 1.21505E-07 7.01077E-08 4.03907E-10 2.09145E-10 2.93349E-11 5.02462E-10 1.72457E-08
 1.57776E-06 3.73312E-11 1.14796E-05 7.76644E-17 1.19230E-16 1.51035E-16 1.37187E-12 8.31074E-16
 4.60031E-17 4.12249E-18 2.77196E-20 5.42229E-20 1.23085E-28 3.97308E-29 2.31832E-18 7.39679E-18
 1.48009E-13 1.48379E-16 4.03759E-12 1.02527E-26 2.45773E-04 1.77080E-26 6.96600E-26 1.16603E-18
 4.02469E-18 1.31656E-18 9.96128E-25 4.17190E-04 5.63007E-13 2.88489E-07 5.07726E-08 2.80271E-10
 1.30988E-10 1.20260E-11 7.72387E-10 2.85536E-08 1.59128E-06 2.60262E-11 1.42696E-05 2.63722E-17
 5.06736E-17 1.19075E-16 1.32682E-12 3.08310E-16 2.27136E-17 1.01250E-18 5.53462E-21 2.61265E-20
 1.86276E-29 1.75309E-29 2.22183E-18 2.27955E-18 1.96870E-13 1.15101E-16 3.98813E-12 1.99283E-27
 2.47075E-04 6.06985E-27 4.31198E-26 1.73848E-18 3.63006E-18 1.13431E-18 9.24197E-25 4.14276E-04
 3.13916E-13 9.32579E-07 3.61121E-08 1.42836E-10 5.81952E-11 3.73493E-12 1.59815E-09 4.53645E-08
 1.59740E-06 1.83626E-11 1.72057E-05 8.36428E-18 2.35686E-17 1.00273E-16 1.27966E-12 1.07749E-16
 8.28313E-18 2.11499E-19 8.24393E-22 1.15004E-20 2.43152E-30 1.01621E-29 2.13776E-18 4.07949E-19
 2.91132E-13 1.02422E-16 3.89320E-12 3.31323E-28 2.48206E-04 9.85121E-28 1.35339E-26 2.56526E-18
 2.94658E-18 9.86594E-19 6.02293E-25 4.11210E-04 1.41388E-13 2.62112E-06 2.55233E-08 7.53725E-11
 2.49996E-11 1.07210E-12 3.03832E-09 6.22148E-08 1.59940E-06 1.31538E-11 2.01572E-05 2.69362E-18
 1.36259E-17 9.51119E-17 1.23139E-12 6.95648E-17 3.09376E-18 4.91912E-20 1.53982E-22 7.53087E-21
 6.09147E-31 6.79576E-30 2.06438E-18 6.77198E-20 4.16797E-13 9.78424E-17 3.76684E-12 8.65005E-29
 2.48819E-04 1.18434E-28 3.23235E-27 2.94635E-18 2.67865E-18 8.69150E-19 2.96235E-25 4.08124E-04
 6.35739E-14 5.81824E-06 1.80432E-08 4.65805E-11 1.19971E-11 3.07802E-13 4.80096E-09 7.65867E-08
 1.59952E-06 9.54752E-12 2.31004E-05 9.05535E-19 9.25976E-18 9.82363E-17 1.18246E-12 5.74913E-17
 1.34309E-18 1.39495E-20 3.92814E-23 5.68545E-21 2.56273E-31 4.44688E-30 1.99945E-18 1.43245E-20
 5.54404E-13 9.23861E-17 3.62850E-12 3.05660E-29 2.48670E-04 1.33929E-29 8.39581E-28 2.87415E-18
 2.84079E-18 7.74881E-19 1.38719E-25 4.05040E-04 3.15786E-14 1.08800E-05 1.27992E-08 3.19785E-11
 6.33605E-12 9.01999E-14 6.59841E-09 8.82245E-08 1.59878E-06 7.01274E-12 2.60310E-05 3.20772E-19
 7.06620E-18 1.05292E-16 1.13335E-12 4.86010E-17 6.47336E-19 4.80998E-21 1.21464E-23 4.23538E-21
 1.18820E-31 2.77173E-30 1.94158E-18 3.78938E-21 6.95519E-13 8.51208E-17 3.48661E-12 1.18416E-29
 2.47580E-04 1.57810E-30 2.55809E-28 2.67443E-18 3.11269E-18 6.98171E-19 6.84606E-26 4.01962E-04
 1.74709E-14 1.80112E-05 9.15445E-09 2.32524E-11 3.60055E-12 2.73515E-14 8.17356E-09 9.74550E-08
 1.59766E-06 5.22287E-12 2.89214E-05 1.21048E-19 5.88452E-18 1.13753E-16 1.08493E-12 4.07497E-17
 3.30563E-19 1.92052E-21 4.16776E-24 3.08612E-21 5.43886E-32 1.64582E-30 1.89024E-18 1.18034E-21
 8.35989E-13 7.65380E-17 3.34533E-12 4.82722E-30 2.45434E-04 2.11061E-31 9.21092E-29 2.51001E-18
 3.33529E-18 6.35218E-19 3.68282E-26 3.98918E-04 1.05567E-14 2.73288E-05 6.61495E-09 1.73911E-11
 2.16049E-12 8.62577E-15 9.35690E-09 1.04792E-07 1.59639E-06 3.94531E-12 3.17657E-05 4.88500E-20
 5.22054E-18 1.22429E-16 1.03765E-12 3.38898E-17 1.73646E-19 8.36665E-22 1.52091E-24 2.21679E-21
 2.43902E-32 9.34554E-31 1.84466E-18 4.12626E-22 9.74303E-13 6.72927E-17 3.20617E-12 2.04407E-30
 2.42171E-04 3.41481E-32 3.83773E-29 2.41823E-18 3.47463E-18 5.82624E-19 2.15763E-26 3.95913E-04
 6.84474E-15 3.88709E-05 4.83284E-09 1.31641E-11 1.35099E-12 2.83395E-15 1.00613E-08 1.10684E-07
 1.59509E-06 3.02185E-12 3.45644E-05 2.10791E-20 4.83825E-18 1.30918E-16 9.91752E-13 2.80294E-17
 9.23071E-20 3.81320E-22 5.78798E-25 1.57870E-21 1.07758E-32 5.08892E-31 1.80409E-18 1.56702E-22
 1.10954E-12 5.79316E-17 3.07006E-12 8.90508E-31 2.37773E-04 6.84424E-33 1.80529E-29 2.39643E-18
 3.53596E-18 5.37808E-19 1.36173E-26 3.92947E-04 4.71569E-15 5.25196E-05 3.57772E-09 9.99675E-12
 8.73566E-13 9.75635E-16 1.02599E-08 1.15447E-07 1.59383E-06 2.34947E-12 3.73044E-05 9.73876E-21
 4.61634E-18 1.39187E-16 9.47683E-13 2.31053E-17 4.92466E-20 1.78076E-22 2.27981E-25 1.11860E-21
 4.72133E-33 2.66121E-31 1.76805E-18 6.33962E-23 1.24007E-12 4.88653E-17 2.93860E-12 3.96624E-31
 2.32295E-04 1.47899E-33 9.41216E-30 2.43624E-18 3.52931E-18 4.99158E-19 9.16231E-27 3.90033E-04
 3.41262E-15 6.81936E-05 2.68114E-09 7.57566E-12 5.79537E-13 3.51360E-16 1.00106E-08 1.19354E-07
 1.59265E-06 1.85155E-12 4.00004E-05 4.78566E-21 4.48583E-18 1.47430E-16 9.05366E-13 1.90044E-17
 2.62231E-20 8.40723E-23 9.21791E-26 7.90043E-22 2.05676E-33 1.33979E-31 1.73579E-18 2.68434E-23
 1.36564E-12 4.04369E-17 2.81206E-12 1.79342E-31 2.25783E-04 5.30142E-34 5.32680E-30 2.52751E-18
 3.46623E-18 4.65214E-19 6.48790E-27 3.87156E-04 2.56927E-15 8.58047E-05 2.02973E-09 5.71114E-12
 3.92116E-13 1.31699E-16 9.40616E-09 1.22610E-07 1.59154E-06 1.47576E-12 4.26729E-05 2.47644E-21
 4.40790E-18 1.55813E-16 8.64614E-13 1.56055E-17 1.38878E-20 3.97784E-23 3.79879E-26 5.56710E-22
 8.91500E-34 6.50815E-32 1.70660E-18 1.17434E-23 1.48636E-12 3.28661E-17 2.69032E-12 8.18791E-32
 2.18295E-04 4.15382E-34 3.21866E-30 2.66273E-18 3.35529E-18 4.34898E-19 4.78319E-27 3.84291E-04
 2.00515E-15 1.05044E-04 1.55280E-09 4.27746E-12 2.69943E-13 5.14171E-17 8.53953E-09 1.25335E-07
 1.59052E-06 1.18956E-12 4.53142E-05 1.34171E-21 4.36096E-18 1.64299E-16 8.25638E-13 1.28024E-17
 7.30881E-21 1.88352E-23 1.59346E-26 3.91737E-22 3.85475E-34 3.05547E-32 1.68014E-18 5.27904E-24
 1.60127E-12 2.62572E-17 2.57431E-12 3.76718E-32 2.09980E-04 9.77366E-35 2.05796E-30 2.83767E-18
 3.20119E-18 4.07723E-19 3.64814E-27 3.81447E-04 1.61760E-15 1.25521E-04 1.20094E-09 3.18114E-12
 1.88746E-13 2.09156E-17 7.51307E-09 1.27618E-07 1.58959E-06 9.69707E-13 4.79149E-05 7.56601E-22
 4.33221E-18 1.72701E-16 7.88623E-13 1.04990E-17 3.82153E-21 8.92425E-24 6.79571E-27 2.75456E-22
 1.66546E-34 1.38933E-32 1.65614E-18 2.42904E-24 1.70966E-12 2.06409E-17 2.46477E-12 1.74455E-32
 2.01031E-04 2.19048E-35 1.38140E-30 3.04804E-18 3.00859E-18 3.83347E-19 2.86185E-27 3.78632E-04
 1.34581E-15 1.46790E-04 9.39370E-10 2.34942E-12 1.33865E-13 8.86340E-18 6.42384E-09 1.29530E-07
 1.58876E-06 7.99463E-13 5.04639E-05 4.41645E-22 4.31403E-18 1.80725E-16 7.53721E-13 8.61147E-18
 1.98607E-21 4.23402E-24 2.94428E-27 1.93667E-22 7.19945E-35 6.13403E-33 1.63433E-18 1.14103E-24
 1.81103E-12 1.59860E-17 2.36217E-12 8.12643E-33 1.91667E-04 9.90118E-36 9.66569E-31 3.28838E-18
 2.78320E-18 3.61505E-19 2.29675E-27 3.75857E-04 1.15263E-15 1.68376E-04 7.43605E-10 1.72415E-12
 9.62182E-14 3.91170E-18 5.35272E-09 1.31131E-07 1.58801E-06 6.66713E-13 5.29490E-05 2.65683E-22
 4.30197E-18 1.88040E-16 7.21047E-13 7.06775E-18 1.02689E-21 2.01431E-24 1.29534E-27 1.36214E-22
 3.11743E-35 2.63746E-33 1.61449E-18 5.46310E-25 1.90509E-12 1.22159E-17 2.26681E-12 3.80715E-33
 1.82119E-04 8.87488E-36 7.00441E-31 3.55149E-18 2.53244E-18 3.41980E-19 1.87639E-27 3.73133E-04
 1.01470E-15 1.89813E-04 5.96261E-10 1.25848E-12 7.00451E-14 1.79834E-18 4.35886E-09 1.32466E-07
 1.58733E-06 5.62611E-13 5.53579E-05 1.64268E-22 4.29336E-18 1.94345E-16 6.90675E-13 5.80684E-18
 5.28923E-22 9.63288E-25 5.78721E-28 9.58834E-23 1.35378E-35 1.10801E-33 1.59641E-18 2.66349E-25
 1.99173E-12 9.22561E-18 2.17878E-12 1.79410E-33 1.72617E-04 3.71274E-35 5.22589E-31 3.82797E-18
 2.26594E-18 3.24580E-19 1.55335E-27 3.70472E-04 9.16970E-16 2.10672E-04 4.84970E-10 9.14885E-13
 5.16248E-14 8.64943E-19 3.47913E-09 1.33577E-07 1.58672E-06 4.80665E-13 5.76784E-05 1.04451E-22
 4.28669E-18 1.99412E-16 6.62635E-13 4.77762E-18 2.72061E-22 4.66242E-25 2.63395E-28 6.75734E-23
 5.91839E-36 4.56721E-34 1.57991E-18 1.32198E-25 2.07098E-12 6.89855E-18 2.09806E-12 8.50994E-34
 1.63370E-04 2.50116E-34 3.99166E-31 4.10518E-18 1.99648E-18 3.09122E-19 1.29726E-27 3.67885E-04
 8.41939E-16 2.31392E-04 3.97501E-10 6.61611E-13 3.82992E-14 4.28031E-19 2.73200E-09 1.34534E-07
 1.58615E-06 4.13476E-13 5.99898E-05 6.74325E-23 4.28080E-18 2.03252E-16 6.35875E-13 3.93128E-18
 1.39191E-22 2.25791E-25 1.20625E-28 4.76188E-23 2.58234E-36 1.84699E-34 1.56422E-18 6.61093E-26
 2.14591E-12 5.11048E-18 2.02152E-12 4.03880E-34 1.54200E-04 4.57468E-35 3.08963E-31 4.37446E-18
 1.73316E-18 2.94875E-19 1.08652E-27 3.65281E-04 7.77530E-16 2.52566E-04 3.25708E-10 4.75027E-13
 2.84360E-14 2.13055E-19 2.11496E-09 1.35394E-07 1.58559E-06 3.55854E-13 6.23844E-05 4.35157E-23
 4.27494E-18 2.05868E-16 6.09306E-13 3.22995E-18 7.04736E-23 1.07490E-25 5.47612E-29 3.35010E-23
 1.11285E-36 7.31396E-35 1.54857E-18 3.29626E-26 2.21958E-12 3.74902E-18 1.94597E-12 1.90551E-34
 1.44861E-04 1.42971E-35 2.40495E-31 4.63054E-18 1.48144E-18 2.81168E-19 9.08985E-28 3.62550E-04
 7.21388E-16 2.74010E-04 2.66573E-10 3.38870E-13 2.11284E-14 1.06375E-19 1.61511E-09 1.36166E-07
 1.58503E-06 3.06185E-13 6.48645E-05 2.80263E-23 4.26874E-18 2.07172E-16 5.82916E-13 2.64935E-18
 3.53781E-23 5.03406E-26 2.47030E-29 2.35260E-23 4.75478E-37 2.84260E-35 1.53283E-18 1.63930E-26
 2.29203E-12 2.72506E-18 1.87135E-12 8.94164E-35 1.35450E-04 2.81137E-36 1.88157E-31 4.86625E-18
 1.24836E-18 2.67927E-19 7.59077E-28 3.59680E-04 6.72492E-16 2.95448E-04 2.17969E-10 2.40446E-13
 1.57183E-14 5.32884E-20 1.21737E-09 1.36855E-07 1.58446E-06 2.63405E-13 6.74173E-05 1.80243E-23
 4.26194E-18 2.07162E-16 5.56835E-13 2.16975E-18 1.76370E-23 2.32592E-26 1.11072E-29 1.64923E-23
 2.02026E-37 1.08600E-35 1.51698E-18 8.14163E-27 2.36290E-12 1.96384E-18 1.79796E-12 4.17653E-35
 1.26107E-04 6.12263E-37 1.48046E-31 5.07729E-18 1.03806E-18 2.55153E-19 6.32857E-28 3.56677E-04
 6.29871E-16 3.16646E-04 1.78098E-10 1.69895E-13 1.17119E-14 2.67890E-20 9.06330E-10 1.37468E-07
 1.58387E-06 2.26588E-13 7.00295E-05 1.15807E-23 4.25429E-18 2.05914E-16 5.31172E-13 1.77438E-18
 8.74305E-24 1.06260E-26 4.98643E-30 1.15419E-23 8.54770E-38 4.08355E-36 1.50097E-18 4.04132E-27
 2.43189E-12 1.40403E-18 1.72603E-12 1.94278E-35 1.16948E-04 1.37869E-37 1.17209E-31 5.26157E-18
 8.52422E-19 2.42838E-19 5.26934E-28 3.53546E-04 5.92623E-16 3.37410E-04 1.45445E-10 1.19703E-13
 8.74207E-15 1.35168E-20 6.67082E-10 1.38010E-07 1.58326E-06 1.94923E-13 7.26876E-05 7.43660E-24
 4.24559E-18 2.03557E-16 5.06018E-13 1.44905E-18 4.31581E-24 4.80889E-27 2.23742E-30 8.06415E-24
 3.60360E-38 1.51318E-36 1.48476E-18 2.00597E-27 2.49874E-12 9.96468E-19 1.65578E-12 9.00312E-36
 1.08074E-04 4.05691E-38 9.34067E-32 5.41852E-18 6.91790E-19 2.30967E-19 4.38308E-28 3.50288E-04
 5.59941E-16 3.57589E-04 1.18742E-10 8.42319E-14 6.53735E-15 6.84581E-21 4.85871E-10 1.38484E-07
 1.58262E-06 1.67706E-13 7.53780E-05 4.77457E-24 4.23561E-18 2.00248E-16 4.81451E-13 1.18181E-18
 2.12486E-24 2.15936E-27 1.00399E-30 5.62514E-24 1.51431E-38 5.53274E-37 1.46829E-18 9.96018E-28
 2.56322E-12 7.02497E-19 1.58735E-12 4.15749E-36 9.95619E-05 1.62655E-38 7.49505E-32 5.54871E-18
 5.55340E-19 2.19520E-19 3.64339E-28 3.46907E-04 5.31115E-16 3.77079E-04 9.69311E-11 5.93092E-14
 4.89782E-15 3.48038E-21 3.50549E-10 1.38896E-07 1.58194E-06 1.44324E-13 7.80875E-05 3.06581E-24
 4.22412E-18 1.96156E-16 4.57533E-13 9.62665E-19 1.04547E-24 9.63507E-28 4.50708E-31 3.91752E-24
 6.34422E-39 1.99861E-37 1.45153E-18 4.94810E-28 2.62513E-12 4.92255E-19 1.52087E-12 1.91341E-36
 9.14710E-05 7.22470E-39 6.05674E-32 5.65353E-18 4.41382E-19 2.08473E-19 3.02721E-28 3.43403E-04
 5.05531E-16 3.95816E-04 7.91329E-11 4.18843E-14 3.67628E-15 1.77618E-21 2.50785E-10 1.39251E-07
 1.58120E-06 1.24246E-13 8.08033E-05 1.96933E-24 4.21087E-18 1.91447E-16 4.34317E-13 7.83226E-19
 5.15261E-25 4.27819E-28 2.02455E-31 2.72392E-24 2.65023E-39 7.14122E-38 1.43439E-18 2.45969E-28
 2.68427E-12 3.43051E-19 1.45643E-12 8.77727E-37 8.38408E-05 3.68797E-39 4.92981E-32 5.73486E-18
 3.47667E-19 1.97799E-19 2.51466E-28 3.39772E-04 4.82662E-16 4.13773E-04 6.46209E-11 2.97517E-14
 2.76434E-15 9.09920E-22 1.78076E-10 1.39553E-07 1.58039E-06 1.07012E-13 8.35133E-05 1.26574E-24
 4.19557E-18 1.86274E-16 4.11848E-13 6.36521E-19 2.55114E-25 1.89314E-28 9.10077E-32 1.89096E-24
 1.10404E-39 2.52675E-38 1.41680E-18 1.22348E-28 2.74046E-12 2.37900E-19 1.39411E-12 4.01327E-37
 7.66948E-05 1.99519E-39 4.04182E-32 5.79486E-18 2.71661E-19 1.87472E-19 2.08869E-28 3.36011E-04
 4.62056E-16 4.30960E-04 5.27955E-11 2.13325E-14 2.08216E-15 4.67927E-22 1.25625E-10 1.39805E-07
 1.57949E-06 9.22247E-14 8.62061E-05 8.14118E-25 4.17793E-18 1.80777E-16 3.90164E-13 5.16752E-19
 1.27344E-25 8.36209E-29 4.09422E-32 1.31063E-24 4.58693E-40 8.86228E-39 1.39869E-18 6.08908E-29
 2.79352E-12 1.64256E-19 1.33397E-12 1.82900E-37 7.00418E-05 1.10162E-39 3.33793E-32 5.83566E-18
 2.10775E-19 1.77464E-19 1.73481E-28 3.32113E-04 4.43328E-16 4.47416E-04 4.31637E-11 1.55064E-14
 1.57081E-15 2.41556E-22 8.81250E-11 1.40013E-07 1.57848E-06 7.95409E-14 8.88714E-05 5.24084E-25
 4.15759E-18 1.75072E-16 3.69296E-13 4.19110E-19 6.43638E-26 3.69341E-29 1.84338E-32 9.06947E-25
 1.90083E-40 3.08410E-39 1.37997E-18 3.03162E-29 2.84327E-12 1.12963E-19 1.27604E-12 8.30757E-38
 6.38793E-05 6.17738E-40 2.77650E-32 5.85923E-18 1.62528E-19 1.67747E-19 1.44081E-28 3.28066E-04
 4.26155E-16 4.63207E-04 3.53208E-11 1.14839E-14 1.18675E-15 1.25182E-22 6.15229E-11 1.40179E-07
 1.57734E-06 6.86647E-14 9.14997E-05 3.37691E-25 4.13417E-18 1.69258E-16 3.49274E-13 3.39618E-19
 3.31065E-26 1.63462E-29 8.30634E-33 6.26606E-25 7.85778E-41 1.06578E-39 1.36053E-18 1.50962E-29
 2.88950E-12 7.74142E-20 1.22038E-12 3.76039E-38 5.81955E-05 3.49119E-40 2.32583E-32 5.86725E-18
 1.24658E-19 1.58294E-19 1.19649E-28 3.23859E-04 4.10262E-16 4.78418E-04 2.89357E-11 8.71237E-15
 8.97727E-16 6.51310E-23 4.27784E-11 1.40305E-07 1.57605E-06 5.93416E-14 9.40822E-05 2.17801E-25
 4.10726E-18 1.63414E-16 3.30125E-13 2.74991E-19 1.74261E-26 7.26682E-30 3.74583E-33 4.32239E-25
 3.24080E-41 3.65989E-40 1.34027E-18 7.51627E-30 2.93201E-12 5.28838E-20 1.16700E-12 1.69603E-38
 5.29718E-05 1.98689E-40 1.96163E-32 5.86110E-18 9.51779E-20 1.49078E-19 9.93303E-29 3.19473E-04
 3.95425E-16 4.93157E-04 2.37379E-11 6.80695E-15 6.79828E-16 3.40262E-23 2.96462E-11 1.40394E-07
 1.57456E-06 5.13523E-14 9.66112E-05 1.40613E-25 4.07640E-18 1.57599E-16 3.11873E-13 2.22520E-19
 9.43804E-27 3.25432E-30 1.69054E-33 2.97705E-25 1.33376E-41 1.24966E-40 1.31906E-18 3.74039E-30
 2.97056E-12 3.60222E-20 1.11595E-12 7.62097E-39 4.81849E-05 1.13732E-40 1.66527E-32 5.84177E-18
 7.23908E-20 1.40076E-19 8.24205E-29 3.14890E-04 3.81463E-16 5.07545E-04 1.95064E-11 5.50067E-15
 5.15264E-16 1.78527E-23 2.04904E-11 1.40448E-07 1.57286E-06 4.45088E-14 9.90794E-05 9.08677E-26
 4.04109E-18 1.51860E-16 2.94541E-13 1.79977E-19 5.28411E-27 1.47311E-30 7.63549E-34 2.04743E-25
 5.47871E-42 4.24472E-41 1.29679E-18 1.85961E-30 3.00493E-12 2.44717E-20 1.06725E-12 3.41111E-39
 4.38084E-05 6.54422E-41 1.42236E-32 5.80993E-18 5.48846E-20 1.31264E-19 6.83354E-29 3.10087E-04
 3.68239E-16 5.21720E-04 1.60617E-11 4.60894E-15 3.90780E-16 9.40963E-24 1.41326E-11 1.40467E-07
 1.57088E-06 3.86499E-14 1.01480E-04 5.87748E-26 4.00080E-18 1.46232E-16 2.78156E-13 1.45531E-19
 3.06707E-27 6.76597E-31 3.45136E-34 1.40615E-25 2.24689E-42 1.43480E-41 1.27331E-18 9.23203E-31
 3.03482E-12 1.65837E-20 1.02095E-12 1.52065E-39 3.98141E-05 3.78346E-41 1.22175E-32 5.76594E-18
 4.15051E-20 1.22626E-19 5.65936E-29 3.05041E-04 3.55656E-16 5.35832E-04 1.32573E-11 4.00436E-15
 2.96474E-16 4.98387E-24 9.73201E-12 1.40453E-07 1.56860E-06 3.36373E-14 1.03809E-04 3.80488E-26
 3.95499E-18 1.40740E-16 2.62743E-13 1.17679E-19 1.84664E-27 3.16626E-31 1.56134E-34 9.64539E-26
 9.20359E-43 4.82754E-42 1.24849E-18 4.57389E-31 3.05995E-12 1.12116E-20 9.77068E-13 6.75076E-40
 3.61730E-05 2.19633E-41 1.05474E-32 5.70991E-18 3.13242E-20 1.14147E-19 4.67986E-29 2.99723E-04
 3.43666E-16 5.50045E-04 1.09746E-11 3.59908E-15 2.24934E-16 2.65380E-24 6.69409E-12 1.40404E-07
 1.56595E-06 2.93534E-14 1.06059E-04 2.46505E-26 3.90309E-18 1.35400E-16 2.48334E-13 9.51913E-20
 1.15125E-27 1.51591E-31 7.06944E-35 6.60949E-26 3.76727E-43 1.61694E-42 1.22220E-18 2.25991E-31
 3.08001E-12 7.56203E-21 9.35662E-13 2.98423E-40 3.28559E-05 1.27950E-41 9.14548E-33 5.64173E-18
 2.36057E-20 1.05817E-19 3.86238E-29 2.94107E-04 3.32266E-16 5.64537E-04 9.11734E-12 3.33247E-15
 1.70600E-16 1.42134E-24 4.60096E-12 1.40320E-07 1.56287E-06 2.56975E-14 1.08228E-04 1.59812E-26
 3.84454E-18 1.30225E-16 2.34963E-13 7.70606E-20 7.40497E-28 7.45241E-32 3.20403E-35 4.52591E-26
 1.54197E-43 5.39103E-43 1.19430E-18 1.11268E-31 3.09465E-12 5.08839E-21 8.96783E-13 1.31356E-40
 2.98342E-05 7.47569E-42 7.95835E-33 5.56115E-18 1.77716E-20 9.76362E-20 3.18002E-29 2.88163E-04
 3.21509E-16 5.79499E-04 7.60791E-12 3.16257E-15 1.29290E-16 7.66168E-25 3.16080E-12 1.40199E-07
 1.55929E-06 2.25849E-14 1.10310E-04 1.03674E-26 3.77879E-18 1.25224E-16 2.22672E-13 6.24647E-20
 4.89210E-28 3.77211E-32 1.45376E-35 3.09821E-26 6.31640E-44 1.78880E-43 1.16468E-18 5.45407E-32
 3.10352E-12 3.41537E-21 8.60492E-13 5.75734E-41 2.70797E-05 4.37771E-42 6.94405E-33 5.46781E-18
 1.33725E-20 8.96099E-20 2.61058E-29 2.81864E-04 3.11509E-16 5.95137E-04 6.38378E-12 3.06021E-15
 9.78565E-17 4.15985E-25 2.17077E-12 1.40037E-07 1.55511E-06 1.99436E-14 1.12305E-04 6.73039E-27
 3.70535E-18 1.20401E-16 2.11510E-13 5.07326E-20 3.30454E-28 1.96839E-32 6.60472E-36 2.12137E-26
 2.59221E-44 5.90433E-44 1.13322E-18 2.65872E-32 3.10625E-12 2.28616E-21 8.26858E-13 2.51297E-41
 2.45652E-05 2.56768E-42 6.06954E-33 5.36135E-18 1.00617E-20 8.17532E-20 2.13572E-29 2.75183E-04
 3.02447E-16 6.11671E-04 5.39504E-12 3.00485E-15 7.39217E-17 2.27733E-25 1.49044E-12 1.39832E-07
 1.55023E-06 1.77141E-14 1.14210E-04 4.37424E-27 3.62380E-18 1.15763E-16 2.01538E-13 4.13175E-20
 2.27317E-28 1.05882E-32 3.00522E-36 1.45386E-26 1.06721E-44 1.93730E-44 1.09984E-18 1.28727E-32
 3.10248E-12 1.52555E-21 7.95960E-13 1.09249E-41 2.22644E-05 1.50752E-42 5.30885E-33 5.24145E-18
 7.57363E-21 7.40908E-20 1.74025E-29 2.68097E-04 2.94576E-16 6.29335E-04 4.60224E-12 2.98182E-15
 5.56891E-17 1.25955E-25 1.02294E-12 1.39578E-07 1.54454E-06 1.58469E-14 1.16025E-04 2.85029E-27
 3.53382E-18 1.11313E-16 1.92827E-13 3.37741E-20 1.58738E-28 5.86395E-33 1.36986E-36 9.98164E-27
 4.41480E-45 6.31247E-45 1.06452E-18 6.18087E-33 3.09185E-12 1.01429E-21 7.67879E-13 4.73171E-42
 2.01520E-05 8.85548E-43 4.64164E-33 5.10788E-18 5.70698E-21 6.66568E-20 1.41154E-29 2.60589E-04
 2.88215E-16 6.48380E-04 3.97470E-12 2.98036E-15 4.17982E-17 7.07198E-26 7.01559E-13 1.39269E-07
 1.53790E-06 1.43023E-14 1.17751E-04 1.87016E-27 3.43524E-18 1.07056E-16 1.85461E-13 2.77404E-20
 1.12269E-28 3.34040E-33 6.25806E-37 6.87223E-27 1.83866E-45 2.03968E-45 1.02724E-18 2.93778E-33
 3.07403E-12 6.71418E-22 7.42703E-13 2.04220E-42 1.82034E-05 5.20582E-43 4.05211E-33 4.96061E-18
 4.31105E-21 5.94939E-20 1.13904E-29 2.52648E-04 2.83706E-16 6.69071E-04 3.48922E-12 2.99227E-15
 3.12173E-17 4.08793E-26 4.80492E-13 1.38896E-07 1.53014E-06 1.30488E-14 1.19389E-04 1.25044E-27
 3.32805E-18 1.02995E-16 1.79539E-13 2.29220E-20 8.03024E-29 1.96349E-33 2.87031E-37 4.75035E-27
 7.73168E-46 6.52311E-46 9.88065E-19 1.37924E-33 3.04873E-12 4.42057E-22 7.20515E-13 8.78650E-43
 1.63952E-05 3.07355E-43 3.52806E-33 4.79983E-18 3.27739E-21 5.26518E-20 9.13909E-30 2.44271E-04
 2.81246E-16 6.91688E-04 3.12905E-12 3.01105E-15 2.31632E-17 2.53449E-26 3.28356E-13 1.38451E-07
 1.52106E-06 1.20631E-14 1.20943E-04 8.78045E-28 3.21247E-18 9.91348E-17 1.75177E-13 1.90801E-20
 5.80823E-29 1.21502E-33 1.33908E-37 3.30105E-27 3.31635E-46 2.06080E-46 9.47109E-19 6.39076E-34
 3.01572E-12 2.89130E-22 7.01397E-13 3.78076E-43 1.47046E-05 1.85888E-43 3.06024E-33 4.62600E-18
 2.53684E-21 4.61841E-20 7.28698E-30 2.35466E-04 2.80436E-16 7.16527E-04 2.88310E-12 3.03141E-15
 1.70416E-17 1.85717E-26 2.25373E-13 1.37922E-07 1.51045E-06 1.13287E-14 1.22417E-04 6.89309E-28
 3.08892E-18 9.54806E-17 1.72506E-13 1.60236E-20 4.31106E-29 8.50125E-34 6.99353E-38 2.31055E-27
 1.57267E-46 6.63310E-47 9.04551E-19 3.05648E-34 2.97483E-12 1.89071E-22 6.85415E-13 1.72283E-43
 1.31100E-05 1.25997E-43 2.64182E-33 4.43991E-18 2.06573E-21 4.01447E-20 5.77119E-30 2.26254E-04
 2.85150E+02 2.78650E+02 2.72150E+02 2.65660E+02 2.61170E+02 2.55680E+02 2.49190E+02 2.42700E+02
 2.36210E+02 2.25000E+02 2.10000E+02 2.10000E+02 2.10000E+02 2.10000E+02 2.10000E+02 2.10000E+02
 2.10000E+02 2.10000E+02 2.10000E+02 2.10000E+02 2.10000E+02 2.10000E+02 2.10000E+02 2.10000E+02
 2.10000E+02 2.10000E+02 2.10000E+02 2.10000E+02 2.10000E+02 2.10000E+02 2.10000E+02 2.10000E+02
 2.10000E+02 2.10000E+02 2.10000E+02 2.10000E+02 2.10000E+02 2.10000E+02 2.10000E+02 2.10000E+02
 2.10000E+02 2.10000E+02 2.10000E+02 2.10000E+02 2.10000E+02 2.10000E+02 2.10000E+02 2.10000E+02
 2.10000E+02 2.10000E+02 2.10000E+02 2.10000E+02 2.10000E+02 2.10000E+02 2.10000E+02 2.10000E+02
 2.10000E+02 2.10000E+02 2.10000E+02 2.10000E+02 2.10000E+02 2.10000E+02 2.10000E+02 2.10000E+02
 2.10000E+02 2.10000E+02 2.10000E+02 2.10000E+02 2.10000E+02 2.10000E+02 2.10000E+02 2.10000E+02
 2.10000E+02 2.10000E+02 2.10000E+02 2.10000E+02 2.10000E+02 2.10000E+02 2.10000E+02 2.10000E+02
 2.10000E+02 2.10000E+02 2.10000E+02 2.10000E+02 2.10000E+02 2.10000E+02 2.10000E+02 2.10000E+02
 2.10000E+02 2.10000E+02 2.10000E+02 2.10000E+02 2.10000E+02 2.10000E+02 2.10000E+02 2.10000E+02
 2.10000E+02 2.10000E+02 2.10000E+02 2.10000E+02 1.00000E+05 1.00000E+05 1.00000E+05 1.00000E+05
 1.00000E+05 1.00000E+05 1.00000E+05 1.00000E+05 1.00000E+05 8.94400E+04 4.89900E+04 2.25800E+04
 1.16600E+04 6.81200E+03 5.16500E+03 4.29000E+03 3.95000E+03 3.90000E+03 3.99900E+03 4.34300E+03
 4.84400E+03 5.43900E+03 6.18700E+03 7.03600E+03 7.98400E+03 8.98600E+03 1.00300E+04 1.12800E+04
 1.24900E+04 1.36300E+04 1.51300E+04 1.66900E+04 1.81800E+04 1.99800E+04 2.19800E+04 2.44500E+04
 2.74600E+04 3.04600E+04 3.39400E+04 3.79500E+04 4.19500E+04 4.64300E+04 5.19100E+04 5.84000E+04
 6.44500E+04 7.13600E+04 7.99000E+04 8.79100E+04 9.68700E+04 1.06900E+05 1.17800E+05 1.31800E+05
 1.48300E+05 1.65800E+05 1.83300E+05 2.01800E+05 2.25600E+05 2.52200E+05 2.77200E+05 3.07000E+05
 3.42100E+05 3.79500E+05 4.21900E+05 4.71700E+05 5.17400E+05 5.67400E+05 6.22400E+05 6.82600E+05
 7.48700E+05 8.21200E+05 9.00700E+05 9.87900E+05 1.00000E+06 1.00000E+06 1.00000E+06 1.00000E+06
 1.00000E+06 1.00000E+06 1.00000E+06 1.00000E+06 1.00000E+06 1.00000E+06 1.00000E+06 1.00000E+06
 1.00000E+06 1.00000E+06 1.00000E+06 1.00000E+06 1.00000E+06 1.00000E+06 1.00000E+06 1.00000E+06
 1.00000E+06 1.00000E+06 1.00000E+06 1.00000E+06 1.00000E+06 1.00000E+06 1.00000E+06 1.00000E+06
 2.42865E+19 2.20948E+19 2.00569E+19 1.81644E+19 1.62930E+19 1.46409E+19 1.31756E+19 1.18245E+19
 1.05814E+19 9.62411E+18 8.85714E+18 7.56705E+18 6.46519E+18 5.52405E+18 4.72014E+18 4.03342E+18
 3.44678E+18 2.94561E+18 2.51743E+18 2.15160E+18 1.83903E+18 1.57194E+18 1.34370E+18 1.14866E+18
 9.81981E+17 8.39528E+17 7.17775E+17 6.13710E+17 5.24758E+17 4.48721E+17 3.83720E+17 3.28151E+17
 2.80644E+17 2.40025E+17 2.05296E+17 1.75600E+17 1.50207E+17 1.28492E+17 1.09922E+17 9.40404E+16
 8.04571E+16 6.88392E+16 5.89018E+16 5.04013E+16 4.31297E+16 3.69090E+16 3.15871E+16 2.70338E+16
 2.31380E+16 1.98046E+16 1.69523E+16 1.45114E+16 1.24226E+16 1.06350E+16 9.10508E+15 7.79561E+15
 6.67480E+15 5.71540E+15 4.89415E+15 4.19110E+15 3.58922E+15 3.07392E+15 2.63274E+15 2.25498E+15
 1.93152E+15 1.65454E+15 1.41734E+15 1.21421E+15 1.04024E+15 8.91245E+14 7.63624E+14 6.54310E+14
 5.60671E+14 4.80456E+14 4.11738E+14 3.52865E+14 3.02425E+14 2.59207E+14 2.22176E+14 1.90445E+14
 1.63253E+14 1.39951E+14 1.19980E+14 1.02865E+14 8.81947E+13 7.56205E+13 6.48422E+13 5.56028E+13
 4.76823E+13 4.08920E+13 3.50703E+13 3.00789E+13 2.57992E+13 2.21294E+13 1.89826E+13 1.62840E+13
 1.39698E+13 1.19850E+13 1.02827E+13 8.82260E+12 1.01152E-10 1.23462E-10 1.70378E-10 2.29015E-10
 2.93373E-10 3.58471E-10 4.19575E-10 4.72424E-10 5.12828E-10 5.38991E-10 5.54554E-10 5.67624E-10
 5.67255E-10 5.52827E-10 5.26231E-10 4.90013E-10 4.46775E-10 4.01142E-10 3.56816E-10 3.16540E-10
 2.81850E-10 2.52460E-10 2.27743E-10 2.07046E-10 1.89068E-10 1.72441E-10 1.56653E-10 1.41709E-10
 1.27569E-10 1.14061E-10 1.01262E-10 8.92833E-11 7.80503E-11 6.75912E-11 5.79913E-11 4.93117E-11
 4.16096E-11 3.48200E-11 2.88638E-11 2.37074E-11 1.92689E-11 1.54714E-11 1.22788E-11 9.64546E-12
 7.48350E-12 5.71864E-12 4.30915E-12 3.19631E-12 2.32557E-12 1.65826E-12 1.14781E-12 7.80641E-13
 5.22403E-13 3.42819E-13 2.19248E-13 1.36205E-13 8.28342E-14 4.92698E-14 2.83699E-14 1.58525E-14
 8.61469E-15 4.53380E-15 2.31037E-15 1.14273E-15 5.40179E-16 2.43295E-16 1.04110E-16 4.21824E-17
 1.61283E-17 5.79783E-18 1.95191E-18 6.12874E-19 1.61200E-19 3.39255E-20 5.50458E-21 6.59403E-22
 5.54463E-23 3.08543E-24 1.06086E-25 2.08032E-27 2.11933E-29 1.00601E-31 1.95996E-34 1.35180E-37
 2.77803E-41 1.39142E-45 1.34393E-50 1.90525E-56 2.88428E-63 3.21843E-71 1.71855E-80 2.65447E-91
 1.00000-100 1.00000-100 1.00000-100 1.00000-100 1.00000-100 1.00000-100 1.00000-100 1.00000-100
 4.12371E+01 3.37070E+01 3.30117E+01 3.52797E+01 3.69203E+01 3.75042E+01 3.70869E+01 3.55263E+01
 3.27686E+01 2.97194E+01 2.63565E+01 2.27881E+01 1.92776E+01 1.59245E+01 1.28614E+01 1.01683E+01
 8.27980E+00 7.12568E+00 6.33381E+00 5.93986E+00 5.76046E+00 5.70947E+00 5.84989E+00 6.15624E+00
 5.34289E+00 4.13972E+00 3.19464E+00 2.45484E+00 1.87716E+00 1.42674E+00 1.07713E+00 8.07600E-01
 6.00439E-01 4.42575E-01 3.23182E-01 2.33886E-01 1.68043E-01 1.19759E-01 8.45385E-02 5.91256E-02
 4.09161E-02 2.79675E-02 1.88928E-02 1.26299E-02 8.34047E-03 5.42688E-03 3.48103E-03 2.19733E-03
 1.35957E-03 8.23732E-04 4.84082E-04 2.79406E-04 1.58643E-04 8.83261E-05 4.78555E-05 2.52211E-05
 1.31332E-05 6.68882E-06 3.29805E-06 1.57815E-06 7.34449E-07 3.31037E-07 1.44481E-07 6.12082E-08
 2.47833E-08 9.56160E-09 3.50500E-09 1.21660E-09 3.98515E-10 1.22740E-10 3.54048E-11 9.52526E-12
 2.14682E-12 3.87170E-13 5.38353E-14 5.52690E-15 3.98302E-16 1.89970E-17 5.59858E-19 9.41071E-21
 8.21831E-23 3.34426E-25 5.58573E-28 3.30294E-31 5.81971E-35 2.49932E-39 2.06993E-44 2.51634E-50
 3.26676E-57 3.12611E-65 1.43161E-74 1.89654E-85 6.12813E-95 5.25645E-95 4.50897E-95 3.86798E-95
 3.31827E-95 2.84682E-95 2.44247E-95 2.09565E-95 0.00000E+00 0.00000E+00 0.00000E+00 0.00000E+00
 0.00000E+00 0.00000E+00 0.00000E+00 0.00000E+00 0.00000E+00 0.00000E+00 0.00000E+00 0.00000E+00
 0.00000E+00 0.00000E+00 0.00000E+00 0.00000E+00 0.00000E+00 0.00000E+00 0.00000E+00 0.00000E+00
 0.00000E+00 0.00000E+00 0.00000E+00 0.00000E+00 0.00000E+00 0.00000E+00 0.00000E+00 0.00000E+00
 0.00000E+00 0.00000E+00 0.00000E+00 0.00000E+00 0.00000E+00 0.00000E+00 0.00000E+00 0.00000E+00
 0.00000E+00 0.00000E+00 0.00000E+00 0.00000E+00 0.00000E+00 0.00000E+00 0.00000E+00 0.00000E+00
 0.00000E+00 0.00000E+00 0.00000E+00 0.00000E+00 0.00000E+00 0.00000E+00 0.00000E+00 0.00000E+00
 0.00000E+00 0.00000E+00 0.00000E+00 0.00000E+00 0.00000E+00 0.00000E+00 0.00000E+00 0.00000E+00
 0.00000E+00 0.00000E+00 0.00000E+00 0.00000E+00 0.00000E+00 0.00000E+00 0.00000E+00 0.00000E+00
 0.00000E+00 0.00000E+00 0.00000E+00 0.00000E+00 0.00000E+00 0.00000E+00 0.00000E+00 0.00000E+00
 0.00000E+00 0.00000E+00 0.00000E+00 0.00000E+00 0.00000E+00 0.00000E+00 0.00000E+00 0.00000E+00
 0.00000E+00 0.00000E+00 0.00000E+00 0.00000E+00 0.00000E+00 0.00000E+00 0.00000E+00 0.00000E+00
 0.00000E+00 0.00000E+00 0.00000E+00 0.00000E+00 0.00000E+00 0.00000E+00 0.00000E+00 0.00000E+00
 0.00000E+00 0.00000E+00 0.00000E+00 0.00000E+00 0.00000E+00 0.00000E+00 0.00000E+00 0.00000E+00
 0.00000E+00 0.00000E+00 0.00000E+00 0.00000E+00 0.00000E+00 0.00000E+00 0.00000E+00 0.00000E+00
 0.00000E+00 0.00000E+00 0.00000E+00 0.00000E+00 0.00000E+00 0.00000E+00 0.00000E+00 0.00000E+00
 0.00000E+00 0.00000E+00 0.00000E+00 0.00000E+00 0.00000E+00 0.00000E+00 0.00000E+00 0.00000E+00
 0.00000E+00 0.00000E+00 0.00000E+00 0.00000E+00 0.00000E+00 0.00000E+00 0.00000E+00 0.00000E+00
 0.00000E+00 0.00000E+00 0.00000E+00 0.00000E+00 0.00000E+00 0.00000E+00 0.00000E+00 0.00000E+00
 0.00000E+00 0.00000E+00 0.00000E+00 0.00000E+00 0.00000E+00 0.00000E+00 0.00000E+00 0.00000E+00
 0.00000E+00 0.00000E+00 0.00000E+00 0.00000E+00 0.00000E+00 0.00000E+00 0.00000E+00 0.00000E+00
 0.00000E+00 0.00000E+00 0.00000E+00 0.00000E+00 0.00000E+00 0.00000E+00 0.00000E+00 0.00000E+00
 0.00000E+00 0.00000E+00 0.00000E+00 0.00000E+00 0.00000E+00 0.00000E+00 0.00000E+00 0.00000E+00
 0.00000E+00 0.00000E+00 0.00000E+00 0.00000E+00 0.00000E+00 0.00000E+00 0.00000E+00 0.00000E+00
 0.00000E+00 0.00000E+00 0.00000E+00 0.00000E+00 0.00000E+00 0.00000E+00 0.00000E+00 0.00000E+00
 0.00000E+00 0.00000E+00 0.00000E+00 0.00000E+00 6.95710E-04 7.70722E-04 8.57670E-04 9.39629E-04
 1.02435E-03 1.12090E-03 1.23129E-03 1.35801E-03 1.50790E-03 1.69980E-03 1.95887E-03 2.18576E-03
 2.45362E-03 2.76994E-03 3.14307E-03 3.58280E-03 4.02307E-03 4.41944E-03 4.80397E-03 5.13996E-03
 5.46381E-03 5.79574E-03 6.10923E-03 6.41225E-03 7.20986E-03 8.42790E-03 9.85610E-03 1.15306E-02
 1.34938E-02 1.57909E-02 1.84803E-02 2.16318E-02 2.53229E-02 2.96387E-02 3.46940E-02 4.06154E-02
 4.75420E-02 5.56488E-02 6.51422E-02 7.62599E-02 8.92809E-02 1.04533E-01 1.22399E-01 1.43330E-01
 1.67831E-01 1.96490E-01 2.30066E-01 2.69410E-01 3.15571E-01 3.69765E-01 4.33404E-01 5.08083E-01
 5.95686E-01 6.98408E-01 8.19346E-01 9.60663E-01 1.12195E+00 1.31025E+00 1.53009E+00 1.78674E+00
 2.08633E+00 2.43605E+00 2.84425E+00 3.32069E+00 3.87676E+00 4.52574E+00 5.28310E+00 6.16691E+00
 7.19822E+00 8.40160E+00 9.80569E+00 1.14439E+01 1.33551E+01 1.55848E+01 1.81859E+01 2.12200E+01
 2.47592E+01 2.88873E+01 3.37020E+01 3.93173E+01 4.58659E+01 5.35028E+01 6.24082E+01 7.27924E+01
 8.49004E+01 9.90175E+01 1.15477E+02 1.34665E+02 1.57034E+02 1.83111E+02 2.13507E+02 2.48937E+02
 2.90232E+02 3.38361E+02 3.94453E+02 4.59821E+02 5.35996E+02 6.24761E+02 7.28190E+02 8.48701E+02
 0.00000E+00 0.00000E+00 0.00000E+00 0.00000E+00 0.00000E+00 0.00000E+00 0.00000E+00 0.00000E+00
 0.00000E+00 0.00000E+00 0.00000E+00 0.00000E+00 0.00000E+00 0.00000E+00 0.00000E+00 0.00000E+00
 0.00000E+00 0.00000E+00 0.00000E+00 0.00000E+00 0.00000E+00 0.00000E+00 0.00000E+00 0.00000E+00
 0.00000E+00 0.00000E+00 0.00000E+00 0.00000E+00 0.00000E+00 0.00000E+00 0.00000E+00 0.00000E+00
 0.00000E+00 0.00000E+00 0.00000E+00 0.00000E+00 0.00000E+00 0.00000E+00 0.00000E+00 0.00000E+00
 0.00000E+00 0.00000E+00 0.00000E+00 0.00000E+00 0.00000E+00 0.00000E+00 0.00000E+00 0.00000E+00
 0.00000E+00 0.00000E+00 0.00000E+00 0.00000E+00 0.00000E+00 0.00000E+00 0.00000E+00 0.00000E+00
 0.00000E+00 0.00000E+00 0.00000E+00 0.00000E+00 0.00000E+00 0.00000E+00 0.00000E+00 0.00000E+00
 0.00000E+00 0.00000E+00 0.00000E+00 0.00000E+00 0.00000E+00 0.00000E+00 0.00000E+00 0.00000E+00
 0.00000E+00 0.00000E+00 0.00000E+00 0.00000E+00 0.00000E+00 0.00000E+00 0.00000E+00 0.00000E+00
 0.00000E+00 0.00000E+00 0.00000E+00 0.00000E+00 0.00000E+00 0.00000E+00 0.00000E+00 0.00000E+00
 0.00000E+00 0.00000E+00 0.00000E+00 0.00000E+00 0.00000E+00 0.00000E+00 0.00000E+00 0.00000E+00
 0.00000E+00 0.00000E+00 0.00000E+00 0.00000E+00 0.00000E+00 0.00000E+00 0.00000E+00 0.00000E+00
 0.00000E+00 0.00000E+00 0.00000E+00 0.00000E+00 0.00000E+00 0.00000E+00 0.00000E+00 0.00000E+00
 0.00000E+00 0.00000E+00 0.00000E+00 0.00000E+00 0.00000E+00 0.00000E+00 0.00000E+00 0.00000E+00
 0.00000E+00 0.00000E+00 0.00000E+00 0.00000E+00 0.00000E+00 0.00000E+00 0.00000E+00 0.00000E+00
 0.00000E+00 0.00000E+00 0.00000E+00 0.00000E+00 0.00000E+00 0.00000E+00 0.00000E+00 0.00000E+00
 0.00000E+00 0.00000E+00 0.00000E+00 0.00000E+00 0.00000E+00 0.00000E+00 0.00000E+00 0.00000E+00
 0.00000E+00 0.00000E+00 0.00000E+00 0.00000E+00 0.00000E+00 0.00000E+00 0.00000E+00 0.00000E+00
 0.00000E+00 0.00000E+00 0.00000E+00 0.00000E+00 0.00000E+00 0.00000E+00 0.00000E+00 0.00000E+00
 0.00000E+00 0.00000E+00 0.00000E+00 0.00000E+00 0.00000E+00 0.00000E+00 0.00000E+00 0.00000E+00
 0.00000E+00 0.00000E+00 0.00000E+00 0.00000E+00 0.00000E+00 0.00000E+00 0.00000E+00 0.00000E+00
 0.00000E+00 0.00000E+00 0.00000E+00 0.00000E+00 0.00000E+00 0.00000E+00 0.00000E+00 0.00000E+00
 0.00000E+00 0.00000E+00 0.00000E+00 0.00000E+00 0.00000E+00 0.00000E+00 0.00000E+00 0.00000E+00
 0.00000E+00 0.00000E+00 0.00000E+00 0.00000E+00 0.00000E+00 0.00000E+00 0.00000E+00 0.00000E+00
 1.80924E-05 1.80924E-05 1.80924E-05 1.80924E-05 1.80924E-05 1.80924E-05 1.80924E-05 1.80924E-05
 1.80924E-05 1.80924E-05 1.80924E-05 1.80924E-05 1.80924E-05 1.80924E-05 1.80924E-05 1.80924E-05
 1.77919E-05 1.70904E-05 1.61889E-05 1.50482E-05 1.38477E-05 1.26768E-05 1.15082E-05 1.03810E-05
 1.00000E-05 1.00000E-05 1.00000E-05 1.00000E-05 1.00000E-05 1.00000E-05 1.00000E-05 1.00000E-05
 1.00000E-05 1.00000E-05 1.00000E-05 1.00000E-05 1.00000E-05 1.00000E-05 1.00000E-05 1.00000E-05
 1.00000E-05 1.00000E-05 1.00000E-05 1.00000E-05 1.00000E-05 1.00000E-05 1.00000E-05 1.00000E-05
 1.00000E-05 1.00000E-05 1.00000E-05 1.00000E-05 1.00000E-05 1.00000E-05 1.00000E-05 1.00000E-05
 1.00000E-05 1.00000E-05 1.00000E-05 1.00000E-05 1.00000E-05 1.00000E-05 1.00000E-05 1.00000E-05
 1.00000E-05 1.00000E-05 1.00000E-05 1.00000E-05 1.00000E-05 1.00000E-05 1.00000E-05 1.00000E-05
 1.00000E-05 1.00000E-05 1.00000E-05 1.00000E-05 1.00000E-05 1.00000E-05 1.00000E-05 1.00000E-05
 1.00000E-05 1.00000E-05 1.00000E-05 1.00000E-05 1.00000E-05 1.00000E-05 1.00000E-05 1.00000E-05
 1.00000E-05 1.00000E-05 1.00000E-05 1.00000E-05 1.00000E-05 1.00000E-05 1.00000E-05 1.00000E-05
 1.00000E-05 1.00000E-05 1.00000E-05 1.00000E-05 0.00000E+00 0.00000E+00 0.00000E+00 0.00000E+00
 0.00000E+00 0.00000E+00 0.00000E+00 0.00000E+00 0.00000E+00 0.00000E+00 0.00000E+00 0.00000E+00
 0.00000E+00 0.00000E+00 0.00000E+00 0.00000E+00 0.00000E+00 0.00000E+00 0.00000E+00 0.00000E+00
 0.00000E+00 0.00000E+00 0.00000E+00 0.00000E+00 0.00000E+00 0.00000E+00 0.00000E+00 0.00000E+00
 0.00000E+00 0.00000E+00 0.00000E+00 0.00000E+00 0.00000E+00 0.00000E+00 0.00000E+00 0.00000E+00
 0.00000E+00 0.00000E+00 0.00000E+00 0.00000E+00 0.00000E+00 0.00000E+00 0.00000E+00 0.00000E+00
 0.00000E+00 0.00000E+00 0.00000E+00 0.00000E+00 0.00000E+00 0.00000E+00 0.00000E+00 0.00000E+00
 0.00000E+00 0.00000E+00 0.00000E+00 0.00000E+00 0.00000E+00 0.00000E+00 0.00000E+00 0.00000E+00
 0.00000E+00 0.00000E+00 0.00000E+00 0.00000E+00 0.00000E+00 0.00000E+00 0.00000E+00 0.00000E+00
 0.00000E+00 0.00000E+00 0.00000E+00 0.00000E+00 0.00000E+00 0.00000E+00 0.00000E+00 0.00000E+00
 0.00000E+00 0.00000E+00 0.00000E+00 0.00000E+00 0.00000E+00 0.00000E+00 0.00000E+00 0.00000E+00
 0.00000E+00 0.00000E+00 0.00000E+00 0.00000E+00 0.00000E+00 0.00000E+00 0.00000E+00 0.00000E+00
 0.00000E+00 0.00000E+00 0.00000E+00 0.00000E+00 0.00000E+00 0.00000E+00 0.00000E+00 0.00000E+00
 0.00000E+00 0.00000E+00 0.00000E+00 0.00000E+00 0.00000E+00 0.00000E+00 0.00000E+00 0.00000E+00
 0.00000E+00 0.00000E+00 0.00000E+00 0.00000E+00 0.00000E+00 0.00000E+00 0.00000E+00 0.00000E+00
 0.00000E+00 0.00000E+00 0.00000E+00 0.00000E+00 0.00000E+00 0.00000E+00 0.00000E+00 0.00000E+00
 0.00000E+00 0.00000E+00 0.00000E+00 0.00000E+00 0.00000E+00 0.00000E+00 0.00000E+00 0.00000E+00
 0.00000E+00 0.00000E+00 0.00000E+00 0.00000E+00 0.00000E+00 0.00000E+00 0.00000E+00 0.00000E+00
 0.00000E+00 0.00000E+00 0.00000E+00 0.00000E+00 0.00000E+00 0.00000E+00 0.00000E+00 0.00000E+00
 0.00000E+00 0.00000E+00 0.00000E+00 0.00000E+00 0.00000E+00 0.00000E+00 0.00000E+00 0.00000E+00
 0.00000E+00 0.00000E+00 0.00000E+00 0.00000E+00 0.00000E+00 0.00000E+00 0.00000E+00 0.00000E+00
 0.00000E+00 0.00000E+00 0.00000E+00 0.00000E+00 0.00000E+00 0.00000E+00 0.00000E+00 0.00000E+00
 0.00000E+00 0.00000E+00 0.00000E+00 0.00000E+00 0.00000E+00 0.00000E+00 0.00000E+00 0.00000E+00
 0.00000E+00 0.00000E+00 0.00000E+00 0.00000E+00 0.00000E+00 0.00000E+00 0.00000E+00 0.00000E+00
 0.00000E+00 0.00000E+00 0.00000E+00 0.00000E+00 0.00000E+00 0.00000E+00 0.00000E+00 0.00000E+00
 0.00000E+00 0.00000E+00 0.00000E+00 0.00000E+00
