 1.53073E-10 2.66585E-16 1.12671E-02 2.82815E-14 1.01924E-11 1.15127E-09 1.06089E-08 5.51762E-20
 8.99714E-07 2.71276E-06 1.34974E-07 1.04954E-09 6.38237E-12 9.55456E-08 1.95375E-12 4.74505E-12
 6.16329E-15 1.72829E-11 9.83221E-14 1.31271E-15 4.60262E-18 4.11863E-26 2.27567E-11 2.16438E-15
 8.66219E-20 2.76274E-16 1.85220E-13 2.66945E-15 2.10000E-02 4.86647E-12 1.35123E-17 4.64145E-19
 4.10964E-11 1.45004E-12 2.88301E-13 4.00000E-04 1.61146E-10 3.75759E-16 6.98370E-03 3.29742E-14
 1.04053E-11 1.23861E-09 1.27846E-08 6.22565E-20 9.00118E-07 2.70882E-06 1.27234E-07 1.07872E-09
 5.96661E-12 9.55021E-08 2.49988E-12 5.50813E-12 8.22299E-15 2.62012E-11 2.57843E-13 1.40467E-15
 9.26090E-18 8.37289E-26 2.24027E-11 2.20563E-15 1.15655E-19 2.92362E-16 2.82026E-13 3.06363E-15
 2.10045E-02 5.05602E-12 1.42103E-17 7.70118E-19 7.53021E-11 2.93435E-12 3.61537E-13 4.04519E-04
 1.62805E-10 5.48394E-16 4.15292E-03 3.82297E-14 1.04643E-11 1.29164E-09 1.59591E-08 7.01871E-20
 9.00575E-07 2.70539E-06 1.20363E-07 1.05602E-09 5.48840E-12 9.54541E-08 3.15236E-12 6.40115E-12
 1.07135E-14 3.73439E-11 6.94485E-13 1.55795E-15 2.01525E-17 1.96676E-25 2.20593E-11 2.30154E-15
 1.53728E-19 3.27490E-16 4.13091E-13 3.47324E-15 2.10089E-02 5.35492E-12 1.46599E-17 1.17829E-18
 1.08715E-10 4.65705E-12 4.04040E-13 4.08940E-04 1.55992E-10 8.01557E-16 2.26068E-03 4.25080E-14
 1.01691E-11 1.25511E-09 1.99739E-08 7.63760E-20 9.01036E-07 2.70242E-06 1.14297E-07 9.61297E-10
 4.81542E-12 9.54013E-08 3.96153E-12 7.33387E-12 1.32996E-14 4.80947E-11 1.84886E-12 1.68762E-15
 4.60847E-17 5.13436E-25 2.17237E-11 2.44290E-15 2.01562E-19 3.80630E-16 5.64738E-13 4.03607E-15
 2.10131E-02 5.79548E-12 1.47345E-17 1.75224E-18 1.41749E-10 6.37256E-12 4.47042E-13 4.13207E-04
 1.45878E-10 1.19736E-15 1.41580E-03 4.94986E-14 1.01114E-11 1.15933E-09 2.46453E-08 8.89934E-20
 9.01462E-07 2.69982E-06 1.08921E-07 8.40167E-10 4.48307E-12 9.53427E-08 4.88658E-12 8.42443E-12
 1.65238E-14 5.71137E-11 3.82227E-12 1.88633E-15 9.43195E-17 1.31585E-24 2.13896E-11 2.87864E-15
 2.76248E-19 4.89646E-16 7.38555E-13 4.90290E-15 2.10172E-02 6.36614E-12 1.58097E-17 2.62247E-18
 1.74412E-10 8.08565E-12 4.97608E-13 4.17266E-04 1.27941E-10 1.72867E-15 7.82197E-04 5.39448E-14
 9.60947E-12 1.02016E-09 2.98886E-08 9.67046E-20 9.01836E-07 2.69756E-06 1.04222E-07 7.01023E-10
 3.90528E-12 9.52775E-08 5.68332E-12 8.82991E-12 1.82703E-14 6.27482E-11 8.21257E-12 1.85084E-15
 1.74693E-16 4.81287E-24 2.10537E-11 4.00499E-15 3.97842E-19 6.98016E-16 9.37710E-13 5.67777E-15
 2.10209E-02 7.15095E-12 1.65056E-17 3.92334E-18 2.06470E-10 9.39399E-12 5.58400E-13 4.21035E-04
 1.02309E-10 2.41046E-15 3.73289E-04 5.39410E-14 8.74884E-12 8.64048E-10 3.56058E-08 9.60971E-20
 9.02146E-07 2.69559E-06 1.00168E-07 5.65685E-10 3.25895E-12 9.52052E-08 5.61418E-12 7.60434E-12
 1.59003E-14 6.43752E-11 1.60273E-11 1.55735E-15 2.04138E-16 3.74592E-22 2.07116E-11 1.37021E-14
 2.38225E-18 4.24537E-15 1.16104E-12 3.40933E-15 2.10242E-02 8.14374E-12 1.63444E-17 5.77068E-18
 2.36406E-10 9.97044E-12 6.24546E-13 4.24389E-04 7.68604E-11 3.32470E-15 1.65663E-04 5.19860E-14
 7.88565E-12 7.16540E-10 4.18544E-08 9.25860E-20 9.02385E-07 2.69381E-06 9.66597E-08 4.47748E-10
 2.71651E-12 9.51248E-08 4.91321E-12 5.72309E-12 1.17804E-14 6.35400E-11 2.46040E-11 1.10149E-15
 3.05067E-16 7.68441E-23 2.06373E-11 5.40495E-15 5.39721E-19 1.28841E-15 1.16694E-12 5.25677E-15
 2.10270E-02 9.13497E-12 1.55695E-17 8.35108E-18 2.60760E-10 9.90513E-12 6.77973E-13 4.27189E-04
 5.70767E-11 4.56177E-15 6.64853E-05 5.12384E-14 7.15194E-12 5.91910E-10 4.87850E-08 9.17328E-20
 9.02561E-07 2.69212E-06 9.35831E-08 3.47594E-10 2.24332E-12 9.50354E-08 4.44268E-12 4.41263E-12
 9.18157E-15 6.22251E-11 3.09974E-11 8.50454E-16 4.25202E-16 2.36095E-22 2.05729E-11 5.08958E-15
 5.29377E-19 1.49090E-15 1.17933E-12 4.65764E-15 2.10291E-02 9.70875E-12 1.45015E-17 1.22647E-17
 2.74136E-10 9.54927E-12 6.90976E-13 4.29274E-04 4.19117E-11 5.71724E-15 1.29065E-05 5.29848E-14
 6.34026E-12 4.92778E-10 5.68603E-08 9.10552E-20 9.02689E-07 2.69035E-06 9.07379E-08 2.59200E-10
 1.55736E-12 9.49312E-08 4.70459E-12 3.67774E-12 9.31241E-15 6.15749E-11 3.43656E-11 7.30082E-16
 8.80336E-16 1.75551E-21 2.05123E-11 5.79376E-15 6.45840E-19 1.83894E-15 1.20625E-12 4.64072E-15
 2.10303E-02 9.25090E-12 1.29432E-17 2.18926E-17 2.69530E-10 9.23966E-12 6.32881E-13 4.30498E-04
 2.99443E-11 6.91946E-15 9.06593E-07 6.10972E-14 5.46345E-12 3.99307E-10 6.91970E-08 9.64125E-20
 9.02791E-07 2.68780E-06 8.73085E-08 1.74823E-10 9.05337E-13 9.47697E-08 6.34702E-12 3.69062E-12
 1.40568E-14 6.25283E-11 3.36906E-11 8.48297E-16 1.62672E-15 1.54219E-20 2.04329E-11 7.13119E-15
 9.58717E-19 2.30219E-15 1.26303E-12 5.87443E-15 2.10303E-02 5.99555E-12 8.57628E-18 4.31417E-17
 2.26779E-10 8.77164E-12 4.34678E-13 4.30504E-04 2.34960E-11 1.32379E-14 9.17603E-07 7.12484E-14
 4.97352E-12 2.81854E-10 9.55106E-08 1.19902E-19 9.02856E-07 2.68234E-06 8.18471E-08 1.09905E-10
 8.50659E-13 9.44107E-08 8.10152E-12 4.87236E-12 1.63049E-14 6.85678E-11 3.23318E-11 9.61673E-16
 2.21731E-15 2.93646E-20 2.02771E-11 8.64933E-15 1.26321E-18 3.58530E-15 1.41285E-12 9.03900E-15
 2.10302E-02 3.15769E-12 3.90660E-18 3.90762E-17 1.74321E-10 6.84500E-12 2.18682E-13 4.30514E-04
 1.96121E-11 2.97118E-14 9.42864E-07 8.02287E-14 4.15693E-12 1.61428E-10 1.54806E-07 1.38507E-19
 9.02760E-07 2.66977E-06 7.30363E-08 6.75533E-11 8.42867E-13 9.35609E-08 9.65942E-12 7.04402E-12
 1.69859E-14 8.43209E-11 3.09051E-11 1.28571E-15 3.65290E-15 9.08122E-20 1.99486E-11 1.23039E-14
 1.73900E-18 7.14222E-15 1.72367E-12 1.94010E-14 2.10301E-02 1.20141E-12 1.06242E-18 3.13803E-17
 1.14218E-10 4.22162E-12 6.99774E-14 4.30534E-04 1.83023E-11 7.24347E-14 9.94933E-07 9.37227E-14
 3.44998E-12 8.43318E-11 2.72661E-07 1.56770E-19 9.02191E-07 2.64391E-06 6.08505E-08 4.71484E-11
 9.22809E-13 9.17803E-08 1.08703E-11 1.09086E-11 1.72574E-14 1.17242E-10 3.07119E-11 2.19055E-15
 8.09532E-15 4.39625E-19 1.93270E-11 2.18138E-14 2.70445E-18 1.78523E-14 2.28863E-12 5.55134E-14
 2.10298E-02 3.13028E-13 1.88788E-19 2.26953E-17 6.10339E-11 2.15160E-12 1.32279E-14 4.30568E-04
 1.93498E-11 1.70845E-13 1.08406E-06 1.21140E-13 3.24160E-12 5.41830E-11 4.64563E-07 1.85606E-19
 9.00684E-07 2.59986E-06 4.73280E-08 4.09241E-11 1.09882E-12 8.87155E-08 1.21939E-11 1.69562E-11
 1.92582E-14 1.72265E-10 3.29878E-11 4.31386E-15 2.06141E-14 2.32782E-18 1.83487E-11 4.58909E-14
 4.69340E-18 4.68017E-14 3.10272E-12 1.66256E-13 2.10293E-02 5.59642E-14 2.61949E-20 1.43696E-17
 2.64087E-11 9.75285E-13 1.63328E-15 4.30619E-04 2.15279E-11 3.68997E-13 1.21220E-06 1.63796E-13
 3.47402E-12 4.75307E-11 7.24358E-07 2.24102E-19 8.97792E-07 2.53688E-06 3.53811E-08 4.07294E-11
 1.28866E-12 8.43166E-08 1.42870E-11 2.56521E-11 2.33855E-14 2.47644E-10 3.83160E-11 8.29402E-15
 4.96041E-14 9.15798E-18 1.70585E-11 9.51389E-14 8.13695E-18 1.06058E-13 4.03237E-12 4.17662E-13
 2.10286E-02 7.35376E-15 3.05226E-21 8.05598E-18 9.69052E-12 3.93341E-13 1.53099E-16 4.30684E-04
 2.69742E-11 8.02062E-13 1.38075E-06 2.23945E-13 4.37613E-12 5.40806E-11 1.04264E-06 2.95296E-19
 8.93033E-07 2.45449E-06 2.64222E-08 5.09599E-11 1.79536E-12 7.85781E-08 1.61750E-11 3.84602E-11
 2.59087E-14 3.39223E-10 4.86441E-11 1.60520E-14 1.14075E-13 2.09258E-17 1.55073E-11 1.87694E-13
 1.27312E-17 2.11042E-13 4.97295E-12 8.29859E-13 2.10278E-02 7.54968E-16 3.00621E-22 3.53624E-18
 3.20698E-12 1.36841E-13 1.12362E-17 4.30762E-04 2.94547E-11 1.49165E-12 1.58302E-06 2.98790E-13
 5.28872E-12 6.35099E-11 1.40425E-06 3.73619E-19 8.86092E-07 2.35623E-06 2.03889E-08 5.17298E-11
 1.87195E-12 7.17777E-08 2.07705E-11 5.58060E-11 3.38843E-14 4.38761E-10 6.04356E-11 2.66574E-14
 2.22987E-13 4.28303E-17 1.38217E-11 3.14983E-13 2.01230E-17 3.43111E-13 5.80115E-12 1.42675E-12
 2.10269E-02 6.37832E-17 2.60922E-23 1.71722E-18 9.79629E-13 4.51557E-14 7.33527E-19 4.30849E-04
 3.46327E-11 2.77668E-12 1.81190E-06 4.06106E-13 6.95917E-12 8.25186E-11 1.78630E-06 5.40681E-19
 8.76867E-07 2.24569E-06 1.67812E-08 5.92762E-11 2.20868E-12 6.42551E-08 2.59471E-11 7.93327E-11
 4.18782E-14 5.35645E-10 7.56230E-11 4.38933E-14 4.07080E-13 6.14682E-17 1.20952E-11 5.06890E-13
 3.01780E-17 5.18399E-13 6.50251E-12 2.08339E-12 2.10258E-02 4.61019E-18 2.08226E-24 7.39657E-19
 2.89997E-13 1.42662E-14 4.22977E-20 4.30944E-04 3.77054E-11 4.68236E-12 2.05792E-06 5.54516E-13
 8.84440E-12 1.05682E-10 2.17832E-06 7.92255E-19 8.65450E-07 2.12762E-06 1.46431E-08 5.97222E-11
 2.24512E-12 5.64222E-08 3.44133E-11 1.08079E-10 5.76592E-14 6.22908E-10 8.92172E-11 6.36846E-14
 6.32230E-13 9.02964E-17 1.04234E-11 7.55535E-13 4.60870E-17 7.13419E-13 7.00860E-12 2.80384E-12
 2.10247E-02 2.88291E-19 1.53350E-25 3.41877E-19 8.29652E-14 4.63570E-15 2.28533E-21 4.31043E-04
 4.12174E-11 7.61928E-12 2.30951E-06 7.72146E-13 1.13993E-11 1.37343E-10 2.55380E-06 1.24570E-18
 8.52287E-07 2.00759E-06 1.34723E-08 6.02398E-11 2.30252E-12 4.87661E-08 4.57553E-11 1.41927E-10
 8.09263E-14 6.92162E-10 1.00250E-10 8.68526E-14 8.72851E-13 1.20133E-16 8.88398E-12 1.08883E-12
 7.01873E-17 9.38256E-13 7.35727E-12 3.43479E-12 2.10236E-02 1.59522E-20 1.06404E-26 1.56826E-19
 2.34915E-14 1.66247E-15 1.15301E-22 4.31142E-04 4.63160E-11 1.22695E-11 2.56259E-06 1.09656E-12
 1.50205E-11 1.80570E-10 2.89281E-06 2.12855E-18 8.37600E-07 1.88754E-06 1.29219E-08 6.33348E-11
 2.50051E-12 4.15165E-08 5.98778E-11 1.80966E-10 1.11898E-13 7.40144E-10 1.07682E-10 1.14965E-13
 1.10392E-12 1.41486E-16 7.49144E-12 1.53346E-12 1.06364E-16 1.20391E-12 7.62481E-12 3.84766E-12
 2.10226E-02 7.80791E-22 6.88563E-28 6.94756E-20 6.65184E-15 9.64299E-16 5.33533E-24 4.31239E-04
 5.19375E-11 1.93117E-11 2.81426E-06 1.57628E-12 1.97025E-11 2.32330E-10 3.18596E-06 3.82116E-18
 8.21599E-07 1.76882E-06 1.27034E-08 6.61204E-11 2.74738E-12 3.48337E-08 7.78959E-11 2.23158E-10
 1.55285E-13 7.67447E-10 1.09132E-10 1.45266E-13 1.26585E-12 1.58040E-16 6.25116E-12 2.09394E-12
 1.61697E-16 1.50903E-12 7.83176E-12 4.01344E-12 2.10216E-02 3.36925E-23 4.17680E-29 3.05671E-20
 1.88982E-15 1.23915E-15 2.29779E-25 4.31333E-04 5.77833E-11 2.98335E-11 3.06174E-06 2.28467E-12
 2.55090E-11 2.87804E-10 3.42566E-06 7.14436E-18 8.04552E-07 1.65270E-06 1.26407E-08 6.78675E-11
 3.04546E-12 2.88392E-08 1.00412E-10 2.65919E-10 2.15015E-13 7.75061E-10 1.03873E-10 1.75668E-13
 1.32203E-12 1.69655E-16 5.16435E-12 2.76448E-12 2.46403E-16 1.85659E-12 7.99389E-12 3.91798E-12
 2.10207E-02 1.28361E-24 2.88601E-30 1.36879E-20 5.53247E-16 2.32772E-15 1.11856E-26 4.31424E-04
 6.35386E-11 4.54204E-11 3.30394E-06 3.32900E-12 3.23917E-11 3.39368E-10 3.60735E-06 1.38563E-17
 7.86676E-07 1.53962E-06 1.26265E-08 6.80845E-11 3.39913E-12 2.35746E-08 1.27935E-10 3.06021E-10
 2.95631E-13 7.64535E-10 9.26044E-11 2.03932E-13 1.26480E-12 1.76114E-16 4.22209E-12 3.51573E-12
 3.75880E-16 2.24743E-12 8.12085E-12 3.58909E-12 2.10198E-02 4.31418E-26 5.57749E-31 6.79352E-21
 1.82104E-16 2.69825E-15 1.50929E-27 4.31512E-04 6.88989E-11 6.84142E-11 3.54054E-06 4.86662E-12
 4.01673E-11 3.78033E-10 3.72796E-06 2.78451E-17 7.68180E-07 1.42963E-06 1.25958E-08 6.65224E-11
 3.81628E-12 1.90333E-08 1.60767E-10 3.39850E-10 4.01973E-13 7.37438E-10 7.71951E-11 2.27959E-13
 1.11437E-12 1.77098E-16 3.41192E-12 4.29226E-12 5.73627E-16 2.68014E-12 8.22026E-12 3.08846E-12
 2.10191E-02 1.28916E-27 3.89147E-31 4.58166E-21 8.27847E-17 2.79690E-15 7.30329E-28 4.31595E-04
 7.35499E-11 1.02264E-10 3.77170E-06 7.12962E-12 4.85102E-11 3.96103E-10 3.78576E-06 5.79404E-17
 7.49289E-07 1.32252E-06 1.25064E-08 6.31331E-11 4.30339E-12 1.51747E-08 1.98948E-10 3.63735E-10
 5.39201E-13 6.95422E-10 6.00861E-11 2.45867E-13 9.07514E-13 1.72803E-16 2.72002E-12 5.02004E-12
 8.76445E-16 3.15136E-12 8.30110E-12 2.49827E-12 2.10184E-02 4.73334E-29 5.00424E-31 4.81794E-21
 5.96970E-17 2.81928E-15 6.45281E-28 4.31675E-04 7.72542E-11 1.52109E-10 3.99550E-06 1.04542E-11
 5.69658E-11 3.89627E-10 3.77989E-06 1.24658E-16 7.30464E-07 1.21904E-06 1.23341E-08 5.81084E-11
 4.86660E-12 1.19690E-08 2.42236E-10 3.74662E-10 7.12038E-13 6.40256E-10 4.36376E-11 2.56252E-13
 6.84822E-13 1.63567E-16 2.13851E-12 5.61365E-12 1.34314E-15 3.65434E-12 8.38195E-12 1.89996E-12
 2.10178E-02 1.94848E-29 8.39463E-31 6.66147E-21 5.76244E-17 2.82062E-15 7.35056E-28 4.31750E-04
 7.97909E-11 2.25592E-10 4.21065E-06 1.53283E-11 6.50286E-11 3.60285E-10 3.71099E-06 2.76507E-16
 7.12202E-07 1.11957E-06 1.20659E-08 5.17915E-11 5.50221E-12 9.35360E-09 2.90136E-10 3.70676E-10
 9.25105E-13 5.74229E-10 2.95641E-11 2.58161E-13 4.79112E-13 1.50437E-16 1.65665E-12 6.00138E-12
 2.07125E-15 4.18055E-12 8.48799E-12 1.35923E-12 2.10174E-02 2.56045E-29 1.48510E-30 9.90121E-21
 6.08461E-17 2.81663E-15 8.71333E-28 4.31820E-04 8.10231E-11 3.34286E-10 4.41787E-06 2.24593E-11
 7.22786E-11 3.14571E-10 3.57710E-06 6.30458E-16 6.94930E-07 1.02351E-06 1.16984E-08 4.46796E-11
 6.20032E-12 7.23252E-09 3.41784E-10 3.51207E-10 1.18155E-12 4.99575E-10 1.86728E-11 2.51089E-13
 3.09761E-13 1.34219E-16 1.25942E-12 6.13722E-12 3.22908E-15 4.71809E-12 8.65489E-12 9.13151E-13
 2.10170E-02 3.36519E-29 2.56893E-30 1.46243E-20 6.49504E-17 2.81171E-15 9.94052E-28 4.31885E-04
 8.10228E-11 4.95940E-10 4.61403E-06 3.28571E-11 7.84425E-11 2.61335E-10 3.37422E-06 1.47294E-15
 6.79527E-07 9.31980E-07 1.12497E-08 3.73651E-11 6.94622E-12 5.54669E-09 3.96205E-10 3.17306E-10
 1.48320E-12 4.19144E-10 1.09874E-11 2.34962E-13 1.83769E-13 1.15299E-16 9.39474E-13 5.99606E-12
 5.11051E-15 5.23860E-12 8.93195E-12 5.72896E-13 2.10166E-02 4.21261E-29 4.28967E-30 2.10736E-20
 6.87442E-17 2.80706E-15 1.07387E-27 4.31944E-04 7.99673E-11 7.37843E-10 4.79510E-06 4.78562E-11
 8.34604E-11 2.09119E-10 3.09801E-06 3.50849E-15 6.67083E-07 8.46445E-07 1.07644E-08 3.04089E-11
 7.71165E-12 4.23597E-09 4.52254E-10 2.71716E-10 1.82604E-12 3.35960E-10 6.02230E-12 2.10126E-13
 9.88295E-14 9.39581E-17 6.89354E-13 5.57654E-12 8.23084E-15 5.68816E-12 9.38765E-12 3.32254E-13
 2.10164E-02 5.09832E-29 6.98846E-30 2.96903E-20 7.22186E-17 2.80269E-15 1.10687E-27 4.31996E-04
 7.78598E-11 1.09580E-09 4.95955E-06 6.86222E-11 8.74461E-11 1.64183E-10 2.74612E-06 8.36700E-15
 6.58677E-07 7.67116E-07 1.03232E-08 2.42645E-11 8.42048E-12 3.22236E-09 5.07422E-10 2.18732E-10
 2.17659E-12 2.52539E-10 3.08607E-12 1.76689E-13 4.71144E-14 7.09022E-17 4.97495E-13 4.90099E-12
 1.34087E-14 5.97218E-12 1.01207E-11 1.75436E-13 2.10163E-02 6.19844E-29 1.14148E-29 4.15712E-20
 7.64718E-17 2.79748E-15 1.12284E-27 4.32039E-04 7.72504E-11 1.63198E-09 5.10476E-06 9.45105E-11
 9.10630E-11 1.28458E-10 2.31625E-06 1.96858E-14 6.55665E-07 6.94604E-07 1.01132E-08 1.98903E-11
 9.36157E-12 2.44442E-09 5.55010E-10 1.67081E-10 2.36699E-12 1.71919E-10 1.50018E-12 1.37024E-13
 1.93972E-14 4.36101E-17 3.54062E-13 3.90534E-12 2.16356E-14 5.90579E-12 1.14108E-11 8.06206E-14
 2.10163E-02 8.14511E-29 1.97109E-29 5.72044E-20 8.44919E-17 2.78845E-15 1.18353E-27 4.32073E-04
 7.60073E-11 2.35479E-09 5.22695E-06 1.22401E-10 9.45927E-11 1.03943E-10 1.88988E-06 4.27214E-14
 6.59694E-07 6.29977E-07 1.01181E-08 1.68322E-11 1.02331E-11 1.85244E-09 5.83848E-10 1.20458E-10
 2.32251E-12 1.05781E-10 7.14713E-13 9.65381E-14 6.93388E-15 2.31386E-17 2.50637E-13 2.89571E-12
 3.30310E-14 5.45449E-12 1.30093E-11 3.31777E-14 2.10163E-02 1.16909E-28 3.56108E-29 8.00270E-20
 9.78979E-17 2.77398E-15 1.33695E-27 4.32097E-04 7.39590E-11 3.26275E-09 5.32328E-06 1.48855E-10
 9.85823E-11 8.80844E-11 1.52010E-06 8.40389E-14 6.72186E-07 5.73937E-07 1.03089E-08 1.48671E-11
 1.10025E-11 1.40559E-09 5.86772E-10 8.32457E-11 2.05108E-12 5.98738E-11 3.42830E-13 6.29315E-14
 2.24222E-15 1.09409E-17 1.78457E-13 2.04307E-12 4.66636E-14 4.73014E-12 1.46634E-11 1.26378E-14
 2.10162E-02 1.79933E-28 6.56800E-29 1.13449E-19 1.17830E-16 2.75292E-15 1.61228E-27 4.32110E-04
 7.14934E-11 4.37117E-09 5.39270E-06 1.72468E-10 1.03353E-10 7.78170E-11 1.22592E-06 1.52411E-13
 6.93964E-07 5.26630E-07 1.05952E-08 1.36662E-11 1.17386E-11 1.07104E-09 5.66266E-10 5.63675E-11
 1.66277E-12 3.22155E-11 1.67984E-13 3.92586E-14 6.92485E-16 4.77774E-18 1.29352E-13 1.40162E-12
 6.12799E-14 3.91777E-12 1.61579E-11 4.62488E-15 2.10160E-02 2.82021E-28 1.18515E-28 1.58873E-19
 1.43412E-16 2.72617E-15 1.99909E-27 4.32112E-04 6.22332E-11 5.45465E-09 5.43611E-06 1.95103E-10
 1.08780E-10 7.49038E-11 1.04648E-06 2.43935E-13 7.25293E-07 4.87496E-07 1.06932E-08 1.19832E-11
 1.09488E-11 8.21104E-10 5.29562E-10 3.69417E-11 1.39664E-12 1.80579E-11 8.81739E-14 2.43881E-14
 2.25228E-16 3.22128E-18 9.65142E-14 1.13329E-12 7.88197E-14 3.45881E-12 1.69013E-11 2.01953E-15
 2.10156E-02 4.15721E-28 1.93708E-28 2.46279E-19 1.69322E-16 2.69901E-15 2.60527E-27 4.32106E-04
 5.46191E-11 6.72273E-09 5.45761E-06 2.16582E-10 1.15166E-10 7.34212E-11 8.93853E-07 3.79583E-13
 7.65262E-07 4.54945E-07 1.09610E-08 1.07603E-11 1.02817E-11 6.34660E-10 4.86396E-10 2.43153E-11
 1.12259E-12 1.00449E-11 4.71496E-14 1.49978E-14 7.32291E-17 1.99848E-18 7.42503E-14 9.05052E-13
 9.82774E-14 2.99289E-12 1.75977E-11 8.73883E-16 2.10152E-02 6.09466E-28 3.09400E-28 3.75352E-19
 1.99880E-16 2.66715E-15 3.50105E-27 4.32091E-04 4.80417E-11 8.12834E-09 5.46099E-06 2.37209E-10
 1.22312E-10 7.29079E-11 7.61678E-07 5.72776E-13 8.13012E-07 4.27527E-07 1.14706E-08 9.77229E-12
 9.62535E-12 4.95133E-10 4.42009E-10 1.61854E-11 8.78933E-13 5.60358E-12 2.57933E-14 9.18851E-15
 2.41315E-17 1.18151E-18 5.88776E-14 7.19395E-13 1.19155E-13 2.55130E-12 1.82183E-11 3.80461E-16
 2.10148E-02 8.84150E-28 4.83125E-28 5.67927E-19 2.35874E-16 2.62976E-15 4.86269E-27 4.32070E-04
 4.14677E-11 9.57236E-09 5.44946E-06 2.58293E-10 1.30338E-10 7.41220E-11 6.53844E-07 8.33367E-13
 8.67949E-07 4.03929E-07 1.22154E-08 8.80182E-12 8.74153E-12 3.89746E-10 3.99161E-10 1.09363E-11
 6.90762E-13 3.21968E-12 1.46684E-14 5.69148E-15 8.32150E-18 7.28828E-19 4.80023E-14 5.94378E-13
 1.42619E-13 2.19815E-12 1.86824E-11 1.75647E-16 2.10143E-02 1.25903E-27 7.32320E-28 8.75180E-19
 2.76621E-16 2.58747E-15 7.09065E-27 4.32043E-04 3.57713E-11 1.11089E-08 5.42571E-06 2.80758E-10
 1.39635E-10 7.63702E-11 5.59215E-07 1.19522E-12 9.29582E-07 3.83041E-07 1.32586E-08 7.93752E-12
 7.89037E-12 3.09344E-10 3.59736E-10 7.58084E-12 5.39234E-13 1.89897E-12 8.61770E-15 3.57459E-15
 2.99278E-18 4.37285E-19 4.00754E-14 4.93747E-13 1.68224E-13 1.88236E-12 1.90796E-11 8.31436E-17
 2.10138E-02 1.77442E-27 1.09094E-27 1.33728E-18 3.23388E-16 2.53897E-15 1.06467E-26 4.32012E-04
 3.08126E-11 1.26980E-08 5.39204E-06 3.05739E-10 1.50584E-10 7.97867E-11 4.75743E-07 1.69505E-12
 9.97028E-07 3.64175E-07 1.46323E-08 7.15009E-12 7.06549E-12 2.47875E-10 3.24961E-10 5.43675E-12
 4.21387E-13 1.16034E-12 5.27164E-15 2.29490E-15 1.13911E-18 2.57143E-19 3.41732E-14 4.12972E-13
 1.95853E-13 1.60344E-12 1.94160E-11 4.06394E-17 2.10132E-02 2.48462E-27 1.60451E-27 2.02292E-18
 3.76572E-16 2.48380E-15 1.63538E-26 4.31976E-04 2.70156E-11 1.44394E-08 5.35037E-06 3.34485E-10
 1.63947E-10 8.38160E-11 3.98187E-07 2.42243E-12 1.06940E-06 3.46809E-07 1.63668E-08 6.50157E-12
 6.43509E-12 2.00796E-10 2.95413E-10 4.06449E-12 3.25706E-13 7.28924E-13 3.33142E-15 1.50409E-15
 4.53867E-19 1.39648E-19 2.96889E-14 3.36069E-13 2.23994E-13 1.33467E-12 1.97363E-11 1.97670E-17
 2.10126E-02 3.46569E-27 2.34076E-27 2.93240E-18 4.36445E-16 2.42170E-15 2.48267E-26 4.31937E-04
 2.36232E-11 1.61825E-08 5.30157E-06 3.68645E-10 1.80181E-10 8.96775E-11 3.31462E-07 3.44234E-12
 1.14702E-06 3.30341E-07 1.84708E-08 5.88724E-12 5.80346E-12 1.64125E-10 2.70491E-10 3.17676E-12
 2.54825E-13 4.80986E-13 2.21755E-15 1.01948E-15 1.95125E-19 7.55240E-20 2.61813E-14 2.76967E-13
 2.53890E-13 1.10969E-12 1.99924E-11 1.00506E-17 2.10120E-02 4.82057E-27 3.38196E-27 4.17697E-18
 5.01493E-16 2.35406E-15 3.78630E-26 4.31895E-04 2.05936E-11 1.79169E-08 5.24606E-06 4.09797E-10
 1.99964E-10 9.78389E-11 2.74613E-07 4.88088E-12 1.23036E-06 3.14306E-07 2.10089E-08 5.30266E-12
 5.18094E-12 1.35103E-10 2.49652E-10 2.59913E-12 2.02211E-13 3.34699E-13 1.55713E-15 7.16639E-16
 9.09043E-20 4.06950E-20 2.33648E-14 2.31106E-13 2.85646E-13 9.21656E-13 2.01956E-11 5.34761E-18
 2.10114E-02 6.69907E-27 4.84866E-27 5.83178E-18 5.70675E-16 2.28183E-15 5.76573E-26 4.31850E-04
 1.79615E-11 1.96434E-08 5.18481E-06 4.59513E-10 2.23990E-10 1.08727E-10 2.26561E-07 6.92139E-12
 1.31873E-06 2.98556E-07 2.40756E-08 4.75233E-12 4.58183E-12 1.12110E-10 2.32656E-10 2.22597E-12
 1.63037E-13 2.45822E-13 1.15273E-15 5.23157E-16 4.59496E-20 2.17429E-20 2.10822E-14 1.94479E-13
 3.18737E-13 7.62832E-13 2.03585E-11 2.96789E-18 2.10107E-02 9.29711E-27 6.89932E-27 7.95685E-18
 6.42210E-16 2.20674E-15 8.71129E-26 4.31801E-04 1.58500E-11 2.13658E-08 5.11809E-06 5.19596E-10
 2.53080E-10 1.22918E-10 1.86169E-07 9.83139E-12 1.41240E-06 2.82836E-07 2.78668E-08 4.23737E-12
 4.01530E-12 9.36885E-11 2.19019E-10 1.98986E-12 1.33577E-13 1.89927E-13 8.96288E-16 3.95932E-16
 2.50730E-20 1.14441E-20 1.91987E-14 1.64258E-13 3.52165E-13 6.27172E-13 2.04911E-11 1.70628E-18
 2.10099E-02 1.29027E-26 9.76085E-27 1.05979E-17 7.15137E-16 2.12970E-15 1.30107E-25 4.31749E-04
 1.45906E-11 2.30751E-08 5.04558E-06 5.92748E-10 2.88514E-10 1.41427E-10 1.52271E-07 1.40082E-11
 1.51219E-06 2.66856E-07 3.27061E-08 3.75754E-12 3.48591E-12 7.86888E-11 2.08243E-10 1.85061E-12
 1.11237E-13 1.53847E-13 7.29324E-16 3.09841E-16 1.46752E-20 5.89182E-21 1.76105E-14 1.38705E-13
 3.84482E-13 5.10420E-13 2.06008E-11 1.00862E-18 2.10091E-02 1.79795E-26 1.37797E-26 1.37688E-17
 7.89007E-16 2.05113E-15 1.91745E-25 4.31693E-04 1.48677E-11 2.47233E-08 4.96745E-06 6.83610E-10
 3.32536E-10 1.65935E-10 1.23705E-07 2.00504E-11 1.61814E-06 2.50516E-07 3.90118E-08 3.31878E-12
 2.99810E-12 6.63905E-11 1.99983E-10 1.78887E-12 9.43412E-14 1.30494E-13 6.20744E-16 2.50424E-16
 9.18440E-21 2.94297E-21 1.62564E-14 1.16798E-13 4.13656E-13 4.09563E-13 2.06938E-11 6.09521E-19
 2.10083E-02 2.53331E-26 1.95223E-26 1.74053E-17 8.62943E-16 1.97197E-15 2.78467E-25 4.31632E-04
 1.79646E-11 2.64068E-08 4.88347E-06 8.00623E-10 3.90159E-10 1.98013E-10 9.80844E-08 2.93093E-11
 1.73068E-06 2.33704E-07 4.73582E-08 2.96339E-12 2.63497E-12 5.61965E-11 1.93882E-10 1.78916E-12
 8.02036E-14 1.13924E-13 5.42757E-16 2.05469E-16 5.90417E-21 1.34293E-21 1.50858E-14 9.53094E-14
 4.37505E-13 3.18754E-13 2.07814E-11 3.59936E-19 2.10074E-02 3.64919E-26 2.80261E-26 2.09636E-17
 9.37146E-16 1.89256E-15 3.92722E-25 4.31566E-04 2.47445E-11 2.78572E-08 4.79383E-06 9.53506E-10
 4.65550E-10 2.43104E-10 7.68625E-08 4.31017E-11 1.84946E-06 2.16493E-07 5.83412E-08 2.64519E-12
 2.29963E-12 4.77057E-11 1.89546E-10 1.85937E-12 6.98074E-14 1.04517E-13 4.97965E-16 1.74040E-16
 4.04753E-21 5.93045E-22 1.40713E-14 7.78633E-14 4.55463E-13 2.44208E-13 2.08543E-11 2.16790E-19
 2.10065E-02 5.40405E-26 4.09039E-26 2.45084E-17 1.00987E-15 1.81459E-15 5.47164E-25 4.31493E-04
 3.60871E-11 2.90760E-08 4.69926E-06 1.15476E-09 5.64790E-10 3.06560E-10 5.95983E-08 6.38816E-11
 1.97327E-06 1.99139E-07 7.25287E-08 2.35935E-12 1.99523E-12 4.06420E-11 1.86633E-10 1.99730E-12
 6.21372E-14 1.00447E-13 4.76810E-16 1.51898E-16 2.94412E-21 2.54231E-22 1.31968E-14 6.37506E-14
 4.67589E-13 1.84427E-13 2.09147E-11 1.32866E-19 2.10055E-02 8.20856E-26 6.06535E-26 2.77630E-17
 1.08001E-15 1.73945E-15 7.51418E-25 4.31415E-04 5.21939E-11 3.01658E-08 4.59951E-06 1.41660E-09
 6.93674E-10 3.93785E-10 4.59127E-08 9.54775E-11 2.10208E-06 1.81788E-07 9.06059E-08 2.09997E-12
 1.72236E-12 3.47125E-11 1.84794E-10 2.19339E-12 5.62588E-14 9.96758E-14 4.69665E-16 1.35785E-16
 2.23461E-21 1.06491E-22 1.24408E-14 5.21925E-14 4.75070E-13 1.37753E-13 2.09640E-11 8.22049E-20
 2.10044E-02 1.26570E-25 9.07884E-26 3.05513E-17 1.14776E-15 1.66712E-15 1.01522E-24 4.31329E-04
 7.24112E-11 3.13186E-08 4.49333E-06 1.74900E-09 8.56598E-10 5.09398E-10 3.53626E-08 1.43883E-10
 2.23691E-06 1.64508E-07 1.13452E-07 1.85924E-12 1.47841E-12 2.96519E-11 1.83731E-10 2.42785E-12
 5.14032E-14 1.00151E-13 4.66968E-16 1.23256E-16 1.73033E-21 4.39882E-23 1.17810E-14 4.25749E-14
 4.79812E-13 1.02239E-13 2.10027E-11 5.08422E-20 2.10033E-02 1.95078E-25 1.35699E-25 3.28645E-17
 1.21398E-15 1.59673E-15 1.34843E-24 4.31233E-04 9.53911E-11 3.27516E-08 4.37944E-06 2.15877E-09
 1.05596E-09 6.56297E-10 2.73995E-08 2.18452E-10 2.37872E-06 1.47437E-07 1.42076E-07 1.63143E-12
 1.26021E-12 2.52701E-11 1.83220E-10 2.67313E-12 4.70257E-14 1.00014E-13 4.60360E-16 1.12531E-16
 1.33642E-21 1.80786E-23 1.12011E-14 3.44827E-14 4.83592E-13 7.57424E-14 2.10316E-11 3.11544E-20
 2.10022E-02 2.96007E-25 2.00264E-25 3.48263E-17 1.27937E-15 1.52744E-15 1.76151E-24 4.31127E-04
 1.19511E-10 3.46607E-08 4.25797E-06 2.64983E-09 1.29202E-09 8.34083E-10 2.14505E-08 3.33689E-10
 2.52663E-06 1.30958E-07 1.77247E-07 1.41616E-12 1.06664E-12 2.14753E-11 1.83086E-10 2.89873E-12
 4.28104E-14 9.78649E-14 4.44010E-16 1.02373E-16 1.01039E-21 7.44661E-24 1.06952E-14 2.76699E-14
 4.87632E-13 5.62123E-14 2.10517E-11 1.88024E-20 2.10010E-02 4.36737E-25 2.89207E-25 3.66013E-17
 1.34360E-15 1.45941E-15 2.26535E-24 4.31008E-04 1.43245E-10 3.72120E-08 4.12955E-06 3.22366E-09
 1.56293E-09 1.03837E-09 1.70053E-08 5.11915E-10 2.67928E-06 1.15466E-07 2.19622E-07 1.21555E-12
 8.97015E-13 1.82001E-11 1.83184E-10 3.07592E-12 3.86209E-14 9.29811E-14 4.15348E-16 9.20083E-17
 7.37127E-22 3.09079E-24 1.02578E-14 2.19803E-14 4.92636E-13 4.19038E-14 2.10644E-11 1.11411E-20
 2.09997E-02 6.21720E-25 4.06572E-25 3.83544E-17 1.40606E-15 1.39311E-15 2.87195E-24 4.30876E-04
 1.65198E-10 4.05635E-08 3.99292E-06 3.87923E-09 1.86451E-09 1.26182E-09 1.36591E-08 7.87232E-10
 2.83767E-06 1.01055E-07 2.70557E-07 1.03013E-12 7.48826E-13 1.53426E-11 1.83400E-10 3.18116E-12
 3.44363E-14 8.52645E-14 3.74802E-16 8.10725E-17 5.12928E-22 1.29764E-24 9.87694E-15 1.72790E-14
 4.99047E-13 3.14394E-14 2.10707E-11 6.46586E-21 2.09984E-02 8.51979E-25 5.55556E-25 4.02569E-17
 1.46697E-15 1.32813E-15 3.59658E-24 4.30728E-04 1.84339E-10 4.48887E-08 3.84739E-06 4.61371E-09
 2.19047E-09 1.49102E-09 1.11104E-08 1.21158E-09 3.00225E-06 8.78333E-08 3.31539E-07 8.63107E-13
 6.20838E-13 1.28372E-11 1.83637E-10 3.19849E-12 3.02981E-14 7.50133E-14 3.24825E-16 6.95301E-17
 3.36543E-22 5.52814E-25 9.54420E-15 1.34350E-14 5.07313E-13 2.37803E-14 2.10711E-11 3.66842E-21
 2.09969E-02 1.12358E-24 7.38117E-25 4.24422E-17 1.52619E-15 1.26445E-15 4.45535E-24 4.30562E-04
 2.00655E-10 5.07025E-08 3.69378E-06 5.43111E-09 2.54070E-09 1.69872E-09 8.99213E-09 1.89051E-09
 3.17185E-06 7.59651E-08 4.03759E-07 7.26095E-13 5.31124E-13 1.06536E-11 1.83836E-10 3.09626E-12
 2.58092E-14 6.22358E-14 2.64194E-16 5.62420E-17 1.97427E-22 2.31068E-25 9.25483E-15 1.01527E-14
 5.20834E-13 1.80805E-14 2.10636E-11 1.97159E-21 2.09954E-02 1.42774E-24 9.57345E-25 4.49765E-17
 1.58301E-15 1.20271E-15 5.47676E-24 4.30377E-04 2.13384E-10 5.80440E-08 3.53247E-06 6.31389E-09
 2.89505E-09 1.87546E-09 7.36145E-09 2.93936E-09 3.34605E-06 6.54602E-08 4.88737E-07 6.04501E-13
 4.52063E-13 8.75553E-12 1.83893E-10 2.90098E-12 2.16880E-14 4.93667E-14 2.05294E-16 4.38958E-17
 1.07726E-22 9.90533E-26 9.00346E-15 7.60974E-15 5.37333E-13 1.39282E-14 2.10506E-11 1.03571E-21
 2.09939E-02 1.74624E-24 1.20985E-24 4.80245E-17 1.63669E-15 1.14351E-15 6.66412E-24 4.30170E-04
 2.22698E-10 6.73184E-08 3.36426E-06 7.25139E-09 3.23984E-09 2.00737E-09 6.09085E-09 4.55244E-09
 3.52406E-06 5.62792E-08 5.88139E-07 4.96174E-13 3.82273E-13 7.11462E-12 1.83733E-10 2.62690E-12
 1.79840E-14 3.75440E-14 1.52356E-16 3.30578E-17 5.49137E-23 4.35594E-26 8.78537E-15 5.66515E-15
 5.57168E-13 1.08672E-14 2.10324E-11 5.32832E-22 2.09922E-02 2.05964E-24 1.49385E-24 5.16741E-17
 1.68663E-15 1.08733E-15 8.02539E-24 4.29940E-04 2.29220E-10 7.90835E-08 3.19120E-06 8.23001E-09
 3.56024E-09 2.08225E-09 5.08940E-09 7.02456E-09 3.70383E-06 4.83800E-08 7.03188E-07 4.01222E-13
 3.21150E-13 5.71343E-12 1.83294E-10 2.29590E-12 1.47164E-14 2.74218E-14 1.07879E-16 2.40334E-17
 2.62068E-23 1.95979E-26 8.59730E-15 4.18533E-15 5.80799E-13 8.57527E-15 2.10089E-11 2.68153E-22
 2.09904E-02 2.34774E-24 1.80786E-24 5.60215E-17 1.73217E-15 1.03475E-15 9.56231E-24 4.29685E-04
 2.33528E-10 9.41420E-08 3.01389E-06 9.22947E-09 3.84045E-09 2.09333E-09 4.29287E-09 1.08045E-08
 3.88482E-06 4.16060E-08 8.36270E-07 3.18808E-13 2.67389E-13 4.52139E-12 1.82517E-10 1.93373E-12
 1.18783E-14 1.92291E-14 7.27551E-17 1.68698E-17 1.17065E-23 8.97126E-27 8.43433E-15 3.05902E-15
 6.08729E-13 6.82489E-15 2.09799E-11 1.31469E-22 2.09885E-02 2.59433E-24 2.15228E-24 6.12256E-17
 1.77321E-15 9.85664E-16 1.12752E-23 4.29401E-04 2.36152E-10 1.13645E-07 2.83276E-06 1.02212E-08
 4.06497E-09 2.04034E-09 3.65434E-09 1.65772E-08 4.06658E-06 3.57896E-08 9.90467E-07 2.47930E-13
 2.19708E-13 3.50971E-12 1.81340E-10 1.56712E-12 9.44764E-15 1.29310E-14 4.66442E-17 1.14372E-17
 4.89140E-24 4.14588E-27 8.29195E-15 2.20216E-15 6.41483E-13 5.45724E-15 2.09451E-11 6.24472E-23
 2.09865E-02 2.78968E-24 2.53096E-24 6.75135E-17 1.80982E-15 9.39769E-16 1.31634E-23 4.29084E-04
 2.37603E-10 1.39176E-07 2.65027E-06 1.11686E-08 4.22034E-09 1.93266E-09 3.13710E-09 2.53795E-08
 4.24635E-06 3.08290E-08 1.16760E-06 1.88174E-13 1.77436E-13 2.66190E-12 1.79723E-10 1.22104E-12
 7.39797E-15 8.36079E-15 2.84359E-17 7.50688E-18 1.91957E-24 1.91847E-27 8.16770E-15 1.55702E-15
 6.79752E-13 4.36543E-15 2.09040E-11 2.86515E-23 2.09844E-02 2.93700E-24 2.95319E-24 7.51624E-17
 1.84161E-15 8.97152E-16 1.52199E-23 4.28732E-04 2.36954E-10 1.71918E-07 2.46918E-06 1.20889E-08
 4.31406E-09 1.79426E-09 2.69638E-09 3.87467E-08 4.42080E-06 2.66215E-08 1.36911E-06 1.39064E-13
 1.40350E-13 1.95984E-12 1.77638E-10 9.19842E-13 5.73116E-15 5.25096E-15 1.66297E-17 4.80206E-18
 7.15712E-25 8.92901E-28 8.05932E-15 1.09227E-15 7.26288E-13 3.50086E-15 2.08539E-11 1.27989E-23
 2.09820E-02 3.08480E-24 3.45764E-24 8.40527E-17 1.86869E-15 8.57813E-16 1.74044E-23 4.28341E-04
 2.28944E-10 2.05947E-07 2.29164E-06 1.36407E-08 4.51281E-09 1.66131E-09 2.22494E-09 5.97854E-08
 4.58600E-06 2.30686E-08 1.59619E-06 9.97337E-14 1.09313E-13 1.38313E-12 1.75053E-10 6.96423E-13
 4.61790E-15 3.29233E-15 9.69998E-18 3.06814E-18 2.62820E-25 4.51829E-28 7.96483E-15 8.07065E-16
 7.91297E-13 2.93194E-15 2.07844E-11 5.86792E-24 2.09795E-02 3.38781E-24 4.31079E-24 9.02009E-17
 1.89511E-15 8.21671E-16 1.95536E-23 4.27910E-04 2.13165E-10 2.47636E-07 2.11294E-06 1.79347E-08
 5.17997E-09 1.50265E-09 1.77582E-09 1.07531E-07 4.73604E-06 2.00808E-08 1.85258E-06 6.71161E-14
 8.16551E-14 9.10510E-13 1.72013E-10 5.13343E-13 4.20779E-15 2.03120E-15 5.48598E-18 1.99678E-18
 9.40086E-26 2.55268E-28 7.88296E-15 6.23724E-16 8.82877E-13 2.61160E-15 2.06876E-11 2.67747E-24
 2.09769E-02 3.77885E-24 6.18552E-24 8.73597E-17 1.92729E-15 7.88534E-16 2.18191E-23 4.27434E-04
 2.42534E-10 8.06412E-07 1.90529E-06 1.29692E-08 3.91219E-09 1.03987E-09 3.14447E-09 2.85505E-07
 4.85395E-06 1.75785E-08 2.15210E-06 3.82162E-14 3.72476E-14 5.34495E-13 1.68708E-10 1.55977E-13
 2.21573E-15 9.38571E-16 1.74330E-18 9.99629E-19 2.30128E-26 3.39952E-29 7.81388E-15 1.96362E-16
 9.13456E-13 1.02640E-15 2.06529E-11 5.49914E-25 2.09738E-02 2.31481E-24 5.01782E-24 1.51377E-16
 1.88975E-15 7.58025E-16 2.84629E-23 4.26899E-04 2.58973E-10 5.39501E-06 1.69063E-06 3.45452E-09
 1.27266E-09 5.66998E-10 1.10005E-08 5.97013E-07 4.91373E-06 1.54916E-08 2.47527E-06 2.17290E-14
 1.69927E-14 2.85334E-13 1.64669E-10 1.77987E-14 4.96992E-16 4.08218E-16 4.33454E-19 2.26969E-19
 4.82466E-27 4.15715E-30 7.75375E-15 2.19872E-17 1.03411E-12 4.11127E-16 2.05265E-11 7.32645E-26
 2.09684E-02 6.86052E-25 1.40724E-24 4.54952E-16 1.60967E-15 7.30274E-16 2.76804E-23 4.26323E-04
 1.90953E-10 1.90926E-05 1.49467E-06 1.45441E-09 4.98150E-10 3.05602E-10 2.36453E-08 9.19906E-07
 4.94361E-06 1.36901E-08 2.80416E-06 1.25732E-14 1.08294E-14 1.44683E-13 1.59922E-10 3.50330E-15
 1.39863E-16 1.81976E-16 1.10984E-19 4.82980E-20 1.03646E-27 1.42802E-30 7.69631E-15 1.50386E-18
 1.33873E-12 3.09897E-16 2.02146E-11 6.59373E-27 2.09582E-02 1.76185E-25 4.09942E-25 7.86134E-16
 1.29990E-15 7.04332E-16 1.87086E-23 4.25712E-04 1.15006E-10 4.71452E-05 1.31434E-06 8.19242E-10
 2.34917E-10 1.63313E-10 3.85195E-08 1.23547E-06 4.95957E-06 1.20721E-08 3.14813E-06 7.29138E-15
 8.16146E-15 7.07131E-14 1.54547E-10 1.39191E-15 5.20202E-17 8.13061E-17 2.86478E-20 1.75508E-20
 2.23498E-28 7.54722E-31 7.63821E-15 1.45842E-19 1.77602E-12 2.69396E-16 1.97688E-11 4.06878E-28
 2.09401E-02 4.14748E-26 1.39279E-25 1.04367E-15 1.06268E-15 6.78981E-16 1.17169E-23 4.25038E-04
 6.68318E-11 9.48701E-05 1.15039E-06 5.36446E-10 1.24001E-10 8.64818E-11 5.39265E-08 1.53096E-06
 4.96799E-06 1.06183E-08 3.50813E-06 4.22929E-15 6.75243E-15 3.40728E-14 1.48688E-10 8.80393E-16
 2.30585E-17 3.62899E-17 7.41808E-21 9.72687E-21 4.82275E-29 4.37831E-31 7.57887E-15 2.98019E-20
 2.29733E-12 2.42017E-16 1.92374E-11 2.64220E-29 2.09114E-02 9.14233E-27 5.29609E-26 1.22053E-15
 9.05104E-16 6.54060E-16 7.24078E-24 4.24290E-04 4.11630E-11 1.67513E-04 1.00299E-06 3.81661E-10
 7.04332E-11 4.53662E-11 6.86599E-08 1.80027E-06 4.97205E-06 9.31853E-09 3.88423E-06 2.45395E-15
 5.91994E-15 1.64898E-14 1.42479E-10 6.67423E-16 1.12283E-17 1.61814E-17 1.92639E-21 6.36513E-21
 1.04234E-29 2.55738E-31 7.51808E-15 8.49308E-21 2.86654E-12 2.17626E-16 1.86564E-11 4.67010E-30
 2.08694E-02 1.91188E-27 2.19967E-26 1.33779E-15 8.05947E-16 6.29555E-16 4.51636E-24 4.23460E-04
 2.72883E-11 2.70173E-04 8.71472E-07 2.84691E-10 4.21207E-11 2.35661E-11 8.18263E-08 2.04161E-06
 4.97346E-06 8.16147E-09 4.27710E-06 1.42428E-15 5.39335E-15 8.12445E-15 1.36022E-10 5.33506E-16
 5.74774E-18 7.20841E-18 5.01912E-22 4.36316E-21 2.25928E-30 1.47137E-31 7.45568E-15 2.80574E-21
 3.46075E-12 1.94097E-16 1.80484E-11 1.64498E-30 2.08114E-02 3.82858E-28 9.83554E-27 1.41843E-15
 7.42109E-16 6.05445E-16 2.87142E-24 4.22533E-04 1.91953E-11 4.07671E-04 7.54794E-07 2.18201E-10
 2.61760E-11 1.21229E-11 9.27666E-08 2.25540E-06 4.97315E-06 7.13507E-09 4.68776E-06 8.26771E-16
 5.04476E-15 4.11597E-15 1.29390E-10 4.31775E-16 3.02138E-18 3.20809E-18 1.31338E-22 3.01825E-21
 4.92160E-31 8.29124E-32 7.39145E-15 1.02026E-21 4.06518E-12 1.71283E-16 1.74279E-11 6.65861E-31
 2.07348E-02 7.40760E-29 4.68710E-27 1.47965E-15 6.96247E-16 5.81703E-16 1.86822E-24 4.21498E-04
 1.41423E-11 5.84474E-04 6.51700E-07 1.69828E-10 1.67612E-11 6.17866E-12 1.01069E-07 2.44324E-06
 4.97163E-06 6.22706E-09 5.11756E-06 4.79650E-16 4.80574E-15 2.15977E-15 1.22631E-10 3.49541E-16
 1.61111E-18 1.42534E-18 3.45615E-23 2.08479E-21 1.08104E-31 4.57747E-32 7.32516E-15 3.98048E-22
 4.66951E-12 1.49505E-16 1.68047E-11 2.81258E-31 2.06373E-02 1.40015E-29 2.36128E-27 1.53256E-15
 6.57099E-16 5.58302E-16 1.24486E-24 4.20337E-04 1.12952E-11 8.03977E-04 5.61161E-07 1.35346E-10
 1.10703E-11 3.13212E-12 1.10478E-07 2.60680E-06 4.96930E-06 5.42784E-09 5.56669E-06 2.78030E-16
 4.63683E-15 1.18114E-15 1.15797E-10 2.84957E-16 8.99147E-19 6.31561E-19 9.16808E-24 1.47352E-21
 2.41059E-32 2.68977E-32 7.25673E-15 1.73306E-22 5.26403E-12 1.32238E-16 1.61881E-11 1.33697E-31
 2.05170E-02 2.68115E-30 1.25847E-27 1.58403E-15 6.17588E-16 5.35273E-16 8.54764E-25 4.19033E-04
 9.69898E-12 1.06898E-03 4.82369E-07 1.09466E-10 7.49357E-12 1.58921E-12 1.20840E-07 2.74784E-06
 4.96652E-06 4.73019E-09 6.03412E-06 1.61369E-16 4.51523E-15 6.81481E-16 1.08978E-10 2.33179E-16
 5.19401E-19 2.79724E-19 2.47376E-24 1.05918E-21 5.56510E-33 1.65603E-32 7.18621E-15 8.23862E-23
 5.83976E-12 1.17813E-16 1.55868E-11 7.00050E-32 2.03724E-02 5.41803E-31 7.02867E-28 1.63565E-15
 5.75869E-16 5.12705E-16 6.01683E-25 4.17571E-04 8.24170E-12 1.38403E-03 4.14020E-07 8.69516E-11
 5.11109E-12 8.07725E-13 1.24129E-07 2.86900E-06 4.96344E-06 4.12265E-09 6.52191E-06 9.38601E-17
 4.42590E-15 4.21348E-16 1.02250E-10 1.87875E-16 2.87799E-19 1.24062E-19 6.84995E-25 7.35966E-22
 1.35968E-33 9.16941E-33 7.11319E-15 3.81726E-23 6.39358E-12 1.01088E-16 1.50032E-11 3.37865E-32
 2.02010E-02 9.51372E-32 4.02563E-28 1.68710E-15 5.32075E-16 4.90547E-16 4.26880E-25 4.15923E-04
 7.47429E-12 1.75247E-03 3.54875E-07 6.97277E-11 3.54980E-12 4.12486E-13 1.29045E-07 2.97275E-06
 4.96019E-06 3.59439E-09 7.03210E-06 5.46837E-17 4.35763E-15 2.82993E-16 9.56589E-11 1.52241E-16
 1.63483E-19 5.50208E-20 1.96648E-25 5.22779E-22 3.63588E-34 5.32443E-33 7.03723E-15 1.90757E-23
 6.92261E-12 8.75576E-17 1.44394E-11 1.79405E-32 2.00011E-02-1.22054E-31 2.38351E-28 1.73814E-15
 4.86256E-16 4.68741E-16 3.08500E-25 4.14061E-04 6.59996E-12 2.17869E-03 3.03862E-07 5.45433E-11
 2.46926E-12 2.11656E-13 1.25740E-07 3.06146E-06 4.95689E-06 3.13606E-09 7.56704E-06 3.19524E-17
 4.30316E-15 2.09391E-16 8.92925E-11 1.21387E-16 8.80869E-20 2.44619E-20 5.90360E-26 3.57739E-22
 1.07158E-34 2.74126E-33 6.95775E-15 9.07899E-24 7.42533E-12 7.27454E-17 1.38962E-11 8.57472E-33
 1.97704E-02-9.07288E-31 1.43156E-28 1.78813E-15 4.38806E-16 4.47225E-16 2.23340E-25 4.11949E-04
 6.03491E-12 2.66679E-03 2.59880E-07 4.25574E-11 1.73542E-12 1.09190E-13 1.21775E-07 3.13728E-06
 4.95354E-06 2.73807E-09 8.13003E-06 1.87028E-17 4.25671E-15 1.71077E-16 8.31871E-11 9.68876E-17
 4.74698E-20 1.08802E-20 1.86801E-26 2.46679E-22 3.49889E-35 1.41049E-33 6.87400E-15 4.46417E-24
 7.90109E-12 6.01541E-17 1.33732E-11 4.24864E-33 1.95066E-02-5.40040E-30 8.77866E-29 1.83555E-15
 3.91005E-16 4.25892E-16 1.63306E-25 4.09545E-04 5.65800E-12 3.21931E-03 2.22166E-07 3.29464E-11
 1.22890E-12 5.67720E-14 1.16222E-07 3.20211E-06 4.95041E-06 2.39393E-09 8.72183E-06 1.09867E-17
 4.21437E-15 1.53099E-16 7.74272E-11 7.72879E-17 2.54341E-20 4.85233E-21 6.27195E-27 1.70404E-22
 1.24706E-35 7.13722E-34 6.78536E-15 2.23192E-24 8.34746E-12 4.91811E-17 1.28717E-11 2.13744E-33
 1.92085E-02 3.04742E-30 5.47531E-29 1.87911E-15 3.43831E-16 4.04710E-16 1.20223E-25 4.06808E-04
 4.99862E-12 3.84258E-03 1.89819E-07 2.46972E-11 8.65754E-13 2.96700E-14 1.02673E-07 3.25773E-06
 4.94733E-06 2.09581E-09 9.34689E-06 6.47854E-18 4.17305E-15 1.47351E-16 7.20748E-11 6.05752E-17
 1.26799E-20 2.17331E-21 2.19142E-27 1.12351E-22 4.50580E-36 3.08492E-34 6.69070E-15 1.02429E-24
 8.76524E-12 3.82224E-17 1.23894E-11 9.21088E-34 1.88731E-02 7.77442E-31 3.42464E-29 1.91813E-15
 2.97639E-16 3.83536E-16 8.79908E-26 4.03678E-04 4.44029E-12 4.54212E-03 1.62027E-07 1.83439E-11
 6.12729E-13 1.55624E-14 8.91034E-08 3.30540E-06 4.94397E-06 1.83670E-09 1.00096E-05 3.82790E-18
 4.13020E-15 1.49368E-16 6.71343E-11 4.74988E-17 6.22179E-21 9.75225E-22 7.90591E-28 7.41081E-23
 1.63920E-36 1.28676E-34 6.58878E-15 4.70253E-25 9.15455E-12 2.93086E-17 1.19247E-11 3.94153E-34
 1.84978E-02 1.72851E-31 2.16523E-29 1.95053E-15 2.54152E-16 3.62228E-16 6.46114E-26 4.00091E-04
 3.98118E-12 5.32040E-03 1.38235E-07 1.35122E-11 4.35509E-13 8.20070E-15 7.60563E-08 3.34636E-06
 4.94035E-06 1.61193E-09 1.07107E-05 2.26745E-18 4.08394E-15 1.56592E-16 6.26344E-11 3.73019E-17
 3.02974E-21 4.38715E-22 2.93093E-28 4.89559E-23 5.99625E-37 5.23157E-35 6.47861E-15 2.16070E-25
 9.51314E-12 2.21942E-17 1.14782E-11 1.68290E-34 1.80820E-02 3.90586E-32 1.38282E-29 1.97497E-15
 2.14332E-16 3.40743E-16 4.75685E-26 3.95988E-04 3.59738E-12 6.17930E-03 1.17949E-07 9.86941E-12
 3.10755E-13 4.34632E-15 6.38564E-08 3.38169E-06 4.93646E-06 1.41742E-09 1.14500E-05 1.34779E-18
 4.03276E-15 1.67369E-16 5.86005E-11 2.93742E-17 1.46603E-21 1.98115E-22 1.11101E-28 3.24282E-23
 2.20302E-37 2.07245E-35 6.35915E-15 9.92321E-26 9.83867E-12 1.65932E-17 1.10504E-11 7.17054E-35
 1.76255E-02 9.06639E-33 8.91568E-30 1.99058E-15 1.78620E-16 3.19048E-16 3.50964E-26 3.91306E-04
 3.15314E-12 7.12230E-03 1.00686E-07 7.08404E-12 2.21364E-13 2.31474E-15 5.13385E-08 3.41211E-06
 4.93196E-06 1.24912E-09 1.22285E-05 8.04308E-19 3.97525E-15 1.80489E-16 5.50478E-11 2.30342E-17
 6.86133E-22 8.99334E-23 4.24193E-29 2.10885E-23 7.95200E-38 7.53639E-36 6.22912E-15 4.35806E-26
 1.01295E-11 1.20515E-17 1.06407E-11 2.83120E-35 1.71279E-02 2.14204E-33 5.76979E-30 1.99686E-15
 1.47048E-16 2.97090E-16 2.58080E-26 3.85970E-04 2.69940E-12 8.15265E-03 8.60014E-08 5.01852E-12
 1.57571E-13 1.23679E-15 3.98656E-08 3.43776E-06 4.92600E-06 1.10330E-09 1.30469E-05 4.81444E-19
 3.91019E-15 1.94932E-16 5.19490E-11 1.80428E-17 3.12980E-22 4.10086E-23 1.61902E-29 1.35573E-23
 2.80809E-38 2.55224E-36 6.08720E-15 1.84933E-26 1.03841E-11 8.55171E-18 1.02486E-11 1.05452E-35
 1.65893E-02 5.05664E-34 3.74964E-30 1.99325E-15 1.19738E-16 2.74841E-16 1.89327E-26 3.79907E-04
 2.40401E-12 9.26666E-03 7.35779E-08 3.57100E-12 1.13125E-13 6.64629E-16 3.13744E-08 3.45898E-06
 4.91831E-06 9.77437E-10 1.38998E-05 2.89210E-19 3.83670E-15 2.09642E-16 4.92575E-11 1.43321E-17
 1.46510E-22 1.87851E-23 6.26284E-30 8.96916E-24 1.00346E-38 8.94322E-37 5.93270E-15 8.17375E-27
 1.05987E-11 6.10379E-18 9.87611E-12 4.22044E-36 1.60141E-02 1.20105E-34 2.46953E-30 1.97941E-15
 9.66981E-17 2.52399E-16 1.39828E-26 3.73068E-04 2.13134E-12 1.04604E-02 6.31366E-08 2.52408E-12
 8.13094E-14 3.59706E-16 2.41294E-08 3.47624E-06 4.90871E-06 8.69333E-10 1.47804E-05 1.74606E-19
 3.75399E-15 2.23545E-16 4.69589E-11 1.14141E-17 6.82780E-23 8.66247E-24 2.44610E-30 5.91741E-24
 3.60388E-39 3.02211E-37 5.76492E-15 3.55315E-27 1.07697E-11 4.28826E-18 9.52448E-12 1.64753E-36
 1.54076E-02 3.07988E-35 1.63696E-30 1.95549E-15 7.74588E-17 2.29882E-16 1.03197E-26 3.65403E-04
 1.90926E-12 1.17290E-02 5.44196E-08 1.78213E-12 5.86546E-14 1.96357E-16 1.83671E-08 3.48944E-06
 4.89657E-06 7.76929E-10 1.56804E-05 1.06050E-19 3.66148E-15 2.35635E-16 4.50199E-11 9.15384E-18
 3.20208E-23 4.02362E-24 9.66497E-31 3.93691E-24 1.30819E-39 1.00562E-37 5.58343E-15 1.54810E-27
 1.08942E-11 2.98772E-18 9.19505E-12 6.47333E-37 1.47762E-02 7.82586E-36 1.09451E-30 1.92171E-15
 6.15891E-17 2.07454E-16 7.62837E-27 3.56878E-04 1.75654E-12 1.30649E-02 4.72231E-08 1.26442E-12
 4.25688E-14 1.08509E-16 1.40064E-08 3.49873E-06 4.88162E-06 6.98644E-10 1.65881E-05 6.49978E-20
 3.55890E-15 2.44995E-16 4.34137E-11 7.42132E-18 1.53412E-23 1.88605E-24 3.88678E-31 2.66808E-24
 4.85911E-40 3.38625E-38 5.38832E-15 6.88718E-28 1.09690E-11 2.07917E-18 8.88964E-12 2.64538E-37
 1.41285E-02 2.01790E-36 7.39734E-31 1.87846E-15 4.86643E-17 1.85343E-16 5.65978E-27 3.47484E-04
 1.61303E-12 1.44633E-02 4.13636E-08 8.97981E-13 3.09258E-14 6.09948E-17 1.04636E-08 3.50400E-06
 4.86326E-06 6.33002E-10 1.74925E-05 4.04465E-20 3.44609E-15 2.50904E-16 4.21285E-11 6.03762E-18
 7.36886E-24 8.95319E-25 1.58283E-31 1.80484E-24 1.82731E-40 1.10048E-38 5.17974E-15 3.01541E-28
 1.09914E-11 1.42593E-18 8.60926E-12 1.05568E-37 1.34727E-02 5.32667E-37 5.02724E-31 1.82616E-15
 3.82738E-17 1.63780E-16 4.19188E-27 3.37215E-04 1.49892E-12 1.59192E-02 3.66940E-08 6.43642E-13
 2.25449E-14 3.53891E-17 7.75372E-09 3.50470E-06 4.84049E-06 5.78805E-10 1.83817E-05 2.59324E-20
 3.32331E-15 2.52895E-16 4.11428E-11 4.94977E-18 3.59727E-24 4.34654E-25 6.54603E-32 1.23196E-24
 6.98196E-41 3.52475E-39 4.95857E-15 1.32273E-28 1.09594E-11 9.70610E-19 8.35524E-12 4.24062E-38
 1.28174E-02 1.58097E-37 3.44067E-31 1.76542E-15 3.01099E-17 1.43045E-16 3.10526E-27 3.26102E-04
 1.39342E-12 1.74309E-02 3.30979E-08 4.67890E-13 1.64487E-14 2.20666E-17 5.64787E-09 3.50012E-06
 4.81206E-06 5.35054E-10 1.92449E-05 1.77195E-20 3.19111E-15 2.50755E-16 4.04381E-11 4.07425E-18
 1.78377E-24 2.23841E-25 2.78437E-32 8.40275E-25 2.72243E-41 1.09221E-39 4.72603E-15 5.71653E-29
 1.08717E-11 6.52284E-19 8.12859E-12 1.66671E-38 1.21702E-02 4.82427E-38 2.36360E-31 1.69683E-15
 2.39791E-17 1.23414E-16 2.29336E-27 3.14192E-04 1.31875E-12 1.89967E-02 3.04939E-08 3.51024E-13
 1.20387E-14 1.62579E-17 4.12453E-09 3.48935E-06 4.77655E-06 5.01017E-10 2.00719E-05 1.37535E-20
 3.05054E-15 2.44530E-16 3.99894E-11 3.37992E-18 9.48362E-25 1.37822E-25 1.36734E-32 5.78661E-25
 1.20209E-41 3.47329E-40 4.48420E-15 2.50305E-29 1.07276E-11 4.39062E-19 7.93061E-12 6.71092E-39
 1.15388E-02 1.88901E-38 1.63151E-31 1.62113E-15 1.98828E-17 1.05176E-16 1.69137E-27 3.01575E-04
 2.85150E+02 2.78650E+02 2.72150E+02 2.65660E+02 2.61170E+02 2.55680E+02 2.49190E+02 2.42700E+02
 2.36210E+02 2.25000E+02 2.10000E+02 2.10000E+02 2.10000E+02 2.10000E+02 2.10000E+02 2.10000E+02
 2.14000E+02 2.14000E+02 2.16650E+02 2.16650E+02 2.16650E+02 2.17580E+02 2.18570E+02 2.19570E+02
 2.20560E+02 2.21550E+02 2.22540E+02 2.23540E+02 2.24530E+02 2.25520E+02 2.26510E+02 2.27500E+02
 2.28490E+02 2.30970E+02 2.33740E+02 2.36510E+02 2.39280E+02 2.37000E+02 2.35000E+02 2.33000E+02
 2.30000E+02 2.27000E+02 2.24000E+02 2.22000E+02 2.20000E+02 2.18000E+02 2.16000E+02 2.14000E+02
 2.12000E+02 2.10000E+02 2.09000E+02 2.08000E+02 2.07000E+02 2.06000E+02 2.05000E+02 2.04000E+02
 2.03000E+02 2.02000E+02 2.01000E+02 2.00000E+02 2.00000E+02 2.00000E+02 2.00000E+02 2.00000E+02
 2.00000E+02 2.00000E+02 2.00000E+02 2.00000E+02 2.00000E+02 2.00000E+02 2.00000E+02 2.00000E+02
 2.00000E+02 2.00000E+02 2.00000E+02 2.00000E+02 2.00000E+02 2.00000E+02 2.00000E+02 1.98600E+02
 1.96000E+02 1.94700E+02 1.92000E+02 1.90800E+02 1.89000E+02 1.86900E+02 1.86900E+02 1.86900E+02
 1.86900E+02 1.86900E+02 1.88000E+02 1.90000E+02 1.91000E+02 1.92500E+02 1.94000E+02 1.95000E+02
 1.96500E+02 1.98000E+02 2.00000E+02 2.02000E+02 1.00000E+05 1.00000E+05 1.00000E+05 1.00000E+05
 1.00000E+05 1.00000E+05 1.00000E+05 1.00000E+05 1.00000E+05 8.94400E+04 4.89900E+04 2.25800E+04
 1.16600E+04 6.81200E+03 5.16500E+03 4.29000E+03 3.95000E+03 3.90000E+03 3.99900E+03 4.34300E+03
 4.84400E+03 5.43900E+03 6.18700E+03 7.03600E+03 7.98400E+03 8.98600E+03 1.00300E+04 1.12800E+04
 1.24900E+04 1.36300E+04 1.51300E+04 1.66900E+04 1.81800E+04 1.99800E+04 2.19800E+04 2.44500E+04
 2.74600E+04 3.04600E+04 3.39400E+04 3.79500E+04 4.19500E+04 4.64300E+04 5.19100E+04 5.84000E+04
 6.44500E+04 7.13600E+04 7.99000E+04 8.79100E+04 9.68700E+04 1.06900E+05 1.17800E+05 1.31800E+05
 1.48300E+05 1.65800E+05 1.83300E+05 2.01800E+05 2.25600E+05 2.52200E+05 2.77200E+05 3.07000E+05
 3.42100E+05 3.79500E+05 4.21900E+05 4.71700E+05 5.17400E+05 5.67400E+05 6.22400E+05 6.82600E+05
 7.48700E+05 8.21200E+05 9.00700E+05 9.87900E+05 1.00000E+06 1.00000E+06 1.00000E+06 1.00000E+06
 1.00000E+06 1.00000E+06 1.00000E+06 1.00000E+06 1.00000E+06 1.00000E+06 1.00000E+06 1.00000E+06
 1.00000E+06 1.00000E+06 1.00000E+06 1.00000E+06 1.00000E+06 1.00000E+06 1.00000E+06 1.00000E+06
 1.00000E+06 1.00000E+06 1.00000E+06 1.00000E+06 1.00000E+06 1.00000E+06 1.00000E+06 1.00000E+06
 2.42824E+19 2.20834E+19 2.00394E+19 1.81419E+19 1.62668E+19 1.46118E+19 1.31443E+19 1.17918E+19
 1.05477E+19 9.58944E+18 8.82127E+18 7.53290E+18 6.43302E+18 5.49400E+18 4.69228E+18 4.00776E+18
 3.36427E+18 2.88224E+18 2.44151E+18 2.09585E+18 1.79922E+18 1.53854E+18 1.31624E+18 1.12685E+18
 9.65488E+17 8.27841E+17 7.10338E+17 6.09931E+17 5.24118E+17 4.50700E+17 3.87840E+17 3.33981E+17
 2.87801E+17 2.46691E+17 2.11567E+17 1.81781E+17 1.56471E+17 1.37599E+17 1.20724E+17 1.05805E+17
 9.30027E+16 8.16147E+16 7.15000E+16 6.22691E+16 5.41646E+16 4.70571E+16 4.08313E+16 3.53841E+16
 3.06239E+16 2.64690E+16 2.27463E+16 1.95339E+16 1.67637E+16 1.43764E+16 1.23205E+16 1.05512E+16
 9.02950E+15 7.72172E+15 6.59856E+15 5.63463E+15 4.78588E+15 4.06518E+15 3.45318E+15 2.93347E+15
 2.49210E+15 2.11725E+15 1.79887E+15 1.52844E+15 1.29874E+15 1.10361E+15 9.37847E+14 7.97022E+14
 6.77377E+14 5.75722E+14 4.89347E+14 4.15953E+14 3.53585E+14 3.00584E+14 2.55541E+14 2.18666E+14
 1.87967E+14 1.60273E+14 1.37434E+14 1.16753E+14 9.93754E+13 8.45832E+13 7.11285E+13 5.98179E+13
 5.03090E+13 4.23145E+13 3.54024E+13 2.95239E+13 2.47881E+13 2.07828E+13 1.74498E+13 1.47065E+13
 1.23772E+13 1.04312E+13 8.78283E+12 7.40813E+12 6.15893E-11 7.52287E-11 1.04195E-10 1.40993E-10
 1.82138E-10 2.24749E-10 2.66331E-10 3.05384E-10 3.41122E-10 3.74453E-10 4.12841E-10 4.67423E-10
 5.24871E-10 5.64471E-10 5.71138E-10 5.47048E-10 5.03158E-10 4.51571E-10 4.00007E-10 3.52998E-10
 3.12790E-10 2.78957E-10 2.50656E-10 2.27073E-10 2.07168E-10 1.89357E-10 1.72516E-10 1.56645E-10
 1.41688E-10 1.27453E-10 1.14004E-10 1.01442E-10 8.96716E-11 7.86894E-11 6.85634E-11 5.93589E-11
 5.11382E-11 4.38622E-11 3.74474E-11 3.18307E-11 2.69145E-11 2.26098E-11 1.88784E-11 1.56798E-11
 1.29307E-11 1.05649E-11 8.55885E-12 6.86543E-12 5.43826E-12 4.25084E-12 3.25216E-12 2.45784E-12
 1.83653E-12 1.35318E-12 9.78729E-13 6.92941E-13 4.82120E-13 3.29246E-13 2.18906E-13 1.41852E-13
 8.96245E-14 5.50106E-14 3.27787E-14 1.89859E-14 1.05553E-14 5.61462E-15 2.84882E-15 1.37398E-15
 6.27574E-16 2.70372E-16 1.09378E-16 4.13513E-17 1.33180E-17 3.50156E-18 7.24662E-19 1.13099E-19
 1.26563E-20 9.56849E-22 4.55638E-23 1.26597E-24 1.86704E-26 1.28321E-28 3.58859E-31 3.37705E-34
 8.70943E-38 4.77651E-42 3.98859E-47 3.53736E-53 2.16978E-60 5.52410E-69 3.01492E-79 1.87136E-91
 1.00000-100 1.00000-100 1.00000-100 1.00000-100 1.00000-100 1.00000-100 1.00000-100 1.00000-100
 2.29400E+01 1.87426E+01 1.84204E+01 1.98059E+01 2.08936E+01 2.14271E+01 2.14396E+01 2.09061E+01
 1.98334E+01 1.87739E+01 1.78143E+01 1.70363E+01 1.62043E+01 1.47884E+01 1.27235E+01 1.03799E+01
 8.03972E+00 6.93292E+00 5.96563E+00 5.60307E+00 5.43683E+00 5.32246E+00 5.37457E+00 5.56412E+00
 5.59778E+00 4.35346E+00 3.37675E+00 2.61300E+00 2.01685E+00 1.54915E+00 1.18500E+00 9.02212E-01
 6.82757E-01 5.07290E-01 3.74180E-01 2.75006E-01 2.01368E-01 1.52647E-01 1.14766E-01 8.58134E-02
 6.42123E-02 4.76602E-02 3.51166E-02 2.54991E-02 1.83588E-02 1.30820E-02 9.22985E-03 6.43978E-03
 4.43125E-03 3.00439E-03 1.97515E-03 1.28177E-03 8.21805E-04 5.19183E-04 3.21732E-04 1.95049E-04
 1.16112E-04 6.77923E-05 3.85042E-05 2.12970E-05 1.13809E-05 5.90818E-06 2.97750E-06 1.45861E-06
 6.85837E-07 3.08531E-07 1.32446E-07 5.40709E-08 2.09054E-08 7.62350E-09 2.60978E-09 8.34641E-10
 2.27316E-10 5.05294E-11 8.83959E-12 1.16620E-12 1.10319E-13 7.05064E-15 2.83829E-16 6.75025E-18
 8.60250E-20 5.04036E-22 1.21586E-24 9.71486E-28 2.13711E-31 1.00108E-35 6.99150E-41 5.18628E-47
 2.66106E-54 5.66770E-63 2.55471E-73 1.31236E-85 5.88796E-95 4.93658E-95 4.14488E-95 3.49325E-95
 2.93997E-95 2.47773E-95 2.08620E-95 1.75967E-95 0.00000E+00 0.00000E+00 0.00000E+00 0.00000E+00
 0.00000E+00 0.00000E+00 0.00000E+00 0.00000E+00 0.00000E+00 0.00000E+00 0.00000E+00 0.00000E+00
 0.00000E+00 0.00000E+00 0.00000E+00 0.00000E+00 0.00000E+00 0.00000E+00 0.00000E+00 0.00000E+00
 0.00000E+00 0.00000E+00 0.00000E+00 0.00000E+00 0.00000E+00 0.00000E+00 0.00000E+00 0.00000E+00
 0.00000E+00 0.00000E+00 0.00000E+00 0.00000E+00 0.00000E+00 0.00000E+00 0.00000E+00 0.00000E+00
 0.00000E+00 0.00000E+00 0.00000E+00 0.00000E+00 0.00000E+00 0.00000E+00 0.00000E+00 0.00000E+00
 0.00000E+00 0.00000E+00 0.00000E+00 0.00000E+00 0.00000E+00 0.00000E+00 0.00000E+00 0.00000E+00
 0.00000E+00 0.00000E+00 0.00000E+00 0.00000E+00 0.00000E+00 0.00000E+00 0.00000E+00 0.00000E+00
 0.00000E+00 0.00000E+00 0.00000E+00 0.00000E+00 0.00000E+00 0.00000E+00 0.00000E+00 0.00000E+00
 0.00000E+00 0.00000E+00 0.00000E+00 0.00000E+00 0.00000E+00 0.00000E+00 0.00000E+00 0.00000E+00
 0.00000E+00 0.00000E+00 0.00000E+00 0.00000E+00 0.00000E+00 0.00000E+00 0.00000E+00 0.00000E+00
 0.00000E+00 0.00000E+00 0.00000E+00 0.00000E+00 0.00000E+00 0.00000E+00 0.00000E+00 0.00000E+00
 0.00000E+00 0.00000E+00 0.00000E+00 0.00000E+00 0.00000E+00 0.00000E+00 0.00000E+00 0.00000E+00
 0.00000E+00 0.00000E+00 0.00000E+00 0.00000E+00 0.00000E+00 0.00000E+00 0.00000E+00 0.00000E+00
 0.00000E+00 0.00000E+00 0.00000E+00 0.00000E+00 0.00000E+00 0.00000E+00 0.00000E+00 0.00000E+00
 0.00000E+00 0.00000E+00 0.00000E+00 0.00000E+00 0.00000E+00 0.00000E+00 0.00000E+00 0.00000E+00
 0.00000E+00 0.00000E+00 0.00000E+00 0.00000E+00 0.00000E+00 0.00000E+00 0.00000E+00 0.00000E+00
 0.00000E+00 0.00000E+00 0.00000E+00 0.00000E+00 0.00000E+00 0.00000E+00 0.00000E+00 0.00000E+00
 0.00000E+00 0.00000E+00 0.00000E+00 0.00000E+00 0.00000E+00 0.00000E+00 0.00000E+00 0.00000E+00
 0.00000E+00 0.00000E+00 0.00000E+00 0.00000E+00 0.00000E+00 0.00000E+00 0.00000E+00 0.00000E+00
 0.00000E+00 0.00000E+00 0.00000E+00 0.00000E+00 0.00000E+00 0.00000E+00 0.00000E+00 0.00000E+00
 0.00000E+00 0.00000E+00 0.00000E+00 0.00000E+00 0.00000E+00 0.00000E+00 0.00000E+00 0.00000E+00
 0.00000E+00 0.00000E+00 0.00000E+00 0.00000E+00 0.00000E+00 0.00000E+00 0.00000E+00 0.00000E+00
 0.00000E+00 0.00000E+00 0.00000E+00 0.00000E+00 0.00000E+00 0.00000E+00 0.00000E+00 0.00000E+00
 0.00000E+00 0.00000E+00 0.00000E+00 0.00000E+00 0.00000E+00 0.00000E+00 0.00000E+00 0.00000E+00
 0.00000E+00 0.00000E+00 0.00000E+00 0.00000E+00 7.31491E-04 8.09964E-04 9.00705E-04 9.86141E-04
 1.07420E-03 1.17451E-03 1.28930E-03 1.42095E-03 1.57669E-03 1.77659E-03 2.04741E-03 2.28230E-03
 2.55913E-03 2.88571E-03 3.26984E-03 3.72123E-03 4.22590E-03 4.63115E-03 5.04930E-03 5.37494E-03
 5.68636E-03 6.02117E-03 6.33853E-03 6.64648E-03 7.06419E-03 8.20400E-03 9.52592E-03 1.10560E-02
 1.28246E-02 1.48703E-02 1.72295E-02 1.99549E-02 2.31016E-02 2.67928E-02 3.10423E-02 3.58994E-02
 4.14666E-02 4.74424E-02 5.43858E-02 6.24233E-02 7.16467E-02 8.23942E-02 9.49291E-02 1.09737E-01
 1.27038E-01 1.47260E-01 1.70955E-01 1.98747E-01 2.31397E-01 2.69830E-01 3.15463E-01 3.69089E-01
 4.32156E-01 5.06384E-01 5.93816E-01 6.96835E-01 8.18369E-01 9.61862E-01 1.13142E+00 1.33196E+00
 1.57076E+00 1.85235E+00 2.18438E+00 2.57587E+00 3.03747E+00 3.58175E+00 4.22280E+00 4.97747E+00
 5.86685E+00 6.91504E+00 8.15120E+00 9.60939E+00 1.13298E+01 1.33591E+01 1.57526E+01 1.85744E+01
 2.19011E+01 2.58226E+01 3.04453E+01 3.58328E+01 4.21665E+01 4.98016E+01 5.87936E+01 6.96851E+01
 8.26294E+01 9.81104E+01 1.16932E+02 1.39356E+02 1.66069E+02 1.97888E+02 2.36314E+02 2.81079E+02
 3.32915E+02 3.93800E+02 4.65202E+02 5.49014E+02 6.47143E+02 7.61841E+02 8.95501E+02 1.05093E+03
 0.00000E+00 0.00000E+00 0.00000E+00 0.00000E+00 0.00000E+00 0.00000E+00 0.00000E+00 0.00000E+00
 0.00000E+00 0.00000E+00 0.00000E+00 0.00000E+00 0.00000E+00 0.00000E+00 0.00000E+00 0.00000E+00
 0.00000E+00 0.00000E+00 0.00000E+00 0.00000E+00 0.00000E+00 0.00000E+00 0.00000E+00 0.00000E+00
 0.00000E+00 0.00000E+00 0.00000E+00 0.00000E+00 0.00000E+00 0.00000E+00 0.00000E+00 0.00000E+00
 0.00000E+00 0.00000E+00 0.00000E+00 0.00000E+00 0.00000E+00 0.00000E+00 0.00000E+00 0.00000E+00
 0.00000E+00 0.00000E+00 0.00000E+00 0.00000E+00 0.00000E+00 0.00000E+00 0.00000E+00 0.00000E+00
 0.00000E+00 0.00000E+00 0.00000E+00 0.00000E+00 0.00000E+00 0.00000E+00 0.00000E+00 0.00000E+00
 0.00000E+00 0.00000E+00 0.00000E+00 0.00000E+00 0.00000E+00 0.00000E+00 0.00000E+00 0.00000E+00
 0.00000E+00 0.00000E+00 0.00000E+00 0.00000E+00 0.00000E+00 0.00000E+00 0.00000E+00 0.00000E+00
 0.00000E+00 0.00000E+00 0.00000E+00 0.00000E+00 0.00000E+00 0.00000E+00 0.00000E+00 0.00000E+00
 0.00000E+00 0.00000E+00 0.00000E+00 0.00000E+00 0.00000E+00 0.00000E+00 0.00000E+00 0.00000E+00
 0.00000E+00 0.00000E+00 0.00000E+00 0.00000E+00 0.00000E+00 0.00000E+00 0.00000E+00 0.00000E+00
 0.00000E+00 0.00000E+00 0.00000E+00 0.00000E+00 0.00000E+00 0.00000E+00 0.00000E+00 0.00000E+00
 0.00000E+00 0.00000E+00 0.00000E+00 0.00000E+00 0.00000E+00 0.00000E+00 0.00000E+00 0.00000E+00
 0.00000E+00 0.00000E+00 0.00000E+00 0.00000E+00 0.00000E+00 0.00000E+00 0.00000E+00 0.00000E+00
 0.00000E+00 0.00000E+00 0.00000E+00 0.00000E+00 0.00000E+00 0.00000E+00 0.00000E+00 0.00000E+00
 0.00000E+00 0.00000E+00 0.00000E+00 0.00000E+00 0.00000E+00 0.00000E+00 0.00000E+00 0.00000E+00
 0.00000E+00 0.00000E+00 0.00000E+00 0.00000E+00 0.00000E+00 0.00000E+00 0.00000E+00 0.00000E+00
 0.00000E+00 0.00000E+00 0.00000E+00 0.00000E+00 0.00000E+00 0.00000E+00 0.00000E+00 0.00000E+00
 0.00000E+00 0.00000E+00 0.00000E+00 0.00000E+00 0.00000E+00 0.00000E+00 0.00000E+00 0.00000E+00
 0.00000E+00 0.00000E+00 0.00000E+00 0.00000E+00 0.00000E+00 0.00000E+00 0.00000E+00 0.00000E+00
 0.00000E+00 0.00000E+00 0.00000E+00 0.00000E+00 0.00000E+00 0.00000E+00 0.00000E+00 0.00000E+00
 0.00000E+00 0.00000E+00 0.00000E+00 0.00000E+00 0.00000E+00 0.00000E+00 0.00000E+00 0.00000E+00
 0.00000E+00 0.00000E+00 0.00000E+00 0.00000E+00 0.00000E+00 0.00000E+00 0.00000E+00 0.00000E+00
 0.00000E+00 0.00000E+00 0.00000E+00 0.00000E+00 0.00000E+00 0.00000E+00 0.00000E+00 0.00000E+00
 1.86443E-05 1.86443E-05 1.86443E-05 1.86443E-05 1.86443E-05 1.86443E-05 1.86443E-05 1.86443E-05
 1.86443E-05 1.86443E-05 1.86443E-05 1.86443E-05 1.86443E-05 1.86443E-05 1.86443E-05 1.86443E-05
 1.84074E-05 1.77110E-05 1.68143E-05 1.56459E-05 1.44188E-05 1.32330E-05 1.20486E-05 1.09102E-05
 1.00000E-05 1.00000E-05 1.00000E-05 1.00000E-05 1.00000E-05 1.00000E-05 1.00000E-05 1.00000E-05
 1.00000E-05 1.00000E-05 1.00000E-05 1.00000E-05 1.00000E-05 1.00000E-05 1.00000E-05 1.00000E-05
 1.00000E-05 1.00000E-05 1.00000E-05 1.00000E-05 1.00000E-05 1.00000E-05 1.00000E-05 1.00000E-05
 1.00000E-05 1.00000E-05 1.00000E-05 1.00000E-05 1.00000E-05 1.00000E-05 1.00000E-05 1.00000E-05
 1.00000E-05 1.00000E-05 1.00000E-05 1.00000E-05 1.00000E-05 1.00000E-05 1.00000E-05 1.00000E-05
 1.00000E-05 1.00000E-05 1.00000E-05 1.00000E-05 1.00000E-05 1.00000E-05 1.00000E-05 1.00000E-05
 1.00000E-05 1.00000E-05 1.00000E-05 1.00000E-05 1.00000E-05 1.00000E-05 1.00000E-05 1.00000E-05
 1.00000E-05 1.00000E-05 1.00000E-05 1.00000E-05 1.00000E-05 1.00000E-05 1.00000E-05 1.00000E-05
 1.00000E-05 1.00000E-05 1.00000E-05 1.00000E-05 1.00000E-05 1.00000E-05 1.00000E-05 1.00000E-05
 1.00000E-05 1.00000E-05 1.00000E-05 1.00000E-05 0.00000E+00 0.00000E+00 0.00000E+00 0.00000E+00
 0.00000E+00 0.00000E+00 0.00000E+00 0.00000E+00 0.00000E+00 0.00000E+00 0.00000E+00 0.00000E+00
 0.00000E+00 0.00000E+00 0.00000E+00 0.00000E+00 0.00000E+00 0.00000E+00 0.00000E+00 0.00000E+00
 0.00000E+00 0.00000E+00 0.00000E+00 0.00000E+00 0.00000E+00 0.00000E+00 0.00000E+00 0.00000E+00
 0.00000E+00 0.00000E+00 0.00000E+00 0.00000E+00 0.00000E+00 0.00000E+00 0.00000E+00 0.00000E+00
 0.00000E+00 0.00000E+00 0.00000E+00 0.00000E+00 0.00000E+00 0.00000E+00 0.00000E+00 0.00000E+00
 0.00000E+00 0.00000E+00 0.00000E+00 0.00000E+00 0.00000E+00 0.00000E+00 0.00000E+00 0.00000E+00
 0.00000E+00 0.00000E+00 0.00000E+00 0.00000E+00 0.00000E+00 0.00000E+00 0.00000E+00 0.00000E+00
 0.00000E+00 0.00000E+00 0.00000E+00 0.00000E+00 0.00000E+00 0.00000E+00 0.00000E+00 0.00000E+00
 0.00000E+00 0.00000E+00 0.00000E+00 0.00000E+00 0.00000E+00 0.00000E+00 0.00000E+00 0.00000E+00
 0.00000E+00 0.00000E+00 0.00000E+00 0.00000E+00 0.00000E+00 0.00000E+00 0.00000E+00 0.00000E+00
 0.00000E+00 0.00000E+00 0.00000E+00 0.00000E+00 0.00000E+00 0.00000E+00 0.00000E+00 0.00000E+00
 0.00000E+00 0.00000E+00 0.00000E+00 0.00000E+00 0.00000E+00 0.00000E+00 0.00000E+00 0.00000E+00
 0.00000E+00 0.00000E+00 0.00000E+00 0.00000E+00 0.00000E+00 0.00000E+00 0.00000E+00 0.00000E+00
 0.00000E+00 0.00000E+00 0.00000E+00 0.00000E+00 0.00000E+00 0.00000E+00 0.00000E+00 0.00000E+00
 0.00000E+00 0.00000E+00 0.00000E+00 0.00000E+00 0.00000E+00 0.00000E+00 0.00000E+00 0.00000E+00
 0.00000E+00 0.00000E+00 0.00000E+00 0.00000E+00 0.00000E+00 0.00000E+00 0.00000E+00 0.00000E+00
 0.00000E+00 0.00000E+00 0.00000E+00 0.00000E+00 0.00000E+00 0.00000E+00 0.00000E+00 0.00000E+00
 0.00000E+00 0.00000E+00 0.00000E+00 0.00000E+00 0.00000E+00 0.00000E+00 0.00000E+00 0.00000E+00
 0.00000E+00 0.00000E+00 0.00000E+00 0.00000E+00 0.00000E+00 0.00000E+00 0.00000E+00 0.00000E+00
 0.00000E+00 0.00000E+00 0.00000E+00 0.00000E+00 0.00000E+00 0.00000E+00 0.00000E+00 0.00000E+00
 0.00000E+00 0.00000E+00 0.00000E+00 0.00000E+00 0.00000E+00 0.00000E+00 0.00000E+00 0.00000E+00
 0.00000E+00 0.00000E+00 0.00000E+00 0.00000E+00 0.00000E+00 0.00000E+00 0.00000E+00 0.00000E+00
 0.00000E+00 0.00000E+00 0.00000E+00 0.00000E+00 0.00000E+00 0.00000E+00 0.00000E+00 0.00000E+00
 0.00000E+00 0.00000E+00 0.00000E+00 0.00000E+00 0.00000E+00 0.00000E+00 0.00000E+00 0.00000E+00
 0.00000E+00 0.00000E+00 0.00000E+00 0.00000E+00
