
O                   PRODUCTION RXS              INT RX RATE    TP =  1.80E+15
   8) H       + HO2     = H2O     + O            5.751E+07
  21) O1D     + O3      = O       + O       O2   1.035E+10
  22) OH      + OH      = H2O     + O            1.643E+08
  23) O1D     + N2      = O       + N2           3.836E+14
  24) O1D     + O2      = O       + O2           1.273E+14
  25) O2      + HV      = O       + O            1.827E-80
  26) O3      + HV      = O2      + O            9.331E-11
  73) N       + O2      = NO      + O            1.005E+08
  76) N       + NO      = N2      + O            1.291E+07
 105) SO2     + O1D     = SO2     + O            1.140E+04
 107) SO      + O2      = O       + SO2          1.082E+08
 130) S       + O2      = SO      + O            3.343E+06
 147) SO21    + O2      = SO3     + O            6.897E+04
 180) CO      + O1D     = CO      + O            4.510E+07
 182) CO2     + O1D     = CO2     + O            4.971E+11
 195) N       + NO2     = N2O     + O            1.017E+06
 213) CS      + O2      = OCS     + O            3.681E+06
 259) O2      + HV      = O       + O1D          3.717E+11
 260) O2      + HV      = O       + O            4.305E+12
 263) H2O     + HV      = H       + H       O    8.517E+07
 265) O3      + HV      = O2      + O            1.261E+15
 266) O3      + HV      = O       + O       O    1.612E+11
 268) CO2     + HV      = CO      + O            4.921E+08
 272) HO2     + HV      = OH      + O            1.080E+09
 281) HNO3    + HV      = HNO2    + O            1.539E+08
 283) NO      + HV      = N       + O            1.165E+08
 285) NO2     + HV      = NO      + O            1.415E+13
 286) SO      + HV      = S       + O            5.509E+05
 288) SO2     + HV      = SO      + O            1.071E+08
 298) SO3     + HV      = SO2     + O            2.154E+05
 299) HSO     + HV      = HS      + O            5.067E+00
 302) NO3     + HV      = NO2     + O            1.763E+10
 307) N2O5    + HV      = NO3     + NO      O    2.287E+08

O                      LOSS RXS                INT RX RATE    TL =  1.80E+15
   3) H2      + O       = OH      + H            3.336E+07
  10) OH      + O       = H       + O2           1.878E+12
  14) HO2     + O       = OH      + O2           1.032E+12
  17) O       + O       = O2      +              7.233E+10
  18) O       + O2      = O3      +              1.791E+15
  19) O       + O3      = O2      + O2           7.673E+11
  32) O       + HCO     = H       + CO2          2.578E+05
  33) O       + HCO     = OH      + CO           2.578E+05
  35) CO      + O       = CO2     +              2.044E+05
  46) H2CO    + O       = HCO     + OH           1.978E+08
  47) H2O2    + O       = OH      + HO2          9.145E+05
  60) CH3     + O       = H2CO    + H            9.419E+06
  78) NO      + O       = NO2     +              3.655E+09
  81) NO2     + O       = NO      + O2           1.950E+12
  88) O       + HNO     = OH      + NO           3.273E+04
  91) CH4     + O       = CH3     + OH           2.514E+07
  94) CH23    + O       = HCO     + H            9.430E+04
  97) C2H6    + O       = C2H5    + OH           5.237E+03
 100) C2H5    + O       = CH3     + HCO     H    4.678E-02
 109) SO      + O       = SO2     +              4.112E+04
 112) SO2     + O       = SO3     +              9.367E+04
 115) SO3     + O       = SO2     + O2           6.549E+02
 122) H2S     + O       = OH      + HS           3.810E-01
 123) HS      + O       = H       + SO           1.442E+02
 136) S2      + O       = S       + SO           4.373E+01
 169) HSO     + O       = OH      + SO           4.350E+02
 174) O       + OCS     = CO      + SO           4.319E+05
 175) O       + OCS     = S       + CO2          6.093E-01
 189) O       + NO3     = O2      + NO2          1.504E+08
 192) O       + NO2     = NO3     +              9.399E+09
 200) O       + N2O5    = NO2     + NO2     O2   5.595E+04
 208) O       + HO2NO2  = OH      + NO2     O2   5.266E+04
 211) O       + HNO3    = OH      + NO3          9.176E+05
 218) CS2     + O       = SO      + CS           2.519E+05
 219) CS2     + O       = OCS     + S            2.362E+04
 237) CS2     + O       = CO      + S2           7.689E+03
 241) CS      + O       = CO      + S            7.336E-02

O2                  PRODUCTION RXS              INT RX RATE    TP =  1.92E+15
   5) H       + O3      = OH      + O2           9.150E+11
   7) H       + HO2     = H2      + O2           2.480E+08
  10) OH      + O       = H       + O2           1.878E+12
  11) OH      + HO2     = H2O     + O2           1.471E+10
  12) OH      + O3      = HO2     + O2           2.571E+11
  14) HO2     + O       = OH      + O2           1.032E+12
  15) HO2     + O3      = OH      + O2      O2   7.440E+10
  16) HO2     + HO2     = H2O2    + O2           9.648E+09
  17) O       + O       = O2      +              7.233E+10
  19) O       + O3      = O2      + O2           7.673E+11
  20) O1D     + O3      = O2      + O2           1.035E+10
  21) O1D     + O3      = O       + O       O2   1.035E+10
  24) O1D     + O2      = O       + O2           1.273E+14
  26) O3      + HV      = O2      + O            9.331E-11
  27) O3      + O3      = O2      + O2      O2   8.065E+02
  68) CH3O2   + HO2     = CH3OOH  + O2           2.401E+10
  77) NO      + O3      = NO2     + O2           1.590E+13
  81) NO2     + O       = NO      + O2           1.950E+12
 106) SO2     + O1D     = SO      + O2           3.657E+04
 115) SO3     + O       = SO2     + O2           6.549E+02
 125) HS      + HO2     = H2S     + O2           1.607E+05
 133) S       + HO2     = HS      + O2           3.128E-03
 153) SO      + O3      = SO2     + O2           9.379E+06
 155) HS      + O3      = HSO     + O2           4.700E+08
 158) S       + O3      = SO      + O2           4.158E+02
 170) HSO     + O3      = HS      + O2      O2   4.666E+08
 189) O       + NO3     = O2      + NO2          1.504E+08
 190) HO2     + NO3     = OH      + NO2     O2   7.828E+06
 197) O1D     + N2O     = N2      + O2           5.562E+07
 200) O       + N2O5    = NO2     + NO2     O2   5.595E+04
 204) NO2     + NO3     = NO      + NO2     O2   7.330E+04
 205) NO2     + O3      = NO3     + O2           1.652E+10
 206) NO3     + NO3     = NO2     + NO2     O2   5.578E-01
 208) O       + HO2NO2  = OH      + NO2     O2   5.266E+04
 209) OH      + HO2NO2  = H2O     + NO2     O2   2.497E+09
 212) HO2     + NO2     = HNO2    + O2           1.182E+07
 215) CS      + O3      = OCS     + O2           5.240E+06
 248) CH3S    + O3      = CH3SO   + O2           1.208E+09
 250) CH3SO   + O3      = CH3SO2  + O2           1.201E+09
 252) CH3SO2  + O3      = CH3SO3  + O2           4.157E+07
 264) O3      + HV      = O2      + O1D          5.111E+14
 265) O3      + HV      = O2      + O            1.261E+15
 301) NO3     + HV      = NO      + O2           2.339E+09

O2                     LOSS RXS                INT RX RATE    TL =  1.92E+15
   6) H       + O2      = HO2     +              1.021E+12
  18) O       + O2      = O3      +              1.791E+15
  24) O1D     + O2      = O       + O2           1.273E+14
  25) O2      + HV      = O       + O            1.827E-80
  40) HCO     + O2      = HO2     + CO           2.025E+10
  41) CH2OH   + O2      = H2CO    + HO2          1.054E+08
  42) CH3O    + O2      = H2CO    + HO2          2.864E+10
  54) CH21    + O2      = HCO     + OH           4.025E+06
  58) CH23    + O2      = HCO     + OH           5.848E+06
  59) CH3     + O2      = H2CO    + OH           1.181E+03
  66) CH3     + O2      = CH3O2   +              3.497E+10
  73) N       + O2      = NO      + O            1.005E+08
 104) C2H5    + O2      = CH3     + HCO     OH   9.000E+08
 107) SO      + O2      = O       + SO2          1.082E+08
 116) HSO3    + O2      = HO2     + SO3          8.966E+08
 130) S       + O2      = SO      + O            3.343E+06
 147) SO21    + O2      = SO3     + O            6.897E+04
 213) CS      + O2      = OCS     + O            3.681E+06
 214) CS      + O2      = CO      + SO           4.602E+05
 224) CS2X    + O2      = CS      + SO2          1.956E+07
 245) C2H5S   + O2      = C2H5SO2 +              1.210E+09
 256) C2H7SO  + O2      = C2H6SO  + HO2          4.096E+08
 259) O2      + HV      = O       + O1D          3.717E+11
 260) O2      + HV      = O       + O            4.305E+12

H2O                 PRODUCTION RXS              INT RX RATE    TP =  1.27E+10
   4) H2      + OH      = H2O     + H            2.028E+10
   8) H       + HO2     = H2O     + O            5.751E+07
  11) OH      + HO2     = H2O     + O2           1.471E+10
  13) OH      + H2O2    = HO2     + H2O          3.778E+09
  22) OH      + OH      = H2O     + O            1.643E+08
  31) OH      + HCO     = H2O     + CO           1.356E+01
  43) H2CO    + OH      = H2O     + HCO          9.492E+09
  44) H       + OH      = H2O     +              9.965E+04
  48) CH4     + OH      = CH3     + H2O          3.124E+10
  69) CH3OOH  + OH      = CH3O2   + H2O          1.411E+10
  70) CH3OOH  + OH      = H2O     + H2CO    OH   6.049E+09
  84) HNO3    + OH      = H2O     + NO3          1.364E+09
  89) OH      + HNO     = H2O     + NO           1.748E+05
  90) HNO2    + OH      = H2O     + NO2          2.494E+07
  96) C2H6    + OH      = C2H5    + H2O          8.997E+08
 114) H2SO4   + H2O     = SO3     + H2O     H2O  4.257E+08
 120) H2S     + OH      = H2O     + HS           1.589E+05
 165) HSO     + OH      = H2O     + SO           3.316E+05
 209) OH      + HO2NO2  = H2O     + NO2     O2   2.497E+09
 242) C2H6S   + OH      = C2H5S   + H2O          1.205E+09
 258) CH4SO2  + OH      = CH3SO2  + H2O          4.085E+08
 291) H2SO4   + HV      = SO3     + H2O          1.231E+06

H2O                    LOSS RXS                INT RX RATE    TL =  8.83E+09
   1) H2O     + O1D     = OH      + OH           3.340E+10
 113) SO3     + H2O     = H2SO4   +              1.365E+09
 114) H2SO4   + H2O     = SO3     + H2O     H2O  4.257E+08
 203) N2O5    + H2O     = HNO3    + HNO3         9.366E+04
 261) H2O     + HV      = H       + OH           8.711E+08
 262) H2O     + HV      = H2      + O1D          5.678E+07
 263) H2O     + HV      = H       + H       O    8.517E+07

H                   PRODUCTION RXS              INT RX RATE    TP =  1.94E+12
   2) H2      + O1D     = OH      + H            6.764E+08
   3) H2      + O       = OH      + H            3.336E+07
   4) H2      + OH      = H2O     + H            2.028E+10
  10) OH      + O       = H       + O2           1.878E+12
  32) O       + HCO     = H       + CO2          2.578E+05
  34) CO      + OH      = CO2     + H            2.884E+10
  50) CH4     + O1D     = CH3O    + H            1.054E+08
  51) CH4     + O1D     = CH2OH   + H            1.054E+08
  60) CH3     + O       = H2CO    + H            9.419E+06
  75) N       + OH      = NO      + H            1.738E+06
  86) HNO     + HV      = NO      + H            5.409E+06
  92) CH21    + H2      = CH3     + H            1.503E+02
  94) CH23    + O       = HCO     + H            9.430E+04
 100) C2H5    + O       = CH3     + HCO     H    4.678E-02
 110) SO      + OH      = SO2     + H            9.467E+05
 123) HS      + O       = H       + SO           1.442E+02
 129) HS      + S       = H       + S2           2.983E-11
 131) S       + OH      = SO      + H            1.070E-01
 173) HS      + CO      = OCS     + H            5.902E-07
 226) CS      + HS      = CS2     + H            1.638E-04
 229) S       + HCS     = H       + CS2          1.145E-19
 230) HS      + CO      = OCS     + H            5.973E-07
 234) CH23    + S       = HCS     + H            1.127E-09
 261) H2O     + HV      = H       + OH           8.711E+08
 263) H2O     + HV      = H       + H       O    8.517E+07
 271) H2CO    + HV      = HCO     + H            9.647E+09
 274) CH4     + HV      = CH3     + H            9.121E+06
 275) CH4     + HV      = CH23    + H       H    1.563E+06
 276) CH3     + HV      = CH21    + H            9.022E+02
 287) H2S     + HV      = HS      + H            1.125E+00

H                      LOSS RXS                INT RX RATE    TL =  1.94E+12
   5) H       + O3      = OH      + O2           9.150E+11
   6) H       + O2      = HO2     +              1.021E+12
   7) H       + HO2     = H2      + O2           2.480E+08
   8) H       + HO2     = H2O     + O            5.751E+07
   9) H       + HO2     = OH      + OH           2.588E+09
  28) H       + CO      = HCO     +              3.582E+03
  29) H       + HCO     = H2      + CO           9.923E+02
  36) CO2     + H       = CO      + OH           1.178E-08
  38) H2CO    + H       = H2      + HCO          1.752E+04
  39) H       + H       = H2      +              7.000E+04
  44) H       + OH      = H2O     +              9.965E+04
  62) CH3     + H       = CH4     +              6.842E+01
  71) H       + NO      = HNO     +              3.042E+04
  83) NO2     + H       = NO      + OH           8.140E+07
  87) H       + HNO     = H2      + NO           1.178E+00
  99) C2H5    + H       = CH3     + CH3          3.471E-06
 121) H2S     + H       = H2      + HS           3.238E-04
 128) HS      + H       = H2      + S            3.907E-04
 163) H       + SO      = HSO     +              9.307E+00
 166) HSO     + H       = HS      + OH           1.491E-01
 167) HSO     + H       = H2      + SO           7.454E-02
 172) H       + OCS     = CO      + HS           4.463E-01
 194) H       + N2O     = N2      + OH           6.008E-04
 227) H       + CS      = HCS     +              5.652E-11
 228) H       + HCS     = H2      + CS           1.128E-09
 239) OCS     + H       = CO      + HS           4.448E-01

OH                  PRODUCTION RXS              INT RX RATE    TP =  2.28E+12
   1) H2O     + O1D     = OH      + OH           3.340E+10
   2) H2      + O1D     = OH      + H            6.764E+08
   3) H2      + O       = OH      + H            3.336E+07
   5) H       + O3      = OH      + O2           9.150E+11
   9) H       + HO2     = OH      + OH           2.588E+09
  14) HO2     + O       = OH      + O2           1.032E+12
  15) HO2     + O3      = OH      + O2      O2   7.440E+10
  33) O       + HCO     = OH      + CO           2.578E+05
  36) CO2     + H       = CO      + OH           1.178E-08
  46) H2CO    + O       = HCO     + OH           1.978E+08
  47) H2O2    + O       = OH      + HO2          9.145E+05
  49) CH4     + O1D     = CH3     + OH           7.828E+08
  54) CH21    + O2      = HCO     + OH           4.025E+06
  58) CH23    + O2      = HCO     + OH           5.848E+06
  59) CH3     + O2      = H2CO    + OH           1.181E+03
  70) CH3OOH  + OH      = H2O     + H2CO    OH   6.049E+09
  79) NO      + HO2     = NO2     + OH           1.609E+11
  83) NO2     + H       = NO      + OH           8.140E+07
  88) O       + HNO     = OH      + NO           3.273E+04
  91) CH4     + O       = CH3     + OH           2.514E+07
  97) C2H6    + O       = C2H5    + OH           5.237E+03
  98) C2H6    + O1D     = C2H5    + OH           3.179E+05
 104) C2H5    + O2      = CH3     + HCO     OH   9.000E+08
 108) SO      + HO2     = SO2     + OH           1.111E+05
 122) H2S     + O       = OH      + HS           3.810E-01
 134) S       + HO2     = SO      + OH           3.128E-03
 154) SO2     + HO2     = SO3     + OH           2.332E+04
 156) HS      + HO2     = HSO     + OH           1.607E+05
 166) HSO     + H       = HS      + OH           1.491E-01
 169) HSO     + O       = OH      + SO           4.350E+02
 190) HO2     + NO3     = OH      + NO2     O2   7.828E+06
 194) H       + N2O     = N2      + OH           6.008E-04
 199) N       + HO2     = NO      + OH           2.777E+05
 208) O       + HO2NO2  = OH      + NO2     O2   5.266E+04
 211) O       + HNO3    = OH      + NO3          9.176E+05
 222) CS2OH   + HV      = CS2     + OH           4.256E+07
 261) H2O     + HV      = H       + OH           8.711E+08
 267) H2O2    + HV      = OH      + OH           3.102E+09
 272) HO2     + HV      = OH      + O            1.080E+09
 279) HNO2    + HV      = NO      + OH           2.819E+09
 280) HNO3    + HV      = NO2     + OH           4.034E+09
 305) HO2NO2  + HV      = OH      + NO3          3.997E+08
 308) CH3OOH  + HV      = CH3O    + OH           3.463E+09

OH                     LOSS RXS                INT RX RATE    TL =  2.28E+12
   4) H2      + OH      = H2O     + H            2.028E+10
  10) OH      + O       = H       + O2           1.878E+12
  11) OH      + HO2     = H2O     + O2           1.471E+10
  12) OH      + O3      = HO2     + O2           2.571E+11
  13) OH      + H2O2    = HO2     + H2O          3.778E+09
  22) OH      + OH      = H2O     + O            1.643E+08
  31) OH      + HCO     = H2O     + CO           1.356E+01
  34) CO      + OH      = CO2     + H            2.884E+10
  43) H2CO    + OH      = H2O     + HCO          9.492E+09
  44) H       + OH      = H2O     +              9.965E+04
  45) OH      + OH      = H2O2    +              8.981E+06
  48) CH4     + OH      = CH3     + H2O          3.124E+10
  69) CH3OOH  + OH      = CH3O2   + H2O          1.411E+10
  70) CH3OOH  + OH      = H2O     + H2CO    OH   6.049E+09
  75) N       + OH      = NO      + H            1.738E+06
  80) NO      + OH      = HNO2    +              2.568E+09
  82) NO2     + OH      = HNO3    +              6.759E+09
  84) HNO3    + OH      = H2O     + NO3          1.364E+09
  89) OH      + HNO     = H2O     + NO           1.748E+05
  90) HNO2    + OH      = H2O     + NO2          2.494E+07
  96) C2H6    + OH      = C2H5    + H2O          8.997E+08
 101) C2H5    + OH      = CH3     + HCO     H2   1.680E-03
 110) SO      + OH      = SO2     + H            9.467E+05
 111) SO2     + OH      = HSO3    +              8.966E+08
 120) H2S     + OH      = H2O     + HS           1.589E+05
 131) S       + OH      = SO      + H            1.070E-01
 165) HSO     + OH      = H2O     + SO           3.316E+05
 177) OCS     + OH      = CO2     + HS           5.864E+06
 193) OH      + NO3     = HO2     + NO2          1.091E+07
 209) OH      + HO2NO2  = H2O     + NO2     O2   2.497E+09
 220) CS2     + OH      = OCS     + HS           1.064E+05
 221) CS2     + OH      = CS2OH   +              4.256E+07
 242) C2H6S   + OH      = C2H5S   + H2O          1.205E+09
 243) C2H6S   + OH      = C2H7SO  +              4.096E+08
 257) C2H6SO  + OH      = CH4SO2  + CH3          4.085E+08
 258) CH4SO2  + OH      = CH3SO2  + H2O          4.085E+08

HO2                 PRODUCTION RXS              INT RX RATE    TP =  1.34E+12
   6) H       + O2      = HO2     +              1.021E+12
  12) OH      + O3      = HO2     + O2           2.571E+11
  13) OH      + H2O2    = HO2     + H2O          3.778E+09
  40) HCO     + O2      = HO2     + CO           2.025E+10
  41) CH2OH   + O2      = H2CO    + HO2          1.054E+08
  42) CH3O    + O2      = H2CO    + HO2          2.864E+10
  47) H2O2    + O       = OH      + HO2          9.145E+05
 116) HSO3    + O2      = HO2     + SO3          8.966E+08
 193) OH      + NO3     = HO2     + NO2          1.091E+07
 210) HO2NO2  + M       = HO2     + NO2          8.260E+09
 256) C2H7SO  + O2      = C2H6SO  + HO2          4.096E+08
 304) HO2NO2  + HV      = HO2     + NO2          1.561E+09

HO2                    LOSS RXS                INT RX RATE    TL =  1.34E+12
   7) H       + HO2     = H2      + O2           2.480E+08
   8) H       + HO2     = H2O     + O            5.751E+07
   9) H       + HO2     = OH      + OH           2.588E+09
  11) OH      + HO2     = H2O     + O2           1.471E+10
  14) HO2     + O       = OH      + O2           1.032E+12
  15) HO2     + O3      = OH      + O2      O2   7.440E+10
  16) HO2     + HO2     = H2O2    + O2           9.648E+09
  68) CH3O2   + HO2     = CH3OOH  + O2           2.401E+10
  79) NO      + HO2     = NO2     + OH           1.609E+11
 108) SO      + HO2     = SO2     + OH           1.111E+05
 125) HS      + HO2     = H2S     + O2           1.607E+05
 133) S       + HO2     = HS      + O2           3.128E-03
 134) S       + HO2     = SO      + OH           3.128E-03
 154) SO2     + HO2     = SO3     + OH           2.332E+04
 156) HS      + HO2     = HSO     + OH           1.607E+05
 190) HO2     + NO3     = OH      + NO2     O2   7.828E+06
 199) N       + HO2     = NO      + OH           2.777E+05
 207) HO2     + NO2     = HO2NO2  +              1.280E+10
 212) HO2     + NO2     = HNO2    + O2           1.182E+07
 272) HO2     + HV      = OH      + O            1.080E+09

H2O2                PRODUCTION RXS              INT RX RATE    TP =  9.66E+09
  16) HO2     + HO2     = H2O2    + O2           9.648E+09
  45) OH      + OH      = H2O2    +              8.981E+06

H2O2                   LOSS RXS                INT RX RATE    TL =  9.01E+09
  13) OH      + H2O2    = HO2     + H2O          3.778E+09
  47) H2O2    + O       = OH      + HO2          9.145E+05
 267) H2O2    + HV      = OH      + OH           3.102E+09

H2                  PRODUCTION RXS              INT RX RATE    TP =  1.57E+10
   7) H       + HO2     = H2      + O2           2.480E+08
  29) H       + HCO     = H2      + CO           9.923E+02
  38) H2CO    + H       = H2      + HCO          1.752E+04
  39) H       + H       = H2      +              7.000E+04
  52) CH4     + O1D     = H2CO    + H2           5.269E+07
  87) H       + HNO     = H2      + NO           1.178E+00
 101) C2H5    + OH      = CH3     + HCO     H2   1.680E-03
 121) H2S     + H       = H2      + HS           3.238E-04
 128) HS      + H       = H2      + S            3.907E-04
 167) HSO     + H       = H2      + SO           7.454E-02
 228) H       + HCS     = H2      + CS           1.128E-09
 262) H2O     + HV      = H2      + O1D          5.678E+07
 270) H2CO    + HV      = H2      + CO           1.525E+10
 273) CH4     + HV      = CH21    + H2           8.404E+06
 277) C2H6    + HV      = CH23    + CH23    H2   1.531E-02

H2                     LOSS RXS                INT RX RATE    TL =  2.10E+10
   2) H2      + O1D     = OH      + H            6.764E+08
   3) H2      + O       = OH      + H            3.336E+07
   4) H2      + OH      = H2O     + H            2.028E+10
  92) CH21    + H2      = CH3     + H            1.503E+02

CO                  PRODUCTION RXS              INT RX RATE    TP =  3.70E+10
  29) H       + HCO     = H2      + CO           9.923E+02
  30) HCO     + HCO     = H2CO    + CO           5.508E-08
  31) OH      + HCO     = H2O     + CO           1.356E+01
  33) O       + HCO     = OH      + CO           2.578E+05
  36) CO2     + H       = CO      + OH           1.178E-08
  40) HCO     + O2      = HO2     + CO           2.025E+10
  63) CH3     + HCO     = CH4     + CO           1.613E-05
  85) HCO     + NO      = HNO     + CO           9.406E+01
  93) CH21    + CO2     = H2CO    + CO           1.719E+02
  95) CH23    + CO2     = H2CO    + CO           7.426E+01
 102) C2H5    + HCO     = C2H6    + CO           4.327E-12
 127) HS      + HCO     = H2S     + CO           6.241E-06
 132) S       + HCO     = HS      + CO           6.661E-10
 162) SO      + HCO     = HSO     + CO           4.928E-04
 172) H       + OCS     = CO      + HS           4.463E-01
 174) O       + OCS     = CO      + SO           4.319E+05
 176) OCS     + S       = CO      + S2           2.125E-05
 180) CO      + O1D     = CO      + O            4.510E+07
 214) CS      + O2      = CO      + SO           4.602E+05
 217) CS      + O3      = CO      + SO2          5.240E+06
 237) CS2     + O       = CO      + S2           7.689E+03
 239) OCS     + H       = CO      + HS           4.448E-01
 241) CS      + O       = CO      + S            7.336E-02
 268) CO2     + HV      = CO      + O            4.921E+08
 269) CO2     + HV      = CO      + O1D          9.268E+08
 270) H2CO    + HV      = H2      + CO           1.525E+10
 300) OCS     + HV      = CO      + S            2.700E+06

CO                     LOSS RXS                INT RX RATE    TL =  2.89E+10
  28) H       + CO      = HCO     +              3.582E+03
  34) CO      + OH      = CO2     + H            2.884E+10
  35) CO      + O       = CO2     +              2.044E+05
 173) HS      + CO      = OCS     + H            5.902E-07
 179) S       + CO      = OCS     +              1.655E-07
 180) CO      + O1D     = CO      + O            4.510E+07
 188) OCS2    + CO      = OCS     + OCS          1.595E-05
 230) HS      + CO      = OCS     + H            5.973E-07

HCO                 PRODUCTION RXS              INT RX RATE    TP =  2.02E+10
  28) H       + CO      = HCO     +              3.582E+03
  38) H2CO    + H       = H2      + HCO          1.752E+04
  43) H2CO    + OH      = H2O     + HCO          9.492E+09
  46) H2CO    + O       = HCO     + OH           1.978E+08
  54) CH21    + O2      = HCO     + OH           4.025E+06
  58) CH23    + O2      = HCO     + OH           5.848E+06
  65) CH3     + H2CO    = CH4     + HCO          4.765E-06
  94) CH23    + O       = HCO     + H            9.430E+04
 100) C2H5    + O       = CH3     + HCO     H    4.678E-02
 101) C2H5    + OH      = CH3     + HCO     H2   1.680E-03
 104) C2H5    + O2      = CH3     + HCO     OH   9.000E+08
 271) H2CO    + HV      = HCO     + H            9.647E+09

HCO                    LOSS RXS                INT RX RATE    TL =  2.02E+10
  29) H       + HCO     = H2      + CO           9.923E+02
  30) HCO     + HCO     = H2CO    + CO           5.508E-08
  31) OH      + HCO     = H2O     + CO           1.356E+01
  32) O       + HCO     = H       + CO2          2.578E+05
  33) O       + HCO     = OH      + CO           2.578E+05
  40) HCO     + O2      = HO2     + CO           2.025E+10
  63) CH3     + HCO     = CH4     + CO           1.613E-05
  85) HCO     + NO      = HNO     + CO           9.406E+01
 102) C2H5    + HCO     = C2H6    + CO           4.327E-12
 127) HS      + HCO     = H2S     + CO           6.241E-06
 132) S       + HCO     = HS      + CO           6.661E-10
 162) SO      + HCO     = HSO     + CO           4.928E-04

H2CO                PRODUCTION RXS              INT RX RATE    TP =  3.61E+10
  30) HCO     + HCO     = H2CO    + CO           5.508E-08
  41) CH2OH   + O2      = H2CO    + HO2          1.054E+08
  42) CH3O    + O2      = H2CO    + HO2          2.864E+10
  52) CH4     + O1D     = H2CO    + H2           5.269E+07
  59) CH3     + O2      = H2CO    + OH           1.181E+03
  60) CH3     + O       = H2CO    + H            9.419E+06
  70) CH3OOH  + OH      = H2O     + H2CO    OH   6.049E+09
  93) CH21    + CO2     = H2CO    + CO           1.719E+02
  95) CH23    + CO2     = H2CO    + CO           7.426E+01
 247) C2H5SO  + HV      = H2CO    + CH3S         1.210E+09

H2CO                   LOSS RXS                INT RX RATE    TL =  3.56E+10
  38) H2CO    + H       = H2      + HCO          1.752E+04
  43) H2CO    + OH      = H2O     + HCO          9.492E+09
  46) H2CO    + O       = HCO     + OH           1.978E+08
  65) CH3     + H2CO    = CH4     + HCO          4.765E-06
 270) H2CO    + HV      = H2      + CO           1.525E+10
 271) H2CO    + HV      = HCO     + H            9.647E+09

CH3O                PRODUCTION RXS              INT RX RATE    TP =  2.86E+10
  50) CH4     + O1D     = CH3O    + H            1.054E+08
  67) CH3O2   + NO      = CH3O    + NO2          2.508E+10
 308) CH3OOH  + HV      = CH3O    + OH           3.463E+09

CH3O                   LOSS RXS                INT RX RATE    TL =  2.86E+10
  42) CH3O    + O2      = H2CO    + HO2          2.864E+10

CH2OH               PRODUCTION RXS              INT RX RATE    TP =  1.05E+08
  51) CH4     + O1D     = CH2OH   + H            1.054E+08

CH2OH                  LOSS RXS                INT RX RATE    TL =  1.05E+08
  41) CH2OH   + O2      = H2CO    + HO2          1.054E+08

CH3O2               PRODUCTION RXS              INT RX RATE    TP =  4.91E+10
  66) CH3     + O2      = CH3O2   +              3.497E+10
  69) CH3OOH  + OH      = CH3O2   + H2O          1.411E+10

CH3O2                  LOSS RXS                INT RX RATE    TL =  4.91E+10
  67) CH3O2   + NO      = CH3O    + NO2          2.508E+10
  68) CH3O2   + HO2     = CH3OOH  + O2           2.401E+10

CH3OOH              PRODUCTION RXS              INT RX RATE    TP =  2.40E+10
  68) CH3O2   + HO2     = CH3OOH  + O2           2.401E+10

CH3OOH                 LOSS RXS                INT RX RATE    TL =  2.40E+10
  69) CH3OOH  + OH      = CH3O2   + H2O          1.411E+10
  70) CH3OOH  + OH      = H2O     + H2CO    OH   6.049E+09
 308) CH3OOH  + HV      = CH3O    + OH           3.463E+09

CH4                 PRODUCTION RXS              INT RX RATE    TP =  6.84E+01
  62) CH3     + H       = CH4     +              6.842E+01
  63) CH3     + HCO     = CH4     + CO           1.613E-05
  64) CH3     + HNO     = CH4     + NO           3.505E-06
  65) CH3     + H2CO    = CH4     + HCO          4.765E-06
 233) CH3     + HCS     = CH4     + CS           4.594E-15
 278) C2H6    + HV      = CH4     + CH21         3.827E-03

CH4                    LOSS RXS                INT RX RATE    TL =  3.23E+10
  48) CH4     + OH      = CH3     + H2O          3.124E+10
  49) CH4     + O1D     = CH3     + OH           7.828E+08
  50) CH4     + O1D     = CH3O    + H            1.054E+08
  51) CH4     + O1D     = CH2OH   + H            1.054E+08
  52) CH4     + O1D     = H2CO    + H2           5.269E+07
  53) CH21    + CH4     = CH3     + CH3          8.641E-12
  91) CH4     + O       = CH3     + OH           2.514E+07
 273) CH4     + HV      = CH21    + H2           8.404E+06
 274) CH4     + HV      = CH3     + H            9.121E+06
 275) CH4     + HV      = CH23    + H       H    1.563E+06

CH3                 PRODUCTION RXS              INT RX RATE    TP =  3.50E+10
  48) CH4     + OH      = CH3     + H2O          3.124E+10
  49) CH4     + O1D     = CH3     + OH           7.828E+08
  53) CH21    + CH4     = CH3     + CH3          8.641E-12
  91) CH4     + O       = CH3     + OH           2.514E+07
  92) CH21    + H2      = CH3     + H            1.503E+02
  99) C2H5    + H       = CH3     + CH3          3.471E-06
 100) C2H5    + O       = CH3     + HCO     H    4.678E-02
 101) C2H5    + OH      = CH3     + HCO     H2   1.680E-03
 104) C2H5    + O2      = CH3     + HCO     OH   9.000E+08
 254) CH3SO2  + HV      = CH3     + SO2          1.577E+09
 255) CH3SO3  + HV      = CH3     + SO3          4.163E+07
 257) C2H6SO  + OH      = CH4SO2  + CH3          4.085E+08
 274) CH4     + HV      = CH3     + H            9.121E+06

CH3                    LOSS RXS                INT RX RATE    TL =  3.50E+10
  59) CH3     + O2      = H2CO    + OH           1.181E+03
  60) CH3     + O       = H2CO    + H            9.419E+06
  61) CH3     + CH3     = C2H6    +              2.597E-03
  62) CH3     + H       = CH4     +              6.842E+01
  63) CH3     + HCO     = CH4     + CO           1.613E-05
  64) CH3     + HNO     = CH4     + NO           3.505E-06
  65) CH3     + H2CO    = CH4     + HCO          4.765E-06
  66) CH3     + O2      = CH3O2   +              3.497E+10
 233) CH3     + HCS     = CH4     + CS           4.594E-15
 276) CH3     + HV      = CH21    + H            9.022E+02

C2H6                PRODUCTION RXS              INT RX RATE    TP =  2.60E-03
  61) CH3     + CH3     = C2H6    +              2.597E-03
 102) C2H5    + HCO     = C2H6    + CO           4.327E-12
 103) C2H5    + HNO     = C2H6    + NO           4.282E-09

C2H6                   LOSS RXS                INT RX RATE    TL =  9.00E+08
  96) C2H6    + OH      = C2H5    + H2O          8.997E+08
  97) C2H6    + O       = C2H5    + OH           5.237E+03
  98) C2H6    + O1D     = C2H5    + OH           3.179E+05
 277) C2H6    + HV      = CH23    + CH23    H2   1.531E-02
 278) C2H6    + HV      = CH4     + CH21         3.827E-03

NO                  PRODUCTION RXS              INT RX RATE    TP =  1.61E+13
  64) CH3     + HNO     = CH4     + NO           3.505E-06
  73) N       + O2      = NO      + O            1.005E+08
  75) N       + OH      = NO      + H            1.738E+06
  81) NO2     + O       = NO      + O2           1.950E+12
  83) NO2     + H       = NO      + OH           8.140E+07
  86) HNO     + HV      = NO      + H            5.409E+06
  87) H       + HNO     = H2      + NO           1.178E+00
  88) O       + HNO     = OH      + NO           3.273E+04
  89) OH      + HNO     = H2O     + NO           1.748E+05
 103) C2H5    + HNO     = C2H6    + NO           4.282E-09
 152) SO      + NO2     = SO2     + NO           3.590E+06
 157) HS      + NO2     = HSO     + NO           2.420E+06
 198) O1D     + N2O     = NO      + NO           8.702E+07
 199) N       + HO2     = NO      + OH           2.777E+05
 204) NO2     + NO3     = NO      + NO2     O2   7.330E+04
 249) CH3S    + NO2     = CH3SO   + NO           2.821E+06
 251) CH3SO   + NO2     = CH3SO2  + NO           9.847E+06
 253) CH3SO2  + NO2     = CH3SO3  + NO           6.253E+04
 279) HNO2    + HV      = NO      + OH           2.819E+09
 284) NO2     + HV      = NO      + O1D          1.952E+09
 285) NO2     + HV      = NO      + O            1.415E+13
 301) NO3     + HV      = NO      + O2           2.339E+09
 307) N2O5    + HV      = NO3     + NO      O    2.287E+08

NO                     LOSS RXS                INT RX RATE    TL =  1.61E+13
  67) CH3O2   + NO      = CH3O    + NO2          2.508E+10
  71) H       + NO      = HNO     +              3.042E+04
  76) N       + NO      = N2      + O            1.291E+07
  77) NO      + O3      = NO2     + O2           1.590E+13
  78) NO      + O       = NO2     +              3.655E+09
  79) NO      + HO2     = NO2     + OH           1.609E+11
  80) NO      + OH      = HNO2    +              2.568E+09
  85) HCO     + NO      = HNO     + CO           9.406E+01
 164) HSO     + NO      = HNO     + SO           5.593E+06
 191) NO      + NO3     = NO2     + NO2          7.536E+09
 246) C2H5SO2 + NO      = C2H5SO  + NO2          1.210E+09
 283) NO      + HV      = N       + O            1.165E+08

NO2                 PRODUCTION RXS              INT RX RATE    TP =  1.61E+13
  67) CH3O2   + NO      = CH3O    + NO2          2.508E+10
  77) NO      + O3      = NO2     + O2           1.590E+13
  78) NO      + O       = NO2     +              3.655E+09
  79) NO      + HO2     = NO2     + OH           1.609E+11
  90) HNO2    + OH      = H2O     + NO2          2.494E+07
 189) O       + NO3     = O2      + NO2          1.504E+08
 190) HO2     + NO3     = OH      + NO2     O2   7.828E+06
 191) NO      + NO3     = NO2     + NO2          7.536E+09
 193) OH      + NO3     = HO2     + NO2          1.091E+07
 200) O       + N2O5    = NO2     + NO2     O2   5.595E+04
 202) N2O5    + M       = NO3     + NO2          2.312E+06
 204) NO2     + NO3     = NO      + NO2     O2   7.330E+04
 206) NO3     + NO3     = NO2     + NO2     O2   5.578E-01
 208) O       + HO2NO2  = OH      + NO2     O2   5.266E+04
 209) OH      + HO2NO2  = H2O     + NO2     O2   2.497E+09
 210) HO2NO2  + M       = HO2     + NO2          8.260E+09
 246) C2H5SO2 + NO      = C2H5SO  + NO2          1.210E+09
 280) HNO3    + HV      = NO2     + OH           4.034E+09
 302) NO3     + HV      = NO2     + O            1.763E+10
 304) HO2NO2  + HV      = HO2     + NO2          1.561E+09
 306) N2O5    + HV      = NO3     + NO2          5.814E+07

NO2                    LOSS RXS                INT RX RATE    TL =  1.61E+13
  81) NO2     + O       = NO      + O2           1.950E+12
  82) NO2     + OH      = HNO3    +              6.759E+09
  83) NO2     + H       = NO      + OH           8.140E+07
 152) SO      + NO2     = SO2     + NO           3.590E+06
 157) HS      + NO2     = HSO     + NO           2.420E+06
 192) O       + NO2     = NO3     +              9.399E+09
 195) N       + NO2     = N2O     + O            1.017E+06
 201) NO2     + NO3     = N2O5    +              2.892E+08
 204) NO2     + NO3     = NO      + NO2     O2   7.330E+04
 205) NO2     + O3      = NO3     + O2           1.652E+10
 207) HO2     + NO2     = HO2NO2  +              1.280E+10
 212) HO2     + NO2     = HNO2    + O2           1.182E+07
 249) CH3S    + NO2     = CH3SO   + NO           2.821E+06
 251) CH3SO   + NO2     = CH3SO2  + NO           9.847E+06
 253) CH3SO2  + NO2     = CH3SO3  + NO           6.253E+04
 284) NO2     + HV      = NO      + O1D          1.952E+09
 285) NO2     + HV      = NO      + O            1.415E+13

HNO                 PRODUCTION RXS              INT RX RATE    TP =  5.62E+06
  71) H       + NO      = HNO     +              3.042E+04
  85) HCO     + NO      = HNO     + CO           9.406E+01
 164) HSO     + NO      = HNO     + SO           5.593E+06

HNO                    LOSS RXS                INT RX RATE    TL =  5.62E+06
  64) CH3     + HNO     = CH4     + NO           3.505E-06
  86) HNO     + HV      = NO      + H            5.409E+06
  87) H       + HNO     = H2      + NO           1.178E+00
  88) O       + HNO     = OH      + NO           3.273E+04
  89) OH      + HNO     = H2O     + NO           1.748E+05
 103) C2H5    + HNO     = C2H6    + NO           4.282E-09

H2S                 PRODUCTION RXS              INT RX RATE    TP =  1.61E+05
 125) HS      + HO2     = H2S     + O2           1.607E+05
 126) HS      + HS      = H2S     + S            2.064E+00
 127) HS      + HCO     = H2S     + CO           6.241E-06
 168) HSO     + HS      = H2S     + SO           4.594E+00
 235) HS      + HCS     = H2S     + CS           5.609E-11

H2S                    LOSS RXS                INT RX RATE    TL =  1.59E+05
 120) H2S     + OH      = H2O     + HS           1.589E+05
 121) H2S     + H       = H2      + HS           3.238E-04
 122) H2S     + O       = OH      + HS           3.810E-01
 287) H2S     + HV      = HS      + H            1.125E+00

HS                  PRODUCTION RXS              INT RX RATE    TP =  4.73E+08
 120) H2S     + OH      = H2O     + HS           1.589E+05
 121) H2S     + H       = H2      + HS           3.238E-04
 122) H2S     + O       = OH      + HS           3.810E-01
 132) S       + HCO     = HS      + CO           6.661E-10
 133) S       + HO2     = HS      + O2           3.128E-03
 166) HSO     + H       = HS      + OH           1.491E-01
 170) HSO     + O3      = HS      + O2      O2   4.666E+08
 171) HSO     + S       = HS      + SO           1.249E-09
 172) H       + OCS     = CO      + HS           4.463E-01
 177) OCS     + OH      = CO2     + HS           5.864E+06
 220) CS2     + OH      = OCS     + HS           1.064E+05
 231) CH21    + S2      = HCS     + HS           3.470E-22
 232) CH23    + S2      = HCS     + HS           5.375E-22
 236) S       + HCS     = HS      + CS           5.727E-20
 239) OCS     + H       = CO      + HS           4.448E-01
 287) H2S     + HV      = HS      + H            1.125E+00
 299) HSO     + HV      = HS      + O            5.067E+00

HS                     LOSS RXS                INT RX RATE    TL =  4.73E+08
 123) HS      + O       = H       + SO           1.442E+02
 125) HS      + HO2     = H2S     + O2           1.607E+05
 126) HS      + HS      = H2S     + S            2.064E+00
 127) HS      + HCO     = H2S     + CO           6.241E-06
 128) HS      + H       = H2      + S            3.907E-04
 129) HS      + S       = H       + S2           2.983E-11
 155) HS      + O3      = HSO     + O2           4.700E+08
 156) HS      + HO2     = HSO     + OH           1.607E+05
 157) HS      + NO2     = HSO     + NO           2.420E+06
 168) HSO     + HS      = H2S     + SO           4.594E+00
 173) HS      + CO      = OCS     + H            5.902E-07
 226) CS      + HS      = CS2     + H            1.638E-04
 230) HS      + CO      = OCS     + H            5.973E-07
 235) HS      + HCS     = H2S     + CS           5.609E-11

S                   PRODUCTION RXS              INT RX RATE    TP =  3.34E+06
 126) HS      + HS      = H2S     + S            2.064E+00
 128) HS      + H       = H2      + S            3.907E-04
 136) S2      + O       = S       + SO           4.373E+01
 159) SO      + SO      = SO2     + S            1.247E-02
 175) O       + OCS     = S       + CO2          6.093E-01
 219) CS2     + O       = OCS     + S            2.362E+04
 241) CS      + O       = CO      + S            7.336E-02
 286) SO      + HV      = S       + O            5.509E+05
 292) S2      + HV      = S       + S            7.645E+03
 294) S3      + HV      = S2      + S            2.536E-12
 300) OCS     + HV      = CO      + S            2.700E+06
 309) CS2     + HV      = CS      + S            5.358E+04

S                      LOSS RXS                INT RX RATE    TL =  3.34E+06
 129) HS      + S       = H       + S2           2.983E-11
 130) S       + O2      = SO      + O            3.343E+06
 131) S       + OH      = SO      + H            1.070E-01
 132) S       + HCO     = HS      + CO           6.661E-10
 133) S       + HO2     = HS      + O2           3.128E-03
 134) S       + HO2     = SO      + OH           3.128E-03
 135) S       + S       = S2      +              8.628E-19
 139) S       + S2      = S3      +              2.536E-12
 141) S       + S3      = S4      +              9.599E-32
 158) S       + O3      = SO      + O2           4.158E+02
 171) HSO     + S       = HS      + SO           1.249E-09
 176) OCS     + S       = CO      + S2           2.125E-05
 179) S       + CO      = OCS     +              1.655E-07
 184) OCS     + S       = OCS2    +              1.595E-05
 185) OCS2    + S       = OCS     + S2           1.508E-20
 229) S       + HCS     = H       + CS2          1.145E-19
 234) CH23    + S       = HCS     + H            1.127E-09
 236) S       + HCS     = HS      + CS           5.727E-20
 240) CS2     + S       = CS      + S2           6.036E-10

SO                  PRODUCTION RXS              INT RX RATE    TP =  1.23E+08
 106) SO2     + O1D     = SO      + O2           3.657E+04
 123) HS      + O       = H       + SO           1.442E+02
 130) S       + O2      = SO      + O            3.343E+06
 131) S       + OH      = SO      + H            1.070E-01
 134) S       + HO2     = SO      + OH           3.128E-03
 136) S2      + O       = S       + SO           4.373E+01
 148) SO21    + SO2     = SO3     + SO           5.888E-01
 151) SO23    + SO2     = SO3     + SO           7.548E-02
 158) S       + O3      = SO      + O2           4.158E+02
 164) HSO     + NO      = HNO     + SO           5.593E+06
 165) HSO     + OH      = H2O     + SO           3.316E+05
 167) HSO     + H       = H2      + SO           7.454E-02
 168) HSO     + HS      = H2S     + SO           4.594E+00
 169) HSO     + O       = OH      + SO           4.350E+02
 171) HSO     + S       = HS      + SO           1.249E-09
 174) O       + OCS     = CO      + SO           4.319E+05
 214) CS      + O2      = CO      + SO           4.602E+05
 216) CS      + O3      = SO      + CO2          5.240E+06
 218) CS2     + O       = SO      + CS           2.519E+05
 288) SO2     + HV      = SO      + O            1.071E+08

SO                     LOSS RXS                INT RX RATE    TL =  1.23E+08
 107) SO      + O2      = O       + SO2          1.082E+08
 108) SO      + HO2     = SO2     + OH           1.111E+05
 109) SO      + O       = SO2     +              4.112E+04
 110) SO      + OH      = SO2     + H            9.467E+05
 152) SO      + NO2     = SO2     + NO           3.590E+06
 153) SO      + O3      = SO2     + O2           9.379E+06
 159) SO      + SO      = SO2     + S            1.247E-02
 160) SO3     + SO      = SO2     + SO2          1.229E-02
 162) SO      + HCO     = HSO     + CO           4.928E-04
 163) H       + SO      = HSO     +              9.307E+00
 238) CS2     + SO      = OCS     + S2           1.827E-04
 286) SO      + HV      = S       + O            5.509E+05

SO2                 PRODUCTION RXS              INT RX RATE    TP =  3.78E+10
 105) SO2     + O1D     = SO2     + O            1.140E+04
 107) SO      + O2      = O       + SO2          1.082E+08
 108) SO      + HO2     = SO2     + OH           1.111E+05
 109) SO      + O       = SO2     +              4.112E+04
 110) SO      + OH      = SO2     + H            9.467E+05
 115) SO3     + O       = SO2     + O2           6.549E+02
 144) SO21    + M       = SO2     + M            3.242E+10
 146) SO21    + HV      = SO2     + HV           6.053E+07
 149) SO23    + M       = SO2     + M            3.539E+09
 150) SO23    + HV      = SO2     + HV           1.381E+07
 152) SO      + NO2     = SO2     + NO           3.590E+06
 153) SO      + O3      = SO2     + O2           9.379E+06
 159) SO      + SO      = SO2     + S            1.247E-02
 160) SO3     + SO      = SO2     + SO2          1.229E-02
 217) CS      + O3      = CO      + SO2          5.240E+06
 224) CS2X    + O2      = CS      + SO2          1.956E+07
 254) CH3SO2  + HV      = CH3     + SO2          1.577E+09
 298) SO3     + HV      = SO2     + O            2.154E+05

SO2                    LOSS RXS                INT RX RATE    TL =  3.78E+10
 105) SO2     + O1D     = SO2     + O            1.140E+04
 106) SO2     + O1D     = SO      + O2           3.657E+04
 111) SO2     + OH      = HSO3    +              8.966E+08
 112) SO2     + O       = SO3     +              9.367E+04
 148) SO21    + SO2     = SO3     + SO           5.888E-01
 151) SO23    + SO2     = SO3     + SO           7.548E-02
 154) SO2     + HO2     = SO3     + OH           2.332E+04
 288) SO2     + HV      = SO      + O            1.071E+08
 289) SO2     + HV      = SO21    +              3.573E+10
 290) SO2     + HV      = SO23    +              3.070E+08

H2SO4               PRODUCTION RXS              INT RX RATE    TP =  1.37E+09
 113) SO3     + H2O     = H2SO4   +              1.365E+09

H2SO4                  LOSS RXS                INT RX RATE    TL =  1.28E+09
 114) H2SO4   + H2O     = SO3     + H2O     H2O  4.257E+08
 291) H2SO4   + HV      = SO3     + H2O          1.231E+06

HSO                 PRODUCTION RXS              INT RX RATE    TP =  4.73E+08
 155) HS      + O3      = HSO     + O2           4.700E+08
 156) HS      + HO2     = HSO     + OH           1.607E+05
 157) HS      + NO2     = HSO     + NO           2.420E+06
 162) SO      + HCO     = HSO     + CO           4.928E-04
 163) H       + SO      = HSO     +              9.307E+00

HSO                    LOSS RXS                INT RX RATE    TL =  4.73E+08
 164) HSO     + NO      = HNO     + SO           5.593E+06
 165) HSO     + OH      = H2O     + SO           3.316E+05
 166) HSO     + H       = HS      + OH           1.491E-01
 167) HSO     + H       = H2      + SO           7.454E-02
 168) HSO     + HS      = H2S     + SO           4.594E+00
 169) HSO     + O       = OH      + SO           4.350E+02
 170) HSO     + O3      = HS      + O2      O2   4.666E+08
 171) HSO     + S       = HS      + SO           1.249E-09
 299) HSO     + HV      = HS      + O            5.067E+00

S2                  PRODUCTION RXS              INT RX RATE    TP =  7.69E+03
 129) HS      + S       = H       + S2           2.983E-11
 135) S       + S       = S2      +              8.628E-19
 176) OCS     + S       = CO      + S2           2.125E-05
 185) OCS2    + S       = OCS     + S2           1.508E-20
 225) CS2X    + CS2     = CS      + CS      S2   2.713E-04
 237) CS2     + O       = CO      + S2           7.689E+03
 238) CS2     + SO      = OCS     + S2           1.827E-04
 240) CS2     + S       = CS      + S2           6.036E-10
 293) S4      + HV      = S2      + S2           1.196E-01
 294) S3      + HV      = S2      + S            2.536E-12

S2                     LOSS RXS                INT RX RATE    TL =  7.69E+03
 136) S2      + O       = S       + SO           4.373E+01
 139) S       + S2      = S3      +              2.536E-12
 140) S2      + S2      = S4      +              1.196E-01
 231) CH21    + S2      = HCS     + HS           3.470E-22
 232) CH23    + S2      = HCS     + HS           5.375E-22
 292) S2      + HV      = S       + S            7.645E+03

S4                  PRODUCTION RXS              INT RX RATE    TP =  1.20E-01
 140) S2      + S2      = S4      +              1.196E-01
 141) S       + S3      = S4      +              9.599E-32
 297) S8      + HV      = S4      + S4           2.198E-17

S4                     LOSS RXS                INT RX RATE    TL =  1.20E-01
 142) S4      + S4      = S8      +              2.198E-17
 293) S4      + HV      = S2      + S2           1.196E-01

S8                  PRODUCTION RXS              INT RX RATE    TP =  2.20E-17
 142) S4      + S4      = S8      +              2.198E-17

S8                     LOSS RXS                INT RX RATE    TL =  2.20E-17
 297) S8      + HV      = S4      + S4           2.198E-17

SO3                 PRODUCTION RXS              INT RX RATE    TP =  1.37E+09
 112) SO2     + O       = SO3     +              9.367E+04
 114) H2SO4   + H2O     = SO3     + H2O     H2O  4.257E+08
 116) HSO3    + O2      = HO2     + SO3          8.966E+08
 147) SO21    + O2      = SO3     + O            6.897E+04
 148) SO21    + SO2     = SO3     + SO           5.888E-01
 151) SO23    + SO2     = SO3     + SO           7.548E-02
 154) SO2     + HO2     = SO3     + OH           2.332E+04
 255) CH3SO3  + HV      = CH3     + SO3          4.163E+07
 291) H2SO4   + HV      = SO3     + H2O          1.231E+06

SO3                    LOSS RXS                INT RX RATE    TL =  1.37E+09
 113) SO3     + H2O     = H2SO4   +              1.365E+09
 115) SO3     + O       = SO2     + O2           6.549E+02
 160) SO3     + SO      = SO2     + SO2          1.229E-02
 298) SO3     + HV      = SO2     + O            2.154E+05

OCS                 PRODUCTION RXS              INT RX RATE    TP =  9.05E+06
 173) HS      + CO      = OCS     + H            5.902E-07
 179) S       + CO      = OCS     +              1.655E-07
 185) OCS2    + S       = OCS     + S2           1.508E-20
 188) OCS2    + CO      = OCS     + OCS          1.595E-05
 213) CS      + O2      = OCS     + O            3.681E+06
 215) CS      + O3      = OCS     + O2           5.240E+06
 219) CS2     + O       = OCS     + S            2.362E+04
 220) CS2     + OH      = OCS     + HS           1.064E+05
 230) HS      + CO      = OCS     + H            5.973E-07
 238) CS2     + SO      = OCS     + S2           1.827E-04

OCS                    LOSS RXS                INT RX RATE    TL =  9.02E+06
 172) H       + OCS     = CO      + HS           4.463E-01
 174) O       + OCS     = CO      + SO           4.319E+05
 175) O       + OCS     = S       + CO2          6.093E-01
 176) OCS     + S       = CO      + S2           2.125E-05
 177) OCS     + OH      = CO2     + HS           5.864E+06
 184) OCS     + S       = OCS2    +              1.595E-05
 239) OCS     + H       = CO      + HS           4.448E-01
 300) OCS     + HV      = CO      + S            2.700E+06

S3                  PRODUCTION RXS              INT RX RATE    TP =  2.54E-12
 139) S       + S2      = S3      +              2.536E-12

S3                     LOSS RXS                INT RX RATE    TL =  2.54E-12
 141) S       + S3      = S4      +              9.599E-32
 294) S3      + HV      = S2      + S            2.536E-12

O3                  PRODUCTION RXS              INT RX RATE    TP =  1.79E+15
  18) O       + O2      = O3      +              1.791E+15

O3                     LOSS RXS                INT RX RATE    TL =  1.79E+15
   5) H       + O3      = OH      + O2           9.150E+11
  12) OH      + O3      = HO2     + O2           2.571E+11
  15) HO2     + O3      = OH      + O2      O2   7.440E+10
  19) O       + O3      = O2      + O2           7.673E+11
  20) O1D     + O3      = O2      + O2           1.035E+10
  21) O1D     + O3      = O       + O       O2   1.035E+10
  26) O3      + HV      = O2      + O            9.331E-11
  27) O3      + O3      = O2      + O2      O2   8.065E+02
  77) NO      + O3      = NO2     + O2           1.590E+13
 153) SO      + O3      = SO2     + O2           9.379E+06
 155) HS      + O3      = HSO     + O2           4.700E+08
 158) S       + O3      = SO      + O2           4.158E+02
 170) HSO     + O3      = HS      + O2      O2   4.666E+08
 205) NO2     + O3      = NO3     + O2           1.652E+10
 215) CS      + O3      = OCS     + O2           5.240E+06
 216) CS      + O3      = SO      + CO2          5.240E+06
 217) CS      + O3      = CO      + SO2          5.240E+06
 248) CH3S    + O3      = CH3SO   + O2           1.208E+09
 250) CH3SO   + O3      = CH3SO2  + O2           1.201E+09
 252) CH3SO2  + O3      = CH3SO3  + O2           4.157E+07
 264) O3      + HV      = O2      + O1D          5.111E+14
 265) O3      + HV      = O2      + O            1.261E+15
 266) O3      + HV      = O       + O       O    1.612E+11

HNO3                PRODUCTION RXS              INT RX RATE    TP =  6.76E+09
  82) NO2     + OH      = HNO3    +              6.759E+09
 203) N2O5    + H2O     = HNO3    + HNO3         9.366E+04
 244) C2H6S   + NO3     = C2H5S   + HNO3         5.758E+06

HNO3                   LOSS RXS                INT RX RATE    TL =  6.58E+09
  84) HNO3    + OH      = H2O     + NO3          1.364E+09
 211) O       + HNO3    = OH      + NO3          9.176E+05
 280) HNO3    + HV      = NO2     + OH           4.034E+09
 281) HNO3    + HV      = HNO2    + O            1.539E+08
 282) HNO3    + HV      = HNO2    + O1D          1.105E+08

N                   PRODUCTION RXS              INT RX RATE    TP =  1.16E+08
 283) NO      + HV      = N       + O            1.165E+08

N                      LOSS RXS                INT RX RATE    TL =  1.16E+08
  72) N       + N       = N2      +              1.394E-03
  73) N       + O2      = NO      + O            1.005E+08
  75) N       + OH      = NO      + H            1.738E+06
  76) N       + NO      = N2      + O            1.291E+07
 195) N       + NO2     = N2O     + O            1.017E+06
 199) N       + HO2     = NO      + OH           2.777E+05

NO3                 PRODUCTION RXS              INT RX RATE    TP =  2.80E+10
  84) HNO3    + OH      = H2O     + NO3          1.364E+09
 192) O       + NO2     = NO3     +              9.399E+09
 202) N2O5    + M       = NO3     + NO2          2.312E+06
 205) NO2     + O3      = NO3     + O2           1.652E+10
 211) O       + HNO3    = OH      + NO3          9.176E+05
 305) HO2NO2  + HV      = OH      + NO3          3.997E+08
 306) N2O5    + HV      = NO3     + NO2          5.814E+07
 307) N2O5    + HV      = NO3     + NO      O    2.287E+08

NO3                    LOSS RXS                INT RX RATE    TL =  2.80E+10
 189) O       + NO3     = O2      + NO2          1.504E+08
 190) HO2     + NO3     = OH      + NO2     O2   7.828E+06
 191) NO      + NO3     = NO2     + NO2          7.536E+09
 193) OH      + NO3     = HO2     + NO2          1.091E+07
 201) NO2     + NO3     = N2O5    +              2.892E+08
 204) NO2     + NO3     = NO      + NO2     O2   7.330E+04
 206) NO3     + NO3     = NO2     + NO2     O2   5.578E-01
 244) C2H6S   + NO3     = C2H5S   + HNO3         5.758E+06
 301) NO3     + HV      = NO      + O2           2.339E+09
 302) NO3     + HV      = NO2     + O            1.763E+10

N2O                 PRODUCTION RXS              INT RX RATE    TP =  1.02E+06
 195) N       + NO2     = N2O     + O            1.017E+06

N2O                    LOSS RXS                INT RX RATE    TL =  1.15E+09
 194) H       + N2O     = N2      + OH           6.008E-04
 197) O1D     + N2O     = N2      + O2           5.562E+07
 198) O1D     + N2O     = NO      + NO           8.702E+07
 303) N2O     + HV      = N2      + O1D          9.846E+08

HO2NO2              PRODUCTION RXS              INT RX RATE    TP =  1.28E+10
 207) HO2     + NO2     = HO2NO2  +              1.280E+10

HO2NO2                 LOSS RXS                INT RX RATE    TL =  1.28E+10
 208) O       + HO2NO2  = OH      + NO2     O2   5.266E+04
 209) OH      + HO2NO2  = H2O     + NO2     O2   2.497E+09
 210) HO2NO2  + M       = HO2     + NO2          8.260E+09
 304) HO2NO2  + HV      = HO2     + NO2          1.561E+09
 305) HO2NO2  + HV      = OH      + NO3          3.997E+08

N2O5                PRODUCTION RXS              INT RX RATE    TP =  2.89E+08
 201) NO2     + NO3     = N2O5    +              2.892E+08

N2O5                   LOSS RXS                INT RX RATE    TL =  2.89E+08
 200) O       + N2O5    = NO2     + NO2     O2   5.595E+04
 202) N2O5    + M       = NO3     + NO2          2.312E+06
 203) N2O5    + H2O     = HNO3    + HNO3         9.366E+04
 306) N2O5    + HV      = NO3     + NO2          5.814E+07
 307) N2O5    + HV      = NO3     + NO      O    2.287E+08

NH                  PRODUCTION RXS              INT RX RATE    TP =  0.00E+00

NH                     LOSS RXS                INT RX RATE    TL =  0.00E+00

NH2                 PRODUCTION RXS              INT RX RATE    TP =  0.00E+00

NH2                    LOSS RXS                INT RX RATE    TL =  0.00E+00

NH3                 PRODUCTION RXS              INT RX RATE    TP =  0.00E+00

NH3                    LOSS RXS                INT RX RATE    TL =  1.50E+10

CO2                 PRODUCTION RXS              INT RX RATE    TP =  5.26E+11
  32) O       + HCO     = H       + CO2          2.578E+05
  34) CO      + OH      = CO2     + H            2.884E+10
  35) CO      + O       = CO2     +              2.044E+05
 175) O       + OCS     = S       + CO2          6.093E-01
 177) OCS     + OH      = CO2     + HS           5.864E+06
 182) CO2     + O1D     = CO2     + O            4.971E+11
 216) CS      + O3      = SO      + CO2          5.240E+06

CO2                    LOSS RXS                INT RX RATE    TL =  4.99E+11
  36) CO2     + H       = CO      + OH           1.178E-08
  93) CH21    + CO2     = H2CO    + CO           1.719E+02
  95) CH23    + CO2     = H2CO    + CO           7.426E+01
 182) CO2     + O1D     = CO2     + O            4.971E+11
 268) CO2     + HV      = CO      + O            4.921E+08
 269) CO2     + HV      = CO      + O1D          9.268E+08

CS                  PRODUCTION RXS              INT RX RATE    TP =  1.99E+07
 218) CS2     + O       = SO      + CS           2.519E+05
 224) CS2X    + O2      = CS      + SO2          1.956E+07
 225) CS2X    + CS2     = CS      + CS      S2   2.713E-04
 228) H       + HCS     = H2      + CS           1.128E-09
 233) CH3     + HCS     = CH4     + CS           4.594E-15
 235) HS      + HCS     = H2S     + CS           5.609E-11
 236) S       + HCS     = HS      + CS           5.727E-20
 240) CS2     + S       = CS      + S2           6.036E-10
 309) CS2     + HV      = CS      + S            5.358E+04

CS                     LOSS RXS                INT RX RATE    TL =  1.99E+07
 213) CS      + O2      = OCS     + O            3.681E+06
 214) CS      + O2      = CO      + SO           4.602E+05
 215) CS      + O3      = OCS     + O2           5.240E+06
 216) CS      + O3      = SO      + CO2          5.240E+06
 217) CS      + O3      = CO      + SO2          5.240E+06
 226) CS      + HS      = CS2     + H            1.638E-04
 227) H       + CS      = HCS     +              5.652E-11
 241) CS      + O       = CO      + S            7.336E-02

CS2                 PRODUCTION RXS              INT RX RATE    TP =  2.34E+09
 222) CS2OH   + HV      = CS2     + OH           4.256E+07
 223) CS2X    + M       = CS2     + M            2.298E+09
 226) CS      + HS      = CS2     + H            1.638E-04
 229) S       + HCS     = H       + CS2          1.145E-19

CS2                    LOSS RXS                INT RX RATE    TL =  2.36E+09
 218) CS2     + O       = SO      + CS           2.519E+05
 219) CS2     + O       = OCS     + S            2.362E+04
 220) CS2     + OH      = OCS     + HS           1.064E+05
 221) CS2     + OH      = CS2OH   +              4.256E+07
 225) CS2X    + CS2     = CS      + CS      S2   2.713E-04
 237) CS2     + O       = CO      + S2           7.689E+03
 238) CS2     + SO      = OCS     + S2           1.827E-04
 240) CS2     + S       = CS      + S2           6.036E-10
 309) CS2     + HV      = CS      + S            5.358E+04
 310) CS2     + HV      = CS2X    +              2.318E+09

HCS                 PRODUCTION RXS              INT RX RATE    TP =  1.18E-09
 227) H       + CS      = HCS     +              5.652E-11
 231) CH21    + S2      = HCS     + HS           3.470E-22
 232) CH23    + S2      = HCS     + HS           5.375E-22
 234) CH23    + S       = HCS     + H            1.127E-09

HCS                    LOSS RXS                INT RX RATE    TL =  1.18E-09
 228) H       + HCS     = H2      + CS           1.128E-09
 229) S       + HCS     = H       + CS2          1.145E-19
 233) CH3     + HCS     = CH4     + CS           4.594E-15
 235) HS      + HCS     = H2S     + CS           5.609E-11
 236) S       + HCS     = HS      + CS           5.727E-20

C2H6S               PRODUCTION RXS              INT RX RATE    TP =  0.00E+00

C2H6S                  LOSS RXS                INT RX RATE    TL =  1.62E+09
 242) C2H6S   + OH      = C2H5S   + H2O          1.205E+09
 243) C2H6S   + OH      = C2H7SO  +              4.096E+08
 244) C2H6S   + NO3     = C2H5S   + HNO3         5.758E+06

C2H5S               PRODUCTION RXS              INT RX RATE    TP =  1.21E+09
 242) C2H6S   + OH      = C2H5S   + H2O          1.205E+09
 244) C2H6S   + NO3     = C2H5S   + HNO3         5.758E+06

C2H5S                  LOSS RXS                INT RX RATE    TL =  1.21E+09
 245) C2H5S   + O2      = C2H5SO2 +              1.210E+09

C2H5SO              PRODUCTION RXS              INT RX RATE    TP =  1.21E+09
 246) C2H5SO2 + NO      = C2H5SO  + NO2          1.210E+09

C2H5SO                 LOSS RXS                INT RX RATE    TL =  1.21E+09
 247) C2H5SO  + HV      = H2CO    + CH3S         1.210E+09

C2H5SO2             PRODUCTION RXS              INT RX RATE    TP =  1.21E+09
 245) C2H5S   + O2      = C2H5SO2 +              1.210E+09

C2H5SO2                LOSS RXS                INT RX RATE    TL =  1.21E+09
 246) C2H5SO2 + NO      = C2H5SO  + NO2          1.210E+09

CH3S                PRODUCTION RXS              INT RX RATE    TP =  1.21E+09
 247) C2H5SO  + HV      = H2CO    + CH3S         1.210E+09

CH3S                   LOSS RXS                INT RX RATE    TL =  1.21E+09
 248) CH3S    + O3      = CH3SO   + O2           1.208E+09
 249) CH3S    + NO2     = CH3SO   + NO           2.821E+06

CH3SO               PRODUCTION RXS              INT RX RATE    TP =  1.21E+09
 248) CH3S    + O3      = CH3SO   + O2           1.208E+09
 249) CH3S    + NO2     = CH3SO   + NO           2.821E+06

CH3SO                  LOSS RXS                INT RX RATE    TL =  1.21E+09
 250) CH3SO   + O3      = CH3SO2  + O2           1.201E+09
 251) CH3SO   + NO2     = CH3SO2  + NO           9.847E+06

CH3SO2              PRODUCTION RXS              INT RX RATE    TP =  1.62E+09
 250) CH3SO   + O3      = CH3SO2  + O2           1.201E+09
 251) CH3SO   + NO2     = CH3SO2  + NO           9.847E+06
 258) CH4SO2  + OH      = CH3SO2  + H2O          4.085E+08

CH3SO2                 LOSS RXS                INT RX RATE    TL =  1.62E+09
 252) CH3SO2  + O3      = CH3SO3  + O2           4.157E+07
 253) CH3SO2  + NO2     = CH3SO3  + NO           6.253E+04
 254) CH3SO2  + HV      = CH3     + SO2          1.577E+09

CH3SO3              PRODUCTION RXS              INT RX RATE    TP =  4.16E+07
 252) CH3SO2  + O3      = CH3SO3  + O2           4.157E+07
 253) CH3SO2  + NO2     = CH3SO3  + NO           6.253E+04

CH3SO3                 LOSS RXS                INT RX RATE    TL =  4.16E+07
 255) CH3SO3  + HV      = CH3     + SO3          4.163E+07

CH4SO2              PRODUCTION RXS              INT RX RATE    TP =  4.09E+08
 257) C2H6SO  + OH      = CH4SO2  + CH3          4.085E+08

CH4SO2                 LOSS RXS                INT RX RATE    TL =  4.09E+08
 258) CH4SO2  + OH      = CH3SO2  + H2O          4.085E+08

C2H6SO              PRODUCTION RXS              INT RX RATE    TP =  4.10E+08
 256) C2H7SO  + O2      = C2H6SO  + HO2          4.096E+08

C2H6SO                 LOSS RXS                INT RX RATE    TL =  4.10E+08
 257) C2H6SO  + OH      = CH4SO2  + CH3          4.085E+08

C2H7SO              PRODUCTION RXS              INT RX RATE    TP =  4.10E+08
 243) C2H6S   + OH      = C2H7SO  +              4.096E+08

C2H7SO                 LOSS RXS                INT RX RATE    TL =  4.10E+08
 256) C2H7SO  + O2      = C2H6SO  + HO2          4.096E+08

SO4AER              PRODUCTION RXS              INT RX RATE    TP =  7.86E+08

SO4AER                 LOSS RXS                INT RX RATE    TL =  7.76E+08

S8AER               PRODUCTION RXS              INT RX RATE    TP =  0.00E+00

S8AER                  LOSS RXS                INT RX RATE    TL =  1.78E-19

HNO2                PRODUCTION RXS              INT RX RATE    TP =  0.00E+00
  80) NO      + OH      = HNO2    +              2.568E+09
 212) HO2     + NO2     = HNO2    + O2           1.182E+07
 281) HNO3    + HV      = HNO2    + O            1.539E+08
 282) HNO3    + HV      = HNO2    + O1D          1.105E+08

HNO2                   LOSS RXS                INT RX RATE    TL =  0.00E+00
  90) HNO2    + OH      = H2O     + NO2          2.494E+07
 279) HNO2    + HV      = NO      + OH           2.819E+09

O1D                 PRODUCTION RXS              INT RX RATE    TP =  0.00E+00
 259) O2      + HV      = O       + O1D          3.717E+11
 262) H2O     + HV      = H2      + O1D          5.678E+07
 264) O3      + HV      = O2      + O1D          5.111E+14
 269) CO2     + HV      = CO      + O1D          9.268E+08
 282) HNO3    + HV      = HNO2    + O1D          1.105E+08
 284) NO2     + HV      = NO      + O1D          1.952E+09
 303) N2O     + HV      = N2      + O1D          9.846E+08

O1D                    LOSS RXS                INT RX RATE    TL =  0.00E+00
   1) H2O     + O1D     = OH      + OH           3.340E+10
   2) H2      + O1D     = OH      + H            6.764E+08
  20) O1D     + O3      = O2      + O2           1.035E+10
  21) O1D     + O3      = O       + O       O2   1.035E+10
  23) O1D     + N2      = O       + N2           3.836E+14
  24) O1D     + O2      = O       + O2           1.273E+14
  49) CH4     + O1D     = CH3     + OH           7.828E+08
  50) CH4     + O1D     = CH3O    + H            1.054E+08
  51) CH4     + O1D     = CH2OH   + H            1.054E+08
  52) CH4     + O1D     = H2CO    + H2           5.269E+07
  98) C2H6    + O1D     = C2H5    + OH           3.179E+05
 105) SO2     + O1D     = SO2     + O            1.140E+04
 106) SO2     + O1D     = SO      + O2           3.657E+04
 180) CO      + O1D     = CO      + O            4.510E+07
 182) CO2     + O1D     = CO2     + O            4.971E+11
 197) O1D     + N2O     = N2      + O2           5.562E+07
 198) O1D     + N2O     = NO      + NO           8.702E+07

CH21                PRODUCTION RXS              INT RX RATE    TP =  0.00E+00
 273) CH4     + HV      = CH21    + H2           8.404E+06
 276) CH3     + HV      = CH21    + H            9.022E+02
 278) C2H6    + HV      = CH4     + CH21         3.827E-03

CH21                   LOSS RXS                INT RX RATE    TL =  0.00E+00
  53) CH21    + CH4     = CH3     + CH3          8.641E-12
  54) CH21    + O2      = HCO     + OH           4.025E+06
  55) CH21    + N2      = CH23    + N2           4.379E+06
  92) CH21    + H2      = CH3     + H            1.503E+02
  93) CH21    + CO2     = H2CO    + CO           1.719E+02
 231) CH21    + S2      = HCS     + HS           3.470E-22

CH23                PRODUCTION RXS              INT RX RATE    TP =  0.00E+00
  55) CH21    + N2      = CH23    + N2           4.379E+06
 275) CH4     + HV      = CH23    + H       H    1.563E+06
 277) C2H6    + HV      = CH23    + CH23    H2   1.531E-02

CH23                   LOSS RXS                INT RX RATE    TL =  0.00E+00
  58) CH23    + O2      = HCO     + OH           5.848E+06
  94) CH23    + O       = HCO     + H            9.430E+04
  95) CH23    + CO2     = H2CO    + CO           7.426E+01
 232) CH23    + S2      = HCS     + HS           5.375E-22
 234) CH23    + S       = HCS     + H            1.127E-09

C2H5                PRODUCTION RXS              INT RX RATE    TP =  0.00E+00
  96) C2H6    + OH      = C2H5    + H2O          8.997E+08
  97) C2H6    + O       = C2H5    + OH           5.237E+03
  98) C2H6    + O1D     = C2H5    + OH           3.179E+05

C2H5                   LOSS RXS                INT RX RATE    TL =  0.00E+00
  99) C2H5    + H       = CH3     + CH3          3.471E-06
 100) C2H5    + O       = CH3     + HCO     H    4.678E-02
 101) C2H5    + OH      = CH3     + HCO     H2   1.680E-03
 102) C2H5    + HCO     = C2H6    + CO           4.327E-12
 103) C2H5    + HNO     = C2H6    + NO           4.282E-09
 104) C2H5    + O2      = CH3     + HCO     OH   9.000E+08

SO21                PRODUCTION RXS              INT RX RATE    TP =  0.00E+00
 289) SO2     + HV      = SO21    +              3.573E+10

SO21                   LOSS RXS                INT RX RATE    TL =  0.00E+00
 143) SO21    + M       = SO23    + M            3.242E+09
 144) SO21    + M       = SO2     + M            3.242E+10
 145) SO21    + HV      = SO23    + HV           4.127E+06
 146) SO21    + HV      = SO2     + HV           6.053E+07
 147) SO21    + O2      = SO3     + O            6.897E+04
 148) SO21    + SO2     = SO3     + SO           5.888E-01

SO23                PRODUCTION RXS              INT RX RATE    TP =  0.00E+00
 143) SO21    + M       = SO23    + M            3.242E+09
 145) SO21    + HV      = SO23    + HV           4.127E+06
 290) SO2     + HV      = SO23    +              3.070E+08

SO23                   LOSS RXS                INT RX RATE    TL =  0.00E+00
 149) SO23    + M       = SO2     + M            3.539E+09
 150) SO23    + HV      = SO2     + HV           1.381E+07
 151) SO23    + SO2     = SO3     + SO           7.548E-02

HSO3                PRODUCTION RXS              INT RX RATE    TP =  0.00E+00
 111) SO2     + OH      = HSO3    +              8.966E+08

HSO3                   LOSS RXS                INT RX RATE    TL =  0.00E+00
 116) HSO3    + O2      = HO2     + SO3          8.966E+08

OCS2                PRODUCTION RXS              INT RX RATE    TP =  0.00E+00
 184) OCS     + S       = OCS2    +              1.595E-05

OCS2                   LOSS RXS                INT RX RATE    TL =  0.00E+00
 185) OCS2    + S       = OCS     + S2           1.508E-20
 188) OCS2    + CO      = OCS     + OCS          1.595E-05

CS2X                PRODUCTION RXS              INT RX RATE    TP =  0.00E+00
 310) CS2     + HV      = CS2X    +              2.318E+09

CS2X                   LOSS RXS                INT RX RATE    TL =  0.00E+00
 223) CS2X    + M       = CS2     + M            2.298E+09
 224) CS2X    + O2      = CS      + SO2          1.956E+07
 225) CS2X    + CS2     = CS      + CS      S2   2.713E-04

CS2OH               PRODUCTION RXS              INT RX RATE    TP =  0.00E+00
 221) CS2     + OH      = CS2OH   +              4.256E+07

CS2OH                  LOSS RXS                INT RX RATE    TL =  0.00E+00
 222) CS2OH   + HV      = CS2     + OH           4.256E+07

N2                  PRODUCTION RXS              INT RX RATE    TP =  0.00E+00
  23) O1D     + N2      = O       + N2           3.836E+14
  55) CH21    + N2      = CH23    + N2           4.379E+06
  72) N       + N       = N2      +              1.394E-03
  76) N       + NO      = N2      + O            1.291E+07
 194) H       + N2O     = N2      + OH           6.008E-04
 197) O1D     + N2O     = N2      + O2           5.562E+07
 303) N2O     + HV      = N2      + O1D          9.846E+08

N2                     LOSS RXS                INT RX RATE    TL =  0.00E+00
  23) O1D     + N2      = O       + N2           3.836E+14
  55) CH21    + N2      = CH23    + N2           4.379E+06
