 1.71387E-10 3.75340E-17 1.37069E-02 5.27132E-14 1.12614E-11 1.12614E-09 1.51262E-08 6.97066E-21
 5.50000E-07 1.60000E-06 9.00000E-08 9.25937E-10 6.83846E-12 3.00000E-07 3.21071E-12 9.60827E-12
 1.82778E-14 6.54018E-11 1.46211E-13 6.53980E-15 3.79674E-17 5.97492E-23 5.00000E-10 2.07167E-13
 5.78030E-18 1.23480E-14 5.45611E-12 4.49108E-13 2.10000E-01 2.58326E-12 4.50964E-18 4.85435E-20
 3.23103E-11 2.02390E-12 8.28078E-14 4.00000E-04 1.78162E-10 5.20686E-17 8.57894E-03 6.18427E-14
 1.12933E-11 1.16750E-09 1.79635E-08 7.71651E-21 5.50312E-07 1.59596E-06 8.22149E-08 9.13234E-10
 6.40270E-12 2.99957E-07 4.14092E-12 1.11952E-11 2.46417E-14 9.98869E-11 3.70212E-13 7.19229E-15
 7.80422E-17 1.43735E-22 4.91887E-10 2.25464E-13 8.04767E-18 1.43328E-14 7.82183E-12 5.65171E-13
 2.10005E-01 2.68703E-12 5.14067E-18 7.35073E-20 5.72073E-11 4.01492E-12 1.03919E-13 4.04576E-04
 1.76759E-10 7.42707E-17 5.20420E-03 7.22024E-14 1.11279E-11 1.15321E-09 2.19298E-08 8.55249E-21
 5.50690E-07 1.59256E-06 7.55206E-08 8.35919E-10 5.79601E-12 2.99910E-07 5.33479E-12 1.31912E-11
 3.29099E-14 1.44214E-10 9.68373E-13 8.21368E-15 1.73823E-16 3.65194E-22 4.84916E-10 2.36222E-13
 1.06133E-17 1.68452E-14 1.04530E-11 6.69223E-13 2.10009E-01 2.85413E-12 5.84813E-18 1.10327E-19
 8.02824E-11 6.25980E-12 1.22518E-13 4.09061E-04 1.66238E-10 1.05814E-16 2.91958E-03 8.17113E-14
 1.05416E-11 1.04639E-09 2.67505E-08 9.25525E-21 5.51086E-07 1.58976E-06 6.97998E-08 6.91309E-10
 4.89087E-12 2.99858E-07 7.06586E-12 1.57712E-11 4.36373E-14 1.89109E-10 2.57036E-12 9.25817E-15
 4.19207E-16 9.11256E-22 4.79068E-10 2.35024E-13 1.34589E-17 1.93210E-14 1.28027E-11 7.73232E-13
 2.10013E-01 3.11705E-12 6.58387E-18 1.65728E-19 1.02614E-10 8.46023E-12 1.45563E-13 4.13400E-04
 1.48998E-10 1.48127E-16 1.54207E-03 9.08859E-14 9.63137E-12 8.82444E-10 3.20508E-08 9.91015E-21
 5.51460E-07 1.58749E-06 6.49354E-08 5.25423E-10 3.89803E-12 2.99800E-07 9.42260E-12 1.85971E-11
 5.70423E-14 2.28847E-10 6.75144E-12 9.94903E-15 1.00907E-15 2.24053E-21 4.74271E-10 2.22310E-13
 1.66781E-17 2.16251E-14 1.47683E-11 8.59587E-13 2.10017E-01 3.49937E-12 7.50934E-18 2.53813E-19
 1.24936E-10 1.04972E-11 1.74642E-13 4.17521E-04 1.26269E-10 2.02368E-16 7.76055E-04 9.84101E-14
 8.49698E-12 7.01285E-10 3.74353E-08 1.04066E-20 5.51788E-07 1.58568E-06 6.08426E-08 3.76100E-10
 2.99782E-12 2.99736E-07 1.20069E-11 2.04475E-11 6.91014E-14 2.58217E-10 1.63080E-11 9.90250E-15
 2.19696E-15 5.65908E-21 4.70434E-10 2.03488E-13 2.01510E-17 2.40860E-14 1.63734E-11 8.94261E-13
 2.10021E-01 4.04210E-12 8.66342E-18 3.93118E-19 1.47626E-10 1.21348E-11 2.11551E-13 4.21337E-04
 9.94142E-11 2.69845E-16 3.68119E-04 9.95211E-14 7.22592E-12 5.32365E-10 4.26302E-08 1.03106E-20
 5.52056E-07 1.58424E-06 5.74568E-08 2.60217E-10 2.26059E-12 2.99665E-07 1.37065E-11 1.96386E-11
 6.98589E-14 2.74572E-10 3.21782E-11 8.93138E-15 4.00249E-15 1.54913E-20 4.67439E-10 1.83931E-13
 2.31617E-17 2.73859E-14 1.76991E-11 8.49710E-13 2.10025E-01 4.78644E-12 9.69353E-18 5.87853E-19
 1.70251E-10 1.29403E-11 2.57505E-13 4.24737E-04 7.39431E-11 3.53710E-16 1.61741E-04 9.50012E-14
 5.97004E-12 3.90909E-10 4.76165E-08 9.75021E-21 5.52263E-07 1.58307E-06 5.46794E-08 1.76047E-10
 1.66878E-12 2.99585E-07 1.45950E-11 1.72259E-11 6.20010E-14 2.81897E-10 4.94724E-11 7.58798E-15
 6.75080E-15 4.43652E-20 4.65109E-10 1.62574E-13 2.55863E-17 3.11983E-14 1.88555E-11 7.50769E-13
 2.10027E-01 5.63774E-12 1.02928E-17 8.31855E-19 1.90238E-10 1.28265E-11 3.06381E-13 4.27585E-04
 5.49498E-11 4.59457E-16 6.37317E-05 9.27213E-14 4.86633E-12 2.81544E-10 5.25179E-08 9.51396E-21
 5.52415E-07 1.58207E-06 5.23919E-08 1.16431E-10 1.18994E-12 2.99496E-07 1.65001E-11 1.57961E-11
 5.94403E-14 2.87100E-10 6.07511E-11 6.59503E-15 1.32987E-14 1.20397E-19 4.63254E-10 1.36476E-13
 2.88898E-17 3.38877E-14 1.99386E-11 6.54146E-13 2.10029E-01 6.26171E-12 1.06084E-17 1.14600E-18
 2.02366E-10 1.22150E-11 3.39779E-13 4.29713E-04 4.21410E-11 5.96841E-16 2.09106E-05 9.73354E-14
 3.95844E-12 2.00456E-10 5.76846E-08 1.00509E-20 5.52523E-07 1.58112E-06 5.04119E-08 7.51556E-11
 8.20861E-13 2.99391E-07 2.07295E-11 1.59724E-11 6.77060E-14 2.94783E-10 6.27818E-11 6.15245E-15
 3.03327E-14 3.07577E-19 4.61652E-10 1.09864E-13 3.47941E-17 3.51205E-14 2.10708E-11 5.88301E-13
 2.10031E-01 6.11017E-12 1.03499E-17 1.51111E-18 1.99663E-10 1.12994E-11 3.29791E-13 4.30979E-04
 3.15292E-11 7.98720E-16 4.28666E-06 1.03565E-13 3.11381E-12 1.31297E-10 6.50270E-08 1.07415E-20
 5.52613E-07 1.57984E-06 4.81912E-08 4.35664E-11 5.41148E-13 2.99220E-07 2.67474E-11 1.67862E-11
 7.99922E-14 3.10502E-10 5.67420E-11 6.03814E-15 6.12542E-14 8.07549E-19 4.59761E-10 8.59839E-14
 4.29315E-17 3.67481E-14 2.26756E-11 5.51536E-13 2.10031E-01 3.49146E-12 5.88793E-18 1.29623E-18
 1.61339E-10 9.25756E-12 2.11246E-13 4.30982E-04 2.22718E-11 1.16626E-15 4.29159E-06 1.08242E-13
 2.10107E-12 6.69668E-11 7.96166E-08 1.10809E-20 5.52681E-07 1.57734E-06 4.49731E-08 1.88429E-11
 3.02047E-13 2.98837E-07 3.91238E-11 2.10003E-11 1.04677E-13 3.53778E-10 4.64067E-11 6.26089E-15
 8.09222E-14 1.87500E-18 4.56608E-10 5.67226E-14 5.44180E-17 3.74623E-14 2.58204E-11 5.87790E-13
 2.10031E-01 1.59264E-12 2.47485E-18 8.43193E-19 1.17855E-10 6.44209E-12 1.01804E-13 4.30987E-04
 1.65624E-11 2.21583E-15 4.30209E-06 9.76378E-14 1.37223E-12 2.49085E-11 1.10308E-07 1.04241E-20
 5.52640E-07 1.57204E-06 4.06435E-08 6.54814E-12 1.97513E-13 2.97933E-07 5.34439E-11 3.18029E-11
 1.00131E-13 4.51482E-10 4.00359E-11 6.44198E-15 1.13677E-13 1.90007E-18 4.50947E-10 3.44890E-14
 5.85480E-17 4.12982E-14 3.13578E-11 7.26441E-13 2.10030E-01 5.76194E-13 6.33230E-19 2.77606E-19
 7.68561E-11 3.21460E-12 3.92577E-14 4.30995E-04 1.23652E-11 4.72270E-15 4.32297E-06 8.42738E-14
 8.65793E-13 7.34339E-12 1.71005E-07 9.15859E-21 5.52279E-07 1.56159E-06 3.54565E-08 2.04581E-12
 1.23185E-13 2.96008E-07 7.47364E-11 5.67536E-11 9.32337E-14 6.52191E-10 3.96533E-11 8.20099E-15
 2.26066E-13 2.27413E-18 4.41361E-10 2.22595E-14 6.41203E-17 5.00415E-14 4.05105E-11 1.15822E-12
 2.10030E-01 1.72112E-13 1.14293E-19 7.21387E-20 4.51289E-11 1.31318E-12 1.21558E-14 4.31007E-04
 1.01353E-11 1.03900E-14 4.35812E-06 7.95284E-14 6.41748E-13 2.51870E-12 2.73655E-07 8.62593E-21
 5.51332E-07 1.54415E-06 3.00632E-08 7.81898E-13 8.55376E-14 2.92628E-07 1.03165E-10 1.05312E-10
 9.33086E-14 9.98911E-10 4.58375E-11 1.34656E-14 5.92978E-13 3.71914E-18 4.27191E-10 1.98165E-14
 7.92637E-17 7.10615E-14 5.35643E-11 2.24539E-12 2.10029E-01 4.46626E-14 1.85576E-20 1.83649E-20
 2.44830E-11 5.33699E-13 3.03946E-15 4.31023E-04 9.30328E-12 2.20549E-14 4.40835E-06 8.41780E-14
 5.92413E-13 1.47233E-12 4.22595E-07 9.05799E-21 5.49608E-07 1.51939E-06 2.51227E-08 4.58265E-13
 7.00298E-14 2.87649E-07 1.35768E-10 1.81336E-10 9.94603E-14 1.50401E-09 5.84293E-11 2.42467E-14
 1.57040E-12 7.63517E-18 4.08950E-10 2.47417E-14 1.08787E-16 1.13374E-13 6.94591E-11 4.53023E-12
 2.10027E-01 1.05130E-14 3.10476E-21 5.76469E-21 1.26521E-11 2.32978E-13 6.35010E-16 4.31043E-04
 9.19391E-12 4.46155E-14 4.47390E-06 9.60760E-14 6.39388E-13 1.34784E-12 6.21931E-07 1.02989E-20
 5.46958E-07 1.48728E-06 2.09017E-08 3.75163E-13 6.46027E-14 2.80999E-07 1.71143E-10 2.85963E-10
 1.09076E-13 2.16948E-09 7.74334E-11 4.27416E-14 3.71225E-12 1.70528E-17 3.87181E-10 3.78257E-14
 1.56579E-16 1.89222E-13 8.69035E-11 8.74706E-12 2.10026E-01 2.27513E-15 5.32854E-22 3.30249E-21
 6.30214E-12 1.06200E-13 1.14329E-16 4.31066E-04 9.53603E-12 8.58416E-14 4.55258E-06 1.15534E-13
 7.63027E-13 1.57343E-12 8.70366E-07 1.25249E-20 5.43348E-07 1.44893E-06 1.75364E-08 3.74791E-13
 6.48835E-14 2.72857E-07 2.08495E-10 4.15099E-10 1.21351E-13 2.96927E-09 1.02201E-10 7.04401E-14
 7.52107E-12 3.80381E-17 3.63034E-10 6.41200E-14 2.28735E-16 3.16599E-13 1.04053E-10 1.55677E-11
 2.10023E-01 4.64193E-16 9.48069E-23 3.44059E-21 3.08395E-12 5.01078E-14 1.87571E-17 4.31092E-04
 1.02116E-11 1.58499E-13 4.64225E-06 1.44239E-13 9.68724E-13 2.09607E-12 1.16834E-06 1.61520E-20
 5.38785E-07 1.40544E-06 1.49656E-08 4.21278E-13 6.91365E-14 2.63416E-07 2.47777E-10 5.64348E-10
 1.36254E-13 3.87503E-09 1.31984E-10 1.08421E-13 1.32629E-11 8.20381E-17 3.37428E-10 1.14075E-13
 3.34084E-16 5.22576E-13 1.19379E-10 2.55652E-11 2.10021E-01 9.02305E-17 1.73349E-23 4.18596E-21
 1.49567E-12 2.42936E-14 2.90778E-18 4.31119E-04 1.11875E-11 2.82806E-13 4.73978E-06 1.85584E-13
 1.27972E-12 3.02849E-12 1.51443E-06 2.19983E-20 5.33358E-07 1.35835E-06 1.30793E-08 5.10905E-13
 7.69466E-14 2.52988E-07 2.89207E-10 7.28159E-10 1.54352E-13 4.84725E-09 1.65433E-10 1.56831E-13
 2.07412E-11 1.68676E-16 3.11372E-10 2.06850E-13 4.84905E-16 8.45036E-13 1.31583E-10 3.89702E-11
 2.10018E-01 1.68973E-17 3.25614E-24 4.99026E-21 7.25672E-13 1.21341E-14 4.38798E-19 4.31147E-04
 1.24798E-11 4.90209E-13 4.84154E-06 2.45195E-13 1.73739E-12 4.65025E-12 1.90511E-06 3.15413E-20
 5.27230E-07 1.30944E-06 1.17503E-08 6.56496E-13 8.85673E-14 2.41957E-07 3.33312E-10 9.00769E-10
 1.76760E-13 5.84116E-09 2.01011E-10 2.14833E-13 2.92987E-11 3.29166E-16 2.85837E-10 3.76830E-13
 6.98764E-16 1.33590E-12 1.39823E-10 5.55714E-11 2.10015E-01 3.08545E-18 6.31560E-25 5.71551E-21
 3.56225E-13 6.31306E-15 6.60266E-20 4.31175E-04 1.45648E-11 8.48266E-13 4.94616E-06 3.36149E-13
 2.52204E-12 7.87388E-12 2.34339E-06 4.87990E-20 5.20460E-07 1.25938E-06 1.08391E-08 9.42102E-13
 1.11552E-13 2.30475E-07 3.72833E-10 1.08130E-09 2.00044E-13 6.83580E-09 2.43125E-10 2.94387E-13
 3.94823E-11 5.89737E-16 2.61103E-10 7.21102E-13 9.90196E-16 2.11407E-12 1.43823E-10 7.51442E-11
 2.10012E-01 5.42596E-19 1.24967E-25 6.04708E-21 1.76993E-13 3.50860E-15 9.81983E-21 4.31203E-04
 1.71584E-11 1.44560E-12 5.05277E-06 4.69809E-13 3.71211E-12 1.36487E-11 2.83469E-06 7.84936E-20
 5.13079E-07 1.20860E-06 1.02215E-08 1.37910E-12 1.42913E-13 2.18645E-07 4.15655E-10 1.27480E-09
 2.29431E-13 7.80814E-09 2.87289E-10 3.91632E-13 5.03026E-11 1.00135E-15 2.37355E-10 1.36401E-12
 1.38762E-15 3.26472E-12 1.43788E-10 9.70921E-11 2.10008E-01 9.08621E-20 2.44702E-26 6.14821E-21
 8.87577E-14 2.28110E-15 1.42503E-21 4.31231E-04 2.03042E-11 2.43208E-12 5.16050E-06 6.67279E-13
 5.49444E-12 2.37161E-11 3.38273E-06 1.30379E-19 5.05123E-07 1.15752E-06 9.80533E-09 2.01125E-12
 1.84140E-13 2.06574E-07 4.65163E-10 1.48926E-09 2.68069E-13 8.73398E-09 3.31666E-10 5.07858E-13
 6.12995E-11 1.60287E-15 2.14757E-10 2.51881E-12 1.92372E-15 4.89577E-12 1.40221E-10 1.20423E-10
 2.10005E-01 1.43419E-20 4.66723E-27 6.05459E-21 4.48546E-14 2.13721E-15 1.99523E-22 4.31258E-04
 2.40348E-11 4.04935E-12 5.26923E-06 9.59989E-13 8.12328E-12 4.06989E-11 3.99170E-06 2.22689E-19
 4.96580E-07 1.10621E-06 9.52168E-09 2.87514E-12 2.36362E-13 1.94292E-07 5.25870E-10 1.73764E-09
 3.20274E-13 9.59113E-09 3.74634E-10 6.44989E-13 7.22391E-11 2.40568E-15 1.93314E-10 4.49511E-12
 2.64166E-15 7.10412E-12 1.33904E-10 1.43946E-10 2.10001E-01 2.10272E-21 8.50036E-28 5.79627E-21
 2.27621E-14 3.24291E-15 2.64951E-23 4.31284E-04 2.83808E-11 6.68598E-12 5.37922E-06 1.39570E-12
 1.19392E-11 6.81906E-11 4.66333E-06 3.91148E-19 4.87408E-07 1.05457E-06 9.32140E-09 3.98253E-12
 3.00339E-13 1.81796E-07 6.03607E-10 2.03721E-09 3.92387E-13 1.03555E-08 4.14481E-10 8.05815E-13
 8.29889E-11 3.37047E-15 1.72968E-10 7.69934E-12 3.60223E-15 9.95827E-12 1.25769E-10 1.66310E-10
 2.09997E-01 2.81521E-22 1.44889E-28 5.39771E-21 1.15529E-14 6.49942E-15 3.27399E-24 4.31309E-04
 3.33391E-11 1.09582E-11 5.49102E-06 2.04706E-12 1.73670E-11 1.10448E-10 5.39433E-06 7.08921E-19
 4.77538E-07 1.00235E-06 9.16950E-09 5.29609E-12 3.75858E-13 1.69059E-07 7.06283E-10 2.40865E-09
 4.94219E-13 1.10003E-08 4.48865E-10 9.92784E-13 9.32380E-11 4.40858E-15 1.53627E-10 1.25996E-11
 4.89864E-15 1.34868E-11 1.16806E-10 1.86119E-10 2.09993E-01 3.37300E-23 2.26586E-29 4.88448E-21
 5.83928E-15 1.22096E-14 3.69177E-25 4.31334E-04 3.88469E-11 1.78133E-11 5.60424E-06 3.02344E-12
 2.48820E-11 1.71020E-10 6.16552E-06 1.33342E-18 4.66982E-07 9.49744E-07 9.04195E-09 6.70889E-12
 4.61757E-13 1.56176E-07 8.44233E-10 2.87107E-09 6.40153E-13 1.14898E-08 4.73773E-10 1.20490E-12
 1.01991E-10 5.40638E-15 1.35374E-10 1.96463E-11 6.68786E-15 1.76948E-11 1.08081E-10 2.01769E-10
 2.09988E-01 3.57302E-24 3.27458E-30 4.31698E-21 2.95059E-15 1.50942E-14 3.82345E-26 4.31359E-04
 4.47260E-11 2.86783E-11 5.71881E-06 4.48824E-12 3.49363E-11 2.50713E-10 6.94666E-06 2.61793E-18
 4.55735E-07 8.96784E-07 8.92023E-09 8.04897E-12 5.55540E-13 1.43222E-07 1.03067E-09 3.43820E-09
 8.51402E-13 1.17946E-08 4.84332E-10 1.43555E-12 1.07633E-10 6.29443E-15 1.18236E-10 2.92064E-11
 9.23724E-15 2.26163E-11 1.00497E-10 2.11928E-10 2.09984E-01 3.30312E-25 5.06316E-31 3.77168E-21
 1.50762E-15 1.65324E-14 4.20246E-27 4.31382E-04 5.07063E-11 4.57237E-11 5.83584E-06 6.68527E-12
 4.79137E-11 3.45947E-10 7.70087E-06 5.39303E-18 4.43683E-07 8.42965E-07 8.78979E-09 9.13080E-12
 6.54707E-13 1.30157E-07 1.28157E-09 4.11591E-09 1.15750E-12 1.18983E-08 4.76552E-10 1.67454E-12
 1.08518E-10 7.06121E-15 1.02073E-10 4.15673E-11 1.29953E-14 2.83869E-11 9.46835E-11 2.15685E-10
 2.09979E-01 2.60659E-26 1.66290E-31 3.32957E-21 7.97465E-16 1.72374E-14 9.70371E-28 4.31404E-04
 5.64157E-11 7.20578E-11 5.95446E-06 9.97091E-12 6.38941E-11 4.45551E-10 8.36841E-06 1.16550E-17
 4.30924E-07 7.88686E-07 8.64322E-09 9.77684E-12 7.56440E-13 1.17187E-07 1.61657E-09 4.88544E-09
 1.59906E-12 1.17848E-08 4.47127E-10 1.89929E-12 1.02990E-10 7.74339E-15 8.70311E-11 5.67760E-11
 1.87488E-14 3.52493E-11 9.12190E-11 2.12025E-10 2.09974E-01 1.75237E-27 1.54483E-31 3.16488E-21
 4.66083E-16 1.75633E-14 6.29281E-28 4.31425E-04 6.14313E-11 1.12052E-10 6.07311E-06 1.48511E-11
 8.24462E-11 5.31485E-10 8.88222E-06 2.62452E-17 4.17666E-07 7.34622E-07 8.48175E-09 9.87049E-12
 8.57485E-13 1.04589E-07 2.05956E-09 5.70221E-09 2.22925E-12 1.14487E-08 3.96541E-10 2.07986E-12
 9.08392E-11 8.38452E-15 7.32934E-11 7.44241E-11 2.78559E-14 4.35293E-11 9.05456E-11 2.00405E-10
 2.09970E-01 1.06276E-28 2.14412E-31 3.53615E-21 3.29205E-16 1.76943E-14 6.04984E-28 4.31444E-04
 6.53118E-11 1.71601E-10 6.19190E-06 2.20163E-11 1.02305E-10 5.83629E-10 9.17537E-06 6.07973E-17
 4.03973E-07 6.80691E-07 8.31867E-09 9.37083E-12 9.50697E-13 9.24625E-08 2.64523E-09 6.50815E-09
 3.12002E-12 1.08904E-08 3.30236E-10 2.18532E-12 7.39781E-11 8.99207E-15 6.08170E-11 9.32170E-11
 4.27423E-14 5.35499E-11 9.31642E-11 1.81336E-10 2.09965E-01 1.35657E-29 3.65216E-31 4.81263E-21
 2.91777E-16 1.77254E-14 7.04513E-28 4.31461E-04 6.96352E-11 2.64597E-10 6.31027E-06 3.22897E-11
 1.24311E-10 5.98132E-10 9.14825E-06 1.46898E-16 3.90018E-07 6.27083E-07 8.19846E-09 8.74867E-12
 1.07929E-12 8.09634E-08 3.38418E-09 7.31759E-09 4.19305E-12 1.00474E-08 2.60736E-10 2.28476E-12
 5.70206E-11 8.70864E-15 4.96118E-11 1.11561E-10 6.73363E-14 6.61986E-11 1.00261E-10 1.54330E-10
 2.09961E-01 1.40255E-29 7.26302E-31 7.20856E-21 3.09389E-16 1.77012E-14 9.32425E-28 4.31475E-04
 7.28255E-11 4.01874E-10 6.42656E-06 4.65823E-11 1.44586E-10 5.64390E-10 8.85075E-06 3.53900E-16
 3.76147E-07 5.74433E-07 8.09459E-09 7.76595E-12 1.20432E-12 7.02845E-08 4.32297E-09 7.97913E-09
 5.52180E-12 8.99907E-09 1.92908E-10 2.28504E-12 4.06247E-11 8.06321E-15 3.97683E-11 1.25797E-10
 1.08060E-13 8.10044E-11 1.11149E-10 1.24109E-10 2.09956E-01 2.22657E-29 1.49536E-30 1.13043E-20
 3.59006E-16 1.76445E-14 1.26167E-27 4.31486E-04 7.46175E-11 6.01739E-10 6.53854E-06 6.60027E-11
 1.61893E-10 4.98438E-10 8.37261E-06 8.40125E-16 3.62830E-07 5.23605E-07 7.98729E-09 6.62430E-12
 1.32192E-12 6.06026E-08 5.47127E-09 8.38336E-09 7.09966E-12 7.82283E-09 1.34529E-10 2.18212E-12
 2.67888E-11 7.19726E-15 3.13564E-11 1.34139E-10 1.73446E-13 9.74091E-11 1.24567E-10 9.41990E-11
 2.09952E-01 3.45533E-29 3.00621E-30 1.76832E-20 4.29986E-16 1.75662E-14 1.65286E-27 4.31493E-04
 7.53459E-11 8.94378E-10 6.64359E-06 9.19194E-11 1.76550E-10 4.21937E-10 7.79004E-06 1.96750E-15
 3.50624E-07 4.75609E-07 7.87628E-09 5.54913E-12 1.44238E-12 5.20563E-08 6.81595E-09 8.46582E-09
 8.86104E-12 6.59113E-09 8.92654E-11 2.00461E-12 1.64848E-11 6.13814E-15 2.43944E-11 1.36048E-10
 2.74425E-13 1.14536E-10 1.39256E-10 6.72506E-11 2.09948E-01 5.13873E-29 5.80630E-30 2.69589E-20
 5.18155E-16 1.74703E-14 2.06146E-27 4.31495E-04 7.52853E-11 1.32745E-09 6.74059E-06 1.26064E-10
 1.89363E-10 3.49270E-10 7.15182E-06 4.56301E-15 3.39947E-07 4.30772E-07 7.76680E-09 4.63620E-12
 1.57473E-12 4.46069E-08 8.33231E-09 8.19809E-09 1.07232E-11 5.36964E-09 5.67114E-11 1.78026E-12
 9.50088E-12 4.97151E-15 1.87461E-11 1.31913E-10 4.25301E-13 1.31246E-10 1.54337E-10 4.50129E-11
 2.09944E-01 7.40750E-29 1.08196E-29 3.99334E-20 6.24173E-16 1.73564E-14 2.45199E-27 4.31492E-04
 7.46039E-11 1.97548E-09 6.82874E-06 1.70269E-10 2.01369E-10 2.87636E-10 6.49168E-06 1.04970E-14
 3.31220E-07 3.89259E-07 7.66718E-09 3.90776E-12 1.72532E-12 3.81629E-08 9.97621E-09 7.59240E-09
 1.25583E-11 4.21028E-09 3.46695E-11 1.53239E-12 5.12592E-12 3.80981E-15 1.42427E-11 1.22789E-10
 6.44363E-13 1.46257E-10 1.69527E-10 2.81475E-11 2.09939E-01 1.05384E-28 1.96720E-29 5.77687E-20
 7.52751E-16 1.72196E-14 2.80838E-27 4.31485E-04 7.34155E-11 2.94960E-09 6.90663E-06 2.25482E-10
 2.13794E-10 2.39883E-10 5.84574E-06 2.38185E-14 3.24964E-07 3.51508E-07 7.59146E-09 3.36102E-12
 1.89720E-12 3.26611E-08 1.16657E-08 6.71207E-09 1.41325E-11 3.15738E-09 2.05615E-11 1.28113E-12
 2.58848E-12 2.75585E-15 1.07427E-11 1.10124E-10 9.51370E-13 1.58184E-10 1.85129E-10 1.64051E-11
 2.09935E-01 1.50659E-28 3.52363E-29 8.21749E-20 9.11778E-16 1.70521E-14 3.13797E-27 4.31471E-04
 7.17532E-11 4.40151E-09 6.97368E-06 2.90469E-10 2.27790E-10 2.05637E-10 5.24420E-06 5.26150E-14
 3.21647E-07 3.17554E-07 7.55673E-09 2.97788E-12 2.08872E-12 2.79777E-08 1.32781E-08 5.66906E-09
 1.51059E-11 2.24817E-09 1.19572E-11 1.04225E-12 1.22532E-12 1.87289E-15 8.06902E-12 9.54079E-11
 1.36261E-12 1.65715E-10 2.02004E-10 8.90991E-12 2.09930E-01 2.19742E-28 6.25821E-29 1.15684E-19
 1.11366E-15 1.68415E-14 3.47418E-27 4.31452E-04 6.96140E-11 6.51782E-09 7.02954E-06 3.61688E-10
 2.44063E-10 1.82541E-10 4.70413E-06 1.11506E-13 3.21753E-07 2.87318E-07 7.58062E-09 2.73140E-12
 2.29627E-12 2.39902E-08 1.46759E-08 4.59347E-09 1.52004E-11 1.51467E-09 6.88666E-12 8.26535E-13
 5.46562E-13 1.19237E-15 6.05494E-12 7.99720E-11 1.88596E-12 1.67871E-10 2.21090E-10 4.52761E-12
 2.09924E-01 3.28248E-28 1.10121E-28 1.61718E-19 1.37271E-15 1.65734E-14 3.85260E-27 4.31427E-04
 6.69873E-11 9.49762E-09 7.07354E-06 4.34718E-10 2.62513E-10 1.67399E-10 4.22757E-06 2.24240E-13
 3.25726E-07 2.60921E-07 7.67892E-09 2.58825E-12 2.51485E-12 2.06242E-08 1.57611E-08 3.59592E-09
 1.44042E-11 9.70234E-10 3.95574E-12 6.39886E-13 2.32037E-13 7.15534E-16 4.56779E-12 6.49279E-11
 2.51929E-12 1.64267E-10 2.42880E-10 2.17409E-12 2.09919E-01 4.96075E-28 1.90049E-28 2.24395E-19
 1.69869E-15 1.62381E-14 4.28125E-27 4.31396E-04 6.40357E-11 1.35376E-08 7.10552E-06 5.05438E-10
 2.82276E-10 1.56909E-10 3.79925E-06 4.26353E-13 3.33843E-07 2.38337E-07 7.86773E-09 2.51910E-12
 2.74747E-12 1.78093E-08 1.65054E-08 2.74573E-09 1.29125E-11 5.96193E-10 2.27114E-12 4.84615E-13
 9.48009E-14 4.01804E-16 3.48795E-12 5.09458E-11 3.25156E-12 1.55149E-10 2.67442E-10 9.95762E-13
 2.09913E-01 7.43774E-28 3.17794E-28 3.06808E-19 2.09429E-15 1.58331E-14 4.73613E-27 4.31361E-04
 6.07379E-11 1.87875E-08 7.12618E-06 5.70806E-10 3.02110E-10 1.48644E-10 3.40708E-06 7.65964E-13
 3.46367E-07 2.19080E-07 8.15982E-09 2.49318E-12 2.98829E-12 1.54397E-08 1.69346E-08 2.06384E-09
 1.10501E-11 3.54905E-10 1.30484E-12 3.59494E-13 3.76590E-14 2.11833E-16 2.70186E-12 3.86401E-11
 4.05668E-12 1.41493E-10 2.93878E-10 4.40071E-13 2.09907E-01 1.08685E-27 5.10026E-28 4.12339E-19
 2.55948E-15 1.53583E-14 5.18568E-27 4.31320E-04 5.71230E-11 2.53579E-08 7.13620E-06 6.29082E-10
 3.20978E-10 1.41123E-10 3.04477E-06 1.30508E-12 3.63590E-07 2.02650E-07 8.57154E-09 2.48894E-12
 3.23272E-12 1.34259E-08 1.71019E-08 1.53936E-09 9.11128E-12 2.06547E-10 7.50915E-13 2.61883E-13
 1.46905E-14 1.05237E-16 2.12499E-12 2.83837E-11 4.89327E-12 1.24816E-10 3.20742E-10 1.89647E-13
 2.09901E-01 1.52741E-27 7.80562E-28 5.43557E-19 3.08903E-15 1.48189E-14 5.59289E-27 4.31274E-04
 5.33356E-11 3.33659E-08 7.13616E-06 6.79873E-10 3.38318E-10 1.33661E-10 2.71138E-06 2.12447E-12
 3.85515E-07 1.88800E-07 9.11830E-09 2.49593E-12 3.48468E-12 1.17218E-08 1.70712E-08 1.14675E-09
 7.29957E-12 1.18795E-10 4.33424E-13 1.88148E-13 5.68750E-15 4.94163E-17 1.70312E-12 2.02698E-11
 5.71646E-12 1.06881E-10 3.46440E-10 8.04281E-14 2.09895E-01 2.04260E-27 1.13294E-27 6.99701E-19
 3.66482E-15 1.42332E-14 5.91150E-27 4.31223E-04 4.93854E-11 4.29411E-08 7.12673E-06 7.24331E-10
 3.54166E-10 1.26462E-10 2.41281E-06 3.32947E-12 4.12259E-07 1.77121E-07 9.81750E-09 2.50263E-12
 3.73904E-12 1.02698E-08 1.68933E-08 8.56484E-10 5.74042E-12 6.82188E-11 2.51767E-13 1.33900E-13
 2.20632E-15 2.25219E-17 1.39203E-12 1.42195E-11 6.49583E-12 8.95077E-11 3.69385E-10 3.40001E-14
 2.09888E-01 2.59200E-27 1.55851E-27 8.82538E-19 4.27031E-15 1.36177E-14 6.13619E-27 4.31169E-04
 4.48394E-11 5.36314E-08 7.10848E-06 7.66750E-10 3.69469E-10 1.21465E-10 2.18160E-06 4.97985E-12
 4.43996E-07 1.67236E-07 1.06935E-08 2.46806E-12 3.86762E-12 9.02077E-09 1.66057E-08 6.41033E-10
 4.59076E-12 4.00891E-11 1.51759E-13 9.47829E-14 8.83729E-16 1.22901E-17 1.16027E-12 1.02893E-11
 7.22233E-12 7.50744E-11 3.87219E-10 1.52534E-14 2.09881E-01 3.14677E-27 2.03636E-27 1.14214E-18
 4.89001E-15 1.29877E-14 6.44160E-27 4.31111E-04 4.03856E-11 6.57102E-08 7.08226E-06 8.07536E-10
 3.84384E-10 1.17650E-10 1.98937E-06 7.23037E-12 4.80462E-07 1.58887E-07 1.18353E-08 2.41406E-12
 3.92803E-12 7.94788E-09 1.62420E-08 4.81189E-10 3.69355E-12 2.40436E-11 9.37120E-14 6.69121E-14
 3.62650E-16 7.36267E-18 9.87016E-13 7.57563E-12 7.91392E-12 6.29476E-11 4.01497E-10 7.10929E-15
 2.09874E-01 3.68074E-27 2.55384E-27 1.48782E-18 5.50921E-15 1.23580E-14 6.86533E-27 4.31049E-04
 3.63735E-11 7.96699E-08 7.04884E-06 8.45601E-10 3.98591E-10 1.13767E-10 1.81047E-06 1.03314E-11
 5.21444E-07 1.51789E-07 1.33640E-08 2.36157E-12 3.99310E-12 7.02310E-09 1.58242E-08 3.62510E-10
 2.94345E-12 1.45186E-11 5.81096E-14 4.70480E-14 1.49615E-16 4.30664E-18 8.56233E-13 5.53364E-12
 8.55541E-12 5.22236E-11 4.13705E-10 3.31931E-15 2.09866E-01 4.16203E-27 3.09941E-27 1.90630E-18
 6.11926E-15 1.17374E-14 7.39692E-27 4.30983E-04 3.27609E-11 9.57653E-08 7.00917E-06 8.81998E-10
 4.12404E-10 1.10050E-10 1.64519E-06 1.45809E-11 5.66486E-07 1.45735E-07 1.53891E-08 2.30808E-12
 4.06359E-12 6.22679E-09 1.53695E-08 2.74243E-10 2.32970E-12 8.82802E-12 3.61925E-14 3.29921E-14
 6.20578E-17 2.47187E-18 7.57145E-13 4.02178E-12 9.14928E-12 4.29791E-11 4.23918E-10 1.55411E-15
 2.09859E-01 4.57188E-27 3.65564E-27 2.40593E-18 6.70876E-15 1.11372E-14 8.10019E-27 4.30915E-04
 2.93620E-11 1.12992E-07 6.96445E-06 9.20792E-10 4.26956E-10 1.08209E-10 1.51664E-06 2.00515E-11
 6.14746E-07 1.40580E-07 1.79961E-08 2.22784E-12 4.01279E-12 5.54596E-09 1.48941E-08 2.08230E-10
 1.88837E-12 5.52098E-12 2.32893E-14 2.32444E-14 2.67453E-17 1.67231E-18 6.82414E-13 3.05093E-12
 9.73644E-12 3.59267E-11 4.31382E-10 7.77047E-16 2.09851E-01 4.95566E-27 4.21943E-27 3.12816E-18
 7.26405E-15 1.05711E-14 9.37766E-27 4.30844E-04 2.62953E-11 1.31565E-07 6.91564E-06 9.62419E-10
 4.42514E-10 1.07825E-10 1.41107E-06 2.71086E-11 6.65672E-07 1.36142E-07 2.13131E-08 2.13306E-12
 3.88242E-12 4.96323E-09 1.44087E-08 1.58674E-10 1.55567E-12 3.54436E-12 1.53303E-14 1.64535E-14
 1.19074E-17 1.23793E-18 6.25729E-13 2.39102E-12 1.03385E-11 3.03758E-11 4.37000E-10 4.08452E-16
 2.09843E-01 5.32349E-27 4.79646E-27 4.15227E-18 7.78114E-15 1.00430E-14 1.14495E-26 4.30772E-04
 2.36149E-11 1.52502E-07 6.86306E-06 1.00568E-09 4.58953E-10 1.07805E-10 1.30860E-06 3.65368E-11
 7.19300E-07 1.32226E-07 2.55204E-08 2.04174E-12 3.75947E-12 4.45836E-09 1.39175E-08 1.21393E-10
 1.27670E-12 2.29985E-12 1.01165E-14 1.16448E-14 5.34172E-18 8.72497E-19 5.81931E-13 1.87342E-12
 1.09336E-11 2.55615E-11 4.41734E-10 2.15500E-16 2.09835E-01 5.65560E-27 5.38918E-27 5.47206E-18
 8.26397E-15 9.54895E-15 1.43550E-26 4.30697E-04 2.12538E-11 1.75841E-07 6.80675E-06 1.05136E-09
 4.76702E-10 1.08118E-10 1.20821E-06 4.91014E-11 7.75829E-07 1.28678E-07 3.08132E-08 1.95403E-12
 3.63824E-12 4.01512E-09 1.34221E-08 9.33270E-11 1.04437E-12 1.50124E-12 6.69465E-15 8.24373E-15
 2.40778E-18 5.83611E-19 5.47446E-13 1.46585E-12 1.15028E-11 2.13790E-11 4.45743E-10 1.13840E-16
 2.09827E-01 5.97025E-27 6.01284E-27 7.17421E-18 8.71619E-15 9.08502E-15 1.84063E-26 4.30619E-04
 1.91674E-11 2.01682E-07 6.74738E-06 1.10106E-09 4.96514E-10 1.08965E-10 1.11004E-06 6.58907E-11
 8.34777E-07 1.25422E-07 3.73239E-08 1.86967E-12 3.51635E-12 3.62596E-09 1.29304E-08 7.22412E-11
 8.53051E-13 9.87854E-13 4.45842E-15 5.84851E-15 1.09446E-18 3.71877E-19 5.20146E-13 1.14766E-12
 1.20494E-11 1.77828E-11 4.49091E-10 6.03572E-17 2.09819E-01 6.28825E-27 6.68375E-27 9.36413E-18
 9.13539E-15 8.65359E-15 2.40218E-26 4.30538E-04 1.73209E-11 2.30066E-07 6.68570E-06 1.15683E-09
 5.19347E-10 1.10626E-10 1.01424E-06 8.84185E-11 8.95539E-07 1.22404E-07 4.51412E-08 1.78852E-12
 3.39154E-12 3.28494E-09 1.24499E-08 5.64443E-11 6.97130E-13 6.58147E-13 3.00118E-15 4.16822E-15
 5.04381E-19 2.27181E-19 4.98469E-13 9.01300E-13 1.25789E-11 1.47204E-11 4.51845E-10 3.22252E-17
 2.09810E-01 6.63677E-27 7.42614E-27 1.21748E-17 9.51911E-15 8.25703E-15 3.17924E-26 4.30454E-04
 1.56741E-11 2.60893E-07 6.62144E-06 1.22103E-09 5.46352E-10 1.13457E-10 9.20782E-07 1.18776E-10
 9.58507E-07 1.19537E-07 5.44584E-08 1.70976E-12 3.26104E-12 2.98192E-09 1.19798E-08 4.46246E-11
 5.70684E-13 4.44573E-13 2.04835E-15 2.99097E-15 2.36315E-19 1.33839E-19 4.80931E-13 7.11103E-13
 1.30891E-11 1.21257E-11 4.54090E-10 1.73570E-17 2.09802E-01 7.05551E-27 8.28085E-27 1.57840E-17
 9.87161E-15 7.89080E-15 4.25942E-26 4.30367E-04 1.41955E-11 2.93955E-07 6.55443E-06 1.29647E-09
 5.78898E-10 1.17903E-10 8.29862E-07 1.59890E-10 1.02391E-06 1.16762E-07 6.54602E-08 1.63255E-12
 3.12228E-12 2.70994E-09 1.15210E-08 3.58097E-11 4.68593E-13 3.05404E-13 1.42319E-15 2.16714E-15
 1.13118E-19 7.64723E-20 4.66532E-13 5.64506E-13 1.35772E-11 9.93807E-12 4.55902E-10 9.45637E-18
 2.09793E-01 7.59052E-27 9.29971E-27 2.04179E-17 1.01953E-14 7.55218E-15 5.77087E-26 4.30275E-04
 1.28642E-11 3.29011E-07 6.48523E-06 1.38632E-09 6.18492E-10 1.24528E-10 7.42078E-07 2.15897E-10
 1.09128E-06 1.14060E-07 7.82082E-08 1.55596E-12 2.97339E-12 2.46622E-09 1.10792E-08 2.92793E-11
 3.86563E-13 2.14761E-13 1.01208E-15 1.59142E-15 5.57750E-20 4.26024E-20 4.54680E-13 4.51546E-13
 1.40422E-11 8.10410E-12 4.57347E-10 5.23223E-18 2.09784E-01 8.29173E-27 1.05440E-26 2.63567E-17
 1.04890E-14 7.24215E-15 7.89947E-26 4.30180E-04 1.16538E-11 3.65889E-07 6.41396E-06 1.49400E-09
 6.66725E-10 1.34233E-10 6.58353E-07 2.92686E-10 1.16053E-06 1.11403E-07 9.28143E-08 1.47737E-12
 2.81286E-12 2.24688E-09 1.06569E-08 2.44725E-11 3.20705E-13 1.55703E-13 7.40206E-16 1.18840E-15
 2.85270E-20 2.32289E-20 4.44845E-13 3.64227E-13 1.44812E-11 6.57437E-12 4.58486E-10 2.94879E-18
 2.09774E-01 9.22423E-27 1.20881E-26 3.39576E-17 1.07538E-14 6.95929E-15 1.09182E-25 4.30081E-04
 1.05163E-11 4.05412E-07 6.34058E-06 1.62232E-09 7.24491E-10 1.48777E-10 5.81320E-07 3.99133E-10
 1.23175E-06 1.08763E-07 1.09420E-07 1.39063E-12 2.62902E-12 2.04833E-09 1.02555E-08 2.09283E-11
 2.68303E-13 1.18225E-13 5.64330E-16 9.04421E-16 1.54338E-20 1.25103E-20 4.36606E-13 2.99090E-13
 1.49042E-11 5.31384E-12 4.59346E-10 1.71634E-18 2.09765E-01 1.05048E-26 1.39775E-26 4.37099E-17
 1.09911E-14 6.70152E-15 1.52251E-25 4.29978E-04 9.47825E-12 4.19484E-07 6.26658E-06 1.78415E-09
 7.91425E-10 1.71887E-10 5.56804E-07 4.93624E-10 1.30354E-06 1.06171E-07 1.27788E-07 1.29280E-12
 2.12611E-12 1.87136E-09 9.88298E-09 1.91124E-11 2.59448E-13 9.89392E-14 4.99709E-16 7.79598E-16
 1.07921E-20 9.38024E-21 4.29788E-13 2.96296E-13 1.50264E-11 4.62784E-12 4.59868E-10 1.35215E-18
 2.09755E-01 1.25734E-26 1.68217E-26 7.32052E-17 1.11807E-14 6.47167E-15 2.77840E-25 4.29871E-04
 8.92087E-12 4.70041E-07 6.19092E-06 1.97124E-09 8.78721E-10 1.93646E-10 4.68008E-07 7.09022E-10
 1.37689E-06 1.03572E-07 1.48423E-07 1.21276E-12 2.03048E-12 1.71091E-09 9.55914E-09 1.70978E-11
 2.09970E-13 7.88260E-14 3.90996E-16 5.99396E-16 6.12041E-21 4.25374E-21 4.23930E-13 2.29550E-13
 1.53916E-11 3.55664E-12 4.60594E-10 7.52014E-19 2.09745E-01 1.47056E-26 1.98985E-26 8.67033E-17
 1.13643E-14 6.26354E-15 3.64963E-25 4.29759E-04 9.20927E-12 5.20245E-07 6.11104E-06 2.20054E-09
 9.88176E-10 2.22516E-10 3.85839E-07 1.02058E-09 1.45427E-06 1.00867E-07 1.72115E-07 1.13873E-12
 1.93655E-12 1.56013E-09 9.26612E-09 1.57907E-11 1.70477E-13 6.34674E-14 3.10898E-16 4.70518E-16
 3.45627E-21 1.83366E-21 4.18708E-13 1.75274E-13 1.56140E-11 2.69232E-12 4.61241E-10 4.07822E-19
 2.09734E-01 1.77876E-26 2.41208E-26 1.01281E-16 1.15322E-14 6.06955E-15 4.79097E-25 4.29640E-04
 1.10818E-11 5.55166E-07 6.02734E-06 2.49852E-09 1.12629E-09 2.66681E-10 3.28206E-07 1.41331E-09
 1.53527E-06 9.80642E-08 1.98879E-07 1.06380E-12 1.72238E-12 1.41917E-09 9.00035E-09 1.54435E-11
 1.49682E-13 5.45729E-14 2.72718E-16 4.00427E-16 2.24925E-21 9.05447E-22 4.14075E-13 1.46483E-13
 1.56213E-11 2.09815E-12 4.61803E-10 2.54764E-19 2.09723E-01 2.27900E-26 3.03612E-26 1.31743E-16
 1.16687E-14 5.89061E-15 7.09891E-25 4.29512E-04 1.58747E-11 5.92717E-07 5.93995E-06 2.88811E-09
 1.31029E-09 3.29461E-10 2.69798E-07 2.01848E-09 1.61971E-06 9.51684E-08 2.28877E-07 9.90156E-13
 1.54629E-12 1.28770E-09 8.76627E-09 1.55440E-11 1.30428E-13 4.93044E-14 2.48986E-16 3.42504E-16
 1.53320E-21 4.10610E-22 4.09953E-13 1.21079E-13 1.55759E-11 1.59149E-12 4.62325E-10 1.58354E-19
 2.09711E-01 3.06803E-26 3.93833E-26 1.61630E-16 1.17905E-14 5.72646E-15 1.01297E-24 4.29376E-04
 2.52753E-11 6.19140E-07 5.84860E-06 3.42006E-09 1.55935E-09 4.19504E-10 2.21504E-07 2.87484E-09
 1.70778E-06 9.21751E-08 2.62361E-07 9.19033E-13 1.34723E-12 1.16488E-09 8.56132E-09 1.64635E-11
 1.18750E-13 4.73327E-14 2.44012E-16 3.08385E-16 1.15060E-21 1.91126E-22 4.06270E-13 1.04146E-13
 1.53858E-11 1.20974E-12 4.62854E-10 1.04769E-19 2.09699E-01 4.36894E-26 5.35435E-26 2.02866E-16
 1.18868E-14 5.57590E-15 1.51284E-24 4.29231E-04 4.09836E-11 6.44120E-07 5.75315E-06 4.12653E-09
 1.89075E-09 5.41590E-10 1.77866E-07 4.17999E-09 1.79945E-06 8.90937E-08 2.99553E-07 8.49991E-13
 1.17253E-12 1.05034E-09 8.38580E-09 1.78971E-11 1.08962E-13 4.72210E-14 2.47562E-16 2.80509E-16
 9.00430E-22 8.46935E-23 4.02975E-13 8.96416E-14 1.51326E-11 9.03851E-13 4.63364E-10 6.96404E-20
 2.09686E-01 6.44956E-26 7.53560E-26 2.45352E-16 1.19686E-14 5.43803E-15 2.21855E-24 4.29076E-04
 6.42051E-11 6.63491E-07 5.65356E-06 5.06028E-09 2.31984E-09 6.99555E-10 1.44206E-07 6.07193E-09
 1.89464E-06 8.59440E-08 3.40608E-07 7.82721E-13 9.94519E-13 9.43874E-10 8.23692E-09 1.99672E-11
 1.03539E-13 4.82190E-14 2.58696E-16 2.63443E-16 7.40316E-22 3.87600E-23 4.00030E-13 7.88638E-14
 1.48083E-11 6.78883E-13 4.63857E-10 4.78999E-20 2.09672E-01 9.66843E-26 1.09466E-25 2.98516E-16
 1.20272E-14 5.31192E-15 3.31178E-24 4.28911E-04 9.52369E-11 6.99412E-07 5.54946E-06 6.18873E-09
 2.83642E-09 8.84062E-10 1.14315E-07 9.10651E-09 1.99336E-06 8.27478E-08 3.85774E-07 7.16570E-13
 8.66620E-13 8.45212E-10 8.11319E-09 2.16327E-11 9.49657E-14 4.82195E-14 2.58765E-16 2.36240E-16
 5.71612E-22 1.62193E-23 3.97394E-13 6.61600E-14 1.45661E-11 4.97650E-13 4.64222E-10 3.08080E-20
 2.09658E-01 1.42130E-25 1.58029E-25 3.40182E-16 1.20861E-14 5.19637E-15 4.61498E-24 4.28735E-04
 1.33999E-10 7.45275E-07 5.43633E-06 7.53465E-09 3.43370E-09 1.09527E-09 9.21533E-08 1.36659E-08
 2.09970E-06 7.94027E-08 4.37175E-07 6.48840E-13 7.45054E-13 7.50522E-10 8.00435E-09 2.29549E-11
 8.73849E-14 4.70579E-14 2.50877E-16 2.09996E-16 4.25507E-22 6.86542E-24 3.94937E-13 5.47009E-14
 1.43527E-11 3.66341E-13 4.64499E-10 1.93016E-20 2.09642E-01 2.04817E-25 2.27283E-25 3.85208E-16
 1.21352E-14 5.08587E-15 6.32677E-24 4.28539E-04 1.80241E-10 8.12673E-07 5.30823E-06 9.05003E-09
 4.08511E-09 1.32487E-09 7.45187E-08 2.07465E-08 2.21875E-06 7.57902E-08 4.97847E-07 5.76619E-13
 6.39073E-13 6.56414E-10 7.90220E-09 2.32775E-11 7.84151E-14 4.40319E-14 2.29470E-16 1.78971E-16
 2.93184E-22 2.81480E-24 3.92546E-13 4.35692E-14 1.42132E-11 2.67568E-13 4.64656E-10 1.13810E-20
 2.09623E-01 2.87831E-25 3.21544E-25 4.27254E-16 1.21848E-14 4.97528E-15 8.34998E-24 4.28311E-04
 2.32269E-10 9.00972E-07 5.16339E-06 1.07152E-08 4.76236E-09 1.55804E-09 6.16001E-08 3.13792E-08
 2.35151E-06 7.19276E-08 5.69149E-07 5.00865E-13 5.34953E-13 5.63612E-10 7.80095E-09 2.26974E-11
 6.98585E-14 3.94062E-14 1.99074E-16 1.49172E-16 1.89805E-22 1.17618E-24 3.90210E-13 3.39603E-14
 1.41245E-11 1.96542E-13 4.64718E-10 6.45633E-21 2.09601E-01 3.93008E-25 4.49202E-25 4.74275E-16
 1.22271E-14 4.86400E-15 1.08075E-23 4.28043E-04 2.88488E-10 1.02820E-06 5.00089E-06 1.23698E-08
 5.39313E-09 1.76824E-09 5.11603E-08 4.77651E-08 2.49762E-06 6.78663E-08 6.52152E-07 4.23752E-13
 4.44215E-13 4.73560E-10 7.69541E-09 2.07675E-11 5.98410E-14 3.33149E-14 1.59819E-16 1.17373E-16
 1.11493E-22 4.75422E-25 3.87927E-13 2.52843E-14 1.41344E-11 1.43089E-13 4.64644E-10 3.41517E-21
 2.09576E-01 5.18270E-25 6.11530E-25 5.23724E-16 1.22642E-14 4.75206E-15 1.35181E-23 4.27731E-04
 3.45508E-10 1.18428E-06 4.82078E-06 1.41015E-08 5.99664E-09 1.94944E-09 4.32865E-08 7.20073E-08
 2.65556E-06 6.36691E-08 7.47731E-07 3.48959E-13 3.57090E-13 3.87785E-10 7.57822E-09 1.83981E-11
 5.10783E-14 2.69639E-14 1.22445E-16 9.07975E-17 6.17520E-23 1.97676E-25 3.85695E-13 1.85639E-14
 1.42052E-11 1.05000E-13 4.64471E-10 1.75017E-21 2.09546E-01 6.72071E-25 8.31637E-25 5.81403E-16
 1.22895E-14 4.63957E-15 1.66908E-23 4.27368E-04 3.99334E-10 1.37698E-06 4.62297E-06 1.59678E-08
 6.59743E-09 2.08577E-09 3.58115E-08 1.09465E-07 2.82232E-06 5.94034E-08 8.56840E-07 2.79209E-13
 2.84474E-13 3.07632E-10 7.44275E-09 1.56686E-11 4.24934E-14 2.08994E-14 8.91542E-17 6.68417E-17
 3.16981E-23 7.91797E-26 3.83505E-13 1.32993E-14 1.44221E-11 7.63701E-14 4.64114E-10 8.52121E-22
 2.09512E-01 8.65090E-25 1.14130E-24 6.37723E-16 1.23119E-14 4.52654E-15 2.01498E-23 4.26945E-04
 4.43244E-10 1.55912E-06 4.40667E-06 1.91438E-08 7.58427E-09 2.16876E-09 2.90847E-08 1.70381E-07
 2.99235E-06 5.51373E-08 9.80425E-07 2.16123E-13 2.18061E-13 2.34170E-10 7.28083E-09 1.37313E-11
 3.75120E-14 1.57565E-14 6.48256E-17 5.03942E-17 1.59791E-23 3.33849E-26 3.81349E-13 9.83349E-15
 1.47866E-11 5.65981E-14 4.63570E-10 4.17224E-22 2.09471E-01 1.11469E-24 1.70792E-24 6.75346E-16
 1.23478E-14 4.41302E-15 2.45521E-23 4.26453E-04 4.88132E-10 2.06455E-06 4.16293E-06 2.19942E-08
 8.29210E-09 2.03123E-09 2.56839E-08 2.97659E-07 3.15366E-06 5.09350E-08 1.12061E-06 1.56861E-13
 1.55058E-13 1.68462E-10 7.08582E-09 9.87314E-12 3.06949E-14 1.06418E-14 3.94306E-17 3.38694E-17
 6.83412E-24 1.24671E-26 3.79226E-13 6.26009E-15 1.53942E-11 3.97889E-14 4.62744E-10 1.72121E-22
 2.09423E-01 1.22873E-24 2.42208E-24 7.51499E-16 1.23393E-14 4.29886E-15 2.98998E-23 4.25880E-04
 5.52957E-10 4.87306E-06 3.87901E-06 1.59239E-08 5.97057E-09 1.50274E-09 3.82071E-08 5.73970E-07
 3.28217E-06 4.68527E-08 1.27939E-06 1.04175E-13 8.97339E-14 1.12772E-10 6.84611E-09 3.51652E-12
 1.67206E-14 5.87690E-15 1.54563E-17 1.56722E-17 2.12629E-24 3.73296E-27 3.77133E-13 2.25990E-15
 1.63255E-11 2.43681E-14 4.61552E-10 4.61991E-23 2.09366E-01 8.01962E-25 1.96964E-24 1.18551E-15
 1.19660E-14 4.18396E-15 3.39165E-23 4.25213E-04 5.61628E-10 1.65212E-05 3.57158E-06 7.51607E-09
 2.71930E-09 9.38242E-10 7.87642E-08 9.90182E-07 3.36136E-06 4.29373E-08 1.45295E-06 6.65525E-14
 5.47072E-14 7.06645E-11 6.54972E-09 6.58455E-13 5.92585E-15 3.01163E-15 4.86981E-18 3.69141E-18
 5.71504E-25 1.20532E-27 3.75005E-13 3.84144E-16 1.89142E-11 1.61324E-14 4.58643E-10 8.06122E-24
 2.09294E-01 3.25234E-25 8.13311E-25 2.23604E-15 1.09682E-14 4.06851E-15 2.90951E-23 4.24442E-04
 4.72986E-10 4.64268E-05 3.26481E-06 4.03808E-09 1.24824E-09 5.62091E-10 1.49269E-07 1.45888E-06
 3.40680E-06 3.92244E-08 1.63538E-06 4.21292E-14 3.83483E-14 4.22817E-11 6.21147E-09 1.39804E-13
 2.25138E-15 1.53045E-15 1.49687E-18 7.97518E-19 1.51034E-25 5.79920E-28 3.72782E-13 4.91128E-17
 2.35469E-11 1.30492E-14 4.53624E-10 9.82530E-25 2.09201E-01 1.12772E-25 3.05738E-25 3.55090E-15
 9.69769E-15 3.95256E-15 2.12040E-23 4.23555E-04 3.46709E-10 1.06633E-04 2.96979E-06 2.50087E-09
 6.16569E-10 3.32926E-10 2.34626E-07 1.93512E-06 3.43263E-06 3.57415E-08 1.82368E-06 2.66178E-14
 2.92978E-14 2.47323E-11 5.85281E-09 4.18782E-14 9.41879E-16 7.78003E-16 4.61823E-19 2.16222E-19
 3.99909E-26 3.09912E-28 3.70431E-13 7.76105E-18 2.98984E-11 1.11794E-14 4.46817E-10 8.74943E-26
 2.09079E-01 3.63903E-26 1.18206E-25 4.83853E-15 8.44535E-15 3.83592E-15 1.42754E-23 4.22538E-04
 2.45352E-10 2.09866E-04 2.69154E-06 1.73347E-09 3.29906E-10 1.96131E-10 3.34579E-07 2.39349E-06
 3.44769E-06 3.24968E-08 2.01644E-06 1.68091E-14 2.35666E-14 1.43622E-11 5.48953E-09 1.90722E-14
 4.42763E-16 3.95122E-16 1.42852E-19 8.68182E-20 1.05890E-26 1.81915E-28 3.67920E-13 1.81744E-18
 3.74343E-11 9.95431E-15 4.38742E-10 7.40371E-27 2.08919E-01 1.12881E-26 4.93486E-26 6.01817E-15
 7.29116E-15 3.71802E-15 9.50617E-24 4.21366E-04 1.78648E-10 3.69973E-04 2.43362E-06 1.28120E-09
 1.87076E-10 1.15341E-10 4.43005E-07 2.81961E-06 3.45680E-06 2.95075E-08 2.21192E-06 1.06360E-14
 1.96654E-14 8.40962E-12 5.13396E-09 1.16951E-14 2.23413E-16 2.00894E-16 4.43727E-20 4.64733E-20
 2.81019E-27 1.09367E-28 3.65225E-13 5.38935E-19 4.56899E-11 8.92995E-15 4.29851E-10 1.10967E-27
 2.08711E-01 3.42932E-27 2.18915E-26 7.04654E-15 6.27707E-15 3.59870E-15 6.31733E-24 4.20017E-04
 1.29396E-10 6.02623E-04 2.19630E-06 9.57124E-10 1.09508E-10 6.77167E-11 5.20095E-07 3.20865E-06
 3.46251E-06 2.67646E-08 2.40992E-06 6.74619E-15 1.68843E-14 5.02706E-12 4.79239E-09 8.18891E-15
 1.09717E-16 1.02362E-16 1.38707E-20 2.74435E-20 7.49894E-28 5.70656E-29 3.62307E-13 1.66091E-19
 5.43843E-11 7.66064E-15 4.20406E-10 2.94904E-28 2.08444E-01 1.01588E-27 1.00047E-26 7.86598E-15
 5.45934E-15 3.47708E-15 4.13307E-24 4.18455E-04 9.67585E-11 9.20847E-04 1.97869E-06 7.28513E-10
 6.65384E-11 3.96158E-11 5.80557E-07 3.55928E-06 3.46623E-06 2.42517E-08 2.61059E-06 4.28236E-15
 1.48581E-14 3.08100E-12 4.46771E-09 6.10611E-15 5.45153E-17 5.21367E-17 4.34603E-21 1.72116E-20
 2.00436E-28 2.89701E-29 3.59119E-13 5.60714E-20 6.32933E-11 6.51258E-15 4.10609E-10 1.00455E-28
 2.08105E-01 2.93754E-28 4.79730E-27 8.53519E-15 4.77750E-15 3.35218E-15 2.72927E-24 4.16640E-04
 7.51564E-11 1.33564E-03 1.78064E-06 5.59706E-10 4.17305E-11 2.31089E-11 6.20895E-07 3.87124E-06
 3.46879E-06 2.19649E-08 2.81316E-06 2.72172E-15 1.33672E-14 1.94500E-12 4.16311E-09 4.67009E-15
 2.73373E-17 2.65554E-17 1.36514E-21 1.10551E-20 5.36816E-29 1.43967E-29 3.55624E-13 2.03868E-20
 7.22174E-11 5.47900E-15 4.00636E-10 3.73584E-29 2.07686E-01 8.33147E-29 2.40819E-27 9.08674E-15
 4.19677E-15 3.22356E-15 1.82594E-24 4.14531E-04 6.02702E-11 1.85682E-03 1.60160E-06 4.31173E-10
 2.68692E-11 1.34531E-11 6.39828E-07 4.14589E-06 3.47065E-06 1.98968E-08 3.01690E-06 1.73332E-15
 1.22619E-14 1.26917E-12 3.88090E-09 3.61121E-15 1.37522E-17 1.35393E-17 4.30282E-22 7.17270E-21
 1.44199E-29 6.98271E-30 3.51778E-13 7.84879E-21 8.10027E-11 4.55534E-15 3.90614E-10 1.45054E-29
 2.07176E-01 2.32869E-29 1.25767E-27 9.53529E-15 3.70012E-15 3.09075E-15 1.23673E-24 4.12081E-04
 4.79143E-11 2.49484E-03 1.44031E-06 3.27978E-10 1.75875E-11 7.81190E-12 6.19947E-07 4.38583E-06
 3.47192E-06 1.80336E-08 3.22178E-06 1.10648E-15 1.14345E-14 8.57988E-13 3.62225E-09 2.78724E-15
 6.70797E-18 6.91651E-18 1.36315E-22 4.57720E-21 3.89265E-30 3.10101E-30 3.47527E-13 3.01720E-21
 8.95436E-11 3.67254E-15 3.80616E-10 5.36963E-30 2.06563E-01 6.36541E-30 6.74036E-28 9.87396E-15
 3.29180E-15 2.95307E-15 8.40742E-25 4.09232E-04 3.77503E-11 3.25967E-03 1.29515E-06 2.46766E-10
 1.16808E-11 4.51610E-12 5.71809E-07 4.59381E-06 3.47238E-06 1.63570E-08 3.42817E-06 7.07233E-16
 1.08032E-14 6.00337E-13 3.38713E-09 2.14835E-15 3.18850E-18 3.53587E-18 4.33579E-23 2.88596E-21
 1.05497E-30 1.27889E-30 3.42808E-13 1.16001E-21 9.77452E-11 2.88765E-15 3.70702E-10 1.90839E-30
 2.05837E-01 1.68613E-30 3.69840E-28 1.01227E-14 2.94897E-15 2.80976E-15 5.74460E-25 4.05920E-04
 3.12497E-11 4.15559E-03 1.16529E-06 1.87118E-10 7.92935E-12 2.60335E-12 5.29618E-07 4.77205E-06
 3.47199E-06 1.48584E-08 3.63543E-06 4.52657E-16 1.03088E-14 4.34209E-13 3.17589E-09 1.67654E-15
 1.55807E-18 1.80828E-18 1.38325E-23 1.86925E-21 2.86613E-31 5.45784E-31 3.37573E-13 4.79423E-22
 1.05455E-10 2.28601E-15 3.60987E-10 7.39624E-31 2.04988E-01 4.39359E-31 2.09863E-28 1.03210E-14
 2.62921E-15 2.66074E-15 3.99251E-25 4.02086E-04 2.60397E-11 5.18566E-03 1.05007E-06 1.40696E-10
 5.45097E-12 1.49842E-12 4.74216E-07 4.92324E-06 3.47073E-06 1.35302E-08 3.84280E-06 2.90514E-16
 9.90959E-15 3.24759E-13 2.98950E-09 1.31071E-15 7.55666E-19 9.26725E-19 4.43867E-24 1.20631E-21
 7.82872E-32 2.23635E-31 3.31771E-13 1.99464E-22 1.12530E-10 1.77623E-15 3.51577E-10 2.82858E-31
 2.04008E-01 1.12719E-31 1.21739E-28 1.04585E-14 2.34028E-15 2.50615E-15 2.79451E-25 3.97666E-04
 2.21063E-11 6.35074E-03 9.48625E-07 1.05382E-10 3.79838E-12 8.62205E-13 4.16692E-07 5.04939E-06
 3.46833E-06 1.23625E-08 4.04991E-06 1.87107E-16 9.57335E-15 2.51048E-13 2.82801E-09 1.03140E-15
 3.67610E-19 4.75992E-19 1.43293E-24 7.84678E-22 2.14996E-32 8.98033E-32 3.25351E-13 8.48206E-23
 1.18829E-10 1.36538E-15 3.42570E-10 1.09849E-31 2.02890E-01 2.86523E-32 7.22044E-29 1.05405E-14
 2.07404E-15 2.34618E-15 1.97336E-25 3.92594E-04 1.94282E-11 7.64538E-03 8.60491E-07 7.89646E-11
 2.68652E-12 4.97824E-13 3.64097E-07 5.15243E-06 3.46471E-06 1.13493E-08 4.25590E-06 1.21290E-16
 9.27721E-15 2.00716E-13 2.69174E-09 8.20692E-16 1.81994E-19 2.45415E-19 4.66065E-25 5.20057E-22
 5.94266E-33 3.62903E-32 3.18273E-13 3.74551E-23 1.24193E-10 1.04566E-15 3.34087E-10 4.47420E-32
 2.01632E-01 7.33185E-33 4.38273E-29 1.05699E-14 1.82542E-15 2.18160E-15 1.40835E-25 3.86810E-04
 1.71567E-11 9.06201E-03 7.85237E-07 5.86350E-11 1.91735E-12 2.89838E-13 3.08911E-07 5.23389E-06
 3.45965E-06 1.04841E-08 4.46023E-06 7.96396E-17 9.00462E-15 1.66256E-13 2.58132E-09 6.56289E-16
 8.95581E-20 1.27491E-19 1.53116E-25 3.44575E-22 1.65730E-33 1.40276E-32 3.10494E-13 1.64805E-23
 1.28475E-10 7.85285E-16 3.26229E-10 1.78969E-32 2.00232E-01 1.89576E-33 2.70134E-29 1.05338E-14
 1.60533E-15 2.01330E-15 1.00870E-25 3.80252E-04 1.54397E-11 1.05879E-02 7.22601E-07 4.33454E-11
 1.38322E-12 1.72596E-13 2.57890E-07 5.29430E-06 3.45272E-06 9.76223E-09 4.66232E-06 5.37302E-17
 8.74340E-15 1.42973E-13 2.49692E-09 5.30112E-16 4.43027E-20 6.74367E-20 5.09882E-26 2.30930E-22
 4.67389E-34 5.29070E-33 3.01991E-13 7.34566E-24 1.31524E-10 5.82447E-16 3.19109E-10 7.24997E-33
 1.98692E-01 5.01525E-34 1.69197E-29 1.04307E-14 1.41380E-15 1.84266E-15 7.26160E-26 3.72868E-04
 1.39865E-11 1.22062E-02 6.72547E-07 3.17950E-11 1.00562E-12 1.09361E-13 2.09731E-07 5.33356E-06
 3.44336E-06 9.18082E-09 4.86159E-06 3.84495E-17 8.48484E-15 1.27958E-13 2.43883E-09 4.31445E-16
 2.18626E-20 3.76974E-20 1.75844E-26 1.55214E-22 1.35406E-34 1.90680E-33 2.92748E-13 3.25300E-24
 1.33186E-10 4.23707E-16 3.12841E-10 2.88688E-33 1.97016E-01 1.38161E-34 1.07212E-29 1.02540E-14
 1.25641E-15 1.67140E-15 5.23400E-26 3.64620E-04 1.29966E-11 1.38936E-02 6.35324E-07 2.33695E-11
 7.38210E-13 8.11113E-14 1.69164E-07 5.35078E-06 3.43091E-06 8.73977E-09 5.05717E-06 3.09143E-17
 8.22306E-15 1.19378E-13 2.40695E-09 3.55464E-16 1.12710E-20 2.48781E-20 7.35800E-27 1.05807E-22
 4.69446E-35 6.94986E-34 2.82784E-13 1.46600E-24 1.33305E-10 3.05919E-16 3.07555E-10 1.17918E-33
 1.95217E-01 4.66784E-35 6.87736E-30 1.00008E-14 1.13635E-15 1.50181E-15 3.78182E-26 3.55490E-04
 2.88150E+02 2.81650E+02 2.75150E+02 2.68660E+02 2.62170E+02 2.55680E+02 2.49190E+02 2.42700E+02
 2.36210E+02 2.29730E+02 2.23250E+02 2.16770E+02 2.16650E+02 2.16650E+02 2.16650E+02 2.16650E+02
 2.16650E+02 2.16650E+02 2.16650E+02 2.16650E+02 2.16650E+02 2.17580E+02 2.18570E+02 2.19570E+02
 2.20560E+02 2.21550E+02 2.22540E+02 2.23540E+02 2.24530E+02 2.25520E+02 2.26510E+02 2.27500E+02
 2.28490E+02 2.30970E+02 2.33740E+02 2.36510E+02 2.39280E+02 2.42050E+02 2.44820E+02 2.47580E+02
 2.50350E+02 2.53140E+02 2.55880E+02 2.58640E+02 2.61400E+02 2.64160E+02 2.66960E+02 2.69680E+02
 2.70650E+02 2.70650E+02 2.70650E+02 2.70650E+02 2.69030E+02 2.66270E+02 2.63520E+02 2.60770E+02
 2.58020E+02 2.55270E+02 2.52520E+02 2.49770E+02 2.47020E+02 2.44270E+02 2.41530E+02 2.30780E+02
 2.30500E+02 2.30500E+02 2.27000E+02 2.25100E+02 2.22000E+02 2.19600E+02 2.16000E+02 2.14300E+02
 2.12000E+02 2.10300E+02 2.08000E+02 2.06400E+02 2.04000E+02 2.02500E+02 2.00000E+02 1.98600E+02
 1.96000E+02 1.94700E+02 1.92000E+02 1.90800E+02 1.89000E+02 1.86900E+02 1.86900E+02 1.86900E+02
 1.86900E+02 1.86900E+02 1.88000E+02 1.90000E+02 1.91000E+02 1.92500E+02 1.94000E+02 1.95000E+02
 1.96500E+02 1.98000E+02 2.00000E+02 2.02000E+02 1.00000E+05 1.00000E+05 1.00000E+05 1.00000E+05
 1.00000E+05 1.00000E+05 1.00000E+05 1.00000E+05 1.00000E+05 8.94400E+04 4.89900E+04 2.25800E+04
 1.16600E+04 6.81200E+03 5.16500E+03 4.29000E+03 3.95000E+03 3.90000E+03 3.99900E+03 4.34300E+03
 4.84400E+03 5.43900E+03 6.18700E+03 7.03600E+03 7.98400E+03 8.98600E+03 1.00300E+04 1.12800E+04
 1.24900E+04 1.36300E+04 1.51300E+04 1.66900E+04 1.81800E+04 1.99800E+04 2.19800E+04 2.44500E+04
 2.74600E+04 3.04600E+04 3.39400E+04 3.79500E+04 4.19500E+04 4.64300E+04 5.19100E+04 5.84000E+04
 6.44500E+04 7.13600E+04 7.99000E+04 8.79100E+04 9.68700E+04 1.06900E+05 1.17800E+05 1.31800E+05
 1.48300E+05 1.65800E+05 1.83300E+05 2.01800E+05 2.25600E+05 2.52200E+05 2.77200E+05 3.07000E+05
 3.42100E+05 3.79500E+05 4.21900E+05 4.71700E+05 5.17400E+05 5.67400E+05 6.22400E+05 6.82600E+05
 7.48700E+05 8.21200E+05 9.00700E+05 9.87900E+05 1.00000E+06 1.00000E+06 1.00000E+06 1.00000E+06
 1.00000E+06 1.00000E+06 1.00000E+06 1.00000E+06 1.00000E+06 1.00000E+06 1.00000E+06 1.00000E+06
 1.00000E+06 1.00000E+06 1.00000E+06 1.00000E+06 1.00000E+06 1.00000E+06 1.00000E+06 1.00000E+06
 1.00000E+06 1.00000E+06 1.00000E+06 1.00000E+06 1.00000E+06 1.00000E+06 1.00000E+06 1.00000E+06
 2.40070E+19 2.17866E+19 1.97275E+19 1.78207E+19 1.60589E+19 1.44342E+19 1.29389E+19 1.15655E+19
 1.03070E+19 9.15606E+18 8.10651E+18 7.15193E+18 6.11587E+18 5.22704E+18 4.46760E+18 3.81869E+18
 3.26419E+18 2.79035E+18 2.38541E+18 2.03933E+18 1.74355E+18 1.48487E+18 1.26518E+18 1.07877E+18
 9.20584E+17 7.86187E+17 6.71915E+17 5.74657E+17 4.91863E+17 4.21306E+17 3.61132E+17 3.09775E+17
 2.65911E+17 2.27054E+17 1.93989E+17 1.66053E+17 1.42405E+17 1.22346E+17 1.05298E+17 9.07869E+16
 7.84045E+16 6.78180E+16 5.87675E+16 5.10010E+16 4.43293E+16 3.85886E+16 3.36365E+16 2.93712E+16
 2.58384E+16 2.28183E+16 2.01519E+16 1.77978E+16 1.58081E+16 1.40876E+16 1.25394E+16 1.11481E+16
 9.89930E+15 8.77952E+15 7.77662E+15 6.87942E+15 6.07774E+15 5.36227E+15 4.72434E+15 4.29057E+15
 3.71527E+15 3.21307E+15 2.81859E+15 2.45138E+15 2.14024E+15 1.85962E+15 1.62166E+15 1.39942E+15
 1.20942E+15 1.04087E+15 8.97139E+14 7.69609E+14 6.61830E+14 5.65840E+14 4.85451E+14 4.13591E+14
 3.53963E+14 3.00471E+14 2.56496E+14 2.16909E+14 1.83780E+14 1.55702E+14 1.30326E+14 1.09092E+14
 9.13243E+13 7.64555E+13 6.36707E+13 5.28550E+13 4.41755E+13 3.68711E+13 3.08202E+13 2.58606E+13
 2.16698E+13 1.81842E+13 1.52459E+13 1.28060E+13 7.79917E-11 9.49673E-11 1.30805E-10 1.75816E-10
 2.25216E-10 2.75264E-10 3.22818E-10 3.65716E-10 4.02724E-10 4.34796E-10 4.68873E-10 5.14008E-10
 5.51477E-10 5.68615E-10 5.61085E-10 5.32793E-10 4.90162E-10 4.41161E-10 3.91911E-10 3.46577E-10
 3.07394E-10 2.74183E-10 2.46276E-10 2.22964E-10 2.03004E-10 1.84833E-10 1.67626E-10 1.51408E-10
 1.36138E-10 1.21630E-10 1.07961E-10 9.52418E-11 8.33828E-11 7.23853E-11 6.23187E-11 5.32464E-11
 4.52236E-11 3.81710E-11 3.19954E-11 2.66524E-11 2.20478E-11 1.80979E-11 1.47663E-11 1.20016E-11
 9.70573E-12 7.79731E-12 6.23356E-12 4.95644E-12 3.91360E-12 3.07027E-12 2.38682E-12 1.84994E-12
 1.43188E-12 1.10492E-12 8.47178E-13 6.44333E-13 4.87896E-13 3.67635E-13 2.74169E-13 2.02662E-13
 1.48658E-13 1.07979E-13 7.76562E-14 5.54254E-14 3.88287E-14 2.66638E-14 1.79759E-14 1.18599E-14
 7.65086E-15 4.81244E-15 2.94727E-15 1.74982E-15 9.59431E-16 4.75034E-16 2.08654E-16 7.94509E-17
 2.55717E-17 6.72947E-18 1.39598E-18 2.17598E-19 2.41718E-20 1.78390E-21 8.09793E-23 2.03985E-24
 2.54006E-26 1.35582E-28 2.58517E-31 1.43979E-34 1.84009E-38 4.04481E-43 1.07514E-48 2.27137E-55
 2.42634E-63 7.41150E-73 3.36541E-84 1.04432E-97 1.00000-100 1.00000-100 1.00000-100 1.00000-100
 2.87850E+01 2.31815E+01 2.28411E+01 2.45574E+01 2.55987E+01 2.59641E+01 2.55751E+01 2.45392E+01
 2.28460E+01 2.07124E+01 1.83335E+01 1.87109E+01 1.69742E+01 1.47813E+01 1.23238E+01 9.89407E+00
 8.06199E+00 6.93489E+00 6.15811E+00 5.76860E+00 5.58920E+00 5.47130E+00 5.53810E+00 5.76223E+00
 5.32429E+00 4.09265E+00 3.13861E+00 2.40155E+00 1.83172E+00 1.39062E+00 1.04991E+00 7.88971E-01
 5.88770E-01 4.30957E-01 3.12701E-01 2.25946E-01 1.62521E-01 1.16325E-01 8.28096E-02 5.86988E-02
 4.13680E-02 2.91538E-02 2.06125E-02 1.45392E-02 1.02198E-02 7.14703E-03 4.98045E-03 3.45791E-03
 2.40195E-03 1.66410E-03 1.14251E-03 7.82071E-04 5.37662E-04 3.69736E-04 2.52332E-04 1.70622E-04
 1.14724E-04 7.66672E-05 5.06444E-05 3.31167E-05 2.14611E-05 1.37534E-05 8.71443E-06 5.68626E-06
 3.43999E-06 2.03500E-06 1.21708E-06 7.01326E-07 3.98530E-07 2.19066E-07 1.18239E-07 6.07646E-08
 2.89521E-08 1.23731E-08 4.70952E-09 1.54196E-09 4.29027E-10 9.66933E-11 1.72904E-11 2.29884E-12
 2.19591E-13 1.37613E-14 5.35864E-16 1.14134E-17 1.20633E-19 5.47178E-22 8.69642E-25 4.03847E-28
 4.30382E-32 7.88955E-37 1.73302E-42 3.00107E-49 2.65566E-57 6.69643E-67 2.51361E-78 6.47266E-92
 5.14727E-95 4.31934E-95 3.62139E-95 3.04183E-95 0.00000E+00 0.00000E+00 0.00000E+00 0.00000E+00
 0.00000E+00 0.00000E+00 0.00000E+00 0.00000E+00 0.00000E+00 0.00000E+00 0.00000E+00 0.00000E+00
 0.00000E+00 0.00000E+00 0.00000E+00 0.00000E+00 0.00000E+00 0.00000E+00 0.00000E+00 0.00000E+00
 0.00000E+00 0.00000E+00 0.00000E+00 0.00000E+00 0.00000E+00 0.00000E+00 0.00000E+00 0.00000E+00
 0.00000E+00 0.00000E+00 0.00000E+00 0.00000E+00 0.00000E+00 0.00000E+00 0.00000E+00 0.00000E+00
 0.00000E+00 0.00000E+00 0.00000E+00 0.00000E+00 0.00000E+00 0.00000E+00 0.00000E+00 0.00000E+00
 0.00000E+00 0.00000E+00 0.00000E+00 0.00000E+00 0.00000E+00 0.00000E+00 0.00000E+00 0.00000E+00
 0.00000E+00 0.00000E+00 0.00000E+00 0.00000E+00 0.00000E+00 0.00000E+00 0.00000E+00 0.00000E+00
 0.00000E+00 0.00000E+00 0.00000E+00 0.00000E+00 0.00000E+00 0.00000E+00 0.00000E+00 0.00000E+00
 0.00000E+00 0.00000E+00 0.00000E+00 0.00000E+00 0.00000E+00 0.00000E+00 0.00000E+00 0.00000E+00
 0.00000E+00 0.00000E+00 0.00000E+00 0.00000E+00 0.00000E+00 0.00000E+00 0.00000E+00 0.00000E+00
 0.00000E+00 0.00000E+00 0.00000E+00 0.00000E+00 0.00000E+00 0.00000E+00 0.00000E+00 0.00000E+00
 0.00000E+00 0.00000E+00 0.00000E+00 0.00000E+00 0.00000E+00 0.00000E+00 0.00000E+00 0.00000E+00
 0.00000E+00 0.00000E+00 0.00000E+00 0.00000E+00 0.00000E+00 0.00000E+00 0.00000E+00 0.00000E+00
 0.00000E+00 0.00000E+00 0.00000E+00 0.00000E+00 0.00000E+00 0.00000E+00 0.00000E+00 0.00000E+00
 0.00000E+00 0.00000E+00 0.00000E+00 0.00000E+00 0.00000E+00 0.00000E+00 0.00000E+00 0.00000E+00
 0.00000E+00 0.00000E+00 0.00000E+00 0.00000E+00 0.00000E+00 0.00000E+00 0.00000E+00 0.00000E+00
 0.00000E+00 0.00000E+00 0.00000E+00 0.00000E+00 0.00000E+00 0.00000E+00 0.00000E+00 0.00000E+00
 0.00000E+00 0.00000E+00 0.00000E+00 0.00000E+00 0.00000E+00 0.00000E+00 0.00000E+00 0.00000E+00
 0.00000E+00 0.00000E+00 0.00000E+00 0.00000E+00 0.00000E+00 0.00000E+00 0.00000E+00 0.00000E+00
 0.00000E+00 0.00000E+00 0.00000E+00 0.00000E+00 0.00000E+00 0.00000E+00 0.00000E+00 0.00000E+00
 0.00000E+00 0.00000E+00 0.00000E+00 0.00000E+00 0.00000E+00 0.00000E+00 0.00000E+00 0.00000E+00
 0.00000E+00 0.00000E+00 0.00000E+00 0.00000E+00 0.00000E+00 0.00000E+00 0.00000E+00 0.00000E+00
 0.00000E+00 0.00000E+00 0.00000E+00 0.00000E+00 0.00000E+00 0.00000E+00 0.00000E+00 0.00000E+00
 0.00000E+00 0.00000E+00 0.00000E+00 0.00000E+00 0.00000E+00 0.00000E+00 0.00000E+00 0.00000E+00
 0.00000E+00 0.00000E+00 0.00000E+00 0.00000E+00 7.26457E-04 8.06544E-04 8.96004E-04 9.79831E-04
 1.07429E-03 1.17930E-03 1.29835E-03 1.43503E-03 1.59761E-03 1.79513E-03 2.04848E-03 2.25196E-03
 2.53212E-03 2.86454E-03 3.25751E-03 3.72101E-03 4.19350E-03 4.61357E-03 5.01626E-03 5.36483E-03
 5.69814E-03 6.05309E-03 6.38610E-03 6.70410E-03 7.35152E-03 8.58473E-03 1.00190E-02 1.16842E-02
 1.36181E-02 1.58592E-02 1.84587E-02 2.14678E-02 2.49551E-02 2.90588E-02 3.38055E-02 3.92442E-02
 4.54974E-02 5.26805E-02 6.09157E-02 7.03329E-02 8.11094E-02 9.31668E-02 1.06530E-01 1.21646E-01
 1.38721E-01 1.57987E-01 1.79702E-01 2.04131E-01 2.31369E-01 2.61976E-01 2.96622E-01 3.35839E-01
 3.79889E-01 4.29780E-01 4.86879E-01 5.52317E-01 6.27423E-01 7.13757E-01 8.13153E-01 9.27767E-01
 1.06015E+00 1.21329E+00 1.39078E+00 1.59083E+00 1.84131E+00 2.13259E+00 2.45398E+00 2.83873E+00
 3.28187E+00 3.80719E+00 4.41635E+00 5.15057E+00 6.00930E+00 7.02953E+00 8.22707E+00 9.65541E+00
 1.13365E+01 1.33499E+01 1.57290E+01 1.85870E+01 2.19746E+01 2.60638E+01 3.09236E+01 3.68132E+01
 4.38586E+01 5.23295E+01 6.26237E+01 7.49305E+01 8.96502E+01 1.07253E+02 1.28379E+02 1.53702E+02
 1.83547E+02 2.19092E+02 2.61179E+02 3.11038E+02 3.69629E+02 4.37021E+02 5.15879E+02 6.07951E+02
 0.00000E+00 0.00000E+00 0.00000E+00 0.00000E+00 0.00000E+00 0.00000E+00 0.00000E+00 0.00000E+00
 0.00000E+00 0.00000E+00 0.00000E+00 0.00000E+00 0.00000E+00 0.00000E+00 0.00000E+00 0.00000E+00
 0.00000E+00 0.00000E+00 0.00000E+00 0.00000E+00 0.00000E+00 0.00000E+00 0.00000E+00 0.00000E+00
 0.00000E+00 0.00000E+00 0.00000E+00 0.00000E+00 0.00000E+00 0.00000E+00 0.00000E+00 0.00000E+00
 0.00000E+00 0.00000E+00 0.00000E+00 0.00000E+00 0.00000E+00 0.00000E+00 0.00000E+00 0.00000E+00
 0.00000E+00 0.00000E+00 0.00000E+00 0.00000E+00 0.00000E+00 0.00000E+00 0.00000E+00 0.00000E+00
 0.00000E+00 0.00000E+00 0.00000E+00 0.00000E+00 0.00000E+00 0.00000E+00 0.00000E+00 0.00000E+00
 0.00000E+00 0.00000E+00 0.00000E+00 0.00000E+00 0.00000E+00 0.00000E+00 0.00000E+00 0.00000E+00
 0.00000E+00 0.00000E+00 0.00000E+00 0.00000E+00 0.00000E+00 0.00000E+00 0.00000E+00 0.00000E+00
 0.00000E+00 0.00000E+00 0.00000E+00 0.00000E+00 0.00000E+00 0.00000E+00 0.00000E+00 0.00000E+00
 0.00000E+00 0.00000E+00 0.00000E+00 0.00000E+00 0.00000E+00 0.00000E+00 0.00000E+00 0.00000E+00
 0.00000E+00 0.00000E+00 0.00000E+00 0.00000E+00 0.00000E+00 0.00000E+00 0.00000E+00 0.00000E+00
 0.00000E+00 0.00000E+00 0.00000E+00 0.00000E+00 0.00000E+00 0.00000E+00 0.00000E+00 0.00000E+00
 0.00000E+00 0.00000E+00 0.00000E+00 0.00000E+00 0.00000E+00 0.00000E+00 0.00000E+00 0.00000E+00
 0.00000E+00 0.00000E+00 0.00000E+00 0.00000E+00 0.00000E+00 0.00000E+00 0.00000E+00 0.00000E+00
 0.00000E+00 0.00000E+00 0.00000E+00 0.00000E+00 0.00000E+00 0.00000E+00 0.00000E+00 0.00000E+00
 0.00000E+00 0.00000E+00 0.00000E+00 0.00000E+00 0.00000E+00 0.00000E+00 0.00000E+00 0.00000E+00
 0.00000E+00 0.00000E+00 0.00000E+00 0.00000E+00 0.00000E+00 0.00000E+00 0.00000E+00 0.00000E+00
 0.00000E+00 0.00000E+00 0.00000E+00 0.00000E+00 0.00000E+00 0.00000E+00 0.00000E+00 0.00000E+00
 0.00000E+00 0.00000E+00 0.00000E+00 0.00000E+00 0.00000E+00 0.00000E+00 0.00000E+00 0.00000E+00
 0.00000E+00 0.00000E+00 0.00000E+00 0.00000E+00 0.00000E+00 0.00000E+00 0.00000E+00 0.00000E+00
 0.00000E+00 0.00000E+00 0.00000E+00 0.00000E+00 0.00000E+00 0.00000E+00 0.00000E+00 0.00000E+00
 0.00000E+00 0.00000E+00 0.00000E+00 0.00000E+00 0.00000E+00 0.00000E+00 0.00000E+00 0.00000E+00
 0.00000E+00 0.00000E+00 0.00000E+00 0.00000E+00 0.00000E+00 0.00000E+00 0.00000E+00 0.00000E+00
 0.00000E+00 0.00000E+00 0.00000E+00 0.00000E+00 0.00000E+00 0.00000E+00 0.00000E+00 0.00000E+00
 1.86040E-05 1.86040E-05 1.86040E-05 1.86040E-05 1.86040E-05 1.86040E-05 1.86040E-05 1.86040E-05
 1.86040E-05 1.86040E-05 1.86040E-05 1.86040E-05 1.86040E-05 1.86040E-05 1.86040E-05 1.86040E-05
 1.83302E-05 1.76097E-05 1.66680E-05 1.54756E-05 1.42247E-05 1.30063E-05 1.17957E-05 1.06360E-05
 1.00000E-05 1.00000E-05 1.00000E-05 1.00000E-05 1.00000E-05 1.00000E-05 1.00000E-05 1.00000E-05
 1.00000E-05 1.00000E-05 1.00000E-05 1.00000E-05 1.00000E-05 1.00000E-05 1.00000E-05 1.00000E-05
 1.00000E-05 1.00000E-05 1.00000E-05 1.00000E-05 1.00000E-05 1.00000E-05 1.00000E-05 1.00000E-05
 1.00000E-05 1.00000E-05 1.00000E-05 1.00000E-05 1.00000E-05 1.00000E-05 1.00000E-05 1.00000E-05
 1.00000E-05 1.00000E-05 1.00000E-05 1.00000E-05 1.00000E-05 1.00000E-05 1.00000E-05 1.00000E-05
 1.00000E-05 1.00000E-05 1.00000E-05 1.00000E-05 1.00000E-05 1.00000E-05 1.00000E-05 1.00000E-05
 1.00000E-05 1.00000E-05 1.00000E-05 1.00000E-05 1.00000E-05 1.00000E-05 1.00000E-05 1.00000E-05
 1.00000E-05 1.00000E-05 1.00000E-05 1.00000E-05 1.00000E-05 1.00000E-05 1.00000E-05 1.00000E-05
 1.00000E-05 1.00000E-05 1.00000E-05 1.00000E-05 1.00000E-05 1.00000E-05 1.00000E-05 1.00000E-05
 1.00000E-05 1.00000E-05 1.00000E-05 1.00000E-05 0.00000E+00 0.00000E+00 0.00000E+00 0.00000E+00
 0.00000E+00 0.00000E+00 0.00000E+00 0.00000E+00 0.00000E+00 0.00000E+00 0.00000E+00 0.00000E+00
 0.00000E+00 0.00000E+00 0.00000E+00 0.00000E+00 0.00000E+00 0.00000E+00 0.00000E+00 0.00000E+00
 0.00000E+00 0.00000E+00 0.00000E+00 0.00000E+00 0.00000E+00 0.00000E+00 0.00000E+00 0.00000E+00
 0.00000E+00 0.00000E+00 0.00000E+00 0.00000E+00 0.00000E+00 0.00000E+00 0.00000E+00 0.00000E+00
 0.00000E+00 0.00000E+00 0.00000E+00 0.00000E+00 0.00000E+00 0.00000E+00 0.00000E+00 0.00000E+00
 0.00000E+00 0.00000E+00 0.00000E+00 0.00000E+00 0.00000E+00 0.00000E+00 0.00000E+00 0.00000E+00
 0.00000E+00 0.00000E+00 0.00000E+00 0.00000E+00 0.00000E+00 0.00000E+00 0.00000E+00 0.00000E+00
 0.00000E+00 0.00000E+00 0.00000E+00 0.00000E+00 0.00000E+00 0.00000E+00 0.00000E+00 0.00000E+00
 0.00000E+00 0.00000E+00 0.00000E+00 0.00000E+00 0.00000E+00 0.00000E+00 0.00000E+00 0.00000E+00
 0.00000E+00 0.00000E+00 0.00000E+00 0.00000E+00 0.00000E+00 0.00000E+00 0.00000E+00 0.00000E+00
 0.00000E+00 0.00000E+00 0.00000E+00 0.00000E+00 0.00000E+00 0.00000E+00 0.00000E+00 0.00000E+00
 0.00000E+00 0.00000E+00 0.00000E+00 0.00000E+00 0.00000E+00 0.00000E+00 0.00000E+00 0.00000E+00
 0.00000E+00 0.00000E+00 0.00000E+00 0.00000E+00 0.00000E+00 0.00000E+00 0.00000E+00 0.00000E+00
 0.00000E+00 0.00000E+00 0.00000E+00 0.00000E+00 0.00000E+00 0.00000E+00 0.00000E+00 0.00000E+00
 0.00000E+00 0.00000E+00 0.00000E+00 0.00000E+00 0.00000E+00 0.00000E+00 0.00000E+00 0.00000E+00
 0.00000E+00 0.00000E+00 0.00000E+00 0.00000E+00 0.00000E+00 0.00000E+00 0.00000E+00 0.00000E+00
 0.00000E+00 0.00000E+00 0.00000E+00 0.00000E+00 0.00000E+00 0.00000E+00 0.00000E+00 0.00000E+00
 0.00000E+00 0.00000E+00 0.00000E+00 0.00000E+00 0.00000E+00 0.00000E+00 0.00000E+00 0.00000E+00
 0.00000E+00 0.00000E+00 0.00000E+00 0.00000E+00 0.00000E+00 0.00000E+00 0.00000E+00 0.00000E+00
 0.00000E+00 0.00000E+00 0.00000E+00 0.00000E+00 0.00000E+00 0.00000E+00 0.00000E+00 0.00000E+00
 0.00000E+00 0.00000E+00 0.00000E+00 0.00000E+00 0.00000E+00 0.00000E+00 0.00000E+00 0.00000E+00
 0.00000E+00 0.00000E+00 0.00000E+00 0.00000E+00 0.00000E+00 0.00000E+00 0.00000E+00 0.00000E+00
 0.00000E+00 0.00000E+00 0.00000E+00 0.00000E+00 0.00000E+00 0.00000E+00 0.00000E+00 0.00000E+00
 0.00000E+00 0.00000E+00 0.00000E+00 0.00000E+00 0.00000E+00 0.00000E+00 0.00000E+00 0.00000E+00
 0.00000E+00 0.00000E+00 0.00000E+00 0.00000E+00
