 1.08310E-10 1.56296E-15 1.12654E-02 4.74633E-14 1.09362E-11 1.12312E-09 5.74951E-09 5.42145E-19
 4.33608E-07 1.43653E-06 7.99738E-08 1.08368E-09 7.33327E-12 1.16882E-08 5.69331E-13 1.11421E-12
 3.01450E-15 6.44727E-12 2.47718E-14 2.21487E-16 1.82381E-19 1.07846E-25 1.45620E-11 3.50457E-15
 1.96433E-19 4.47026E-16 1.94194E-13 9.38743E-16 2.10000E-03 2.63663E-12 2.67949E-17 5.04992E-18
 3.06277E-11 1.84039E-12 1.91593E-13 4.00000E-04 1.16843E-10 2.51828E-15 6.98341E-03 5.91666E-14
 1.13687E-11 1.20231E-09 7.87979E-09 6.31614E-19 4.33842E-07 1.43249E-06 7.22816E-08 1.16220E-09
 7.74055E-12 1.16448E-08 6.70187E-13 1.27501E-12 3.95818E-15 9.84069E-12 6.52092E-14 2.96803E-16
 4.52981E-19 3.26301E-25 1.42118E-11 4.40412E-15 2.89075E-19 5.77022E-16 2.93271E-13 1.27493E-15
 2.10449E-03 2.63749E-12 2.53615E-17 1.02522E-17 5.34398E-11 3.77432E-12 2.17046E-13 4.04517E-04
 1.21761E-10 4.39109E-15 4.15341E-03 7.38266E-14 1.16863E-11 1.24490E-09 1.17065E-08 7.39258E-19
 4.34136E-07 1.42889E-06 6.55521E-08 1.20507E-09 8.16052E-12 1.15974E-08 7.69670E-13 1.47607E-12
 5.05735E-15 1.41353E-11 1.78731E-13 4.27276E-16 1.27431E-18 1.37428E-24 1.38792E-11 6.27075E-15
 4.29496E-19 8.65348E-16 4.21931E-13 1.90987E-15 2.10888E-03 2.63851E-12 2.21916E-17 1.98142E-17
 7.34383E-11 6.08160E-12 2.20468E-13 4.08935E-04 1.19956E-10 7.65109E-15 2.26145E-03 8.57136E-14
 1.15289E-11 1.20008E-09 1.74175E-08 8.13017E-19 4.34461E-07 1.42576E-06 5.97732E-08 1.16194E-09
 8.05733E-12 1.15456E-08 9.07233E-13 1.73290E-12 6.15295E-15 1.83266E-11 4.93744E-13 5.84927E-16
 3.77189E-18 6.87886E-24 1.35648E-11 9.33902E-15 6.09738E-19 1.39247E-15 5.61058E-13 3.09680E-15
 2.11312E-03 2.70332E-12 1.84972E-17 3.77580E-17 9.17936E-11 8.38069E-12 2.22273E-13 4.13198E-04
 1.14262E-10 1.33758E-14 1.41674E-03 1.04868E-13 1.16898E-11 1.10189E-09 2.50992E-08 9.68532E-19
 4.34783E-07 1.42302E-06 5.48203E-08 1.07264E-09 8.29435E-12 1.14890E-08 1.06835E-12 2.08212E-12
 7.67205E-15 2.18855E-11 1.08304E-12 8.00598E-16 9.88072E-18 3.22591E-23 1.32645E-11 1.50824E-14
 8.93292E-19 2.42275E-15 7.07571E-13 5.18840E-15 2.11715E-03 2.81233E-12 1.68958E-17 7.04085E-17
 1.09283E-10 1.07583E-11 2.25113E-13 4.17252E-04 1.02760E-10 2.22446E-14 7.83074E-04 1.16966E-13
 1.12433E-11 9.60683E-10 3.49850E-08 1.05467E-18 4.35095E-07 1.42069E-06 5.06961E-08 9.29508E-10
 7.73684E-12 1.14273E-08 1.24256E-12 2.37416E-12 8.68732E-15 2.39756E-11 2.51614E-12 9.58356E-16
 2.42336E-17 1.90618E-22 1.29780E-11 2.51164E-14 1.31694E-18 4.39109E-15 8.58664E-13 7.78918E-15
 2.12088E-03 3.05438E-12 1.53460E-17 1.33592E-16 1.27088E-10 1.26043E-11 2.32385E-13 4.21014E-04
 8.60441E-11 3.51034E-14 3.73971E-04 1.18927E-13 1.01897E-11 7.96096E-10 4.70375E-08 1.04641E-18
 4.35380E-07 1.41872E-06 4.73413E-08 7.57360E-10 6.62224E-12 1.13607E-08 1.28965E-12 2.31371E-12
 8.08161E-15 2.41034E-11 5.23267E-12 1.00607E-15 3.96805E-17 4.54594E-21 1.27019E-11 5.48365E-14
 3.57907E-18 1.47755E-14 1.00289E-12 3.65717E-15 2.12420E-03 3.44372E-12 1.39328E-17 2.59384E-16
 1.45083E-10 1.35294E-11 2.41726E-13 4.24361E-04 6.84642E-11 5.35984E-14 1.66155E-04 1.16964E-13
 8.99388E-12 6.34074E-10 6.10276E-08 1.01036E-18 4.35623E-07 1.41700E-06 4.46261E-08 5.87758E-10
 5.45909E-12 1.12894E-08 1.27390E-12 2.09080E-12 6.89799E-15 2.28712E-11 8.36709E-12 8.57158E-16
 8.48696E-17 4.52734E-21 1.26061E-11 4.06852E-14 1.80874E-18 9.88548E-15 1.03885E-12 1.21447E-14
 2.12696E-03 3.88428E-12 1.29290E-17 4.96270E-16 1.60974E-10 1.35781E-11 2.44976E-13 4.27154E-04
 5.30233E-11 7.94728E-14 6.68185E-05 1.13837E-13 7.81296E-12 4.91560E-10 7.66393E-08 9.70177E-19
 4.35818E-07 1.41544E-06 4.24293E-08 4.35127E-10 4.31766E-12 1.12138E-08 1.40435E-12 2.05533E-12
 6.47311E-15 2.12314E-11 1.08125E-11 7.85007E-16 1.68662E-16 1.53650E-20 1.25255E-11 4.07519E-14
 1.82298E-18 1.20320E-14 1.06733E-12 1.40601E-14 2.12901E-03 4.18841E-12 1.19939E-17 9.11290E-16
 1.70381E-10 1.28241E-11 2.32572E-13 4.29232E-04 3.94083E-11 1.05354E-13 1.30286E-05 1.03653E-13
 6.22717E-12 3.73048E-10 9.42095E-08 8.21677E-19 4.35974E-07 1.41387E-06 4.05720E-08 3.00216E-10
 2.79210E-12 1.11310E-08 1.88570E-12 2.20275E-12 7.33648E-15 1.97174E-11 1.20817E-11 7.15002E-16
 3.93640E-16 1.12125E-19 1.24519E-11 4.19986E-14 2.09569E-18 1.48094E-14 1.10337E-12 1.75977E-14
 2.13019E-03 3.98416E-12 9.96958E-18 1.82897E-15 1.66516E-10 1.13165E-11 1.93850E-13 4.30451E-04
 2.70651E-11 1.32997E-13 9.29783E-07 1.06291E-13 4.92701E-12 2.70029E-10 1.19205E-07 7.47739E-19
 4.36117E-07 1.41162E-06 3.84693E-08 1.83212E-10 1.55669E-12 1.10124E-08 2.91978E-12 2.53318E-12
 1.13137E-14 1.85773E-11 1.17629E-11 7.61138E-16 6.72252E-16 9.15397E-19 1.23569E-11 4.75086E-14
 2.85650E-18 1.85370E-14 1.16319E-12 2.55518E-14 2.13015E-03 1.79233E-12 4.33793E-18 3.37636E-15
 1.28892E-10 9.20362E-12 8.46397E-14 4.30455E-04 1.90855E-11 2.60054E-13 9.39401E-07 1.20209E-13
 4.30948E-12 1.68402E-10 1.67312E-07 8.79781E-19 4.36273E-07 1.40684E-06 3.52846E-08 1.05114E-10
 1.37906E-12 1.07750E-08 3.70263E-12 3.47104E-12 1.26559E-14 1.84028E-11 1.10184E-11 1.04160E-15
 1.05781E-15 1.93974E-18 1.21717E-11 5.83837E-14 3.76493E-18 3.05535E-14 1.30861E-12 4.23724E-14
 2.13007E-03 5.54834E-13 1.20227E-18 2.96509E-15 8.79365E-11 6.12182E-12 1.97810E-14 4.30463E-04
 1.53678E-11 5.67070E-13 9.61290E-07 1.38935E-13 3.73281E-12 9.32083E-11 2.61761E-07 1.01398E-18
 4.36424E-07 1.39584E-06 3.04518E-08 6.72433E-11 1.43011E-12 1.02792E-08 4.16402E-12 4.78952E-12
 1.27744E-14 1.94461E-11 9.97376E-12 1.79870E-15 2.04209E-15 6.15906E-18 1.17855E-11 8.73001E-14
 5.41888E-18 6.18900E-14 1.59083E-12 8.60557E-14 2.12990E-03 9.77235E-14 1.73615E-19 1.95539E-15
 4.78736E-11 3.18563E-12 2.26928E-15 4.30477E-04 1.56408E-11 1.26326E-12 1.00620E-06 1.83813E-13
 3.75070E-12 6.38682E-11 4.17348E-07 1.26477E-18 4.36445E-07 1.37331E-06 2.42836E-08 6.16720E-11
 1.81557E-12 9.38452E-09 4.22031E-12 6.24577E-12 1.32481E-14 2.20858E-11 9.19972E-12 3.43173E-15
 4.08114E-15 2.42689E-17 1.10695E-11 1.68880E-13 9.02744E-18 1.40150E-13 2.04996E-12 1.82864E-13
 2.12961E-03 9.09646E-15 1.40669E-20 9.02455E-16 1.90233E-11 1.35651E-12 1.37598E-16 4.30502E-04
 1.79497E-11 2.61765E-12 1.08245E-06 2.67323E-13 4.38174E-12 6.25858E-11 6.15893E-07 1.69171E-18
 4.36043E-07 1.33524E-06 1.83519E-08 6.99379E-11 2.40567E-12 8.09203E-09 4.34661E-12 7.76652E-12
 1.52856E-14 2.57375E-11 8.90379E-12 6.11595E-15 7.14949E-15 7.94774E-17 9.98647E-12 3.46692E-13
 1.66412E-17 2.90482E-13 2.65280E-12 3.34532E-13 2.12923E-03 4.77343E-16 7.35497E-22 3.03072E-16
 5.40268E-12 4.58204E-13 5.21898E-18 4.30539E-04 2.06840E-11 4.90435E-12 1.19063E-06 3.96495E-13
 5.47294E-12 7.23199E-11 8.15635E-07 2.43219E-18 4.34841E-07 1.28154E-06 1.41678E-08 7.89094E-11
 2.98097E-12 6.57784E-09 4.87645E-12 9.47892E-12 1.95140E-14 2.93247E-11 8.80388E-12 9.72429E-15
 1.07166E-14 1.83265E-16 8.63973E-12 6.39421E-13 3.12847E-17 5.07576E-13 3.32660E-12 4.97035E-13
 2.12881E-03 1.59459E-17 2.79118E-23 8.22296E-17 1.16226E-12 1.20515E-13 1.41285E-19 4.30587E-04
 2.33962E-11 8.47862E-12 1.32921E-06 5.95520E-13 7.01498E-12 8.72872E-11 9.86626E-07 3.93452E-18
 4.32478E-07 1.21317E-06 1.18979E-08 8.49419E-11 3.50153E-12 5.02841E-09 5.81794E-12 1.12545E-11
 2.67203E-14 3.22417E-11 8.48024E-12 1.39061E-14 1.37145E-14 3.23683E-16 7.15330E-12 1.06073E-12
 5.82375E-17 7.80350E-13 3.99683E-12 6.18305E-13 2.12839E-03 3.62921E-19 8.03784E-25 1.87485E-17
 1.96543E-13 2.52311E-14 2.85994E-21 4.30644E-04 2.59378E-11 1.38209E-11 1.49105E-06 9.08679E-13
 9.02389E-12 1.04249E-10 1.11087E-06 7.17143E-18 4.28774E-07 1.13378E-06 1.09930E-08 8.72534E-11
 4.00281E-12 3.63354E-09 7.11153E-12 1.27571E-11 3.79348E-14 3.40183E-11 7.64127E-12 1.79840E-14
 1.48254E-14 4.71066E-16 5.68249E-12 1.60571E-12 1.06107E-16 1.09519E-12 4.56994E-12 6.55181E-13
 2.12802E-03 6.02650E-21 1.86058E-26 3.70081E-18 2.73249E-14 4.41195E-15 4.58048E-23 4.30707E-04
 2.81496E-11 2.16836E-11 1.66885E-06 1.40992E-12 1.14770E-11 1.19371E-10 1.18475E-06 1.42188E-17
 4.23740E-07 1.04704E-06 1.07428E-08 8.54971E-11 4.52010E-12 2.49416E-09 8.65418E-12 1.36421E-11
 5.43219E-14 3.44343E-11 6.28745E-12 2.12643E-14 1.35947E-14 5.95078E-16 4.33580E-12 2.24285E-12
 1.89357E-16 1.44029E-12 4.98808E-12 6.00432E-13 2.12771E-03 7.63689E-23 4.05547E-28 6.34982E-19
 3.20171E-15 6.65660E-16 6.78686E-25 4.30775E-04 2.98463E-11 3.32073E-11 1.85345E-06 2.21879E-12
 1.42698E-11 1.28251E-10 1.20968E-06 2.97408E-17 4.17659E-07 9.57382E-07 1.06440E-08 7.94071E-11
 5.05414E-12 1.64279E-09 1.03224E-11 1.36819E-11 7.70629E-14 3.34346E-11 4.66407E-12 2.32213E-14
 1.06799E-14 6.70397E-16 3.18852E-12 2.89671E-12 3.32257E-16 1.79898E-12 5.24156E-12 4.80589E-13
 2.12747E-03 7.73224E-25 1.79259E-29 9.56387E-20 3.24474E-16 9.31181E-17 2.00183E-26 4.30844E-04
 3.08943E-11 5.01136E-11 2.03520E-06 3.52588E-12 1.72017E-11 1.27569E-10 1.18856E-06 6.47132E-17
 4.11075E-07 8.69385E-07 1.04385E-08 6.92567E-11 5.56565E-12 1.05467E-09 1.20068E-11 1.28552E-11
 1.07311E-13 3.11336E-11 3.10427E-12 2.36646E-14 7.29079E-15 6.85352E-16 2.27458E-12 3.46017E-12
 5.77741E-16 2.15302E-12 5.37789E-12 3.39612E-13 2.12729E-03 6.57408E-27 2.16596E-30 1.29219E-20
 2.93705E-17 1.81392E-17 1.58038E-27 4.30909E-04 3.12169E-11 7.50098E-11 2.20875E-06 5.63285E-12
 2.00079E-11 1.16917E-10 1.12352E-06 1.46117E-16 4.04576E-07 7.85436E-07 1.00413E-08 5.61861E-11
 5.97931E-12 6.67417E-10 1.36351E-11 1.13157E-11 1.46241E-13 2.77450E-11 1.85132E-12 2.26955E-14
 4.37541E-15 6.45794E-16 1.57751E-12 3.83460E-12 1.00923E-15 2.49025E-12 5.48730E-12 2.14421E-13
 2.12718E-03 5.15778E-29 3.23526E-31 1.66926E-21 2.54458E-18 1.16635E-17 1.50195E-28 4.30970E-04
 3.08462E-11 1.11992E-10 2.36993E-06 8.99955E-12 2.24060E-11 9.90711E-11 1.01606E-06 3.42827E-16
 3.98846E-07 7.07270E-07 9.47250E-09 4.22192E-11 6.21906E-12 4.21100E-10 1.51993E-11 9.32441E-12
 1.95118E-13 2.35286E-11 9.89558E-13 2.05871E-14 2.32167E-15 5.62463E-16 1.06627E-12 3.94195E-12
 1.79670E-15 2.79335E-12 5.67932E-12 1.21723E-13 2.12715E-03 1.11778E-30 8.57628E-32 3.79878E-22
 3.89522E-19 1.38169E-17 2.45608E-29 4.31024E-04 2.98634E-11 1.67260E-10 2.51525E-06 1.42155E-11
 2.42032E-11 7.91148E-11 8.71488E-07 8.30544E-16 3.94661E-07 6.36245E-07 8.83220E-09 2.96637E-11
 6.24086E-12 2.68032E-10 1.67383E-11 7.18474E-12 2.53656E-13 1.87518E-11 4.77848E-13 1.76219E-14
 1.08760E-15 4.46171E-16 7.05887E-13 3.74076E-12 3.27965E-15 3.02294E-12 6.06879E-12 6.21188E-14
 2.12719E-03 5.67721E-31 8.40937E-32 3.22023E-22 2.23168E-19 1.39802E-17 1.44672E-29 4.31071E-04
 2.83068E-11 2.46865E-10 2.64252E-06 2.15906E-11 2.55060E-11 6.25124E-11 7.05752E-07 1.99925E-15
 3.92834E-07 5.73050E-07 8.29516E-09 2.02463E-11 6.04957E-12 1.73494E-10 1.81923E-11 5.19224E-12
 3.12245E-13 1.37460E-11 2.15673E-13 1.39575E-14 4.45216E-16 3.13777E-16 4.61174E-13 3.26993E-12
 5.99749E-15 3.10777E-12 6.72982E-12 2.85029E-14 2.12728E-03 6.44760E-31 1.32588E-31 4.33398E-22
 2.05378E-19 1.39945E-17 1.38051E-29 4.31108E-04 2.62925E-11 3.50418E-10 2.75058E-06 3.05238E-11
 2.67997E-11 5.18995E-11 5.44818E-07 4.47847E-15 3.94164E-07 5.17851E-07 8.04005E-09 1.42691E-11
 5.71374E-12 1.14559E-10 1.91996E-11 3.56288E-12 3.46744E-13 9.13443E-12 9.65750E-14 9.97082E-15
 1.58711E-16 1.92904E-16 3.00600E-13 2.67249E-12 1.04266E-14 2.99059E-12 7.61656E-12 1.19198E-14
 2.12738E-03 8.58234E-31 2.32325E-31 6.23853E-22 2.07332E-19 1.39890E-17 1.55490E-29 4.31137E-04
 2.40620E-11 4.69657E-10 2.83984E-06 3.99217E-11 2.85899E-11 4.62915E-11 4.09682E-07 8.99028E-15
 3.99288E-07 4.70124E-07 8.13783E-09 1.07803E-11 5.31936E-12 7.69959E-11 1.93246E-11 2.37379E-12
 3.39155E-13 5.59345E-12 4.50358E-14 6.45261E-15 5.09075E-17 1.06295E-16 1.97404E-13 2.10703E-12
 1.66052E-14 2.70595E-12 8.57022E-12 4.70880E-15 2.12745E-03 1.31682E-30 4.37396E-31 9.19875E-22
 2.22649E-19 1.39698E-17 2.03443E-29 4.31156E-04 2.18636E-11 5.95865E-10 2.91134E-06 4.93227E-11
 3.11415E-11 4.38296E-11 3.06412E-07 1.63585E-14 4.08557E-07 4.29177E-07 8.55198E-09 8.70260E-12
 4.92192E-12 5.25952E-11 1.85837E-11 1.58277E-12 2.98956E-13 3.30026E-12 2.23952E-14 3.94394E-15
 1.57671E-17 5.51316E-17 1.31772E-13 1.65136E-12 2.42655E-14 2.35158E-12 9.44038E-12 1.84676E-15
 2.12749E-03 2.23544E-30 8.55966E-31 1.35771E-21 2.49720E-19 1.39385E-17 2.93103E-29 4.31168E-04
 1.98307E-11 7.23523E-10 2.96722E-06 5.90417E-11 3.45846E-11 4.33941E-11 2.30062E-07 2.77870E-14
 4.22133E-07 3.93854E-07 9.20873E-09 7.35907E-12 4.54210E-12 3.64080E-11 1.73464E-11 1.08427E-12
 2.47490E-13 1.96091E-12 1.19735E-14 2.38282E-15 5.04028E-18 2.80263E-17 8.97112E-14 1.31024E-12
 3.32558E-14 2.00426E-12 1.01623E-11 7.48557E-16 2.12750E-03 3.99295E-30 1.68622E-30 1.96868E-21
 2.86385E-19 1.38974E-17 4.40035E-29 4.31171E-04 1.79932E-11 8.48537E-10 3.01010E-06 6.96948E-11
 3.90502E-11 4.45312E-11 1.73407E-07 4.51222E-14 4.40318E-07 3.62685E-07 1.00478E-08 6.40454E-12
 4.18279E-12 2.53712E-11 1.59513E-11 7.75550E-13 1.98802E-13 1.20719E-12 6.89266E-15 1.46628E-15
 1.73197E-18 1.42698E-17 6.20485E-14 1.06057E-12 4.36772E-14 1.69710E-12 1.07360E-11 3.20537E-16
 2.12749E-03 7.26595E-30 3.28456E-30 2.77813E-21 3.31104E-19 1.38477E-17 6.67119E-29 4.31169E-04
 1.63652E-11 9.68714E-10 3.04139E-06 8.19202E-11 4.47014E-11 4.71107E-11 1.31158E-07 7.11769E-14
 4.63223E-07 3.34908E-07 1.10269E-08 5.67941E-12 3.84865E-12 1.77822E-11 1.46238E-11 5.85334E-13
 1.58360E-13 7.83612E-13 4.27753E-15 9.37075E-16 6.56513E-19 7.33352E-18 4.36048E-14 8.76269E-13
 5.57307E-14 1.43611E-12 1.11871E-11 1.46587E-16 2.12746E-03 1.32015E-29 6.25834E-30 3.80211E-21
 3.83039E-19 1.37903E-17 1.00541E-28 4.31161E-04 1.49382E-11 1.08385E-09 3.06220E-06 9.62902E-11
 5.17152E-11 5.11185E-11 9.96172E-08 1.10180E-13 4.90847E-07 3.09973E-07 1.21210E-08 5.10311E-12
 3.54262E-12 1.25533E-11 1.34659E-11 4.67719E-13 1.26584E-13 5.39709E-13 2.85414E-15 6.27722E-16
 2.77184E-19 3.80384E-18 3.11779E-14 7.36211E-13 6.95923E-14 1.21646E-12 1.15447E-11 7.16600E-17
 2.12743E-03 2.36446E-29 1.15884E-29 5.05130E-21 4.42130E-19 1.37254E-17 1.49608E-28 4.31148E-04
 1.36721E-11 1.19551E-09 3.07369E-06 1.13291E-10 6.02635E-11 5.65700E-11 7.60425E-08 1.68436E-13
 5.23628E-07 2.87071E-07 1.33297E-08 4.62400E-12 3.26106E-12 8.90018E-12 1.24864E-11 3.93801E-13
 1.01906E-13 3.92544E-13 2.02845E-15 4.40329E-16 1.29344E-19 1.98370E-18 2.26025E-14 6.25226E-13
 8.53812E-14 1.03068E-12 1.18334E-11 3.71318E-17 2.12738E-03 4.14669E-29 2.08051E-29 6.54522E-21
 5.09502E-19 1.36516E-17 2.19592E-28 4.31131E-04 1.25330E-11 1.30749E-09 3.07650E-06 1.33323E-10
 7.04972E-11 6.34626E-11 5.84163E-08 2.55449E-13 5.61902E-07 2.65706E-07 1.46655E-08 4.21074E-12
 3.00083E-12 6.33298E-12 1.16746E-11 3.46412E-13 8.26801E-14 2.98596E-13 1.51682E-15 3.21635E-16
 6.57007E-20 1.03285E-18 1.65913E-14 5.32673E-13 1.03060E-13 8.71187E-13 1.20730E-11 2.01281E-17
 2.12733E-03 7.09064E-29 3.61882E-29 8.32035E-21 5.87126E-19 1.35669E-17 3.18336E-28 4.31109E-04
 1.14942E-11 1.42452E-09 3.07111E-06 1.56707E-10 8.25440E-11 7.17670E-11 4.52026E-08 3.85450E-13
 6.05779E-07 2.45595E-07 1.61506E-08 3.84350E-12 2.75916E-12 4.52862E-12 1.10134E-11 3.15284E-13
 6.75588E-14 2.34849E-13 1.17820E-15 2.42678E-16 3.56662E-20 5.32759E-19 1.23396E-14 4.51940E-13
 1.22397E-13 7.32163E-13 1.22768E-11 1.12512E-17 2.12728E-03 1.17996E-28 6.10339E-29 1.04386E-20
 6.77740E-19 1.34686E-17 4.56937E-28 4.31083E-04 1.05374E-11 1.55121E-09 3.05796E-06 1.83723E-10
 9.65208E-11 8.14424E-11 3.52428E-08 5.79624E-13 6.55265E-07 2.26510E-07 1.78187E-08 3.50866E-12
 2.53292E-12 3.25970E-12 1.04816E-11 2.94168E-13 5.55187E-14 1.88934E-13 9.39725E-16 1.87525E-16
 2.03214E-20 2.70496E-19 9.30782E-15 3.79670E-13 1.42990E-13 6.10066E-13 1.24527E-11 6.40202E-18
 2.12722E-03 1.91136E-28 1.00028E-28 1.29913E-20 7.84752E-19 1.33532E-17 6.51297E-28 4.31053E-04
 9.67013E-12 1.69172E-09 3.03763E-06 2.14669E-10 1.12564E-10 9.24669E-11 2.76797E-08 8.69544E-13
 7.10044E-07 2.08330E-07 1.97125E-08 3.19815E-12 2.31992E-12 2.36940E-12 1.00601E-11 2.79323E-13
 4.58342E-14 1.54203E-13 7.62889E-16 1.47355E-16 1.19780E-20 1.34572E-19 7.13658E-15 3.14660E-13
 1.64305E-13 5.02955E-13 1.26048E-11 3.67195E-18 2.12716E-03 3.01662E-28 1.59655E-28 1.60851E-20
 9.11335E-19 1.32174E-17 9.23403E-28 4.31020E-04 8.94504E-12 1.84887E-09 3.01050E-06 2.49997E-10
 1.30907E-10 1.04938E-10 2.18769E-08 1.30233E-12 7.70340E-07 1.90752E-07 2.19180E-08 2.90421E-12
 2.11604E-12 1.73876E-12 9.72607E-12 2.68487E-13 3.79730E-14 1.26988E-13 6.26642E-16 1.17116E-16
 7.22513E-21 6.54524E-20 5.55675E-15 2.56954E-13 1.85786E-13 4.09864E-13 1.27347E-11 2.10882E-18
 2.12710E-03 4.65299E-28 2.49031E-28 1.98355E-20 1.06059E-18 1.30580E-17 1.30376E-27 4.30984E-04
 8.52371E-12 2.02327E-09 2.97675E-06 2.90576E-10 1.52029E-10 1.19247E-10 1.73655E-08 1.94932E-12
 8.36556E-07 1.73484E-07 2.45930E-08 2.62156E-12 1.91746E-12 1.28655E-12 9.46005E-12 2.60627E-13
 3.15777E-14 1.05385E-13 5.19811E-16 9.39633E-17 4.43988E-21 3.10695E-20 4.38580E-15 2.06901E-13
 2.06803E-13 3.29901E-13 1.28439E-11 1.20863E-18 2.12703E-03 7.04905E-28 3.81253E-28 2.43206E-20
 1.23427E-18 1.28732E-17 1.83284E-27 4.30944E-04 8.73648E-12 2.21203E-09 2.93669E-06 3.38137E-10
 1.76909E-10 1.36331E-10 1.38018E-08 2.92105E-12 9.08566E-07 1.56430E-07 2.79907E-08 2.34962E-12
 1.72275E-12 9.60685E-13 9.24794E-12 2.55772E-13 2.64152E-14 8.84718E-14 4.36646E-16 7.62821E-17
 2.78840E-21 1.43554E-20 3.50841E-15 1.64639E-13 2.26554E-13 2.61938E-13 1.29343E-11 6.91071E-19
 2.12697E-03 1.05592E-27 5.75767E-28 2.94888E-20 1.43062E-18 1.26648E-17 2.55998E-27 4.30901E-04
 1.00488E-11 2.40824E-09 2.89023E-06 3.95672E-10 2.07260E-10 1.57939E-10 1.09408E-08 4.39320E-12
 9.86741E-07 1.39445E-07 3.25224E-08 2.08752E-12 1.53018E-12 7.22844E-13 9.07582E-12 2.54563E-13
 2.22999E-14 7.56543E-14 3.73561E-16 6.30054E-17 1.80435E-21 6.43695E-21 2.83877E-15 1.29925E-13
 2.44149E-13 2.04862E-13 1.30081E-11 3.94833E-19 2.12690E-03 1.58021E-27 8.64346E-28 3.51430E-20
 1.64638E-18 1.24361E-17 3.54710E-27 4.30854E-04 1.28988E-11 2.60358E-09 2.83700E-06 4.67542E-10
 2.45603E-10 1.86706E-10 8.62258E-09 6.65141E-12 1.07154E-06 1.22480E-07 3.87610E-08 1.83484E-12
 1.33928E-12 5.46801E-13 8.93222E-12 2.57779E-13 1.90598E-14 6.63476E-14 3.27374E-16 5.32871E-17
 1.21402E-21 2.79738E-21 2.31816E-15 1.02089E-13 2.58838E-13 1.57723E-13 1.30678E-11 2.25952E-19
 2.12684E-03 2.38745E-27 1.30019E-27 4.09638E-20 1.87817E-18 1.21909E-17 4.87272E-27 4.30802E-04
 1.74343E-11 2.79409E-09 2.77697E-06 5.59016E-10 2.95013E-10 2.25853E-10 6.75134E-09 1.01653E-11
 1.16246E-06 1.05799E-07 4.73450E-08 1.59354E-12 1.15308E-12 4.15991E-13 8.80971E-12 2.65719E-13
 1.65153E-14 5.98104E-14 2.94347E-16 4.63326E-17 8.52736E-22 1.18203E-21 1.91091E-15 8.01620E-14
 2.70387E-13 1.19730E-13 1.31155E-11 1.29783E-19 2.12677E-03 3.65882E-27 1.96736E-27 4.66050E-20
 2.12294E-18 1.19327E-17 6.63377E-27 4.30744E-04 2.33174E-11 2.98560E-09 2.71029E-06 6.75242E-10
 3.58502E-10 2.78503E-10 5.26643E-09 1.57041E-11 1.25855E-06 8.98183E-08 5.88869E-08 1.36571E-12
 9.76111E-13 3.18641E-13 8.70321E-12 2.77619E-13 1.44785E-14 5.51140E-14 2.69997E-16 4.13303E-17
 6.21100E-22 4.90275E-22 1.59194E-15 6.30631E-14 2.79298E-13 9.00439E-14 1.31525E-11 7.48554E-20
 2.12670E-03 5.66590E-27 2.98805E-27 5.19034E-20 2.38064E-18 1.16615E-17 8.95467E-27 4.30679E-04
 2.97274E-11 3.19460E-09 2.63607E-06 8.20048E-10 4.38293E-10 3.46898E-10 4.11513E-09 2.45117E-11
 1.36016E-06 7.47863E-08 7.40630E-08 1.15055E-12 8.10819E-13 2.45077E-13 8.60852E-12 2.91520E-13
 1.27752E-14 5.12679E-14 2.49689E-16 3.74767E-17 4.60733E-22 2.02464E-22 1.33885E-15 4.97633E-14
 2.86564E-13 6.75690E-14 1.31801E-11 4.32915E-20 2.12664E-03 8.77893E-27 4.52654E-27 5.70549E-20
 2.65775E-18 1.13708E-17 1.20125E-26 4.30606E-04 3.56211E-11 3.44381E-09 2.55319E-06 9.95429E-10
 5.35285E-10 4.31596E-10 3.23996E-09 3.85616E-11 1.46791E-06 6.09511E-08 9.35800E-08 9.48546E-13
 6.59528E-13 1.88597E-13 8.52337E-12 3.04745E-13 1.12768E-14 4.74503E-14 2.29613E-16 3.40815E-17
 3.40087E-22 8.45178E-23 1.13556E-15 3.94014E-14 2.93169E-13 5.09790E-14 1.31994E-11 2.50545E-20
 2.12658E-03 1.34367E-26 6.78021E-27 6.24852E-20 2.96329E-18 1.10510E-17 1.60455E-26 4.30524E-04
 4.01659E-11 3.75698E-09 2.46183E-06 1.20200E-09 6.48871E-10 5.30606E-10 2.58132E-09 6.09225E-11
 1.58085E-06 4.87120E-08 1.17913E-07 7.64593E-13 5.26203E-13 1.45228E-13 8.44751E-12 3.14599E-13
 9.91100E-15 4.31778E-14 2.07464E-16 3.06732E-17 2.44530E-22 3.61441E-23 9.72949E-16 3.13138E-14
 2.99836E-13 3.89292E-14 1.32117E-11 1.44939E-20 2.12652E-03 2.00474E-26 9.95061E-27 6.85938E-20
 3.30194E-18 1.06971E-17 2.13285E-26 4.30432E-04 4.28312E-11 4.15828E-09 2.36151E-06 1.43893E-09
 7.76833E-10 6.39439E-10 2.08592E-09 9.62753E-11 1.69919E-06 3.82064E-08 1.47738E-07 6.01700E-13
 4.12048E-13 1.11638E-13 8.38010E-12 3.18765E-13 8.64288E-15 3.82856E-14 1.82493E-16 2.70082E-17
 1.68282E-22 1.59957E-23 8.42178E-16 2.49843E-14 3.07088E-13 3.02412E-14 1.32182E-11 8.37234E-21
 2.12646E-03 2.88941E-26 1.42223E-26 7.58287E-20 3.67900E-18 1.03033E-17 2.82006E-26 4.30328E-04
 4.34193E-11 4.67362E-09 2.25140E-06 1.70390E-09 9.15399E-10 7.51288E-10 1.71083E-09 1.51632E-10
 1.82378E-06 2.94079E-08 1.84100E-07 4.61461E-13 3.16590E-13 8.53288E-14 8.31972E-12 3.15642E-13
 7.46074E-15 3.28751E-14 1.55276E-16 2.30625E-17 1.09402E-22 7.36758E-24 7.35989E-16 2.00036E-14
 3.15301E-13 2.39665E-14 1.32198E-11 4.82182E-21 2.12641E-03 4.00099E-26 1.97286E-26 8.46557E-20
 4.09883E-18 9.86470E-18 3.70651E-26 4.30211E-04 4.21447E-11 5.33202E-09 2.13190E-06 1.99366E-09
 1.05961E-09 8.57579E-10 1.42332E-09 2.37347E-10 1.95435E-06 2.22684E-08 2.28268E-07 3.45302E-13
 2.39194E-13 6.47299E-14 8.26506E-12 3.04621E-13 6.36743E-15 2.72428E-14 1.27287E-16 1.89947E-17
 6.66647E-23 3.53458E-24 6.49731E-16 1.60493E-14 3.24749E-13 1.93843E-14 1.32174E-11 2.76289E-21
 2.12636E-03 5.30282E-26 2.64983E-26 9.54449E-20 4.55916E-18 9.38324E-18 4.83287E-26 4.30079E-04
 3.94328E-11 6.16894E-09 2.00357E-06 2.30350E-09 1.20372E-09 9.49567E-10 1.19968E-09 3.68556E-10
 2.09067E-06 1.66271E-08 2.82365E-07 2.52483E-13 1.78054E-13 4.86186E-14 8.21413E-12 2.86047E-13
 5.36833E-15 2.17383E-14 1.00299E-16 1.50399E-17 3.78959E-23 1.75929E-24 5.79527E-16 1.28676E-14
 3.35615E-13 1.59691E-14 1.32116E-11 1.56941E-21 2.12631E-03 6.71858E-26 3.44397E-26 1.08595E-19
 5.05490E-18 8.86361E-18 6.24097E-26 4.29930E-04 3.58588E-11 7.22855E-09 1.86821E-06 2.62803E-09
 1.34197E-09 1.01960E-09 1.02287E-09 5.67351E-10 2.23136E-06 1.22961E-08 3.49388E-07 1.81104E-13
 1.31103E-13 3.61393E-14 8.16501E-12 2.61154E-13 4.46977E-15 1.66911E-14 7.59054E-17 1.14383E-17
 2.00726E-23 9.02044E-25 5.22654E-16 1.02736E-14 3.48036E-13 1.33517E-14 1.32027E-11 8.80073E-22
 2.12627E-03 8.13715E-26 4.33225E-26 1.24438E-19 5.57439E-18 8.31720E-18 7.96576E-26 4.29761E-04
 3.19925E-11 8.56850E-09 1.72854E-06 2.96163E-09 1.46911E-09 1.06230E-09 8.80866E-10 8.66177E-10
 2.37415E-06 9.06139E-09 4.33543E-07 1.28158E-13 9.60031E-14 2.66180E-14 8.11590E-12 2.31765E-13
 3.67602E-15 1.23389E-14 5.51797E-17 8.36608E-18 9.92452E-24 4.72312E-25 4.76957E-16 8.13869E-15
 3.62151E-13 1.12803E-14 1.31910E-11 4.85137E-22 2.12623E-03 9.43165E-26 5.28066E-26 1.43259E-19
 6.10138E-18 7.76013E-18 1.00308E-25 4.29570E-04 2.81954E-11 1.02740E-08 1.58610E-06 3.29663E-09
 1.58018E-09 1.07478E-09 7.65822E-10 1.31329E-09 2.51801E-06 6.67644E-09 5.41661E-07 8.97205E-14
 7.00781E-14 1.94031E-14 8.06446E-12 1.99810E-13 2.98520E-15 8.77877E-15 3.85208E-17 5.89152E-18
 4.58545E-24 2.49996E-25 4.40159E-16 6.36825E-15 3.78058E-13 9.58140E-15 1.31767E-11 2.61411E-22
 2.12620E-03 1.04849E-25 6.25013E-26 1.65578E-19 6.62384E-18 7.20390E-18 1.24602E-25 4.29350E-04
 2.46470E-11 1.24813E-08 1.44141E-06 3.62179E-09 1.67005E-09 1.05602E-09 6.72876E-10 1.98190E-09
 2.66281E-06 4.92062E-09 6.84276E-07 6.20990E-14 5.09365E-14 1.39422E-14 8.00795E-12 1.67060E-13
 2.39110E-15 5.99721E-15 2.57813E-17 3.99684E-18 1.97832E-24 1.32147E-25 4.10224E-16 4.89141E-15
 3.95819E-13 8.13241E-15 1.31599E-11 1.36622E-22 2.12618E-03 1.11968E-25 7.19615E-26 1.92296E-19
 7.13417E-18 6.65509E-18 1.52827E-25 4.29089E-04 2.14405E-11 1.54158E-08 1.29534E-06 3.92229E-09
 1.73333E-09 1.00641E-09 5.99071E-10 2.98621E-09 2.80797E-06 3.62729E-09 8.75819E-07 4.23893E-14
 3.67712E-14 9.82715E-15 7.94398E-12 1.35064E-13 1.88607E-15 3.91812E-15 1.64855E-17 2.61436E-18
 7.95668E-25 6.87536E-26 3.85654E-16 3.65821E-15 4.15541E-13 6.84751E-15 1.31407E-11 6.85574E-23
 2.12618E-03 1.14858E-25 8.06668E-26 2.24710E-19 7.62485E-18 6.11987E-18 1.85236E-25 4.28771E-04
 1.86665E-11 1.94470E-08 1.15086E-06 4.18265E-09 1.76490E-09 9.28215E-10 5.42326E-10 4.50912E-09
 2.95069E-06 2.68330E-09 1.13201E-06 2.85078E-14 2.63471E-14 6.78484E-15 7.87166E-12 1.05177E-13
 1.46333E-15 2.43985E-15 1.00244E-17 1.65496E-18 2.98714E-25 3.46572E-26 3.65573E-16 2.63977E-15
 4.37566E-13 5.67439E-15 1.31187E-11 3.26701E-23 2.12620E-03 1.13028E-25 8.80802E-26 2.64368E-19
 8.08283E-18 5.60976E-18 2.21774E-25 4.28382E-04 1.63663E-11 2.52016E-08 1.01142E-06 4.38365E-09
 1.75971E-09 8.25905E-10 5.01274E-10 6.84846E-09 3.08760E-06 2.00010E-09 1.46903E-06 1.88394E-14
 1.86921E-14 4.58702E-15 7.79073E-12 7.84808E-14 1.11462E-15 1.44264E-15 5.76109E-18 1.01964E-18
 1.04938E-25 1.66205E-26 3.49258E-16 1.81775E-15 4.62266E-13 4.58543E-15 1.30936E-11 1.45946E-23
 2.12625E-03 1.06566E-25 9.38035E-26 3.13617E-19 8.49576E-18 5.13487E-18 2.62194E-25 4.27906E-04
 1.44911E-11 3.38026E-08 8.78354E-07 4.49320E-09 1.71232E-09 7.05537E-10 4.75563E-10 1.04938E-08
 3.21728E-06 1.50118E-09 1.90797E-06 1.21025E-14 1.29817E-14 3.01623E-15 7.69957E-12 5.57106E-14
 8.29208E-16 8.02586E-16 3.10040E-18 6.14663E-19 3.44430E-26 7.40525E-27 3.35862E-16 1.17580E-15
 4.89524E-13 3.57050E-15 1.30656E-11 6.00112E-24 2.12634E-03 9.61839E-26 9.77019E-26 3.77094E-19
 8.85864E-18 4.69544E-18 3.06655E-25 4.27321E-04 1.29826E-11 4.72373E-08 7.53704E-07 4.47566E-09
 1.62020E-09 5.76695E-10 4.64806E-10 1.62461E-08 3.33742E-06 1.13429E-09 2.46801E-06 7.45515E-15
 8.68334E-15 1.91307E-15 7.59705E-12 3.73746E-14 5.98701E-16 4.17067E-16 1.54956E-18 3.66005E-19
 1.05930E-26 2.99879E-27 3.24777E-16 7.04083E-16 5.18982E-13 2.64927E-15 1.30350E-11 2.23518E-24
 2.12647E-03 8.33142E-26 1.00097E-25 4.62211E-19 9.16315E-18 4.29228E-18 3.55524E-25 4.26606E-04
 1.16823E-11 6.81812E-08 6.40722E-07 4.36783E-09 1.50261E-09 4.55054E-10 4.62097E-10 2.54860E-08
 3.44413E-06 8.65192E-10 3.15650E-06 4.36192E-15 5.52064E-15 1.16031E-15 7.48349E-12 2.38586E-14
 4.23280E-16 2.04875E-16 7.26436E-19 2.18697E-19 3.11490E-27 1.12610E-27 3.15619E-16 3.96707E-16
 5.52389E-13 1.89229E-15 1.30000E-11 7.65197E-25 2.12664E-03 7.09996E-26 1.03329E-25 5.72129E-19
 9.40228E-18 3.92931E-18 4.08011E-25 4.25754E-04 1.02274E-11 9.95251E-08 5.39987E-07 4.56528E-09
 1.45268E-09 3.50726E-10 4.48100E-10 4.33723E-08 3.53405E-06 6.66886E-10 3.97708E-06 2.37350E-15
 3.28389E-15 6.55038E-16 7.35928E-12 1.47611E-14 3.17541E-16 9.74936E-17 3.28436E-19 1.32818E-19
 8.91249E-28 4.35565E-28 3.08017E-16 2.25608E-16 5.99893E-13 1.37535E-15 1.29503E-11 2.52234E-25
 2.12686E-03 6.25406E-26 1.17378E-25 6.70801E-19 9.61270E-18 3.60591E-18 4.62866E-25 4.24763E-04
 9.67890E-12 2.84114E-07 4.44054E-07 3.42685E-09 1.09471E-09 2.10613E-10 7.23528E-10 1.00587E-07
 3.60027E-06 5.19670E-10 4.94754E-06 1.05296E-15 1.26930E-15 3.24398E-16 7.22921E-12 5.03169E-15
 1.72681E-16 3.37178E-17 8.78148E-20 7.45498E-20 1.73356E-28 6.12308E-29 3.01724E-16 6.18732E-17
 6.56287E-13 5.84085E-16 1.28919E-11 3.87926E-26 2.12706E-03 3.43282E-26 9.77452E-26 1.09147E-18
 9.46540E-18 3.31778E-18 5.66353E-25 4.23613E-04 7.75558E-12 2.07863E-06 3.54674E-07 8.98191E-10
 3.42732E-10 8.55987E-11 2.74427E-09 2.16831E-07 3.63120E-06 4.10045E-10 6.01543E-06 4.48751E-16
 4.65593E-16 1.47121E-16 7.08772E-12 5.88410E-16 3.57192E-17 9.61834E-18 1.34302E-20 1.96480E-20
 2.10768E-29 7.60899E-30 2.96412E-16 4.54801E-18 8.38751E-13 2.37066E-16 1.27068E-11 2.76750E-27
 2.12649E-03 6.19973E-27 2.47487E-26 3.21020E-18 7.58330E-18 3.06606E-18 5.18776E-25 4.22358E-04
 3.80245E-12 8.12562E-06 2.82317E-07 3.56294E-10 1.22636E-10 3.39919E-11 6.54263E-09 3.33645E-07
 3.64369E-06 3.27288E-10 7.07808E-06 1.97429E-16 2.60261E-16 7.52099E-17 6.93681E-12 1.69961E-16
 9.90602E-18 2.87302E-18 2.13437E-21 6.27263E-21 2.66480E-30 3.38915E-30 2.91675E-16 2.78647E-19
 1.17432E-12 1.92473E-16 1.23680E-11 1.42326E-28 2.12376E-03 8.91972E-28 5.51614E-27 5.11528E-18
 5.88014E-18 2.84933E-18 2.95724E-25 4.21099E-04 1.69929E-12 2.03165E-05 2.25230E-07 2.00569E-10
 5.57651E-11 1.36947E-11 1.10657E-08 4.35392E-07 3.64833E-06 2.63793E-10 8.12616E-06 8.99325E-17
 1.81594E-16 5.07493E-17 6.78177E-12 1.14770E-16 3.88809E-18 9.01600E-19 3.71969E-22 3.88748E-21
 3.84658E-31 1.99053E-30 2.87369E-16 3.76894E-20 1.56931E-12 1.72833E-16 1.19696E-11 1.43954E-29
 2.11793E-03 1.20141E-28 1.53345E-27 5.98538E-18 5.18376E-18 2.66088E-18 1.57695E-25 4.19842E-04
 8.61432E-13 3.98653E-05 1.80640E-07 1.33320E-10 2.91795E-11 5.62251E-12 1.56024E-08 5.19676E-07
 3.64932E-06 2.14745E-10 9.15664E-06 4.24489E-17 1.44063E-16 4.45494E-17 6.62573E-12 9.50386E-17
 1.83328E-18 2.97192E-19 7.29173E-23 2.83093E-21 7.09689E-32 1.19839E-30 2.83443E-16 8.93209E-21
 1.98119E-12 1.56543E-16 1.15540E-11 4.22240E-30 2.10838E-03 1.59745E-29 5.10626E-28 6.23438E-18
 5.08407E-18 2.49651E-18 8.63161E-26 4.18590E-04 5.03298E-13 6.73974E-05 1.45881E-07 9.63482E-11
 1.67027E-11 2.35470E-12 1.96474E-08 5.88129E-07 3.64854E-06 1.76601E-10 1.01700E-05 2.07484E-17
 1.23952E-16 4.50326E-17 6.47092E-12 8.08839E-17 9.46235E-19 1.02801E-19 1.64862E-23 2.08983E-21
 1.85616E-32 7.10815E-31 2.79858E-16 2.72083E-21 2.39100E-12 1.40649E-16 1.11404E-11 1.66501E-30
 2.09482E-03 2.17694E-30 1.97986E-28 6.26487E-18 5.18179E-18 2.35259E-18 4.99651E-26 4.17342E-04
 3.27006E-13 1.03014E-04 1.18750E-07 7.27385E-11 1.01826E-11 1.00731E-12 2.28550E-08 6.43324E-07
 3.64687E-06 1.46744E-10 1.11679E-05 1.04914E-17 1.12458E-16 4.80102E-17 6.31901E-12 6.87875E-17
 5.11647E-19 3.72723E-20 4.37113E-24 1.53307E-21 6.56980E-33 4.11703E-31 2.76581E-16 9.65272E-22
 2.78916E-12 1.24844E-16 1.07381E-11 7.15359E-31 2.07719E-03 3.17330E-31 8.74301E-29 6.28285E-18
 5.27381E-18 2.22606E-18 3.08049E-26 4.16095E-04 2.30043E-13 1.46377E-04 9.75227E-08 5.61863E-11
 6.50730E-12 4.41169E-13 2.50318E-08 6.87746E-07 3.64479E-06 1.23238E-10 1.21517E-05 5.48357E-18
 1.05642E-16 5.20219E-17 6.17130E-12 5.82801E-17 2.83517E-19 1.41485E-20 1.35328E-24 1.11745E-21
 2.73209E-33 2.32310E-31 2.73582E-16 3.80856E-22 3.16994E-12 1.09355E-16 1.03530E-11 3.23215E-31
 2.05566E-03 5.23381E-32 4.30831E-29 6.36646E-18 5.28440E-18 2.11443E-18 2.01562E-26 4.14846E-04
 1.72349E-13 1.96821E-04 8.08761E-08 4.39009E-11 4.31444E-12 1.98504E-13 2.61256E-08 7.23511E-07
 3.64254E-06 1.04646E-10 1.31233E-05 2.96314E-18 1.01508E-16 5.65900E-17 6.02878E-12 4.92300E-17
 1.59111E-19 5.61977E-21 4.77059E-25 8.10929E-22 1.21116E-33 1.27657E-31 2.70833E-16 1.62475E-22
 3.52965E-12 9.45098E-17 9.98865E-12 1.51299E-31 2.03058E-03 1.03924E-32 2.32444E-29 6.53377E-18
 5.19751E-18 2.01569E-18 1.38840E-26 4.13594E-04 1.36038E-13 2.53453E-04 6.78081E-08 3.44717E-11
 2.94644E-12 9.24900E-14 2.62004E-08 7.52322E-07 3.64026E-06 8.98960E-11 1.40837E-05 1.66150E-18
 9.89610E-17 6.15775E-17 5.89228E-12 4.15060E-17 8.99075E-20 2.34555E-21 1.85931E-25 5.86878E-22
 5.51096E-34 6.83856E-32 2.68312E-16 7.35482E-23 3.86579E-12 8.06097E-17 9.64762E-12 7.27048E-32
 2.00240E-03 2.58446E-33 1.34944E-29 6.77480E-18 5.02474E-18 1.92818E-18 9.96974E-27 4.12337E-04
 1.10803E-13 3.17754E-04 5.71501E-08 2.70597E-11 2.04670E-12 4.39792E-14 2.55633E-08 7.76433E-07
 3.63792E-06 7.77132E-11 1.50725E-05 9.53009E-19 9.73069E-17 6.71375E-17 5.75718E-12 3.49317E-17
 5.07772E-20 1.00953E-21 7.66980E-26 4.23795E-22 2.51593E-34 3.58141E-32 2.65902E-16 3.43878E-23
 4.18946E-12 6.79855E-17 9.31856E-12 3.53799E-32 1.97038E-03 7.72652E-34 8.19186E-30 7.06762E-18
 4.79170E-18 1.84743E-18 7.34192E-27 4.11020E-04 9.15190E-14 3.92474E-04 4.80815E-08 2.11599E-11
 1.43184E-12 2.08708E-14 2.44770E-08 7.97497E-07 3.63546E-06 6.71921E-11 1.61388E-05 5.48489E-19
 9.61636E-17 7.35383E-17 5.61814E-12 2.93340E-17 2.84938E-20 4.36722E-22 3.22962E-26 3.05293E-22
 1.13556E-34 1.83657E-32 2.63486E-16 1.62703E-23 4.51276E-12 5.67700E-17 8.98903E-12 1.72498E-32
 1.93316E-03 2.58378E-34 5.09093E-30 7.39600E-18 4.51745E-18 1.76942E-18 5.47837E-27 4.09575E-04
 7.64826E-14 4.78282E-04 4.03461E-08 1.64607E-11 1.00800E-12 9.86643E-15 2.30046E-08 8.15983E-07
 3.63288E-06 5.80626E-11 1.72954E-05 3.15976E-19 9.53486E-17 8.09013E-17 5.47511E-12 2.45819E-17
 1.58821E-20 1.89264E-22 1.37655E-26 2.19434E-22 5.07943E-35 9.22129E-33 2.61045E-16 7.76846E-24
 4.83499E-12 4.69084E-17 8.65957E-12 8.41330E-33 1.89041E-03 9.30009E-35 3.22953E-30 7.74883E-18
 4.21311E-18 1.69360E-18 4.13202E-27 4.07978E-04 6.46474E-14 5.75379E-04 3.37702E-08 1.27259E-11
 7.13947E-13 4.65269E-15 2.12137E-08 8.32193E-07 3.63019E-06 5.01499E-11 1.85493E-05 1.82230E-19
 9.47456E-17 8.93180E-17 5.32888E-12 2.05610E-17 8.78754E-21 8.21771E-23 5.92066E-27 1.57405E-22
 2.25792E-35 4.52801E-33 2.58574E-16 3.73770E-24 5.15374E-12 3.83273E-17 8.33241E-12 4.10112E-33
 1.84205E-03 3.52623E-35 2.08901E-30 8.11802E-18 3.88640E-18 1.61993E-18 3.14654E-27 4.06214E-04
 5.52391E-14 6.83822E-04 2.81987E-08 9.76900E-12 5.08505E-13 2.19168E-15 1.91925E-08 8.46399E-07
 3.62740E-06 4.32990E-11 1.99073E-05 1.05229E-19 9.42749E-17 9.88323E-17 5.18020E-12 1.71687E-17
 4.82273E-21 3.57501E-23 2.56455E-27 1.12708E-22 9.98910E-36 2.17211E-33 2.56068E-16 1.80897E-24
 5.46691E-12 3.09495E-17 8.00950E-12 1.99590E-33 1.78808E-03 1.39166E-35 1.37588E-30 8.49587E-18
 3.54457E-18 1.54834E-18 2.41620E-27 4.04264E-04 4.76888E-14 8.03462E-04 2.34933E-08 7.44125E-12
 3.63998E-13 1.03272E-15 1.70367E-08 8.58844E-07 3.62452E-06 3.73735E-11 2.13752E-05 6.08515E-20
 9.38814E-17 1.09387E-16 5.02980E-12 1.43143E-17 2.62370E-21 1.55828E-23 1.11718E-27 8.05734E-23
 4.40191E-36 1.01712E-33 2.53519E-16 8.79201E-25 5.77261E-12 2.46896E-17 7.69249E-12 9.68892E-34
 1.72858E-03 5.67896E-36 9.21397E-31 8.87435E-18 3.19516E-18 1.47878E-18 1.86879E-27 4.02111E-04
 4.15787E-14 9.33874E-04 1.95323E-08 5.62169E-12 2.61731E-13 4.87420E-16 1.48395E-08 8.69741E-07
 3.62154E-06 3.22529E-11 2.29577E-05 3.52462E-20 9.35265E-17 1.20783E-16 4.87837E-12 1.19179E-17
 1.41431E-21 6.80514E-24 4.88970E-28 5.75163E-23 1.93329E-36 4.64680E-34 2.50919E-16 4.28525E-25
 6.06923E-12 1.94529E-17 7.38277E-12 4.68825E-34 1.66382E-03 2.38678E-36 6.26637E-31 9.24533E-18
 2.84579E-18 1.41114E-18 1.45440E-27 3.99735E-04 3.65987E-14 1.07430E-03 1.62082E-08 4.21111E-12
 1.88967E-13 2.30730E-16 1.26850E-08 8.79273E-07 3.61845E-06 2.78319E-11 2.46571E-05 2.04523E-20
 9.31825E-17 1.32670E-16 4.72653E-12 9.91012E-18 7.55242E-22 2.97725E-24 2.14882E-28 4.10023E-23
 8.46575E-37 2.07083E-34 2.48257E-16 2.09248E-25 6.35536E-12 1.51364E-17 7.08146E-12 2.26018E-34
 1.59421E-03 1.03055E-36 4.32396E-31 9.60089E-18 2.50375E-18 1.34535E-18 1.13806E-27 3.97119E-04
 3.25156E-14 1.22364E-03 1.34271E-08 3.12757E-12 1.36950E-13 1.09677E-16 1.06436E-08 8.87597E-07
 3.61524E-06 2.40179E-11 2.64730E-05 1.18918E-20 9.28288E-17 1.44574E-16 4.57486E-12 8.23102E-18
 3.99511E-22 1.30478E-24 9.47694E-29 2.91937E-23 3.69727E-37 9.00293E-35 2.45524E-16 1.02297E-25
 6.62980E-12 1.16319E-17 6.78946E-12 1.08534E-34 1.52037E-03 4.56341E-37 3.02512E-31 9.93372E-18
 2.17568E-18 1.28128E-18 8.94816E-28 3.94244E-04 2.91513E-14 1.38046E-03 1.11073E-08 2.30337E-12
 9.96079E-14 5.24127E-17 8.76902E-09 8.94847E-07 3.61189E-06 2.07302E-11 2.84017E-05 6.92999E-21
 9.24494E-17 1.55964E-16 4.42386E-12 6.82907E-18 2.09388E-22 5.72741E-25 4.19326E-29 2.07620E-23
 1.61083E-37 3.81982E-35 2.42706E-16 5.00528E-26 6.89152E-12 8.83002E-18 6.50743E-12 5.19104E-35
 1.44311E-03 2.06979E-37 2.14471E-31 1.02374E-17 1.86723E-18 1.21882E-18 7.06631E-28 3.91095E-04
 2.63673E-14 1.54307E-03 9.17769E-09 1.68278E-12 7.26969E-14 2.52070E-17 7.09726E-09 9.01136E-07
 3.60840E-06 1.78984E-11 3.04362E-05 4.04852E-21 9.20308E-17 1.66321E-16 4.27403E-12 5.66029E-18
 1.08776E-22 2.51794E-25 1.86106E-29 1.47496E-23 7.00273E-38 1.58274E-35 2.39789E-16 2.45069E-26
 7.13962E-12 6.62369E-18 6.23587E-12 2.47304E-35 1.36336E-03 9.60544E-38 1.54013E-31 1.05067E-17
 1.58285E-18 1.15784E-18 5.60245E-28 3.87655E-04 2.40549E-14 1.70966E-03 7.57693E-09 1.22026E-12
 5.32325E-14 1.22117E-17 5.64667E-09 9.06559E-07 3.60472E-06 1.54610E-11 3.25658E-05 2.37166E-21
 9.15612E-17 1.75210E-16 4.12582E-12 4.68726E-18 5.60457E-23 1.10861E-25 8.28402E-30 1.04679E-23
 3.03819E-38 6.41037E-36 2.36757E-16 1.20066E-26 7.37333E-12 4.91212E-18 5.97508E-12 1.17369E-35
 1.28216E-03 4.55630E-38 1.11970E-31 1.07374E-17 1.32562E-18 1.09820E-18 4.45801E-28 3.83911E-04
 2.21278E-14 1.87839E-03 6.25223E-09 8.79015E-13 3.91040E-14 5.96423E-18 4.42000E-09 9.11196E-07
 3.60082E-06 1.33645E-11 3.47772E-05 1.39352E-21 9.10295E-17 1.82327E-16 3.97969E-12 3.87828E-18
 2.86652E-23 4.88843E-26 3.69787E-30 7.42213E-24 1.31575E-38 2.54062E-36 2.33594E-16 5.88589E-27
 7.59193E-12 3.60338E-18 5.72527E-12 5.55007E-36 1.20056E-03 2.20659E-38 8.23706E-32 1.09269E-17
 1.09722E-18 1.03977E-18 3.55908E-28 3.79849E-04 2.05171E-14 2.04761E-03 5.15846E-09 6.29674E-13
 2.88124E-14 2.93872E-18 3.40735E-09 9.15116E-07 3.59665E-06 1.15627E-11 3.70546E-05 8.21499E-22
 9.04246E-17 1.87518E-16 3.83608E-12 3.20657E-18 1.45699E-23 2.15901E-26 1.65526E-30 5.25810E-24
 5.68894E-39 9.86543E-37 2.30278E-16 2.88695E-27 7.79475E-12 2.61635E-18 5.48652E-12 2.61536E-36
 1.11960E-03 1.08966E-38 6.12755E-32 1.10735E-17 8.98022E-19 9.82405E-19 2.84976E-28 3.75453E-04
 1.91680E-14 2.21588E-03 4.25716E-09 4.49154E-13 2.12898E-14 1.46164E-18 2.58980E-09 9.18379E-07
 3.59215E-06 1.00152E-11 3.93810E-05 4.86020E-22 8.97351E-17 1.90771E-16 3.69549E-12 2.64954E-18
 7.36990E-24 9.55244E-27 7.42936E-31 3.72219E-24 2.45630E-39 3.75821E-37 2.26790E-16 1.41658E-27
 7.98113E-12 1.88153E-18 5.25888E-12 1.22834E-36 1.04019E-03 5.47896E-39 4.60603E-32 1.11767E-17
 7.27224E-19 9.25969E-19 2.28760E-28 3.70708E-04 1.80364E-14 2.38211E-03 3.51578E-09 3.19572E-13
 1.57723E-14 7.34195E-19 1.94314E-09 9.21037E-07 3.58724E-06 8.68708E-12 4.17382E-05 2.88657E-22
 8.89495E-17 1.92185E-16 3.55841E-12 2.18821E-18 3.71660E-24 4.23521E-27 3.34336E-31 2.63324E-24
 1.05934E-39 1.40641E-37 2.23108E-16 6.95222E-28 8.15035E-12 1.34105E-18 5.04232E-12 5.75054E-37
 9.63124E-04 2.80066E-39 3.49572E-32 1.12368E-17 5.83107E-19 8.70343E-19 1.84018E-28 3.65596E-04
 1.70874E-14 2.54560E-03 2.90691E-09 2.27281E-13 1.17120E-14 3.72604E-19 1.44104E-09 9.23133E-07
 3.58184E-06 7.54821E-12 4.41079E-05 1.72154E-22 8.80556E-17 1.91938E-16 3.42542E-12 1.80663E-18
 1.87278E-24 1.88241E-27 1.50846E-31 1.86195E-24 4.56491E-40 5.17700E-38 2.19206E-16 3.41157E-28
 8.30166E-12 9.47938E-19 4.83685E-12 2.68377E-37 8.89055E-04 1.45300E-39 2.67627E-32 1.12546E-17
 4.63301E-19 8.15427E-19 1.48264E-28 3.60101E-04 1.62934E-14 2.70603E-03 2.40758E-09 1.62013E-13
 8.71457E-15 1.91119E-19 1.05765E-09 9.24705E-07 3.57584E-06 6.57259E-12 4.64721E-05 1.03129E-22
 8.70408E-17 1.90253E-16 3.29712E-12 1.49142E-18 9.45633E-25 8.39195E-28 6.82305E-32 1.31617E-24
 1.96621E-40 1.87678E-38 2.15062E-16 1.67323E-28 8.43424E-12 6.64943E-19 4.64244E-12 1.24872E-37
 8.18465E-04 7.63833E-40 2.06490E-32 1.12312E-17 3.65064E-19 7.61147E-19 1.19585E-28 3.54199E-04
 1.56331E-14 2.86351E-03 1.99866E-09 1.16146E-13 6.49517E-15 9.91105E-20 7.69203E-10 9.25784E-07
 3.56910E-06 5.73786E-12 4.88135E-05 6.20729E-23 8.58925E-17 1.87372E-16 3.17419E-12 1.23141E-18
 4.80183E-25 3.75507E-28 3.09387E-32 9.30306E-25 8.46903E-41 6.70826E-39 2.10651E-16 8.19807E-29
 8.54717E-12 4.63127E-19 4.45912E-12 5.79284E-38 7.51684E-04 4.06214E-40 1.60404E-32 1.11679E-17
 2.85511E-19 7.07465E-19 9.65003E-29 3.47871E-04 1.50906E-14 3.01849E-03 1.66429E-09 8.40900E-14
 4.84715E-15 5.19805E-20 5.55007E-10 9.26393E-07 3.56149E-06 5.02492E-12 5.11160E-05 3.75489E-23
 8.45981E-17 1.83537E-16 3.05738E-12 1.01721E-18 2.46301E-25 1.68788E-28 1.40635E-32 6.57716E-25
 3.64999E-41 2.36640E-39 2.05948E-16 4.00996E-29 8.63947E-12 3.20431E-19 4.28696E-12 2.67946E-38
 6.88894E-04 2.18212E-40 1.25327E-32 1.10657E-17 2.21812E-19 6.54387E-19 7.78605E-29 3.41091E-04
 1.46549E-14 3.17184E-03 1.39143E-09 6.17936E-14 3.62017E-15 2.75819E-20 3.97734E-10 9.26549E-07
 3.55281E-06 4.41747E-12 5.33653E-05 2.28350E-23 8.31456E-17 1.78975E-16 2.94753E-12 8.41006E-19
 1.28293E-25 7.62910E-29 6.40842E-33 4.65275E-25 1.57510E-41 8.24485E-40 2.00933E-16 1.95654E-29
 8.71005E-12 2.20316E-19 4.12606E-12 1.23578E-38 6.30142E-04 1.18242E-40 9.83875E-33 1.09259E-17
 1.71319E-19 6.01977E-19 6.27696E-29 3.33839E-04 1.43204E-14 3.32473E-03 1.16941E-09 4.63486E-14
 2.70439E-15 1.48140E-20 2.83367E-10 9.26257E-07 3.54287E-06 3.90175E-12 5.55489E-05 1.39667E-23
 8.15239E-17 1.73895E-16 2.84557E-12 6.96269E-19 6.82708E-26 3.47163E-29 2.92736E-33 3.29484E-25
 6.81160E-42 2.83865E-40 1.95587E-16 9.51303E-30 8.75779E-12 1.50570E-19 3.97661E-12 5.68286E-39
 5.75357E-04 6.45551E-41 7.75260E-33 1.07493E-17 1.31653E-19 5.50357E-19 5.05260E-29 3.26091E-04
 1.40863E-14 3.47865E-03 9.89610E-10 3.56869E-14 2.01935E-15 8.05961E-21 2.00874E-10 9.25516E-07
 3.53142E-06 3.46620E-12 5.76569E-05 8.59845E-24 7.97237E-17 1.68474E-16 2.75251E-12 5.77552E-19
 3.73497E-26 1.59276E-29 1.34052E-33 2.33693E-25 2.95495E-42 9.65964E-41 1.89895E-16 4.60340E-30
 8.78153E-12 1.02292E-19 3.83880E-12 2.60556E-39 5.24370E-04 3.54805E-41 6.12518E-33 1.05369E-17
 1.00747E-19 4.99717E-19 4.05779E-29 3.17829E-04 1.39580E-14 3.63535E-03 8.45126E-10 2.83491E-14
 1.50589E-15 4.44899E-21 1.41767E-10 9.24314E-07 3.51819E-06 3.10131E-12 5.96817E-05 5.33838E-24
 7.77381E-17 1.62866E-16 2.66950E-12 4.80317E-19 2.11279E-26 7.38160E-30 6.15398E-34 1.66119E-25
 1.28743E-42 3.24823E-41 1.83850E-16 2.21354E-30 8.78013E-12 6.90715E-20 3.71289E-12 1.19094E-39
 4.76932E-04 1.96234E-41 4.84742E-33 1.02897E-17 7.68577E-20 4.50315E-19 3.24895E-29 3.09038E-04
 1.39476E-14 3.79679E-03 7.30554E-10 2.33128E-14 1.12041E-15 2.50331E-21 9.96457E-11 9.22626E-07
 3.50285E-06 2.79934E-12 6.16183E-05 3.35944E-24 7.55633E-17 1.57196E-16 2.59776E-12 4.00790E-19
 1.24110E-26 3.46743E-30 2.83274E-34 1.18432E-25 5.64165E-43 1.07867E-41 1.77453E-16 1.05561E-30
 8.75251E-12 4.63401E-20 3.59917E-12 5.42557E-40 4.32734E-04 1.09276E-41 3.83880E-33 1.00088E-17
 5.85693E-20 4.02470E-19 2.59144E-29 2.99712E-04 1.40739E-14 3.96515E-03 6.41777E-10 1.98658E-14
 8.30648E-16 1.45597E-21 6.97573E-11 9.20415E-07 3.48502E-06 2.55420E-12 6.34642E-05 2.17191E-24
 7.31994E-17 1.51567E-16 2.53866E-12 3.35832E-19 7.58668E-27 1.66682E-30 1.30980E-34 8.47517E-26
 2.49283E-43 3.53335E-42 1.70711E-16 4.98078E-31 8.69772E-12 3.08698E-20 3.49791E-12 2.46276E-40
 3.91422E-04 6.14987E-42 3.03920E-33 9.69558E-18 4.48011E-20 3.56548E-19 2.05754E-29 2.89853E-04
 1.43540E-14 4.14277E-03 5.75807E-10 1.75160E-14 6.12699E-16 9.11492E-22 4.86278E-11 9.17631E-07
 3.46425E-06 2.36133E-12 6.52191E-05 1.49074E-24 7.06509E-17 1.46060E-16 2.49366E-12 2.82835E-19
 4.82913E-27 8.49715E-31 6.17165E-35 6.09308E-26 1.12326E-43 1.14039E-42 1.63647E-16 2.31909E-31
 8.61499E-12 2.04018E-20 3.40941E-12 1.11398E-40 3.52615E-04 3.56604E-42 2.40332E-33 9.35163E-18
 3.48493E-20 3.12950E-19 1.62494E-29 2.79475E-04 1.47334E-14 4.33213E-03 5.30660E-10 1.59461E-14
 4.48777E-16 6.74265E-22 3.39996E-11 9.14207E-07 3.44004E-06 2.21752E-12 6.68852E-05 1.15941E-24
 6.79273E-17 1.40738E-16 2.46437E-12 2.39645E-19 3.25821E-27 5.18825E-31 3.27238E-35 4.40529E-26
 5.60544E-44 3.74838E-43 1.56291E-16 1.08093E-31 8.50382E-12 1.34661E-20 3.33390E-12 5.15363E-41
 3.15915E-04 2.33668E-42 1.89663E-33 8.97882E-18 2.85059E-20 2.72076E-19 1.27550E-29 2.68604E-04
 2.85150E+02 2.78650E+02 2.72150E+02 2.65660E+02 2.61170E+02 2.55680E+02 2.49190E+02 2.42700E+02
 2.36210E+02 2.25000E+02 2.10000E+02 2.10000E+02 2.10000E+02 2.10000E+02 2.10000E+02 2.10000E+02
 2.10000E+02 2.10000E+02 2.10000E+02 2.10000E+02 2.10000E+02 2.10000E+02 2.10000E+02 2.10000E+02
 2.10000E+02 2.10000E+02 2.10000E+02 2.10000E+02 2.10000E+02 2.10000E+02 2.10000E+02 2.10000E+02
 2.10000E+02 2.10000E+02 2.10000E+02 2.10000E+02 2.10000E+02 2.10000E+02 2.10000E+02 2.10000E+02
 2.10000E+02 2.10000E+02 2.10000E+02 2.10000E+02 2.10000E+02 2.10000E+02 2.10000E+02 2.10000E+02
 2.10000E+02 2.10000E+02 2.10000E+02 2.10000E+02 2.10000E+02 2.10000E+02 2.10000E+02 2.10000E+02
 2.10000E+02 2.10000E+02 2.10000E+02 2.10000E+02 2.10000E+02 2.10000E+02 2.10000E+02 2.10000E+02
 2.10000E+02 2.10000E+02 2.10000E+02 2.10000E+02 2.10000E+02 2.10000E+02 2.10000E+02 2.10000E+02
 2.10000E+02 2.10000E+02 2.10000E+02 2.10000E+02 2.10000E+02 2.10000E+02 2.10000E+02 2.10000E+02
 2.10000E+02 2.10000E+02 2.10000E+02 2.10000E+02 2.10000E+02 2.10000E+02 2.10000E+02 2.10000E+02
 2.10000E+02 2.10000E+02 2.10000E+02 2.10000E+02 2.10000E+02 2.10000E+02 2.10000E+02 2.10000E+02
 2.10000E+02 2.10000E+02 2.10000E+02 2.10000E+02 1.00000E+05 1.00000E+05 1.00000E+05 1.00000E+05
 1.00000E+05 1.00000E+05 1.00000E+05 1.00000E+05 1.00000E+05 8.94400E+04 4.89900E+04 2.25800E+04
 1.16600E+04 6.81200E+03 5.16500E+03 4.29000E+03 3.95000E+03 3.90000E+03 3.99900E+03 4.34300E+03
 4.84400E+03 5.43900E+03 6.18700E+03 7.03600E+03 7.98400E+03 8.98600E+03 1.00300E+04 1.12800E+04
 1.24900E+04 1.36300E+04 1.51300E+04 1.66900E+04 1.81800E+04 1.99800E+04 2.19800E+04 2.44500E+04
 2.74600E+04 3.04600E+04 3.39400E+04 3.79500E+04 4.19500E+04 4.64300E+04 5.19100E+04 5.84000E+04
 6.44500E+04 7.13600E+04 7.99000E+04 8.79100E+04 9.68700E+04 1.06900E+05 1.17800E+05 1.31800E+05
 1.48300E+05 1.65800E+05 1.83300E+05 2.01800E+05 2.25600E+05 2.52200E+05 2.77200E+05 3.07000E+05
 3.42100E+05 3.79500E+05 4.21900E+05 4.71700E+05 5.17400E+05 5.67400E+05 6.22400E+05 6.82600E+05
 7.48700E+05 8.21200E+05 9.00700E+05 9.87900E+05 1.00000E+06 1.00000E+06 1.00000E+06 1.00000E+06
 1.00000E+06 1.00000E+06 1.00000E+06 1.00000E+06 1.00000E+06 1.00000E+06 1.00000E+06 1.00000E+06
 1.00000E+06 1.00000E+06 1.00000E+06 1.00000E+06 1.00000E+06 1.00000E+06 1.00000E+06 1.00000E+06
 1.00000E+06 1.00000E+06 1.00000E+06 1.00000E+06 1.00000E+06 1.00000E+06 1.00000E+06 1.00000E+06
 2.42861E+19 2.20938E+19 2.00553E+19 1.81624E+19 1.62906E+19 1.46383E+19 1.31728E+19 1.18215E+19
 1.05783E+19 9.62095E+18 8.85388E+18 7.56394E+18 6.46226E+18 5.52131E+18 4.71760E+18 4.03108E+18
 3.44464E+18 2.94365E+18 2.51565E+18 2.14999E+18 1.83757E+18 1.57063E+18 1.34253E+18 1.14761E+18
 9.81039E+17 8.38687E+17 7.17026E+17 6.13044E+17 5.24166E+17 4.48196E+17 3.83255E+17 3.27740E+17
 2.80280E+17 2.39704E+17 2.05013E+17 1.75350E+17 1.49987E+17 1.28299E+17 1.09752E+17 9.38909E+16
 8.03259E+16 6.87240E+16 5.88008E+16 5.03128E+16 4.30522E+16 3.68411E+16 3.15276E+16 2.69818E+16
 2.30925E+16 1.97649E+16 1.69175E+16 1.44811E+16 1.23961E+16 1.06119E+16 9.08487E+15 7.77798E+15
 6.65942E+15 5.70199E+15 4.88244E+15 4.18090E+15 3.58032E+15 3.06617E+15 2.62598E+15 2.24909E+15
 1.92639E+15 1.65007E+15 1.41345E+15 1.21082E+15 1.03730E+15 8.88678E+14 7.61391E+14 6.52368E+14
 5.58982E+14 4.78988E+14 4.10462E+14 3.51757E+14 3.01463E+14 2.58372E+14 2.21452E+14 1.89817E+14
 1.62709E+14 1.39480E+14 1.19572E+14 1.02512E+14 8.78893E+13 7.53566E+13 6.46142E+13 5.54059E+13
 4.75123E+13 4.07453E+13 3.49438E+13 2.99699E+13 2.57052E+13 2.20484E+13 1.89128E+13 1.62240E+13
 1.39181E+13 1.19405E+13 1.02444E+13 8.78964E+12 7.85219E-11 9.59235E-11 1.32806E-10 1.79408E-10
 2.31041E-10 2.83607E-10 3.33456E-10 3.78110E-10 4.15997E-10 4.47875E-10 4.80658E-10 5.22796E-10
 5.58361E-10 5.72192E-10 5.57947E-10 5.23130E-10 4.77058E-10 4.27581E-10 3.79509E-10 3.35946E-10
 2.98530E-10 2.66905E-10 2.40359E-10 2.18162E-10 1.99133E-10 1.81780E-10 1.65290E-10 1.49672E-10
 1.34883E-10 1.20742E-10 1.07326E-10 9.47521E-11 8.29424E-11 7.19271E-11 6.17981E-11 5.26251E-11
 4.44714E-11 3.72706E-11 3.09427E-11 2.54559E-11 2.07255E-11 1.66717E-11 1.32581E-11 1.04379E-11
 8.11833E-12 6.22072E-12 4.70146E-12 3.49876E-12 2.55506E-12 1.82966E-12 1.27314E-12 8.71277E-13
 5.87299E-13 3.88664E-13 2.51080E-13 1.57800E-13 9.70349E-14 5.83181E-14 3.39064E-14 1.91122E-14
 1.04647E-14 5.54180E-15 2.83702E-15 1.40667E-15 6.64741E-16 2.98751E-16 1.27542E-16 5.15460E-17
 1.96546E-17 7.04465E-18 2.36411E-18 7.39743E-19 1.93786E-19 4.05891E-20 6.54866E-21 7.79249E-22
 6.50080E-23 3.58390E-24 1.21874E-25 2.35904E-27 2.36669E-29 1.10330E-31 2.10421E-34 1.41535E-37
 2.82409E-41 1.36628E-45 1.26694E-50 1.71215E-56 2.45035E-63 2.55981E-71 1.26519E-80 1.78496E-91
 1.00000-100 1.00000-100 1.00000-100 1.00000-100 1.00000-100 1.00000-100 1.00000-100 1.00000-100
 3.01915E+01 2.46970E+01 2.42661E+01 2.60619E+01 2.74170E+01 2.79781E+01 2.77909E+01 2.68085E+01
 2.50608E+01 2.32813E+01 2.15333E+01 1.97886E+01 1.78995E+01 1.55647E+01 1.29014E+01 1.02971E+01
 8.38884E+00 7.21900E+00 6.41404E+00 6.00981E+00 5.82009E+00 5.75653E+00 5.88088E+00 6.16696E+00
 5.78206E+00 4.48351E+00 3.46581E+00 2.66839E+00 2.04430E+00 1.55553E+00 1.17523E+00 8.81816E-01
 6.56028E-01 4.83486E-01 3.53273E-01 2.55942E-01 1.84011E-01 1.31203E-01 9.27576E-02 6.49838E-02
 4.50555E-02 3.08687E-02 2.09190E-02 1.40344E-02 9.30170E-03 6.07351E-03 3.91130E-03 2.48011E-03
 1.54311E-03 9.41395E-04 5.58010E-04 3.25506E-04 1.87035E-04 1.05503E-04 5.80889E-05 3.11104E-05
 1.62932E-05 8.33779E-06 4.12623E-06 1.97942E-06 9.22298E-07 4.15598E-07 1.80966E-07 7.62457E-08
 3.05801E-08 1.17094E-08 4.28210E-09 1.48251E-09 4.84271E-10 1.48705E-10 4.27560E-11 1.14629E-11
 2.57302E-12 4.61802E-13 6.38481E-14 6.51090E-15 4.65503E-16 2.19950E-17 6.41081E-19 1.06364E-20
 9.14693E-23 3.65531E-25 5.97642E-28 3.44635E-31 5.89572E-35 2.44558E-39 1.94449E-44 2.25331E-50
 2.76539E-57 2.47747E-65 1.05015E-74 1.27068E-85 6.10580E-95 5.23721E-95 4.49240E-95 3.85371E-95
 3.30598E-95 2.83624E-95 2.43337E-95 2.08782E-95 0.00000E+00 0.00000E+00 0.00000E+00 0.00000E+00
 0.00000E+00 0.00000E+00 0.00000E+00 0.00000E+00 0.00000E+00 0.00000E+00 0.00000E+00 0.00000E+00
 0.00000E+00 0.00000E+00 0.00000E+00 0.00000E+00 0.00000E+00 0.00000E+00 0.00000E+00 0.00000E+00
 0.00000E+00 0.00000E+00 0.00000E+00 0.00000E+00 0.00000E+00 0.00000E+00 0.00000E+00 0.00000E+00
 0.00000E+00 0.00000E+00 0.00000E+00 0.00000E+00 0.00000E+00 0.00000E+00 0.00000E+00 0.00000E+00
 0.00000E+00 0.00000E+00 0.00000E+00 0.00000E+00 0.00000E+00 0.00000E+00 0.00000E+00 0.00000E+00
 0.00000E+00 0.00000E+00 0.00000E+00 0.00000E+00 0.00000E+00 0.00000E+00 0.00000E+00 0.00000E+00
 0.00000E+00 0.00000E+00 0.00000E+00 0.00000E+00 0.00000E+00 0.00000E+00 0.00000E+00 0.00000E+00
 0.00000E+00 0.00000E+00 0.00000E+00 0.00000E+00 0.00000E+00 0.00000E+00 0.00000E+00 0.00000E+00
 0.00000E+00 0.00000E+00 0.00000E+00 0.00000E+00 0.00000E+00 0.00000E+00 0.00000E+00 0.00000E+00
 0.00000E+00 0.00000E+00 0.00000E+00 0.00000E+00 0.00000E+00 0.00000E+00 0.00000E+00 0.00000E+00
 0.00000E+00 0.00000E+00 0.00000E+00 0.00000E+00 0.00000E+00 0.00000E+00 0.00000E+00 0.00000E+00
 0.00000E+00 0.00000E+00 0.00000E+00 0.00000E+00 0.00000E+00 0.00000E+00 0.00000E+00 0.00000E+00
 0.00000E+00 0.00000E+00 0.00000E+00 0.00000E+00 0.00000E+00 0.00000E+00 0.00000E+00 0.00000E+00
 0.00000E+00 0.00000E+00 0.00000E+00 0.00000E+00 0.00000E+00 0.00000E+00 0.00000E+00 0.00000E+00
 0.00000E+00 0.00000E+00 0.00000E+00 0.00000E+00 0.00000E+00 0.00000E+00 0.00000E+00 0.00000E+00
 0.00000E+00 0.00000E+00 0.00000E+00 0.00000E+00 0.00000E+00 0.00000E+00 0.00000E+00 0.00000E+00
 0.00000E+00 0.00000E+00 0.00000E+00 0.00000E+00 0.00000E+00 0.00000E+00 0.00000E+00 0.00000E+00
 0.00000E+00 0.00000E+00 0.00000E+00 0.00000E+00 0.00000E+00 0.00000E+00 0.00000E+00 0.00000E+00
 0.00000E+00 0.00000E+00 0.00000E+00 0.00000E+00 0.00000E+00 0.00000E+00 0.00000E+00 0.00000E+00
 0.00000E+00 0.00000E+00 0.00000E+00 0.00000E+00 0.00000E+00 0.00000E+00 0.00000E+00 0.00000E+00
 0.00000E+00 0.00000E+00 0.00000E+00 0.00000E+00 0.00000E+00 0.00000E+00 0.00000E+00 0.00000E+00
 0.00000E+00 0.00000E+00 0.00000E+00 0.00000E+00 0.00000E+00 0.00000E+00 0.00000E+00 0.00000E+00
 0.00000E+00 0.00000E+00 0.00000E+00 0.00000E+00 0.00000E+00 0.00000E+00 0.00000E+00 0.00000E+00
 0.00000E+00 0.00000E+00 0.00000E+00 0.00000E+00 0.00000E+00 0.00000E+00 0.00000E+00 0.00000E+00
 0.00000E+00 0.00000E+00 0.00000E+00 0.00000E+00 7.18689E-04 7.95796E-04 8.85101E-04 9.69138E-04
 1.05584E-03 1.15461E-03 1.26752E-03 1.39706E-03 1.55024E-03 1.74660E-03 2.01197E-03 2.24291E-03
 2.51539E-03 2.83659E-03 3.21457E-03 3.65889E-03 4.10617E-03 4.50572E-03 4.89239E-03 5.22985E-03
 5.55596E-03 5.89193E-03 6.21149E-03 6.52242E-03 7.14136E-03 8.34800E-03 9.75971E-03 1.14136E-02
 1.33527E-02 1.56258E-02 1.82903E-02 2.14134E-02 2.50738E-02 2.93640E-02 3.43826E-02 4.02563E-02
 4.71365E-02 5.51956E-02 6.46122E-02 7.56371E-02 8.85449E-02 1.03651E-01 1.21310E-01 1.41979E-01
 1.66170E-01 1.94485E-01 2.27625E-01 2.66415E-01 3.11821E-01 3.64973E-01 4.27194E-01 4.99890E-01
 5.84934E-01 6.84453E-01 8.00918E-01 9.37245E-01 1.09700E+00 1.28410E+00 1.50328E+00 1.75996E+00
 2.06052E+00 2.41245E+00 2.82489E+00 3.30913E+00 3.87833E+00 4.53799E+00 5.29764E+00 6.18416E+00
 7.21869E+00 8.42587E+00 9.83445E+00 1.14780E+01 1.33955E+01 1.56326E+01 1.82424E+01 2.12869E+01
 2.48382E+01 2.89806E+01 3.38122E+01 3.94473E+01 4.60193E+01 5.36836E+01 6.26212E+01 7.30431E+01
 8.51953E+01 9.93644E+01 1.15884E+02 1.35144E+02 1.57596E+02 1.83770E+02 2.14280E+02 2.49843E+02
 2.91293E+02 3.39604E+02 3.95908E+02 4.61524E+02 5.37988E+02 6.27090E+02 7.30913E+02 8.51883E+02
 0.00000E+00 0.00000E+00 0.00000E+00 0.00000E+00 0.00000E+00 0.00000E+00 0.00000E+00 0.00000E+00
 0.00000E+00 0.00000E+00 0.00000E+00 0.00000E+00 0.00000E+00 0.00000E+00 0.00000E+00 0.00000E+00
 0.00000E+00 0.00000E+00 0.00000E+00 0.00000E+00 0.00000E+00 0.00000E+00 0.00000E+00 0.00000E+00
 0.00000E+00 0.00000E+00 0.00000E+00 0.00000E+00 0.00000E+00 0.00000E+00 0.00000E+00 0.00000E+00
 0.00000E+00 0.00000E+00 0.00000E+00 0.00000E+00 0.00000E+00 0.00000E+00 0.00000E+00 0.00000E+00
 0.00000E+00 0.00000E+00 0.00000E+00 0.00000E+00 0.00000E+00 0.00000E+00 0.00000E+00 0.00000E+00
 0.00000E+00 0.00000E+00 0.00000E+00 0.00000E+00 0.00000E+00 0.00000E+00 0.00000E+00 0.00000E+00
 0.00000E+00 0.00000E+00 0.00000E+00 0.00000E+00 0.00000E+00 0.00000E+00 0.00000E+00 0.00000E+00
 0.00000E+00 0.00000E+00 0.00000E+00 0.00000E+00 0.00000E+00 0.00000E+00 0.00000E+00 0.00000E+00
 0.00000E+00 0.00000E+00 0.00000E+00 0.00000E+00 0.00000E+00 0.00000E+00 0.00000E+00 0.00000E+00
 0.00000E+00 0.00000E+00 0.00000E+00 0.00000E+00 0.00000E+00 0.00000E+00 0.00000E+00 0.00000E+00
 0.00000E+00 0.00000E+00 0.00000E+00 0.00000E+00 0.00000E+00 0.00000E+00 0.00000E+00 0.00000E+00
 0.00000E+00 0.00000E+00 0.00000E+00 0.00000E+00 0.00000E+00 0.00000E+00 0.00000E+00 0.00000E+00
 0.00000E+00 0.00000E+00 0.00000E+00 0.00000E+00 0.00000E+00 0.00000E+00 0.00000E+00 0.00000E+00
 0.00000E+00 0.00000E+00 0.00000E+00 0.00000E+00 0.00000E+00 0.00000E+00 0.00000E+00 0.00000E+00
 0.00000E+00 0.00000E+00 0.00000E+00 0.00000E+00 0.00000E+00 0.00000E+00 0.00000E+00 0.00000E+00
 0.00000E+00 0.00000E+00 0.00000E+00 0.00000E+00 0.00000E+00 0.00000E+00 0.00000E+00 0.00000E+00
 0.00000E+00 0.00000E+00 0.00000E+00 0.00000E+00 0.00000E+00 0.00000E+00 0.00000E+00 0.00000E+00
 0.00000E+00 0.00000E+00 0.00000E+00 0.00000E+00 0.00000E+00 0.00000E+00 0.00000E+00 0.00000E+00
 0.00000E+00 0.00000E+00 0.00000E+00 0.00000E+00 0.00000E+00 0.00000E+00 0.00000E+00 0.00000E+00
 0.00000E+00 0.00000E+00 0.00000E+00 0.00000E+00 0.00000E+00 0.00000E+00 0.00000E+00 0.00000E+00
 0.00000E+00 0.00000E+00 0.00000E+00 0.00000E+00 0.00000E+00 0.00000E+00 0.00000E+00 0.00000E+00
 0.00000E+00 0.00000E+00 0.00000E+00 0.00000E+00 0.00000E+00 0.00000E+00 0.00000E+00 0.00000E+00
 0.00000E+00 0.00000E+00 0.00000E+00 0.00000E+00 0.00000E+00 0.00000E+00 0.00000E+00 0.00000E+00
 0.00000E+00 0.00000E+00 0.00000E+00 0.00000E+00 0.00000E+00 0.00000E+00 0.00000E+00 0.00000E+00
 1.84488E-05 1.84488E-05 1.84488E-05 1.84488E-05 1.84488E-05 1.84488E-05 1.84488E-05 1.84488E-05
 1.84488E-05 1.84488E-05 1.84488E-05 1.84488E-05 1.84488E-05 1.84488E-05 1.84488E-05 1.84488E-05
 1.81602E-05 1.74537E-05 1.65426E-05 1.53881E-05 1.41732E-05 1.29872E-05 1.17989E-05 1.06523E-05
 1.00000E-05 1.00000E-05 1.00000E-05 1.00000E-05 1.00000E-05 1.00000E-05 1.00000E-05 1.00000E-05
 1.00000E-05 1.00000E-05 1.00000E-05 1.00000E-05 1.00000E-05 1.00000E-05 1.00000E-05 1.00000E-05
 1.00000E-05 1.00000E-05 1.00000E-05 1.00000E-05 1.00000E-05 1.00000E-05 1.00000E-05 1.00000E-05
 1.00000E-05 1.00000E-05 1.00000E-05 1.00000E-05 1.00000E-05 1.00000E-05 1.00000E-05 1.00000E-05
 1.00000E-05 1.00000E-05 1.00000E-05 1.00000E-05 1.00000E-05 1.00000E-05 1.00000E-05 1.00000E-05
 1.00000E-05 1.00000E-05 1.00000E-05 1.00000E-05 1.00000E-05 1.00000E-05 1.00000E-05 1.00000E-05
 1.00000E-05 1.00000E-05 1.00000E-05 1.00000E-05 1.00000E-05 1.00000E-05 1.00000E-05 1.00000E-05
 1.00000E-05 1.00000E-05 1.00000E-05 1.00000E-05 1.00000E-05 1.00000E-05 1.00000E-05 1.00000E-05
 1.00000E-05 1.00000E-05 1.00000E-05 1.00000E-05 1.00000E-05 1.00000E-05 1.00000E-05 1.00000E-05
 1.00000E-05 1.00000E-05 1.00000E-05 1.00000E-05 0.00000E+00 0.00000E+00 0.00000E+00 0.00000E+00
 0.00000E+00 0.00000E+00 0.00000E+00 0.00000E+00 0.00000E+00 0.00000E+00 0.00000E+00 0.00000E+00
 0.00000E+00 0.00000E+00 0.00000E+00 0.00000E+00 0.00000E+00 0.00000E+00 0.00000E+00 0.00000E+00
 0.00000E+00 0.00000E+00 0.00000E+00 0.00000E+00 0.00000E+00 0.00000E+00 0.00000E+00 0.00000E+00
 0.00000E+00 0.00000E+00 0.00000E+00 0.00000E+00 0.00000E+00 0.00000E+00 0.00000E+00 0.00000E+00
 0.00000E+00 0.00000E+00 0.00000E+00 0.00000E+00 0.00000E+00 0.00000E+00 0.00000E+00 0.00000E+00
 0.00000E+00 0.00000E+00 0.00000E+00 0.00000E+00 0.00000E+00 0.00000E+00 0.00000E+00 0.00000E+00
 0.00000E+00 0.00000E+00 0.00000E+00 0.00000E+00 0.00000E+00 0.00000E+00 0.00000E+00 0.00000E+00
 0.00000E+00 0.00000E+00 0.00000E+00 0.00000E+00 0.00000E+00 0.00000E+00 0.00000E+00 0.00000E+00
 0.00000E+00 0.00000E+00 0.00000E+00 0.00000E+00 0.00000E+00 0.00000E+00 0.00000E+00 0.00000E+00
 0.00000E+00 0.00000E+00 0.00000E+00 0.00000E+00 0.00000E+00 0.00000E+00 0.00000E+00 0.00000E+00
 0.00000E+00 0.00000E+00 0.00000E+00 0.00000E+00 0.00000E+00 0.00000E+00 0.00000E+00 0.00000E+00
 0.00000E+00 0.00000E+00 0.00000E+00 0.00000E+00 0.00000E+00 0.00000E+00 0.00000E+00 0.00000E+00
 0.00000E+00 0.00000E+00 0.00000E+00 0.00000E+00 0.00000E+00 0.00000E+00 0.00000E+00 0.00000E+00
 0.00000E+00 0.00000E+00 0.00000E+00 0.00000E+00 0.00000E+00 0.00000E+00 0.00000E+00 0.00000E+00
 0.00000E+00 0.00000E+00 0.00000E+00 0.00000E+00 0.00000E+00 0.00000E+00 0.00000E+00 0.00000E+00
 0.00000E+00 0.00000E+00 0.00000E+00 0.00000E+00 0.00000E+00 0.00000E+00 0.00000E+00 0.00000E+00
 0.00000E+00 0.00000E+00 0.00000E+00 0.00000E+00 0.00000E+00 0.00000E+00 0.00000E+00 0.00000E+00
 0.00000E+00 0.00000E+00 0.00000E+00 0.00000E+00 0.00000E+00 0.00000E+00 0.00000E+00 0.00000E+00
 0.00000E+00 0.00000E+00 0.00000E+00 0.00000E+00 0.00000E+00 0.00000E+00 0.00000E+00 0.00000E+00
 0.00000E+00 0.00000E+00 0.00000E+00 0.00000E+00 0.00000E+00 0.00000E+00 0.00000E+00 0.00000E+00
 0.00000E+00 0.00000E+00 0.00000E+00 0.00000E+00 0.00000E+00 0.00000E+00 0.00000E+00 0.00000E+00
 0.00000E+00 0.00000E+00 0.00000E+00 0.00000E+00 0.00000E+00 0.00000E+00 0.00000E+00 0.00000E+00
 0.00000E+00 0.00000E+00 0.00000E+00 0.00000E+00 0.00000E+00 0.00000E+00 0.00000E+00 0.00000E+00
 0.00000E+00 0.00000E+00 0.00000E+00 0.00000E+00 0.00000E+00 0.00000E+00 0.00000E+00 0.00000E+00
 0.00000E+00 0.00000E+00 0.00000E+00 0.00000E+00
