 1.60683E-10 3.58025E-16 1.12671E-02 5.02627E-14 1.08954E-11 1.12407E-09 1.51189E-08 6.44704E-20
 5.50000E-07 1.60000E-06 9.00000E-08 9.15722E-10 6.54761E-12 3.00000E-07 2.60283E-12 7.58969E-12
 1.46577E-14 6.47438E-11 1.68153E-13 5.23241E-15 2.93573E-17 9.14300E-23 5.00000E-10 2.12026E-13
 5.62881E-18 1.30168E-14 5.43102E-12 4.31998E-13 2.10000E-02 2.59174E-12 9.49696E-18 4.24718E-19
 3.21996E-11 2.01025E-12 1.58467E-13 4.00000E-04 1.66932E-10 6.33117E-17 6.97574E-03 5.64654E-14
 1.06937E-11 1.15942E-09 1.79763E-08 8.70708E-21 5.50321E-07 1.59599E-06 8.22503E-08 8.98089E-10
 5.93911E-12 2.99957E-07 3.49055E-12 9.08375E-12 1.96438E-14 9.89242E-11 4.35836E-13 5.91820E-15
 6.44548E-17 2.11427E-22 4.91941E-10 2.22415E-13 7.67577E-18 1.47143E-14 7.79064E-12 5.42481E-13
 1.65338E-01 2.71120E-12 5.40065E-18 9.33760E-20 5.72205E-11 3.93386E-12 1.17977E-13 4.04573E-04
 1.65393E-10 7.34077E-17 4.14157E-03 6.49721E-14 1.04594E-11 1.14385E-09 2.19431E-08 7.73219E-21
 5.50700E-07 1.59260E-06 7.55635E-08 8.21402E-10 5.30666E-12 2.99910E-07 4.61280E-12 1.09113E-11
 2.64754E-14 1.42946E-10 1.17678E-12 6.91368E-15 1.52995E-16 5.36732E-22 4.84980E-10 2.30732E-13
 1.00821E-17 1.71620E-14 1.04232E-11 6.42249E-13 2.03749E-01 2.88824E-12 5.42602E-18 1.12835E-19
 8.03805E-11 6.10767E-12 1.24115E-13 4.09058E-04 1.55108E-10 1.01794E-16 2.24942E-03 7.28395E-14
 9.86941E-12 1.03857E-09 2.67462E-08 8.07874E-21 5.51094E-07 1.58980E-06 6.98441E-08 6.80975E-10
 4.45159E-12 2.99858E-07 6.17105E-12 1.31147E-11 3.50812E-14 1.87510E-10 3.18287E-12 7.88499E-15
 3.87668E-16 1.37529E-21 4.79131E-10 2.31136E-13 1.28180E-17 1.97934E-14 1.27775E-11 7.42575E-13
 2.09396E-01 3.15664E-12 5.97556E-18 1.64247E-19 1.02762E-10 8.24905E-12 1.45519E-13 4.13393E-04
 1.41972E-10 1.47316E-16 1.40420E-03 8.65152E-14 9.52857E-12 8.82034E-10 3.20150E-08 9.38251E-21
 5.51462E-07 1.58751E-06 6.49573E-08 5.25312E-10 3.88610E-12 2.99800E-07 8.25166E-12 1.60306E-11
 4.79305E-14 2.27528E-10 6.77857E-12 9.14240E-15 8.80139E-16 2.90719E-21 4.74301E-10 2.31848E-13
 1.63266E-17 2.31623E-14 1.47554E-11 8.36079E-13 2.09970E-01 3.51881E-12 7.20809E-18 2.50647E-19
 1.25010E-10 1.03852E-11 1.74502E-13 4.17514E-04 1.22685E-10 2.05110E-16 7.72112E-04 9.66303E-14
 8.66673E-12 7.03849E-10 3.74031E-08 1.02619E-20 5.51788E-07 1.58568E-06 6.08481E-08 3.79066E-10
 3.11588E-12 2.99736E-07 1.07492E-11 1.83370E-11 6.04732E-14 2.57344E-10 1.51415E-11 9.53674E-15
 1.91038E-15 6.56470E-21 4.70440E-10 2.17259E-13 1.99828E-17 2.59978E-14 1.63690E-11 8.78359E-13
 2.10018E-01 4.04849E-12 8.53093E-18 3.86403E-19 1.47667E-10 1.20997E-11 2.11476E-13 4.21335E-04
 9.71465E-11 2.73715E-16 3.65803E-04 9.79270E-14 7.39347E-12 5.34421E-10 4.26102E-08 1.01915E-20
 5.52056E-07 1.58424E-06 5.74584E-08 2.62319E-10 2.34375E-12 2.99665E-07 1.24934E-11 1.79303E-11
 6.23474E-14 2.73933E-10 3.08210E-11 8.70196E-15 3.59377E-15 1.76290E-20 4.67440E-10 1.95852E-13
 2.30015E-17 2.92780E-14 1.76971E-11 8.36756E-13 2.10025E-01 4.79218E-12 9.55797E-18 5.78879E-19
 1.70306E-10 1.29125E-11 2.57459E-13 4.24738E-04 7.25607E-11 3.59007E-16 1.60417E-04 9.38590E-14
 6.11517E-12 3.92103E-10 4.76067E-08 9.67715E-21 5.52263E-07 1.58307E-06 5.46796E-08 1.77171E-10
 1.72510E-12 2.99585E-07 1.35288E-11 1.59821E-11 5.64784E-14 2.81470E-10 4.84539E-11 7.45964E-15
 6.25911E-15 4.94761E-20 4.65109E-10 1.71870E-13 2.54475E-17 3.30190E-14 1.88544E-11 7.40644E-13
 2.10027E-01 5.64260E-12 1.01833E-17 8.22228E-19 1.90285E-10 1.28084E-11 3.06305E-13 4.27587E-04
 5.39238E-11 4.66635E-16 6.29968E-05 9.19453E-14 4.97625E-12 2.81876E-10 5.25271E-08 9.47443E-21
 5.52415E-07 1.58207E-06 5.23863E-08 1.16708E-10 1.22417E-12 2.99496E-07 1.55726E-11 1.49035E-11
 5.53606E-14 2.86798E-10 6.01098E-11 6.53040E-15 1.31581E-14 1.31550E-19 4.63251E-10 1.42780E-13
 2.87988E-17 3.54937E-14 1.99392E-11 6.47171E-13 2.10029E-01 6.26203E-12 1.05220E-17 1.13556E-18
 2.02343E-10 1.22283E-11 3.39279E-13 4.29717E-04 3.92818E-11 5.51891E-16 1.16435E-05 9.69837E-14
 3.73616E-12 1.99545E-10 5.77268E-08 9.53032E-21 5.52525E-07 1.58112E-06 5.03935E-08 7.36772E-11
 6.95140E-13 2.99390E-07 2.09667E-11 1.47268E-11 7.22930E-14 2.94324E-10 6.22944E-11 6.26519E-15
 3.81651E-14 6.57491E-19 4.61653E-10 1.11661E-13 3.69652E-17 3.52113E-14 2.10637E-11 5.89721E-13
 2.10031E-01 6.07978E-12 1.03566E-17 1.84007E-18 1.99113E-10 1.15478E-11 3.25179E-13 4.30978E-04
 2.66317E-11 6.19139E-16 6.68662E-07 1.11896E-13 2.55400E-12 1.30095E-10 6.50685E-08 1.00356E-20
 5.52614E-07 1.57985E-06 4.81604E-08 4.12519E-11 3.10878E-13 2.99220E-07 3.19076E-11 1.50396E-11
 1.22210E-13 3.09498E-10 5.40415E-11 7.22826E-15 7.35657E-14 4.51887E-18 4.59778E-10 8.57693E-14
 5.49599E-17 3.43522E-14 2.26405E-11 5.71008E-13 2.10031E-01 3.44891E-12 6.47463E-18 2.60159E-18
 1.60340E-10 1.00323E-11 2.02719E-13 4.30982E-04 1.97752E-11 1.05257E-15 3.69160E-06 1.13674E-13
 1.88031E-12 6.66811E-11 7.96069E-08 1.09189E-20 5.52681E-07 1.57735E-06 4.49647E-08 1.82515E-11
 2.21576E-13 2.98838E-07 4.31038E-11 1.94754E-11 1.29867E-13 3.52932E-10 4.46506E-11 6.76449E-15
 8.28115E-14 4.16008E-18 4.56623E-10 5.71498E-14 6.38559E-17 3.70659E-14 2.57990E-11 5.94014E-13
 2.10031E-01 1.58526E-12 2.63334E-18 1.22657E-18 1.17547E-10 6.76025E-12 9.96765E-14 4.30987E-04
 1.45778E-11 2.02554E-15 4.17842E-06 1.01452E-13 1.21135E-12 2.47503E-11 1.10315E-07 1.02095E-20
 5.52640E-07 1.57204E-06 4.06355E-08 6.34689E-12 1.43026E-13 2.97933E-07 5.84638E-11 2.90247E-11
 1.21102E-13 4.50664E-10 3.85596E-11 6.55208E-15 1.11151E-13 4.03778E-18 4.50955E-10 3.44786E-14
 6.88502E-17 4.12931E-14 3.13469E-11 7.29302E-13 2.10030E-01 5.73915E-13 6.68611E-19 3.99134E-19
 7.66926E-11 3.35258E-12 3.86858E-14 4.30995E-04 1.08491E-11 4.36006E-15 4.32114E-06 8.75599E-14
 7.52801E-13 7.27640E-12 1.71016E-07 8.98860E-21 5.52279E-07 1.56159E-06 3.54514E-08 1.97867E-12
 8.84252E-14 2.96008E-07 8.21387E-11 5.16084E-11 1.12593E-13 6.51304E-10 3.82553E-11 7.59972E-15
 2.12203E-13 4.66519E-18 4.41367E-10 2.19124E-14 7.61482E-17 5.03494E-14 4.05030E-11 1.15969E-12
 2.10030E-01 1.71616E-13 1.21159E-19 1.06462E-19 4.50605E-11 1.36949E-12 1.20571E-14 4.31007E-04
 8.92348E-12 9.68823E-15 4.35810E-06 8.35099E-14 5.52337E-13 2.48230E-12 2.73679E-07 8.56508E-21
 5.51332E-07 1.54415E-06 3.00596E-08 7.52154E-13 6.14421E-14 2.92628E-07 1.14770E-10 9.63539E-11
 1.14515E-13 9.97895E-10 4.42549E-11 1.13373E-14 5.37793E-13 7.30407E-18 4.27196E-10 1.91735E-14
 9.53593E-17 7.16873E-14 5.35582E-11 2.24656E-12 2.10029E-01 4.45558E-14 1.99449E-20 3.30000E-20
 2.44539E-11 5.57661E-13 3.03355E-15 4.31023E-04 8.24099E-12 2.07716E-14 4.40834E-06 8.94549E-14
 5.06257E-13 1.44305E-12 4.22634E-07 9.10549E-21 5.49609E-07 1.51940E-06 2.51202E-08 4.38709E-13
 5.04483E-14 2.87650E-07 1.53212E-10 1.67416E-10 1.24434E-13 1.50272E-09 5.63978E-11 1.91170E-14
 1.39635E-12 1.42742E-17 4.08956E-10 2.35877E-14 1.32513E-16 1.14376E-13 6.94522E-11 4.53082E-12
 2.10027E-01 1.04894E-14 3.38707E-21 1.98851E-20 1.26394E-11 2.43931E-13 6.38367E-16 4.31043E-04
 9.05639E-12 4.62404E-14 4.47389E-06 1.07363E-13 6.43332E-13 1.34895E-12 6.22015E-07 1.15017E-20
 5.46958E-07 1.48729E-06 2.08998E-08 3.71527E-13 6.05993E-14 2.81000E-07 1.83715E-10 2.75952E-10
 1.26963E-13 2.16860E-09 7.61459E-11 3.80075E-14 3.45341E-12 2.40697E-17 3.87184E-10 4.07456E-14
 1.83311E-16 2.01944E-13 8.68976E-11 8.73425E-12 2.10026E-01 2.26843E-15 6.03381E-22 1.83641E-20
 6.29808E-12 1.10200E-13 1.15705E-16 4.31066E-04 9.45898E-12 8.93328E-14 4.55257E-06 1.30419E-13
 7.72292E-13 1.57687E-12 8.70587E-07 1.41254E-20 5.43348E-07 1.44893E-06 1.75343E-08 3.71573E-13
 6.11808E-14 2.72857E-07 2.25213E-10 4.02404E-10 1.43068E-13 2.96791E-09 1.00529E-10 6.21780E-14
 6.98823E-12 5.25321E-17 3.63035E-10 6.93815E-14 2.69193E-16 3.37771E-13 1.04045E-10 1.55481E-11
 2.10023E-01 4.62288E-16 1.09050E-22 2.28592E-20 3.08155E-12 5.21328E-14 1.92255E-17 4.31092E-04
 1.09004E-11 1.75149E-13 4.64225E-06 1.69732E-13 1.11050E-12 2.15219E-12 1.16876E-06 1.97739E-20
 5.38785E-07 1.40544E-06 1.49638E-08 4.32573E-13 7.79229E-14 2.63416E-07 2.56835E-10 5.58474E-10
 1.53143E-13 3.87305E-09 1.31645E-10 1.07208E-13 1.28235E-11 9.46657E-17 3.37427E-10 1.37616E-13
 3.83063E-16 5.82461E-13 1.19361E-10 2.55012E-11 2.10021E-01 8.96882E-17 2.07431E-23 2.41147E-20
 1.49465E-12 2.52169E-14 3.02981E-18 4.31119E-04 1.20581E-11 3.12618E-13 4.73978E-06 2.22852E-13
 1.49424E-12 3.12842E-12 1.51528E-06 2.74482E-20 5.33358E-07 1.35835E-06 1.30772E-08 5.27475E-13
 8.77157E-14 2.52986E-07 3.00595E-10 7.22867E-10 1.77347E-13 4.84278E-09 1.65256E-10 1.55566E-13
 2.00725E-11 1.93496E-16 3.11368E-10 2.53943E-13 5.56582E-16 9.40088E-13 1.31542E-10 3.88729E-11
 2.10018E-01 1.67452E-17 4.02699E-24 2.66960E-20 7.24976E-13 1.26923E-14 4.72638E-19 4.31147E-04
 1.36202E-11 5.42112E-13 4.84155E-06 3.03242E-13 2.08347E-12 4.84528E-12 1.90665E-06 4.04452E-20
 5.27230E-07 1.30944E-06 1.17478E-08 6.82966E-13 1.02592E-13 2.41953E-07 3.47703E-10 8.97997E-10
 2.09752E-13 5.83135E-09 2.01201E-10 2.14241E-13 2.83872E-11 3.74876E-16 2.85832E-10 4.74418E-13
 8.03231E-16 1.48226E-12 1.39738E-10 5.54173E-11 2.10015E-01 3.04387E-18 8.17209E-25 2.81837E-20
 3.55769E-13 6.68071E-15 7.45381E-20 4.31175E-04 1.61293E-11 9.38600E-13 4.94617E-06 4.31253E-13
 3.12520E-12 8.30470E-12 2.34600E-06 6.47176E-20 5.20460E-07 1.25938E-06 1.08361E-08 9.90678E-13
 1.31599E-13 2.30469E-07 3.91175E-10 1.08495E-09 2.47452E-13 6.81563E-09 2.43974E-10 2.95387E-13
 3.82940E-11 6.65549E-16 2.61096E-10 9.35414E-13 1.14026E-15 2.33505E-12 1.43665E-10 7.48740E-11
 2.10012E-01 5.31422E-19 1.70235E-25 2.74402E-20 1.76684E-13 3.76545E-15 1.16956E-20 4.31203E-04
 1.92878E-11 1.60066E-12 5.05280E-06 6.28094E-13 4.76820E-12 1.46129E-11 2.83890E-06 1.08145E-19
 5.13079E-07 1.20859E-06 1.02177E-08 1.46906E-12 1.71658E-13 2.18635E-07 4.39787E-10 1.29099E-09
 2.98002E-13 7.76945E-09 2.89071E-10 3.96061E-13 4.88495E-11 1.11474E-15 2.37345E-10 1.82583E-12
 1.60140E-15 3.58109E-12 1.43520E-10 9.65912E-11 2.10008E-01 8.80245E-20 3.51054E-26 2.56393E-20
 8.85456E-14 2.47215E-15 1.78780E-21 4.31231E-04 2.31137E-11 2.69518E-12 5.16054E-06 9.29108E-13
 7.29954E-12 2.58184E-11 3.38917E-06 1.86711E-19 5.05122E-07 1.15751E-06 9.80053E-09 2.17241E-12
 2.24204E-13 2.06559E-07 4.97988E-10 1.52742E-09 3.66637E-13 8.66452E-09 3.34469E-10 5.18302E-13
 5.96045E-11 1.74972E-15 2.14744E-10 3.46350E-12 2.22584E-15 5.31719E-12 1.39806E-10 1.19485E-10
 2.10005E-01 1.36793E-20 6.99473E-27 2.31463E-20 4.47111E-14 2.30491E-15 2.61182E-22 4.31258E-04
 2.75672E-11 4.49162E-12 5.26930E-06 1.38349E-12 1.10737E-11 4.50303E-11 4.00105E-06 3.30286E-19
 4.96579E-07 1.10620E-06 9.51587E-09 3.14505E-12 2.89351E-13 1.94271E-07 5.71599E-10 1.81113E-09
 4.59980E-13 9.47392E-09 3.78159E-10 6.64511E-13 7.03041E-11 2.55985E-15 1.93297E-10 6.28333E-12
 3.06583E-15 7.61697E-12 1.33313E-10 1.42253E-10 2.10001E-01 1.96386E-21 1.30999E-27 2.02406E-20
 2.26680E-14 3.44392E-15 3.56308E-23 4.31284E-04 3.25676E-11 7.42364E-12 5.37932E-06 2.05886E-12
 1.64930E-11 7.64471E-11 4.67618E-06 5.96661E-19 4.87406E-07 1.05456E-06 9.31480E-09 4.39504E-12
 3.65852E-13 1.81767E-07 6.67885E-10 2.16325E-09 5.86790E-13 1.01690E-08 4.17896E-10 8.37342E-13
 8.07531E-11 3.48242E-15 1.72947E-10 1.07831E-11 4.19548E-15 1.05207E-11 1.24990E-10 1.63463E-10
 2.09997E-01 2.55973E-22 2.24845E-28 1.71472E-20 1.14942E-14 6.76876E-15 4.43520E-24 4.31309E-04
 3.79860E-11 1.21791E-11 5.49117E-06 3.04803E-12 2.39583E-11 1.24802E-10 5.41090E-06 1.10236E-18
 4.77535E-07 1.00233E-06 9.16269E-09 5.86173E-12 4.50956E-13 1.69021E-07 7.96138E-10 2.60692E-09
 7.59472E-13 1.07199E-08 4.50788E-10 1.03818E-12 9.05425E-11 4.42326E-15 1.53602E-10 1.74141E-11
 5.72870E-15 1.40419E-11 1.15851E-10 1.81728E-10 2.09993E-01 2.96894E-23 3.47054E-29 1.40675E-20
 5.80558E-15 1.22465E-14 4.94486E-25 4.31334E-04 4.36650E-11 1.98146E-11 5.60445E-06 4.47989E-12
 3.38060E-11 1.93567E-10 6.18534E-06 2.09442E-18 4.66977E-07 9.49723E-07 9.03596E-09 7.39779E-12
 5.41553E-13 1.56127E-07 9.67826E-10 3.16047E-09 9.94993E-13 1.10909E-08 4.72463E-10 1.26387E-12
 9.85852E-11 5.29298E-15 1.35345E-10 2.64648E-11 7.85629E-15 1.82021E-11 1.06981E-10 1.95570E-10
 2.09988E-01 3.02941E-24 4.97931E-30 1.12536E-20 2.93341E-15 1.51114E-14 5.09677E-26 4.31359E-04
 4.93797E-11 3.19175E-11 5.71909E-06 6.53647E-12 4.62308E-11 2.82516E-10 6.96806E-06 4.11739E-18
 4.55729E-07 8.96760E-07 8.91650E-09 8.78796E-12 6.34293E-13 1.43162E-07 1.19696E-09 3.83215E-09
 1.31698E-12 1.12571E-08 4.78102E-10 1.50455E-12 1.03251E-10 6.06304E-15 1.18205E-10 3.80359E-11
 1.09006E-14 2.30841E-11 9.92928E-11 2.03865E-10 2.09984E-01 2.68727E-25 8.83033E-31 8.91217E-21
 1.50099E-15 1.65390E-14 6.43380E-27 4.31382E-04 5.48747E-11 5.08887E-11 5.83619E-06 9.47829E-12
 6.12853E-11 3.86076E-10 7.72047E-06 8.42020E-18 4.43675E-07 8.42937E-07 8.79011E-09 9.82120E-12
 7.27039E-13 1.30087E-07 1.49988E-09 4.61737E-09 1.75585E-12 1.12111E-08 4.64362E-10 1.74629E-12
 1.03013E-10 6.75430E-15 1.02041E-10 5.21267E-11 1.53981E-14 2.88856E-11 9.34167E-11 2.05924E-10
 2.09979E-01 2.03049E-26 3.93970E-31 7.17123E-21 7.97558E-16 1.72373E-14 2.02376E-27 4.31404E-04
 5.98547E-11 8.01322E-11 5.95489E-06 1.36770E-11 7.86840E-11 4.90518E-10 8.38080E-06 1.79122E-17
 4.30914E-07 7.88656E-07 8.64955E-09 1.03236E-11 8.18171E-13 1.17108E-07 1.89619E-09 5.48171E-09
 2.35140E-12 1.09503E-08 4.29159E-10 1.96310E-12 9.65235E-11 7.41277E-15 8.69989E-11 6.85040E-11
 2.22812E-14 3.58997E-11 8.99257E-11 2.00969E-10 2.09974E-01 1.31062E-27 3.73047E-31 6.27465E-21
 4.70581E-16 1.75588E-14 1.34483E-27 4.31425E-04 6.40093E-11 1.24353E-10 6.07362E-06 1.96475E-11
 9.76735E-11 5.75695E-10 8.87995E-06 3.93890E-17 4.17654E-07 7.34590E-07 8.49597E-09 1.02107E-11
 9.05856E-13 1.04503E-07 2.40930E-09 6.36240E-09 3.15252E-12 1.04856E-08 3.74443E-10 2.12342E-12
 8.39353E-11 8.07320E-15 7.32626E-11 8.65125E-11 3.31466E-14 4.44798E-11 8.92551E-11 1.88683E-10
 2.09970E-01 8.12278E-29 4.70299E-31 6.52213E-21 3.36805E-16 1.76867E-14 1.17859E-27 4.31444E-04
 6.70072E-11 1.89708E-10 6.19246E-06 2.80730E-11 1.16793E-10 6.20904E-10 9.14953E-06 8.85033E-17
 4.03960E-07 6.80658E-07 8.34231E-09 9.48951E-12 9.84410E-13 9.23733E-08 3.07274E-09 7.18418E-09
 4.22232E-12 9.83401E-09 3.06692E-10 2.19733E-12 6.73336E-11 8.73016E-15 6.07887E-11 1.04695E-10
 5.08197E-14 5.49619E-11 9.19018E-11 1.69729E-10 2.09965E-01 1.63079E-29 7.24352E-31 8.30681E-21
 3.01782E-16 1.77154E-14 1.24689E-27 4.31461E-04 7.06623E-11 2.90643E-10 6.31087E-06 3.96727E-11
 1.37117E-10 6.24465E-10 9.08945E-06 2.06041E-16 3.90004E-07 6.27050E-07 8.23370E-09 8.69087E-12
 1.09999E-12 8.08747E-08 3.88943E-09 7.95616E-09 5.40943E-12 8.94674E-09 2.38284E-10 2.25623E-12
 5.10382E-11 8.54257E-15 4.95866E-11 1.21367E-10 7.97675E-14 6.82138E-11 9.90797E-11 1.43704E-10
 2.09961E-01 1.97582E-29 1.30961E-30 1.16803E-20 3.21452E-16 1.76891E-14 1.50924E-27 4.31475E-04
 7.32619E-11 4.37116E-10 6.42717E-06 5.52309E-11 1.54687E-10 5.78446E-10 8.75184E-06 4.76133E-16
 3.76132E-07 5.74401E-07 8.14201E-09 7.58431E-12 1.21111E-12 7.01999E-08 4.90372E-09 8.52246E-09
 6.78496E-12 7.91014E-09 1.73739E-10 2.21309E-12 3.57545E-11 7.98237E-15 3.97469E-11 1.33079E-10
 1.27250E-13 8.37116E-11 1.10130E-10 1.15141E-10 2.09956E-01 3.00713E-29 2.47405E-30 1.72726E-20
 3.72843E-16 1.76307E-14 1.88796E-27 4.31486E-04 7.45071E-11 6.45209E-10 6.53912E-06 7.55727E-11
 1.68541E-10 5.02081E-10 8.22992E-06 1.07851E-15 3.62815E-07 5.23575E-07 8.04674E-09 6.37422E-12
 1.31221E-12 6.05247E-08 6.11746E-09 8.78987E-09 8.30457E-12 6.79522E-09 1.19718E-10 2.07081E-12
 2.31951E-11 7.16957E-15 3.13393E-11 1.38415E-10 2.02573E-13 1.00780E-10 1.23849E-10 8.72582E-11
 2.09952E-01 4.45110E-29 4.61277E-30 2.56410E-20 4.45369E-16 1.75508E-14 2.31743E-27 4.31493E-04
 7.46005E-11 9.40115E-10 6.64418E-06 1.01536E-10 1.79330E-10 4.18116E-10 7.60822E-06 2.39233E-15
 3.50605E-07 4.75554E-07 7.94548E-09 5.25736E-12 1.41159E-12 5.19812E-08 7.50210E-09 8.72054E-09
 9.84735E-12 5.66508E-09 7.87852E-11 1.86380E-12 1.40446E-11 6.13309E-15 2.43782E-11 1.37304E-10
 3.16646E-13 1.18387E-10 1.38946E-10 6.24270E-11 2.09948E-01 6.32695E-29 8.34599E-30 3.73452E-20
 5.34881E-16 1.74536E-14 2.74795E-27 4.31495E-04 6.66306E-11 1.25269E-09 6.74102E-06 1.35408E-10
 1.78708E-10 3.32052E-10 7.04670E-06 4.72809E-15 3.39951E-07 4.30736E-07 7.80096E-09 3.78311E-12
 1.30288E-12 4.45358E-08 9.19672E-09 8.01462E-09 1.26909E-11 4.68963E-09 4.89398E-11 1.45530E-12
 7.51688E-12 7.20648E-15 1.87405E-11 1.32781E-10 4.86399E-13 1.32637E-10 1.52140E-10 4.48905E-11
 2.09944E-01 7.93624E-29 1.37930E-29 6.24406E-20 6.39155E-16 1.73414E-14 3.10515E-27 4.31492E-04
 5.93917E-11 1.69654E-09 6.82890E-06 1.78533E-10 1.80704E-10 2.67545E-10 6.49088E-06 9.45902E-15
 3.31269E-07 3.89289E-07 7.65929E-09 2.80487E-12 1.23343E-12 3.81026E-08 1.09325E-08 7.08182E-09
 1.55669E-11 3.75076E-09 2.96952E-11 1.14787E-12 3.85941E-12 7.56672E-15 1.42504E-11 1.26429E-10
 7.21164E-13 1.45680E-10 1.64274E-10 3.02453E-11 2.09939E-01 1.02021E-28 2.28862E-29 1.02168E-19
 7.64614E-16 1.72077E-14 3.46691E-27 4.31485E-04 5.28165E-11 2.33242E-09 6.90652E-06 2.32106E-10
 1.85986E-10 2.23510E-10 5.97136E-06 1.90257E-14 3.25067E-07 3.51601E-07 7.53617E-09 2.16991E-12
 1.18767E-12 3.26096E-08 1.26182E-08 6.00709E-09 1.82395E-11 2.88060E-09 1.77735E-11 9.08888E-13
 1.90801E-12 7.24354E-15 1.07597E-11 1.18938E-10 1.03005E-12 1.56273E-10 1.75423E-10 1.91032E-11
 2.09935E-01 1.36380E-28 3.82857E-29 1.65947E-19 9.18954E-16 1.70448E-14 3.86068E-27 4.31471E-04
 4.60554E-11 3.20757E-09 6.97328E-06 2.96849E-10 1.94313E-10 1.96650E-10 5.52849E-06 3.75856E-14
 3.21821E-07 3.17717E-07 7.44380E-09 1.73091E-12 1.12950E-12 2.79340E-08 1.41655E-08 4.85779E-09
 2.07701E-11 2.12435E-09 1.05733E-11 7.13818E-13 9.07651E-13 6.57126E-15 8.09292E-12 1.11687E-10
 1.41493E-12 1.62969E-10 1.85819E-10 1.14764E-11 2.09930E-01 1.89403E-28 6.42964E-29 2.78479E-19
 1.11308E-15 1.68419E-14 4.34285E-27 4.31452E-04 4.03560E-11 4.47753E-09 7.02886E-06 3.71165E-10
 2.08223E-10 1.84264E-10 5.14573E-06 7.39005E-14 3.22007E-07 2.87554E-07 7.41439E-09 1.46845E-12
 1.09068E-12 2.39543E-08 1.54468E-08 3.77971E-09 2.23870E-11 1.48968E-09 6.30547E-12 5.59565E-13
 4.15804E-13 5.40798E-15 6.08275E-12 1.03987E-10 1.87199E-12 1.65531E-10 1.97447E-10 6.47400E-12
 2.09923E-01 2.79479E-28 1.09824E-28 4.69008E-19 1.36188E-15 1.65839E-14 5.00194E-27 4.31427E-04
 3.56992E-11 6.29407E-09 7.07261E-06 4.52135E-10 2.27711E-10 1.82578E-10 4.81085E-06 1.42918E-13
 3.26058E-07 2.61223E-07 7.47117E-09 1.32334E-12 1.06757E-12 2.05958E-08 1.64039E-08 2.83981E-09
 2.28156E-11 9.94825E-10 3.77443E-12 4.33191E-13 1.82804E-13 4.08910E-15 4.59672E-12 9.54973E-11
 2.39911E-12 1.63596E-10 2.11795E-10 3.44440E-12 2.09918E-01 4.32385E-28 1.88928E-28 7.90116E-19
 1.67563E-15 1.62606E-14 5.93257E-27 4.31396E-04 3.25437E-11 8.95640E-09 7.10441E-06 5.35309E-10
 2.52975E-10 1.87170E-10 4.48333E-06 2.74064E-13 3.34244E-07 2.38684E-07 7.64002E-09 1.27439E-12
 1.08434E-12 1.77872E-08 1.70225E-08 2.08619E-09 2.16013E-11 6.31416E-10 2.25381E-12 3.29029E-13
 7.64957E-14 2.80904E-15 3.51545E-12 8.47725E-11 3.01581E-12 1.57756E-10 2.30495E-10 1.71316E-12
 2.09912E-01 6.89486E-28 3.24530E-28 1.27565E-18 2.06012E-15 1.58663E-14 7.19259E-27 4.31361E-04
 2.99051E-11 1.25507E-08 7.12493E-06 6.17691E-10 2.80995E-10 1.94931E-10 4.16504E-06 5.05454E-13
 3.46833E-07 2.19451E-07 7.92578E-09 1.26433E-12 1.10687E-12 1.54221E-08 1.73399E-08 1.50100E-09
 1.95182E-11 3.87145E-10 1.34137E-12 2.43615E-13 3.08162E-14 1.81806E-15 2.72658E-12 7.31542E-11
 3.72682E-12 1.48068E-10 2.52712E-10 8.18713E-13 2.09906E-01 1.09051E-27 5.43496E-28 2.03408E-18
 2.51483E-15 1.54014E-14 8.95459E-27 4.31320E-04 2.76178E-11 1.72194E-08 7.13485E-06 6.96803E-10
 3.10117E-10 2.03438E-10 3.84778E-06 8.94194E-13 3.64114E-07 2.03033E-07 8.34272E-09 1.27443E-12
 1.13116E-12 1.34120E-08 1.74064E-08 1.06722E-09 1.69505E-11 2.31599E-10 7.95606E-13 1.76115E-13
 1.20707E-14 1.11525E-15 2.14661E-12 6.12539E-11 4.53383E-12 1.35359E-10 2.77474E-10 3.80219E-13
 2.09900E-01 1.67689E-27 8.77760E-28 3.19309E-18 3.03515E-15 1.48702E-14 1.14584E-26 4.31274E-04
 2.55971E-11 2.30835E-08 7.13473E-06 7.71237E-10 3.38998E-10 2.11076E-10 3.53198E-06 1.51980E-12
 3.86084E-07 1.89186E-07 8.90358E-09 1.29416E-12 1.15489E-12 1.17113E-08 1.72849E-08 7.56206E-10
 1.42542E-11 1.36696E-10 4.71499E-13 1.24856E-13 4.65611E-15 6.52193E-16 1.72179E-12 4.98199E-11
 5.42607E-12 1.20676E-10 3.03272E-10 1.73452E-13 2.09894E-01 2.46742E-27 1.35403E-27 4.91426E-18
 3.60354E-15 1.42903E-14 1.50405E-26 4.31223E-04 2.37705E-11 3.02662E-08 7.12527E-06 8.40627E-10
 3.66833E-10 2.17192E-10 3.22298E-06 2.49310E-12 4.12836E-07 1.77509E-07 9.62551E-09 1.31739E-12
 1.17630E-12 1.02631E-08 1.70267E-08 5.37377E-10 1.16822E-11 8.02857E-11 2.79947E-13 8.72399E-14
 1.78639E-15 3.65991E-16 1.40817E-12 3.94967E-11 6.38367E-12 1.05174E-10 3.28493E-10 7.83778E-14
 2.09887E-01 3.44955E-27 1.98797E-27 7.41063E-18 4.20338E-15 1.36781E-14 2.02259E-26 4.31169E-04
 2.20936E-11 3.89231E-08 7.10709E-06 9.05631E-10 3.93402E-10 2.22008E-10 2.92709E-06 3.97229E-12
 4.44519E-07 1.67614E-07 1.05433E-08 1.34165E-12 1.19498E-12 9.01774E-09 1.66694E-08 3.84633E-10
 9.38254E-12 4.73078E-11 1.66941E-13 6.03927E-14 6.87305E-16 1.98663E-16 1.17399E-12 3.06855E-11
 7.38941E-12 8.99310E-11 3.51765E-10 3.53304E-14 2.09880E-01 4.57623E-27 2.77962E-27 1.09614E-17
 4.81993E-15 1.30480E-14 2.77916E-26 4.31111E-04 2.05210E-11 4.90936E-08 7.08099E-06 9.65968E-10
 4.18297E-10 2.24865E-10 2.63983E-06 6.15927E-12 4.80889E-07 1.59245E-07 1.17368E-08 1.36292E-12
 1.20828E-12 7.94772E-09 1.62460E-08 2.78084E-10 7.40812E-12 2.80371E-11 1.00117E-13 4.14898E-14
 2.65959E-16 1.03937E-16 9.98528E-13 2.33446E-11 8.39281E-12 7.53177E-11 3.72859E-10 1.58935E-14
 2.09873E-01 5.77839E-27 3.71878E-27 1.59266E-17 5.43763E-15 1.24153E-14 3.88060E-26 4.31049E-04
 1.91829E-11 6.16763E-08 7.04774E-06 1.02163E-09 4.42163E-10 2.23351E-10 2.34520E-06 9.50558E-12
 5.21759E-07 1.52123E-07 1.33218E-08 1.38426E-12 1.23782E-12 7.02496E-09 1.57802E-08 2.03292E-10
 5.65217E-12 1.64733E-11 5.94840E-14 2.81603E-14 1.01135E-16 5.06160E-17 8.65849E-13 1.69740E-11
 9.40990E-12 6.15711E-11 3.92049E-10 6.91282E-15 2.09866E-01 6.95774E-27 4.77808E-27 2.19200E-17
 6.04864E-15 1.17881E-14 5.28369E-26 4.30984E-04 1.78294E-11 7.61197E-08 7.00827E-06 1.07477E-09
 4.65079E-10 2.20253E-10 2.06648E-06 1.43601E-11 5.66645E-07 1.46046E-07 1.54023E-08 1.39557E-12
 1.25807E-12 6.23035E-09 1.52863E-08 1.50720E-10 4.27112E-12 9.74045E-12 3.56601E-14 1.90773E-14
 3.88195E-17 2.36749E-17 7.65235E-13 1.21012E-11 1.03141E-11 4.92221E-11 4.08422E-10 2.99775E-15
 2.09858E-01 8.06449E-27 5.93760E-27 2.97090E-17 6.63781E-15 1.11810E-14 7.20555E-26 4.30916E-04
 1.64719E-11 9.26543E-08 6.96383E-06 1.12912E-09 4.88611E-10 2.17063E-10 1.80919E-06 2.13989E-11
 6.14671E-07 1.40869E-07 1.80720E-08 1.39746E-12 1.27057E-12 5.55119E-09 1.47803E-08 1.13621E-10
 3.21237E-12 5.85040E-12 2.16851E-14 1.29770E-14 1.52010E-17 1.07288E-17 6.89225E-13 8.52515E-12
 1.11006E-11 3.86625E-11 4.21800E-10 1.30634E-15 2.09851E-01 9.07259E-27 7.18326E-27 3.96678E-17
 7.19091E-15 1.06078E-14 9.81663E-26 4.30845E-04 1.51111E-11 1.11452E-07 6.91532E-06 1.18838E-09
 5.14389E-10 2.14594E-10 1.57386E-06 3.16179E-11 6.65363E-07 1.36405E-07 2.14582E-08 1.38971E-12
 1.27499E-12 4.96920E-09 1.42711E-08 8.73006E-11 2.41345E-12 3.58316E-12 1.34287E-14 8.89886E-15
 6.10515E-18 4.72510E-18 6.31404E-13 5.96014E-12 1.17582E-11 2.98993E-11 4.32482E-10 5.73784E-16
 2.09843E-01 1.00121E-26 8.53328E-27 5.22537E-17 7.70360E-15 1.00726E-14 1.33566E-25 4.30773E-04
 1.37482E-11 1.32682E-07 6.86299E-06 1.25684E-09 5.44326E-10 2.13484E-10 1.36027E-06 4.65326E-11
 7.18777E-07 1.32464E-07 2.57333E-08 1.37240E-12 1.27061E-12 4.46439E-09 1.37613E-08 6.85226E-11
 1.81686E-12 2.23903E-12 8.50055E-15 6.17284E-15 2.52529E-18 2.02652E-18 5.86650E-13 4.14983E-12
 1.22809E-11 2.27997E-11 4.40868E-10 2.54529E-16 2.09835E-01 1.09566E-26 1.00404E-26 6.80151E-17
 8.17844E-15 9.57211E-15 1.81707E-25 4.30698E-04 1.23959E-11 1.56529E-07 6.80692E-06 1.33947E-09
 5.80617E-10 2.14503E-10 1.16804E-06 6.84899E-11 7.75082E-07 1.28895E-07 3.10880E-08 1.34622E-12
 1.25696E-12 4.02098E-09 1.32523E-08 5.50656E-11 1.37427E-12 1.42861E-12 5.52202E-15 4.34569E-15
 1.08064E-18 8.49471E-19 5.51390E-13 2.88946E-12 1.26812E-11 1.71814E-11 4.47335E-10 1.14374E-16
 2.09827E-01 1.20034E-26 1.17868E-26 8.75518E-17 8.61814E-15 9.10289E-15 2.47478E-25 4.30620E-04
 1.10827E-11 1.83227E-07 6.74778E-06 1.44155E-09 6.25591E-10 2.18423E-10 9.96725E-07 1.01155E-10
 8.33794E-07 1.25623E-07 3.76512E-08 1.31230E-12 1.23386E-12 3.63149E-09 1.27515E-08 4.53997E-11
 1.04720E-12 9.34235E-13 3.69647E-15 3.11468E-15 4.81332E-19 3.49799E-19 5.23465E-13 2.02073E-12
 1.29863E-11 1.28308E-11 4.52230E-10 5.23003E-17 2.09819E-01 1.32531E-26 1.38736E-26 1.11415E-16
 9.01985E-15 8.66728E-15 3.37501E-25 4.30539E-04 9.84879E-12 2.13051E-07 6.68633E-06 1.56820E-09
 6.81503E-10 2.25879E-10 8.45513E-07 1.50218E-10 8.94300E-07 1.22592E-07 4.55085E-08 1.27176E-12
 1.20126E-12 3.29001E-09 1.22661E-08 3.84360E-11 8.05199E-13 6.28470E-13 2.55613E-15 2.27686E-15
 2.24039E-19 1.42081E-19 5.01283E-13 1.42350E-12 1.32216E-11 9.51616E-12 4.55882E-10 2.44160E-17
 2.09811E-01 1.48114E-26 1.64254E-26 1.40088E-16 9.38096E-15 8.26749E-15 4.60599E-25 4.30456E-04
 8.76630E-12 2.46195E-07 6.62230E-06 1.72449E-09 7.50639E-10 2.37526E-10 7.12849E-07 2.24402E-10
 9.56976E-07 1.19717E-07 5.48510E-08 1.22505E-12 1.15881E-12 2.98642E-09 1.17954E-08 3.33913E-11
 6.24679E-13 4.34577E-13 1.82450E-15 1.69711E-15 1.08757E-19 5.69739E-20 4.83334E-13 1.01033E-12
 1.33962E-11 7.01404E-12 4.58594E-10 1.16234E-17 2.09802E-01 1.68229E-26 1.96206E-26 1.74039E-16
 9.70553E-15 7.89887E-15 6.28683E-25 4.30369E-04 8.06021E-12 2.82621E-07 6.55557E-06 1.91766E-09
 8.36328E-10 2.54269E-10 5.96710E-07 3.37232E-10 1.02200E-06 1.16938E-07 6.58609E-08 1.17267E-12
 1.10653E-12 2.71390E-09 1.13407E-08 2.97634E-11 4.89114E-13 3.08658E-13 1.34283E-15 1.28952E-15
 5.49256E-20 2.25643E-20 4.68607E-13 7.22411E-13 1.35183E-11 5.14003E-12 4.60601E-10 5.63522E-18
 2.09794E-01 1.95142E-26 2.37345E-26 2.13414E-16 9.99606E-15 7.55870E-15 8.57370E-25 4.30278E-04
 8.34898E-12 3.25389E-07 6.48664E-06 2.16226E-09 9.46822E-10 2.77057E-10 4.89424E-07 5.19333E-10
 1.08896E-06 1.14231E-07 7.86309E-08 1.11524E-12 1.06126E-12 2.46931E-09 1.09089E-08 2.70479E-11
 3.80136E-13 2.23666E-13 1.00307E-15 9.83686E-16 2.79416E-20 8.45908E-21 4.56477E-13 5.08897E-13
 1.36590E-11 3.71601E-12 4.62061E-10 2.68935E-18 2.09785E-01 2.32551E-26 2.91084E-26 2.50238E-16
 1.02601E-14 7.24746E-15 1.13661E-24 4.30183E-04 1.08426E-11 3.69297E-07 6.41556E-06 2.48477E-09
 1.09346E-09 3.12792E-10 3.95747E-07 8.04613E-10 1.15780E-06 1.11562E-07 9.33113E-08 1.05353E-12
 1.00322E-12 2.24864E-09 1.05020E-08 2.54949E-11 3.01191E-13 1.69031E-13 7.85668E-16 7.70960E-16
 1.49513E-20 3.12778E-21 4.46396E-13 3.64761E-13 1.37223E-11 2.66897E-12 4.63150E-10 1.31619E-18
 2.09775E-01 2.91691E-26 3.68585E-26 2.88946E-16 1.04946E-14 6.96379E-15 1.51425E-24 4.30084E-04
 1.75836E-11 4.11147E-07 6.34238E-06 2.93137E-09 1.29782E-09 3.70304E-10 3.13842E-07 1.25760E-09
 1.22848E-06 1.08899E-07 1.10089E-07 9.89036E-13 9.32903E-13 2.04866E-09 1.01245E-08 2.51762E-11
 2.45299E-13 1.35545E-13 6.56560E-16 6.25300E-16 8.59994E-21 1.13932E-21 4.37947E-13 2.68613E-13
 1.36908E-11 1.90200E-12 4.64003E-10 6.69373E-19 2.09766E-01 3.92529E-26 4.89027E-26 3.27219E-16
 1.07033E-14 6.70621E-15 2.03403E-24 4.29981E-04 3.11132E-11 4.48550E-07 6.26727E-06 3.56134E-09
 1.58726E-09 4.59727E-10 2.43732E-07 1.98648E-09 1.30079E-06 1.06222E-07 1.29143E-07 9.25070E-13
 8.56056E-13 1.86728E-09 9.78334E-09 2.61067E-11 2.06184E-13 1.16124E-13 5.87649E-16 5.25562E-16
 5.35458E-21 4.09192E-22 4.30829E-13 2.03791E-13 1.35714E-11 1.34534E-12 4.64699E-10 3.55228E-19
 2.09756E-01 5.67356E-26 6.83908E-26 3.61950E-16 1.08901E-14 6.47389E-15 2.75062E-24 4.29874E-04
 5.38188E-11 4.82607E-07 6.18923E-06 4.43197E-09 1.98696E-09 5.90589E-10 1.86419E-07 3.17090E-09
 1.37559E-06 1.03479E-07 1.50942E-07 8.64328E-13 7.81072E-13 1.70042E-09 9.47997E-09 2.80358E-11
 1.77997E-13 1.04886E-13 5.52853E-16 4.52999E-16 3.53799E-21 1.45519E-22 4.24720E-13 1.58027E-13
 1.34011E-11 9.46773E-13 4.65268E-10 1.94531E-19 2.09746E-01 8.62523E-26 9.97773E-26 3.90891E-16
 1.10612E-14 6.26276E-15 3.71774E-24 4.29761E-04 8.73147E-11 5.18232E-07 6.10682E-06 5.58245E-09
 2.51120E-09 7.68157E-10 1.41971E-07 5.10682E-09 1.45417E-06 1.00613E-07 1.76102E-07 8.06896E-13
 7.13623E-13 1.54408E-09 9.21239E-09 3.03808E-11 1.55979E-13 9.71987E-14 5.28112E-16 3.93006E-16
 2.38517E-21 5.15914E-23 4.19362E-13 1.23392E-13 1.32331E-11 6.65351E-13 4.65702E-10 1.07570E-19
 2.09735E-01 1.33462E-25 1.48496E-25 4.13868E-16 1.12209E-14 6.06862E-15 4.97421E-24 4.29640E-04
 1.32015E-10 5.62304E-07 6.01920E-06 7.02135E-09 3.15642E-09 9.87491E-10 1.08884E-07 8.27760E-09
 1.53711E-06 9.76067E-08 2.05026E-07 7.50792E-13 6.54339E-13 1.39658E-09 8.98007E-09 3.23311E-11
 1.36939E-13 8.96776E-14 4.94226E-16 3.36743E-16 1.57518E-21 1.83680E-23 4.14626E-13 9.55882E-14
 1.31157E-11 4.68580E-13 4.65992E-10 5.87748E-20 2.09724E-01 2.03567E-25 2.20206E-25 4.32827E-16
 1.13687E-14 5.88993E-15 6.53827E-24 4.29511E-04 1.87373E-10 6.21549E-07 5.92553E-06 8.72888E-09
 3.90184E-09 1.23175E-09 8.46844E-08 1.34654E-08 1.62489E-06 9.44620E-08 2.38055E-07 6.92930E-13
 6.00078E-13 1.25681E-09 8.78172E-09 3.31381E-11 1.19244E-13 8.04148E-14 4.41608E-16 2.81083E-16
 9.88731E-22 6.59302E-24 4.10421E-13 7.26725E-14 1.30766E-11 3.31340E-13 4.66135E-10 3.12079E-20
 2.09712E-01 3.00063E-25 3.20658E-25 4.50767E-16 1.15027E-14 5.72553E-15 8.41720E-24 4.29373E-04
 2.52234E-10 7.02251E-07 5.82480E-06 1.06602E-08 4.71176E-09 1.47286E-09 6.69217E-08 2.19147E-08
 1.71791E-06 9.11951E-08 2.75470E-07 6.30735E-13 5.46885E-13 1.12408E-09 8.61523E-09 3.23613E-11
 1.02367E-13 6.90849E-14 3.71690E-16 2.26663E-16 5.80326E-22 2.38758E-24 4.06680E-13 5.39003E-14
 1.31276E-11 2.35306E-13 4.66140E-10 1.59522E-20 2.09700E-01 4.23758E-25 4.56299E-25 4.70715E-16
 1.16208E-14 5.57443E-15 1.06145E-23 4.29224E-04 3.25126E-10 8.09587E-07 5.71596E-06 1.27703E-08
 5.54819E-09 1.67503E-09 5.35531E-08 3.55702E-08 1.81626E-06 8.78362E-08 3.17477E-07 5.63230E-13
 4.91827E-13 9.98117E-10 8.47713E-09 3.00507E-11 8.65201E-14 5.65432E-14 2.94012E-16 1.76022E-16
 3.17500E-22 8.70915E-25 4.03351E-13 3.89712E-14 1.32707E-11 1.67671E-13 4.66016E-10 7.83600E-21
 2.09687E-01 5.72131E-25 6.37321E-25 4.94592E-16 1.17220E-14 5.43568E-15 1.31337E-23 4.29065E-04
 4.04859E-10 9.45148E-07 5.59784E-06 1.51256E-08 6.41739E-09 1.79615E-09 4.29944E-08 5.76275E-08
 1.91942E-06 8.44257E-08 3.64212E-07 4.91149E-13 4.33573E-13 8.79043E-10 8.36208E-09 2.67848E-11
 7.25265E-14 4.39765E-14 2.19249E-16 1.32172E-16 1.62719E-22 3.19158E-25 4.00391E-13 2.75341E-14
 1.34981E-11 1.19720E-13 4.65781E-10 3.71079E-21 2.09673E-01 7.34410E-25 8.88655E-25 5.21082E-16
 1.18085E-14 5.30832E-15 1.60080E-23 4.28895E-04 4.94215E-10 1.12893E-06 5.46862E-06 1.78574E-08
 7.33772E-09 1.77375E-09 3.48790E-08 9.48894E-08 2.02563E-06 8.10114E-08 4.15756E-07 4.16157E-13
 3.69793E-13 7.67622E-10 8.26312E-09 2.27511E-11 6.04742E-14 3.20267E-14 1.49892E-16 9.58984E-17
 7.68265E-23 1.16175E-25 3.97765E-13 1.85728E-14 1.37616E-11 8.51467E-14 4.65489E-10 1.65949E-21
 2.09658E-01 8.61589E-25 1.24836E-24 5.51718E-16 1.18796E-14 5.19139E-15 1.93890E-23 4.28712E-04
 6.11408E-10 1.56502E-06 5.31997E-06 1.93617E-08 7.68209E-09 1.51343E-09 3.19983E-08 1.65405E-07
 2.13500E-06 7.75095E-08 4.74399E-07 3.39885E-13 2.89234E-13 6.61841E-10 8.16839E-09 1.58830E-11
 4.59359E-14 2.08217E-14 8.12919E-17 6.30069E-17 2.99236E-23 3.86710E-26 3.95349E-13 1.03907E-14
 1.38900E-11 5.77574E-14 4.65317E-10 6.13266E-22 2.09642E-01 8.07432E-25 1.58189E-24 6.38520E-16
 1.18877E-14 5.07967E-15 2.35020E-23 4.28509E-04 7.71270E-10 3.14909E-06 5.14653E-06 1.46322E-08
 5.74458E-09 1.05547E-09 4.10842E-08 2.88649E-07 2.24594E-06 7.38075E-08 5.43155E-07 2.74501E-13
 1.95334E-13 5.62747E-10 8.05809E-09 6.65232E-12 2.48364E-14 1.25020E-14 2.93784E-17 3.07212E-17
 8.72261E-24 1.05277E-26 3.93017E-13 3.71472E-15 1.36853E-11 3.50368E-14 4.65459E-10 1.58228E-22
 2.09623E-01 4.71007E-25 1.30866E-24 9.70526E-16 1.16479E-14 4.96802E-15 2.66797E-23 4.28272E-04
 8.97594E-10 7.22571E-06 4.96265E-06 8.37027E-09 3.23102E-09 7.43555E-10 6.17698E-08 4.25913E-07
 2.36009E-06 6.99274E-08 6.21953E-07 2.30218E-13 1.41846E-13 4.76136E-10 7.91444E-09 2.03505E-12
 1.03567E-14 8.40101E-15 8.72124E-18 1.08376E-17 2.28085E-24 2.97463E-27 3.90716E-13 9.06101E-16
 1.35701E-11 2.19700E-14 4.65483E-10 3.12800E-23 2.09599E-01 1.94981E-25 7.32223E-25 1.63350E-15
 1.10744E-14 4.85603E-15 2.52237E-23 4.27997E-04 9.44936E-10 1.38710E-05 4.77385E-06 5.06572E-09
 1.86184E-09 6.26801E-10 8.18310E-08 5.46180E-07 2.48406E-06 6.59168E-08 7.10917E-07 1.96664E-13
 1.25310E-13 4.01369E-10 7.74483E-09 7.11173E-13 4.41632E-15 6.44238E-15 2.75160E-18 3.76688E-18
 6.56309E-25 1.00473E-27 3.88432E-13 2.05547E-16 1.38192E-11 1.52452E-14 4.65115E-10 5.40440E-24
 2.09570E-01 7.88984E-26 4.06556E-25 2.42952E-15 1.03647E-14 4.74371E-15 2.16081E-23 4.27679E-04
 9.40820E-10 2.23932E-05 4.57698E-06 3.41008E-09 1.18343E-09 6.02140E-10 9.38170E-08 6.55715E-07
 2.61823E-06 6.18260E-08 8.11047E-07 1.66449E-13 1.22313E-13 3.34649E-10 7.55953E-09 3.08365E-13
 2.06776E-15 5.21155E-15 1.13667E-18 1.49495E-18 2.41291E-25 3.84895E-28 3.86170E-13 5.58372E-17
 1.43931E-11 1.12265E-14 4.64397E-10 9.09880E-25 2.09536E-01 3.97254E-26 2.52512E-25 3.23417E-15
 9.64267E-15 4.63093E-15 1.82815E-23 4.27310E-04 9.12721E-10 3.24042E-05 4.36839E-06 2.48092E-09
 8.17788E-10 5.99783E-10 9.73655E-08 7.70491E-07 2.75828E-06 5.77054E-08 9.23482E-07 1.37732E-13
 1.19927E-13 2.73355E-10 7.36097E-09 1.57837E-13 1.04570E-15 4.20378E-15 6.49224E-19 6.75135E-19
 1.14550E-25 1.57656E-28 3.83931E-13 1.93057E-17 1.52612E-11 8.52158E-15 4.63359E-10 1.67055E-25
 2.09497E-01 2.75041E-26 1.74853E-25 4.01880E-15 8.93639E-15 4.51754E-15 1.56984E-23 4.26883E-04
 8.71351E-10 4.44225E-05 4.14556E-06 1.89413E-09 5.96793E-10 5.85737E-10 9.57248E-08 9.07647E-07
 2.89767E-06 5.36029E-08 1.04918E-06 1.10773E-13 1.12992E-13 2.16797E-10 7.14557E-09 8.91890E-14
 5.55387E-16 3.29340E-15 4.40748E-19 3.31424E-19 6.21333E-26 6.73168E-29 3.81712E-13 7.84964E-18
 1.64773E-11 6.59217E-15 4.61941E-10 3.64052E-26 2.09450E-01 2.32189E-26 1.30415E-25 4.80256E-15
 8.22596E-15 4.40344E-15 1.36921E-23 4.26388E-04 8.24570E-10 6.02338E-05 3.90815E-06 1.49566E-09
 4.48038E-10 5.46153E-10 9.59321E-08 1.08198E-06 3.02869E-06 4.95747E-08 1.18824E-06 8.63350E-14
 1.00825E-13 1.65795E-10 6.90756E-09 5.30189E-14 3.12222E-16 2.47649E-15 3.08001E-19 1.73368E-19
 3.45750E-26 3.21364E-29 3.79504E-13 3.57211E-18 1.81746E-11 5.30262E-15 4.60006E-10 9.82094E-27
 2.09395E-01 2.04042E-26 1.01016E-25 5.66009E-15 7.43560E-15 4.28875E-15 1.21170E-23 4.25817E-04
 7.65179E-10 8.35586E-05 3.65852E-06 1.18960E-09 3.33460E-10 4.80080E-10 1.00789E-07 1.30289E-06
 3.14403E-06 4.56834E-08 1.33964E-06 6.51329E-14 8.52851E-14 1.21938E-10 6.64343E-09 3.17201E-14
 1.80191E-16 1.77777E-15 2.07721E-19 9.25817E-20 1.87954E-26 1.71311E-29 3.77295E-13 1.68762E-18
 2.05685E-11 4.43417E-15 4.57332E-10 3.07643E-27 2.09327E-01 1.70429E-26 7.56185E-26 6.58251E-15
 6.57298E-15 4.17387E-15 1.04905E-23 4.25156E-04 6.76586E-10 1.20486E-04 3.39984E-06 9.21505E-10
 2.37456E-10 3.95479E-10 1.06281E-07 1.57283E-06 3.23922E-06 4.19595E-08 1.50253E-06 4.75221E-14
 6.89322E-14 8.62405E-11 6.35269E-09 1.86894E-14 9.85671E-17 1.21381E-15 1.31844E-19 4.78071E-20
 9.79091E-27 8.96094E-30 3.75055E-13 7.29841E-19 2.39112E-11 3.72209E-15 4.53659E-10 7.49712E-28
 2.09242E-01 1.29551E-26 5.10176E-26 7.46735E-15 5.74004E-15 4.05854E-15 8.47724E-24 4.24393E-04
 5.82205E-10 1.78806E-04 3.13749E-06 7.12643E-10 1.63844E-10 3.05402E-10 1.19583E-07 1.88418E-06
 3.31295E-06 3.84286E-08 1.67524E-06 3.35745E-14 5.38674E-14 5.87371E-11 6.03880E-09 1.14936E-14
 5.44709E-17 7.87092E-16 7.79224E-20 2.61696E-20 4.84418E-27 5.23362E-30 3.72749E-13 3.14120E-19
 2.83494E-11 3.25868E-15 4.48830E-10-1.61364E-27 2.09135E-01 8.93403E-27 3.16816E-26 8.33957E-15
 4.91116E-15 3.94252E-15 6.53536E-24 4.23513E-04 4.79856E-10 2.68940E-04 2.87760E-06 5.40414E-10
 1.08866E-10 2.22023E-10 1.31762E-07 2.22387E-06 3.36673E-06 3.51098E-08 1.85591E-06 2.30574E-14
 4.14524E-14 3.87462E-11 5.70980E-09 7.46471E-15 2.85594E-17 4.85955E-16 4.27821E-20 1.47599E-20
 2.28301E-27 2.89708E-30 3.70340E-13 1.24367E-19 3.39332E-11 2.82328E-15 4.42785E-10-1.28587E-26
 2.08998E-01 5.56077E-27 1.80220E-26 9.10283E-15 4.18210E-15 3.82546E-15 4.74264E-24 4.22495E-04
 3.91927E-10 4.02747E-04 2.62551E-06 4.11966E-10 7.13587E-11 1.53006E-10 1.47603E-07 2.57552E-06
 3.40404E-06 3.20100E-08 2.04293E-06 1.54564E-14 3.20165E-14 2.48764E-11 5.37389E-09 5.23380E-15
 1.50396E-17 2.86595E-16 2.17992E-20 9.01789E-21 1.05464E-27 1.66109E-30 3.67787E-13 4.96106E-20
 4.05558E-11 2.47881E-15 4.35616E-10-6.06040E-26 2.08821E-01 3.15484E-27 9.81957E-27 9.78111E-15
 3.52801E-15 3.70685E-15 3.34297E-24 4.21319E-04 3.21226E-10 5.93216E-04 2.38647E-06 3.15354E-10
 4.65632E-11 1.01003E-10 1.64606E-07 2.92340E-06 3.42907E-06 2.91446E-08 2.23417E-06 1.01851E-14
 2.52840E-14 1.56838E-11 5.04093E-09 3.88054E-15 7.94568E-18 1.62762E-16 1.03626E-20 5.82239E-21
 5.58836E-28 9.56252E-31 3.65053E-13 2.01175E-20 4.79981E-11 2.17400E-15 4.27527E-10-1.53686E-25
 2.08596E-01 1.64890E-27 5.23324E-27 1.03541E-14 2.96773E-15 3.58632E-15 2.31156E-24 4.19953E-04
 2.55542E-10 8.55542E-04 2.16262E-06 2.37261E-10 3.01048E-11 6.44520E-11 1.70714E-07 3.25690E-06
 3.44547E-06 2.65050E-08 2.42913E-06 6.63402E-15 2.06360E-14 9.79536E-12 4.71759E-09 2.92506E-15
 3.95409E-18 8.97267E-17 4.62538E-21 3.70216E-21 4.82761E-28 4.78564E-31 3.62090E-13 7.61130E-21
 5.60540E-11 1.82566E-15 4.18704E-10-3.34220E-26 2.08310E-01 7.93390E-28 2.72946E-27 1.07876E-14
 2.53416E-15 3.46297E-15 1.55917E-24 4.18365E-04 2.03697E-10 1.20440E-03 1.95478E-06 1.78663E-10
 1.95976E-11 4.00621E-11 1.73387E-07 3.56798E-06 3.45600E-06 2.40792E-08 2.62757E-06 4.28530E-15
 1.74350E-14 6.09797E-12 4.40772E-09 2.24382E-15 1.95254E-18 4.82905E-17 1.94651E-21 2.39125E-21
 6.74616E-28 2.31832E-31 3.58852E-13 2.92362E-21 6.44943E-11 1.51546E-15 4.09355E-10-3.81521E-27
 2.07952E-01 3.54549E-28 1.43060E-27 1.11251E-14 2.18191E-15 3.33592E-15 1.04852E-24 4.16514E-04
 1.64763E-10 1.65275E-03 1.76387E-06 1.34535E-10 1.28907E-11 2.44565E-11 1.72129E-07 3.85194E-06
 3.46281E-06 2.18649E-08 2.82861E-06 2.75643E-15 1.52028E-14 3.81512E-12 4.11541E-09 1.73698E-15
 9.62858E-19 2.55626E-17 7.77810E-22 1.55646E-21 1.02446E-27 1.09463E-31 3.55292E-13 1.14915E-21
 7.30800E-11 1.24228E-15 3.99693E-10-3.00479E-28 2.07510E-01 1.48751E-28 7.60844E-28 1.13858E-14
 1.88919E-15 3.20450E-15 7.07340E-25 4.14355E-04 1.35371E-10 2.21217E-03 1.59006E-06 1.01095E-10
 8.58075E-12 1.47656E-11 1.66770E-07 4.10687E-06 3.46742E-06 1.98570E-08 3.03154E-06 1.77149E-15
 1.36096E-14 2.41881E-12 3.84369E-09 1.35156E-15 4.73789E-19 1.34015E-17 2.96424E-22 1.01725E-21
 1.38281E-27 5.02300E-32 3.51356E-13 4.62021E-22 8.16088E-11 1.00418E-15 3.89889E-10-1.82414E-29
 2.06971E-01 5.92017E-29 4.12359E-28 1.15767E-14 1.64629E-15 3.06799E-15 4.79976E-25 4.11830E-04
 1.09966E-10 2.89441E-03 1.43265E-06 7.50616E-11 5.75173E-12 8.85638E-12 1.53577E-07 4.33294E-06
 3.47052E-06 1.80434E-08 3.23634E-06 1.13981E-15 1.24398E-14 1.56543E-12 3.59434E-09 1.04718E-15
 2.26171E-19 6.99590E-18 1.06240E-22 6.52150E-22 1.57501E-27 2.11401E-32 3.46979E-13 1.81861E-22
 8.99305E-11 7.87663E-16 3.80057E-10-8.07473E-31 2.06324E-01 2.24318E-29 2.26658E-28 1.16946E-14
 1.45335E-15 2.92548E-15 3.26025E-25 4.08875E-04 8.84754E-11 3.71043E-03 1.29053E-06 5.52346E-11
 3.88648E-12 5.28798E-12 1.35673E-07 4.53047E-06 3.47203E-06 1.64088E-08 3.44329E-06 7.34406E-16
 1.15551E-14 1.03910E-12 3.36778E-09 8.09499E-16 1.05432E-19 3.64533E-18 3.35875E-23 4.12599E-22
 1.50130E-27 8.27560E-33 3.42092E-13 7.06310E-23 9.79122E-11 6.03011E-16 3.70289E-10 8.43202E-33
 2.05554E-01 8.11954E-30 1.26547E-28 1.17504E-14 1.29619E-15 2.77616E-15 2.22175E-25 4.05418E-04
 7.38365E-11 4.66589E-03 1.16329E-06 4.09025E-11 2.67117E-12 3.15296E-12 1.20597E-07 4.70038E-06
 3.47213E-06 1.49470E-08 3.65160E-06 4.74389E-16 1.08681E-14 7.10503E-13 3.16464E-09 6.33621E-16
 5.04491E-20 1.90074E-18 9.34970E-24 2.68155E-22 1.20792E-27 3.32941E-33 3.36616E-13 2.84843E-23
 1.05375E-10 4.63307E-16 3.60714E-10 1.72753E-32 2.04650E-01 2.85029E-30 7.25168E-29 1.17615E-14
 1.15313E-15 2.61949E-15 1.53520E-25 4.01370E-04 6.21210E-11 5.76896E-03 1.05023E-06 3.01486E-11
 1.85156E-12 1.88182E-12 1.04201E-07 4.84501E-06 3.47101E-06 1.36489E-08 3.86074E-06 3.07672E-16
 1.03179E-14 5.02358E-13 2.98584E-09 4.96800E-16 2.40535E-20 9.94433E-19 2.57528E-24 1.73595E-22
 8.33193E-28 1.28879E-33 3.30422E-13 1.19851E-23 1.12151E-10 3.49694E-16 3.51420E-10 7.06059E-33
 2.03594E-01 9.77037E-31 4.22404E-29 1.17206E-14 1.02604E-15 2.45423E-15 1.06594E-25 3.96596E-04
 5.31016E-11 7.02968E-03 9.50511E-07 2.22125E-11 1.29559E-12 1.12658E-12 8.87388E-08 4.96561E-06
 3.46830E-06 1.25035E-08 4.07016E-06 2.00647E-16 9.85886E-15 3.68119E-13 2.83160E-09 3.92123E-16
 1.15457E-20 5.22788E-19 8.37172E-25 1.13275E-22 5.01728E-28 4.88717E-34 3.23334E-13 4.98845E-24
 1.18066E-10 2.61036E-16 3.42471E-10 2.70872E-33 2.02362E-01 3.29827E-31 2.49924E-29 1.16249E-14
 9.10322E-16 2.27887E-15 7.44279E-26 3.90914E-04 4.66278E-11 8.46070E-03 8.63388E-07 1.64264E-11
 9.15629E-13 6.79164E-13 7.54572E-08 5.06388E-06 3.46394E-06 1.15009E-08 4.27871E-06 1.32050E-16
 9.45482E-15 2.80208E-13 2.70220E-09 3.13031E-16 5.65814E-21 2.76916E-19 3.32176E-25 7.53239E-23
 2.68772E-28 1.85943E-34 3.15098E-13 2.26801E-24 1.22925E-10 1.93853E-16 3.33910E-10 1.07347E-33
 2.00921E-01 1.10910E-31 1.49983E-29 1.14672E-14 8.03141E-16 2.09134E-15 5.22586E-26 3.84067E-04
 4.10491E-11 1.00841E-02 7.87798E-07 1.21309E-11 6.48993E-13 4.14939E-13 6.27637E-08 5.14120E-06
 3.45756E-06 1.06272E-08 4.48541E-06 8.83051E-17 9.07519E-15 2.21991E-13 2.59793E-09 2.51099E-16
 2.77780E-21 1.48458E-19 1.42492E-25 5.00611E-23 1.30366E-28 6.78127E-35 3.05375E-13 8.87891E-25
 1.26540E-10 1.41242E-16 3.25709E-10 4.16772E-34 1.99226E-01 3.73160E-32 9.03919E-30 1.12317E-14
 7.07745E-16 1.88924E-15 3.65886E-26 3.75714E-04 3.64715E-11 1.19238E-02 7.22691E-07 8.99205E-12
 4.61702E-13 2.61215E-13 5.17087E-08 5.19784E-06 3.44846E-06 9.86804E-09 4.68867E-06 6.08962E-17
 8.69542E-15 1.83445E-13 2.51857E-09 2.03390E-16 1.38167E-21 8.15731E-20 6.07235E-26 3.36429E-23
 5.84000E-29 2.40888E-35 2.93834E-13 3.78819E-25 1.28732E-10 1.01517E-16 3.17825E-10 1.62365E-34
 1.97228E-01 1.26746E-32 5.46110E-30 1.09076E-14 6.23115E-16 1.67199E-15 2.55346E-26 3.65510E-04
 3.23886E-11 1.40060E-02 6.66945E-07 6.70094E-12 3.28500E-13 1.76245E-13 4.18357E-08 5.23369E-06
 3.43578E-06 9.20830E-09 4.88684E-06 4.45489E-17 8.29721E-15 1.58496E-13 2.46357E-09 1.65857E-16
 6.94546E-22 4.76371E-20 2.58465E-26 2.26552E-23 2.51156E-29 8.18889E-36 2.80222E-13 1.56402E-25
 1.29361E-10 7.15556E-17 3.10186E-10 6.18452E-35 1.94883E-01 4.45592E-33 3.28924E-30 1.04861E-14
 5.49736E-16 1.44185E-15 1.76758E-26 3.53168E-04 2.93438E-11 1.63469E-02 6.19623E-07 5.08239E-12
 2.34285E-13 1.37629E-13 3.38387E-08 5.24802E-06 3.41856E-06 8.63472E-09 5.07783E-06 3.61383E-17
 7.87137E-15 1.43548E-13 2.43176E-09 1.36737E-16 3.72401E-22 3.23324E-20 1.27737E-26 1.54536E-23
 1.20054E-29 2.83599E-36 2.64513E-13 6.51135E-26 1.28348E-10 5.00876E-17 3.02756E-10 2.42032E-35
 1.92172E-01 1.94093E-33 1.97768E-30 9.96874E-15 4.86716E-16 1.20558E-15 1.21534E-26 3.38601E-04
 2.85150E+02 2.78650E+02 2.72150E+02 2.65660E+02 2.61170E+02 2.55680E+02 2.49190E+02 2.42700E+02
 2.36210E+02 2.25000E+02 2.10000E+02 2.10000E+02 2.10000E+02 2.10000E+02 2.10000E+02 2.10000E+02
 2.14000E+02 2.14000E+02 2.16650E+02 2.16650E+02 2.16650E+02 2.17580E+02 2.18570E+02 2.19570E+02
 2.20560E+02 2.21550E+02 2.22540E+02 2.23540E+02 2.24530E+02 2.25520E+02 2.26510E+02 2.27500E+02
 2.28490E+02 2.30970E+02 2.33740E+02 2.36510E+02 2.39280E+02 2.37000E+02 2.35000E+02 2.33000E+02
 2.30000E+02 2.27000E+02 2.24000E+02 2.22000E+02 2.20000E+02 2.18000E+02 2.16000E+02 2.14000E+02
 2.12000E+02 2.10000E+02 2.09000E+02 2.08000E+02 2.07000E+02 2.06000E+02 2.05000E+02 2.04000E+02
 2.03000E+02 2.02000E+02 2.01000E+02 2.00000E+02 2.00000E+02 2.00000E+02 2.00000E+02 2.00000E+02
 2.00000E+02 2.00000E+02 2.00000E+02 2.00000E+02 2.00000E+02 2.00000E+02 2.00000E+02 2.00000E+02
 2.00000E+02 2.00000E+02 2.00000E+02 2.00000E+02 2.00000E+02 2.00000E+02 2.00000E+02 1.98600E+02
 1.96000E+02 1.94700E+02 1.92000E+02 1.90800E+02 1.89000E+02 1.86900E+02 1.86900E+02 1.86900E+02
 1.86900E+02 1.86900E+02 1.88000E+02 1.90000E+02 1.91000E+02 1.92500E+02 1.94000E+02 1.95000E+02
 1.96500E+02 1.98000E+02 2.00000E+02 2.02000E+02 1.00000E+05 1.00000E+05 1.00000E+05 1.00000E+05
 1.00000E+05 1.00000E+05 1.00000E+05 1.00000E+05 1.00000E+05 8.94400E+04 4.89900E+04 2.25800E+04
 1.16600E+04 6.81200E+03 5.16500E+03 4.29000E+03 3.95000E+03 3.90000E+03 3.99900E+03 4.34300E+03
 4.84400E+03 5.43900E+03 6.18700E+03 7.03600E+03 7.98400E+03 8.98600E+03 1.00300E+04 1.12800E+04
 1.24900E+04 1.36300E+04 1.51300E+04 1.66900E+04 1.81800E+04 1.99800E+04 2.19800E+04 2.44500E+04
 2.74600E+04 3.04600E+04 3.39400E+04 3.79500E+04 4.19500E+04 4.64300E+04 5.19100E+04 5.84000E+04
 6.44500E+04 7.13600E+04 7.99000E+04 8.79100E+04 9.68700E+04 1.06900E+05 1.17800E+05 1.31800E+05
 1.48300E+05 1.65800E+05 1.83300E+05 2.01800E+05 2.25600E+05 2.52200E+05 2.77200E+05 3.07000E+05
 3.42100E+05 3.79500E+05 4.21900E+05 4.71700E+05 5.17400E+05 5.67400E+05 6.22400E+05 6.82600E+05
 7.48700E+05 8.21200E+05 9.00700E+05 9.87900E+05 1.00000E+06 1.00000E+06 1.00000E+06 1.00000E+06
 1.00000E+06 1.00000E+06 1.00000E+06 1.00000E+06 1.00000E+06 1.00000E+06 1.00000E+06 1.00000E+06
 1.00000E+06 1.00000E+06 1.00000E+06 1.00000E+06 1.00000E+06 1.00000E+06 1.00000E+06 1.00000E+06
 1.00000E+06 1.00000E+06 1.00000E+06 1.00000E+06 1.00000E+06 1.00000E+06 1.00000E+06 1.00000E+06
 2.42824E+19 2.20137E+19 1.99116E+19 1.79666E+19 1.60553E+19 1.43722E+19 1.28833E+19 1.15158E+19
 1.02627E+19 9.29444E+18 8.51503E+18 7.24069E+18 6.15737E+18 5.23640E+18 4.45341E+18 3.78769E+18
 3.16626E+18 2.70138E+18 2.27890E+18 1.94828E+18 1.66571E+18 1.41857E+18 1.20869E+18 1.03061E+18
 8.79481E+17 7.51084E+17 6.41915E+17 5.48999E+17 4.69902E+17 4.02495E+17 3.45008E+17 2.95944E+17
 2.54038E+17 2.16917E+17 1.85327E+17 1.58639E+17 1.36047E+17 1.19196E+17 1.04189E+17 9.09701E+16
 7.96593E+16 6.96366E+16 6.07689E+16 5.27151E+16 4.56721E+16 3.95202E+16 3.41530E+16 2.94761E+16
 2.54058E+16 2.18678E+16 1.87137E+16 1.60034E+16 1.36760E+16 1.16788E+16 9.96605E+15 8.49837E+15
 7.24153E+15 6.16601E+15 5.24631E+15 4.46043E+15 3.77203E+15 3.19003E+15 2.69798E+15 2.28194E+15
 1.93016E+15 1.63269E+15 1.38114E+15 1.16841E+15 9.88496E+14 8.36329E+14 7.07623E+14 5.98756E+14
 5.06664E+14 4.28759E+14 3.62851E+14 3.07091E+14 2.59913E+14 2.19995E+14 1.86217E+14 1.58652E+14
 1.35779E+14 1.15259E+14 9.83906E+13 8.32055E+13 7.04974E+13 5.97264E+13 4.99922E+13 4.18472E+13
 3.50314E+13 2.93278E+13 2.44236E+13 2.02747E+13 1.69452E+13 1.41433E+13 1.18222E+13 9.91967E+12
 8.31211E+12 6.97505E+12 5.84793E+12 4.91200E+12 7.74251E-11 9.42833E-11 1.29984E-10 1.75047E-10
 2.25035E-10 2.76256E-10 3.25333E-10 3.70068E-10 4.09290E-10 4.43783E-10 4.80139E-10 5.26297E-10
 5.65192E-10 5.82998E-10 5.75099E-10 5.45416E-10 5.00448E-10 4.48732E-10 3.96770E-10 3.49063E-10
 3.08096E-10 2.73592E-10 2.44779E-10 2.20858E-10 2.00346E-10 1.81608E-10 1.63950E-10 1.47384E-10
 1.31860E-10 1.17187E-10 1.03437E-10 9.07149E-11 7.89241E-11 6.80595E-11 5.81822E-11 4.93445E-11
 4.15875E-11 3.48504E-11 2.90290E-11 2.40404E-11 1.97732E-11 1.61278E-11 1.30506E-11 1.04863E-11
 8.34776E-12 6.56623E-12 5.10765E-12 3.92211E-12 2.96315E-12 2.20025E-12 1.58977E-12 1.13013E-12
 7.91163E-13 5.43595E-13 3.64474E-13 2.37595E-13 1.51287E-13 9.39349E-14 5.62847E-14 3.25801E-14
 1.82232E-14 9.80113E-15 5.06283E-15 2.51521E-15 1.18203E-15 5.23098E-16 2.17008E-16 8.39502E-17
 3.01215E-17 9.96655E-18 3.02220E-18 8.34151E-19 1.85233E-19 3.12212E-20 3.79778E-21 3.14090E-22
 1.64507E-23 5.01863E-25 8.07517E-27 6.14092E-29 1.92442E-31 2.06510E-34 6.21169E-38 3.99292E-42
 4.05369E-47 4.46933E-53 3.32452E-60 9.83165E-69 6.11457E-79 3.74592E-91 1.00000-100 1.00000-100
 1.00000-100 1.00000-100 1.00000-100 1.00000-100 1.00000-100 1.00000-100 1.00000-100 1.00000-100
 2.83386E+01 2.28356E+01 2.23096E+01 2.37426E+01 2.48379E+01 2.52727E+01 2.50029E+01 2.40891E+01
 2.25273E+01 2.09219E+01 1.92059E+01 2.04251E+01 1.85734E+01 1.60631E+01 1.32660E+01 1.05537E+01
 8.10730E+00 6.95845E+00 5.96136E+00 5.58823E+00 5.42382E+00 5.32536E+00 5.41493E+00 5.66766E+00
 5.01014E+00 3.83424E+00 2.92800E+00 2.22977E+00 1.69266E+00 1.27827E+00 9.59864E-01 7.17066E-01
 5.31772E-01 3.86649E-01 2.78618E-01 1.99828E-01 1.42623E-01 1.05245E-01 7.69146E-02 5.58288E-02
 4.04882E-02 2.90697E-02 2.06880E-02 1.44780E-02 1.00240E-02 6.85007E-03 4.62247E-03 3.07525E-03
 2.01022E-03 1.28952E-03 7.97415E-04 4.84791E-04 2.90031E-04 1.70172E-04 9.73614E-05 5.41276E-05
 2.93707E-05 1.55288E-05 7.91705E-06 3.89628E-06 1.83615E-06 8.32094E-07 3.62182E-07 1.51625E-07
 6.00500E-08 2.23961E-08 7.83056E-09 2.55320E-09 7.72150E-10 2.15435E-10 5.51059E-11 1.28302E-11
 2.40336E-12 3.41710E-13 3.50633E-14 2.44625E-15 1.08044E-16 2.77945E-18 3.77053E-20 2.44682E-22
 6.60082E-25 6.01742E-28 1.55397E-31 8.44885E-36 7.28314E-41 6.82423E-47 4.23292E-54 1.04390E-62
 5.41169E-73 2.76350E-85 6.08698E-95 4.98605E-95 4.13053E-95 3.40694E-95 2.80814E-95 2.35624E-95
 1.97439E-95 1.65680E-95 1.38907E-95 1.16676E-95 0.00000E+00 0.00000E+00 0.00000E+00 0.00000E+00
 0.00000E+00 0.00000E+00 0.00000E+00 0.00000E+00 0.00000E+00 0.00000E+00 0.00000E+00 0.00000E+00
 0.00000E+00 0.00000E+00 0.00000E+00 0.00000E+00 0.00000E+00 0.00000E+00 0.00000E+00 0.00000E+00
 0.00000E+00 0.00000E+00 0.00000E+00 0.00000E+00 0.00000E+00 0.00000E+00 0.00000E+00 0.00000E+00
 0.00000E+00 0.00000E+00 0.00000E+00 0.00000E+00 0.00000E+00 0.00000E+00 0.00000E+00 0.00000E+00
 0.00000E+00 0.00000E+00 0.00000E+00 0.00000E+00 0.00000E+00 0.00000E+00 0.00000E+00 0.00000E+00
 0.00000E+00 0.00000E+00 0.00000E+00 0.00000E+00 0.00000E+00 0.00000E+00 0.00000E+00 0.00000E+00
 0.00000E+00 0.00000E+00 0.00000E+00 0.00000E+00 0.00000E+00 0.00000E+00 0.00000E+00 0.00000E+00
 0.00000E+00 0.00000E+00 0.00000E+00 0.00000E+00 0.00000E+00 0.00000E+00 0.00000E+00 0.00000E+00
 0.00000E+00 0.00000E+00 0.00000E+00 0.00000E+00 0.00000E+00 0.00000E+00 0.00000E+00 0.00000E+00
 0.00000E+00 0.00000E+00 0.00000E+00 0.00000E+00 0.00000E+00 0.00000E+00 0.00000E+00 0.00000E+00
 0.00000E+00 0.00000E+00 0.00000E+00 0.00000E+00 0.00000E+00 0.00000E+00 0.00000E+00 0.00000E+00
 0.00000E+00 0.00000E+00 0.00000E+00 0.00000E+00 0.00000E+00 0.00000E+00 0.00000E+00 0.00000E+00
 0.00000E+00 0.00000E+00 0.00000E+00 0.00000E+00 0.00000E+00 0.00000E+00 0.00000E+00 0.00000E+00
 0.00000E+00 0.00000E+00 0.00000E+00 0.00000E+00 0.00000E+00 0.00000E+00 0.00000E+00 0.00000E+00
 0.00000E+00 0.00000E+00 0.00000E+00 0.00000E+00 0.00000E+00 0.00000E+00 0.00000E+00 0.00000E+00
 0.00000E+00 0.00000E+00 0.00000E+00 0.00000E+00 0.00000E+00 0.00000E+00 0.00000E+00 0.00000E+00
 0.00000E+00 0.00000E+00 0.00000E+00 0.00000E+00 0.00000E+00 0.00000E+00 0.00000E+00 0.00000E+00
 0.00000E+00 0.00000E+00 0.00000E+00 0.00000E+00 0.00000E+00 0.00000E+00 0.00000E+00 0.00000E+00
 0.00000E+00 0.00000E+00 0.00000E+00 0.00000E+00 0.00000E+00 0.00000E+00 0.00000E+00 0.00000E+00
 0.00000E+00 0.00000E+00 0.00000E+00 0.00000E+00 0.00000E+00 0.00000E+00 0.00000E+00 0.00000E+00
 0.00000E+00 0.00000E+00 0.00000E+00 0.00000E+00 0.00000E+00 0.00000E+00 0.00000E+00 0.00000E+00
 0.00000E+00 0.00000E+00 0.00000E+00 0.00000E+00 0.00000E+00 0.00000E+00 0.00000E+00 0.00000E+00
 0.00000E+00 0.00000E+00 0.00000E+00 0.00000E+00 0.00000E+00 0.00000E+00 0.00000E+00 0.00000E+00
 0.00000E+00 0.00000E+00 0.00000E+00 0.00000E+00 0.00000E+00 0.00000E+00 0.00000E+00 0.00000E+00
 0.00000E+00 0.00000E+00 0.00000E+00 0.00000E+00 7.38652E-04 8.19886E-04 9.12680E-04 1.00133E-03
 1.09274E-03 1.19697E-03 1.31760E-03 1.45612E-03 1.62085E-03 1.83390E-03 2.12858E-03 2.26824E-03
 2.55102E-03 2.89709E-03 3.31073E-03 3.80009E-03 4.33414E-03 4.77341E-03 5.22811E-03 5.58466E-03
 5.92237E-03 6.27905E-03 6.60854E-03 6.91849E-03 7.69408E-03 8.98593E-03 1.04871E-02 1.22313E-02
 1.42554E-02 1.66026E-02 1.93239E-02 2.24751E-02 2.61272E-02 3.04250E-02 3.53939E-02 4.10896E-02
 4.76391E-02 5.47078E-02 6.29508E-02 7.25253E-02 8.35564E-02 9.64590E-02 1.11548E-01 1.29452E-01
 1.50452E-01 1.75096E-01 2.04087E-01 2.38229E-01 2.78500E-01 3.26098E-01 3.82828E-01 4.49769E-01
 5.28820E-01 6.22244E-01 7.32742E-01 8.63474E-01 1.01834E+00 1.20193E+00 1.41976E+00 1.67843E+00
 1.98762E+00 2.35365E+00 2.78696E+00 3.29987E+00 3.90698E+00 4.62558E+00 5.47610E+00 6.48272E+00
 7.67405E+00 9.08251E+00 1.07476E+01 1.27175E+01 1.50480E+01 1.78052E+01 2.10668E+01 2.49249E+01
 2.94931E+01 3.48980E+01 4.12953E+01 4.87899E+01 5.76552E+01 6.83720E+01 8.10908E+01 9.65225E+01
 1.14978E+02 1.37179E+02 1.64140E+02 1.96390E+02 2.35008E+02 2.81210E+02 3.36829E+02 4.03401E+02
 4.81742E+02 5.75261E+02 6.86648E+02 8.13945E+02 9.63630E+02 1.13933E+03 1.34493E+03 1.58498E+03
 0.00000E+00 0.00000E+00 0.00000E+00 0.00000E+00 0.00000E+00 0.00000E+00 0.00000E+00 0.00000E+00
 0.00000E+00 0.00000E+00 0.00000E+00 0.00000E+00 0.00000E+00 0.00000E+00 0.00000E+00 0.00000E+00
 0.00000E+00 0.00000E+00 0.00000E+00 0.00000E+00 0.00000E+00 0.00000E+00 0.00000E+00 0.00000E+00
 0.00000E+00 0.00000E+00 0.00000E+00 0.00000E+00 0.00000E+00 0.00000E+00 0.00000E+00 0.00000E+00
 0.00000E+00 0.00000E+00 0.00000E+00 0.00000E+00 0.00000E+00 0.00000E+00 0.00000E+00 0.00000E+00
 0.00000E+00 0.00000E+00 0.00000E+00 0.00000E+00 0.00000E+00 0.00000E+00 0.00000E+00 0.00000E+00
 0.00000E+00 0.00000E+00 0.00000E+00 0.00000E+00 0.00000E+00 0.00000E+00 0.00000E+00 0.00000E+00
 0.00000E+00 0.00000E+00 0.00000E+00 0.00000E+00 0.00000E+00 0.00000E+00 0.00000E+00 0.00000E+00
 0.00000E+00 0.00000E+00 0.00000E+00 0.00000E+00 0.00000E+00 0.00000E+00 0.00000E+00 0.00000E+00
 0.00000E+00 0.00000E+00 0.00000E+00 0.00000E+00 0.00000E+00 0.00000E+00 0.00000E+00 0.00000E+00
 0.00000E+00 0.00000E+00 0.00000E+00 0.00000E+00 0.00000E+00 0.00000E+00 0.00000E+00 0.00000E+00
 0.00000E+00 0.00000E+00 0.00000E+00 0.00000E+00 0.00000E+00 0.00000E+00 0.00000E+00 0.00000E+00
 0.00000E+00 0.00000E+00 0.00000E+00 0.00000E+00 0.00000E+00 0.00000E+00 0.00000E+00 0.00000E+00
 0.00000E+00 0.00000E+00 0.00000E+00 0.00000E+00 0.00000E+00 0.00000E+00 0.00000E+00 0.00000E+00
 0.00000E+00 0.00000E+00 0.00000E+00 0.00000E+00 0.00000E+00 0.00000E+00 0.00000E+00 0.00000E+00
 0.00000E+00 0.00000E+00 0.00000E+00 0.00000E+00 0.00000E+00 0.00000E+00 0.00000E+00 0.00000E+00
 0.00000E+00 0.00000E+00 0.00000E+00 0.00000E+00 0.00000E+00 0.00000E+00 0.00000E+00 0.00000E+00
 0.00000E+00 0.00000E+00 0.00000E+00 0.00000E+00 0.00000E+00 0.00000E+00 0.00000E+00 0.00000E+00
 0.00000E+00 0.00000E+00 0.00000E+00 0.00000E+00 0.00000E+00 0.00000E+00 0.00000E+00 0.00000E+00
 0.00000E+00 0.00000E+00 0.00000E+00 0.00000E+00 0.00000E+00 0.00000E+00 0.00000E+00 0.00000E+00
 0.00000E+00 0.00000E+00 0.00000E+00 0.00000E+00 0.00000E+00 0.00000E+00 0.00000E+00 0.00000E+00
 0.00000E+00 0.00000E+00 0.00000E+00 0.00000E+00 0.00000E+00 0.00000E+00 0.00000E+00 0.00000E+00
 0.00000E+00 0.00000E+00 0.00000E+00 0.00000E+00 0.00000E+00 0.00000E+00 0.00000E+00 0.00000E+00
 0.00000E+00 0.00000E+00 0.00000E+00 0.00000E+00 0.00000E+00 0.00000E+00 0.00000E+00 0.00000E+00
 0.00000E+00 0.00000E+00 0.00000E+00 0.00000E+00 0.00000E+00 0.00000E+00 0.00000E+00 0.00000E+00
 1.87533E-05 1.87533E-05 1.87533E-05 1.87533E-05 1.87533E-05 1.87533E-05 1.87533E-05 1.87533E-05
 1.87533E-05 1.87533E-05 1.87533E-05 1.87533E-05 1.87533E-05 1.87533E-05 1.87533E-05 1.87533E-05
 1.83757E-05 1.76211E-05 1.66474E-05 1.54272E-05 1.41492E-05 1.29054E-05 1.16734E-05 1.04931E-05
 1.00000E-05 1.00000E-05 1.00000E-05 1.00000E-05 1.00000E-05 1.00000E-05 1.00000E-05 1.00000E-05
 1.00000E-05 1.00000E-05 1.00000E-05 1.00000E-05 1.00000E-05 1.00000E-05 1.00000E-05 1.00000E-05
 1.00000E-05 1.00000E-05 1.00000E-05 1.00000E-05 1.00000E-05 1.00000E-05 1.00000E-05 1.00000E-05
 1.00000E-05 1.00000E-05 1.00000E-05 1.00000E-05 1.00000E-05 1.00000E-05 1.00000E-05 1.00000E-05
 1.00000E-05 1.00000E-05 1.00000E-05 1.00000E-05 1.00000E-05 1.00000E-05 1.00000E-05 1.00000E-05
 1.00000E-05 1.00000E-05 1.00000E-05 1.00000E-05 1.00000E-05 1.00000E-05 1.00000E-05 1.00000E-05
 1.00000E-05 1.00000E-05 1.00000E-05 1.00000E-05 1.00000E-05 1.00000E-05 1.00000E-05 1.00000E-05
 1.00000E-05 1.00000E-05 1.00000E-05 1.00000E-05 1.00000E-05 1.00000E-05 1.00000E-05 1.00000E-05
 1.00000E-05 1.00000E-05 1.00000E-05 1.00000E-05 1.00000E-05 1.00000E-05 1.00000E-05 1.00000E-05
 1.00000E-05 1.00000E-05 1.00000E-05 1.00000E-05 0.00000E+00 0.00000E+00 0.00000E+00 0.00000E+00
 0.00000E+00 0.00000E+00 0.00000E+00 0.00000E+00 0.00000E+00 0.00000E+00 0.00000E+00 0.00000E+00
 0.00000E+00 0.00000E+00 0.00000E+00 0.00000E+00 0.00000E+00 0.00000E+00 0.00000E+00 0.00000E+00
 0.00000E+00 0.00000E+00 0.00000E+00 0.00000E+00 0.00000E+00 0.00000E+00 0.00000E+00 0.00000E+00
 0.00000E+00 0.00000E+00 0.00000E+00 0.00000E+00 0.00000E+00 0.00000E+00 0.00000E+00 0.00000E+00
 0.00000E+00 0.00000E+00 0.00000E+00 0.00000E+00 0.00000E+00 0.00000E+00 0.00000E+00 0.00000E+00
 0.00000E+00 0.00000E+00 0.00000E+00 0.00000E+00 0.00000E+00 0.00000E+00 0.00000E+00 0.00000E+00
 0.00000E+00 0.00000E+00 0.00000E+00 0.00000E+00 0.00000E+00 0.00000E+00 0.00000E+00 0.00000E+00
 0.00000E+00 0.00000E+00 0.00000E+00 0.00000E+00 0.00000E+00 0.00000E+00 0.00000E+00 0.00000E+00
 0.00000E+00 0.00000E+00 0.00000E+00 0.00000E+00 0.00000E+00 0.00000E+00 0.00000E+00 0.00000E+00
 0.00000E+00 0.00000E+00 0.00000E+00 0.00000E+00 0.00000E+00 0.00000E+00 0.00000E+00 0.00000E+00
 0.00000E+00 0.00000E+00 0.00000E+00 0.00000E+00 0.00000E+00 0.00000E+00 0.00000E+00 0.00000E+00
 0.00000E+00 0.00000E+00 0.00000E+00 0.00000E+00 0.00000E+00 0.00000E+00 0.00000E+00 0.00000E+00
 0.00000E+00 0.00000E+00 0.00000E+00 0.00000E+00 0.00000E+00 0.00000E+00 0.00000E+00 0.00000E+00
 0.00000E+00 0.00000E+00 0.00000E+00 0.00000E+00 0.00000E+00 0.00000E+00 0.00000E+00 0.00000E+00
 0.00000E+00 0.00000E+00 0.00000E+00 0.00000E+00 0.00000E+00 0.00000E+00 0.00000E+00 0.00000E+00
 0.00000E+00 0.00000E+00 0.00000E+00 0.00000E+00 0.00000E+00 0.00000E+00 0.00000E+00 0.00000E+00
 0.00000E+00 0.00000E+00 0.00000E+00 0.00000E+00 0.00000E+00 0.00000E+00 0.00000E+00 0.00000E+00
 0.00000E+00 0.00000E+00 0.00000E+00 0.00000E+00 0.00000E+00 0.00000E+00 0.00000E+00 0.00000E+00
 0.00000E+00 0.00000E+00 0.00000E+00 0.00000E+00 0.00000E+00 0.00000E+00 0.00000E+00 0.00000E+00
 0.00000E+00 0.00000E+00 0.00000E+00 0.00000E+00 0.00000E+00 0.00000E+00 0.00000E+00 0.00000E+00
 0.00000E+00 0.00000E+00 0.00000E+00 0.00000E+00 0.00000E+00 0.00000E+00 0.00000E+00 0.00000E+00
 0.00000E+00 0.00000E+00 0.00000E+00 0.00000E+00 0.00000E+00 0.00000E+00 0.00000E+00 0.00000E+00
 0.00000E+00 0.00000E+00 0.00000E+00 0.00000E+00 0.00000E+00 0.00000E+00 0.00000E+00 0.00000E+00
 0.00000E+00 0.00000E+00 0.00000E+00 0.00000E+00 0.00000E+00 0.00000E+00 0.00000E+00 0.00000E+00
 0.00000E+00 0.00000E+00 0.00000E+00 0.00000E+00
