
O                   PRODUCTION RXS              INT RX RATE    TP =  1.08E+15
   8) H       + HO2     = H2O     + O            6.504E+08
  21) O1D     + O3      = O       + O       O2   6.661E+08
  22) OH      + OH      = H2O     + O            9.362E+08
  23) O1D     + N2      = O       + N2           5.561E+14
  24) O1D     + O2      = O       + O2           1.737E+11
  25) O2      + HV      = O       + O            5.599E-35
  26) O3      + HV      = O2      + O            2.131E-10
  73) N       + O2      = NO      + O            1.202E+06
  76) N       + NO      = N2      + O            7.031E+07
 105) SO2     + O1D     = SO2     + O            9.244E+03
 107) SO      + O2      = O       + SO2          3.122E+09
 130) S       + O2      = SO      + O            5.691E+08
 147) SO21    + O2      = SO3     + O            4.442E+02
 180) CO      + O1D     = CO      + O            8.811E+07
 182) CO2     + O1D     = CO2     + O            7.271E+11
 195) N       + NO2     = N2O     + O            9.721E+06
 213) CS      + O2      = OCS     + O            2.006E+04
 259) O2      + HV      = O       + O1D          2.390E+11
 260) O2      + HV      = O       + O            7.877E+11
 263) H2O     + HV      = H       + H       O    4.246E+09
 265) O3      + HV      = O2      + O            5.195E+14
 266) O3      + HV      = O       + O       O    4.540E+11
 268) CO2     + HV      = CO      + O            8.250E+10
 272) HO2     + HV      = OH      + O            7.457E+09
 281) HNO3    + HV      = HNO2    + O            3.435E+08
 283) NO      + HV      = N       + O            1.027E+08
 285) NO2     + HV      = NO      + O            6.157E+11
 286) SO      + HV      = S       + O            4.026E+06
 288) SO2     + HV      = SO      + O            5.995E+09
 298) SO3     + HV      = SO2     + O            6.297E+02
 299) HSO     + HV      = HS      + O            5.834E+04
 302) NO3     + HV      = NO2     + O            1.220E+10
 307) N2O5    + HV      = NO3     + NO      O    6.143E+06

O                      LOSS RXS                INT RX RATE    TL =  1.08E+15
   3) H2      + O       = OH      + H            3.443E+08
  10) OH      + O       = H       + O2           9.510E+11
  14) HO2     + O       = OH      + O2           1.235E+12
  17) O       + O       = O2      +              4.144E+10
  18) O       + O2      = O3      +              1.078E+15
  19) O       + O3      = O2      + O2           5.122E+10
  32) O       + HCO     = H       + CO2          5.459E+06
  33) O       + HCO     = OH      + CO           5.459E+06
  35) CO      + O       = CO2     +              2.788E+08
  46) H2CO    + O       = HCO     + OH           2.225E+09
  47) H2O2    + O       = OH      + HO2          2.479E+07
  60) CH3     + O       = H2CO    + H            2.816E+08
  78) NO      + O       = NO2     +              1.447E+10
  81) NO2     + O       = NO      + O2           1.364E+11
  88) O       + HNO     = OH      + NO           3.858E+05
  91) CH4     + O       = CH3     + OH           7.303E+08
  94) CH23    + O       = HCO     + H            4.102E+06
  97) C2H6    + O       = C2H5    + OH           1.031E+06
 100) C2H5    + O       = CH3     + HCO     H    2.754E+02
 109) SO      + O       = SO2     +              1.570E+07
 112) SO2     + O       = SO3     +              3.534E+07
 115) SO3     + O       = SO2     + O2           2.867E-01
 122) H2S     + O       = OH      + HS           2.747E+03
 123) HS      + O       = H       + SO           2.062E+05
 136) S2      + O       = S       + SO           8.842E+03
 169) HSO     + O       = OH      + SO           7.154E+05
 174) O       + OCS     = CO      + SO           4.865E+07
 175) O       + OCS     = S       + CO2          5.546E+02
 189) O       + NO3     = O2      + NO2          2.635E+08
 192) O       + NO2     = NO3     +              1.316E+10
 200) O       + N2O5    = NO2     + NO2     O2   5.712E+03
 208) O       + HO2NO2  = OH      + NO2     O2   8.007E+04
 211) O       + HNO3    = OH      + NO3          4.248E+05
 218) CS2     + O       = SO      + CS           5.861E+06
 219) CS2     + O       = OCS     + S            5.495E+05
 237) CS2     + O       = CO      + S2           1.086E+05
 241) CS      + O       = CO      + S            1.305E+02

O2                  PRODUCTION RXS              INT RX RATE    TP =  1.08E+15
   5) H       + O3      = OH      + O2           1.502E+11
   7) H       + HO2     = H2      + O2           2.805E+09
  10) OH      + O       = H       + O2           9.510E+11
  11) OH      + HO2     = H2O     + O2           1.171E+11
  12) OH      + O3      = HO2     + O2           1.617E+11
  14) HO2     + O       = OH      + O2           1.235E+12
  15) HO2     + O3      = OH      + O2      O2   1.991E+11
  16) HO2     + HO2     = H2O2    + O2           1.153E+11
  17) O       + O       = O2      +              4.144E+10
  19) O       + O3      = O2      + O2           5.122E+10
  20) O1D     + O3      = O2      + O2           6.661E+08
  21) O1D     + O3      = O       + O       O2   6.661E+08
  24) O1D     + O2      = O       + O2           1.737E+11
  26) O3      + HV      = O2      + O            2.131E-10
  27) O3      + O3      = O2      + O2      O2   5.492E+02
  68) CH3O2   + HO2     = CH3OOH  + O2           7.527E+11
  77) NO      + O3      = NO2     + O2           4.701E+11
  81) NO2     + O       = NO      + O2           1.364E+11
 106) SO2     + O1D     = SO      + O2           2.965E+04
 115) SO3     + O       = SO2     + O2           2.867E-01
 125) HS      + HO2     = H2S     + O2           1.089E+06
 133) S       + HO2     = HS      + O2           6.128E+01
 153) SO      + O3      = SO2     + O2           2.988E+09
 155) HS      + O3      = HSO     + O2           5.770E+08
 158) S       + O3      = SO      + O2           1.590E+06
 170) HSO     + O3      = HS      + O2      O2   5.742E+08
 189) O       + NO3     = O2      + NO2          2.635E+08
 190) HO2     + NO3     = OH      + NO2     O2   2.537E+07
 197) O1D     + N2O     = N2      + O2           1.007E+08
 200) O       + N2O5    = NO2     + NO2     O2   5.712E+03
 204) NO2     + NO3     = NO      + NO2     O2   1.153E+03
 205) NO2     + O3      = NO3     + O2           3.067E+08
 206) NO3     + NO3     = NO2     + NO2     O2   8.882E-02
 208) O       + HO2NO2  = OH      + NO2     O2   8.007E+04
 209) OH      + HO2NO2  = H2O     + NO2     O2   3.299E+09
 212) HO2     + NO2     = HNO2    + O2           6.700E+06
 215) CS      + O3      = OCS     + O2           6.438E+06
 248) CH3S    + O3      = CH3SO   + O2           2.457E+09
 250) CH3SO   + O3      = CH3SO2  + O2           2.443E+09
 252) CH3SO2  + O3      = CH3SO3  + O2           2.830E+07
 264) O3      + HV      = O2      + O1D          5.569E+14
 265) O3      + HV      = O2      + O            5.195E+14
 301) NO3     + HV      = NO      + O2           1.677E+09

O2                     LOSS RXS                INT RX RATE    TL =  1.08E+15
   6) H       + O2      = HO2     +              1.815E+12
  18) O       + O2      = O3      +              1.078E+15
  24) O1D     + O2      = O       + O2           1.737E+11
  25) O2      + HV      = O       + O            5.599E-35
  40) HCO     + O2      = HO2     + CO           3.129E+11
  41) CH2OH   + O2      = H2CO    + HO2          2.423E+09
  42) CH3O    + O2      = H2CO    + HO2          3.552E+11
  54) CH21    + O2      = HCO     + OH           4.913E+06
  58) CH23    + O2      = HCO     + OH           6.433E+09
  59) CH3     + O2      = H2CO    + OH           1.955E+04
  66) CH3     + O2      = CH3O2   +              5.248E+11
  73) N       + O2      = NO      + O            1.202E+06
 104) C2H5    + O2      = CH3     + HCO     OH   9.000E+08
 107) SO      + O2      = O       + SO2          3.122E+09
 116) HSO3    + O2      = HO2     + SO3          1.818E+09
 130) S       + O2      = SO      + O            5.691E+08
 147) SO21    + O2      = SO3     + O            4.442E+02
 213) CS      + O2      = OCS     + O            2.006E+04
 214) CS      + O2      = CO      + SO           2.508E+03
 224) CS2X    + O2      = CS      + SO2          1.740E+03
 245) C2H5S   + O2      = C2H5SO2 +              2.463E+09
 256) C2H7SO  + O2      = C2H6SO  + HO2          8.366E+08
 259) O2      + HV      = O       + O1D          2.390E+11
 260) O2      + HV      = O       + O            7.877E+11

H2O                 PRODUCTION RXS              INT RX RATE    TP =  1.91E+11
   4) H2      + OH      = H2O     + H            3.524E+10
   8) H       + HO2     = H2O     + O            6.504E+08
  11) OH      + HO2     = H2O     + O2           1.171E+11
  13) OH      + H2O2    = HO2     + H2O          3.776E+10
  22) OH      + OH      = H2O     + O            9.362E+08
  31) OH      + HCO     = H2O     + CO           4.413E+05
  43) H2CO    + OH      = H2O     + HCO          1.235E+11
  44) H       + OH      = H2O     +              2.735E+07
  48) CH4     + OH      = CH3     + H2O          4.953E+11
  69) CH3OOH  + OH      = CH3O2   + H2O          3.865E+11
  70) CH3OOH  + OH      = H2O     + H2CO    OH   1.656E+11
  84) HNO3    + OH      = H2O     + NO3          8.548E+08
  89) OH      + HNO     = H2O     + NO           1.367E+05
  90) HNO2    + OH      = H2O     + NO2          1.391E+08
  96) C2H6    + OH      = C2H5    + H2O          8.982E+08
 114) H2SO4   + H2O     = SO3     + H2O     H2O  3.865E+09
 120) H2S     + OH      = H2O     + HS           8.205E+05
 165) HSO     + OH      = H2O     + SO           7.690E+05
 209) OH      + HO2NO2  = H2O     + NO2     O2   3.299E+09
 242) C2H6S   + OH      = C2H5S   + H2O          2.461E+09
 258) CH4SO2  + OH      = CH3SO2  + H2O          8.335E+08
 291) H2SO4   + HV      = SO3     + H2O          3.080E+06

H2O                    LOSS RXS                INT RX RATE    TL =  6.81E+10
   1) H2O     + O1D     = OH      + OH           3.046E+11
 113) SO3     + H2O     = H2SO4   +              5.749E+09
 114) H2SO4   + H2O     = SO3     + H2O     H2O  3.865E+09
 203) N2O5    + H2O     = HNO3    + HNO3         1.736E+04
 261) H2O     + HV      = H       + OH           2.075E+11
 262) H2O     + HV      = H2      + O1D          2.834E+09
 263) H2O     + HV      = H       + H       O    4.246E+09

H                   PRODUCTION RXS              INT RX RATE    TP =  2.00E+12
   2) H2      + O1D     = OH      + H            1.758E+09
   3) H2      + O       = OH      + H            3.443E+08
   4) H2      + OH      = H2O     + H            3.524E+10
  10) OH      + O       = H       + O2           9.510E+11
  32) O       + HCO     = H       + CO2          5.459E+06
  34) CO      + OH      = CO2     + H            6.007E+11
  50) CH4     + O1D     = CH3O    + H            2.423E+09
  51) CH4     + O1D     = CH2OH   + H            2.423E+09
  60) CH3     + O       = H2CO    + H            2.816E+08
  75) N       + OH      = NO      + H            1.462E+07
  86) HNO     + HV      = NO      + H            3.796E+06
  92) CH21    + H2      = CH3     + H            6.433E+05
  94) CH23    + O       = HCO     + H            4.102E+06
 100) C2H5    + O       = CH3     + HCO     H    2.754E+02
 110) SO      + OH      = SO2     + H            4.645E+07
 123) HS      + O       = H       + SO           2.062E+05
 129) HS      + S       = H       + S2           2.044E-04
 131) S       + OH      = SO      + H            2.290E+01
 173) HS      + CO      = OCS     + H            5.106E-05
 226) CS      + HS      = CS2     + H            2.707E-03
 229) S       + HCS     = H       + CS2          2.154E-10
 230) HS      + CO      = OCS     + H            5.168E-05
 234) CH23    + S       = HCS     + H            2.107E-12
 261) H2O     + HV      = H       + OH           2.075E+11
 263) H2O     + HV      = H       + H       O    4.246E+09
 271) H2CO    + HV      = HCO     + H            1.799E+11
 274) CH4     + HV      = CH3     + H            6.058E+09
 275) CH4     + HV      = CH23    + H       H    1.047E+09
 276) CH3     + HV      = CH21    + H            7.419E+05
 287) H2S     + HV      = HS      + H            2.554E+05

H                      LOSS RXS                INT RX RATE    TL =  2.00E+12
   5) H       + O3      = OH      + O2           1.502E+11
   6) H       + O2      = HO2     +              1.815E+12
   7) H       + HO2     = H2      + O2           2.805E+09
   8) H       + HO2     = H2O     + O            6.504E+08
   9) H       + HO2     = OH      + OH           2.927E+10
  28) H       + CO      = HCO     +              6.532E+06
  29) H       + HCO     = H2      + CO           1.017E+06
  36) CO2     + H       = CO      + OH           1.081E+04
  38) H2CO    + H       = H2      + HCO          4.866E+05
  39) H       + H       = H2      +              1.738E+07
  44) H       + OH      = H2O     +              2.735E+07
  62) CH3     + H       = CH4     +              1.186E+06
  71) H       + NO      = HNO     +              7.582E+04
  83) NO2     + H       = NO      + OH           1.047E+07
  87) H       + HNO     = H2      + NO           9.817E+00
  99) C2H5    + H       = CH3     + CH3          1.363E-01
 121) H2S     + H       = H2      + HS           2.171E+01
 128) HS      + H       = H2      + S            2.205E+00
 163) H       + SO      = HSO     +              3.337E+01
 166) HSO     + H       = HS      + OH           9.811E+01
 167) HSO     + H       = H2      + SO           4.906E+01
 172) H       + OCS     = CO      + HS           5.494E+03
 194) H       + N2O     = N2      + OH           8.425E-02
 227) H       + CS      = HCS     +              3.313E-06
 228) H       + HCS     = H2      + CS           1.554E-06
 239) OCS     + H       = CO      + HS           5.476E+03

OH                  PRODUCTION RXS              INT RX RATE    TP =  3.10E+12
   1) H2O     + O1D     = OH      + OH           3.046E+11
   2) H2      + O1D     = OH      + H            1.758E+09
   3) H2      + O       = OH      + H            3.443E+08
   5) H       + O3      = OH      + O2           1.502E+11
   9) H       + HO2     = OH      + OH           2.927E+10
  14) HO2     + O       = OH      + O2           1.235E+12
  15) HO2     + O3      = OH      + O2      O2   1.991E+11
  33) O       + HCO     = OH      + CO           5.459E+06
  36) CO2     + H       = CO      + OH           1.081E+04
  46) H2CO    + O       = HCO     + OH           2.225E+09
  47) H2O2    + O       = OH      + HO2          2.479E+07
  49) CH4     + O1D     = CH3     + OH           1.800E+10
  54) CH21    + O2      = HCO     + OH           4.913E+06
  58) CH23    + O2      = HCO     + OH           6.433E+09
  59) CH3     + O2      = H2CO    + OH           1.955E+04
  70) CH3OOH  + OH      = H2O     + H2CO    OH   1.656E+11
  79) NO      + HO2     = NO2     + OH           1.083E+11
  83) NO2     + H       = NO      + OH           1.047E+07
  88) O       + HNO     = OH      + NO           3.858E+05
  91) CH4     + O       = CH3     + OH           7.303E+08
  97) C2H6    + O       = C2H5    + OH           1.031E+06
  98) C2H6    + O1D     = C2H5    + OH           7.899E+05
 104) C2H5    + O2      = CH3     + HCO     OH   9.000E+08
 108) SO      + HO2     = SO2     + OH           3.284E+08
 122) H2S     + O       = OH      + HS           2.747E+03
 134) S       + HO2     = SO      + OH           6.128E+01
 154) SO2     + HO2     = SO3     + OH           2.339E+05
 156) HS      + HO2     = HSO     + OH           1.089E+06
 166) HSO     + H       = HS      + OH           9.811E+01
 169) HSO     + O       = OH      + SO           7.154E+05
 190) HO2     + NO3     = OH      + NO2     O2   2.537E+07
 194) H       + N2O     = N2      + OH           8.425E-02
 199) N       + HO2     = NO      + OH           6.863E+06
 208) O       + HO2NO2  = OH      + NO2     O2   8.007E+04
 211) O       + HNO3    = OH      + NO3          4.248E+05
 222) CS2OH   + HV      = CS2     + OH           1.903E+06
 261) H2O     + HV      = H       + OH           2.075E+11
 267) H2O2    + HV      = OH      + OH           6.178E+10
 272) HO2     + HV      = OH      + O            7.457E+09
 279) HNO2    + HV      = NO      + OH           5.850E+09
 280) HNO3    + HV      = NO2     + OH           2.195E+09
 305) HO2NO2  + HV      = OH      + NO3          7.882E+08
 308) CH3OOH  + HV      = CH3O    + OH           1.942E+11

OH                     LOSS RXS                INT RX RATE    TL =  3.10E+12
   4) H2      + OH      = H2O     + H            3.524E+10
  10) OH      + O       = H       + O2           9.510E+11
  11) OH      + HO2     = H2O     + O2           1.171E+11
  12) OH      + O3      = HO2     + O2           1.617E+11
  13) OH      + H2O2    = HO2     + H2O          3.776E+10
  22) OH      + OH      = H2O     + O            9.362E+08
  31) OH      + HCO     = H2O     + CO           4.413E+05
  34) CO      + OH      = CO2     + H            6.007E+11
  43) H2CO    + OH      = H2O     + HCO          1.235E+11
  44) H       + OH      = H2O     +              2.735E+07
  45) OH      + OH      = H2O2    +              2.480E+08
  48) CH4     + OH      = CH3     + H2O          4.953E+11
  69) CH3OOH  + OH      = CH3O2   + H2O          3.865E+11
  70) CH3OOH  + OH      = H2O     + H2CO    OH   1.656E+11
  75) N       + OH      = NO      + H            1.462E+07
  80) NO      + OH      = HNO2    +              5.392E+09
  82) NO2     + OH      = HNO3    +              3.836E+09
  84) HNO3    + OH      = H2O     + NO3          8.548E+08
  89) OH      + HNO     = H2O     + NO           1.367E+05
  90) HNO2    + OH      = H2O     + NO2          1.391E+08
  96) C2H6    + OH      = C2H5    + H2O          8.982E+08
 101) C2H5    + OH      = CH3     + HCO     H2   5.317E+00
 110) SO      + OH      = SO2     + H            4.645E+07
 111) SO2     + OH      = HSO3    +              1.818E+09
 120) H2S     + OH      = H2O     + HS           8.205E+05
 131) S       + OH      = SO      + H            2.290E+01
 165) HSO     + OH      = H2O     + SO           7.690E+05
 177) OCS     + OH      = CO2     + HS           5.971E+06
 193) OH      + NO3     = HO2     + NO2          2.325E+07
 209) OH      + HO2NO2  = H2O     + NO2     O2   3.299E+09
 220) CS2     + OH      = OCS     + HS           4.757E+03
 221) CS2     + OH      = CS2OH   +              1.903E+06
 242) C2H6S   + OH      = C2H5S   + H2O          2.461E+09
 243) C2H6S   + OH      = C2H7SO  +              8.366E+08
 257) C2H6SO  + OH      = CH4SO2  + CH3          8.335E+08
 258) CH4SO2  + OH      = CH3SO2  + H2O          8.335E+08

HO2                 PRODUCTION RXS              INT RX RATE    TP =  2.70E+12
   6) H       + O2      = HO2     +              1.815E+12
  12) OH      + O3      = HO2     + O2           1.617E+11
  13) OH      + H2O2    = HO2     + H2O          3.776E+10
  40) HCO     + O2      = HO2     + CO           3.129E+11
  41) CH2OH   + O2      = H2CO    + HO2          2.423E+09
  42) CH3O    + O2      = H2CO    + HO2          3.552E+11
  47) H2O2    + O       = OH      + HO2          2.479E+07
 116) HSO3    + O2      = HO2     + SO3          1.818E+09
 193) OH      + NO3     = HO2     + NO2          2.325E+07
 210) HO2NO2  + M       = HO2     + NO2          1.081E+10
 256) C2H7SO  + O2      = C2H6SO  + HO2          8.366E+08
 304) HO2NO2  + HV      = HO2     + NO2          2.848E+09

HO2                    LOSS RXS                INT RX RATE    TL =  2.70E+12
   7) H       + HO2     = H2      + O2           2.805E+09
   8) H       + HO2     = H2O     + O            6.504E+08
   9) H       + HO2     = OH      + OH           2.927E+10
  11) OH      + HO2     = H2O     + O2           1.171E+11
  14) HO2     + O       = OH      + O2           1.235E+12
  15) HO2     + O3      = OH      + O2      O2   1.991E+11
  16) HO2     + HO2     = H2O2    + O2           1.153E+11
  68) CH3O2   + HO2     = CH3OOH  + O2           7.527E+11
  79) NO      + HO2     = NO2     + OH           1.083E+11
 108) SO      + HO2     = SO2     + OH           3.284E+08
 125) HS      + HO2     = H2S     + O2           1.089E+06
 133) S       + HO2     = HS      + O2           6.128E+01
 134) S       + HO2     = SO      + OH           6.128E+01
 154) SO2     + HO2     = SO3     + OH           2.339E+05
 156) HS      + HO2     = HSO     + OH           1.089E+06
 190) HO2     + NO3     = OH      + NO2     O2   2.537E+07
 199) N       + HO2     = NO      + OH           6.863E+06
 207) HO2     + NO2     = HO2NO2  +              1.778E+10
 212) HO2     + NO2     = HNO2    + O2           6.700E+06
 272) HO2     + HV      = OH      + O            7.457E+09

H2O2                PRODUCTION RXS              INT RX RATE    TP =  1.16E+11
  16) HO2     + HO2     = H2O2    + O2           1.153E+11
  45) OH      + OH      = H2O2    +              2.480E+08

H2O2                   LOSS RXS                INT RX RATE    TL =  1.13E+11
  13) OH      + H2O2    = HO2     + H2O          3.776E+10
  47) H2O2    + O       = OH      + HO2          2.479E+07
 267) H2O2    + HV      = OH      + OH           6.178E+10

H2                  PRODUCTION RXS              INT RX RATE    TP =  2.26E+11
   7) H       + HO2     = H2      + O2           2.805E+09
  29) H       + HCO     = H2      + CO           1.017E+06
  38) H2CO    + H       = H2      + HCO          4.866E+05
  39) H       + H       = H2      +              1.738E+07
  52) CH4     + O1D     = H2CO    + H2           1.212E+09
  87) H       + HNO     = H2      + NO           9.817E+00
 101) C2H5    + OH      = CH3     + HCO     H2   5.317E+00
 121) H2S     + H       = H2      + HS           2.171E+01
 128) HS      + H       = H2      + S            2.205E+00
 167) HSO     + H       = H2      + SO           4.906E+01
 228) H       + HCS     = H2      + CS           1.554E-06
 262) H2O     + HV      = H2      + O1D          2.834E+09
 270) H2CO    + HV      = H2      + CO           2.134E+11
 273) CH4     + HV      = CH21    + H2           5.567E+09
 277) C2H6    + HV      = CH23    + CH23    H2   1.259E+03

H2                     LOSS RXS                INT RX RATE    TL =  3.73E+10
   2) H2      + O1D     = OH      + H            1.758E+09
   3) H2      + O       = OH      + H            3.443E+08
   4) H2      + OH      = H2O     + H            3.524E+10
  92) CH21    + H2      = CH3     + H            6.433E+05

CO                  PRODUCTION RXS              INT RX RATE    TP =  6.82E+11
  29) H       + HCO     = H2      + CO           1.017E+06
  30) HCO     + HCO     = H2CO    + CO           3.123E+00
  31) OH      + HCO     = H2O     + CO           4.413E+05
  33) O       + HCO     = OH      + CO           5.459E+06
  36) CO2     + H       = CO      + OH           1.081E+04
  40) HCO     + O2      = HO2     + CO           3.129E+11
  63) CH3     + HCO     = CH4     + CO           1.243E+02
  85) HCO     + NO      = HNO     + CO           3.556E+04
  93) CH21    + CO2     = H2CO    + CO           2.348E+05
  95) CH23    + CO2     = H2CO    + CO           1.727E+08
 102) C2H5    + HCO     = C2H6    + CO           6.007E-05
 127) HS      + HCO     = H2S     + CO           1.435E-01
 132) S       + HCO     = HS      + CO           1.261E-05
 162) SO      + HCO     = HSO     + CO           7.639E+00
 172) H       + OCS     = CO      + HS           5.494E+03
 174) O       + OCS     = CO      + SO           4.865E+07
 176) OCS     + S       = CO      + S2           2.541E+01
 180) CO      + O1D     = CO      + O            8.811E+07
 214) CS      + O2      = CO      + SO           2.508E+03
 217) CS      + O3      = CO      + SO2          6.438E+06
 237) CS2     + O       = CO      + S2           1.086E+05
 239) OCS     + H       = CO      + HS           5.476E+03
 241) CS      + O       = CO      + S            1.305E+02
 268) CO2     + HV      = CO      + O            8.250E+10
 269) CO2     + HV      = CO      + O1D          7.269E+10
 270) H2CO    + HV      = H2      + CO           2.134E+11
 300) OCS     + HV      = CO      + S            5.524E+08

CO                     LOSS RXS                INT RX RATE    TL =  6.01E+11
  28) H       + CO      = HCO     +              6.532E+06
  34) CO      + OH      = CO2     + H            6.007E+11
  35) CO      + O       = CO2     +              2.788E+08
 173) HS      + CO      = OCS     + H            5.106E-05
 179) S       + CO      = OCS     +              6.036E+00
 180) CO      + O1D     = CO      + O            8.811E+07
 188) OCS2    + CO      = OCS     + OCS          2.529E+01
 230) HS      + CO      = OCS     + H            5.168E-05

HCO                 PRODUCTION RXS              INT RX RATE    TP =  3.13E+11
  28) H       + CO      = HCO     +              6.532E+06
  38) H2CO    + H       = H2      + HCO          4.866E+05
  43) H2CO    + OH      = H2O     + HCO          1.235E+11
  46) H2CO    + O       = HCO     + OH           2.225E+09
  54) CH21    + O2      = HCO     + OH           4.913E+06
  58) CH23    + O2      = HCO     + OH           6.433E+09
  65) CH3     + H2CO    = CH4     + HCO          5.184E-01
  94) CH23    + O       = HCO     + H            4.102E+06
 100) C2H5    + O       = CH3     + HCO     H    2.754E+02
 101) C2H5    + OH      = CH3     + HCO     H2   5.317E+00
 104) C2H5    + O2      = CH3     + HCO     OH   9.000E+08
 271) H2CO    + HV      = HCO     + H            1.799E+11

HCO                    LOSS RXS                INT RX RATE    TL =  3.13E+11
  29) H       + HCO     = H2      + CO           1.017E+06
  30) HCO     + HCO     = H2CO    + CO           3.123E+00
  31) OH      + HCO     = H2O     + CO           4.413E+05
  32) O       + HCO     = H       + CO2          5.459E+06
  33) O       + HCO     = OH      + CO           5.459E+06
  40) HCO     + O2      = HO2     + CO           3.129E+11
  63) CH3     + HCO     = CH4     + CO           1.243E+02
  85) HCO     + NO      = HNO     + CO           3.556E+04
 102) C2H5    + HCO     = C2H6    + CO           6.007E-05
 127) HS      + HCO     = H2S     + CO           1.435E-01
 132) S       + HCO     = HS      + CO           1.261E-05
 162) SO      + HCO     = HSO     + CO           7.639E+00

H2CO                PRODUCTION RXS              INT RX RATE    TP =  5.27E+11
  30) HCO     + HCO     = H2CO    + CO           3.123E+00
  41) CH2OH   + O2      = H2CO    + HO2          2.423E+09
  42) CH3O    + O2      = H2CO    + HO2          3.552E+11
  52) CH4     + O1D     = H2CO    + H2           1.212E+09
  59) CH3     + O2      = H2CO    + OH           1.955E+04
  60) CH3     + O       = H2CO    + H            2.816E+08
  70) CH3OOH  + OH      = H2O     + H2CO    OH   1.656E+11
  93) CH21    + CO2     = H2CO    + CO           2.348E+05
  95) CH23    + CO2     = H2CO    + CO           1.727E+08
 247) C2H5SO  + HV      = H2CO    + CH3S         2.463E+09

H2CO                   LOSS RXS                INT RX RATE    TL =  5.25E+11
  38) H2CO    + H       = H2      + HCO          4.866E+05
  43) H2CO    + OH      = H2O     + HCO          1.235E+11
  46) H2CO    + O       = HCO     + OH           2.225E+09
  65) CH3     + H2CO    = CH4     + HCO          5.184E-01
 270) H2CO    + HV      = H2      + CO           2.134E+11
 271) H2CO    + HV      = HCO     + H            1.799E+11

CH3O                PRODUCTION RXS              INT RX RATE    TP =  3.55E+11
  50) CH4     + O1D     = CH3O    + H            2.423E+09
  67) CH3O2   + NO      = CH3O    + NO2          1.585E+11
 308) CH3OOH  + HV      = CH3O    + OH           1.942E+11

CH3O                   LOSS RXS                INT RX RATE    TL =  3.55E+11
  42) CH3O    + O2      = H2CO    + HO2          3.552E+11

CH2OH               PRODUCTION RXS              INT RX RATE    TP =  2.42E+09
  51) CH4     + O1D     = CH2OH   + H            2.423E+09

CH2OH                  LOSS RXS                INT RX RATE    TL =  2.42E+09
  41) CH2OH   + O2      = H2CO    + HO2          2.423E+09

CH3O2               PRODUCTION RXS              INT RX RATE    TP =  9.11E+11
  66) CH3     + O2      = CH3O2   +              5.248E+11
  69) CH3OOH  + OH      = CH3O2   + H2O          3.865E+11

CH3O2                  LOSS RXS                INT RX RATE    TL =  9.11E+11
  67) CH3O2   + NO      = CH3O    + NO2          1.585E+11
  68) CH3O2   + HO2     = CH3OOH  + O2           7.527E+11

CH3OOH              PRODUCTION RXS              INT RX RATE    TP =  7.53E+11
  68) CH3O2   + HO2     = CH3OOH  + O2           7.527E+11

CH3OOH                 LOSS RXS                INT RX RATE    TL =  7.53E+11
  69) CH3OOH  + OH      = CH3O2   + H2O          3.865E+11
  70) CH3OOH  + OH      = H2O     + H2CO    OH   1.656E+11
 308) CH3OOH  + HV      = CH3O    + OH           1.942E+11

CH4                 PRODUCTION RXS              INT RX RATE    TP =  1.19E+06
  62) CH3     + H       = CH4     +              1.186E+06
  63) CH3     + HCO     = CH4     + CO           1.243E+02
  64) CH3     + HNO     = CH4     + NO           3.213E-02
  65) CH3     + H2CO    = CH4     + HCO          5.184E-01
 233) CH3     + HCS     = CH4     + CS           5.661E-07
 278) C2H6    + HV      = CH4     + CH21         3.148E+02

CH4                    LOSS RXS                INT RX RATE    TL =  5.33E+11
  48) CH4     + OH      = CH3     + H2O          4.953E+11
  49) CH4     + O1D     = CH3     + OH           1.800E+10
  50) CH4     + O1D     = CH3O    + H            2.423E+09
  51) CH4     + O1D     = CH2OH   + H            2.423E+09
  52) CH4     + O1D     = H2CO    + H2           1.212E+09
  53) CH21    + CH4     = CH3     + CH3          1.525E-09
  91) CH4     + O       = CH3     + OH           7.303E+08
 273) CH4     + HV      = CH21    + H2           5.567E+09
 274) CH4     + HV      = CH3     + H            6.058E+09
 275) CH4     + HV      = CH23    + H       H    1.047E+09

CH3                 PRODUCTION RXS              INT RX RATE    TP =  5.25E+11
  48) CH4     + OH      = CH3     + H2O          4.953E+11
  49) CH4     + O1D     = CH3     + OH           1.800E+10
  53) CH21    + CH4     = CH3     + CH3          1.525E-09
  91) CH4     + O       = CH3     + OH           7.303E+08
  92) CH21    + H2      = CH3     + H            6.433E+05
  99) C2H5    + H       = CH3     + CH3          1.363E-01
 100) C2H5    + O       = CH3     + HCO     H    2.754E+02
 101) C2H5    + OH      = CH3     + HCO     H2   5.317E+00
 104) C2H5    + O2      = CH3     + HCO     OH   9.000E+08
 254) CH3SO2  + HV      = CH3     + SO2          3.268E+09
 255) CH3SO3  + HV      = CH3     + SO3          2.834E+07
 257) C2H6SO  + OH      = CH4SO2  + CH3          8.335E+08
 274) CH4     + HV      = CH3     + H            6.058E+09

CH3                    LOSS RXS                INT RX RATE    TL =  5.25E+11
  59) CH3     + O2      = H2CO    + OH           1.955E+04
  60) CH3     + O       = H2CO    + H            2.816E+08
  61) CH3     + CH3     = C2H6    +              4.058E+03
  62) CH3     + H       = CH4     +              1.186E+06
  63) CH3     + HCO     = CH4     + CO           1.243E+02
  64) CH3     + HNO     = CH4     + NO           3.213E-02
  65) CH3     + H2CO    = CH4     + HCO          5.184E-01
  66) CH3     + O2      = CH3O2   +              5.248E+11
 233) CH3     + HCS     = CH4     + CS           5.661E-07
 276) CH3     + HV      = CH21    + H            7.419E+05

C2H6                PRODUCTION RXS              INT RX RATE    TP =  4.06E+03
  61) CH3     + CH3     = C2H6    +              4.058E+03
 102) C2H5    + HCO     = C2H6    + CO           6.007E-05
 103) C2H5    + HNO     = C2H6    + NO           2.851E-06

C2H6                   LOSS RXS                INT RX RATE    TL =  9.00E+08
  96) C2H6    + OH      = C2H5    + H2O          8.982E+08
  97) C2H6    + O       = C2H5    + OH           1.031E+06
  98) C2H6    + O1D     = C2H5    + OH           7.899E+05
 277) C2H6    + HV      = CH23    + CH23    H2   1.259E+03
 278) C2H6    + HV      = CH4     + CH21         3.148E+02

NO                  PRODUCTION RXS              INT RX RATE    TP =  7.60E+11
  64) CH3     + HNO     = CH4     + NO           3.213E-02
  73) N       + O2      = NO      + O            1.202E+06
  75) N       + OH      = NO      + H            1.462E+07
  81) NO2     + O       = NO      + O2           1.364E+11
  83) NO2     + H       = NO      + OH           1.047E+07
  86) HNO     + HV      = NO      + H            3.796E+06
  87) H       + HNO     = H2      + NO           9.817E+00
  88) O       + HNO     = OH      + NO           3.858E+05
  89) OH      + HNO     = H2O     + NO           1.367E+05
 103) C2H5    + HNO     = C2H6    + NO           2.851E-06
 152) SO      + NO2     = SO2     + NO           1.274E+08
 157) HS      + NO2     = HSO     + NO           1.948E+06
 198) O1D     + N2O     = NO      + NO           1.576E+08
 199) N       + HO2     = NO      + OH           6.863E+06
 204) NO2     + NO3     = NO      + NO2     O2   1.153E+03
 249) CH3S    + NO2     = CH3SO   + NO           6.053E+06
 251) CH3SO   + NO2     = CH3SO2  + NO           2.026E+07
 253) CH3SO2  + NO2     = CH3SO3  + NO           4.020E+04
 279) HNO2    + HV      = NO      + OH           5.850E+09
 284) NO2     + HV      = NO      + O1D          1.666E+08
 285) NO2     + HV      = NO      + O            6.157E+11
 301) NO3     + HV      = NO      + O2           1.677E+09
 307) N2O5    + HV      = NO3     + NO      O    6.143E+06

NO                     LOSS RXS                INT RX RATE    TL =  7.60E+11
  67) CH3O2   + NO      = CH3O    + NO2          1.585E+11
  71) H       + NO      = HNO     +              7.582E+04
  76) N       + NO      = N2      + O            7.031E+07
  77) NO      + O3      = NO2     + O2           4.701E+11
  78) NO      + O       = NO2     +              1.447E+10
  79) NO      + HO2     = NO2     + OH           1.083E+11
  80) NO      + OH      = HNO2    +              5.392E+09
  85) HCO     + NO      = HNO     + CO           3.556E+04
 164) HSO     + NO      = HNO     + SO           4.210E+06
 191) NO      + NO3     = NO2     + NO2          9.125E+08
 246) C2H5SO2 + NO      = C2H5SO  + NO2          2.463E+09
 283) NO      + HV      = N       + O            1.027E+08

NO2                 PRODUCTION RXS              INT RX RATE    TP =  7.88E+11
  67) CH3O2   + NO      = CH3O    + NO2          1.585E+11
  77) NO      + O3      = NO2     + O2           4.701E+11
  78) NO      + O       = NO2     +              1.447E+10
  79) NO      + HO2     = NO2     + OH           1.083E+11
  90) HNO2    + OH      = H2O     + NO2          1.391E+08
 189) O       + NO3     = O2      + NO2          2.635E+08
 190) HO2     + NO3     = OH      + NO2     O2   2.537E+07
 191) NO      + NO3     = NO2     + NO2          9.125E+08
 193) OH      + NO3     = HO2     + NO2          2.325E+07
 200) O       + N2O5    = NO2     + NO2     O2   5.712E+03
 202) N2O5    + M       = NO3     + NO2          4.578E+05
 204) NO2     + NO3     = NO      + NO2     O2   1.153E+03
 206) NO3     + NO3     = NO2     + NO2     O2   8.882E-02
 208) O       + HO2NO2  = OH      + NO2     O2   8.007E+04
 209) OH      + HO2NO2  = H2O     + NO2     O2   3.299E+09
 210) HO2NO2  + M       = HO2     + NO2          1.081E+10
 246) C2H5SO2 + NO      = C2H5SO  + NO2          2.463E+09
 280) HNO3    + HV      = NO2     + OH           2.195E+09
 302) NO3     + HV      = NO2     + O            1.220E+10
 304) HO2NO2  + HV      = HO2     + NO2          2.848E+09
 306) N2O5    + HV      = NO3     + NO2          8.130E+06

NO2                    LOSS RXS                INT RX RATE    TL =  7.88E+11
  81) NO2     + O       = NO      + O2           1.364E+11
  82) NO2     + OH      = HNO3    +              3.836E+09
  83) NO2     + H       = NO      + OH           1.047E+07
 152) SO      + NO2     = SO2     + NO           1.274E+08
 157) HS      + NO2     = HSO     + NO           1.948E+06
 192) O       + NO2     = NO3     +              1.316E+10
 195) N       + NO2     = N2O     + O            9.721E+06
 201) NO2     + NO3     = N2O5    +              1.475E+07
 204) NO2     + NO3     = NO      + NO2     O2   1.153E+03
 205) NO2     + O3      = NO3     + O2           3.067E+08
 207) HO2     + NO2     = HO2NO2  +              1.778E+10
 212) HO2     + NO2     = HNO2    + O2           6.700E+06
 249) CH3S    + NO2     = CH3SO   + NO           6.053E+06
 251) CH3SO   + NO2     = CH3SO2  + NO           2.026E+07
 253) CH3SO2  + NO2     = CH3SO3  + NO           4.020E+04
 284) NO2     + HV      = NO      + O1D          1.666E+08
 285) NO2     + HV      = NO      + O            6.157E+11

HNO                 PRODUCTION RXS              INT RX RATE    TP =  4.32E+06
  71) H       + NO      = HNO     +              7.582E+04
  85) HCO     + NO      = HNO     + CO           3.556E+04
 164) HSO     + NO      = HNO     + SO           4.210E+06

HNO                    LOSS RXS                INT RX RATE    TL =  4.32E+06
  64) CH3     + HNO     = CH4     + NO           3.213E-02
  86) HNO     + HV      = NO      + H            3.796E+06
  87) H       + HNO     = H2      + NO           9.817E+00
  88) O       + HNO     = OH      + NO           3.858E+05
  89) OH      + HNO     = H2O     + NO           1.367E+05
 103) C2H5    + HNO     = C2H6    + NO           2.851E-06

H2S                 PRODUCTION RXS              INT RX RATE    TP =  1.09E+06
 125) HS      + HO2     = H2S     + O2           1.089E+06
 126) HS      + HS      = H2S     + S            8.833E+00
 127) HS      + HCO     = H2S     + CO           1.435E-01
 168) HSO     + HS      = H2S     + SO           2.055E+01
 235) HS      + HCS     = H2S     + CS           1.193E-06

H2S                    LOSS RXS                INT RX RATE    TL =  1.08E+06
 120) H2S     + OH      = H2O     + HS           8.205E+05
 121) H2S     + H       = H2      + HS           2.171E+01
 122) H2S     + O       = OH      + HS           2.747E+03
 287) H2S     + HV      = HS      + H            2.554E+05

HS                  PRODUCTION RXS              INT RX RATE    TP =  5.81E+08
 120) H2S     + OH      = H2O     + HS           8.205E+05
 121) H2S     + H       = H2      + HS           2.171E+01
 122) H2S     + O       = OH      + HS           2.747E+03
 132) S       + HCO     = HS      + CO           1.261E-05
 133) S       + HO2     = HS      + O2           6.128E+01
 166) HSO     + H       = HS      + OH           9.811E+01
 170) HSO     + O3      = HS      + O2      O2   5.742E+08
 171) HSO     + S       = HS      + SO           9.072E-03
 172) H       + OCS     = CO      + HS           5.494E+03
 177) OCS     + OH      = CO2     + HS           5.971E+06
 220) CS2     + OH      = OCS     + HS           4.757E+03
 231) CH21    + S2      = HCS     + HS           2.803E-14
 232) CH23    + S2      = HCS     + HS           1.694E-11
 236) S       + HCS     = HS      + CS           1.077E-10
 239) OCS     + H       = CO      + HS           5.476E+03
 287) H2S     + HV      = HS      + H            2.554E+05
 299) HSO     + HV      = HS      + O            5.834E+04

HS                     LOSS RXS                INT RX RATE    TL =  5.81E+08
 123) HS      + O       = H       + SO           2.062E+05
 125) HS      + HO2     = H2S     + O2           1.089E+06
 126) HS      + HS      = H2S     + S            8.833E+00
 127) HS      + HCO     = H2S     + CO           1.435E-01
 128) HS      + H       = H2      + S            2.205E+00
 129) HS      + S       = H       + S2           2.044E-04
 155) HS      + O3      = HSO     + O2           5.770E+08
 156) HS      + HO2     = HSO     + OH           1.089E+06
 157) HS      + NO2     = HSO     + NO           1.948E+06
 168) HSO     + HS      = H2S     + SO           2.055E+01
 173) HS      + CO      = OCS     + H            5.106E-05
 226) CS      + HS      = CS2     + H            2.707E-03
 230) HS      + CO      = OCS     + H            5.168E-05
 235) HS      + HCS     = H2S     + CS           1.193E-06

S                   PRODUCTION RXS              INT RX RATE    TP =  5.71E+08
 126) HS      + HS      = H2S     + S            8.833E+00
 128) HS      + H       = H2      + S            2.205E+00
 136) S2      + O       = S       + SO           8.842E+03
 159) SO      + SO      = SO2     + S            1.951E+01
 175) O       + OCS     = S       + CO2          5.546E+02
 219) CS2     + O       = OCS     + S            5.495E+05
 241) CS      + O       = CO      + S            1.305E+02
 286) SO      + HV      = S       + O            4.026E+06
 292) S2      + HV      = S       + S            9.974E+04
 294) S3      + HV      = S2      + S            3.427E-05
 300) OCS     + HV      = CO      + S            5.524E+08
 309) CS2     + HV      = CS      + S            1.347E+07

S                      LOSS RXS                INT RX RATE    TL =  5.71E+08
 129) HS      + S       = H       + S2           2.044E-04
 130) S       + O2      = SO      + O            5.691E+08
 131) S       + OH      = SO      + H            2.290E+01
 132) S       + HCO     = HS      + CO           1.261E-05
 133) S       + HO2     = HS      + O2           6.128E+01
 134) S       + HO2     = SO      + OH           6.128E+01
 135) S       + S       = S2      +              5.353E-11
 139) S       + S2      = S3      +              3.427E-05
 141) S       + S3      = S4      +              1.987E-18
 158) S       + O3      = SO      + O2           1.590E+06
 171) HSO     + S       = HS      + SO           9.072E-03
 176) OCS     + S       = CO      + S2           2.541E+01
 179) S       + CO      = OCS     +              6.036E+00
 184) OCS     + S       = OCS2    +              2.529E+01
 185) OCS2    + S       = OCS     + S2           6.223E-12
 229) S       + HCS     = H       + CS2          2.154E-10
 234) CH23    + S       = HCS     + H            2.107E-12
 236) S       + HCS     = HS      + CS           1.077E-10
 240) CS2     + S       = CS      + S2           1.458E-04

SO                  PRODUCTION RXS              INT RX RATE    TP =  6.63E+09
 106) SO2     + O1D     = SO      + O2           2.965E+04
 123) HS      + O       = H       + SO           2.062E+05
 130) S       + O2      = SO      + O            5.691E+08
 131) S       + OH      = SO      + H            2.290E+01
 134) S       + HO2     = SO      + OH           6.128E+01
 136) S2      + O       = S       + SO           8.842E+03
 148) SO21    + SO2     = SO3     + SO           7.565E+00
 151) SO23    + SO2     = SO3     + SO           9.150E-01
 158) S       + O3      = SO      + O2           1.590E+06
 164) HSO     + NO      = HNO     + SO           4.210E+06
 165) HSO     + OH      = H2O     + SO           7.690E+05
 167) HSO     + H       = H2      + SO           4.906E+01
 168) HSO     + HS      = H2S     + SO           2.055E+01
 169) HSO     + O       = OH      + SO           7.154E+05
 171) HSO     + S       = HS      + SO           9.072E-03
 174) O       + OCS     = CO      + SO           4.865E+07
 214) CS      + O2      = CO      + SO           2.508E+03
 216) CS      + O3      = SO      + CO2          6.438E+06
 218) CS2     + O       = SO      + CS           5.861E+06
 288) SO2     + HV      = SO      + O            5.995E+09

SO                     LOSS RXS                INT RX RATE    TL =  6.63E+09
 107) SO      + O2      = O       + SO2          3.122E+09
 108) SO      + HO2     = SO2     + OH           3.284E+08
 109) SO      + O       = SO2     +              1.570E+07
 110) SO      + OH      = SO2     + H            4.645E+07
 152) SO      + NO2     = SO2     + NO           1.274E+08
 153) SO      + O3      = SO2     + O2           2.988E+09
 159) SO      + SO      = SO2     + S            1.951E+01
 160) SO3     + SO      = SO2     + SO2          2.176E-02
 162) SO      + HCO     = HSO     + CO           7.639E+00
 163) H       + SO      = HSO     +              3.337E+01
 238) CS2     + SO      = OCS     + S2           1.724E+00
 286) SO      + HV      = S       + O            4.026E+06

SO2                 PRODUCTION RXS              INT RX RATE    TP =  2.41E+11
 105) SO2     + O1D     = SO2     + O            9.244E+03
 107) SO      + O2      = O       + SO2          3.122E+09
 108) SO      + HO2     = SO2     + OH           3.284E+08
 109) SO      + O       = SO2     +              1.570E+07
 110) SO      + OH      = SO2     + H            4.645E+07
 115) SO3     + O       = SO2     + O2           2.867E-01
 144) SO21    + M       = SO2     + M            2.090E+11
 146) SO21    + HV      = SO2     + HV           3.142E+07
 149) SO23    + M       = SO2     + M            2.163E+10
 150) SO23    + HV      = SO2     + HV           1.082E+07
 152) SO      + NO2     = SO2     + NO           1.274E+08
 153) SO      + O3      = SO2     + O2           2.988E+09
 159) SO      + SO      = SO2     + S            1.951E+01
 160) SO3     + SO      = SO2     + SO2          2.176E-02
 217) CS      + O3      = CO      + SO2          6.438E+06
 224) CS2X    + O2      = CS      + SO2          1.740E+03
 254) CH3SO2  + HV      = CH3     + SO2          3.268E+09
 298) SO3     + HV      = SO2     + O            6.297E+02

SO2                    LOSS RXS                INT RX RATE    TL =  2.40E+11
 105) SO2     + O1D     = SO2     + O            9.244E+03
 106) SO2     + O1D     = SO      + O2           2.965E+04
 111) SO2     + OH      = HSO3    +              1.818E+09
 112) SO2     + O       = SO3     +              3.534E+07
 148) SO21    + SO2     = SO3     + SO           7.565E+00
 151) SO23    + SO2     = SO3     + SO           9.150E-01
 154) SO2     + HO2     = SO3     + OH           2.339E+05
 288) SO2     + HV      = SO      + O            5.995E+09
 289) SO2     + HV      = SO21    +              2.299E+11
 290) SO2     + HV      = SO23    +              7.437E+08

H2SO4               PRODUCTION RXS              INT RX RATE    TP =  5.75E+09
 113) SO3     + H2O     = H2SO4   +              5.749E+09

H2SO4                  LOSS RXS                INT RX RATE    TL =  5.66E+09
 114) H2SO4   + H2O     = SO3     + H2O     H2O  3.865E+09
 291) H2SO4   + HV      = SO3     + H2O          3.080E+06

HSO                 PRODUCTION RXS              INT RX RATE    TP =  5.80E+08
 155) HS      + O3      = HSO     + O2           5.770E+08
 156) HS      + HO2     = HSO     + OH           1.089E+06
 157) HS      + NO2     = HSO     + NO           1.948E+06
 162) SO      + HCO     = HSO     + CO           7.639E+00
 163) H       + SO      = HSO     +              3.337E+01

HSO                    LOSS RXS                INT RX RATE    TL =  5.80E+08
 164) HSO     + NO      = HNO     + SO           4.210E+06
 165) HSO     + OH      = H2O     + SO           7.690E+05
 166) HSO     + H       = HS      + OH           9.811E+01
 167) HSO     + H       = H2      + SO           4.906E+01
 168) HSO     + HS      = H2S     + SO           2.055E+01
 169) HSO     + O       = OH      + SO           7.154E+05
 170) HSO     + O3      = HS      + O2      O2   5.742E+08
 171) HSO     + S       = HS      + SO           9.072E-03
 299) HSO     + HV      = HS      + O            5.834E+04

S2                  PRODUCTION RXS              INT RX RATE    TP =  1.09E+05
 129) HS      + S       = H       + S2           2.044E-04
 135) S       + S       = S2      +              5.353E-11
 176) OCS     + S       = CO      + S2           2.541E+01
 185) OCS2    + S       = OCS     + S2           6.223E-12
 225) CS2X    + CS2     = CS      + CS      S2   4.886E-06
 237) CS2     + O       = CO      + S2           1.086E+05
 238) CS2     + SO      = OCS     + S2           1.724E+00
 240) CS2     + S       = CS      + S2           1.458E-04
 293) S4      + HV      = S2      + S2           2.639E+01
 294) S3      + HV      = S2      + S            3.427E-05

S2                     LOSS RXS                INT RX RATE    TL =  1.09E+05
 136) S2      + O       = S       + SO           8.842E+03
 139) S       + S2      = S3      +              3.427E-05
 140) S2      + S2      = S4      +              2.639E+01
 231) CH21    + S2      = HCS     + HS           2.803E-14
 232) CH23    + S2      = HCS     + HS           1.694E-11
 292) S2      + HV      = S       + S            9.974E+04

S4                  PRODUCTION RXS              INT RX RATE    TP =  2.64E+01
 140) S2      + S2      = S4      +              2.639E+01
 141) S       + S3      = S4      +              1.987E-18
 297) S8      + HV      = S4      + S4           2.358E-12

S4                     LOSS RXS                INT RX RATE    TL =  2.64E+01
 142) S4      + S4      = S8      +              2.358E-12
 293) S4      + HV      = S2      + S2           2.639E+01

S8                  PRODUCTION RXS              INT RX RATE    TP =  2.36E-12
 142) S4      + S4      = S8      +              2.358E-12

S8                     LOSS RXS                INT RX RATE    TL =  2.36E-12
 297) S8      + HV      = S4      + S4           2.358E-12

SO3                 PRODUCTION RXS              INT RX RATE    TP =  5.75E+09
 112) SO2     + O       = SO3     +              3.534E+07
 114) H2SO4   + H2O     = SO3     + H2O     H2O  3.865E+09
 116) HSO3    + O2      = HO2     + SO3          1.818E+09
 147) SO21    + O2      = SO3     + O            4.442E+02
 148) SO21    + SO2     = SO3     + SO           7.565E+00
 151) SO23    + SO2     = SO3     + SO           9.150E-01
 154) SO2     + HO2     = SO3     + OH           2.339E+05
 255) CH3SO3  + HV      = CH3     + SO3          2.834E+07
 291) H2SO4   + HV      = SO3     + H2O          3.080E+06

SO3                    LOSS RXS                INT RX RATE    TL =  5.75E+09
 113) SO3     + H2O     = H2SO4   +              5.749E+09
 115) SO3     + O       = SO2     + O2           2.867E-01
 160) SO3     + SO      = SO2     + SO2          2.176E-02
 298) SO3     + HV      = SO2     + O            6.297E+02

OCS                 PRODUCTION RXS              INT RX RATE    TP =  7.01E+06
 173) HS      + CO      = OCS     + H            5.106E-05
 179) S       + CO      = OCS     +              6.036E+00
 185) OCS2    + S       = OCS     + S2           6.223E-12
 188) OCS2    + CO      = OCS     + OCS          2.529E+01
 213) CS      + O2      = OCS     + O            2.006E+04
 215) CS      + O3      = OCS     + O2           6.438E+06
 219) CS2     + O       = OCS     + S            5.495E+05
 220) CS2     + OH      = OCS     + HS           4.757E+03
 230) HS      + CO      = OCS     + H            5.168E-05
 238) CS2     + SO      = OCS     + S2           1.724E+00

OCS                    LOSS RXS                INT RX RATE    TL =  6.07E+08
 172) H       + OCS     = CO      + HS           5.494E+03
 174) O       + OCS     = CO      + SO           4.865E+07
 175) O       + OCS     = S       + CO2          5.546E+02
 176) OCS     + S       = CO      + S2           2.541E+01
 177) OCS     + OH      = CO2     + HS           5.971E+06
 184) OCS     + S       = OCS2    +              2.529E+01
 239) OCS     + H       = CO      + HS           5.476E+03
 300) OCS     + HV      = CO      + S            5.524E+08

S3                  PRODUCTION RXS              INT RX RATE    TP =  3.43E-05
 139) S       + S2      = S3      +              3.427E-05

S3                     LOSS RXS                INT RX RATE    TL =  3.43E-05
 141) S       + S3      = S4      +              1.987E-18
 294) S3      + HV      = S2      + S            3.427E-05

O3                  PRODUCTION RXS              INT RX RATE    TP =  1.08E+15
  18) O       + O2      = O3      +              1.078E+15

O3                     LOSS RXS                INT RX RATE    TL =  1.08E+15
   5) H       + O3      = OH      + O2           1.502E+11
  12) OH      + O3      = HO2     + O2           1.617E+11
  15) HO2     + O3      = OH      + O2      O2   1.991E+11
  19) O       + O3      = O2      + O2           5.122E+10
  20) O1D     + O3      = O2      + O2           6.661E+08
  21) O1D     + O3      = O       + O       O2   6.661E+08
  26) O3      + HV      = O2      + O            2.131E-10
  27) O3      + O3      = O2      + O2      O2   5.492E+02
  77) NO      + O3      = NO2     + O2           4.701E+11
 153) SO      + O3      = SO2     + O2           2.988E+09
 155) HS      + O3      = HSO     + O2           5.770E+08
 158) S       + O3      = SO      + O2           1.590E+06
 170) HSO     + O3      = HS      + O2      O2   5.742E+08
 205) NO2     + O3      = NO3     + O2           3.067E+08
 215) CS      + O3      = OCS     + O2           6.438E+06
 216) CS      + O3      = SO      + CO2          6.438E+06
 217) CS      + O3      = CO      + SO2          6.438E+06
 248) CH3S    + O3      = CH3SO   + O2           2.457E+09
 250) CH3SO   + O3      = CH3SO2  + O2           2.443E+09
 252) CH3SO2  + O3      = CH3SO3  + O2           2.830E+07
 264) O3      + HV      = O2      + O1D          5.569E+14
 265) O3      + HV      = O2      + O            5.195E+14
 266) O3      + HV      = O       + O       O    4.540E+11

HNO3                PRODUCTION RXS              INT RX RATE    TP =  3.84E+09
  82) NO2     + OH      = HNO3    +              3.836E+09
 203) N2O5    + H2O     = HNO3    + HNO3         1.736E+04
 244) C2H6S   + NO3     = C2H5S   + HNO3         2.664E+06

HNO3                   LOSS RXS                INT RX RATE    TL =  3.81E+09
  84) HNO3    + OH      = H2O     + NO3          8.548E+08
 211) O       + HNO3    = OH      + NO3          4.248E+05
 280) HNO3    + HV      = NO2     + OH           2.195E+09
 281) HNO3    + HV      = HNO2    + O            3.435E+08
 282) HNO3    + HV      = HNO2    + O1D          2.466E+08

N                   PRODUCTION RXS              INT RX RATE    TP =  1.03E+08
 283) NO      + HV      = N       + O            1.027E+08

N                      LOSS RXS                INT RX RATE    TL =  1.03E+08
  72) N       + N       = N2      +              8.182E+00
  73) N       + O2      = NO      + O            1.202E+06
  75) N       + OH      = NO      + H            1.462E+07
  76) N       + NO      = N2      + O            7.031E+07
 195) N       + NO2     = N2O     + O            9.721E+06
 199) N       + HO2     = NO      + OH           6.863E+06

NO3                 PRODUCTION RXS              INT RX RATE    TP =  1.51E+10
  84) HNO3    + OH      = H2O     + NO3          8.548E+08
 192) O       + NO2     = NO3     +              1.316E+10
 202) N2O5    + M       = NO3     + NO2          4.578E+05
 205) NO2     + O3      = NO3     + O2           3.067E+08
 211) O       + HNO3    = OH      + NO3          4.248E+05
 305) HO2NO2  + HV      = OH      + NO3          7.882E+08
 306) N2O5    + HV      = NO3     + NO2          8.130E+06
 307) N2O5    + HV      = NO3     + NO      O    6.143E+06

NO3                    LOSS RXS                INT RX RATE    TL =  1.51E+10
 189) O       + NO3     = O2      + NO2          2.635E+08
 190) HO2     + NO3     = OH      + NO2     O2   2.537E+07
 191) NO      + NO3     = NO2     + NO2          9.125E+08
 193) OH      + NO3     = HO2     + NO2          2.325E+07
 201) NO2     + NO3     = N2O5    +              1.475E+07
 204) NO2     + NO3     = NO      + NO2     O2   1.153E+03
 206) NO3     + NO3     = NO2     + NO2     O2   8.882E-02
 244) C2H6S   + NO3     = C2H5S   + HNO3         2.664E+06
 301) NO3     + HV      = NO      + O2           1.677E+09
 302) NO3     + HV      = NO2     + O            1.220E+10

N2O                 PRODUCTION RXS              INT RX RATE    TP =  9.72E+06
 195) N       + NO2     = N2O     + O            9.721E+06

N2O                    LOSS RXS                INT RX RATE    TL =  1.08E+11
 194) H       + N2O     = N2      + OH           8.425E-02
 197) O1D     + N2O     = N2      + O2           1.007E+08
 198) O1D     + N2O     = NO      + NO           1.576E+08
 303) N2O     + HV      = N2      + O1D          1.073E+11

HO2NO2              PRODUCTION RXS              INT RX RATE    TP =  1.78E+10
 207) HO2     + NO2     = HO2NO2  +              1.778E+10

HO2NO2                 LOSS RXS                INT RX RATE    TL =  1.78E+10
 208) O       + HO2NO2  = OH      + NO2     O2   8.007E+04
 209) OH      + HO2NO2  = H2O     + NO2     O2   3.299E+09
 210) HO2NO2  + M       = HO2     + NO2          1.081E+10
 304) HO2NO2  + HV      = HO2     + NO2          2.848E+09
 305) HO2NO2  + HV      = OH      + NO3          7.882E+08

N2O5                PRODUCTION RXS              INT RX RATE    TP =  1.48E+07
 201) NO2     + NO3     = N2O5    +              1.475E+07

N2O5                   LOSS RXS                INT RX RATE    TL =  1.48E+07
 200) O       + N2O5    = NO2     + NO2     O2   5.712E+03
 202) N2O5    + M       = NO3     + NO2          4.578E+05
 203) N2O5    + H2O     = HNO3    + HNO3         1.736E+04
 306) N2O5    + HV      = NO3     + NO2          8.130E+06
 307) N2O5    + HV      = NO3     + NO      O    6.143E+06

NH                  PRODUCTION RXS              INT RX RATE    TP =  0.00E+00

NH                     LOSS RXS                INT RX RATE    TL =  0.00E+00

NH2                 PRODUCTION RXS              INT RX RATE    TP =  0.00E+00

NH2                    LOSS RXS                INT RX RATE    TL =  0.00E+00

NH3                 PRODUCTION RXS              INT RX RATE    TP =  0.00E+00

NH3                    LOSS RXS                INT RX RATE    TL =  1.50E+10

CO2                 PRODUCTION RXS              INT RX RATE    TP =  1.33E+12
  32) O       + HCO     = H       + CO2          5.459E+06
  34) CO      + OH      = CO2     + H            6.007E+11
  35) CO      + O       = CO2     +              2.788E+08
 175) O       + OCS     = S       + CO2          5.546E+02
 177) OCS     + OH      = CO2     + HS           5.971E+06
 182) CO2     + O1D     = CO2     + O            7.271E+11
 216) CS      + O3      = SO      + CO2          6.438E+06

CO2                    LOSS RXS                INT RX RATE    TL =  8.82E+11
  36) CO2     + H       = CO      + OH           1.081E+04
  93) CH21    + CO2     = H2CO    + CO           2.348E+05
  95) CH23    + CO2     = H2CO    + CO           1.727E+08
 182) CO2     + O1D     = CO2     + O            7.271E+11
 268) CO2     + HV      = CO      + O            8.250E+10
 269) CO2     + HV      = CO      + O1D          7.269E+10

CS                  PRODUCTION RXS              INT RX RATE    TP =  1.93E+07
 218) CS2     + O       = SO      + CS           5.861E+06
 224) CS2X    + O2      = CS      + SO2          1.740E+03
 225) CS2X    + CS2     = CS      + CS      S2   4.886E-06
 228) H       + HCS     = H2      + CS           1.554E-06
 233) CH3     + HCS     = CH4     + CS           5.661E-07
 235) HS      + HCS     = H2S     + CS           1.193E-06
 236) S       + HCS     = HS      + CS           1.077E-10
 240) CS2     + S       = CS      + S2           1.458E-04
 309) CS2     + HV      = CS      + S            1.347E+07

CS                     LOSS RXS                INT RX RATE    TL =  1.93E+07
 213) CS      + O2      = OCS     + O            2.006E+04
 214) CS      + O2      = CO      + SO           2.508E+03
 215) CS      + O3      = OCS     + O2           6.438E+06
 216) CS      + O3      = SO      + CO2          6.438E+06
 217) CS      + O3      = CO      + SO2          6.438E+06
 226) CS      + HS      = CS2     + H            2.707E-03
 227) H       + CS      = HCS     +              3.313E-06
 241) CS      + O       = CO      + S            1.305E+02

CS2                 PRODUCTION RXS              INT RX RATE    TP =  2.06E+08
 222) CS2OH   + HV      = CS2     + OH           1.903E+06
 223) CS2X    + M       = CS2     + M            2.045E+08
 226) CS      + HS      = CS2     + H            2.707E-03
 229) S       + HCS     = H       + CS2          2.154E-10

CS2                    LOSS RXS                INT RX RATE    TL =  2.26E+08
 218) CS2     + O       = SO      + CS           5.861E+06
 219) CS2     + O       = OCS     + S            5.495E+05
 220) CS2     + OH      = OCS     + HS           4.757E+03
 221) CS2     + OH      = CS2OH   +              1.903E+06
 225) CS2X    + CS2     = CS      + CS      S2   4.886E-06
 237) CS2     + O       = CO      + S2           1.086E+05
 238) CS2     + SO      = OCS     + S2           1.724E+00
 240) CS2     + S       = CS      + S2           1.458E-04
 309) CS2     + HV      = CS      + S            1.347E+07
 310) CS2     + HV      = CS2X    +              2.045E+08

HCS                 PRODUCTION RXS              INT RX RATE    TP =  3.31E-06
 227) H       + CS      = HCS     +              3.313E-06
 231) CH21    + S2      = HCS     + HS           2.803E-14
 232) CH23    + S2      = HCS     + HS           1.694E-11
 234) CH23    + S       = HCS     + H            2.107E-12

HCS                    LOSS RXS                INT RX RATE    TL =  3.31E-06
 228) H       + HCS     = H2      + CS           1.554E-06
 229) S       + HCS     = H       + CS2          2.154E-10
 233) CH3     + HCS     = CH4     + CS           5.661E-07
 235) HS      + HCS     = H2S     + CS           1.193E-06
 236) S       + HCS     = HS      + CS           1.077E-10

C2H6S               PRODUCTION RXS              INT RX RATE    TP =  0.00E+00

C2H6S                  LOSS RXS                INT RX RATE    TL =  3.30E+09
 242) C2H6S   + OH      = C2H5S   + H2O          2.461E+09
 243) C2H6S   + OH      = C2H7SO  +              8.366E+08
 244) C2H6S   + NO3     = C2H5S   + HNO3         2.664E+06

C2H5S               PRODUCTION RXS              INT RX RATE    TP =  2.46E+09
 242) C2H6S   + OH      = C2H5S   + H2O          2.461E+09
 244) C2H6S   + NO3     = C2H5S   + HNO3         2.664E+06

C2H5S                  LOSS RXS                INT RX RATE    TL =  2.46E+09
 245) C2H5S   + O2      = C2H5SO2 +              2.463E+09

C2H5SO              PRODUCTION RXS              INT RX RATE    TP =  2.46E+09
 246) C2H5SO2 + NO      = C2H5SO  + NO2          2.463E+09

C2H5SO                 LOSS RXS                INT RX RATE    TL =  2.46E+09
 247) C2H5SO  + HV      = H2CO    + CH3S         2.463E+09

C2H5SO2             PRODUCTION RXS              INT RX RATE    TP =  2.46E+09
 245) C2H5S   + O2      = C2H5SO2 +              2.463E+09

C2H5SO2                LOSS RXS                INT RX RATE    TL =  2.46E+09
 246) C2H5SO2 + NO      = C2H5SO  + NO2          2.463E+09

CH3S                PRODUCTION RXS              INT RX RATE    TP =  2.46E+09
 247) C2H5SO  + HV      = H2CO    + CH3S         2.463E+09

CH3S                   LOSS RXS                INT RX RATE    TL =  2.46E+09
 248) CH3S    + O3      = CH3SO   + O2           2.457E+09
 249) CH3S    + NO2     = CH3SO   + NO           6.053E+06

CH3SO               PRODUCTION RXS              INT RX RATE    TP =  2.46E+09
 248) CH3S    + O3      = CH3SO   + O2           2.457E+09
 249) CH3S    + NO2     = CH3SO   + NO           6.053E+06

CH3SO                  LOSS RXS                INT RX RATE    TL =  2.46E+09
 250) CH3SO   + O3      = CH3SO2  + O2           2.443E+09
 251) CH3SO   + NO2     = CH3SO2  + NO           2.026E+07

CH3SO2              PRODUCTION RXS              INT RX RATE    TP =  3.30E+09
 250) CH3SO   + O3      = CH3SO2  + O2           2.443E+09
 251) CH3SO   + NO2     = CH3SO2  + NO           2.026E+07
 258) CH4SO2  + OH      = CH3SO2  + H2O          8.335E+08

CH3SO2                 LOSS RXS                INT RX RATE    TL =  3.30E+09
 252) CH3SO2  + O3      = CH3SO3  + O2           2.830E+07
 253) CH3SO2  + NO2     = CH3SO3  + NO           4.020E+04
 254) CH3SO2  + HV      = CH3     + SO2          3.268E+09

CH3SO3              PRODUCTION RXS              INT RX RATE    TP =  2.83E+07
 252) CH3SO2  + O3      = CH3SO3  + O2           2.830E+07
 253) CH3SO2  + NO2     = CH3SO3  + NO           4.020E+04

CH3SO3                 LOSS RXS                INT RX RATE    TL =  2.83E+07
 255) CH3SO3  + HV      = CH3     + SO3          2.834E+07

CH4SO2              PRODUCTION RXS              INT RX RATE    TP =  8.34E+08
 257) C2H6SO  + OH      = CH4SO2  + CH3          8.335E+08

CH4SO2                 LOSS RXS                INT RX RATE    TL =  8.34E+08
 258) CH4SO2  + OH      = CH3SO2  + H2O          8.335E+08

C2H6SO              PRODUCTION RXS              INT RX RATE    TP =  8.37E+08
 256) C2H7SO  + O2      = C2H6SO  + HO2          8.366E+08

C2H6SO                 LOSS RXS                INT RX RATE    TL =  8.37E+08
 257) C2H6SO  + OH      = CH4SO2  + CH3          8.335E+08

C2H7SO              PRODUCTION RXS              INT RX RATE    TP =  8.37E+08
 243) C2H6S   + OH      = C2H7SO  +              8.366E+08

C2H7SO                 LOSS RXS                INT RX RATE    TL =  8.37E+08
 256) C2H7SO  + O2      = C2H6SO  + HO2          8.366E+08

SO4AER              PRODUCTION RXS              INT RX RATE    TP =  1.70E+09

SO4AER                 LOSS RXS                INT RX RATE    TL =  1.68E+09

S8AER               PRODUCTION RXS              INT RX RATE    TP =  0.00E+00

S8AER                  LOSS RXS                INT RX RATE    TL =  1.71E-19

HNO2                PRODUCTION RXS              INT RX RATE    TP =  0.00E+00
  80) NO      + OH      = HNO2    +              5.392E+09
 212) HO2     + NO2     = HNO2    + O2           6.700E+06
 281) HNO3    + HV      = HNO2    + O            3.435E+08
 282) HNO3    + HV      = HNO2    + O1D          2.466E+08

HNO2                   LOSS RXS                INT RX RATE    TL =  0.00E+00
  90) HNO2    + OH      = H2O     + NO2          1.391E+08
 279) HNO2    + HV      = NO      + OH           5.850E+09

O1D                 PRODUCTION RXS              INT RX RATE    TP =  0.00E+00
 259) O2      + HV      = O       + O1D          2.390E+11
 262) H2O     + HV      = H2      + O1D          2.834E+09
 264) O3      + HV      = O2      + O1D          5.569E+14
 269) CO2     + HV      = CO      + O1D          7.269E+10
 282) HNO3    + HV      = HNO2    + O1D          2.466E+08
 284) NO2     + HV      = NO      + O1D          1.666E+08
 303) N2O     + HV      = N2      + O1D          1.073E+11

O1D                    LOSS RXS                INT RX RATE    TL =  0.00E+00
   1) H2O     + O1D     = OH      + OH           3.046E+11
   2) H2      + O1D     = OH      + H            1.758E+09
  20) O1D     + O3      = O2      + O2           6.661E+08
  21) O1D     + O3      = O       + O       O2   6.661E+08
  23) O1D     + N2      = O       + N2           5.561E+14
  24) O1D     + O2      = O       + O2           1.737E+11
  49) CH4     + O1D     = CH3     + OH           1.800E+10
  50) CH4     + O1D     = CH3O    + H            2.423E+09
  51) CH4     + O1D     = CH2OH   + H            2.423E+09
  52) CH4     + O1D     = H2CO    + H2           1.212E+09
  98) C2H6    + O1D     = C2H5    + OH           7.899E+05
 105) SO2     + O1D     = SO2     + O            9.244E+03
 106) SO2     + O1D     = SO      + O2           2.965E+04
 180) CO      + O1D     = CO      + O            8.811E+07
 182) CO2     + O1D     = CO2     + O            7.271E+11
 197) O1D     + N2O     = N2      + O2           1.007E+08
 198) O1D     + N2O     = NO      + NO           1.576E+08

CH21                PRODUCTION RXS              INT RX RATE    TP =  0.00E+00
 273) CH4     + HV      = CH21    + H2           5.567E+09
 276) CH3     + HV      = CH21    + H            7.419E+05
 278) C2H6    + HV      = CH4     + CH21         3.148E+02

CH21                   LOSS RXS                INT RX RATE    TL =  0.00E+00
  53) CH21    + CH4     = CH3     + CH3          1.525E-09
  54) CH21    + O2      = HCO     + OH           4.913E+06
  55) CH21    + N2      = CH23    + N2           5.562E+09
  92) CH21    + H2      = CH3     + H            6.433E+05
  93) CH21    + CO2     = H2CO    + CO           2.348E+05
 231) CH21    + S2      = HCS     + HS           2.803E-14

CH23                PRODUCTION RXS              INT RX RATE    TP =  0.00E+00
  55) CH21    + N2      = CH23    + N2           5.562E+09
 275) CH4     + HV      = CH23    + H       H    1.047E+09
 277) C2H6    + HV      = CH23    + CH23    H2   1.259E+03

CH23                   LOSS RXS                INT RX RATE    TL =  0.00E+00
  58) CH23    + O2      = HCO     + OH           6.433E+09
  94) CH23    + O       = HCO     + H            4.102E+06
  95) CH23    + CO2     = H2CO    + CO           1.727E+08
 232) CH23    + S2      = HCS     + HS           1.694E-11
 234) CH23    + S       = HCS     + H            2.107E-12

C2H5                PRODUCTION RXS              INT RX RATE    TP =  0.00E+00
  96) C2H6    + OH      = C2H5    + H2O          8.982E+08
  97) C2H6    + O       = C2H5    + OH           1.031E+06
  98) C2H6    + O1D     = C2H5    + OH           7.899E+05

C2H5                   LOSS RXS                INT RX RATE    TL =  0.00E+00
  99) C2H5    + H       = CH3     + CH3          1.363E-01
 100) C2H5    + O       = CH3     + HCO     H    2.754E+02
 101) C2H5    + OH      = CH3     + HCO     H2   5.317E+00
 102) C2H5    + HCO     = C2H6    + CO           6.007E-05
 103) C2H5    + HNO     = C2H6    + NO           2.851E-06
 104) C2H5    + O2      = CH3     + HCO     OH   9.000E+08

SO21                PRODUCTION RXS              INT RX RATE    TP =  0.00E+00
 289) SO2     + HV      = SO21    +              2.299E+11

SO21                   LOSS RXS                INT RX RATE    TL =  0.00E+00
 143) SO21    + M       = SO23    + M            2.090E+10
 144) SO21    + M       = SO2     + M            2.090E+11
 145) SO21    + HV      = SO23    + HV           2.142E+06
 146) SO21    + HV      = SO2     + HV           3.142E+07
 147) SO21    + O2      = SO3     + O            4.442E+02
 148) SO21    + SO2     = SO3     + SO           7.565E+00

SO23                PRODUCTION RXS              INT RX RATE    TP =  0.00E+00
 143) SO21    + M       = SO23    + M            2.090E+10
 145) SO21    + HV      = SO23    + HV           2.142E+06
 290) SO2     + HV      = SO23    +              7.437E+08

SO23                   LOSS RXS                INT RX RATE    TL =  0.00E+00
 149) SO23    + M       = SO2     + M            2.163E+10
 150) SO23    + HV      = SO2     + HV           1.082E+07
 151) SO23    + SO2     = SO3     + SO           9.150E-01

HSO3                PRODUCTION RXS              INT RX RATE    TP =  0.00E+00
 111) SO2     + OH      = HSO3    +              1.818E+09

HSO3                   LOSS RXS                INT RX RATE    TL =  0.00E+00
 116) HSO3    + O2      = HO2     + SO3          1.818E+09

OCS2                PRODUCTION RXS              INT RX RATE    TP =  0.00E+00
 184) OCS     + S       = OCS2    +              2.529E+01

OCS2                   LOSS RXS                INT RX RATE    TL =  0.00E+00
 185) OCS2    + S       = OCS     + S2           6.223E-12
 188) OCS2    + CO      = OCS     + OCS          2.529E+01

CS2X                PRODUCTION RXS              INT RX RATE    TP =  0.00E+00
 310) CS2     + HV      = CS2X    +              2.045E+08

CS2X                   LOSS RXS                INT RX RATE    TL =  0.00E+00
 223) CS2X    + M       = CS2     + M            2.045E+08
 224) CS2X    + O2      = CS      + SO2          1.740E+03
 225) CS2X    + CS2     = CS      + CS      S2   4.886E-06

CS2OH               PRODUCTION RXS              INT RX RATE    TP =  0.00E+00
 221) CS2     + OH      = CS2OH   +              1.903E+06

CS2OH                  LOSS RXS                INT RX RATE    TL =  0.00E+00
 222) CS2OH   + HV      = CS2     + OH           1.903E+06

N2                  PRODUCTION RXS              INT RX RATE    TP =  0.00E+00
  23) O1D     + N2      = O       + N2           5.561E+14
  55) CH21    + N2      = CH23    + N2           5.562E+09
  72) N       + N       = N2      +              8.182E+00
  76) N       + NO      = N2      + O            7.031E+07
 194) H       + N2O     = N2      + OH           8.425E-02
 197) O1D     + N2O     = N2      + O2           1.007E+08
 303) N2O     + HV      = N2      + O1D          1.073E+11

N2                     LOSS RXS                INT RX RATE    TL =  0.00E+00
  23) O1D     + N2      = O       + N2           5.561E+14
  55) CH21    + N2      = CH23    + N2           5.562E+09
