
O                   PRODUCTION RXS              INT RX RATE    TP =  2.17E+15
   8) H       + HO2     = H2O     + O            9.583E+07
  21) O1D     + O3      = O       + O       O2   1.012E+10
  22) OH      + OH      = H2O     + O            3.405E+08
  23) O1D     + N2      = O       + N2           5.727E+14
  24) O1D     + O2      = O       + O2           9.518E+13
  25) O2      + HV      = O       + O            5.645E-75
  26) O3      + HV      = O2      + O            3.528E-10
  73) N       + O2      = NO      + O            9.199E+07
  76) N       + NO      = N2      + O            1.615E+07
 105) SO2     + O1D     = SO2     + O            6.381E+03
 107) SO      + O2      = O       + SO2          1.075E+08
 130) S       + O2      = SO      + O            5.834E+06
 147) SO21    + O2      = SO3     + O            2.657E+04
 180) CO      + O1D     = CO      + O            3.804E+07
 182) CO2     + O1D     = CO2     + O            7.417E+11
 195) N       + NO2     = N2O     + O            1.219E+06
 213) CS      + O2      = OCS     + O            4.024E+06
 259) O2      + HV      = O       + O1D          3.007E+11
 260) O2      + HV      = O       + O            4.919E+12
 263) H2O     + HV      = H       + H       O    1.332E+08
 265) O3      + HV      = O2      + O            1.478E+15
 266) O3      + HV      = O       + O       O    2.265E+11
 268) CO2     + HV      = CO      + O            1.090E+09
 272) HO2     + HV      = OH      + O            2.680E+09
 281) HNO3    + HV      = HNO2    + O            2.351E+08
 283) NO      + HV      = N       + O            1.129E+08
 285) NO2     + HV      = NO      + O            1.613E+13
 286) SO      + HV      = S       + O            1.259E+06
 288) SO2     + HV      = SO      + O            9.031E+07
 298) SO3     + HV      = SO2     + O            1.655E+05
 299) HSO     + HV      = HS      + O            1.003E+01
 302) NO3     + HV      = NO2     + O            1.766E+10
 307) N2O5    + HV      = NO3     + NO      O    1.218E+08

O                      LOSS RXS                INT RX RATE    TL =  2.17E+15
   3) H2      + O       = OH      + H            2.660E+07
  10) OH      + O       = H       + O2           2.460E+12
  14) HO2     + O       = OH      + O2           1.702E+12
  17) O       + O       = O2      +              8.797E+10
  18) O       + O2      = O3      +              2.167E+15
  19) O       + O3      = O2      + O2           8.575E+11
  32) O       + HCO     = H       + CO2          3.742E+04
  33) O       + HCO     = OH      + CO           3.742E+04
  35) CO      + O       = CO2     +              1.584E+05
  46) H2CO    + O       = HCO     + OH           2.426E+07
  47) H2O2    + O       = OH      + HO2          1.338E+06
  60) CH3     + O       = H2CO    + H            8.953E+05
  78) NO      + O       = NO2     +              6.851E+09
  81) NO2     + O       = NO      + O2           1.826E+12
  88) O       + HNO     = OH      + NO           5.075E+04
  91) CH4     + O       = CH3     + OH           2.708E+06
  94) CH23    + O       = HCO     + H            2.006E+04
  97) C2H6    + O       = C2H5    + OH           1.606E+03
 100) C2H5    + O       = CH3     + HCO     H    7.108E-03
 109) SO      + O       = SO2     +              6.924E+04
 112) SO2     + O       = SO3     +              9.958E+04
 115) SO3     + O       = SO2     + O2           4.225E+02
 122) H2S     + O       = OH      + HS           1.695E+00
 123) HS      + O       = H       + SO           4.856E+02
 136) S2      + O       = S       + SO           1.377E+02
 169) HSO     + O       = OH      + SO           1.635E+03
 174) O       + OCS     = CO      + SO           7.832E+05
 175) O       + OCS     = S       + CO2          2.031E+00
 189) O       + NO3     = O2      + NO2          1.561E+08
 192) O       + NO2     = NO3     +              1.266E+10
 200) O       + N2O5    = NO2     + NO2     O2   2.790E+04
 208) O       + HO2NO2  = OH      + NO2     O2   5.927E+04
 211) O       + HNO3    = OH      + NO3          1.300E+06
 218) CS2     + O       = SO      + CS           7.892E+05
 219) CS2     + O       = OCS     + S            7.398E+04
 237) CS2     + O       = CO      + S2           2.177E+04
 241) CS      + O       = CO      + S            3.650E-01

O2                  PRODUCTION RXS              INT RX RATE    TP =  2.27E+15
   5) H       + O3      = OH      + O2           8.645E+11
   7) H       + HO2     = H2      + O2           4.133E+08
  10) OH      + O       = H       + O2           2.460E+12
  11) OH      + HO2     = H2O     + O2           4.536E+10
  12) OH      + O3      = HO2     + O2           3.806E+11
  14) HO2     + O       = OH      + O2           1.702E+12
  15) HO2     + O3      = OH      + O2      O2   6.588E+10
  16) HO2     + HO2     = H2O2    + O2           2.364E+10
  17) O       + O       = O2      +              8.797E+10
  19) O       + O3      = O2      + O2           8.575E+11
  20) O1D     + O3      = O2      + O2           1.012E+10
  21) O1D     + O3      = O       + O       O2   1.012E+10
  24) O1D     + O2      = O       + O2           9.518E+13
  26) O3      + HV      = O2      + O            3.528E-10
  27) O3      + O3      = O2      + O2      O2   8.193E+02
  68) CH3O2   + HO2     = CH3OOH  + O2           1.585E+10
  77) NO      + O3      = NO2     + O2           1.771E+13
  81) NO2     + O       = NO      + O2           1.826E+12
 106) SO2     + O1D     = SO      + O2           2.047E+04
 115) SO3     + O       = SO2     + O2           4.225E+02
 125) HS      + HO2     = H2S     + O2           8.809E+05
 133) S       + HO2     = HS      + O2           1.145E-02
 153) SO      + O3      = SO2     + O2           9.815E+06
 155) HS      + O3      = HSO     + O2           6.248E+08
 158) S       + O3      = SO      + O2           7.058E+02
 170) HSO     + O3      = HS      + O2      O2   6.080E+08
 189) O       + NO3     = O2      + NO2          1.561E+08
 190) HO2     + NO3     = OH      + NO2     O2   6.282E+06
 197) O1D     + N2O     = N2      + O2           5.989E+07
 200) O       + N2O5    = NO2     + NO2     O2   2.790E+04
 204) NO2     + NO3     = NO      + NO2     O2   3.751E+04
 205) NO2     + O3      = NO3     + O2           1.116E+10
 206) NO3     + NO3     = NO2     + NO2     O2   2.666E-01
 208) O       + HO2NO2  = OH      + NO2     O2   5.927E+04
 209) OH      + HO2NO2  = H2O     + NO2     O2   2.143E+09
 212) HO2     + NO2     = HNO2    + O2           1.004E+07
 215) CS      + O3      = OCS     + O2           4.996E+06
 248) CH3S    + O3      = CH3SO   + O2           1.206E+09
 250) CH3SO   + O3      = CH3SO2  + O2           1.198E+09
 252) CH3SO2  + O3      = CH3SO3  + O2           1.315E+07
 264) O3      + HV      = O2      + O1D          6.684E+14
 265) O3      + HV      = O2      + O            1.478E+15
 301) NO3     + HV      = NO      + O2           2.323E+09

O2                     LOSS RXS                INT RX RATE    TL =  2.27E+15
   6) H       + O2      = HO2     +              1.697E+12
  18) O       + O2      = O3      +              2.167E+15
  24) O1D     + O2      = O       + O2           9.518E+13
  25) O2      + HV      = O       + O            5.645E-75
  40) HCO     + O2      = HO2     + CO           1.140E+10
  41) CH2OH   + O2      = H2CO    + HO2          1.309E+07
  42) CH3O    + O2      = H2CO    + HO2          1.121E+10
  54) CH21    + O2      = HCO     + OH           2.756E+05
  58) CH23    + O2      = HCO     + OH           7.404E+05
  59) CH3     + O2      = H2CO    + OH           1.051E+03
  66) CH3     + O2      = CH3O2   +              1.560E+10
  73) N       + O2      = NO      + O            9.199E+07
 104) C2H5    + O2      = CH3     + HCO     OH   9.000E+08
 107) SO      + O2      = O       + SO2          1.075E+08
 116) HSO3    + O2      = HO2     + SO3          1.391E+09
 130) S       + O2      = SO      + O            5.834E+06
 147) SO21    + O2      = SO3     + O            2.657E+04
 213) CS      + O2      = OCS     + O            4.024E+06
 214) CS      + O2      = CO      + SO           5.030E+05
 224) CS2X    + O2      = CS      + SO2          1.841E+07
 245) C2H5S   + O2      = C2H5SO2 +              1.209E+09
 256) C2H7SO  + O2      = C2H6SO  + HO2          4.109E+08
 259) O2      + HV      = O       + O1D          3.007E+11
 260) O2      + HV      = O       + O            4.919E+12

H2O                 PRODUCTION RXS              INT RX RATE    TP =  2.18E+10
   4) H2      + OH      = H2O     + H            8.133E+10
   8) H       + HO2     = H2O     + O            9.583E+07
  11) OH      + HO2     = H2O     + O2           4.536E+10
  13) OH      + H2O2    = HO2     + H2O          1.368E+10
  22) OH      + OH      = H2O     + O            3.405E+08
  31) OH      + HCO     = H2O     + CO           3.431E+00
  43) H2CO    + OH      = H2O     + HCO          6.829E+09
  44) H       + OH      = H2O     +              2.375E+05
  48) CH4     + OH      = CH3     + H2O          1.257E+10
  69) CH3OOH  + OH      = CH3O2   + H2O          1.010E+10
  70) CH3OOH  + OH      = H2O     + H2CO    OH   4.329E+09
  84) HNO3    + OH      = H2O     + NO3          2.358E+09
  89) OH      + HNO     = H2O     + NO           1.378E+06
  90) HNO2    + OH      = H2O     + NO2          6.413E+07
  96) C2H6    + OH      = C2H5    + H2O          8.999E+08
 114) H2SO4   + H2O     = SO3     + H2O     H2O  7.939E+09
 120) H2S     + OH      = H2O     + HS           8.769E+05
 165) HSO     + OH      = H2O     + SO           3.036E+06
 209) OH      + HO2NO2  = H2O     + NO2     O2   2.143E+09
 242) C2H6S   + OH      = C2H5S   + H2O          1.208E+09
 258) CH4SO2  + OH      = CH3SO2  + H2O          4.104E+08
 291) H2SO4   + HV      = SO3     + H2O          2.597E+06

H2O                    LOSS RXS                INT RX RATE    TL =  1.99E+10
   1) H2O     + O1D     = OH      + OH           7.592E+10
 113) SO3     + H2O     = H2SO4   +              9.346E+09
 114) H2SO4   + H2O     = SO3     + H2O     H2O  7.939E+09
 203) N2O5    + H2O     = HNO3    + HNO3         1.831E+04
 261) H2O     + HV      = H       + OH           2.017E+09
 262) H2O     + HV      = H2      + O1D          8.878E+07
 263) H2O     + HV      = H       + H       O    1.332E+08

H                   PRODUCTION RXS              INT RX RATE    TP =  2.57E+12
   2) H2      + O1D     = OH      + H            8.018E+08
   3) H2      + O       = OH      + H            2.660E+07
   4) H2      + OH      = H2O     + H            8.133E+10
  10) OH      + O       = H       + O2           2.460E+12
  32) O       + HCO     = H       + CO2          3.742E+04
  34) CO      + OH      = CO2     + H            1.766E+10
  50) CH4     + O1D     = CH3O    + H            1.309E+07
  51) CH4     + O1D     = CH2OH   + H            1.309E+07
  60) CH3     + O       = H2CO    + H            8.953E+05
  75) N       + OH      = NO      + H            3.043E+06
  86) HNO     + HV      = NO      + H            1.614E+07
  92) CH21    + H2      = CH3     + H            2.312E+01
  94) CH23    + O       = HCO     + H            2.006E+04
 100) C2H5    + O       = CH3     + HCO     H    7.108E-03
 110) SO      + OH      = SO2     + H            1.903E+06
 123) HS      + O       = H       + SO           4.856E+02
 129) HS      + S       = H       + S2           3.149E-10
 131) S       + OH      = SO      + H            3.465E-01
 173) HS      + CO      = OCS     + H            2.246E-06
 226) CS      + HS      = CS2     + H            1.215E-03
 229) S       + HCS     = H       + CS2          1.292E-18
 230) HS      + CO      = OCS     + H            2.273E-06
 234) CH23    + S       = HCS     + H            5.147E-10
 261) H2O     + HV      = H       + OH           2.017E+09
 263) H2O     + HV      = H       + H       O    1.332E+08
 271) H2CO    + HV      = HCO     + H            3.650E+09
 274) CH4     + HV      = CH3     + H            9.483E+05
 275) CH4     + HV      = CH23    + H       H    1.618E+05
 276) CH3     + HV      = CH21    + H            1.769E+02
 287) H2S     + HV      = HS      + H            1.921E+00

H                      LOSS RXS                INT RX RATE    TL =  2.57E+12
   5) H       + O3      = OH      + O2           8.645E+11
   6) H       + O2      = HO2     +              1.697E+12
   7) H       + HO2     = H2      + O2           4.133E+08
   8) H       + HO2     = H2O     + O            9.583E+07
   9) H       + HO2     = OH      + OH           4.312E+09
  28) H       + CO      = HCO     +              6.384E+03
  29) H       + HCO     = H2      + CO           1.965E+02
  36) CO2     + H       = CO      + OH           3.595E-09
  38) H2CO    + H       = H2      + HCO          1.787E+03
  39) H       + H       = H2      +              1.897E+05
  44) H       + OH      = H2O     +              2.375E+05
  62) CH3     + H       = CH4     +              1.293E+01
  71) H       + NO      = HNO     +              4.318E+04
  83) NO2     + H       = NO      + OH           7.399E+07
  87) H       + HNO     = H2      + NO           9.089E-01
  99) C2H5    + H       = CH3     + CH3          9.883E-08
 121) H2S     + H       = H2      + HS           3.675E-03
 128) HS      + H       = H2      + S            2.108E-03
 163) H       + SO      = HSO     +              1.703E+01
 166) HSO     + H       = HS      + OH           3.633E-01
 167) HSO     + H       = H2      + SO           1.816E-01
 172) H       + OCS     = CO      + HS           2.860E+00
 194) H       + N2O     = N2      + OH           2.580E-04
 227) H       + CS      = HCS     +              6.720E-10
 228) H       + HCS     = H2      + CS           5.172E-10
 239) OCS     + H       = CO      + HS           2.851E+00

OH                  PRODUCTION RXS              INT RX RATE    TP =  3.06E+12
   1) H2O     + O1D     = OH      + OH           7.592E+10
   2) H2      + O1D     = OH      + H            8.018E+08
   3) H2      + O       = OH      + H            2.660E+07
   5) H       + O3      = OH      + O2           8.645E+11
   9) H       + HO2     = OH      + OH           4.312E+09
  14) HO2     + O       = OH      + O2           1.702E+12
  15) HO2     + O3      = OH      + O2      O2   6.588E+10
  33) O       + HCO     = OH      + CO           3.742E+04
  36) CO2     + H       = CO      + OH           3.595E-09
  46) H2CO    + O       = HCO     + OH           2.426E+07
  47) H2O2    + O       = OH      + HO2          1.338E+06
  49) CH4     + O1D     = CH3     + OH           9.720E+07
  54) CH21    + O2      = HCO     + OH           2.756E+05
  58) CH23    + O2      = HCO     + OH           7.404E+05
  59) CH3     + O2      = H2CO    + OH           1.051E+03
  70) CH3OOH  + OH      = H2O     + H2CO    OH   4.329E+09
  79) NO      + HO2     = NO2     + OH           2.292E+11
  83) NO2     + H       = NO      + OH           7.399E+07
  88) O       + HNO     = OH      + NO           5.075E+04
  91) CH4     + O       = CH3     + OH           2.708E+06
  97) C2H6    + O       = C2H5    + OH           1.606E+03
  98) C2H6    + O1D     = C2H5    + OH           5.723E+04
 104) C2H5    + O2      = CH3     + HCO     OH   9.000E+08
 108) SO      + HO2     = SO2     + OH           2.167E+05
 122) H2S     + O       = OH      + HS           1.695E+00
 134) S       + HO2     = SO      + OH           1.145E-02
 154) SO2     + HO2     = SO3     + OH           6.955E+04
 156) HS      + HO2     = HSO     + OH           8.809E+05
 166) HSO     + H       = HS      + OH           3.633E-01
 169) HSO     + O       = OH      + SO           1.635E+03
 190) HO2     + NO3     = OH      + NO2     O2   6.282E+06
 194) H       + N2O     = N2      + OH           2.580E-04
 199) N       + HO2     = NO      + OH           5.493E+05
 208) O       + HO2NO2  = OH      + NO2     O2   5.927E+04
 211) O       + HNO3    = OH      + NO3          1.300E+06
 222) CS2OH   + HV      = CS2     + OH           1.548E+08
 261) H2O     + HV      = H       + OH           2.017E+09
 267) H2O2    + HV      = OH      + OH           5.954E+09
 272) HO2     + HV      = OH      + O            2.680E+09
 279) HNO2    + HV      = NO      + OH           5.901E+09
 280) HNO3    + HV      = NO2     + OH           6.382E+09
 305) HO2NO2  + HV      = OH      + NO3          3.443E+08
 308) CH3OOH  + HV      = CH3O    + OH           1.351E+09

OH                     LOSS RXS                INT RX RATE    TL =  3.06E+12
   4) H2      + OH      = H2O     + H            8.133E+10
  10) OH      + O       = H       + O2           2.460E+12
  11) OH      + HO2     = H2O     + O2           4.536E+10
  12) OH      + O3      = HO2     + O2           3.806E+11
  13) OH      + H2O2    = HO2     + H2O          1.368E+10
  22) OH      + OH      = H2O     + O            3.405E+08
  31) OH      + HCO     = H2O     + CO           3.431E+00
  34) CO      + OH      = CO2     + H            1.766E+10
  43) H2CO    + OH      = H2O     + HCO          6.829E+09
  44) H       + OH      = H2O     +              2.375E+05
  45) OH      + OH      = H2O2    +              5.306E+07
  48) CH4     + OH      = CH3     + H2O          1.257E+10
  69) CH3OOH  + OH      = CH3O2   + H2O          1.010E+10
  70) CH3OOH  + OH      = H2O     + H2CO    OH   4.329E+09
  75) N       + OH      = NO      + H            3.043E+06
  80) NO      + OH      = HNO2    +              5.551E+09
  82) NO2     + OH      = HNO3    +              1.002E+10
  84) HNO3    + OH      = H2O     + NO3          2.358E+09
  89) OH      + HNO     = H2O     + NO           1.378E+06
  90) HNO2    + OH      = H2O     + NO2          6.413E+07
  96) C2H6    + OH      = C2H5    + H2O          8.999E+08
 101) C2H5    + OH      = CH3     + HCO     H2   7.302E-03
 110) SO      + OH      = SO2     + H            1.903E+06
 111) SO2     + OH      = HSO3    +              1.391E+09
 120) H2S     + OH      = H2O     + HS           8.769E+05
 131) S       + OH      = SO      + H            3.465E-01
 165) HSO     + OH      = H2O     + SO           3.036E+06
 177) OCS     + OH      = CO2     + HS           2.031E+07
 193) OH      + NO3     = HO2     + NO2          1.247E+07
 209) OH      + HO2NO2  = H2O     + NO2     O2   2.143E+09
 220) CS2     + OH      = OCS     + HS           3.869E+05
 221) CS2     + OH      = CS2OH   +              1.548E+08
 242) C2H6S   + OH      = C2H5S   + H2O          1.208E+09
 243) C2H6S   + OH      = C2H7SO  +              4.109E+08
 257) C2H6SO  + OH      = CH4SO2  + CH3          4.104E+08
 258) CH4SO2  + OH      = CH3SO2  + H2O          4.104E+08

HO2                 PRODUCTION RXS              INT RX RATE    TP =  2.12E+12
   6) H       + O2      = HO2     +              1.697E+12
  12) OH      + O3      = HO2     + O2           3.806E+11
  13) OH      + H2O2    = HO2     + H2O          1.368E+10
  40) HCO     + O2      = HO2     + CO           1.140E+10
  41) CH2OH   + O2      = H2CO    + HO2          1.309E+07
  42) CH3O    + O2      = H2CO    + HO2          1.121E+10
  47) H2O2    + O       = OH      + HO2          1.338E+06
 116) HSO3    + O2      = HO2     + SO3          1.391E+09
 193) OH      + NO3     = HO2     + NO2          1.247E+07
 210) HO2NO2  + M       = HO2     + NO2          5.572E+09
 256) C2H7SO  + O2      = C2H6SO  + HO2          4.109E+08
 304) HO2NO2  + HV      = HO2     + NO2          1.337E+09

HO2                    LOSS RXS                INT RX RATE    TL =  2.12E+12
   7) H       + HO2     = H2      + O2           4.133E+08
   8) H       + HO2     = H2O     + O            9.583E+07
   9) H       + HO2     = OH      + OH           4.312E+09
  11) OH      + HO2     = H2O     + O2           4.536E+10
  14) HO2     + O       = OH      + O2           1.702E+12
  15) HO2     + O3      = OH      + O2      O2   6.588E+10
  16) HO2     + HO2     = H2O2    + O2           2.364E+10
  68) CH3O2   + HO2     = CH3OOH  + O2           1.585E+10
  79) NO      + HO2     = NO2     + OH           2.292E+11
 108) SO      + HO2     = SO2     + OH           2.167E+05
 125) HS      + HO2     = H2S     + O2           8.809E+05
 133) S       + HO2     = HS      + O2           1.145E-02
 134) S       + HO2     = SO      + OH           1.145E-02
 154) SO2     + HO2     = SO3     + OH           6.955E+04
 156) HS      + HO2     = HSO     + OH           8.809E+05
 190) HO2     + NO3     = OH      + NO2     O2   6.282E+06
 199) N       + HO2     = NO      + OH           5.493E+05
 207) HO2     + NO2     = HO2NO2  +              9.405E+09
 212) HO2     + NO2     = HNO2    + O2           1.004E+07
 272) HO2     + HV      = OH      + O            2.680E+09

H2O2                PRODUCTION RXS              INT RX RATE    TP =  2.37E+10
  16) HO2     + HO2     = H2O2    + O2           2.364E+10
  45) OH      + OH      = H2O2    +              5.306E+07

H2O2                   LOSS RXS                INT RX RATE    TL =  2.27E+10
  13) OH      + H2O2    = HO2     + H2O          1.368E+10
  47) H2O2    + O       = OH      + HO2          1.338E+06
 267) H2O2    + HV      = OH      + OH           5.954E+09

H2                  PRODUCTION RXS              INT RX RATE    TP =  6.54E+09
   7) H       + HO2     = H2      + O2           4.133E+08
  29) H       + HCO     = H2      + CO           1.965E+02
  38) H2CO    + H       = H2      + HCO          1.787E+03
  39) H       + H       = H2      +              1.897E+05
  52) CH4     + O1D     = H2CO    + H2           6.543E+06
  87) H       + HNO     = H2      + NO           9.089E-01
 101) C2H5    + OH      = CH3     + HCO     H2   7.302E-03
 121) H2S     + H       = H2      + HS           3.675E-03
 128) HS      + H       = H2      + S            2.108E-03
 167) HSO     + H       = H2      + SO           1.816E-01
 228) H       + HCS     = H2      + CS           5.172E-10
 262) H2O     + HV      = H2      + O1D          8.878E+07
 270) H2CO    + HV      = H2      + CO           5.882E+09
 273) CH4     + HV      = CH21    + H2           8.741E+05
 277) C2H6    + HV      = CH23    + CH23    H2   4.162E-04

H2                     LOSS RXS                INT RX RATE    TL =  8.22E+10
   2) H2      + O1D     = OH      + H            8.018E+08
   3) H2      + O       = OH      + H            2.660E+07
   4) H2      + OH      = H2O     + H            8.133E+10
  92) CH21    + H2      = CH3     + H            2.312E+01

CO                  PRODUCTION RXS              INT RX RATE    TP =  1.95E+10
  29) H       + HCO     = H2      + CO           1.965E+02
  30) HCO     + HCO     = H2CO    + CO           1.234E-09
  31) OH      + HCO     = H2O     + CO           3.431E+00
  33) O       + HCO     = OH      + CO           3.742E+04
  36) CO2     + H       = CO      + OH           3.595E-09
  40) HCO     + O2      = HO2     + CO           1.140E+10
  63) CH3     + HCO     = CH4     + CO           2.568E-07
  85) HCO     + NO      = HNO     + CO           1.895E+01
  93) CH21    + CO2     = H2CO    + CO           2.374E+01
  95) CH23    + CO2     = H2CO    + CO           2.122E+01
 102) C2H5    + HCO     = C2H6    + CO           8.836E-12
 127) HS      + HCO     = H2S     + CO           2.436E-05
 132) S       + HCO     = HS      + CO           2.075E-10
 162) SO      + HCO     = HSO     + CO           6.450E-05
 172) H       + OCS     = CO      + HS           2.860E+00
 174) O       + OCS     = CO      + SO           7.832E+05
 176) OCS     + S       = CO      + S2           9.662E-05
 180) CO      + O1D     = CO      + O            3.804E+07
 214) CS      + O2      = CO      + SO           5.030E+05
 217) CS      + O3      = CO      + SO2          4.996E+06
 237) CS2     + O       = CO      + S2           2.177E+04
 239) OCS     + H       = CO      + HS           2.851E+00
 241) CS      + O       = CO      + S            3.650E-01
 268) CO2     + HV      = CO      + O            1.090E+09
 269) CO2     + HV      = CO      + O1D          1.110E+09
 270) H2CO    + HV      = H2      + CO           5.882E+09
 300) OCS     + HV      = CO      + S            4.142E+06

CO                     LOSS RXS                INT RX RATE    TL =  1.77E+10
  28) H       + CO      = HCO     +              6.384E+03
  34) CO      + OH      = CO2     + H            1.766E+10
  35) CO      + O       = CO2     +              1.584E+05
 173) HS      + CO      = OCS     + H            2.246E-06
 179) S       + CO      = OCS     +              1.770E-07
 180) CO      + O1D     = CO      + O            3.804E+07
 188) OCS2    + CO      = OCS     + OCS          7.099E-05
 230) HS      + CO      = OCS     + H            2.273E-06

HCO                 PRODUCTION RXS              INT RX RATE    TP =  1.14E+10
  28) H       + CO      = HCO     +              6.384E+03
  38) H2CO    + H       = H2      + HCO          1.787E+03
  43) H2CO    + OH      = H2O     + HCO          6.829E+09
  46) H2CO    + O       = HCO     + OH           2.426E+07
  54) CH21    + O2      = HCO     + OH           2.756E+05
  58) CH23    + O2      = HCO     + OH           7.404E+05
  65) CH3     + H2CO    = CH4     + HCO          2.461E-06
  94) CH23    + O       = HCO     + H            2.006E+04
 100) C2H5    + O       = CH3     + HCO     H    7.108E-03
 101) C2H5    + OH      = CH3     + HCO     H2   7.302E-03
 104) C2H5    + O2      = CH3     + HCO     OH   9.000E+08
 271) H2CO    + HV      = HCO     + H            3.650E+09

HCO                    LOSS RXS                INT RX RATE    TL =  1.14E+10
  29) H       + HCO     = H2      + CO           1.965E+02
  30) HCO     + HCO     = H2CO    + CO           1.234E-09
  31) OH      + HCO     = H2O     + CO           3.431E+00
  32) O       + HCO     = H       + CO2          3.742E+04
  33) O       + HCO     = OH      + CO           3.742E+04
  40) HCO     + O2      = HO2     + CO           1.140E+10
  63) CH3     + HCO     = CH4     + CO           2.568E-07
  85) HCO     + NO      = HNO     + CO           1.895E+01
 102) C2H5    + HCO     = C2H6    + CO           8.836E-12
 127) HS      + HCO     = H2S     + CO           2.436E-05
 132) S       + HCO     = HS      + CO           2.075E-10
 162) SO      + HCO     = HSO     + CO           6.450E-05

H2CO                PRODUCTION RXS              INT RX RATE    TP =  1.68E+10
  30) HCO     + HCO     = H2CO    + CO           1.234E-09
  41) CH2OH   + O2      = H2CO    + HO2          1.309E+07
  42) CH3O    + O2      = H2CO    + HO2          1.121E+10
  52) CH4     + O1D     = H2CO    + H2           6.543E+06
  59) CH3     + O2      = H2CO    + OH           1.051E+03
  60) CH3     + O       = H2CO    + H            8.953E+05
  70) CH3OOH  + OH      = H2O     + H2CO    OH   4.329E+09
  93) CH21    + CO2     = H2CO    + CO           2.374E+01
  95) CH23    + CO2     = H2CO    + CO           2.122E+01
 247) C2H5SO  + HV      = H2CO    + CH3S         1.209E+09

H2CO                   LOSS RXS                INT RX RATE    TL =  1.66E+10
  38) H2CO    + H       = H2      + HCO          1.787E+03
  43) H2CO    + OH      = H2O     + HCO          6.829E+09
  46) H2CO    + O       = HCO     + OH           2.426E+07
  65) CH3     + H2CO    = CH4     + HCO          2.461E-06
 270) H2CO    + HV      = H2      + CO           5.882E+09
 271) H2CO    + HV      = HCO     + H            3.650E+09

CH3O                PRODUCTION RXS              INT RX RATE    TP =  1.12E+10
  50) CH4     + O1D     = CH3O    + H            1.309E+07
  67) CH3O2   + NO      = CH3O    + NO2          9.844E+09
 308) CH3OOH  + HV      = CH3O    + OH           1.351E+09

CH3O                   LOSS RXS                INT RX RATE    TL =  1.12E+10
  42) CH3O    + O2      = H2CO    + HO2          1.121E+10

CH2OH               PRODUCTION RXS              INT RX RATE    TP =  1.31E+07
  51) CH4     + O1D     = CH2OH   + H            1.309E+07

CH2OH                  LOSS RXS                INT RX RATE    TL =  1.31E+07
  41) CH2OH   + O2      = H2CO    + HO2          1.309E+07

CH3O2               PRODUCTION RXS              INT RX RATE    TP =  2.57E+10
  66) CH3     + O2      = CH3O2   +              1.560E+10
  69) CH3OOH  + OH      = CH3O2   + H2O          1.010E+10

CH3O2                  LOSS RXS                INT RX RATE    TL =  2.57E+10
  67) CH3O2   + NO      = CH3O    + NO2          9.844E+09
  68) CH3O2   + HO2     = CH3OOH  + O2           1.585E+10

CH3OOH              PRODUCTION RXS              INT RX RATE    TP =  1.59E+10
  68) CH3O2   + HO2     = CH3OOH  + O2           1.585E+10

CH3OOH                 LOSS RXS                INT RX RATE    TL =  1.59E+10
  69) CH3OOH  + OH      = CH3O2   + H2O          1.010E+10
  70) CH3OOH  + OH      = H2O     + H2CO    OH   4.329E+09
 308) CH3OOH  + HV      = CH3O    + OH           1.351E+09

CH4                 PRODUCTION RXS              INT RX RATE    TP =  1.29E+01
  62) CH3     + H       = CH4     +              1.293E+01
  63) CH3     + HCO     = CH4     + CO           2.568E-07
  64) CH3     + HNO     = CH4     + NO           1.064E-05
  65) CH3     + H2CO    = CH4     + HCO          2.461E-06
 233) CH3     + HCS     = CH4     + CS           1.458E-14
 278) C2H6    + HV      = CH4     + CH21         1.040E-04

CH4                    LOSS RXS                INT RX RATE    TL =  1.27E+10
  48) CH4     + OH      = CH3     + H2O          1.257E+10
  49) CH4     + O1D     = CH3     + OH           9.720E+07
  50) CH4     + O1D     = CH3O    + H            1.309E+07
  51) CH4     + O1D     = CH2OH   + H            1.309E+07
  52) CH4     + O1D     = H2CO    + H2           6.543E+06
  53) CH21    + CH4     = CH3     + CH3          2.411E-14
  91) CH4     + O       = CH3     + OH           2.708E+06
 273) CH4     + HV      = CH21    + H2           8.741E+05
 274) CH4     + HV      = CH3     + H            9.483E+05
 275) CH4     + HV      = CH23    + H       H    1.618E+05

CH3                 PRODUCTION RXS              INT RX RATE    TP =  1.56E+10
  48) CH4     + OH      = CH3     + H2O          1.257E+10
  49) CH4     + O1D     = CH3     + OH           9.720E+07
  53) CH21    + CH4     = CH3     + CH3          2.411E-14
  91) CH4     + O       = CH3     + OH           2.708E+06
  92) CH21    + H2      = CH3     + H            2.312E+01
  99) C2H5    + H       = CH3     + CH3          9.883E-08
 100) C2H5    + O       = CH3     + HCO     H    7.108E-03
 101) C2H5    + OH      = CH3     + HCO     H2   7.302E-03
 104) C2H5    + O2      = CH3     + HCO     OH   9.000E+08
 254) CH3SO2  + HV      = CH3     + SO2          1.606E+09
 255) CH3SO3  + HV      = CH3     + SO3          1.317E+07
 257) C2H6SO  + OH      = CH4SO2  + CH3          4.104E+08
 274) CH4     + HV      = CH3     + H            9.483E+05

CH3                    LOSS RXS                INT RX RATE    TL =  1.56E+10
  59) CH3     + O2      = H2CO    + OH           1.051E+03
  60) CH3     + O       = H2CO    + H            8.953E+05
  61) CH3     + CH3     = C2H6    +              3.419E-05
  62) CH3     + H       = CH4     +              1.293E+01
  63) CH3     + HCO     = CH4     + CO           2.568E-07
  64) CH3     + HNO     = CH4     + NO           1.064E-05
  65) CH3     + H2CO    = CH4     + HCO          2.461E-06
  66) CH3     + O2      = CH3O2   +              1.560E+10
 233) CH3     + HCS     = CH4     + CS           1.458E-14
 276) CH3     + HV      = CH21    + H            1.769E+02

C2H6                PRODUCTION RXS              INT RX RATE    TP =  3.42E-05
  61) CH3     + CH3     = C2H6    +              3.419E-05
 102) C2H5    + HCO     = C2H6    + CO           8.836E-12
 103) C2H5    + HNO     = C2H6    + NO           3.079E-08

C2H6                   LOSS RXS                INT RX RATE    TL =  9.00E+08
  96) C2H6    + OH      = C2H5    + H2O          8.999E+08
  97) C2H6    + O       = C2H5    + OH           1.606E+03
  98) C2H6    + O1D     = C2H5    + OH           5.723E+04
 277) C2H6    + HV      = CH23    + CH23    H2   4.162E-04
 278) C2H6    + HV      = CH4     + CH21         1.040E-04

NO                  PRODUCTION RXS              INT RX RATE    TP =  1.80E+13
  64) CH3     + HNO     = CH4     + NO           1.064E-05
  73) N       + O2      = NO      + O            9.199E+07
  75) N       + OH      = NO      + H            3.043E+06
  81) NO2     + O       = NO      + O2           1.826E+12
  83) NO2     + H       = NO      + OH           7.399E+07
  86) HNO     + HV      = NO      + H            1.614E+07
  87) H       + HNO     = H2      + NO           9.089E-01
  88) O       + HNO     = OH      + NO           5.075E+04
  89) OH      + HNO     = H2O     + NO           1.378E+06
 103) C2H5    + HNO     = C2H6    + NO           3.079E-08
 152) SO      + NO2     = SO2     + NO           3.081E+06
 157) HS      + NO2     = HSO     + NO           3.021E+06
 198) O1D     + N2O     = NO      + NO           9.371E+07
 199) N       + HO2     = NO      + OH           5.493E+05
 204) NO2     + NO3     = NO      + NO2     O2   3.751E+04
 249) CH3S    + NO2     = CH3SO   + NO           3.321E+06
 251) CH3SO   + NO2     = CH3SO2  + NO           1.094E+07
 253) CH3SO2  + NO2     = CH3SO3  + NO           2.196E+04
 279) HNO2    + HV      = NO      + OH           5.901E+09
 284) NO2     + HV      = NO      + O1D          2.032E+09
 285) NO2     + HV      = NO      + O            1.613E+13
 301) NO3     + HV      = NO      + O2           2.323E+09
 307) N2O5    + HV      = NO3     + NO      O    1.218E+08

NO                     LOSS RXS                INT RX RATE    TL =  1.80E+13
  67) CH3O2   + NO      = CH3O    + NO2          9.844E+09
  71) H       + NO      = HNO     +              4.318E+04
  76) N       + NO      = N2      + O            1.615E+07
  77) NO      + O3      = NO2     + O2           1.771E+13
  78) NO      + O       = NO2     +              6.851E+09
  79) NO      + HO2     = NO2     + OH           2.292E+11
  80) NO      + OH      = HNO2    +              5.551E+09
  85) HCO     + NO      = HNO     + CO           1.895E+01
 164) HSO     + NO      = HNO     + SO           1.754E+07
 191) NO      + NO3     = NO2     + NO2          6.359E+09
 246) C2H5SO2 + NO      = C2H5SO  + NO2          1.209E+09
 283) NO      + HV      = N       + O            1.129E+08

NO2                 PRODUCTION RXS              INT RX RATE    TP =  1.80E+13
  67) CH3O2   + NO      = CH3O    + NO2          9.844E+09
  77) NO      + O3      = NO2     + O2           1.771E+13
  78) NO      + O       = NO2     +              6.851E+09
  79) NO      + HO2     = NO2     + OH           2.292E+11
  90) HNO2    + OH      = H2O     + NO2          6.413E+07
 189) O       + NO3     = O2      + NO2          1.561E+08
 190) HO2     + NO3     = OH      + NO2     O2   6.282E+06
 191) NO      + NO3     = NO2     + NO2          6.359E+09
 193) OH      + NO3     = HO2     + NO2          1.247E+07
 200) O       + N2O5    = NO2     + NO2     O2   2.790E+04
 202) N2O5    + M       = NO3     + NO2          8.428E+05
 204) NO2     + NO3     = NO      + NO2     O2   3.751E+04
 206) NO3     + NO3     = NO2     + NO2     O2   2.666E-01
 208) O       + HO2NO2  = OH      + NO2     O2   5.927E+04
 209) OH      + HO2NO2  = H2O     + NO2     O2   2.143E+09
 210) HO2NO2  + M       = HO2     + NO2          5.572E+09
 246) C2H5SO2 + NO      = C2H5SO  + NO2          1.209E+09
 280) HNO3    + HV      = NO2     + OH           6.382E+09
 302) NO3     + HV      = NO2     + O            1.766E+10
 304) HO2NO2  + HV      = HO2     + NO2          1.337E+09
 306) N2O5    + HV      = NO3     + NO2          3.156E+07

NO2                    LOSS RXS                INT RX RATE    TL =  1.80E+13
  81) NO2     + O       = NO      + O2           1.826E+12
  82) NO2     + OH      = HNO3    +              1.002E+10
  83) NO2     + H       = NO      + OH           7.399E+07
 152) SO      + NO2     = SO2     + NO           3.081E+06
 157) HS      + NO2     = HSO     + NO           3.021E+06
 192) O       + NO2     = NO3     +              1.266E+10
 195) N       + NO2     = N2O     + O            1.219E+06
 201) NO2     + NO3     = N2O5    +              1.542E+08
 204) NO2     + NO3     = NO      + NO2     O2   3.751E+04
 205) NO2     + O3      = NO3     + O2           1.116E+10
 207) HO2     + NO2     = HO2NO2  +              9.405E+09
 212) HO2     + NO2     = HNO2    + O2           1.004E+07
 249) CH3S    + NO2     = CH3SO   + NO           3.321E+06
 251) CH3SO   + NO2     = CH3SO2  + NO           1.094E+07
 253) CH3SO2  + NO2     = CH3SO3  + NO           2.196E+04
 284) NO2     + HV      = NO      + O1D          2.032E+09
 285) NO2     + HV      = NO      + O            1.613E+13

HNO                 PRODUCTION RXS              INT RX RATE    TP =  1.76E+07
  71) H       + NO      = HNO     +              4.318E+04
  85) HCO     + NO      = HNO     + CO           1.895E+01
 164) HSO     + NO      = HNO     + SO           1.754E+07

HNO                    LOSS RXS                INT RX RATE    TL =  1.76E+07
  64) CH3     + HNO     = CH4     + NO           1.064E-05
  86) HNO     + HV      = NO      + H            1.614E+07
  87) H       + HNO     = H2      + NO           9.089E-01
  88) O       + HNO     = OH      + NO           5.075E+04
  89) OH      + HNO     = H2O     + NO           1.378E+06
 103) C2H5    + HNO     = C2H6    + NO           3.079E-08

H2S                 PRODUCTION RXS              INT RX RATE    TP =  8.81E+05
 125) HS      + HO2     = H2S     + O2           8.809E+05
 126) HS      + HS      = H2S     + S            1.930E+01
 127) HS      + HCO     = H2S     + CO           2.436E-05
 168) HSO     + HS      = H2S     + SO           4.463E+01
 235) HS      + HCS     = H2S     + CS           6.694E-10

H2S                    LOSS RXS                INT RX RATE    TL =  8.77E+05
 120) H2S     + OH      = H2O     + HS           8.769E+05
 121) H2S     + H       = H2      + HS           3.675E-03
 122) H2S     + O       = OH      + HS           1.695E+00
 287) H2S     + HV      = HS      + H            1.921E+00

HS                  PRODUCTION RXS              INT RX RATE    TP =  6.30E+08
 120) H2S     + OH      = H2O     + HS           8.769E+05
 121) H2S     + H       = H2      + HS           3.675E-03
 122) H2S     + O       = OH      + HS           1.695E+00
 132) S       + HCO     = HS      + CO           2.075E-10
 133) S       + HO2     = HS      + O2           1.145E-02
 166) HSO     + H       = HS      + OH           3.633E-01
 170) HSO     + O3      = HS      + O2      O2   6.080E+08
 171) HSO     + S       = HS      + SO           1.382E-08
 172) H       + OCS     = CO      + HS           2.860E+00
 177) OCS     + OH      = CO2     + HS           2.031E+07
 220) CS2     + OH      = OCS     + HS           3.869E+05
 231) CH21    + S2      = HCS     + HS           4.518E-22
 232) CH23    + S2      = HCS     + HS           1.328E-21
 236) S       + HCS     = HS      + CS           6.459E-19
 239) OCS     + H       = CO      + HS           2.851E+00
 287) H2S     + HV      = HS      + H            1.921E+00
 299) HSO     + HV      = HS      + O            1.003E+01

HS                     LOSS RXS                INT RX RATE    TL =  6.30E+08
 123) HS      + O       = H       + SO           4.856E+02
 125) HS      + HO2     = H2S     + O2           8.809E+05
 126) HS      + HS      = H2S     + S            1.930E+01
 127) HS      + HCO     = H2S     + CO           2.436E-05
 128) HS      + H       = H2      + S            2.108E-03
 129) HS      + S       = H       + S2           3.149E-10
 155) HS      + O3      = HSO     + O2           6.248E+08
 156) HS      + HO2     = HSO     + OH           8.809E+05
 157) HS      + NO2     = HSO     + NO           3.021E+06
 168) HSO     + HS      = H2S     + SO           4.463E+01
 173) HS      + CO      = OCS     + H            2.246E-06
 226) CS      + HS      = CS2     + H            1.215E-03
 230) HS      + CO      = OCS     + H            2.273E-06
 235) HS      + HCS     = H2S     + CS           6.694E-10

S                   PRODUCTION RXS              INT RX RATE    TP =  5.84E+06
 126) HS      + HS      = H2S     + S            1.930E+01
 128) HS      + H       = H2      + S            2.108E-03
 136) S2      + O       = S       + SO           1.377E+02
 159) SO      + SO      = SO2     + S            1.824E-02
 175) O       + OCS     = S       + CO2          2.031E+00
 219) CS2     + O       = OCS     + S            7.398E+04
 241) CS      + O       = CO      + S            3.650E-01
 286) SO      + HV      = S       + O            1.259E+06
 292) S2      + HV      = S       + S            2.163E+04
 294) S3      + HV      = S2      + S            2.541E-11
 300) OCS     + HV      = CO      + S            4.142E+06
 309) CS2     + HV      = CS      + S            3.168E+05

S                      LOSS RXS                INT RX RATE    TL =  5.84E+06
 129) HS      + S       = H       + S2           3.149E-10
 130) S       + O2      = SO      + O            5.834E+06
 131) S       + OH      = SO      + H            3.465E-01
 132) S       + HCO     = HS      + CO           2.075E-10
 133) S       + HO2     = HS      + O2           1.145E-02
 134) S       + HO2     = SO      + OH           1.145E-02
 135) S       + S       = S2      +              5.563E-18
 139) S       + S2      = S3      +              2.541E-11
 141) S       + S3      = S4      +              4.341E-30
 158) S       + O3      = SO      + O2           7.058E+02
 171) HSO     + S       = HS      + SO           1.382E-08
 176) OCS     + S       = CO      + S2           9.662E-05
 179) S       + CO      = OCS     +              1.770E-07
 184) OCS     + S       = OCS2    +              7.099E-05
 185) OCS2    + S       = OCS     + S2           8.214E-19
 229) S       + HCS     = H       + CS2          1.292E-18
 234) CH23    + S       = HCS     + H            5.147E-10
 236) S       + HCS     = HS      + CS           6.459E-19
 240) CS2     + S       = CS      + S2           4.356E-09

SO                  PRODUCTION RXS              INT RX RATE    TP =  1.24E+08
 106) SO2     + O1D     = SO      + O2           2.047E+04
 123) HS      + O       = H       + SO           4.856E+02
 130) S       + O2      = SO      + O            5.834E+06
 131) S       + OH      = SO      + H            3.465E-01
 134) S       + HO2     = SO      + OH           1.145E-02
 136) S2      + O       = S       + SO           1.377E+02
 148) SO21    + SO2     = SO3     + SO           4.065E-01
 151) SO23    + SO2     = SO3     + SO           5.257E-02
 158) S       + O3      = SO      + O2           7.058E+02
 164) HSO     + NO      = HNO     + SO           1.754E+07
 165) HSO     + OH      = H2O     + SO           3.036E+06
 167) HSO     + H       = H2      + SO           1.816E-01
 168) HSO     + HS      = H2S     + SO           4.463E+01
 169) HSO     + O       = OH      + SO           1.635E+03
 171) HSO     + S       = HS      + SO           1.382E-08
 174) O       + OCS     = CO      + SO           7.832E+05
 214) CS      + O2      = CO      + SO           5.030E+05
 216) CS      + O3      = SO      + CO2          4.996E+06
 218) CS2     + O       = SO      + CS           7.892E+05
 288) SO2     + HV      = SO      + O            9.031E+07

SO                     LOSS RXS                INT RX RATE    TL =  1.24E+08
 107) SO      + O2      = O       + SO2          1.075E+08
 108) SO      + HO2     = SO2     + OH           2.167E+05
 109) SO      + O       = SO2     +              6.924E+04
 110) SO      + OH      = SO2     + H            1.903E+06
 152) SO      + NO2     = SO2     + NO           3.081E+06
 153) SO      + O3      = SO2     + O2           9.815E+06
 159) SO      + SO      = SO2     + S            1.824E-02
 160) SO3     + SO      = SO2     + SO2          5.877E-03
 162) SO      + HCO     = HSO     + CO           6.450E-05
 163) H       + SO      = HSO     +              1.703E+01
 238) CS2     + SO      = OCS     + S2           1.157E-03
 286) SO      + HV      = S       + O            1.259E+06

SO2                 PRODUCTION RXS              INT RX RATE    TP =  2.95E+10
 105) SO2     + O1D     = SO2     + O            6.381E+03
 107) SO      + O2      = O       + SO2          1.075E+08
 108) SO      + HO2     = SO2     + OH           2.167E+05
 109) SO      + O       = SO2     +              6.924E+04
 110) SO      + OH      = SO2     + H            1.903E+06
 115) SO3     + O       = SO2     + O2           4.225E+02
 144) SO21    + M       = SO2     + M            2.498E+10
 146) SO21    + HV      = SO2     + HV           3.773E+07
 149) SO23    + M       = SO2     + M            2.748E+09
 150) SO23    + HV      = SO2     + HV           9.140E+06
 152) SO      + NO2     = SO2     + NO           3.081E+06
 153) SO      + O3      = SO2     + O2           9.815E+06
 159) SO      + SO      = SO2     + S            1.824E-02
 160) SO3     + SO      = SO2     + SO2          5.877E-03
 217) CS      + O3      = CO      + SO2          4.996E+06
 224) CS2X    + O2      = CS      + SO2          1.841E+07
 254) CH3SO2  + HV      = CH3     + SO2          1.606E+09
 298) SO3     + HV      = SO2     + O            1.655E+05

SO2                    LOSS RXS                INT RX RATE    TL =  2.96E+10
 105) SO2     + O1D     = SO2     + O            6.381E+03
 106) SO2     + O1D     = SO      + O2           2.047E+04
 111) SO2     + OH      = HSO3    +              1.391E+09
 112) SO2     + O       = SO3     +              9.958E+04
 148) SO21    + SO2     = SO3     + SO           4.065E-01
 151) SO23    + SO2     = SO3     + SO           5.257E-02
 154) SO2     + HO2     = SO3     + OH           6.955E+04
 288) SO2     + HV      = SO      + O            9.031E+07
 289) SO2     + HV      = SO21    +              2.752E+10
 290) SO2     + HV      = SO23    +              2.562E+08

H2SO4               PRODUCTION RXS              INT RX RATE    TP =  9.35E+09
 113) SO3     + H2O     = H2SO4   +              9.346E+09

H2SO4                  LOSS RXS                INT RX RATE    TL =  9.20E+09
 114) H2SO4   + H2O     = SO3     + H2O     H2O  7.939E+09
 291) H2SO4   + HV      = SO3     + H2O          2.597E+06

HSO                 PRODUCTION RXS              INT RX RATE    TP =  6.29E+08
 155) HS      + O3      = HSO     + O2           6.248E+08
 156) HS      + HO2     = HSO     + OH           8.809E+05
 157) HS      + NO2     = HSO     + NO           3.021E+06
 162) SO      + HCO     = HSO     + CO           6.450E-05
 163) H       + SO      = HSO     +              1.703E+01

HSO                    LOSS RXS                INT RX RATE    TL =  6.29E+08
 164) HSO     + NO      = HNO     + SO           1.754E+07
 165) HSO     + OH      = H2O     + SO           3.036E+06
 166) HSO     + H       = HS      + OH           3.633E-01
 167) HSO     + H       = H2      + SO           1.816E-01
 168) HSO     + HS      = H2S     + SO           4.463E+01
 169) HSO     + O       = OH      + SO           1.635E+03
 170) HSO     + O3      = HS      + O2      O2   6.080E+08
 171) HSO     + S       = HS      + SO           1.382E-08
 299) HSO     + HV      = HS      + O            1.003E+01

S2                  PRODUCTION RXS              INT RX RATE    TP =  2.18E+04
 129) HS      + S       = H       + S2           3.149E-10
 135) S       + S       = S2      +              5.563E-18
 176) OCS     + S       = CO      + S2           9.662E-05
 185) OCS2    + S       = OCS     + S2           8.214E-19
 225) CS2X    + CS2     = CS      + CS      S2   6.924E-04
 237) CS2     + O       = CO      + S2           2.177E+04
 238) CS2     + SO      = OCS     + S2           1.157E-03
 240) CS2     + S       = CS      + S2           4.356E-09
 293) S4      + HV      = S2      + S2           2.763E-01
 294) S3      + HV      = S2      + S            2.541E-11

S2                     LOSS RXS                INT RX RATE    TL =  2.18E+04
 136) S2      + O       = S       + SO           1.377E+02
 139) S       + S2      = S3      +              2.541E-11
 140) S2      + S2      = S4      +              2.763E-01
 231) CH21    + S2      = HCS     + HS           4.518E-22
 232) CH23    + S2      = HCS     + HS           1.328E-21
 292) S2      + HV      = S       + S            2.163E+04

S4                  PRODUCTION RXS              INT RX RATE    TP =  2.76E-01
 140) S2      + S2      = S4      +              2.763E-01
 141) S       + S3      = S4      +              4.341E-30
 297) S8      + HV      = S4      + S4           2.329E-17

S4                     LOSS RXS                INT RX RATE    TL =  2.76E-01
 142) S4      + S4      = S8      +              2.329E-17
 293) S4      + HV      = S2      + S2           2.763E-01

S8                  PRODUCTION RXS              INT RX RATE    TP =  2.33E-17
 142) S4      + S4      = S8      +              2.329E-17

S8                     LOSS RXS                INT RX RATE    TL =  2.33E-17
 297) S8      + HV      = S4      + S4           2.329E-17

SO3                 PRODUCTION RXS              INT RX RATE    TP =  9.35E+09
 112) SO2     + O       = SO3     +              9.958E+04
 114) H2SO4   + H2O     = SO3     + H2O     H2O  7.939E+09
 116) HSO3    + O2      = HO2     + SO3          1.391E+09
 147) SO21    + O2      = SO3     + O            2.657E+04
 148) SO21    + SO2     = SO3     + SO           4.065E-01
 151) SO23    + SO2     = SO3     + SO           5.257E-02
 154) SO2     + HO2     = SO3     + OH           6.955E+04
 255) CH3SO3  + HV      = CH3     + SO3          1.317E+07
 291) H2SO4   + HV      = SO3     + H2O          2.597E+06

SO3                    LOSS RXS                INT RX RATE    TL =  9.35E+09
 113) SO3     + H2O     = H2SO4   +              9.346E+09
 115) SO3     + O       = SO2     + O2           4.225E+02
 160) SO3     + SO      = SO2     + SO2          5.877E-03
 298) SO3     + HV      = SO2     + O            1.655E+05

OCS                 PRODUCTION RXS              INT RX RATE    TP =  9.48E+06
 173) HS      + CO      = OCS     + H            2.246E-06
 179) S       + CO      = OCS     +              1.770E-07
 185) OCS2    + S       = OCS     + S2           8.214E-19
 188) OCS2    + CO      = OCS     + OCS          7.099E-05
 213) CS      + O2      = OCS     + O            4.024E+06
 215) CS      + O3      = OCS     + O2           4.996E+06
 219) CS2     + O       = OCS     + S            7.398E+04
 220) CS2     + OH      = OCS     + HS           3.869E+05
 230) HS      + CO      = OCS     + H            2.273E-06
 238) CS2     + SO      = OCS     + S2           1.157E-03

OCS                    LOSS RXS                INT RX RATE    TL =  2.53E+07
 172) H       + OCS     = CO      + HS           2.860E+00
 174) O       + OCS     = CO      + SO           7.832E+05
 175) O       + OCS     = S       + CO2          2.031E+00
 176) OCS     + S       = CO      + S2           9.662E-05
 177) OCS     + OH      = CO2     + HS           2.031E+07
 184) OCS     + S       = OCS2    +              7.099E-05
 239) OCS     + H       = CO      + HS           2.851E+00
 300) OCS     + HV      = CO      + S            4.142E+06

S3                  PRODUCTION RXS              INT RX RATE    TP =  2.54E-11
 139) S       + S2      = S3      +              2.541E-11

S3                     LOSS RXS                INT RX RATE    TL =  2.54E-11
 141) S       + S3      = S4      +              4.341E-30
 294) S3      + HV      = S2      + S            2.541E-11

O3                  PRODUCTION RXS              INT RX RATE    TP =  2.17E+15
  18) O       + O2      = O3      +              2.167E+15

O3                     LOSS RXS                INT RX RATE    TL =  2.17E+15
   5) H       + O3      = OH      + O2           8.645E+11
  12) OH      + O3      = HO2     + O2           3.806E+11
  15) HO2     + O3      = OH      + O2      O2   6.588E+10
  19) O       + O3      = O2      + O2           8.575E+11
  20) O1D     + O3      = O2      + O2           1.012E+10
  21) O1D     + O3      = O       + O       O2   1.012E+10
  26) O3      + HV      = O2      + O            3.528E-10
  27) O3      + O3      = O2      + O2      O2   8.193E+02
  77) NO      + O3      = NO2     + O2           1.771E+13
 153) SO      + O3      = SO2     + O2           9.815E+06
 155) HS      + O3      = HSO     + O2           6.248E+08
 158) S       + O3      = SO      + O2           7.058E+02
 170) HSO     + O3      = HS      + O2      O2   6.080E+08
 205) NO2     + O3      = NO3     + O2           1.116E+10
 215) CS      + O3      = OCS     + O2           4.996E+06
 216) CS      + O3      = SO      + CO2          4.996E+06
 217) CS      + O3      = CO      + SO2          4.996E+06
 248) CH3S    + O3      = CH3SO   + O2           1.206E+09
 250) CH3SO   + O3      = CH3SO2  + O2           1.198E+09
 252) CH3SO2  + O3      = CH3SO3  + O2           1.315E+07
 264) O3      + HV      = O2      + O1D          6.684E+14
 265) O3      + HV      = O2      + O            1.478E+15
 266) O3      + HV      = O       + O       O    2.265E+11

HNO3                PRODUCTION RXS              INT RX RATE    TP =  1.00E+10
  82) NO2     + OH      = HNO3    +              1.002E+10
 203) N2O5    + H2O     = HNO3    + HNO3         1.831E+04
 244) C2H6S   + NO3     = C2H5S   + HNO3         6.037E+05

HNO3                   LOSS RXS                INT RX RATE    TL =  9.89E+09
  84) HNO3    + OH      = H2O     + NO3          2.358E+09
 211) O       + HNO3    = OH      + NO3          1.300E+06
 280) HNO3    + HV      = NO2     + OH           6.382E+09
 281) HNO3    + HV      = HNO2    + O            2.351E+08
 282) HNO3    + HV      = HNO2    + O1D          1.688E+08

N                   PRODUCTION RXS              INT RX RATE    TP =  1.13E+08
 283) NO      + HV      = N       + O            1.129E+08

N                      LOSS RXS                INT RX RATE    TL =  1.13E+08
  72) N       + N       = N2      +              4.894E-03
  73) N       + O2      = NO      + O            9.199E+07
  75) N       + OH      = NO      + H            3.043E+06
  76) N       + NO      = N2      + O            1.615E+07
 195) N       + NO2     = N2O     + O            1.219E+06
 199) N       + HO2     = NO      + OH           5.493E+05

NO3                 PRODUCTION RXS              INT RX RATE    TP =  2.67E+10
  84) HNO3    + OH      = H2O     + NO3          2.358E+09
 192) O       + NO2     = NO3     +              1.266E+10
 202) N2O5    + M       = NO3     + NO2          8.428E+05
 205) NO2     + O3      = NO3     + O2           1.116E+10
 211) O       + HNO3    = OH      + NO3          1.300E+06
 305) HO2NO2  + HV      = OH      + NO3          3.443E+08
 306) N2O5    + HV      = NO3     + NO2          3.156E+07
 307) N2O5    + HV      = NO3     + NO      O    1.218E+08

NO3                    LOSS RXS                INT RX RATE    TL =  2.67E+10
 189) O       + NO3     = O2      + NO2          1.561E+08
 190) HO2     + NO3     = OH      + NO2     O2   6.282E+06
 191) NO      + NO3     = NO2     + NO2          6.359E+09
 193) OH      + NO3     = HO2     + NO2          1.247E+07
 201) NO2     + NO3     = N2O5    +              1.542E+08
 204) NO2     + NO3     = NO      + NO2     O2   3.751E+04
 206) NO3     + NO3     = NO2     + NO2     O2   2.666E-01
 244) C2H6S   + NO3     = C2H5S   + HNO3         6.037E+05
 301) NO3     + HV      = NO      + O2           2.323E+09
 302) NO3     + HV      = NO2     + O            1.766E+10

N2O                 PRODUCTION RXS              INT RX RATE    TP =  1.22E+06
 195) N       + NO2     = N2O     + O            1.219E+06

N2O                    LOSS RXS                INT RX RATE    TL =  1.78E+09
 194) H       + N2O     = N2      + OH           2.580E-04
 197) O1D     + N2O     = N2      + O2           5.989E+07
 198) O1D     + N2O     = NO      + NO           9.371E+07
 303) N2O     + HV      = N2      + O1D          1.610E+09

HO2NO2              PRODUCTION RXS              INT RX RATE    TP =  9.40E+09
 207) HO2     + NO2     = HO2NO2  +              9.405E+09

HO2NO2                 LOSS RXS                INT RX RATE    TL =  9.40E+09
 208) O       + HO2NO2  = OH      + NO2     O2   5.927E+04
 209) OH      + HO2NO2  = H2O     + NO2     O2   2.143E+09
 210) HO2NO2  + M       = HO2     + NO2          5.572E+09
 304) HO2NO2  + HV      = HO2     + NO2          1.337E+09
 305) HO2NO2  + HV      = OH      + NO3          3.443E+08

N2O5                PRODUCTION RXS              INT RX RATE    TP =  1.54E+08
 201) NO2     + NO3     = N2O5    +              1.542E+08

N2O5                   LOSS RXS                INT RX RATE    TL =  1.54E+08
 200) O       + N2O5    = NO2     + NO2     O2   2.790E+04
 202) N2O5    + M       = NO3     + NO2          8.428E+05
 203) N2O5    + H2O     = HNO3    + HNO3         1.831E+04
 306) N2O5    + HV      = NO3     + NO2          3.156E+07
 307) N2O5    + HV      = NO3     + NO      O    1.218E+08

NH                  PRODUCTION RXS              INT RX RATE    TP =  0.00E+00

NH                     LOSS RXS                INT RX RATE    TL =  0.00E+00

NH2                 PRODUCTION RXS              INT RX RATE    TP =  0.00E+00

NH2                    LOSS RXS                INT RX RATE    TL =  0.00E+00

NH3                 PRODUCTION RXS              INT RX RATE    TP =  0.00E+00

NH3                    LOSS RXS                INT RX RATE    TL =  1.50E+10

CO2                 PRODUCTION RXS              INT RX RATE    TP =  7.59E+11
  32) O       + HCO     = H       + CO2          3.742E+04
  34) CO      + OH      = CO2     + H            1.766E+10
  35) CO      + O       = CO2     +              1.584E+05
 175) O       + OCS     = S       + CO2          2.031E+00
 177) OCS     + OH      = CO2     + HS           2.031E+07
 182) CO2     + O1D     = CO2     + O            7.417E+11
 216) CS      + O3      = SO      + CO2          4.996E+06

CO2                    LOSS RXS                INT RX RATE    TL =  7.44E+11
  36) CO2     + H       = CO      + OH           3.595E-09
  93) CH21    + CO2     = H2CO    + CO           2.374E+01
  95) CH23    + CO2     = H2CO    + CO           2.122E+01
 182) CO2     + O1D     = CO2     + O            7.417E+11
 268) CO2     + HV      = CO      + O            1.090E+09
 269) CO2     + HV      = CO      + O1D          1.110E+09

CS                  PRODUCTION RXS              INT RX RATE    TP =  1.95E+07
 218) CS2     + O       = SO      + CS           7.892E+05
 224) CS2X    + O2      = CS      + SO2          1.841E+07
 225) CS2X    + CS2     = CS      + CS      S2   6.924E-04
 228) H       + HCS     = H2      + CS           5.172E-10
 233) CH3     + HCS     = CH4     + CS           1.458E-14
 235) HS      + HCS     = H2S     + CS           6.694E-10
 236) S       + HCS     = HS      + CS           6.459E-19
 240) CS2     + S       = CS      + S2           4.356E-09
 309) CS2     + HV      = CS      + S            3.168E+05

CS                     LOSS RXS                INT RX RATE    TL =  1.95E+07
 213) CS      + O2      = OCS     + O            4.024E+06
 214) CS      + O2      = CO      + SO           5.030E+05
 215) CS      + O3      = OCS     + O2           4.996E+06
 216) CS      + O3      = SO      + CO2          4.996E+06
 217) CS      + O3      = CO      + SO2          4.996E+06
 226) CS      + HS      = CS2     + H            1.215E-03
 227) H       + CS      = HCS     +              6.720E-10
 241) CS      + O       = CO      + S            3.650E-01

CS2                 PRODUCTION RXS              INT RX RATE    TP =  4.48E+09
 222) CS2OH   + HV      = CS2     + OH           1.548E+08
 223) CS2X    + M       = CS2     + M            4.327E+09
 226) CS      + HS      = CS2     + H            1.215E-03
 229) S       + HCS     = H       + CS2          1.292E-18

CS2                    LOSS RXS                INT RX RATE    TL =  4.50E+09
 218) CS2     + O       = SO      + CS           7.892E+05
 219) CS2     + O       = OCS     + S            7.398E+04
 220) CS2     + OH      = OCS     + HS           3.869E+05
 221) CS2     + OH      = CS2OH   +              1.548E+08
 225) CS2X    + CS2     = CS      + CS      S2   6.924E-04
 237) CS2     + O       = CO      + S2           2.177E+04
 238) CS2     + SO      = OCS     + S2           1.157E-03
 240) CS2     + S       = CS      + S2           4.356E-09
 309) CS2     + HV      = CS      + S            3.168E+05
 310) CS2     + HV      = CS2X    +              4.346E+09

HCS                 PRODUCTION RXS              INT RX RATE    TP =  1.19E-09
 227) H       + CS      = HCS     +              6.720E-10
 231) CH21    + S2      = HCS     + HS           4.518E-22
 232) CH23    + S2      = HCS     + HS           1.328E-21
 234) CH23    + S       = HCS     + H            5.147E-10

HCS                    LOSS RXS                INT RX RATE    TL =  1.19E-09
 228) H       + HCS     = H2      + CS           5.172E-10
 229) S       + HCS     = H       + CS2          1.292E-18
 233) CH3     + HCS     = CH4     + CS           1.458E-14
 235) HS      + HCS     = H2S     + CS           6.694E-10
 236) S       + HCS     = HS      + CS           6.459E-19

C2H6S               PRODUCTION RXS              INT RX RATE    TP =  0.00E+00

C2H6S                  LOSS RXS                INT RX RATE    TL =  1.62E+09
 242) C2H6S   + OH      = C2H5S   + H2O          1.208E+09
 243) C2H6S   + OH      = C2H7SO  +              4.109E+08
 244) C2H6S   + NO3     = C2H5S   + HNO3         6.037E+05

C2H5S               PRODUCTION RXS              INT RX RATE    TP =  1.21E+09
 242) C2H6S   + OH      = C2H5S   + H2O          1.208E+09
 244) C2H6S   + NO3     = C2H5S   + HNO3         6.037E+05

C2H5S                  LOSS RXS                INT RX RATE    TL =  1.21E+09
 245) C2H5S   + O2      = C2H5SO2 +              1.209E+09

C2H5SO              PRODUCTION RXS              INT RX RATE    TP =  1.21E+09
 246) C2H5SO2 + NO      = C2H5SO  + NO2          1.209E+09

C2H5SO                 LOSS RXS                INT RX RATE    TL =  1.21E+09
 247) C2H5SO  + HV      = H2CO    + CH3S         1.209E+09

C2H5SO2             PRODUCTION RXS              INT RX RATE    TP =  1.21E+09
 245) C2H5S   + O2      = C2H5SO2 +              1.209E+09

C2H5SO2                LOSS RXS                INT RX RATE    TL =  1.21E+09
 246) C2H5SO2 + NO      = C2H5SO  + NO2          1.209E+09

CH3S                PRODUCTION RXS              INT RX RATE    TP =  1.21E+09
 247) C2H5SO  + HV      = H2CO    + CH3S         1.209E+09

CH3S                   LOSS RXS                INT RX RATE    TL =  1.21E+09
 248) CH3S    + O3      = CH3SO   + O2           1.206E+09
 249) CH3S    + NO2     = CH3SO   + NO           3.321E+06

CH3SO               PRODUCTION RXS              INT RX RATE    TP =  1.21E+09
 248) CH3S    + O3      = CH3SO   + O2           1.206E+09
 249) CH3S    + NO2     = CH3SO   + NO           3.321E+06

CH3SO                  LOSS RXS                INT RX RATE    TL =  1.21E+09
 250) CH3SO   + O3      = CH3SO2  + O2           1.198E+09
 251) CH3SO   + NO2     = CH3SO2  + NO           1.094E+07

CH3SO2              PRODUCTION RXS              INT RX RATE    TP =  1.62E+09
 250) CH3SO   + O3      = CH3SO2  + O2           1.198E+09
 251) CH3SO   + NO2     = CH3SO2  + NO           1.094E+07
 258) CH4SO2  + OH      = CH3SO2  + H2O          4.104E+08

CH3SO2                 LOSS RXS                INT RX RATE    TL =  1.62E+09
 252) CH3SO2  + O3      = CH3SO3  + O2           1.315E+07
 253) CH3SO2  + NO2     = CH3SO3  + NO           2.196E+04
 254) CH3SO2  + HV      = CH3     + SO2          1.606E+09

CH3SO3              PRODUCTION RXS              INT RX RATE    TP =  1.32E+07
 252) CH3SO2  + O3      = CH3SO3  + O2           1.315E+07
 253) CH3SO2  + NO2     = CH3SO3  + NO           2.196E+04

CH3SO3                 LOSS RXS                INT RX RATE    TL =  1.32E+07
 255) CH3SO3  + HV      = CH3     + SO3          1.317E+07

CH4SO2              PRODUCTION RXS              INT RX RATE    TP =  4.10E+08
 257) C2H6SO  + OH      = CH4SO2  + CH3          4.104E+08

CH4SO2                 LOSS RXS                INT RX RATE    TL =  4.10E+08
 258) CH4SO2  + OH      = CH3SO2  + H2O          4.104E+08

C2H6SO              PRODUCTION RXS              INT RX RATE    TP =  4.11E+08
 256) C2H7SO  + O2      = C2H6SO  + HO2          4.109E+08

C2H6SO                 LOSS RXS                INT RX RATE    TL =  4.11E+08
 257) C2H6SO  + OH      = CH4SO2  + CH3          4.104E+08

C2H7SO              PRODUCTION RXS              INT RX RATE    TP =  4.11E+08
 243) C2H6S   + OH      = C2H7SO  +              4.109E+08

C2H7SO                 LOSS RXS                INT RX RATE    TL =  4.11E+08
 256) C2H7SO  + O2      = C2H6SO  + HO2          4.109E+08

SO4AER              PRODUCTION RXS              INT RX RATE    TP =  1.15E+09

SO4AER                 LOSS RXS                INT RX RATE    TL =  1.14E+09

S8AER               PRODUCTION RXS              INT RX RATE    TP =  0.00E+00

S8AER                  LOSS RXS                INT RX RATE    TL =  1.70E-19

HNO2                PRODUCTION RXS              INT RX RATE    TP =  0.00E+00
  80) NO      + OH      = HNO2    +              5.551E+09
 212) HO2     + NO2     = HNO2    + O2           1.004E+07
 281) HNO3    + HV      = HNO2    + O            2.351E+08
 282) HNO3    + HV      = HNO2    + O1D          1.688E+08

HNO2                   LOSS RXS                INT RX RATE    TL =  0.00E+00
  90) HNO2    + OH      = H2O     + NO2          6.413E+07
 279) HNO2    + HV      = NO      + OH           5.901E+09

O1D                 PRODUCTION RXS              INT RX RATE    TP =  0.00E+00
 259) O2      + HV      = O       + O1D          3.007E+11
 262) H2O     + HV      = H2      + O1D          8.878E+07
 264) O3      + HV      = O2      + O1D          6.684E+14
 269) CO2     + HV      = CO      + O1D          1.110E+09
 282) HNO3    + HV      = HNO2    + O1D          1.688E+08
 284) NO2     + HV      = NO      + O1D          2.032E+09
 303) N2O     + HV      = N2      + O1D          1.610E+09

O1D                    LOSS RXS                INT RX RATE    TL =  0.00E+00
   1) H2O     + O1D     = OH      + OH           7.592E+10
   2) H2      + O1D     = OH      + H            8.018E+08
  20) O1D     + O3      = O2      + O2           1.012E+10
  21) O1D     + O3      = O       + O       O2   1.012E+10
  23) O1D     + N2      = O       + N2           5.727E+14
  24) O1D     + O2      = O       + O2           9.518E+13
  49) CH4     + O1D     = CH3     + OH           9.720E+07
  50) CH4     + O1D     = CH3O    + H            1.309E+07
  51) CH4     + O1D     = CH2OH   + H            1.309E+07
  52) CH4     + O1D     = H2CO    + H2           6.543E+06
  98) C2H6    + O1D     = C2H5    + OH           5.723E+04
 105) SO2     + O1D     = SO2     + O            6.381E+03
 106) SO2     + O1D     = SO      + O2           2.047E+04
 180) CO      + O1D     = CO      + O            3.804E+07
 182) CO2     + O1D     = CO2     + O            7.417E+11
 197) O1D     + N2O     = N2      + O2           5.989E+07
 198) O1D     + N2O     = NO      + NO           9.371E+07

CH21                PRODUCTION RXS              INT RX RATE    TP =  0.00E+00
 273) CH4     + HV      = CH21    + H2           8.741E+05
 276) CH3     + HV      = CH21    + H            1.769E+02
 278) C2H6    + HV      = CH4     + CH21         1.040E-04

CH21                   LOSS RXS                INT RX RATE    TL =  0.00E+00
  53) CH21    + CH4     = CH3     + CH3          2.411E-14
  54) CH21    + O2      = HCO     + OH           2.756E+05
  55) CH21    + N2      = CH23    + N2           5.987E+05
  92) CH21    + H2      = CH3     + H            2.312E+01
  93) CH21    + CO2     = H2CO    + CO           2.374E+01
 231) CH21    + S2      = HCS     + HS           4.518E-22

CH23                PRODUCTION RXS              INT RX RATE    TP =  0.00E+00
  55) CH21    + N2      = CH23    + N2           5.987E+05
 275) CH4     + HV      = CH23    + H       H    1.618E+05
 277) C2H6    + HV      = CH23    + CH23    H2   4.162E-04

CH23                   LOSS RXS                INT RX RATE    TL =  0.00E+00
  58) CH23    + O2      = HCO     + OH           7.404E+05
  94) CH23    + O       = HCO     + H            2.006E+04
  95) CH23    + CO2     = H2CO    + CO           2.122E+01
 232) CH23    + S2      = HCS     + HS           1.328E-21
 234) CH23    + S       = HCS     + H            5.147E-10

C2H5                PRODUCTION RXS              INT RX RATE    TP =  0.00E+00
  96) C2H6    + OH      = C2H5    + H2O          8.999E+08
  97) C2H6    + O       = C2H5    + OH           1.606E+03
  98) C2H6    + O1D     = C2H5    + OH           5.723E+04

C2H5                   LOSS RXS                INT RX RATE    TL =  0.00E+00
  99) C2H5    + H       = CH3     + CH3          9.883E-08
 100) C2H5    + O       = CH3     + HCO     H    7.108E-03
 101) C2H5    + OH      = CH3     + HCO     H2   7.302E-03
 102) C2H5    + HCO     = C2H6    + CO           8.836E-12
 103) C2H5    + HNO     = C2H6    + NO           3.079E-08
 104) C2H5    + O2      = CH3     + HCO     OH   9.000E+08

SO21                PRODUCTION RXS              INT RX RATE    TP =  0.00E+00
 289) SO2     + HV      = SO21    +              2.752E+10

SO21                   LOSS RXS                INT RX RATE    TL =  0.00E+00
 143) SO21    + M       = SO23    + M            2.498E+09
 144) SO21    + M       = SO2     + M            2.498E+10
 145) SO21    + HV      = SO23    + HV           2.573E+06
 146) SO21    + HV      = SO2     + HV           3.773E+07
 147) SO21    + O2      = SO3     + O            2.657E+04
 148) SO21    + SO2     = SO3     + SO           4.065E-01

SO23                PRODUCTION RXS              INT RX RATE    TP =  0.00E+00
 143) SO21    + M       = SO23    + M            2.498E+09
 145) SO21    + HV      = SO23    + HV           2.573E+06
 290) SO2     + HV      = SO23    +              2.562E+08

SO23                   LOSS RXS                INT RX RATE    TL =  0.00E+00
 149) SO23    + M       = SO2     + M            2.748E+09
 150) SO23    + HV      = SO2     + HV           9.140E+06
 151) SO23    + SO2     = SO3     + SO           5.257E-02

HSO3                PRODUCTION RXS              INT RX RATE    TP =  0.00E+00
 111) SO2     + OH      = HSO3    +              1.391E+09

HSO3                   LOSS RXS                INT RX RATE    TL =  0.00E+00
 116) HSO3    + O2      = HO2     + SO3          1.391E+09

OCS2                PRODUCTION RXS              INT RX RATE    TP =  0.00E+00
 184) OCS     + S       = OCS2    +              7.099E-05

OCS2                   LOSS RXS                INT RX RATE    TL =  0.00E+00
 185) OCS2    + S       = OCS     + S2           8.214E-19
 188) OCS2    + CO      = OCS     + OCS          7.099E-05

CS2X                PRODUCTION RXS              INT RX RATE    TP =  0.00E+00
 310) CS2     + HV      = CS2X    +              4.346E+09

CS2X                   LOSS RXS                INT RX RATE    TL =  0.00E+00
 223) CS2X    + M       = CS2     + M            4.327E+09
 224) CS2X    + O2      = CS      + SO2          1.841E+07
 225) CS2X    + CS2     = CS      + CS      S2   6.924E-04

CS2OH               PRODUCTION RXS              INT RX RATE    TP =  0.00E+00
 221) CS2     + OH      = CS2OH   +              1.548E+08

CS2OH                  LOSS RXS                INT RX RATE    TL =  0.00E+00
 222) CS2OH   + HV      = CS2     + OH           1.548E+08

N2                  PRODUCTION RXS              INT RX RATE    TP =  0.00E+00
  23) O1D     + N2      = O       + N2           5.727E+14
  55) CH21    + N2      = CH23    + N2           5.987E+05
  72) N       + N       = N2      +              4.894E-03
  76) N       + NO      = N2      + O            1.615E+07
 194) H       + N2O     = N2      + OH           2.580E-04
 197) O1D     + N2O     = N2      + O2           5.989E+07
 303) N2O     + HV      = N2      + O1D          1.610E+09

N2                     LOSS RXS                INT RX RATE    TL =  0.00E+00
  23) O1D     + N2      = O       + N2           5.727E+14
  55) CH21    + N2      = CH23    + N2           5.987E+05
