
O                   PRODUCTION RXS              INT RX RATE    TP =  1.69E+15
   8) H       + HO2     = H2O     + O            3.912E+08
  21) O1D     + O3      = O       + O       O2   3.290E+09
  22) OH      + OH      = H2O     + O            9.443E+08
  23) O1D     + N2      = O       + N2           6.342E+14
  24) O1D     + O2      = O       + O2           2.000E+12
  25) O2      + HV      = O       + O            6.479E-49
  26) O3      + HV      = O2      + O            6.402E-10
  73) N       + O2      = NO      + O            2.627E+06
  76) N       + NO      = N2      + O            3.802E+07
 105) SO2     + O1D     = SO2     + O            4.841E+03
 107) SO      + O2      = O       + SO2          5.998E+08
 130) S       + O2      = SO      + O            1.288E+08
 147) SO21    + O2      = SO3     + O            1.753E+03
 180) CO      + O1D     = CO      + O            8.688E+07
 182) CO2     + O1D     = CO2     + O            8.329E+11
 195) N       + NO2     = N2O     + O            8.107E+06
 213) CS      + O2      = OCS     + O            6.542E+04
 259) O2      + HV      = O       + O1D          2.725E+11
 260) O2      + HV      = O       + O            1.330E+12
 263) H2O     + HV      = H       + H       O    3.728E+09
 265) O3      + HV      = O2      + O            1.045E+15
 266) O3      + HV      = O       + O       O    5.620E+11
 268) CO2     + HV      = CO      + O            1.774E+10
 272) HO2     + HV      = OH      + O            4.911E+09
 281) HNO3    + HV      = HNO2    + O            3.828E+08
 283) NO      + HV      = N       + O            6.427E+07
 285) NO2     + HV      = NO      + O            1.255E+12
 286) SO      + HV      = S       + O            1.385E+05
 288) SO2     + HV      = SO      + O            8.115E+08
 298) SO3     + HV      = SO2     + O            1.673E+02
 299) HSO     + HV      = HS      + O            8.293E+03
 302) NO3     + HV      = NO2     + O            1.057E+10
 307) N2O5    + HV      = NO3     + NO      O    1.389E+07

O                      LOSS RXS                INT RX RATE    TL =  1.69E+15
   3) H2      + O       = OH      + H            2.326E+08
  10) OH      + O       = H       + O2           1.319E+12
  14) HO2     + O       = OH      + O2           1.322E+12
  17) O       + O       = O2      +              6.625E+10
  18) O       + O2      = O3      +              1.685E+15
  19) O       + O3      = O2      + O2           1.014E+11
  32) O       + HCO     = H       + CO2          1.204E+06
  33) O       + HCO     = OH      + CO           1.204E+06
  35) CO      + O       = CO2     +              4.472E+07
  46) H2CO    + O       = HCO     + OH           7.973E+08
  47) H2O2    + O       = OH      + HO2          2.667E+06
  60) CH3     + O       = H2CO    + H            1.086E+08
  78) NO      + O       = NO2     +              6.849E+09
  81) NO2     + O       = NO      + O2           2.537E+11
  88) O       + HNO     = OH      + NO           1.116E+05
  91) CH4     + O       = CH3     + OH           1.378E+08
  94) CH23    + O       = HCO     + H            1.079E+06
  97) C2H6    + O       = C2H5    + OH           2.550E+05
 100) C2H5    + O       = CH3     + HCO     H    8.264E+00
 109) SO      + O       = SO2     +              3.122E+05
 112) SO2     + O       = SO3     +              3.884E+06
 115) SO3     + O       = SO2     + O2           8.582E-02
 122) H2S     + O       = OH      + HS           6.691E+02
 123) HS      + O       = H       + SO           4.289E+04
 136) S2      + O       = S       + SO           4.463E+03
 169) HSO     + O       = OH      + SO           1.465E+05
 174) O       + OCS     = CO      + SO           1.167E+07
 175) O       + OCS     = S       + CO2          1.266E+02
 189) O       + NO3     = O2      + NO2          1.865E+08
 192) O       + NO2     = NO3     +              1.099E+10
 200) O       + N2O5    = NO2     + NO2     O2   1.383E+04
 208) O       + HO2NO2  = OH      + NO2     O2   1.696E+04
 211) O       + HNO3    = OH      + NO3          7.202E+05
 218) CS2     + O       = SO      + CS           6.261E+06
 219) CS2     + O       = OCS     + S            5.870E+05
 237) CS2     + O       = CO      + S2           1.194E+05
 241) CS      + O       = CO      + S            1.436E+01

O2                  PRODUCTION RXS              INT RX RATE    TP =  1.69E+15
   5) H       + O3      = OH      + O2           2.682E+11
   7) H       + HO2     = H2      + O2           1.687E+09
  10) OH      + O       = H       + O2           1.319E+12
  11) OH      + HO2     = H2O     + O2           8.679E+10
  12) OH      + O3      = HO2     + O2           3.107E+11
  14) HO2     + O       = OH      + O2           1.322E+12
  15) HO2     + O3      = OH      + O2      O2   2.370E+11
  16) HO2     + HO2     = H2O2    + O2           4.844E+10
  17) O       + O       = O2      +              6.625E+10
  19) O       + O3      = O2      + O2           1.014E+11
  20) O1D     + O3      = O2      + O2           3.290E+09
  21) O1D     + O3      = O       + O       O2   3.290E+09
  24) O1D     + O2      = O       + O2           2.000E+12
  26) O3      + HV      = O2      + O            6.402E-10
  27) O3      + O3      = O2      + O2      O2   2.728E+03
  68) CH3O2   + HO2     = CH3OOH  + O2           5.127E+11
  77) NO      + O3      = NO2     + O2           1.277E+12
  81) NO2     + O       = NO      + O2           2.537E+11
 106) SO2     + O1D     = SO      + O2           1.553E+04
 115) SO3     + O       = SO2     + O2           8.582E-02
 125) HS      + HO2     = H2S     + O2           8.821E+05
 133) S       + HO2     = HS      + O2           9.717E-01
 153) SO      + O3      = SO2     + O2           3.378E+08
 155) HS      + O3      = HSO     + O2           1.331E+09
 158) S       + O3      = SO      + O2           1.137E+05
 170) HSO     + O3      = HS      + O2      O2   1.329E+09
 189) O       + NO3     = O2      + NO2          1.865E+08
 190) HO2     + NO3     = OH      + NO2     O2   1.307E+07
 197) O1D     + N2O     = N2      + O2           7.387E+07
 200) O       + N2O5    = NO2     + NO2     O2   1.383E+04
 204) NO2     + NO3     = NO      + NO2     O2   1.907E+03
 205) NO2     + O3      = NO3     + O2           6.759E+08
 206) NO3     + NO3     = NO2     + NO2     O2   6.345E-02
 208) O       + HO2NO2  = OH      + NO2     O2   1.696E+04
 209) OH      + HO2NO2  = H2O     + NO2     O2   3.237E+09
 212) HO2     + NO2     = HNO2    + O2           5.797E+06
 215) CS      + O3      = OCS     + O2           6.400E+06
 248) CH3S    + O3      = CH3SO   + O2           1.208E+09
 250) CH3SO   + O3      = CH3SO2  + O2           1.205E+09
 252) CH3SO2  + O3      = CH3SO3  + O2           2.794E+07
 264) O3      + HV      = O2      + O1D          6.370E+14
 265) O3      + HV      = O2      + O            1.045E+15
 301) NO3     + HV      = NO      + O2           1.450E+09

O2                     LOSS RXS                INT RX RATE    TL =  1.69E+15
   6) H       + O2      = HO2     +              1.597E+12
  18) O       + O2      = O3      +              1.685E+15
  24) O1D     + O2      = O       + O2           2.000E+12
  25) O2      + HV      = O       + O            6.479E-49
  40) HCO     + O2      = HO2     + CO           2.017E+11
  41) CH2OH   + O2      = H2CO    + HO2          2.236E+09
  42) CH3O    + O2      = H2CO    + HO2          2.651E+11
  54) CH21    + O2      = HCO     + OH           2.492E+07
  58) CH23    + O2      = HCO     + OH           3.180E+09
  59) CH3     + O2      = H2CO    + OH           1.853E+04
  66) CH3     + O2      = CH3O2   +              3.767E+11
  73) N       + O2      = NO      + O            2.627E+06
 104) C2H5    + O2      = CH3     + HCO     OH   9.000E+08
 107) SO      + O2      = O       + SO2          5.998E+08
 116) HSO3    + O2      = HO2     + SO3          8.218E+08
 130) S       + O2      = SO      + O            1.288E+08
 147) SO21    + O2      = SO3     + O            1.753E+03
 213) CS      + O2      = OCS     + O            6.542E+04
 214) CS      + O2      = CO      + SO           8.178E+03
 224) CS2X    + O2      = CS      + SO2          6.758E+04
 245) C2H5S   + O2      = C2H5SO2 +              1.209E+09
 256) C2H7SO  + O2      = C2H6SO  + HO2          4.105E+08
 259) O2      + HV      = O       + O1D          2.725E+11
 260) O2      + HV      = O       + O            1.330E+12

H2O                 PRODUCTION RXS              INT RX RATE    TP =  1.53E+11
   4) H2      + OH      = H2O     + H            2.587E+10
   8) H       + HO2     = H2O     + O            3.912E+08
  11) OH      + HO2     = H2O     + O2           8.679E+10
  13) OH      + H2O2    = HO2     + H2O          1.462E+10
  22) OH      + OH      = H2O     + O            9.443E+08
  31) OH      + HCO     = H2O     + CO           4.270E+04
  43) H2CO    + OH      = H2O     + HCO          7.348E+10
  44) H       + OH      = H2O     +              6.443E+06
  48) CH4     + OH      = CH3     + H2O          3.542E+11
  69) CH3OOH  + OH      = CH3O2   + H2O          2.520E+11
  70) CH3OOH  + OH      = H2O     + H2CO    OH   1.080E+11
  84) HNO3    + OH      = H2O     + NO3          1.223E+09
  89) OH      + HNO     = H2O     + NO           1.009E+05
  90) HNO2    + OH      = H2O     + NO2          8.900E+07
  96) C2H6    + OH      = C2H5    + H2O          8.991E+08
 114) H2SO4   + H2O     = SO3     + H2O     H2O  2.840E+09
 120) H2S     + OH      = H2O     + HS           8.162E+05
 165) HSO     + OH      = H2O     + SO           7.371E+05
 209) OH      + HO2NO2  = H2O     + NO2     O2   3.237E+09
 242) C2H6S   + OH      = C2H5S   + H2O          1.207E+09
 258) CH4SO2  + OH      = CH3SO2  + H2O          4.087E+08
 291) H2SO4   + HV      = SO3     + H2O          1.370E+06

H2O                    LOSS RXS                INT RX RATE    TL =  5.86E+10
   1) H2O     + O1D     = OH      + OH           2.623E+11
 113) SO3     + H2O     = H2SO4   +              3.695E+09
 114) H2SO4   + H2O     = SO3     + H2O     H2O  2.840E+09
 203) N2O5    + H2O     = HNO3    + HNO3         9.488E+03
 261) H2O     + HV      = H       + OH           6.065E+10
 262) H2O     + HV      = H2      + O1D          2.487E+09
 263) H2O     + HV      = H       + H       O    3.728E+09

H                   PRODUCTION RXS              INT RX RATE    TP =  1.89E+12
   2) H2      + O1D     = OH      + H            2.850E+09
   3) H2      + O       = OH      + H            2.326E+08
   4) H2      + OH      = H2O     + H            2.587E+10
  10) OH      + O       = H       + O2           1.319E+12
  32) O       + HCO     = H       + CO2          1.204E+06
  34) CO      + OH      = CO2     + H            3.370E+11
  50) CH4     + O1D     = CH3O    + H            2.236E+09
  51) CH4     + O1D     = CH2OH   + H            2.236E+09
  60) CH3     + O       = H2CO    + H            1.086E+08
  75) N       + OH      = NO      + H            1.173E+07
  86) HNO     + HV      = NO      + H            4.182E+06
  92) CH21    + H2      = CH3     + H            2.898E+05
  94) CH23    + O       = HCO     + H            1.079E+06
 100) C2H5    + O       = CH3     + HCO     H    8.264E+00
 110) SO      + OH      = SO2     + H            2.739E+06
 123) HS      + O       = H       + SO           4.289E+04
 129) HS      + S       = H       + S2           3.683E-06
 131) S       + OH      = SO      + H            6.227E-01
 173) HS      + CO      = OCS     + H            9.077E-05
 226) CS      + HS      = CS2     + H            1.000E-03
 229) S       + HCS     = H       + CS2          2.578E-13
 230) HS      + CO      = OCS     + H            9.186E-05
 234) CH23    + S       = HCS     + H            1.542E-15
 261) H2O     + HV      = H       + OH           6.065E+10
 263) H2O     + HV      = H       + H       O    3.728E+09
 271) H2CO    + HV      = HCO     + H            1.233E+11
 274) CH4     + HV      = CH3     + H            2.947E+09
 275) CH4     + HV      = CH23    + H       H    4.928E+08
 276) CH3     + HV      = CH21    + H            1.497E+05
 287) H2S     + HV      = HS      + H            5.435E+04

H                      LOSS RXS                INT RX RATE    TL =  1.88E+12
   5) H       + O3      = OH      + O2           2.682E+11
   6) H       + O2      = HO2     +              1.597E+12
   7) H       + HO2     = H2      + O2           1.687E+09
   8) H       + HO2     = H2O     + O            3.912E+08
   9) H       + HO2     = OH      + OH           1.760E+10
  28) H       + CO      = HCO     +              4.675E+05
  29) H       + HCO     = H2      + CO           9.514E+04
  36) CO2     + H       = CO      + OH           6.031E-01
  38) H2CO    + H       = H2      + HCO          1.787E+05
  39) H       + H       = H2      +              2.745E+06
  44) H       + OH      = H2O     +              6.443E+06
  62) CH3     + H       = CH4     +              7.924E+04
  71) H       + NO      = HNO     +              1.869E+04
  83) NO2     + H       = NO      + OH           7.092E+06
  87) H       + HNO     = H2      + NO           2.447E+00
  99) C2H5    + H       = CH3     + CH3          1.821E-03
 121) H2S     + H       = H2      + HS           1.919E+00
 128) HS      + H       = H2      + S            1.802E-01
 163) H       + SO      = HSO     +              1.533E-01
 166) HSO     + H       = HS      + OH           8.166E+00
 167) HSO     + H       = H2      + SO           4.083E+00
 172) H       + OCS     = CO      + HS           4.478E+02
 194) H       + N2O     = N2      + OH           7.523E-03
 227) H       + CS      = HCS     +              8.586E-08
 228) H       + HCS     = H2      + CS           6.360E-09
 239) OCS     + H       = CO      + HS           4.464E+02

OH                  PRODUCTION RXS              INT RX RATE    TP =  2.90E+12
   1) H2O     + O1D     = OH      + OH           2.623E+11
   2) H2      + O1D     = OH      + H            2.850E+09
   3) H2      + O       = OH      + H            2.326E+08
   5) H       + O3      = OH      + O2           2.682E+11
   9) H       + HO2     = OH      + OH           1.760E+10
  14) HO2     + O       = OH      + O2           1.322E+12
  15) HO2     + O3      = OH      + O2      O2   2.370E+11
  33) O       + HCO     = OH      + CO           1.204E+06
  36) CO2     + H       = CO      + OH           6.031E-01
  46) H2CO    + O       = HCO     + OH           7.973E+08
  47) H2O2    + O       = OH      + HO2          2.667E+06
  49) CH4     + O1D     = CH3     + OH           1.661E+10
  54) CH21    + O2      = HCO     + OH           2.492E+07
  58) CH23    + O2      = HCO     + OH           3.180E+09
  59) CH3     + O2      = H2CO    + OH           1.853E+04
  70) CH3OOH  + OH      = H2O     + H2CO    OH   1.080E+11
  79) NO      + HO2     = NO2     + OH           1.089E+11
  83) NO2     + H       = NO      + OH           7.092E+06
  88) O       + HNO     = OH      + NO           1.116E+05
  91) CH4     + O       = CH3     + OH           1.378E+08
  97) C2H6    + O       = C2H5    + OH           2.550E+05
  98) C2H6    + O1D     = C2H5    + OH           6.797E+05
 104) C2H5    + O2      = CH3     + HCO     OH   9.000E+08
 108) SO      + HO2     = SO2     + OH           1.044E+07
 122) H2S     + O       = OH      + HS           6.691E+02
 134) S       + HO2     = SO      + OH           9.717E-01
 154) SO2     + HO2     = SO3     + OH           1.036E+05
 156) HS      + HO2     = HSO     + OH           8.821E+05
 166) HSO     + H       = HS      + OH           8.166E+00
 169) HSO     + O       = OH      + SO           1.465E+05
 190) HO2     + NO3     = OH      + NO2     O2   1.307E+07
 194) H       + N2O     = N2      + OH           7.523E-03
 199) N       + HO2     = NO      + OH           3.792E+06
 208) O       + HO2NO2  = OH      + NO2     O2   1.696E+04
 211) O       + HNO3    = OH      + NO3          7.202E+05
 222) CS2OH   + HV      = CS2     + OH           7.419E+06
 261) H2O     + HV      = H       + OH           6.065E+10
 267) H2O2    + HV      = OH      + OH           2.652E+10
 272) HO2     + HV      = OH      + O            4.911E+09
 279) HNO2    + HV      = NO      + OH           4.177E+09
 280) HNO3    + HV      = NO2     + OH           2.607E+09
 305) HO2NO2  + HV      = OH      + NO3          5.339E+08
 308) CH3OOH  + HV      = CH3O    + OH           1.469E+11

OH                     LOSS RXS                INT RX RATE    TL =  2.90E+12
   4) H2      + OH      = H2O     + H            2.587E+10
  10) OH      + O       = H       + O2           1.319E+12
  11) OH      + HO2     = H2O     + O2           8.679E+10
  12) OH      + O3      = HO2     + O2           3.107E+11
  13) OH      + H2O2    = HO2     + H2O          1.462E+10
  22) OH      + OH      = H2O     + O            9.443E+08
  31) OH      + HCO     = H2O     + CO           4.270E+04
  34) CO      + OH      = CO2     + H            3.370E+11
  43) H2CO    + OH      = H2O     + HCO          7.348E+10
  44) H       + OH      = H2O     +              6.443E+06
  45) OH      + OH      = H2O2    +              1.372E+08
  48) CH4     + OH      = CH3     + H2O          3.542E+11
  69) CH3OOH  + OH      = CH3O2   + H2O          2.520E+11
  70) CH3OOH  + OH      = H2O     + H2CO    OH   1.080E+11
  75) N       + OH      = NO      + H            1.173E+07
  80) NO      + OH      = HNO2    +              3.602E+09
  82) NO2     + OH      = HNO3    +              4.711E+09
  84) HNO3    + OH      = H2O     + NO3          1.223E+09
  89) OH      + HNO     = H2O     + NO           1.009E+05
  90) HNO2    + OH      = H2O     + NO2          8.900E+07
  96) C2H6    + OH      = C2H5    + H2O          8.991E+08
 101) C2H5    + OH      = CH3     + HCO     H2   2.594E-01
 110) SO      + OH      = SO2     + H            2.739E+06
 111) SO2     + OH      = HSO3    +              8.218E+08
 120) H2S     + OH      = H2O     + HS           8.162E+05
 131) S       + OH      = SO      + H            6.227E-01
 165) HSO     + OH      = H2O     + SO           7.371E+05
 177) OCS     + OH      = CO2     + HS           5.398E+06
 193) OH      + NO3     = HO2     + NO2          1.842E+07
 209) OH      + HO2NO2  = H2O     + NO2     O2   3.237E+09
 220) CS2     + OH      = OCS     + HS           1.855E+04
 221) CS2     + OH      = CS2OH   +              7.419E+06
 242) C2H6S   + OH      = C2H5S   + H2O          1.207E+09
 243) C2H6S   + OH      = C2H7SO  +              4.105E+08
 257) C2H6SO  + OH      = CH4SO2  + CH3          4.087E+08
 258) CH4SO2  + OH      = CH3SO2  + H2O          4.087E+08

HO2                 PRODUCTION RXS              INT RX RATE    TP =  2.40E+12
   6) H       + O2      = HO2     +              1.597E+12
  12) OH      + O3      = HO2     + O2           3.107E+11
  13) OH      + H2O2    = HO2     + H2O          1.462E+10
  40) HCO     + O2      = HO2     + CO           2.017E+11
  41) CH2OH   + O2      = H2CO    + HO2          2.236E+09
  42) CH3O    + O2      = H2CO    + HO2          2.651E+11
  47) H2O2    + O       = OH      + HO2          2.667E+06
 116) HSO3    + O2      = HO2     + SO3          8.218E+08
 193) OH      + NO3     = HO2     + NO2          1.842E+07
 210) HO2NO2  + M       = HO2     + NO2          7.339E+09
 256) C2H7SO  + O2      = C2H6SO  + HO2          4.105E+08
 304) HO2NO2  + HV      = HO2     + NO2          1.963E+09

HO2                    LOSS RXS                INT RX RATE    TL =  2.40E+12
   7) H       + HO2     = H2      + O2           1.687E+09
   8) H       + HO2     = H2O     + O            3.912E+08
   9) H       + HO2     = OH      + OH           1.760E+10
  11) OH      + HO2     = H2O     + O2           8.679E+10
  14) HO2     + O       = OH      + O2           1.322E+12
  15) HO2     + O3      = OH      + O2      O2   2.370E+11
  16) HO2     + HO2     = H2O2    + O2           4.844E+10
  68) CH3O2   + HO2     = CH3OOH  + O2           5.127E+11
  79) NO      + HO2     = NO2     + OH           1.089E+11
 108) SO      + HO2     = SO2     + OH           1.044E+07
 125) HS      + HO2     = H2S     + O2           8.821E+05
 133) S       + HO2     = HS      + O2           9.717E-01
 134) S       + HO2     = SO      + OH           9.717E-01
 154) SO2     + HO2     = SO3     + OH           1.036E+05
 156) HS      + HO2     = HSO     + OH           8.821E+05
 190) HO2     + NO3     = OH      + NO2     O2   1.307E+07
 199) N       + HO2     = NO      + OH           3.792E+06
 207) HO2     + NO2     = HO2NO2  +              1.310E+10
 212) HO2     + NO2     = HNO2    + O2           5.797E+06
 272) HO2     + HV      = OH      + O            4.911E+09

H2O2                PRODUCTION RXS              INT RX RATE    TP =  4.86E+10
  16) HO2     + HO2     = H2O2    + O2           4.844E+10
  45) OH      + OH      = H2O2    +              1.372E+08

H2O2                   LOSS RXS                INT RX RATE    TL =  4.74E+10
  13) OH      + H2O2    = HO2     + H2O          1.462E+10
  47) H2O2    + O       = OH      + HO2          2.667E+06
 267) H2O2    + HV      = OH      + OH           2.652E+10

H2                  PRODUCTION RXS              INT RX RATE    TP =  1.81E+11
   7) H       + HO2     = H2      + O2           1.687E+09
  29) H       + HCO     = H2      + CO           9.514E+04
  38) H2CO    + H       = H2      + HCO          1.787E+05
  39) H       + H       = H2      +              2.745E+06
  52) CH4     + O1D     = H2CO    + H2           1.118E+09
  87) H       + HNO     = H2      + NO           2.447E+00
 101) C2H5    + OH      = CH3     + HCO     H2   2.594E-01
 121) H2S     + H       = H2      + HS           1.919E+00
 128) HS      + H       = H2      + S            1.802E-01
 167) HSO     + H       = H2      + SO           4.083E+00
 228) H       + HCS     = H2      + CS           6.360E-09
 262) H2O     + HV      = H2      + O1D          2.487E+09
 270) H2CO    + HV      = H2      + CO           1.726E+11
 273) CH4     + HV      = CH21    + H2           2.721E+09
 277) C2H6    + HV      = CH23    + CH23    H2   5.501E+01

H2                     LOSS RXS                INT RX RATE    TL =  2.90E+10
   2) H2      + O1D     = OH      + H            2.850E+09
   3) H2      + O       = OH      + H            2.326E+08
   4) H2      + OH      = H2O     + H            2.587E+10
  92) CH21    + H2      = CH3     + H            2.898E+05

CO                  PRODUCTION RXS              INT RX RATE    TP =  4.19E+11
  29) H       + HCO     = H2      + CO           9.514E+04
  30) HCO     + HCO     = H2CO    + CO           2.708E-02
  31) OH      + HCO     = H2O     + CO           4.270E+04
  33) O       + HCO     = OH      + CO           1.204E+06
  36) CO2     + H       = CO      + OH           6.031E-01
  40) HCO     + O2      = HO2     + CO           2.017E+11
  63) CH3     + HCO     = CH4     + CO           2.251E+00
  85) HCO     + NO      = HNO     + CO           5.593E+03
  93) CH21    + CO2     = H2CO    + CO           1.137E+05
  95) CH23    + CO2     = H2CO    + CO           7.668E+06
 102) C2H5    + HCO     = C2H6    + CO           3.614E-07
 127) HS      + HCO     = H2S     + CO           1.335E-02
 132) S       + HCO     = HS      + CO           2.458E-08
 162) SO      + HCO     = HSO     + CO           2.941E-02
 172) H       + OCS     = CO      + HS           4.478E+02
 174) O       + OCS     = CO      + SO           1.167E+07
 176) OCS     + S       = CO      + S2           4.824E-01
 180) CO      + O1D     = CO      + O            8.688E+07
 214) CS      + O2      = CO      + SO           8.178E+03
 217) CS      + O3      = CO      + SO2          6.400E+06
 237) CS2     + O       = CO      + S2           1.194E+05
 239) OCS     + H       = CO      + HS           4.464E+02
 241) CS      + O       = CO      + S            1.436E+01
 268) CO2     + HV      = CO      + O            1.774E+10
 269) CO2     + HV      = CO      + O1D          2.710E+10
 270) H2CO    + HV      = H2      + CO           1.726E+11
 300) OCS     + HV      = CO      + S            1.150E+08

CO                     LOSS RXS                INT RX RATE    TL =  3.37E+11
  28) H       + CO      = HCO     +              4.675E+05
  34) CO      + OH      = CO2     + H            3.370E+11
  35) CO      + O       = CO2     +              4.472E+07
 173) HS      + CO      = OCS     + H            9.077E-05
 179) S       + CO      = OCS     +              8.394E-02
 180) CO      + O1D     = CO      + O            8.688E+07
 188) OCS2    + CO      = OCS     + OCS          5.064E-01
 230) HS      + CO      = OCS     + H            9.186E-05

HCO                 PRODUCTION RXS              INT RX RATE    TP =  2.02E+11
  28) H       + CO      = HCO     +              4.675E+05
  38) H2CO    + H       = H2      + HCO          1.787E+05
  43) H2CO    + OH      = H2O     + HCO          7.348E+10
  46) H2CO    + O       = HCO     + OH           7.973E+08
  54) CH21    + O2      = HCO     + OH           2.492E+07
  58) CH23    + O2      = HCO     + OH           3.180E+09
  65) CH3     + H2CO    = CH4     + HCO          4.490E-02
  94) CH23    + O       = HCO     + H            1.079E+06
 100) C2H5    + O       = CH3     + HCO     H    8.264E+00
 101) C2H5    + OH      = CH3     + HCO     H2   2.594E-01
 104) C2H5    + O2      = CH3     + HCO     OH   9.000E+08
 271) H2CO    + HV      = HCO     + H            1.233E+11

HCO                    LOSS RXS                INT RX RATE    TL =  2.02E+11
  29) H       + HCO     = H2      + CO           9.514E+04
  30) HCO     + HCO     = H2CO    + CO           2.708E-02
  31) OH      + HCO     = H2O     + CO           4.270E+04
  32) O       + HCO     = H       + CO2          1.204E+06
  33) O       + HCO     = OH      + CO           1.204E+06
  40) HCO     + O2      = HO2     + CO           2.017E+11
  63) CH3     + HCO     = CH4     + CO           2.251E+00
  85) HCO     + NO      = HNO     + CO           5.593E+03
 102) C2H5    + HCO     = C2H6    + CO           3.614E-07
 127) HS      + HCO     = H2S     + CO           1.335E-02
 132) S       + HCO     = HS      + CO           2.458E-08
 162) SO      + HCO     = HSO     + CO           2.941E-02

H2CO                PRODUCTION RXS              INT RX RATE    TP =  3.78E+11
  30) HCO     + HCO     = H2CO    + CO           2.708E-02
  41) CH2OH   + O2      = H2CO    + HO2          2.236E+09
  42) CH3O    + O2      = H2CO    + HO2          2.651E+11
  52) CH4     + O1D     = H2CO    + H2           1.118E+09
  59) CH3     + O2      = H2CO    + OH           1.853E+04
  60) CH3     + O       = H2CO    + H            1.086E+08
  70) CH3OOH  + OH      = H2O     + H2CO    OH   1.080E+11
  93) CH21    + CO2     = H2CO    + CO           1.137E+05
  95) CH23    + CO2     = H2CO    + CO           7.668E+06
 247) C2H5SO  + HV      = H2CO    + CH3S         1.209E+09

H2CO                   LOSS RXS                INT RX RATE    TL =  3.75E+11
  38) H2CO    + H       = H2      + HCO          1.787E+05
  43) H2CO    + OH      = H2O     + HCO          7.348E+10
  46) H2CO    + O       = HCO     + OH           7.973E+08
  65) CH3     + H2CO    = CH4     + HCO          4.490E-02
 270) H2CO    + HV      = H2      + CO           1.726E+11
 271) H2CO    + HV      = HCO     + H            1.233E+11

CH3O                PRODUCTION RXS              INT RX RATE    TP =  2.65E+11
  50) CH4     + O1D     = CH3O    + H            2.236E+09
  67) CH3O2   + NO      = CH3O    + NO2          1.160E+11
 308) CH3OOH  + HV      = CH3O    + OH           1.469E+11

CH3O                   LOSS RXS                INT RX RATE    TL =  2.65E+11
  42) CH3O    + O2      = H2CO    + HO2          2.651E+11

CH2OH               PRODUCTION RXS              INT RX RATE    TP =  2.24E+09
  51) CH4     + O1D     = CH2OH   + H            2.236E+09

CH2OH                  LOSS RXS                INT RX RATE    TL =  2.24E+09
  41) CH2OH   + O2      = H2CO    + HO2          2.236E+09

CH3O2               PRODUCTION RXS              INT RX RATE    TP =  6.29E+11
  66) CH3     + O2      = CH3O2   +              3.767E+11
  69) CH3OOH  + OH      = CH3O2   + H2O          2.520E+11

CH3O2                  LOSS RXS                INT RX RATE    TL =  6.29E+11
  67) CH3O2   + NO      = CH3O    + NO2          1.160E+11
  68) CH3O2   + HO2     = CH3OOH  + O2           5.127E+11

CH3OOH              PRODUCTION RXS              INT RX RATE    TP =  5.13E+11
  68) CH3O2   + HO2     = CH3OOH  + O2           5.127E+11

CH3OOH                 LOSS RXS                INT RX RATE    TL =  5.13E+11
  69) CH3OOH  + OH      = CH3O2   + H2O          2.520E+11
  70) CH3OOH  + OH      = H2O     + H2CO    OH   1.080E+11
 308) CH3OOH  + HV      = CH3O    + OH           1.469E+11

CH4                 PRODUCTION RXS              INT RX RATE    TP =  7.93E+04
  62) CH3     + H       = CH4     +              7.924E+04
  63) CH3     + HCO     = CH4     + CO           2.251E+00
  64) CH3     + HNO     = CH4     + NO           2.533E-03
  65) CH3     + H2CO    = CH4     + HCO          4.490E-02
 233) CH3     + HCS     = CH4     + CS           2.097E-09
 278) C2H6    + HV      = CH4     + CH21         1.375E+01

CH4                    LOSS RXS                INT RX RATE    TL =  3.83E+11
  48) CH4     + OH      = CH3     + H2O          3.542E+11
  49) CH4     + O1D     = CH3     + OH           1.661E+10
  50) CH4     + O1D     = CH3O    + H            2.236E+09
  51) CH4     + O1D     = CH2OH   + H            2.236E+09
  52) CH4     + O1D     = H2CO    + H2           1.118E+09
  53) CH21    + CH4     = CH3     + CH3          9.829E-10
  91) CH4     + O       = CH3     + OH           1.378E+08
 273) CH4     + HV      = CH21    + H2           2.721E+09
 274) CH4     + HV      = CH3     + H            2.947E+09
 275) CH4     + HV      = CH23    + H       H    4.928E+08

CH3                 PRODUCTION RXS              INT RX RATE    TP =  3.77E+11
  48) CH4     + OH      = CH3     + H2O          3.542E+11
  49) CH4     + O1D     = CH3     + OH           1.661E+10
  53) CH21    + CH4     = CH3     + CH3          9.829E-10
  91) CH4     + O       = CH3     + OH           1.378E+08
  92) CH21    + H2      = CH3     + H            2.898E+05
  99) C2H5    + H       = CH3     + CH3          1.821E-03
 100) C2H5    + O       = CH3     + HCO     H    8.264E+00
 101) C2H5    + OH      = CH3     + HCO     H2   2.594E-01
 104) C2H5    + O2      = CH3     + HCO     OH   9.000E+08
 254) CH3SO2  + HV      = CH3     + SO2          1.590E+09
 255) CH3SO3  + HV      = CH3     + SO3          2.796E+07
 257) C2H6SO  + OH      = CH4SO2  + CH3          4.087E+08
 274) CH4     + HV      = CH3     + H            2.947E+09

CH3                    LOSS RXS                INT RX RATE    TL =  3.77E+11
  59) CH3     + O2      = H2CO    + OH           1.853E+04
  60) CH3     + O       = H2CO    + H            1.086E+08
  61) CH3     + CH3     = C2H6    +              1.422E+02
  62) CH3     + H       = CH4     +              7.924E+04
  63) CH3     + HCO     = CH4     + CO           2.251E+00
  64) CH3     + HNO     = CH4     + NO           2.533E-03
  65) CH3     + H2CO    = CH4     + HCO          4.490E-02
  66) CH3     + O2      = CH3O2   +              3.767E+11
 233) CH3     + HCS     = CH4     + CS           2.097E-09
 276) CH3     + HV      = CH21    + H            1.497E+05

C2H6                PRODUCTION RXS              INT RX RATE    TP =  1.42E+02
  61) CH3     + CH3     = C2H6    +              1.422E+02
 102) C2H5    + HCO     = C2H6    + CO           3.614E-07
 103) C2H5    + HNO     = C2H6    + NO           3.121E-07

C2H6                   LOSS RXS                INT RX RATE    TL =  9.00E+08
  96) C2H6    + OH      = C2H5    + H2O          8.991E+08
  97) C2H6    + O       = C2H5    + OH           2.550E+05
  98) C2H6    + O1D     = C2H5    + OH           6.797E+05
 277) C2H6    + HV      = CH23    + CH23    H2   5.501E+01
 278) C2H6    + HV      = CH4     + CH21         1.375E+01

NO                  PRODUCTION RXS              INT RX RATE    TP =  1.51E+12
  64) CH3     + HNO     = CH4     + NO           2.533E-03
  73) N       + O2      = NO      + O            2.627E+06
  75) N       + OH      = NO      + H            1.173E+07
  81) NO2     + O       = NO      + O2           2.537E+11
  83) NO2     + H       = NO      + OH           7.092E+06
  86) HNO     + HV      = NO      + H            4.182E+06
  87) H       + HNO     = H2      + NO           2.447E+00
  88) O       + HNO     = OH      + NO           1.116E+05
  89) OH      + HNO     = H2O     + NO           1.009E+05
 103) C2H5    + HNO     = C2H6    + NO           3.121E-07
 152) SO      + NO2     = SO2     + NO           1.887E+07
 157) HS      + NO2     = HSO     + NO           2.515E+06
 198) O1D     + N2O     = NO      + NO           1.156E+08
 199) N       + HO2     = NO      + OH           3.792E+06
 204) NO2     + NO3     = NO      + NO2     O2   1.907E+03
 249) CH3S    + NO2     = CH3SO   + NO           1.371E+06
 251) CH3SO   + NO2     = CH3SO2  + NO           4.587E+06
 253) CH3SO2  + NO2     = CH3SO3  + NO           1.915E+04
 279) HNO2    + HV      = NO      + OH           4.177E+09
 284) NO2     + HV      = NO      + O1D          1.790E+08
 285) NO2     + HV      = NO      + O            1.255E+12
 301) NO3     + HV      = NO      + O2           1.450E+09
 307) N2O5    + HV      = NO3     + NO      O    1.389E+07

NO                     LOSS RXS                INT RX RATE    TL =  1.51E+12
  67) CH3O2   + NO      = CH3O    + NO2          1.160E+11
  71) H       + NO      = HNO     +              1.869E+04
  76) N       + NO      = N2      + O            3.802E+07
  77) NO      + O3      = NO2     + O2           1.277E+12
  78) NO      + O       = NO2     +              6.849E+09
  79) NO      + HO2     = NO2     + OH           1.089E+11
  80) NO      + OH      = HNO2    +              3.602E+09
  85) HCO     + NO      = HNO     + CO           5.593E+03
 164) HSO     + NO      = HNO     + SO           4.373E+06
 191) NO      + NO3     = NO2     + NO2          1.190E+09
 246) C2H5SO2 + NO      = C2H5SO  + NO2          1.209E+09
 283) NO      + HV      = N       + O            6.427E+07

NO2                 PRODUCTION RXS              INT RX RATE    TP =  1.54E+12
  67) CH3O2   + NO      = CH3O    + NO2          1.160E+11
  77) NO      + O3      = NO2     + O2           1.277E+12
  78) NO      + O       = NO2     +              6.849E+09
  79) NO      + HO2     = NO2     + OH           1.089E+11
  90) HNO2    + OH      = H2O     + NO2          8.900E+07
 189) O       + NO3     = O2      + NO2          1.865E+08
 190) HO2     + NO3     = OH      + NO2     O2   1.307E+07
 191) NO      + NO3     = NO2     + NO2          1.190E+09
 193) OH      + NO3     = HO2     + NO2          1.842E+07
 200) O       + N2O5    = NO2     + NO2     O2   1.383E+04
 202) N2O5    + M       = NO3     + NO2          3.425E+05
 204) NO2     + NO3     = NO      + NO2     O2   1.907E+03
 206) NO3     + NO3     = NO2     + NO2     O2   6.345E-02
 208) O       + HO2NO2  = OH      + NO2     O2   1.696E+04
 209) OH      + HO2NO2  = H2O     + NO2     O2   3.237E+09
 210) HO2NO2  + M       = HO2     + NO2          7.339E+09
 246) C2H5SO2 + NO      = C2H5SO  + NO2          1.209E+09
 280) HNO3    + HV      = NO2     + OH           2.607E+09
 302) NO3     + HV      = NO2     + O            1.057E+10
 304) HO2NO2  + HV      = HO2     + NO2          1.963E+09
 306) N2O5    + HV      = NO3     + NO2          1.227E+07

NO2                    LOSS RXS                INT RX RATE    TL =  1.54E+12
  81) NO2     + O       = NO      + O2           2.537E+11
  82) NO2     + OH      = HNO3    +              4.711E+09
  83) NO2     + H       = NO      + OH           7.092E+06
 152) SO      + NO2     = SO2     + NO           1.887E+07
 157) HS      + NO2     = HSO     + NO           2.515E+06
 192) O       + NO2     = NO3     +              1.099E+10
 195) N       + NO2     = N2O     + O            8.107E+06
 201) NO2     + NO3     = N2O5    +              2.653E+07
 204) NO2     + NO3     = NO      + NO2     O2   1.907E+03
 205) NO2     + O3      = NO3     + O2           6.759E+08
 207) HO2     + NO2     = HO2NO2  +              1.310E+10
 212) HO2     + NO2     = HNO2    + O2           5.797E+06
 249) CH3S    + NO2     = CH3SO   + NO           1.371E+06
 251) CH3SO   + NO2     = CH3SO2  + NO           4.587E+06
 253) CH3SO2  + NO2     = CH3SO3  + NO           1.915E+04
 284) NO2     + HV      = NO      + O1D          1.790E+08
 285) NO2     + HV      = NO      + O            1.255E+12

HNO                 PRODUCTION RXS              INT RX RATE    TP =  4.40E+06
  71) H       + NO      = HNO     +              1.869E+04
  85) HCO     + NO      = HNO     + CO           5.593E+03
 164) HSO     + NO      = HNO     + SO           4.373E+06

HNO                    LOSS RXS                INT RX RATE    TL =  4.39E+06
  64) CH3     + HNO     = CH4     + NO           2.533E-03
  86) HNO     + HV      = NO      + H            4.182E+06
  87) H       + HNO     = H2      + NO           2.447E+00
  88) O       + HNO     = OH      + NO           1.116E+05
  89) OH      + HNO     = H2O     + NO           1.009E+05
 103) C2H5    + HNO     = C2H6    + NO           3.121E-07

H2S                 PRODUCTION RXS              INT RX RATE    TP =  8.82E+05
 125) HS      + HO2     = H2S     + O2           8.821E+05
 126) HS      + HS      = H2S     + S            1.605E+01
 127) HS      + HCO     = H2S     + CO           1.335E-02
 168) HSO     + HS      = H2S     + SO           3.788E+01
 235) HS      + HCS     = H2S     + CS           7.740E-08

H2S                    LOSS RXS                INT RX RATE    TL =  8.71E+05
 120) H2S     + OH      = H2O     + HS           8.162E+05
 121) H2S     + H       = H2      + HS           1.919E+00
 122) H2S     + O       = OH      + HS           6.691E+02
 287) H2S     + HV      = HS      + H            5.435E+04

HS                  PRODUCTION RXS              INT RX RATE    TP =  1.34E+09
 120) H2S     + OH      = H2O     + HS           8.162E+05
 121) H2S     + H       = H2      + HS           1.919E+00
 122) H2S     + O       = OH      + HS           6.691E+02
 132) S       + HCO     = HS      + CO           2.458E-08
 133) S       + HO2     = HS      + O2           9.717E-01
 166) HSO     + H       = HS      + OH           8.166E+00
 170) HSO     + O3      = HS      + O2      O2   1.329E+09
 171) HSO     + S       = HS      + SO           1.608E-04
 172) H       + OCS     = CO      + HS           4.478E+02
 177) OCS     + OH      = CO2     + HS           5.398E+06
 220) CS2     + OH      = OCS     + HS           1.855E+04
 231) CH21    + S2      = HCS     + HS           5.064E-16
 232) CH23    + S2      = HCS     + HS           3.315E-14
 236) S       + HCS     = HS      + CS           1.289E-13
 239) OCS     + H       = CO      + HS           4.464E+02
 287) H2S     + HV      = HS      + H            5.435E+04
 299) HSO     + HV      = HS      + O            8.293E+03

HS                     LOSS RXS                INT RX RATE    TL =  1.34E+09
 123) HS      + O       = H       + SO           4.289E+04
 125) HS      + HO2     = H2S     + O2           8.821E+05
 126) HS      + HS      = H2S     + S            1.605E+01
 127) HS      + HCO     = H2S     + CO           1.335E-02
 128) HS      + H       = H2      + S            1.802E-01
 129) HS      + S       = H       + S2           3.683E-06
 155) HS      + O3      = HSO     + O2           1.331E+09
 156) HS      + HO2     = HSO     + OH           8.821E+05
 157) HS      + NO2     = HSO     + NO           2.515E+06
 168) HSO     + HS      = H2S     + SO           3.788E+01
 173) HS      + CO      = OCS     + H            9.077E-05
 226) CS      + HS      = CS2     + H            1.000E-03
 230) HS      + CO      = OCS     + H            9.186E-05
 235) HS      + HCS     = H2S     + CS           7.740E-08

S                   PRODUCTION RXS              INT RX RATE    TP =  1.29E+08
 126) HS      + HS      = H2S     + S            1.605E+01
 128) HS      + H       = H2      + S            1.802E-01
 136) S2      + O       = S       + SO           4.463E+03
 159) SO      + SO      = SO2     + S            1.660E-01
 175) O       + OCS     = S       + CO2          1.266E+02
 219) CS2     + O       = OCS     + S            5.870E+05
 241) CS      + O       = CO      + S            1.436E+01
 286) SO      + HV      = S       + O            1.385E+05
 292) S2      + HV      = S       + S            1.150E+05
 294) S3      + HV      = S2      + S            7.624E-07
 300) OCS     + HV      = CO      + S            1.150E+08
 309) CS2     + HV      = CS      + S            1.295E+07

S                      LOSS RXS                INT RX RATE    TL =  1.29E+08
 129) HS      + S       = H       + S2           3.683E-06
 130) S       + O2      = SO      + O            1.288E+08
 131) S       + OH      = SO      + H            6.227E-01
 132) S       + HCO     = HS      + CO           2.458E-08
 133) S       + HO2     = HS      + O2           9.717E-01
 134) S       + HO2     = SO      + OH           9.717E-01
 135) S       + S       = S2      +              3.665E-14
 139) S       + S2      = S3      +              7.624E-07
 141) S       + S3      = S4      +              5.631E-22
 158) S       + O3      = SO      + O2           1.137E+05
 171) HSO     + S       = HS      + SO           1.608E-04
 176) OCS     + S       = CO      + S2           4.824E-01
 179) S       + CO      = OCS     +              8.394E-02
 184) OCS     + S       = OCS2    +              5.064E-01
 185) OCS2    + S       = OCS     + S2           7.323E-15
 229) S       + HCS     = H       + CS2          2.578E-13
 234) CH23    + S       = HCS     + H            1.542E-15
 236) S       + HCS     = HS      + CS           1.289E-13
 240) CS2     + S       = CS      + S2           7.476E-06

SO                  PRODUCTION RXS              INT RX RATE    TP =  9.70E+08
 106) SO2     + O1D     = SO      + O2           1.553E+04
 123) HS      + O       = H       + SO           4.289E+04
 130) S       + O2      = SO      + O            1.288E+08
 131) S       + OH      = SO      + H            6.227E-01
 134) S       + HO2     = SO      + OH           9.717E-01
 136) S2      + O       = S       + SO           4.463E+03
 148) SO21    + SO2     = SO3     + SO           1.930E+00
 151) SO23    + SO2     = SO3     + SO           2.401E-01
 158) S       + O3      = SO      + O2           1.137E+05
 164) HSO     + NO      = HNO     + SO           4.373E+06
 165) HSO     + OH      = H2O     + SO           7.371E+05
 167) HSO     + H       = H2      + SO           4.083E+00
 168) HSO     + HS      = H2S     + SO           3.788E+01
 169) HSO     + O       = OH      + SO           1.465E+05
 171) HSO     + S       = HS      + SO           1.608E-04
 174) O       + OCS     = CO      + SO           1.167E+07
 214) CS      + O2      = CO      + SO           8.178E+03
 216) CS      + O3      = SO      + CO2          6.400E+06
 218) CS2     + O       = SO      + CS           6.261E+06
 288) SO2     + HV      = SO      + O            8.115E+08

SO                     LOSS RXS                INT RX RATE    TL =  9.70E+08
 107) SO      + O2      = O       + SO2          5.998E+08
 108) SO      + HO2     = SO2     + OH           1.044E+07
 109) SO      + O       = SO2     +              3.122E+05
 110) SO      + OH      = SO2     + H            2.739E+06
 152) SO      + NO2     = SO2     + NO           1.887E+07
 153) SO      + O3      = SO2     + O2           3.378E+08
 159) SO      + SO      = SO2     + S            1.660E-01
 160) SO3     + SO      = SO2     + SO2          2.018E-03
 162) SO      + HCO     = HSO     + CO           2.941E-02
 163) H       + SO      = HSO     +              1.533E-01
 238) CS2     + SO      = OCS     + S2           6.966E-02
 286) SO      + HV      = S       + O            1.385E+05

SO2                 PRODUCTION RXS              INT RX RATE    TP =  9.38E+10
 105) SO2     + O1D     = SO2     + O            4.841E+03
 107) SO      + O2      = O       + SO2          5.998E+08
 108) SO      + HO2     = SO2     + OH           1.044E+07
 109) SO      + O       = SO2     +              3.122E+05
 110) SO      + OH      = SO2     + H            2.739E+06
 115) SO3     + O       = SO2     + O2           8.582E-02
 144) SO21    + M       = SO2     + M            8.241E+10
 146) SO21    + HV      = SO2     + HV           1.467E+07
 149) SO23    + M       = SO2     + M            8.764E+09
 150) SO23    + HV      = SO2     + HV           5.173E+06
 152) SO      + NO2     = SO2     + NO           1.887E+07
 153) SO      + O3      = SO2     + O2           3.378E+08
 159) SO      + SO      = SO2     + S            1.660E-01
 160) SO3     + SO      = SO2     + SO2          2.018E-03
 217) CS      + O3      = CO      + SO2          6.400E+06
 224) CS2X    + O2      = CS      + SO2          6.758E+04
 254) CH3SO2  + HV      = CH3     + SO2          1.590E+09
 298) SO3     + HV      = SO2     + O            1.673E+02

SO2                    LOSS RXS                INT RX RATE    TL =  9.37E+10
 105) SO2     + O1D     = SO2     + O            4.841E+03
 106) SO2     + O1D     = SO      + O2           1.553E+04
 111) SO2     + OH      = HSO3    +              8.218E+08
 112) SO2     + O       = SO3     +              3.884E+06
 148) SO21    + SO2     = SO3     + SO           1.930E+00
 151) SO23    + SO2     = SO3     + SO           2.401E-01
 154) SO2     + HO2     = SO3     + OH           1.036E+05
 288) SO2     + HV      = SO      + O            8.115E+08
 289) SO2     + HV      = SO21    +              9.067E+10
 290) SO2     + HV      = SO23    +              5.272E+08

H2SO4               PRODUCTION RXS              INT RX RATE    TP =  3.70E+09
 113) SO3     + H2O     = H2SO4   +              3.695E+09

H2SO4                  LOSS RXS                INT RX RATE    TL =  3.65E+09
 114) H2SO4   + H2O     = SO3     + H2O     H2O  2.840E+09
 291) H2SO4   + HV      = SO3     + H2O          1.370E+06

HSO                 PRODUCTION RXS              INT RX RATE    TP =  1.33E+09
 155) HS      + O3      = HSO     + O2           1.331E+09
 156) HS      + HO2     = HSO     + OH           8.821E+05
 157) HS      + NO2     = HSO     + NO           2.515E+06
 162) SO      + HCO     = HSO     + CO           2.941E-02
 163) H       + SO      = HSO     +              1.533E-01

HSO                    LOSS RXS                INT RX RATE    TL =  1.33E+09
 164) HSO     + NO      = HNO     + SO           4.373E+06
 165) HSO     + OH      = H2O     + SO           7.371E+05
 166) HSO     + H       = HS      + OH           8.166E+00
 167) HSO     + H       = H2      + SO           4.083E+00
 168) HSO     + HS      = H2S     + SO           3.788E+01
 169) HSO     + O       = OH      + SO           1.465E+05
 170) HSO     + O3      = HS      + O2      O2   1.329E+09
 171) HSO     + S       = HS      + SO           1.608E-04
 299) HSO     + HV      = HS      + O            8.293E+03

S2                  PRODUCTION RXS              INT RX RATE    TP =  1.20E+05
 129) HS      + S       = H       + S2           3.683E-06
 135) S       + S       = S2      +              3.665E-14
 176) OCS     + S       = CO      + S2           4.824E-01
 185) OCS2    + S       = OCS     + S2           7.323E-15
 225) CS2X    + CS2     = CS      + CS      S2   4.999E-05
 237) CS2     + O       = CO      + S2           1.194E+05
 238) CS2     + SO      = OCS     + S2           6.966E-02
 240) CS2     + S       = CS      + S2           7.476E-06
 293) S4      + HV      = S2      + S2           4.470E+01
 294) S3      + HV      = S2      + S            7.624E-07

S2                     LOSS RXS                INT RX RATE    TL =  1.20E+05
 136) S2      + O       = S       + SO           4.463E+03
 139) S       + S2      = S3      +              7.624E-07
 140) S2      + S2      = S4      +              4.470E+01
 231) CH21    + S2      = HCS     + HS           5.064E-16
 232) CH23    + S2      = HCS     + HS           3.315E-14
 292) S2      + HV      = S       + S            1.150E+05

S4                  PRODUCTION RXS              INT RX RATE    TP =  4.47E+01
 140) S2      + S2      = S4      +              4.470E+01
 141) S       + S3      = S4      +              5.631E-22
 297) S8      + HV      = S4      + S4           3.513E-12

S4                     LOSS RXS                INT RX RATE    TL =  4.47E+01
 142) S4      + S4      = S8      +              3.513E-12
 293) S4      + HV      = S2      + S2           4.470E+01

S8                  PRODUCTION RXS              INT RX RATE    TP =  3.51E-12
 142) S4      + S4      = S8      +              3.513E-12

S8                     LOSS RXS                INT RX RATE    TL =  3.51E-12
 297) S8      + HV      = S4      + S4           3.513E-12

SO3                 PRODUCTION RXS              INT RX RATE    TP =  3.70E+09
 112) SO2     + O       = SO3     +              3.884E+06
 114) H2SO4   + H2O     = SO3     + H2O     H2O  2.840E+09
 116) HSO3    + O2      = HO2     + SO3          8.218E+08
 147) SO21    + O2      = SO3     + O            1.753E+03
 148) SO21    + SO2     = SO3     + SO           1.930E+00
 151) SO23    + SO2     = SO3     + SO           2.401E-01
 154) SO2     + HO2     = SO3     + OH           1.036E+05
 255) CH3SO3  + HV      = CH3     + SO3          2.796E+07
 291) H2SO4   + HV      = SO3     + H2O          1.370E+06

SO3                    LOSS RXS                INT RX RATE    TL =  3.70E+09
 113) SO3     + H2O     = H2SO4   +              3.695E+09
 115) SO3     + O       = SO2     + O2           8.582E-02
 160) SO3     + SO      = SO2     + SO2          2.018E-03
 298) SO3     + HV      = SO2     + O            1.673E+02

OCS                 PRODUCTION RXS              INT RX RATE    TP =  7.07E+06
 173) HS      + CO      = OCS     + H            9.077E-05
 179) S       + CO      = OCS     +              8.394E-02
 185) OCS2    + S       = OCS     + S2           7.323E-15
 188) OCS2    + CO      = OCS     + OCS          5.064E-01
 213) CS      + O2      = OCS     + O            6.542E+04
 215) CS      + O3      = OCS     + O2           6.400E+06
 219) CS2     + O       = OCS     + S            5.870E+05
 220) CS2     + OH      = OCS     + HS           1.855E+04
 230) HS      + CO      = OCS     + H            9.186E-05
 238) CS2     + SO      = OCS     + S2           6.966E-02

OCS                    LOSS RXS                INT RX RATE    TL =  1.32E+08
 172) H       + OCS     = CO      + HS           4.478E+02
 174) O       + OCS     = CO      + SO           1.167E+07
 175) O       + OCS     = S       + CO2          1.266E+02
 176) OCS     + S       = CO      + S2           4.824E-01
 177) OCS     + OH      = CO2     + HS           5.398E+06
 184) OCS     + S       = OCS2    +              5.064E-01
 239) OCS     + H       = CO      + HS           4.464E+02
 300) OCS     + HV      = CO      + S            1.150E+08

S3                  PRODUCTION RXS              INT RX RATE    TP =  7.62E-07
 139) S       + S2      = S3      +              7.624E-07

S3                     LOSS RXS                INT RX RATE    TL =  7.62E-07
 141) S       + S3      = S4      +              5.631E-22
 294) S3      + HV      = S2      + S            7.624E-07

O3                  PRODUCTION RXS              INT RX RATE    TP =  1.69E+15
  18) O       + O2      = O3      +              1.685E+15

O3                     LOSS RXS                INT RX RATE    TL =  1.69E+15
   5) H       + O3      = OH      + O2           2.682E+11
  12) OH      + O3      = HO2     + O2           3.107E+11
  15) HO2     + O3      = OH      + O2      O2   2.370E+11
  19) O       + O3      = O2      + O2           1.014E+11
  20) O1D     + O3      = O2      + O2           3.290E+09
  21) O1D     + O3      = O       + O       O2   3.290E+09
  26) O3      + HV      = O2      + O            6.402E-10
  27) O3      + O3      = O2      + O2      O2   2.728E+03
  77) NO      + O3      = NO2     + O2           1.277E+12
 153) SO      + O3      = SO2     + O2           3.378E+08
 155) HS      + O3      = HSO     + O2           1.331E+09
 158) S       + O3      = SO      + O2           1.137E+05
 170) HSO     + O3      = HS      + O2      O2   1.329E+09
 205) NO2     + O3      = NO3     + O2           6.759E+08
 215) CS      + O3      = OCS     + O2           6.400E+06
 216) CS      + O3      = SO      + CO2          6.400E+06
 217) CS      + O3      = CO      + SO2          6.400E+06
 248) CH3S    + O3      = CH3SO   + O2           1.208E+09
 250) CH3SO   + O3      = CH3SO2  + O2           1.205E+09
 252) CH3SO2  + O3      = CH3SO3  + O2           2.794E+07
 264) O3      + HV      = O2      + O1D          6.370E+14
 265) O3      + HV      = O2      + O            1.045E+15
 266) O3      + HV      = O       + O       O    5.620E+11

HNO3                PRODUCTION RXS              INT RX RATE    TP =  4.71E+09
  82) NO2     + OH      = HNO3    +              4.711E+09
 203) N2O5    + H2O     = HNO3    + HNO3         9.488E+03
 244) C2H6S   + NO3     = C2H5S   + HNO3         2.102E+06

HNO3                   LOSS RXS                INT RX RATE    TL =  4.68E+09
  84) HNO3    + OH      = H2O     + NO3          1.223E+09
 211) O       + HNO3    = OH      + NO3          7.202E+05
 280) HNO3    + HV      = NO2     + OH           2.607E+09
 281) HNO3    + HV      = HNO2    + O            3.828E+08
 282) HNO3    + HV      = HNO2    + O1D          2.748E+08

N                   PRODUCTION RXS              INT RX RATE    TP =  6.43E+07
 283) NO      + HV      = N       + O            6.427E+07

N                      LOSS RXS                INT RX RATE    TL =  6.43E+07
  72) N       + N       = N2      +              9.061E-01
  73) N       + O2      = NO      + O            2.627E+06
  75) N       + OH      = NO      + H            1.173E+07
  76) N       + NO      = N2      + O            3.802E+07
 195) N       + NO2     = N2O     + O            8.107E+06
 199) N       + HO2     = NO      + OH           3.792E+06

NO3                 PRODUCTION RXS              INT RX RATE    TP =  1.35E+10
  84) HNO3    + OH      = H2O     + NO3          1.223E+09
 192) O       + NO2     = NO3     +              1.099E+10
 202) N2O5    + M       = NO3     + NO2          3.425E+05
 205) NO2     + O3      = NO3     + O2           6.759E+08
 211) O       + HNO3    = OH      + NO3          7.202E+05
 305) HO2NO2  + HV      = OH      + NO3          5.339E+08
 306) N2O5    + HV      = NO3     + NO2          1.227E+07
 307) N2O5    + HV      = NO3     + NO      O    1.389E+07

NO3                    LOSS RXS                INT RX RATE    TL =  1.35E+10
 189) O       + NO3     = O2      + NO2          1.865E+08
 190) HO2     + NO3     = OH      + NO2     O2   1.307E+07
 191) NO      + NO3     = NO2     + NO2          1.190E+09
 193) OH      + NO3     = HO2     + NO2          1.842E+07
 201) NO2     + NO3     = N2O5    +              2.653E+07
 204) NO2     + NO3     = NO      + NO2     O2   1.907E+03
 206) NO3     + NO3     = NO2     + NO2     O2   6.345E-02
 244) C2H6S   + NO3     = C2H5S   + HNO3         2.102E+06
 301) NO3     + HV      = NO      + O2           1.450E+09
 302) NO3     + HV      = NO2     + O            1.057E+10

N2O                 PRODUCTION RXS              INT RX RATE    TP =  8.11E+06
 195) N       + NO2     = N2O     + O            8.107E+06

N2O                    LOSS RXS                INT RX RATE    TL =  2.70E+10
 194) H       + N2O     = N2      + OH           7.523E-03
 197) O1D     + N2O     = N2      + O2           7.387E+07
 198) O1D     + N2O     = NO      + NO           1.156E+08
 303) N2O     + HV      = N2      + O1D          2.674E+10

HO2NO2              PRODUCTION RXS              INT RX RATE    TP =  1.31E+10
 207) HO2     + NO2     = HO2NO2  +              1.310E+10

HO2NO2                 LOSS RXS                INT RX RATE    TL =  1.31E+10
 208) O       + HO2NO2  = OH      + NO2     O2   1.696E+04
 209) OH      + HO2NO2  = H2O     + NO2     O2   3.237E+09
 210) HO2NO2  + M       = HO2     + NO2          7.339E+09
 304) HO2NO2  + HV      = HO2     + NO2          1.963E+09
 305) HO2NO2  + HV      = OH      + NO3          5.339E+08

N2O5                PRODUCTION RXS              INT RX RATE    TP =  2.65E+07
 201) NO2     + NO3     = N2O5    +              2.653E+07

N2O5                   LOSS RXS                INT RX RATE    TL =  2.65E+07
 200) O       + N2O5    = NO2     + NO2     O2   1.383E+04
 202) N2O5    + M       = NO3     + NO2          3.425E+05
 203) N2O5    + H2O     = HNO3    + HNO3         9.488E+03
 306) N2O5    + HV      = NO3     + NO2          1.227E+07
 307) N2O5    + HV      = NO3     + NO      O    1.389E+07

NH                  PRODUCTION RXS              INT RX RATE    TP =  0.00E+00

NH                     LOSS RXS                INT RX RATE    TL =  0.00E+00

NH2                 PRODUCTION RXS              INT RX RATE    TP =  0.00E+00

NH2                    LOSS RXS                INT RX RATE    TL =  0.00E+00

NH3                 PRODUCTION RXS              INT RX RATE    TP =  0.00E+00

NH3                    LOSS RXS                INT RX RATE    TL =  1.50E+10

CO2                 PRODUCTION RXS              INT RX RATE    TP =  1.17E+12
  32) O       + HCO     = H       + CO2          1.204E+06
  34) CO      + OH      = CO2     + H            3.370E+11
  35) CO      + O       = CO2     +              4.472E+07
 175) O       + OCS     = S       + CO2          1.266E+02
 177) OCS     + OH      = CO2     + HS           5.398E+06
 182) CO2     + O1D     = CO2     + O            8.329E+11
 216) CS      + O3      = SO      + CO2          6.400E+06

CO2                    LOSS RXS                INT RX RATE    TL =  8.78E+11
  36) CO2     + H       = CO      + OH           6.031E-01
  93) CH21    + CO2     = H2CO    + CO           1.137E+05
  95) CH23    + CO2     = H2CO    + CO           7.668E+06
 182) CO2     + O1D     = CO2     + O            8.329E+11
 268) CO2     + HV      = CO      + O            1.774E+10
 269) CO2     + HV      = CO      + O1D          2.710E+10

CS                  PRODUCTION RXS              INT RX RATE    TP =  1.93E+07
 218) CS2     + O       = SO      + CS           6.261E+06
 224) CS2X    + O2      = CS      + SO2          6.758E+04
 225) CS2X    + CS2     = CS      + CS      S2   4.999E-05
 228) H       + HCS     = H2      + CS           6.360E-09
 233) CH3     + HCS     = CH4     + CS           2.097E-09
 235) HS      + HCS     = H2S     + CS           7.740E-08
 236) S       + HCS     = HS      + CS           1.289E-13
 240) CS2     + S       = CS      + S2           7.476E-06
 309) CS2     + HV      = CS      + S            1.295E+07

CS                     LOSS RXS                INT RX RATE    TL =  1.93E+07
 213) CS      + O2      = OCS     + O            6.542E+04
 214) CS      + O2      = CO      + SO           8.178E+03
 215) CS      + O3      = OCS     + O2           6.400E+06
 216) CS      + O3      = SO      + CO2          6.400E+06
 217) CS      + O3      = CO      + SO2          6.400E+06
 226) CS      + HS      = CS2     + H            1.000E-03
 227) H       + CS      = HCS     +              8.586E-08
 241) CS      + O       = CO      + S            1.436E+01

CS2                 PRODUCTION RXS              INT RX RATE    TP =  8.02E+08
 222) CS2OH   + HV      = CS2     + OH           7.419E+06
 223) CS2X    + M       = CS2     + M            7.942E+08
 226) CS      + HS      = CS2     + H            1.000E-03
 229) S       + HCS     = H       + CS2          2.578E-13

CS2                    LOSS RXS                INT RX RATE    TL =  8.22E+08
 218) CS2     + O       = SO      + CS           6.261E+06
 219) CS2     + O       = OCS     + S            5.870E+05
 220) CS2     + OH      = OCS     + HS           1.855E+04
 221) CS2     + OH      = CS2OH   +              7.419E+06
 225) CS2X    + CS2     = CS      + CS      S2   4.999E-05
 237) CS2     + O       = CO      + S2           1.194E+05
 238) CS2     + SO      = OCS     + S2           6.966E-02
 240) CS2     + S       = CS      + S2           7.476E-06
 309) CS2     + HV      = CS      + S            1.295E+07
 310) CS2     + HV      = CS2X    +              7.942E+08

HCS                 PRODUCTION RXS              INT RX RATE    TP =  8.59E-08
 227) H       + CS      = HCS     +              8.586E-08
 231) CH21    + S2      = HCS     + HS           5.064E-16
 232) CH23    + S2      = HCS     + HS           3.315E-14
 234) CH23    + S       = HCS     + H            1.542E-15

HCS                    LOSS RXS                INT RX RATE    TL =  8.59E-08
 228) H       + HCS     = H2      + CS           6.360E-09
 229) S       + HCS     = H       + CS2          2.578E-13
 233) CH3     + HCS     = CH4     + CS           2.097E-09
 235) HS      + HCS     = H2S     + CS           7.740E-08
 236) S       + HCS     = HS      + CS           1.289E-13

C2H6S               PRODUCTION RXS              INT RX RATE    TP =  0.00E+00

C2H6S                  LOSS RXS                INT RX RATE    TL =  1.62E+09
 242) C2H6S   + OH      = C2H5S   + H2O          1.207E+09
 243) C2H6S   + OH      = C2H7SO  +              4.105E+08
 244) C2H6S   + NO3     = C2H5S   + HNO3         2.102E+06

C2H5S               PRODUCTION RXS              INT RX RATE    TP =  1.21E+09
 242) C2H6S   + OH      = C2H5S   + H2O          1.207E+09
 244) C2H6S   + NO3     = C2H5S   + HNO3         2.102E+06

C2H5S                  LOSS RXS                INT RX RATE    TL =  1.21E+09
 245) C2H5S   + O2      = C2H5SO2 +              1.209E+09

C2H5SO              PRODUCTION RXS              INT RX RATE    TP =  1.21E+09
 246) C2H5SO2 + NO      = C2H5SO  + NO2          1.209E+09

C2H5SO                 LOSS RXS                INT RX RATE    TL =  1.21E+09
 247) C2H5SO  + HV      = H2CO    + CH3S         1.209E+09

C2H5SO2             PRODUCTION RXS              INT RX RATE    TP =  1.21E+09
 245) C2H5S   + O2      = C2H5SO2 +              1.209E+09

C2H5SO2                LOSS RXS                INT RX RATE    TL =  1.21E+09
 246) C2H5SO2 + NO      = C2H5SO  + NO2          1.209E+09

CH3S                PRODUCTION RXS              INT RX RATE    TP =  1.21E+09
 247) C2H5SO  + HV      = H2CO    + CH3S         1.209E+09

CH3S                   LOSS RXS                INT RX RATE    TL =  1.21E+09
 248) CH3S    + O3      = CH3SO   + O2           1.208E+09
 249) CH3S    + NO2     = CH3SO   + NO           1.371E+06

CH3SO               PRODUCTION RXS              INT RX RATE    TP =  1.21E+09
 248) CH3S    + O3      = CH3SO   + O2           1.208E+09
 249) CH3S    + NO2     = CH3SO   + NO           1.371E+06

CH3SO                  LOSS RXS                INT RX RATE    TL =  1.21E+09
 250) CH3SO   + O3      = CH3SO2  + O2           1.205E+09
 251) CH3SO   + NO2     = CH3SO2  + NO           4.587E+06

CH3SO2              PRODUCTION RXS              INT RX RATE    TP =  1.62E+09
 250) CH3SO   + O3      = CH3SO2  + O2           1.205E+09
 251) CH3SO   + NO2     = CH3SO2  + NO           4.587E+06
 258) CH4SO2  + OH      = CH3SO2  + H2O          4.087E+08

CH3SO2                 LOSS RXS                INT RX RATE    TL =  1.62E+09
 252) CH3SO2  + O3      = CH3SO3  + O2           2.794E+07
 253) CH3SO2  + NO2     = CH3SO3  + NO           1.915E+04
 254) CH3SO2  + HV      = CH3     + SO2          1.590E+09

CH3SO3              PRODUCTION RXS              INT RX RATE    TP =  2.80E+07
 252) CH3SO2  + O3      = CH3SO3  + O2           2.794E+07
 253) CH3SO2  + NO2     = CH3SO3  + NO           1.915E+04

CH3SO3                 LOSS RXS                INT RX RATE    TL =  2.80E+07
 255) CH3SO3  + HV      = CH3     + SO3          2.796E+07

CH4SO2              PRODUCTION RXS              INT RX RATE    TP =  4.09E+08
 257) C2H6SO  + OH      = CH4SO2  + CH3          4.087E+08

CH4SO2                 LOSS RXS                INT RX RATE    TL =  4.09E+08
 258) CH4SO2  + OH      = CH3SO2  + H2O          4.087E+08

C2H6SO              PRODUCTION RXS              INT RX RATE    TP =  4.10E+08
 256) C2H7SO  + O2      = C2H6SO  + HO2          4.105E+08

C2H6SO                 LOSS RXS                INT RX RATE    TL =  4.10E+08
 257) C2H6SO  + OH      = CH4SO2  + CH3          4.087E+08

C2H7SO              PRODUCTION RXS              INT RX RATE    TP =  4.10E+08
 243) C2H6S   + OH      = C2H7SO  +              4.105E+08

C2H7SO                 LOSS RXS                INT RX RATE    TL =  4.10E+08
 256) C2H7SO  + O2      = C2H6SO  + HO2          4.105E+08

SO4AER              PRODUCTION RXS              INT RX RATE    TP =  7.60E+08

SO4AER                 LOSS RXS                INT RX RATE    TL =  7.51E+08

S8AER               PRODUCTION RXS              INT RX RATE    TP =  0.00E+00

S8AER                  LOSS RXS                INT RX RATE    TL =  1.70E-19

HNO2                PRODUCTION RXS              INT RX RATE    TP =  0.00E+00
  80) NO      + OH      = HNO2    +              3.602E+09
 212) HO2     + NO2     = HNO2    + O2           5.797E+06
 281) HNO3    + HV      = HNO2    + O            3.828E+08
 282) HNO3    + HV      = HNO2    + O1D          2.748E+08

HNO2                   LOSS RXS                INT RX RATE    TL =  0.00E+00
  90) HNO2    + OH      = H2O     + NO2          8.900E+07
 279) HNO2    + HV      = NO      + OH           4.177E+09

O1D                 PRODUCTION RXS              INT RX RATE    TP =  0.00E+00
 259) O2      + HV      = O       + O1D          2.725E+11
 262) H2O     + HV      = H2      + O1D          2.487E+09
 264) O3      + HV      = O2      + O1D          6.370E+14
 269) CO2     + HV      = CO      + O1D          2.710E+10
 282) HNO3    + HV      = HNO2    + O1D          2.748E+08
 284) NO2     + HV      = NO      + O1D          1.790E+08
 303) N2O     + HV      = N2      + O1D          2.674E+10

O1D                    LOSS RXS                INT RX RATE    TL =  0.00E+00
   1) H2O     + O1D     = OH      + OH           2.623E+11
   2) H2      + O1D     = OH      + H            2.850E+09
  20) O1D     + O3      = O2      + O2           3.290E+09
  21) O1D     + O3      = O       + O       O2   3.290E+09
  23) O1D     + N2      = O       + N2           6.342E+14
  24) O1D     + O2      = O       + O2           2.000E+12
  49) CH4     + O1D     = CH3     + OH           1.661E+10
  50) CH4     + O1D     = CH3O    + H            2.236E+09
  51) CH4     + O1D     = CH2OH   + H            2.236E+09
  52) CH4     + O1D     = H2CO    + H2           1.118E+09
  98) C2H6    + O1D     = C2H5    + OH           6.797E+05
 105) SO2     + O1D     = SO2     + O            4.841E+03
 106) SO2     + O1D     = SO      + O2           1.553E+04
 180) CO      + O1D     = CO      + O            8.688E+07
 182) CO2     + O1D     = CO2     + O            8.329E+11
 197) O1D     + N2O     = N2      + O2           7.387E+07
 198) O1D     + N2O     = NO      + NO           1.156E+08

CH21                PRODUCTION RXS              INT RX RATE    TP =  0.00E+00
 273) CH4     + HV      = CH21    + H2           2.721E+09
 276) CH3     + HV      = CH21    + H            1.497E+05
 278) C2H6    + HV      = CH4     + CH21         1.375E+01

CH21                   LOSS RXS                INT RX RATE    TL =  0.00E+00
  53) CH21    + CH4     = CH3     + CH3          9.829E-10
  54) CH21    + O2      = HCO     + OH           2.492E+07
  55) CH21    + N2      = CH23    + N2           2.696E+09
  92) CH21    + H2      = CH3     + H            2.898E+05
  93) CH21    + CO2     = H2CO    + CO           1.137E+05
 231) CH21    + S2      = HCS     + HS           5.064E-16

CH23                PRODUCTION RXS              INT RX RATE    TP =  0.00E+00
  55) CH21    + N2      = CH23    + N2           2.696E+09
 275) CH4     + HV      = CH23    + H       H    4.928E+08
 277) C2H6    + HV      = CH23    + CH23    H2   5.501E+01

CH23                   LOSS RXS                INT RX RATE    TL =  0.00E+00
  58) CH23    + O2      = HCO     + OH           3.180E+09
  94) CH23    + O       = HCO     + H            1.079E+06
  95) CH23    + CO2     = H2CO    + CO           7.668E+06
 232) CH23    + S2      = HCS     + HS           3.315E-14
 234) CH23    + S       = HCS     + H            1.542E-15

C2H5                PRODUCTION RXS              INT RX RATE    TP =  0.00E+00
  96) C2H6    + OH      = C2H5    + H2O          8.991E+08
  97) C2H6    + O       = C2H5    + OH           2.550E+05
  98) C2H6    + O1D     = C2H5    + OH           6.797E+05

C2H5                   LOSS RXS                INT RX RATE    TL =  0.00E+00
  99) C2H5    + H       = CH3     + CH3          1.821E-03
 100) C2H5    + O       = CH3     + HCO     H    8.264E+00
 101) C2H5    + OH      = CH3     + HCO     H2   2.594E-01
 102) C2H5    + HCO     = C2H6    + CO           3.614E-07
 103) C2H5    + HNO     = C2H6    + NO           3.121E-07
 104) C2H5    + O2      = CH3     + HCO     OH   9.000E+08

SO21                PRODUCTION RXS              INT RX RATE    TP =  0.00E+00
 289) SO2     + HV      = SO21    +              9.067E+10

SO21                   LOSS RXS                INT RX RATE    TL =  0.00E+00
 143) SO21    + M       = SO23    + M            8.241E+09
 144) SO21    + M       = SO2     + M            8.241E+10
 145) SO21    + HV      = SO23    + HV           1.000E+06
 146) SO21    + HV      = SO2     + HV           1.467E+07
 147) SO21    + O2      = SO3     + O            1.753E+03
 148) SO21    + SO2     = SO3     + SO           1.930E+00

SO23                PRODUCTION RXS              INT RX RATE    TP =  0.00E+00
 143) SO21    + M       = SO23    + M            8.241E+09
 145) SO21    + HV      = SO23    + HV           1.000E+06
 290) SO2     + HV      = SO23    +              5.272E+08

SO23                   LOSS RXS                INT RX RATE    TL =  0.00E+00
 149) SO23    + M       = SO2     + M            8.764E+09
 150) SO23    + HV      = SO2     + HV           5.173E+06
 151) SO23    + SO2     = SO3     + SO           2.401E-01

HSO3                PRODUCTION RXS              INT RX RATE    TP =  0.00E+00
 111) SO2     + OH      = HSO3    +              8.218E+08

HSO3                   LOSS RXS                INT RX RATE    TL =  0.00E+00
 116) HSO3    + O2      = HO2     + SO3          8.218E+08

OCS2                PRODUCTION RXS              INT RX RATE    TP =  0.00E+00
 184) OCS     + S       = OCS2    +              5.064E-01

OCS2                   LOSS RXS                INT RX RATE    TL =  0.00E+00
 185) OCS2    + S       = OCS     + S2           7.323E-15
 188) OCS2    + CO      = OCS     + OCS          5.064E-01

CS2X                PRODUCTION RXS              INT RX RATE    TP =  0.00E+00
 310) CS2     + HV      = CS2X    +              7.942E+08

CS2X                   LOSS RXS                INT RX RATE    TL =  0.00E+00
 223) CS2X    + M       = CS2     + M            7.942E+08
 224) CS2X    + O2      = CS      + SO2          6.758E+04
 225) CS2X    + CS2     = CS      + CS      S2   4.999E-05

CS2OH               PRODUCTION RXS              INT RX RATE    TP =  0.00E+00
 221) CS2     + OH      = CS2OH   +              7.419E+06

CS2OH                  LOSS RXS                INT RX RATE    TL =  0.00E+00
 222) CS2OH   + HV      = CS2     + OH           7.419E+06

N2                  PRODUCTION RXS              INT RX RATE    TP =  0.00E+00
  23) O1D     + N2      = O       + N2           6.342E+14
  55) CH21    + N2      = CH23    + N2           2.696E+09
  72) N       + N       = N2      +              9.061E-01
  76) N       + NO      = N2      + O            3.802E+07
 194) H       + N2O     = N2      + OH           7.523E-03
 197) O1D     + N2O     = N2      + O2           7.387E+07
 303) N2O     + HV      = N2      + O1D          2.674E+10

N2                     LOSS RXS                INT RX RATE    TL =  0.00E+00
  23) O1D     + N2      = O       + N2           6.342E+14
  55) CH21    + N2      = CH23    + N2           2.696E+09
