
O                   PRODUCTION RXS              INT RX RATE    TP =  6.78E+13
   8) H       + HO2     = H2O     + O            6.132E+07
  21) O1D     + O3      = O       + O       O2   6.946E+07
  22) OH      + OH      = H2O     + O            8.805E+08
  23) O1D     + N2      = O       + N2           4.186E+12
  24) O1D     + O2      = O       + O2           1.195E+11
  25) O2      + HV      = O       + O            2.245E-54
  26) O3      + HV      = O2      + O            1.218E-12
  73) N       + O2      = NO      + O            5.027E+04
  76) N       + NO      = N2      + O            3.211E+05
 105) SO2     + O1D     = SO2     + O            1.148E+05
 107) SO      + O2      = O       + SO2          2.954E+09
 130) S       + O2      = SO      + O            3.130E+07
 147) SO21    + O2      = SO3     + O            8.104E+02
 180) CO      + O1D     = CO      + O            5.829E+08
 182) CO2     + O1D     = CO2     + O            4.263E+09
 195) N       + NO2     = N2O     + O            5.037E+04
 213) CS      + O2      = OCS     + O            2.979E+05
 259) O2      + HV      = O       + O1D          1.916E+12
 260) O2      + HV      = O       + O            1.604E+12
 263) H2O     + HV      = H       + H       O    2.521E+09
 265) O3      + HV      = O2      + O            5.729E+13
 266) O3      + HV      = O       + O       O    3.429E+11
 268) CO2     + HV      = CO      + O            1.151E+08
 272) HO2     + HV      = OH      + O            1.188E+07
 281) HNO3    + HV      = HNO2    + O            2.746E+06
 283) NO      + HV      = N       + O            3.257E+06
 285) NO2     + HV      = NO      + O            3.295E+09
 286) SO      + HV      = S       + O            1.026E+07
 288) SO2     + HV      = SO      + O            1.369E+10
 298) SO3     + HV      = SO2     + O            4.848E+05
 299) HSO     + HV      = HS      + O            1.867E+00
 302) NO3     + HV      = NO2     + O            6.918E+06
 307) N2O5    + HV      = NO3     + NO      O    3.195E+02

O                      LOSS RXS                INT RX RATE    TL =  6.78E+13
   3) H2      + O       = OH      + H            9.634E+07
  10) OH      + O       = H       + O2           3.481E+12
  14) HO2     + O       = OH      + O2           5.536E+11
  17) O       + O       = O2      +              2.555E+11
  18) O       + O2      = O3      +              6.314E+13
  19) O       + O3      = O2      + O2           8.240E+10
  32) O       + HCO     = H       + CO2          4.730E+04
  33) O       + HCO     = OH      + CO           4.730E+04
  35) CO      + O       = CO2     +              1.232E+06
  46) H2CO    + O       = HCO     + OH           2.139E+08
  47) H2O2    + O       = OH      + HO2          2.841E+04
  60) CH3     + O       = H2CO    + H            6.887E+06
  78) NO      + O       = NO2     +              7.185E+06
  81) NO2     + O       = NO      + O2           5.469E+09
  88) O       + HNO     = OH      + NO           3.467E+03
  91) CH4     + O       = CH3     + OH           1.016E+04
  94) CH23    + O       = HCO     + H            2.628E+04
  97) C2H6    + O       = C2H5    + OH           1.630E+06
 100) C2H5    + O       = CH3     + HCO     H    1.851E+04
 109) SO      + O       = SO2     +              6.434E+07
 112) SO2     + O       = SO3     +              2.209E+07
 115) SO3     + O       = SO2     + O2           1.495E+05
 122) H2S     + O       = OH      + HS           3.461E-03
 123) HS      + O       = H       + SO           5.621E+02
 136) S2      + O       = S       + SO           1.266E+04
 169) HSO     + O       = OH      + SO           1.433E+04
 174) O       + OCS     = CO      + SO           1.039E+05
 175) O       + OCS     = S       + CO2          3.444E-02
 189) O       + NO3     = O2      + NO2          1.250E+06
 192) O       + NO2     = NO3     +              2.062E+07
 200) O       + N2O5    = NO2     + NO2     O2   4.313E+01
 208) O       + HO2NO2  = OH      + NO2     O2   1.255E+01
 211) O       + HNO3    = OH      + NO3          1.057E+04
 218) CS2     + O       = SO      + CS           7.974E+05
 219) CS2     + O       = OCS     + S            7.476E+04
 237) CS2     + O       = CO      + S2           2.850E+04
 241) CS      + O       = CO      + S            1.565E-01

O2                  PRODUCTION RXS              INT RX RATE    TP =  6.73E+13
   5) H       + O3      = OH      + O2           3.063E+12
   7) H       + HO2     = H2      + O2           2.644E+08
  10) OH      + O       = H       + O2           3.481E+12
  11) OH      + HO2     = H2O     + O2           1.481E+10
  12) OH      + O3      = HO2     + O2           1.121E+10
  14) HO2     + O       = OH      + O2           5.536E+11
  15) HO2     + O3      = OH      + O2      O2   1.733E+09
  16) HO2     + HO2     = H2O2    + O2           5.679E+07
  17) O       + O       = O2      +              2.555E+11
  19) O       + O3      = O2      + O2           8.240E+10
  20) O1D     + O3      = O2      + O2           6.946E+07
  21) O1D     + O3      = O       + O       O2   6.946E+07
  24) O1D     + O2      = O       + O2           1.195E+11
  26) O3      + HV      = O2      + O            1.218E-12
  27) O3      + O3      = O2      + O2      O2   1.489E+01
  68) CH3O2   + HO2     = CH3OOH  + O2           1.360E+09
  77) NO      + O3      = NO2     + O2           6.043E+09
  81) NO2     + O       = NO      + O2           5.469E+09
 106) SO2     + O1D     = SO      + O2           3.684E+05
 115) SO3     + O       = SO2     + O2           1.495E+05
 125) HS      + HO2     = H2S     + O2           1.536E+00
 133) S       + HO2     = HS      + O2           6.787E-02
 153) SO      + O3      = SO2     + O2           9.574E+09
 155) HS      + O3      = HSO     + O2           4.567E+05
 158) S       + O3      = SO      + O2           8.553E+03
 170) HSO     + O3      = HS      + O2      O2   4.583E+05
 189) O       + NO3     = O2      + NO2          1.250E+06
 190) HO2     + NO3     = OH      + NO2     O2   1.463E+04
 197) O1D     + N2O     = N2      + O2           4.916E+05
 200) O       + N2O5    = NO2     + NO2     O2   4.313E+01
 204) NO2     + NO3     = NO      + NO2     O2   2.553E+00
 205) NO2     + O3      = NO3     + O2           2.363E+08
 206) NO3     + NO3     = NO2     + NO2     O2   1.013E-05
 208) O       + HO2NO2  = OH      + NO2     O2   1.255E+01
 209) OH      + HO2NO2  = H2O     + NO2     O2   5.354E+05
 212) HO2     + NO2     = HNO2    + O2           4.130E+04
 215) CS      + O3      = OCS     + O2           6.519E+06
 248) CH3S    + O3      = CH3SO   + O2           1.064E+09
 250) CH3SO   + O3      = CH3SO2  + O2           1.059E+09
 252) CH3SO2  + O3      = CH3SO3  + O2           4.546E+07
 264) O3      + HV      = O2      + O1D          2.271E+12
 265) O3      + HV      = O2      + O            5.729E+13
 301) NO3     + HV      = NO      + O2           8.667E+05

O2                     LOSS RXS                INT RX RATE    TL =  6.74E+13
   6) H       + O2      = HO2     +              5.582E+11
  18) O       + O2      = O3      +              6.314E+13
  24) O1D     + O2      = O       + O2           1.195E+11
  25) O2      + HV      = O       + O            2.245E-54
  40) HCO     + O2      = HO2     + CO           3.295E+09
  41) CH2OH   + O2      = H2CO    + HO2          4.871E+05
  42) CH3O    + O2      = H2CO    + HO2          1.861E+09
  54) CH21    + O2      = HCO     + OH           2.228E+07
  58) CH23    + O2      = HCO     + OH           4.757E+08
  59) CH3     + O2      = H2CO    + OH           2.345E+00
  66) CH3     + O2      = CH3O2   +              2.420E+09
  73) N       + O2      = NO      + O            5.027E+04
 104) C2H5    + O2      = CH3     + HCO     OH   7.758E+08
 107) SO      + O2      = O       + SO2          2.954E+09
 116) HSO3    + O2      = HO2     + SO3          2.405E+08
 130) S       + O2      = SO      + O            3.130E+07
 147) SO21    + O2      = SO3     + O            8.104E+02
 213) CS      + O2      = OCS     + O            2.979E+05
 214) CS      + O2      = CO      + SO           3.723E+04
 224) CS2X    + O2      = CS      + SO2          1.413E+04
 245) C2H5S   + O2      = C2H5SO2 +              1.065E+09
 256) C2H7SO  + O2      = C2H6SO  + HO2          2.776E+08
 259) O2      + HV      = O       + O1D          1.916E+12
 260) O2      + HV      = O       + O            1.604E+12

H2O                 PRODUCTION RXS              INT RX RATE    TP =  2.01E+10
   4) H2      + OH      = H2O     + H            1.159E+08
   8) H       + HO2     = H2O     + O            6.132E+07
  11) OH      + HO2     = H2O     + O2           1.481E+10
  13) OH      + H2O2    = HO2     + H2O          5.411E+07
  22) OH      + OH      = H2O     + O            8.805E+08
  31) OH      + HCO     = H2O     + CO           2.293E+03
  43) H2CO    + OH      = H2O     + HCO          1.693E+09
  44) H       + OH      = H2O     +              1.774E+06
  48) CH4     + OH      = CH3     + H2O          6.022E+06
  69) CH3OOH  + OH      = CH3O2   + H2O          6.745E+08
  70) CH3OOH  + OH      = H2O     + H2CO    OH   2.891E+08
  84) HNO3    + OH      = H2O     + NO3          8.105E+05
  89) OH      + HNO     = H2O     + NO           8.484E+01
  90) HNO2    + OH      = H2O     + NO2          1.954E+06
  96) C2H6    + OH      = C2H5    + H2O          7.614E+08
 114) H2SO4   + H2O     = SO3     + H2O     H2O  3.723E+04
 120) H2S     + OH      = H2O     + HS           4.468E-01
 165) HSO     + OH      = H2O     + SO           8.328E+01
 209) OH      + HO2NO2  = H2O     + NO2     O2   5.354E+05
 242) C2H6S   + OH      = C2H5S   + H2O          8.165E+08
 258) CH4SO2  + OH      = CH3SO2  + H2O          1.582E+08
 291) H2SO4   + HV      = SO3     + H2O          1.414E+07

H2O                    LOSS RXS                INT RX RATE    TL =  1.72E+10
   1) H2O     + O1D     = OH      + OH           2.452E+07
 113) SO3     + H2O     = H2SO4   +              3.216E+08
 114) H2SO4   + H2O     = SO3     + H2O     H2O  3.723E+04
 203) N2O5    + H2O     = HNO3    + HNO3         1.210E+03
 261) H2O     + HV      = H       + OH           1.266E+10
 262) H2O     + HV      = H2      + O1D          1.681E+09
 263) H2O     + HV      = H       + H       O    2.521E+09

H                   PRODUCTION RXS              INT RX RATE    TP =  3.62E+12
   2) H2      + O1D     = OH      + H            5.596E+07
   3) H2      + O       = OH      + H            9.634E+07
   4) H2      + OH      = H2O     + H            1.159E+08
  10) OH      + O       = H       + O2           3.481E+12
  32) O       + HCO     = H       + CO2          4.730E+04
  34) CO      + OH      = CO2     + H            1.240E+11
  50) CH4     + O1D     = CH3O    + H            4.871E+05
  51) CH4     + O1D     = CH2OH   + H            4.871E+05
  60) CH3     + O       = H2CO    + H            6.887E+06
  75) N       + OH      = NO      + H            2.676E+06
  86) HNO     + HV      = NO      + H            2.667E+02
  92) CH21    + H2      = CH3     + H            1.631E+04
  94) CH23    + O       = HCO     + H            2.628E+04
 100) C2H5    + O       = CH3     + HCO     H    1.851E+04
 110) SO      + OH      = SO2     + H            9.556E+08
 123) HS      + O       = H       + SO           5.621E+02
 129) HS      + S       = H       + S2           2.321E-10
 131) S       + OH      = SO      + H            8.916E+00
 173) HS      + CO      = OCS     + H            2.160E-12
 226) CS      + HS      = CS2     + H            5.378E-08
 229) S       + HCS     = H       + CS2          7.527E-16
 230) HS      + CO      = OCS     + H            2.186E-12
 234) CH23    + S       = HCS     + H            3.935E-08
 261) H2O     + HV      = H       + OH           1.266E+10
 263) H2O     + HV      = H       + H       O    2.521E+09
 271) H2CO    + HV      = HCO     + H            1.138E+08
 274) CH4     + HV      = CH3     + H            2.598E+08
 275) CH4     + HV      = CH23    + H       H    4.391E+07
 276) CH3     + HV      = CH21    + H            7.447E+01
 287) H2S     + HV      = HS      + H            3.849E-01

H                      LOSS RXS                INT RX RATE    TL =  3.62E+12
   5) H       + O3      = OH      + O2           3.063E+12
   6) H       + O2      = HO2     +              5.582E+11
   7) H       + HO2     = H2      + O2           2.644E+08
   8) H       + HO2     = H2O     + O            6.132E+07
   9) H       + HO2     = OH      + OH           2.759E+09
  28) H       + CO      = HCO     +              3.719E+05
  29) H       + HCO     = H2      + CO           5.579E+02
  36) CO2     + H       = CO      + OH           3.326E-04
  38) H2CO    + H       = H2      + HCO          5.711E+03
  39) H       + H       = H2      +              1.029E+05
  44) H       + OH      = H2O     +              1.774E+06
  62) CH3     + H       = CH4     +              3.913E+02
  71) H       + NO      = HNO     +              3.581E+03
  83) NO2     + H       = NO      + OH           3.721E+06
  87) H       + HNO     = H2      + NO           1.144E+00
  99) C2H5    + H       = CH3     + CH3          3.244E+01
 121) H2S     + H       = H2      + HS           1.931E-04
 128) HS      + H       = H2      + S            1.266E-01
 163) H       + SO      = HSO     +              1.395E+04
 166) HSO     + H       = HS      + OH           9.355E+01
 167) HSO     + H       = H2      + SO           4.678E+01
 172) H       + OCS     = CO      + HS           9.738E+00
 194) H       + N2O     = N2      + OH           6.561E-08
 227) H       + CS      = HCS     +              2.688E-13
 228) H       + HCS     = H2      + CS           3.935E-08
 239) OCS     + H       = CO      + HS           9.706E+00

OH                  PRODUCTION RXS              INT RX RATE    TP =  3.64E+12
   1) H2O     + O1D     = OH      + OH           2.452E+07
   2) H2      + O1D     = OH      + H            5.596E+07
   3) H2      + O       = OH      + H            9.634E+07
   5) H       + O3      = OH      + O2           3.063E+12
   9) H       + HO2     = OH      + OH           2.759E+09
  14) HO2     + O       = OH      + O2           5.536E+11
  15) HO2     + O3      = OH      + O2      O2   1.733E+09
  33) O       + HCO     = OH      + CO           4.730E+04
  36) CO2     + H       = CO      + OH           3.326E-04
  46) H2CO    + O       = HCO     + OH           2.139E+08
  47) H2O2    + O       = OH      + HO2          2.841E+04
  49) CH4     + O1D     = CH3     + OH           3.619E+06
  54) CH21    + O2      = HCO     + OH           2.228E+07
  58) CH23    + O2      = HCO     + OH           4.757E+08
  59) CH3     + O2      = H2CO    + OH           2.345E+00
  70) CH3OOH  + OH      = H2O     + H2CO    OH   2.891E+08
  79) NO      + HO2     = NO2     + OH           3.053E+08
  83) NO2     + H       = NO      + OH           3.721E+06
  88) O       + HNO     = OH      + NO           3.467E+03
  91) CH4     + O       = CH3     + OH           1.016E+04
  97) C2H6    + O       = C2H5    + OH           1.630E+06
  98) C2H6    + O1D     = C2H5    + OH           1.277E+07
 104) C2H5    + O2      = CH3     + HCO     OH   7.758E+08
 108) SO      + HO2     = SO2     + OH           5.209E+07
 122) H2S     + O       = OH      + HS           3.461E-03
 134) S       + HO2     = SO      + OH           6.787E-02
 154) SO2     + HO2     = SO3     + OH           1.066E+02
 156) HS      + HO2     = HSO     + OH           1.536E+00
 166) HSO     + H       = HS      + OH           9.355E+01
 169) HSO     + O       = OH      + SO           1.433E+04
 190) HO2     + NO3     = OH      + NO2     O2   1.463E+04
 194) H       + N2O     = N2      + OH           6.561E-08
 199) N       + HO2     = NO      + OH           1.587E+05
 208) O       + HO2NO2  = OH      + NO2     O2   1.255E+01
 211) O       + HNO3    = OH      + NO3          1.057E+04
 222) CS2OH   + HV      = CS2     + OH           4.457E+03
 261) H2O     + HV      = H       + OH           1.266E+10
 267) H2O2    + HV      = OH      + OH           5.704E+06
 272) HO2     + HV      = OH      + O            1.188E+07
 279) HNO2    + HV      = NO      + OH           5.049E+06
 280) HNO3    + HV      = NO2     + OH           1.419E+07
 305) HO2NO2  + HV      = OH      + NO3          5.133E+05
 308) CH3OOH  + HV      = CH3O    + OH           1.270E+08

OH                     LOSS RXS                INT RX RATE    TL =  3.64E+12
   4) H2      + OH      = H2O     + H            1.159E+08
  10) OH      + O       = H       + O2           3.481E+12
  11) OH      + HO2     = H2O     + O2           1.481E+10
  12) OH      + O3      = HO2     + O2           1.121E+10
  13) OH      + H2O2    = HO2     + H2O          5.411E+07
  22) OH      + OH      = H2O     + O            8.805E+08
  31) OH      + HCO     = H2O     + CO           2.293E+03
  34) CO      + OH      = CO2     + H            1.240E+11
  43) H2CO    + OH      = H2O     + HCO          1.693E+09
  44) H       + OH      = H2O     +              1.774E+06
  45) OH      + OH      = H2O2    +              4.147E+06
  48) CH4     + OH      = CH3     + H2O          6.022E+06
  69) CH3OOH  + OH      = CH3O2   + H2O          6.745E+08
  70) CH3OOH  + OH      = H2O     + H2CO    OH   2.891E+08
  75) N       + OH      = NO      + H            2.676E+06
  80) NO      + OH      = HNO2    +              2.244E+06
  82) NO2     + OH      = HNO3    +              1.724E+06
  84) HNO3    + OH      = H2O     + NO3          8.105E+05
  89) OH      + HNO     = H2O     + NO           8.484E+01
  90) HNO2    + OH      = H2O     + NO2          1.954E+06
  96) C2H6    + OH      = C2H5    + H2O          7.614E+08
 101) C2H5    + OH      = CH3     + HCO     H2   2.810E+02
 110) SO      + OH      = SO2     + H            9.556E+08
 111) SO2     + OH      = HSO3    +              2.405E+08
 120) H2S     + OH      = H2O     + HS           4.468E-01
 131) S       + OH      = SO      + H            8.916E+00
 165) HSO     + OH      = H2O     + SO           8.328E+01
 177) OCS     + OH      = CO2     + HS           1.217E+03
 193) OH      + NO3     = HO2     + NO2          5.986E+04
 209) OH      + HO2NO2  = H2O     + NO2     O2   5.354E+05
 220) CS2     + OH      = OCS     + HS           1.114E+01
 221) CS2     + OH      = CS2OH   +              4.457E+03
 242) C2H6S   + OH      = C2H5S   + H2O          8.165E+08
 243) C2H6S   + OH      = C2H7SO  +              2.776E+08
 257) C2H6SO  + OH      = CH4SO2  + CH3          1.582E+08
 258) CH4SO2  + OH      = CH3SO2  + H2O          1.582E+08

HO2                 PRODUCTION RXS              INT RX RATE    TP =  5.75E+11
   6) H       + O2      = HO2     +              5.582E+11
  12) OH      + O3      = HO2     + O2           1.121E+10
  13) OH      + H2O2    = HO2     + H2O          5.411E+07
  40) HCO     + O2      = HO2     + CO           3.295E+09
  41) CH2OH   + O2      = H2CO    + HO2          4.871E+05
  42) CH3O    + O2      = H2CO    + HO2          1.861E+09
  47) H2O2    + O       = OH      + HO2          2.841E+04
 116) HSO3    + O2      = HO2     + SO3          2.405E+08
 193) OH      + NO3     = HO2     + NO2          5.986E+04
 210) HO2NO2  + M       = HO2     + NO2          8.976E+07
 256) C2H7SO  + O2      = C2H6SO  + HO2          2.776E+08
 304) HO2NO2  + HV      = HO2     + NO2          1.727E+06

HO2                    LOSS RXS                INT RX RATE    TL =  5.75E+11
   7) H       + HO2     = H2      + O2           2.644E+08
   8) H       + HO2     = H2O     + O            6.132E+07
   9) H       + HO2     = OH      + OH           2.759E+09
  11) OH      + HO2     = H2O     + O2           1.481E+10
  14) HO2     + O       = OH      + O2           5.536E+11
  15) HO2     + O3      = OH      + O2      O2   1.733E+09
  16) HO2     + HO2     = H2O2    + O2           5.679E+07
  68) CH3O2   + HO2     = CH3OOH  + O2           1.360E+09
  79) NO      + HO2     = NO2     + OH           3.053E+08
 108) SO      + HO2     = SO2     + OH           5.209E+07
 125) HS      + HO2     = H2S     + O2           1.536E+00
 133) S       + HO2     = HS      + O2           6.787E-02
 134) S       + HO2     = SO      + OH           6.787E-02
 154) SO2     + HO2     = SO3     + OH           1.066E+02
 156) HS      + HO2     = HSO     + OH           1.536E+00
 190) HO2     + NO3     = OH      + NO2     O2   1.463E+04
 199) N       + HO2     = NO      + OH           1.587E+05
 207) HO2     + NO2     = HO2NO2  +              1.196E+08
 212) HO2     + NO2     = HNO2    + O2           4.130E+04
 272) HO2     + HV      = OH      + O            1.188E+07

H2O2                PRODUCTION RXS              INT RX RATE    TP =  6.09E+07
  16) HO2     + HO2     = H2O2    + O2           5.679E+07
  45) OH      + OH      = H2O2    +              4.147E+06

H2O2                   LOSS RXS                INT RX RATE    TL =  6.08E+07
  13) OH      + H2O2    = HO2     + H2O          5.411E+07
  47) H2O2    + O       = OH      + HO2          2.841E+04
 267) H2O2    + HV      = OH      + OH           5.704E+06

H2                  PRODUCTION RXS              INT RX RATE    TP =  2.57E+09
   7) H       + HO2     = H2      + O2           2.644E+08
  29) H       + HCO     = H2      + CO           5.579E+02
  38) H2CO    + H       = H2      + HCO          5.711E+03
  39) H       + H       = H2      +              1.029E+05
  52) CH4     + O1D     = H2CO    + H2           2.436E+05
  87) H       + HNO     = H2      + NO           1.144E+00
 101) C2H5    + OH      = CH3     + HCO     H2   2.810E+02
 121) H2S     + H       = H2      + HS           1.931E-04
 128) HS      + H       = H2      + S            1.266E-01
 167) HSO     + H       = H2      + SO           4.678E+01
 228) H       + HCS     = H2      + CS           3.935E-08
 262) H2O     + HV      = H2      + O1D          1.681E+09
 270) H2CO    + HV      = H2      + CO           2.888E+08
 273) CH4     + HV      = CH21    + H2           2.384E+08
 277) C2H6    + HV      = CH23    + CH23    H2   9.595E+07

H2                     LOSS RXS                INT RX RATE    TL =  2.69E+08
   2) H2      + O1D     = OH      + H            5.596E+07
   3) H2      + O       = OH      + H            9.634E+07
   4) H2      + OH      = H2O     + H            1.159E+08
  92) CH21    + H2      = CH3     + H            1.631E+04

CO                  PRODUCTION RXS              INT RX RATE    TP =  1.26E+11
  29) H       + HCO     = H2      + CO           5.579E+02
  30) HCO     + HCO     = H2CO    + CO           6.752E-05
  31) OH      + HCO     = H2O     + CO           2.293E+03
  33) O       + HCO     = OH      + CO           4.730E+04
  36) CO2     + H       = CO      + OH           3.326E-04
  40) HCO     + O2      = HO2     + CO           3.295E+09
  63) CH3     + HCO     = CH4     + CO           7.428E-03
  85) HCO     + NO      = HNO     + CO           6.894E+01
  93) CH21    + CO2     = H2CO    + CO           9.892E+03
  95) CH23    + CO2     = H2CO    + CO           9.243E+04
 102) C2H5    + HCO     = C2H6    + CO           5.200E-05
 127) HS      + HCO     = H2S     + CO           2.500E-07
 132) S       + HCO     = HS      + CO           1.415E-08
 162) SO      + HCO     = HSO     + CO           2.019E+00
 172) H       + OCS     = CO      + HS           9.738E+00
 174) O       + OCS     = CO      + SO           1.039E+05
 176) OCS     + S       = CO      + S2           2.654E-03
 180) CO      + O1D     = CO      + O            5.829E+08
 214) CS      + O2      = CO      + SO           3.723E+04
 217) CS      + O3      = CO      + SO2          6.519E+06
 237) CS2     + O       = CO      + S2           2.850E+04
 239) OCS     + H       = CO      + HS           9.706E+00
 241) CS      + O       = CO      + S            1.565E-01
 268) CO2     + HV      = CO      + O            1.151E+08
 269) CO2     + HV      = CO      + O1D          1.215E+11
 270) H2CO    + HV      = H2      + CO           2.888E+08
 300) OCS     + HV      = CO      + S            1.845E+06

CO                     LOSS RXS                INT RX RATE    TL =  1.25E+11
  28) H       + CO      = HCO     +              3.719E+05
  34) CO      + OH      = CO2     + H            1.240E+11
  35) CO      + O       = CO2     +              1.232E+06
 173) HS      + CO      = OCS     + H            2.160E-12
 179) S       + CO      = OCS     +              7.803E-06
 180) CO      + O1D     = CO      + O            5.829E+08
 188) OCS2    + CO      = OCS     + OCS          6.912E-03
 230) HS      + CO      = OCS     + H            2.186E-12

HCO                 PRODUCTION RXS              INT RX RATE    TP =  3.30E+09
  28) H       + CO      = HCO     +              3.719E+05
  38) H2CO    + H       = H2      + HCO          5.711E+03
  43) H2CO    + OH      = H2O     + HCO          1.693E+09
  46) H2CO    + O       = HCO     + OH           2.139E+08
  54) CH21    + O2      = HCO     + OH           2.228E+07
  58) CH23    + O2      = HCO     + OH           4.757E+08
  65) CH3     + H2CO    = CH4     + HCO          4.029E-06
  94) CH23    + O       = HCO     + H            2.628E+04
 100) C2H5    + O       = CH3     + HCO     H    1.851E+04
 101) C2H5    + OH      = CH3     + HCO     H2   2.810E+02
 104) C2H5    + O2      = CH3     + HCO     OH   7.758E+08
 271) H2CO    + HV      = HCO     + H            1.138E+08

HCO                    LOSS RXS                INT RX RATE    TL =  3.30E+09
  29) H       + HCO     = H2      + CO           5.579E+02
  30) HCO     + HCO     = H2CO    + CO           6.752E-05
  31) OH      + HCO     = H2O     + CO           2.293E+03
  32) O       + HCO     = H       + CO2          4.730E+04
  33) O       + HCO     = OH      + CO           4.730E+04
  40) HCO     + O2      = HO2     + CO           3.295E+09
  63) CH3     + HCO     = CH4     + CO           7.428E-03
  85) HCO     + NO      = HNO     + CO           6.894E+01
 102) C2H5    + HCO     = C2H6    + CO           5.200E-05
 127) HS      + HCO     = H2S     + CO           2.500E-07
 132) S       + HCO     = HS      + CO           1.415E-08
 162) SO      + HCO     = HSO     + CO           2.019E+00

H2CO                PRODUCTION RXS              INT RX RATE    TP =  3.22E+09
  30) HCO     + HCO     = H2CO    + CO           6.752E-05
  41) CH2OH   + O2      = H2CO    + HO2          4.871E+05
  42) CH3O    + O2      = H2CO    + HO2          1.861E+09
  52) CH4     + O1D     = H2CO    + H2           2.436E+05
  59) CH3     + O2      = H2CO    + OH           2.345E+00
  60) CH3     + O       = H2CO    + H            6.887E+06
  70) CH3OOH  + OH      = H2O     + H2CO    OH   2.891E+08
  93) CH21    + CO2     = H2CO    + CO           9.892E+03
  95) CH23    + CO2     = H2CO    + CO           9.243E+04
 247) C2H5SO  + HV      = H2CO    + CH3S         1.065E+09

H2CO                   LOSS RXS                INT RX RATE    TL =  3.02E+09
  38) H2CO    + H       = H2      + HCO          5.711E+03
  43) H2CO    + OH      = H2O     + HCO          1.693E+09
  46) H2CO    + O       = HCO     + OH           2.139E+08
  65) CH3     + H2CO    = CH4     + HCO          4.029E-06
 270) H2CO    + HV      = H2      + CO           2.888E+08
 271) H2CO    + HV      = HCO     + H            1.138E+08

CH3O                PRODUCTION RXS              INT RX RATE    TP =  1.86E+09
  50) CH4     + O1D     = CH3O    + H            4.871E+05
  67) CH3O2   + NO      = CH3O    + NO2          1.734E+09
 308) CH3OOH  + HV      = CH3O    + OH           1.270E+08

CH3O                   LOSS RXS                INT RX RATE    TL =  1.86E+09
  42) CH3O    + O2      = H2CO    + HO2          1.861E+09

CH2OH               PRODUCTION RXS              INT RX RATE    TP =  4.87E+05
  51) CH4     + O1D     = CH2OH   + H            4.871E+05

CH2OH                  LOSS RXS                INT RX RATE    TL =  4.87E+05
  41) CH2OH   + O2      = H2CO    + HO2          4.871E+05

CH3O2               PRODUCTION RXS              INT RX RATE    TP =  3.09E+09
  66) CH3     + O2      = CH3O2   +              2.420E+09
  69) CH3OOH  + OH      = CH3O2   + H2O          6.745E+08

CH3O2                  LOSS RXS                INT RX RATE    TL =  3.09E+09
  67) CH3O2   + NO      = CH3O    + NO2          1.734E+09
  68) CH3O2   + HO2     = CH3OOH  + O2           1.360E+09

CH3OOH              PRODUCTION RXS              INT RX RATE    TP =  1.36E+09
  68) CH3O2   + HO2     = CH3OOH  + O2           1.360E+09

CH3OOH                 LOSS RXS                INT RX RATE    TL =  1.36E+09
  69) CH3OOH  + OH      = CH3O2   + H2O          6.745E+08
  70) CH3OOH  + OH      = H2O     + H2CO    OH   2.891E+08
 308) CH3OOH  + HV      = CH3O    + OH           1.270E+08

CH4                 PRODUCTION RXS              INT RX RATE    TP =  2.40E+07
  62) CH3     + H       = CH4     +              3.913E+02
  63) CH3     + HCO     = CH4     + CO           7.428E-03
  64) CH3     + HNO     = CH4     + NO           1.244E-07
  65) CH3     + H2CO    = CH4     + HCO          4.029E-06
 233) CH3     + HCS     = CH4     + CS           4.624E-12
 278) C2H6    + HV      = CH4     + CH21         2.399E+07

CH4                    LOSS RXS                INT RX RATE    TL =  5.55E+08
  48) CH4     + OH      = CH3     + H2O          6.022E+06
  49) CH4     + O1D     = CH3     + OH           3.619E+06
  50) CH4     + O1D     = CH3O    + H            4.871E+05
  51) CH4     + O1D     = CH2OH   + H            4.871E+05
  52) CH4     + O1D     = H2CO    + H2           2.436E+05
  53) CH21    + CH4     = CH3     + CH3          2.293E-11
  91) CH4     + O       = CH3     + OH           1.016E+04
 273) CH4     + HV      = CH21    + H2           2.384E+08
 274) CH4     + HV      = CH3     + H            2.598E+08
 275) CH4     + HV      = CH23    + H       H    4.391E+07

CH3                 PRODUCTION RXS              INT RX RATE    TP =  2.43E+09
  48) CH4     + OH      = CH3     + H2O          6.022E+06
  49) CH4     + O1D     = CH3     + OH           3.619E+06
  53) CH21    + CH4     = CH3     + CH3          2.293E-11
  91) CH4     + O       = CH3     + OH           1.016E+04
  92) CH21    + H2      = CH3     + H            1.631E+04
  99) C2H5    + H       = CH3     + CH3          3.244E+01
 100) C2H5    + O       = CH3     + HCO     H    1.851E+04
 101) C2H5    + OH      = CH3     + HCO     H2   2.810E+02
 104) C2H5    + O2      = CH3     + HCO     OH   7.758E+08
 254) CH3SO2  + HV      = CH3     + SO2          1.178E+09
 255) CH3SO3  + HV      = CH3     + SO3          4.548E+07
 257) C2H6SO  + OH      = CH4SO2  + CH3          1.582E+08
 274) CH4     + HV      = CH3     + H            2.598E+08

CH3                    LOSS RXS                INT RX RATE    TL =  2.43E+09
  59) CH3     + O2      = H2CO    + OH           2.345E+00
  60) CH3     + O       = H2CO    + H            6.887E+06
  61) CH3     + CH3     = C2H6    +              5.206E-01
  62) CH3     + H       = CH4     +              3.913E+02
  63) CH3     + HCO     = CH4     + CO           7.428E-03
  64) CH3     + HNO     = CH4     + NO           1.244E-07
  65) CH3     + H2CO    = CH4     + HCO          4.029E-06
  66) CH3     + O2      = CH3O2   +              2.420E+09
 233) CH3     + HCS     = CH4     + CS           4.624E-12
 276) CH3     + HV      = CH21    + H            7.447E+01

C2H6                PRODUCTION RXS              INT RX RATE    TP =  5.21E-01
  61) CH3     + CH3     = C2H6    +              5.206E-01
 102) C2H5    + HCO     = C2H6    + CO           5.200E-05
 103) C2H5    + HNO     = C2H6    + NO           2.085E-10

C2H6                   LOSS RXS                INT RX RATE    TL =  9.00E+08
  96) C2H6    + OH      = C2H5    + H2O          7.614E+08
  97) C2H6    + O       = C2H5    + OH           1.630E+06
  98) C2H6    + O1D     = C2H5    + OH           1.277E+07
 277) C2H6    + HV      = CH23    + CH23    H2   9.595E+07
 278) C2H6    + HV      = CH4     + CH21         2.399E+07

NO                  PRODUCTION RXS              INT RX RATE    TP =  9.16E+09
  64) CH3     + HNO     = CH4     + NO           1.244E-07
  73) N       + O2      = NO      + O            5.027E+04
  75) N       + OH      = NO      + H            2.676E+06
  81) NO2     + O       = NO      + O2           5.469E+09
  83) NO2     + H       = NO      + OH           3.721E+06
  86) HNO     + HV      = NO      + H            2.667E+02
  87) H       + HNO     = H2      + NO           1.144E+00
  88) O       + HNO     = OH      + NO           3.467E+03
  89) OH      + HNO     = H2O     + NO           8.484E+01
 103) C2H5    + HNO     = C2H6    + NO           2.085E-10
 152) SO      + NO2     = SO2     + NO           1.180E+08
 157) HS      + NO2     = HSO     + NO           2.398E+03
 198) O1D     + N2O     = NO      + NO           7.692E+05
 199) N       + HO2     = NO      + OH           1.587E+05
 204) NO2     + NO3     = NO      + NO2     O2   2.553E+00
 249) CH3S    + NO2     = CH3SO   + NO           1.472E+06
 251) CH3SO   + NO2     = CH3SO2  + NO           5.843E+06
 253) CH3SO2  + NO2     = CH3SO3  + NO           2.077E+04
 279) HNO2    + HV      = NO      + OH           5.049E+06
 284) NO2     + HV      = NO      + O1D          6.728E+05
 285) NO2     + HV      = NO      + O            3.295E+09
 301) NO3     + HV      = NO      + O2           8.667E+05
 307) N2O5    + HV      = NO3     + NO      O    3.195E+02

NO                     LOSS RXS                INT RX RATE    TL =  9.16E+09
  67) CH3O2   + NO      = CH3O    + NO2          1.734E+09
  71) H       + NO      = HNO     +              3.581E+03
  76) N       + NO      = N2      + O            3.211E+05
  77) NO      + O3      = NO2     + O2           6.043E+09
  78) NO      + O       = NO2     +              7.185E+06
  79) NO      + HO2     = NO2     + OH           3.053E+08
  80) NO      + OH      = HNO2    +              2.244E+06
  85) HCO     + NO      = HNO     + CO           6.894E+01
 164) HSO     + NO      = HNO     + SO           1.693E+02
 191) NO      + NO3     = NO2     + NO2          6.448E+05
 246) C2H5SO2 + NO      = C2H5SO  + NO2          1.065E+09
 283) NO      + HV      = N       + O            3.257E+06

NO2                 PRODUCTION RXS              INT RX RATE    TP =  9.27E+09
  67) CH3O2   + NO      = CH3O    + NO2          1.734E+09
  77) NO      + O3      = NO2     + O2           6.043E+09
  78) NO      + O       = NO2     +              7.185E+06
  79) NO      + HO2     = NO2     + OH           3.053E+08
  90) HNO2    + OH      = H2O     + NO2          1.954E+06
 189) O       + NO3     = O2      + NO2          1.250E+06
 190) HO2     + NO3     = OH      + NO2     O2   1.463E+04
 191) NO      + NO3     = NO2     + NO2          6.448E+05
 193) OH      + NO3     = HO2     + NO2          5.986E+04
 200) O       + N2O5    = NO2     + NO2     O2   4.313E+01
 202) N2O5    + M       = NO3     + NO2          8.177E+03
 204) NO2     + NO3     = NO      + NO2     O2   2.553E+00
 206) NO3     + NO3     = NO2     + NO2     O2   1.013E-05
 208) O       + HO2NO2  = OH      + NO2     O2   1.255E+01
 209) OH      + HO2NO2  = H2O     + NO2     O2   5.354E+05
 210) HO2NO2  + M       = HO2     + NO2          8.976E+07
 246) C2H5SO2 + NO      = C2H5SO  + NO2          1.065E+09
 280) HNO3    + HV      = NO2     + OH           1.419E+07
 302) NO3     + HV      = NO2     + O            6.918E+06
 304) HO2NO2  + HV      = HO2     + NO2          1.727E+06
 306) N2O5    + HV      = NO3     + NO2          7.491E+03

NO2                    LOSS RXS                INT RX RATE    TL =  9.27E+09
  81) NO2     + O       = NO      + O2           5.469E+09
  82) NO2     + OH      = HNO3    +              1.724E+06
  83) NO2     + H       = NO      + OH           3.721E+06
 152) SO      + NO2     = SO2     + NO           1.180E+08
 157) HS      + NO2     = HSO     + NO           2.398E+03
 192) O       + NO2     = NO3     +              2.062E+07
 195) N       + NO2     = N2O     + O            5.037E+04
 201) NO2     + NO3     = N2O5    +              1.724E+04
 204) NO2     + NO3     = NO      + NO2     O2   2.553E+00
 205) NO2     + O3      = NO3     + O2           2.363E+08
 207) HO2     + NO2     = HO2NO2  +              1.196E+08
 212) HO2     + NO2     = HNO2    + O2           4.130E+04
 249) CH3S    + NO2     = CH3SO   + NO           1.472E+06
 251) CH3SO   + NO2     = CH3SO2  + NO           5.843E+06
 253) CH3SO2  + NO2     = CH3SO3  + NO           2.077E+04
 284) NO2     + HV      = NO      + O1D          6.728E+05
 285) NO2     + HV      = NO      + O            3.295E+09

HNO                 PRODUCTION RXS              INT RX RATE    TP =  3.82E+03
  71) H       + NO      = HNO     +              3.581E+03
  85) HCO     + NO      = HNO     + CO           6.894E+01
 164) HSO     + NO      = HNO     + SO           1.693E+02

HNO                    LOSS RXS                INT RX RATE    TL =  3.82E+03
  64) CH3     + HNO     = CH4     + NO           1.244E-07
  86) HNO     + HV      = NO      + H            2.667E+02
  87) H       + HNO     = H2      + NO           1.144E+00
  88) O       + HNO     = OH      + NO           3.467E+03
  89) OH      + HNO     = H2O     + NO           8.484E+01
 103) C2H5    + HNO     = C2H6    + NO           2.085E-10

H2S                 PRODUCTION RXS              INT RX RATE    TP =  1.54E+00
 125) HS      + HO2     = H2S     + O2           1.536E+00
 126) HS      + HS      = H2S     + S            8.291E-07
 127) HS      + HCO     = H2S     + CO           2.500E-07
 168) HSO     + HS      = H2S     + SO           1.606E-06
 235) HS      + HCS     = H2S     + CS           2.841E-12

H2S                    LOSS RXS                INT RX RATE    TL =  8.36E-01
 120) H2S     + OH      = H2O     + HS           4.468E-01
 121) H2S     + H       = H2      + HS           1.931E-04
 122) H2S     + O       = OH      + HS           3.461E-03
 287) H2S     + HV      = HS      + H            3.849E-01

HS                  PRODUCTION RXS              INT RX RATE    TP =  4.60E+05
 120) H2S     + OH      = H2O     + HS           4.468E-01
 121) H2S     + H       = H2      + HS           1.931E-04
 122) H2S     + O       = OH      + HS           3.461E-03
 132) S       + HCO     = HS      + CO           1.415E-08
 133) S       + HO2     = HS      + O2           6.787E-02
 166) HSO     + H       = HS      + OH           9.355E+01
 170) HSO     + O3      = HS      + O2      O2   4.583E+05
 171) HSO     + S       = HS      + SO           4.122E-08
 172) H       + OCS     = CO      + HS           9.738E+00
 177) OCS     + OH      = CO2     + HS           1.217E+03
 220) CS2     + OH      = OCS     + HS           1.114E+01
 231) CH21    + S2      = HCS     + HS           2.219E-17
 232) CH23    + S2      = HCS     + HS           8.860E-16
 236) S       + HCS     = HS      + CS           3.764E-16
 239) OCS     + H       = CO      + HS           9.706E+00
 287) H2S     + HV      = HS      + H            3.849E-01
 299) HSO     + HV      = HS      + O            1.867E+00

HS                     LOSS RXS                INT RX RATE    TL =  4.60E+05
 123) HS      + O       = H       + SO           5.621E+02
 125) HS      + HO2     = H2S     + O2           1.536E+00
 126) HS      + HS      = H2S     + S            8.291E-07
 127) HS      + HCO     = H2S     + CO           2.500E-07
 128) HS      + H       = H2      + S            1.266E-01
 129) HS      + S       = H       + S2           2.321E-10
 155) HS      + O3      = HSO     + O2           4.567E+05
 156) HS      + HO2     = HSO     + OH           1.536E+00
 157) HS      + NO2     = HSO     + NO           2.398E+03
 168) HSO     + HS      = H2S     + SO           1.606E-06
 173) HS      + CO      = OCS     + H            2.160E-12
 226) CS      + HS      = CS2     + H            5.378E-08
 230) HS      + CO      = OCS     + H            2.186E-12
 235) HS      + HCS     = H2S     + CS           2.841E-12

S                   PRODUCTION RXS              INT RX RATE    TP =  3.13E+07
 126) HS      + HS      = H2S     + S            8.291E-07
 128) HS      + H       = H2      + S            1.266E-01
 136) S2      + O       = S       + SO           1.266E+04
 159) SO      + SO      = SO2     + S            4.585E+03
 175) O       + OCS     = S       + CO2          3.444E-02
 219) CS2     + O       = OCS     + S            7.476E+04
 241) CS      + O       = CO      + S            1.565E-01
 286) SO      + HV      = S       + O            1.026E+07
 292) S2      + HV      = S       + S            1.583E+04
 294) S3      + HV      = S2      + S            2.681E-06
 300) OCS     + HV      = CO      + S            1.845E+06
 309) CS2     + HV      = CS      + S            1.908E+07

S                      LOSS RXS                INT RX RATE    TL =  3.13E+07
 129) HS      + S       = H       + S2           2.321E-10
 130) S       + O2      = SO      + O            3.130E+07
 131) S       + OH      = SO      + H            8.916E+00
 132) S       + HCO     = HS      + CO           1.415E-08
 133) S       + HO2     = HS      + O2           6.787E-02
 134) S       + HO2     = SO      + OH           6.787E-02
 135) S       + S       = S2      +              2.582E-13
 139) S       + S2      = S3      +              2.681E-06
 141) S       + S3      = S4      +              1.094E-20
 158) S       + O3      = SO      + O2           8.553E+03
 171) HSO     + S       = HS      + SO           4.122E-08
 176) OCS     + S       = CO      + S2           2.654E-03
 179) S       + CO      = OCS     +              7.803E-06
 184) OCS     + S       = OCS2    +              6.912E-03
 185) OCS2    + S       = OCS     + S2           1.500E-16
 229) S       + HCS     = H       + CS2          7.527E-16
 234) CH23    + S       = HCS     + H            3.935E-08
 236) S       + HCS     = HS      + CS           3.764E-16
 240) CS2     + S       = CS      + S2           1.200E-06

SO                  PRODUCTION RXS              INT RX RATE    TP =  1.37E+10
 106) SO2     + O1D     = SO      + O2           3.684E+05
 123) HS      + O       = H       + SO           5.621E+02
 130) S       + O2      = SO      + O            3.130E+07
 131) S       + OH      = SO      + H            8.916E+00
 134) S       + HO2     = SO      + OH           6.787E-02
 136) S2      + O       = S       + SO           1.266E+04
 148) SO21    + SO2     = SO3     + SO           6.126E+01
 151) SO23    + SO2     = SO3     + SO           7.624E+00
 158) S       + O3      = SO      + O2           8.553E+03
 164) HSO     + NO      = HNO     + SO           1.693E+02
 165) HSO     + OH      = H2O     + SO           8.328E+01
 167) HSO     + H       = H2      + SO           4.678E+01
 168) HSO     + HS      = H2S     + SO           1.606E-06
 169) HSO     + O       = OH      + SO           1.433E+04
 171) HSO     + S       = HS      + SO           4.122E-08
 174) O       + OCS     = CO      + SO           1.039E+05
 214) CS      + O2      = CO      + SO           3.723E+04
 216) CS      + O3      = SO      + CO2          6.519E+06
 218) CS2     + O       = SO      + CS           7.974E+05
 288) SO2     + HV      = SO      + O            1.369E+10

SO                     LOSS RXS                INT RX RATE    TL =  1.37E+10
 107) SO      + O2      = O       + SO2          2.954E+09
 108) SO      + HO2     = SO2     + OH           5.209E+07
 109) SO      + O       = SO2     +              6.434E+07
 110) SO      + OH      = SO2     + H            9.556E+08
 152) SO      + NO2     = SO2     + NO           1.180E+08
 153) SO      + O3      = SO2     + O2           9.574E+09
 159) SO      + SO      = SO2     + S            4.585E+03
 160) SO3     + SO      = SO2     + SO2          1.245E+03
 162) SO      + HCO     = HSO     + CO           2.019E+00
 163) H       + SO      = HSO     +              1.395E+04
 238) CS2     + SO      = OCS     + S2           4.456E-02
 286) SO      + HV      = S       + O            1.026E+07

SO2                 PRODUCTION RXS              INT RX RATE    TP =  1.92E+10
 105) SO2     + O1D     = SO2     + O            1.148E+05
 107) SO      + O2      = O       + SO2          2.954E+09
 108) SO      + HO2     = SO2     + OH           5.209E+07
 109) SO      + O       = SO2     +              6.434E+07
 110) SO      + OH      = SO2     + H            9.556E+08
 115) SO3     + O       = SO2     + O2           1.495E+05
 144) SO21    + M       = SO2     + M            3.812E+09
 146) SO21    + HV      = SO2     + HV           8.692E+07
 149) SO23    + M       = SO2     + M            4.180E+08
 150) SO23    + HV      = SO2     + HV           2.554E+07
 152) SO      + NO2     = SO2     + NO           1.180E+08
 153) SO      + O3      = SO2     + O2           9.574E+09
 159) SO      + SO      = SO2     + S            4.585E+03
 160) SO3     + SO      = SO2     + SO2          1.245E+03
 217) CS      + O3      = CO      + SO2          6.519E+06
 224) CS2X    + O2      = CS      + SO2          1.413E+04
 254) CH3SO2  + HV      = CH3     + SO2          1.178E+09
 298) SO3     + HV      = SO2     + O            4.848E+05

SO2                    LOSS RXS                INT RX RATE    TL =  1.94E+10
 105) SO2     + O1D     = SO2     + O            1.148E+05
 106) SO2     + O1D     = SO      + O2           3.684E+05
 111) SO2     + OH      = HSO3    +              2.405E+08
 112) SO2     + O       = SO3     +              2.209E+07
 148) SO21    + SO2     = SO3     + SO           6.126E+01
 151) SO23    + SO2     = SO3     + SO           7.624E+00
 154) SO2     + HO2     = SO3     + OH           1.066E+02
 288) SO2     + HV      = SO      + O            1.369E+10
 289) SO2     + HV      = SO21    +              4.286E+09
 290) SO2     + HV      = SO23    +              5.638E+07

H2SO4               PRODUCTION RXS              INT RX RATE    TP =  3.22E+08
 113) SO3     + H2O     = H2SO4   +              3.216E+08

H2SO4                  LOSS RXS                INT RX RATE    TL =  3.21E+08
 114) H2SO4   + H2O     = SO3     + H2O     H2O  3.723E+04
 291) H2SO4   + HV      = SO3     + H2O          1.414E+07

HSO                 PRODUCTION RXS              INT RX RATE    TP =  4.73E+05
 155) HS      + O3      = HSO     + O2           4.567E+05
 156) HS      + HO2     = HSO     + OH           1.536E+00
 157) HS      + NO2     = HSO     + NO           2.398E+03
 162) SO      + HCO     = HSO     + CO           2.019E+00
 163) H       + SO      = HSO     +              1.395E+04

HSO                    LOSS RXS                INT RX RATE    TL =  4.73E+05
 164) HSO     + NO      = HNO     + SO           1.693E+02
 165) HSO     + OH      = H2O     + SO           8.328E+01
 166) HSO     + H       = HS      + OH           9.355E+01
 167) HSO     + H       = H2      + SO           4.678E+01
 168) HSO     + HS      = H2S     + SO           1.606E-06
 169) HSO     + O       = OH      + SO           1.433E+04
 170) HSO     + O3      = HS      + O2      O2   4.583E+05
 171) HSO     + S       = HS      + SO           4.122E-08
 299) HSO     + HV      = HS      + O            1.867E+00

S2                  PRODUCTION RXS              INT RX RATE    TP =  1.92E+06
 129) HS      + S       = H       + S2           2.321E-10
 135) S       + S       = S2      +              2.582E-13
 176) OCS     + S       = CO      + S2           2.654E-03
 185) OCS2    + S       = OCS     + S2           1.500E-16
 225) CS2X    + CS2     = CS      + CS      S2   1.273E-05
 237) CS2     + O       = CO      + S2           2.850E+04
 238) CS2     + SO      = OCS     + S2           4.456E-02
 240) CS2     + S       = CS      + S2           1.200E-06
 293) S4      + HV      = S2      + S2           9.480E+05
 294) S3      + HV      = S2      + S            2.681E-06

S2                     LOSS RXS                INT RX RATE    TL =  1.92E+06
 136) S2      + O       = S       + SO           1.266E+04
 139) S       + S2      = S3      +              2.681E-06
 140) S2      + S2      = S4      +              9.480E+05
 231) CH21    + S2      = HCS     + HS           2.219E-17
 232) CH23    + S2      = HCS     + HS           8.860E-16
 292) S2      + HV      = S       + S            1.583E+04

S4                  PRODUCTION RXS              INT RX RATE    TP =  9.48E+05
 140) S2      + S2      = S4      +              9.480E+05
 141) S       + S3      = S4      +              1.094E-20
 297) S8      + HV      = S4      + S4           6.446E-08

S4                     LOSS RXS                INT RX RATE    TL =  9.48E+05
 142) S4      + S4      = S8      +              1.907E+00
 293) S4      + HV      = S2      + S2           9.480E+05

S8                  PRODUCTION RXS              INT RX RATE    TP =  4.23E+03
 142) S4      + S4      = S8      +              1.907E+00

S8                     LOSS RXS                INT RX RATE    TL =  4.23E+03
 297) S8      + HV      = S4      + S4           6.446E-08

SO3                 PRODUCTION RXS              INT RX RATE    TP =  3.22E+08
 112) SO2     + O       = SO3     +              2.209E+07
 114) H2SO4   + H2O     = SO3     + H2O     H2O  3.723E+04
 116) HSO3    + O2      = HO2     + SO3          2.405E+08
 147) SO21    + O2      = SO3     + O            8.104E+02
 148) SO21    + SO2     = SO3     + SO           6.126E+01
 151) SO23    + SO2     = SO3     + SO           7.624E+00
 154) SO2     + HO2     = SO3     + OH           1.066E+02
 255) CH3SO3  + HV      = CH3     + SO3          4.548E+07
 291) H2SO4   + HV      = SO3     + H2O          1.414E+07

SO3                    LOSS RXS                INT RX RATE    TL =  3.22E+08
 113) SO3     + H2O     = H2SO4   +              3.216E+08
 115) SO3     + O       = SO2     + O2           1.495E+05
 160) SO3     + SO      = SO2     + SO2          1.245E+03
 298) SO3     + HV      = SO2     + O            4.848E+05

OCS                 PRODUCTION RXS              INT RX RATE    TP =  6.89E+06
 173) HS      + CO      = OCS     + H            2.160E-12
 179) S       + CO      = OCS     +              7.803E-06
 185) OCS2    + S       = OCS     + S2           1.500E-16
 188) OCS2    + CO      = OCS     + OCS          6.912E-03
 213) CS      + O2      = OCS     + O            2.979E+05
 215) CS      + O3      = OCS     + O2           6.519E+06
 219) CS2     + O       = OCS     + S            7.476E+04
 220) CS2     + OH      = OCS     + HS           1.114E+01
 230) HS      + CO      = OCS     + H            2.186E-12
 238) CS2     + SO      = OCS     + S2           4.456E-02

OCS                    LOSS RXS                INT RX RATE    TL =  1.97E+06
 172) H       + OCS     = CO      + HS           9.738E+00
 174) O       + OCS     = CO      + SO           1.039E+05
 175) O       + OCS     = S       + CO2          3.444E-02
 176) OCS     + S       = CO      + S2           2.654E-03
 177) OCS     + OH      = CO2     + HS           1.217E+03
 184) OCS     + S       = OCS2    +              6.912E-03
 239) OCS     + H       = CO      + HS           9.706E+00
 300) OCS     + HV      = CO      + S            1.845E+06

S3                  PRODUCTION RXS              INT RX RATE    TP =  2.68E-06
 139) S       + S2      = S3      +              2.681E-06

S3                     LOSS RXS                INT RX RATE    TL =  2.68E-06
 141) S       + S3      = S4      +              1.094E-20
 294) S3      + HV      = S2      + S            2.681E-06

O3                  PRODUCTION RXS              INT RX RATE    TP =  6.31E+13
  18) O       + O2      = O3      +              6.314E+13

O3                     LOSS RXS                INT RX RATE    TL =  6.31E+13
   5) H       + O3      = OH      + O2           3.063E+12
  12) OH      + O3      = HO2     + O2           1.121E+10
  15) HO2     + O3      = OH      + O2      O2   1.733E+09
  19) O       + O3      = O2      + O2           8.240E+10
  20) O1D     + O3      = O2      + O2           6.946E+07
  21) O1D     + O3      = O       + O       O2   6.946E+07
  26) O3      + HV      = O2      + O            1.218E-12
  27) O3      + O3      = O2      + O2      O2   1.489E+01
  77) NO      + O3      = NO2     + O2           6.043E+09
 153) SO      + O3      = SO2     + O2           9.574E+09
 155) HS      + O3      = HSO     + O2           4.567E+05
 158) S       + O3      = SO      + O2           8.553E+03
 170) HSO     + O3      = HS      + O2      O2   4.583E+05
 205) NO2     + O3      = NO3     + O2           2.363E+08
 215) CS      + O3      = OCS     + O2           6.519E+06
 216) CS      + O3      = SO      + CO2          6.519E+06
 217) CS      + O3      = CO      + SO2          6.519E+06
 248) CH3S    + O3      = CH3SO   + O2           1.064E+09
 250) CH3SO   + O3      = CH3SO2  + O2           1.059E+09
 252) CH3SO2  + O3      = CH3SO3  + O2           4.546E+07
 264) O3      + HV      = O2      + O1D          2.271E+12
 265) O3      + HV      = O2      + O            5.729E+13
 266) O3      + HV      = O       + O       O    3.429E+11

HNO3                PRODUCTION RXS              INT RX RATE    TP =  2.50E+08
  82) NO2     + OH      = HNO3    +              1.724E+06
 203) N2O5    + H2O     = HNO3    + HNO3         1.210E+03
 244) C2H6S   + NO3     = C2H5S   + HNO3         2.485E+08

HNO3                   LOSS RXS                INT RX RATE    TL =  2.11E+08
  84) HNO3    + OH      = H2O     + NO3          8.105E+05
 211) O       + HNO3    = OH      + NO3          1.057E+04
 280) HNO3    + HV      = NO2     + OH           1.419E+07
 281) HNO3    + HV      = HNO2    + O            2.746E+06
 282) HNO3    + HV      = HNO2    + O1D          1.972E+06

N                   PRODUCTION RXS              INT RX RATE    TP =  3.26E+06
 283) NO      + HV      = N       + O            3.257E+06

N                      LOSS RXS                INT RX RATE    TL =  3.26E+06
  72) N       + N       = N2      +              1.421E-03
  73) N       + O2      = NO      + O            5.027E+04
  75) N       + OH      = NO      + H            2.676E+06
  76) N       + NO      = N2      + O            3.211E+05
 195) N       + NO2     = N2O     + O            5.037E+04
 199) N       + HO2     = NO      + OH           1.587E+05

NO3                 PRODUCTION RXS              INT RX RATE    TP =  2.58E+08
  84) HNO3    + OH      = H2O     + NO3          8.105E+05
 192) O       + NO2     = NO3     +              2.062E+07
 202) N2O5    + M       = NO3     + NO2          8.177E+03
 205) NO2     + O3      = NO3     + O2           2.363E+08
 211) O       + HNO3    = OH      + NO3          1.057E+04
 305) HO2NO2  + HV      = OH      + NO3          5.133E+05
 306) N2O5    + HV      = NO3     + NO2          7.491E+03
 307) N2O5    + HV      = NO3     + NO      O    3.195E+02

NO3                    LOSS RXS                INT RX RATE    TL =  2.58E+08
 189) O       + NO3     = O2      + NO2          1.250E+06
 190) HO2     + NO3     = OH      + NO2     O2   1.463E+04
 191) NO      + NO3     = NO2     + NO2          6.448E+05
 193) OH      + NO3     = HO2     + NO2          5.986E+04
 201) NO2     + NO3     = N2O5    +              1.724E+04
 204) NO2     + NO3     = NO      + NO2     O2   2.553E+00
 206) NO3     + NO3     = NO2     + NO2     O2   1.013E-05
 244) C2H6S   + NO3     = C2H5S   + HNO3         2.485E+08
 301) NO3     + HV      = NO      + O2           8.667E+05
 302) NO3     + HV      = NO2     + O            6.918E+06

N2O                 PRODUCTION RXS              INT RX RATE    TP =  5.04E+04
 195) N       + NO2     = N2O     + O            5.037E+04

N2O                    LOSS RXS                INT RX RATE    TL =  5.14E+08
 194) H       + N2O     = N2      + OH           6.561E-08
 197) O1D     + N2O     = N2      + O2           4.916E+05
 198) O1D     + N2O     = NO      + NO           7.692E+05
 303) N2O     + HV      = N2      + O1D          4.918E+08

HO2NO2              PRODUCTION RXS              INT RX RATE    TP =  1.20E+08
 207) HO2     + NO2     = HO2NO2  +              1.196E+08

HO2NO2                 LOSS RXS                INT RX RATE    TL =  1.12E+08
 208) O       + HO2NO2  = OH      + NO2     O2   1.255E+01
 209) OH      + HO2NO2  = H2O     + NO2     O2   5.354E+05
 210) HO2NO2  + M       = HO2     + NO2          8.976E+07
 304) HO2NO2  + HV      = HO2     + NO2          1.727E+06
 305) HO2NO2  + HV      = OH      + NO3          5.133E+05

N2O5                PRODUCTION RXS              INT RX RATE    TP =  1.72E+04
 201) NO2     + NO3     = N2O5    +              1.724E+04

N2O5                   LOSS RXS                INT RX RATE    TL =  1.72E+04
 200) O       + N2O5    = NO2     + NO2     O2   4.313E+01
 202) N2O5    + M       = NO3     + NO2          8.177E+03
 203) N2O5    + H2O     = HNO3    + HNO3         1.210E+03
 306) N2O5    + HV      = NO3     + NO2          7.491E+03
 307) N2O5    + HV      = NO3     + NO      O    3.195E+02

NH                  PRODUCTION RXS              INT RX RATE    TP =  0.00E+00

NH                     LOSS RXS                INT RX RATE    TL =  0.00E+00

NH2                 PRODUCTION RXS              INT RX RATE    TP =  0.00E+00

NH2                    LOSS RXS                INT RX RATE    TL =  0.00E+00

NH3                 PRODUCTION RXS              INT RX RATE    TP =  0.00E+00

NH3                    LOSS RXS                INT RX RATE    TL =  1.50E+10

CO2                 PRODUCTION RXS              INT RX RATE    TP =  1.28E+11
  32) O       + HCO     = H       + CO2          4.730E+04
  34) CO      + OH      = CO2     + H            1.240E+11
  35) CO      + O       = CO2     +              1.232E+06
 175) O       + OCS     = S       + CO2          3.444E-02
 177) OCS     + OH      = CO2     + HS           1.217E+03
 182) CO2     + O1D     = CO2     + O            4.263E+09
 216) CS      + O3      = SO      + CO2          6.519E+06

CO2                    LOSS RXS                INT RX RATE    TL =  1.26E+11
  36) CO2     + H       = CO      + OH           3.326E-04
  93) CH21    + CO2     = H2CO    + CO           9.892E+03
  95) CH23    + CO2     = H2CO    + CO           9.243E+04
 182) CO2     + O1D     = CO2     + O            4.263E+09
 268) CO2     + HV      = CO      + O            1.151E+08
 269) CO2     + HV      = CO      + O1D          1.215E+11

CS                  PRODUCTION RXS              INT RX RATE    TP =  1.99E+07
 218) CS2     + O       = SO      + CS           7.974E+05
 224) CS2X    + O2      = CS      + SO2          1.413E+04
 225) CS2X    + CS2     = CS      + CS      S2   1.273E-05
 228) H       + HCS     = H2      + CS           3.935E-08
 233) CH3     + HCS     = CH4     + CS           4.624E-12
 235) HS      + HCS     = H2S     + CS           2.841E-12
 236) S       + HCS     = HS      + CS           3.764E-16
 240) CS2     + S       = CS      + S2           1.200E-06
 309) CS2     + HV      = CS      + S            1.908E+07

CS                     LOSS RXS                INT RX RATE    TL =  1.99E+07
 213) CS      + O2      = OCS     + O            2.979E+05
 214) CS      + O2      = CO      + SO           3.723E+04
 215) CS      + O3      = OCS     + O2           6.519E+06
 216) CS      + O3      = SO      + CO2          6.519E+06
 217) CS      + O3      = CO      + SO2          6.519E+06
 226) CS      + HS      = CS2     + H            5.378E-08
 227) H       + CS      = HCS     +              2.688E-13
 241) CS      + O       = CO      + S            1.565E-01

CS2                 PRODUCTION RXS              INT RX RATE    TP =  1.66E+07
 222) CS2OH   + HV      = CS2     + OH           4.457E+03
 223) CS2X    + M       = CS2     + M            1.660E+07
 226) CS      + HS      = CS2     + H            5.378E-08
 229) S       + HCS     = H       + CS2          7.527E-16

CS2                    LOSS RXS                INT RX RATE    TL =  3.66E+07
 218) CS2     + O       = SO      + CS           7.974E+05
 219) CS2     + O       = OCS     + S            7.476E+04
 220) CS2     + OH      = OCS     + HS           1.114E+01
 221) CS2     + OH      = CS2OH   +              4.457E+03
 225) CS2X    + CS2     = CS      + CS      S2   1.273E-05
 237) CS2     + O       = CO      + S2           2.850E+04
 238) CS2     + SO      = OCS     + S2           4.456E-02
 240) CS2     + S       = CS      + S2           1.200E-06
 309) CS2     + HV      = CS      + S            1.908E+07
 310) CS2     + HV      = CS2X    +              1.662E+07

HCS                 PRODUCTION RXS              INT RX RATE    TP =  3.94E-08
 227) H       + CS      = HCS     +              2.688E-13
 231) CH21    + S2      = HCS     + HS           2.219E-17
 232) CH23    + S2      = HCS     + HS           8.860E-16
 234) CH23    + S       = HCS     + H            3.935E-08

HCS                    LOSS RXS                INT RX RATE    TL =  3.94E-08
 228) H       + HCS     = H2      + CS           3.935E-08
 229) S       + HCS     = H       + CS2          7.527E-16
 233) CH3     + HCS     = CH4     + CS           4.624E-12
 235) HS      + HCS     = H2S     + CS           2.841E-12
 236) S       + HCS     = HS      + CS           3.764E-16

C2H6S               PRODUCTION RXS              INT RX RATE    TP =  0.00E+00

C2H6S                  LOSS RXS                INT RX RATE    TL =  1.62E+09
 242) C2H6S   + OH      = C2H5S   + H2O          8.165E+08
 243) C2H6S   + OH      = C2H7SO  +              2.776E+08
 244) C2H6S   + NO3     = C2H5S   + HNO3         2.485E+08

C2H5S               PRODUCTION RXS              INT RX RATE    TP =  1.06E+09
 242) C2H6S   + OH      = C2H5S   + H2O          8.165E+08
 244) C2H6S   + NO3     = C2H5S   + HNO3         2.485E+08

C2H5S                  LOSS RXS                INT RX RATE    TL =  1.06E+09
 245) C2H5S   + O2      = C2H5SO2 +              1.065E+09

C2H5SO              PRODUCTION RXS              INT RX RATE    TP =  1.06E+09
 246) C2H5SO2 + NO      = C2H5SO  + NO2          1.065E+09

C2H5SO                 LOSS RXS                INT RX RATE    TL =  1.06E+09
 247) C2H5SO  + HV      = H2CO    + CH3S         1.065E+09

C2H5SO2             PRODUCTION RXS              INT RX RATE    TP =  1.06E+09
 245) C2H5S   + O2      = C2H5SO2 +              1.065E+09

C2H5SO2                LOSS RXS                INT RX RATE    TL =  1.06E+09
 246) C2H5SO2 + NO      = C2H5SO  + NO2          1.065E+09

CH3S                PRODUCTION RXS              INT RX RATE    TP =  1.06E+09
 247) C2H5SO  + HV      = H2CO    + CH3S         1.065E+09

CH3S                   LOSS RXS                INT RX RATE    TL =  1.06E+09
 248) CH3S    + O3      = CH3SO   + O2           1.064E+09
 249) CH3S    + NO2     = CH3SO   + NO           1.472E+06

CH3SO               PRODUCTION RXS              INT RX RATE    TP =  1.06E+09
 248) CH3S    + O3      = CH3SO   + O2           1.064E+09
 249) CH3S    + NO2     = CH3SO   + NO           1.472E+06

CH3SO                  LOSS RXS                INT RX RATE    TL =  1.06E+09
 250) CH3SO   + O3      = CH3SO2  + O2           1.059E+09
 251) CH3SO   + NO2     = CH3SO2  + NO           5.843E+06

CH3SO2              PRODUCTION RXS              INT RX RATE    TP =  1.22E+09
 250) CH3SO   + O3      = CH3SO2  + O2           1.059E+09
 251) CH3SO   + NO2     = CH3SO2  + NO           5.843E+06
 258) CH4SO2  + OH      = CH3SO2  + H2O          1.582E+08

CH3SO2                 LOSS RXS                INT RX RATE    TL =  1.22E+09
 252) CH3SO2  + O3      = CH3SO3  + O2           4.546E+07
 253) CH3SO2  + NO2     = CH3SO3  + NO           2.077E+04
 254) CH3SO2  + HV      = CH3     + SO2          1.178E+09

CH3SO3              PRODUCTION RXS              INT RX RATE    TP =  4.55E+07
 252) CH3SO2  + O3      = CH3SO3  + O2           4.546E+07
 253) CH3SO2  + NO2     = CH3SO3  + NO           2.077E+04

CH3SO3                 LOSS RXS                INT RX RATE    TL =  4.55E+07
 255) CH3SO3  + HV      = CH3     + SO3          4.548E+07

CH4SO2              PRODUCTION RXS              INT RX RATE    TP =  1.58E+08
 257) C2H6SO  + OH      = CH4SO2  + CH3          1.582E+08

CH4SO2                 LOSS RXS                INT RX RATE    TL =  1.58E+08
 258) CH4SO2  + OH      = CH3SO2  + H2O          1.582E+08

C2H6SO              PRODUCTION RXS              INT RX RATE    TP =  2.78E+08
 256) C2H7SO  + O2      = C2H6SO  + HO2          2.776E+08

C2H6SO                 LOSS RXS                INT RX RATE    TL =  2.78E+08
 257) C2H6SO  + OH      = CH4SO2  + CH3          1.582E+08

C2H7SO              PRODUCTION RXS              INT RX RATE    TP =  2.78E+08
 243) C2H6S   + OH      = C2H7SO  +              2.776E+08

C2H7SO                 LOSS RXS                INT RX RATE    TL =  2.78E+08
 256) C2H7SO  + O2      = C2H6SO  + HO2          2.776E+08

SO4AER              PRODUCTION RXS              INT RX RATE    TP =  3.07E+08

SO4AER                 LOSS RXS                INT RX RATE    TL =  3.03E+08

S8AER               PRODUCTION RXS              INT RX RATE    TP =  1.91E+00

S8AER                  LOSS RXS                INT RX RATE    TL =  1.89E+00

HNO2                PRODUCTION RXS              INT RX RATE    TP =  0.00E+00
  80) NO      + OH      = HNO2    +              2.244E+06
 212) HO2     + NO2     = HNO2    + O2           4.130E+04
 281) HNO3    + HV      = HNO2    + O            2.746E+06
 282) HNO3    + HV      = HNO2    + O1D          1.972E+06

HNO2                   LOSS RXS                INT RX RATE    TL =  0.00E+00
  90) HNO2    + OH      = H2O     + NO2          1.954E+06
 279) HNO2    + HV      = NO      + OH           5.049E+06

O1D                 PRODUCTION RXS              INT RX RATE    TP =  0.00E+00
 259) O2      + HV      = O       + O1D          1.916E+12
 262) H2O     + HV      = H2      + O1D          1.681E+09
 264) O3      + HV      = O2      + O1D          2.271E+12
 269) CO2     + HV      = CO      + O1D          1.215E+11
 282) HNO3    + HV      = HNO2    + O1D          1.972E+06
 284) NO2     + HV      = NO      + O1D          6.728E+05
 303) N2O     + HV      = N2      + O1D          4.918E+08

O1D                    LOSS RXS                INT RX RATE    TL =  0.00E+00
   1) H2O     + O1D     = OH      + OH           2.452E+07
   2) H2      + O1D     = OH      + H            5.596E+07
  20) O1D     + O3      = O2      + O2           6.946E+07
  21) O1D     + O3      = O       + O       O2   6.946E+07
  23) O1D     + N2      = O       + N2           4.186E+12
  24) O1D     + O2      = O       + O2           1.195E+11
  49) CH4     + O1D     = CH3     + OH           3.619E+06
  50) CH4     + O1D     = CH3O    + H            4.871E+05
  51) CH4     + O1D     = CH2OH   + H            4.871E+05
  52) CH4     + O1D     = H2CO    + H2           2.436E+05
  98) C2H6    + O1D     = C2H5    + OH           1.277E+07
 105) SO2     + O1D     = SO2     + O            1.148E+05
 106) SO2     + O1D     = SO      + O2           3.684E+05
 180) CO      + O1D     = CO      + O            5.829E+08
 182) CO2     + O1D     = CO2     + O            4.263E+09
 197) O1D     + N2O     = N2      + O2           4.916E+05
 198) O1D     + N2O     = NO      + NO           7.692E+05

CH21                PRODUCTION RXS              INT RX RATE    TP =  0.00E+00
 273) CH4     + HV      = CH21    + H2           2.384E+08
 276) CH3     + HV      = CH21    + H            7.447E+01
 278) C2H6    + HV      = CH4     + CH21         2.399E+07

CH21                   LOSS RXS                INT RX RATE    TL =  0.00E+00
  53) CH21    + CH4     = CH3     + CH3          2.293E-11
  54) CH21    + O2      = HCO     + OH           2.228E+07
  55) CH21    + N2      = CH23    + N2           2.401E+08
  92) CH21    + H2      = CH3     + H            1.631E+04
  93) CH21    + CO2     = H2CO    + CO           9.892E+03
 231) CH21    + S2      = HCS     + HS           2.219E-17

CH23                PRODUCTION RXS              INT RX RATE    TP =  0.00E+00
  55) CH21    + N2      = CH23    + N2           2.401E+08
 275) CH4     + HV      = CH23    + H       H    4.391E+07
 277) C2H6    + HV      = CH23    + CH23    H2   9.595E+07

CH23                   LOSS RXS                INT RX RATE    TL =  0.00E+00
  58) CH23    + O2      = HCO     + OH           4.757E+08
  94) CH23    + O       = HCO     + H            2.628E+04
  95) CH23    + CO2     = H2CO    + CO           9.243E+04
 232) CH23    + S2      = HCS     + HS           8.860E-16
 234) CH23    + S       = HCS     + H            3.935E-08

C2H5                PRODUCTION RXS              INT RX RATE    TP =  0.00E+00
  96) C2H6    + OH      = C2H5    + H2O          7.614E+08
  97) C2H6    + O       = C2H5    + OH           1.630E+06
  98) C2H6    + O1D     = C2H5    + OH           1.277E+07

C2H5                   LOSS RXS                INT RX RATE    TL =  0.00E+00
  99) C2H5    + H       = CH3     + CH3          3.244E+01
 100) C2H5    + O       = CH3     + HCO     H    1.851E+04
 101) C2H5    + OH      = CH3     + HCO     H2   2.810E+02
 102) C2H5    + HCO     = C2H6    + CO           5.200E-05
 103) C2H5    + HNO     = C2H6    + NO           2.085E-10
 104) C2H5    + O2      = CH3     + HCO     OH   7.758E+08

SO21                PRODUCTION RXS              INT RX RATE    TP =  0.00E+00
 289) SO2     + HV      = SO21    +              4.286E+09

SO21                   LOSS RXS                INT RX RATE    TL =  0.00E+00
 143) SO21    + M       = SO23    + M            3.812E+08
 144) SO21    + M       = SO2     + M            3.812E+09
 145) SO21    + HV      = SO23    + HV           5.926E+06
 146) SO21    + HV      = SO2     + HV           8.692E+07
 147) SO21    + O2      = SO3     + O            8.104E+02
 148) SO21    + SO2     = SO3     + SO           6.126E+01

SO23                PRODUCTION RXS              INT RX RATE    TP =  0.00E+00
 143) SO21    + M       = SO23    + M            3.812E+08
 145) SO21    + HV      = SO23    + HV           5.926E+06
 290) SO2     + HV      = SO23    +              5.638E+07

SO23                   LOSS RXS                INT RX RATE    TL =  0.00E+00
 149) SO23    + M       = SO2     + M            4.180E+08
 150) SO23    + HV      = SO2     + HV           2.554E+07
 151) SO23    + SO2     = SO3     + SO           7.624E+00

HSO3                PRODUCTION RXS              INT RX RATE    TP =  0.00E+00
 111) SO2     + OH      = HSO3    +              2.405E+08

HSO3                   LOSS RXS                INT RX RATE    TL =  0.00E+00
 116) HSO3    + O2      = HO2     + SO3          2.405E+08

OCS2                PRODUCTION RXS              INT RX RATE    TP =  0.00E+00
 184) OCS     + S       = OCS2    +              6.912E-03

OCS2                   LOSS RXS                INT RX RATE    TL =  0.00E+00
 185) OCS2    + S       = OCS     + S2           1.500E-16
 188) OCS2    + CO      = OCS     + OCS          6.912E-03

CS2X                PRODUCTION RXS              INT RX RATE    TP =  0.00E+00
 310) CS2     + HV      = CS2X    +              1.662E+07

CS2X                   LOSS RXS                INT RX RATE    TL =  0.00E+00
 223) CS2X    + M       = CS2     + M            1.660E+07
 224) CS2X    + O2      = CS      + SO2          1.413E+04
 225) CS2X    + CS2     = CS      + CS      S2   1.273E-05

CS2OH               PRODUCTION RXS              INT RX RATE    TP =  0.00E+00
 221) CS2     + OH      = CS2OH   +              4.457E+03

CS2OH                  LOSS RXS                INT RX RATE    TL =  0.00E+00
 222) CS2OH   + HV      = CS2     + OH           4.457E+03

N2                  PRODUCTION RXS              INT RX RATE    TP =  0.00E+00
  23) O1D     + N2      = O       + N2           4.186E+12
  55) CH21    + N2      = CH23    + N2           2.401E+08
  72) N       + N       = N2      +              1.421E-03
  76) N       + NO      = N2      + O            3.211E+05
 194) H       + N2O     = N2      + OH           6.561E-08
 197) O1D     + N2O     = N2      + O2           4.916E+05
 303) N2O     + HV      = N2      + O1D          4.918E+08

N2                     LOSS RXS                INT RX RATE    TL =  0.00E+00
  23) O1D     + N2      = O       + N2           4.186E+12
  55) CH21    + N2      = CH23    + N2           2.401E+08
