
O                   PRODUCTION RXS              INT RX RATE    TP =  2.01E+15
   8) H       + HO2     = H2O     + O            1.459E+08
  21) O1D     + O3      = O       + O       O2   7.745E+09
  22) OH      + OH      = H2O     + O            4.018E+08
  23) O1D     + N2      = O       + N2           6.393E+14
  24) O1D     + O2      = O       + O2           2.080E+13
  25) O2      + HV      = O       + O            3.840E-72
  26) O3      + HV      = O2      + O            4.227E-10
  73) N       + O2      = NO      + O            3.212E+07
  76) N       + NO      = N2      + O            2.649E+07
 105) SO2     + O1D     = SO2     + O            3.234E+03
 107) SO      + O2      = O       + SO2          1.165E+08
 130) S       + O2      = SO      + O            3.178E+07
 147) SO21    + O2      = SO3     + O            8.247E+03
 180) CO      + O1D     = CO      + O            3.916E+07
 182) CO2     + O1D     = CO2     + O            8.303E+11
 195) N       + NO2     = N2O     + O            6.219E+06
 213) CS      + O2      = OCS     + O            4.739E+05
 259) O2      + HV      = O       + O1D          2.975E+11
 260) O2      + HV      = O       + O            2.551E+12
 263) H2O     + HV      = H       + H       O    6.633E+08
 265) O3      + HV      = O2      + O            1.338E+15
 266) O3      + HV      = O       + O       O    4.163E+11
 268) CO2     + HV      = CO      + O            3.575E+09
 272) HO2     + HV      = OH      + O            2.697E+09
 281) HNO3    + HV      = HNO2    + O            3.812E+08
 283) NO      + HV      = N       + O            7.127E+07
 285) NO2     + HV      = NO      + O            5.205E+12
 286) SO      + HV      = S       + O            1.604E+04
 288) SO2     + HV      = SO      + O            9.610E+07
 298) SO3     + HV      = SO2     + O            1.723E+03
 299) HSO     + HV      = HS      + O            5.936E+02
 302) NO3     + HV      = NO2     + O            1.318E+10
 307) N2O5    + HV      = NO3     + NO      O    6.804E+07

O                      LOSS RXS                INT RX RATE    TL =  2.01E+15
   3) H2      + O       = OH      + H            2.360E+07
  10) OH      + O       = H       + O2           1.747E+12
  14) HO2     + O       = OH      + O2           1.357E+12
  17) O       + O       = O2      +              6.928E+10
  18) O       + O2      = O3      +              2.007E+15
  19) O       + O3      = O2      + O2           3.639E+11
  32) O       + HCO     = H       + CO2          3.011E+04
  33) O       + HCO     = OH      + CO           3.011E+04
  35) CO      + O       = CO2     +              3.036E+05
  46) H2CO    + O       = HCO     + OH           1.772E+07
  47) H2O2    + O       = OH      + HO2          7.809E+05
  60) CH3     + O       = H2CO    + H            1.199E+06
  78) NO      + O       = NO2     +              5.101E+09
  81) NO2     + O       = NO      + O2           7.428E+11
  88) O       + HNO     = OH      + NO           3.213E+04
  91) CH4     + O       = CH3     + OH           8.679E+05
  94) CH23    + O       = HCO     + H            2.259E+04
  97) C2H6    + O       = C2H5    + OH           4.410E+03
 100) C2H5    + O       = CH3     + HCO     H    4.992E-02
 109) SO      + O       = SO2     +              1.265E+04
 112) SO2     + O       = SO3     +              2.701E+05
 115) SO3     + O       = SO2     + O2           2.075E+00
 122) H2S     + O       = OH      + HS           2.954E+01
 123) HS      + O       = H       + SO           7.052E+03
 136) S2      + O       = S       + SO           9.159E+02
 169) HSO     + O       = OH      + SO           2.576E+04
 174) O       + OCS     = CO      + SO           1.601E+06
 175) O       + OCS     = S       + CO2          8.702E+00
 189) O       + NO3     = O2      + NO2          1.449E+08
 192) O       + NO2     = NO3     +              1.299E+10
 200) O       + N2O5    = NO2     + NO2     O2   2.907E+04
 208) O       + HO2NO2  = OH      + NO2     O2   2.728E+04
 211) O       + HNO3    = OH      + NO3          9.309E+05
 218) CS2     + O       = SO      + CS           3.980E+06
 219) CS2     + O       = OCS     + S            3.731E+05
 237) CS2     + O       = CO      + S2           9.183E+04
 241) CS      + O       = CO      + S            1.973E+00

O2                  PRODUCTION RXS              INT RX RATE    TP =  2.03E+15
   5) H       + O3      = OH      + O2           5.308E+11
   7) H       + HO2     = H2      + O2           6.291E+08
  10) OH      + O       = H       + O2           1.747E+12
  11) OH      + HO2     = H2O     + O2           7.101E+10
  12) OH      + O3      = HO2     + O2           3.820E+11
  14) HO2     + O       = OH      + O2           1.357E+12
  15) HO2     + O3      = OH      + O2      O2   1.205E+11
  16) HO2     + HO2     = H2O2    + O2           3.694E+10
  17) O       + O       = O2      +              6.928E+10
  19) O       + O3      = O2      + O2           3.639E+11
  20) O1D     + O3      = O2      + O2           7.745E+09
  21) O1D     + O3      = O       + O       O2   7.745E+09
  24) O1D     + O2      = O       + O2           2.080E+13
  26) O3      + HV      = O2      + O            4.227E-10
  27) O3      + O3      = O2      + O2      O2   1.143E+03
  68) CH3O2   + HO2     = CH3OOH  + O2           4.245E+10
  77) NO      + O3      = NO2     + O2           5.821E+12
  81) NO2     + O       = NO      + O2           7.428E+11
 106) SO2     + O1D     = SO      + O2           1.037E+04
 115) SO3     + O       = SO2     + O2           2.075E+00
 125) HS      + HO2     = H2S     + O2           3.074E+06
 133) S       + HO2     = HS      + O2           1.156E-02
 153) SO      + O3      = SO2     + O2           4.057E+07
 155) HS      + O3      = HSO     + O2           2.651E+09
 158) S       + O3      = SO      + O2           6.420E+03
 170) HSO     + O3      = HS      + O2      O2   2.632E+09
 189) O       + NO3     = O2      + NO2          1.449E+08
 190) HO2     + NO3     = OH      + NO2     O2   7.814E+06
 197) O1D     + N2O     = N2      + O2           6.478E+07
 200) O       + N2O5    = NO2     + NO2     O2   2.907E+04
 204) NO2     + NO3     = NO      + NO2     O2   1.316E+04
 205) NO2     + O3      = NO3     + O2           3.219E+09
 206) NO3     + NO3     = NO2     + NO2     O2   1.561E-01
 208) O       + HO2NO2  = OH      + NO2     O2   2.728E+04
 209) OH      + HO2NO2  = H2O     + NO2     O2   2.563E+09
 212) HO2     + NO2     = HNO2    + O2           5.780E+06
 215) CS      + O3      = OCS     + O2           6.149E+06
 248) CH3S    + O3      = CH3SO   + O2           2.461E+09
 250) CH3SO   + O3      = CH3SO2  + O2           2.456E+09
 252) CH3SO2  + O3      = CH3SO3  + O2           3.117E+07
 264) O3      + HV      = O2      + O1D          6.608E+14
 265) O3      + HV      = O2      + O            1.338E+15
 301) NO3     + HV      = NO      + O2           1.769E+09

O2                     LOSS RXS                INT RX RATE    TL =  2.03E+15
   6) H       + O2      = HO2     +              1.358E+12
  18) O       + O2      = O3      +              2.007E+15
  24) O1D     + O2      = O       + O2           2.080E+13
  25) O2      + HV      = O       + O            3.840E-72
  40) HCO     + O2      = HO2     + CO           1.640E+10
  41) CH2OH   + O2      = H2CO    + HO2          1.787E+07
  42) CH3O    + O2      = H2CO    + HO2          9.027E+09
  54) CH21    + O2      = HCO     + OH           4.758E+05
  58) CH23    + O2      = HCO     + OH           6.144E+06
  59) CH3     + O2      = H2CO    + OH           1.450E+03
  66) CH3     + O2      = CH3O2   +              2.093E+10
  73) N       + O2      = NO      + O            3.212E+07
 104) C2H5    + O2      = CH3     + HCO     OH   9.000E+08
 107) SO      + O2      = O       + SO2          1.165E+08
 116) HSO3    + O2      = HO2     + SO3          2.385E+09
 130) S       + O2      = SO      + O            3.178E+07
 147) SO21    + O2      = SO3     + O            8.247E+03
 213) CS      + O2      = OCS     + O            4.739E+05
 214) CS      + O2      = CO      + SO           5.924E+04
 224) CS2X    + O2      = CS      + SO2          3.892E+06
 245) C2H5S   + O2      = C2H5SO2 +              2.463E+09
 256) C2H7SO  + O2      = C2H6SO  + HO2          8.372E+08
 259) O2      + HV      = O       + O1D          2.975E+11
 260) O2      + HV      = O       + O            2.551E+12

H2O                 PRODUCTION RXS              INT RX RATE    TP =  2.88E+10
   4) H2      + OH      = H2O     + H            1.021E+11
   8) H       + HO2     = H2O     + O            1.459E+08
  11) OH      + HO2     = H2O     + O2           7.101E+10
  13) OH      + H2O2    = HO2     + H2O          2.348E+10
  22) OH      + OH      = H2O     + O            4.018E+08
  31) OH      + HCO     = H2O     + CO           2.403E+01
  43) H2CO    + OH      = H2O     + HCO          1.069E+10
  44) H       + OH      = H2O     +              8.460E+05
  48) CH4     + OH      = CH3     + H2O          1.576E+10
  69) CH3OOH  + OH      = CH3O2   + H2O          2.746E+10
  70) CH3OOH  + OH      = H2O     + H2CO    OH   1.177E+10
  84) HNO3    + OH      = H2O     + NO3          1.564E+09
  89) OH      + HNO     = H2O     + NO           1.318E+06
  90) HNO2    + OH      = H2O     + NO2          4.597E+07
  96) C2H6    + OH      = C2H5    + H2O          8.999E+08
 114) H2SO4   + H2O     = SO3     + H2O     H2O  1.434E+10
 120) H2S     + OH      = H2O     + HS           3.064E+06
 165) HSO     + OH      = H2O     + SO           1.162E+07
 209) OH      + HO2NO2  = H2O     + NO2     O2   2.563E+09
 242) C2H6S   + OH      = C2H5S   + H2O          2.462E+09
 258) CH4SO2  + OH      = CH3SO2  + H2O          8.363E+08
 291) H2SO4   + HV      = SO3     + H2O          3.537E+06

H2O                    LOSS RXS                INT RX RATE    TL =  2.67E+10
   1) H2O     + O1D     = OH      + OH           1.282E+11
 113) SO3     + H2O     = H2SO4   +              1.676E+10
 114) H2SO4   + H2O     = SO3     + H2O     H2O  1.434E+10
 203) N2O5    + H2O     = HNO3    + HNO3         9.446E+03
 261) H2O     + HV      = H       + OH           8.432E+09
 262) H2O     + HV      = H2      + O1D          4.423E+08
 263) H2O     + HV      = H       + H       O    6.633E+08

H                   PRODUCTION RXS              INT RX RATE    TP =  1.90E+12
   2) H2      + O1D     = OH      + H            1.178E+09
   3) H2      + O       = OH      + H            2.360E+07
   4) H2      + OH      = H2O     + H            1.021E+11
  10) OH      + O       = H       + O2           1.747E+12
  32) O       + HCO     = H       + CO2          3.011E+04
  34) CO      + OH      = CO2     + H            3.046E+10
  50) CH4     + O1D     = CH3O    + H            1.787E+07
  51) CH4     + O1D     = CH2OH   + H            1.787E+07
  60) CH3     + O       = H2CO    + H            1.199E+06
  75) N       + OH      = NO      + H            5.190E+06
  86) HNO     + HV      = NO      + H            1.246E+07
  92) CH21    + H2      = CH3     + H            1.908E+02
  94) CH23    + O       = HCO     + H            2.259E+04
 100) C2H5    + O       = CH3     + HCO     H    4.992E-02
 110) SO      + OH      = SO2     + H            2.127E+05
 123) HS      + O       = H       + SO           7.052E+03
 129) HS      + S       = H       + S2           1.193E-07
 131) S       + OH      = SO      + H            2.065E-02
 173) HS      + CO      = OCS     + H            7.295E-06
 226) CS      + HS      = CS2     + H            1.764E-03
 229) S       + HCS     = H       + CS2          5.994E-17
 230) HS      + CO      = OCS     + H            7.383E-06
 234) CH23    + S       = HCS     + H            7.139E-13
 261) H2O     + HV      = H       + OH           8.432E+09
 263) H2O     + HV      = H       + H       O    6.633E+08
 271) H2CO    + HV      = HCO     + H            4.781E+09
 274) CH4     + HV      = CH3     + H            6.083E+06
 275) CH4     + HV      = CH23    + H       H    1.038E+06
 276) CH3     + HV      = CH21    + H            4.793E+02
 287) H2S     + HV      = HS      + H            9.782E+02

H                      LOSS RXS                INT RX RATE    TL =  1.90E+12
   5) H       + O3      = OH      + O2           5.308E+11
   6) H       + O2      = HO2     +              1.358E+12
   7) H       + HO2     = H2      + O2           6.291E+08
   8) H       + HO2     = H2O     + O            1.459E+08
   9) H       + HO2     = OH      + OH           6.565E+09
  28) H       + CO      = HCO     +              3.039E+04
  29) H       + HCO     = H2      + CO           3.683E+02
  36) CO2     + H       = CO      + OH           1.208E-07
  38) H2CO    + H       = H2      + HCO          2.212E+03
  39) H       + H       = H2      +              3.887E+05
  44) H       + OH      = H2O     +              8.460E+05
  62) CH3     + H       = CH4     +              9.741E+01
  71) H       + NO      = HNO     +              1.239E+04
  83) NO2     + H       = NO      + OH           1.112E+07
  87) H       + HNO     = H2      + NO           5.935E-01
  99) C2H5    + H       = CH3     + CH3          1.040E-06
 121) H2S     + H       = H2      + HS           6.426E-02
 128) HS      + H       = H2      + S            2.323E-02
 163) H       + SO      = HSO     +              1.079E-02
 166) HSO     + H       = HS      + OH           1.071E+00
 167) HSO     + H       = H2      + SO           5.357E-01
 172) H       + OCS     = CO      + HS           1.816E+01
 194) H       + N2O     = N2      + OH           3.866E-04
 227) H       + CS      = HCS     +              2.254E-09
 228) H       + HCS     = H2      + CS           6.958E-12
 239) OCS     + H       = CO      + HS           1.810E+01

OH                  PRODUCTION RXS              INT RX RATE    TP =  2.45E+12
   1) H2O     + O1D     = OH      + OH           1.282E+11
   2) H2      + O1D     = OH      + H            1.178E+09
   3) H2      + O       = OH      + H            2.360E+07
   5) H       + O3      = OH      + O2           5.308E+11
   9) H       + HO2     = OH      + OH           6.565E+09
  14) HO2     + O       = OH      + O2           1.357E+12
  15) HO2     + O3      = OH      + O2      O2   1.205E+11
  33) O       + HCO     = OH      + CO           3.011E+04
  36) CO2     + H       = CO      + OH           1.208E-07
  46) H2CO    + O       = HCO     + OH           1.772E+07
  47) H2O2    + O       = OH      + HO2          7.809E+05
  49) CH4     + O1D     = CH3     + OH           1.328E+08
  54) CH21    + O2      = HCO     + OH           4.758E+05
  58) CH23    + O2      = HCO     + OH           6.144E+06
  59) CH3     + O2      = H2CO    + OH           1.450E+03
  70) CH3OOH  + OH      = H2O     + H2CO    OH   1.177E+10
  79) NO      + HO2     = NO2     + OH           1.135E+11
  83) NO2     + H       = NO      + OH           1.112E+07
  88) O       + HNO     = OH      + NO           3.213E+04
  91) CH4     + O       = CH3     + OH           8.679E+05
  97) C2H6    + O       = C2H5    + OH           4.410E+03
  98) C2H6    + O1D     = C2H5    + OH           7.219E+04
 104) C2H5    + O2      = CH3     + HCO     OH   9.000E+08
 108) SO      + HO2     = SO2     + OH           1.931E+05
 122) H2S     + O       = OH      + HS           2.954E+01
 134) S       + HO2     = SO      + OH           1.156E-02
 154) SO2     + HO2     = SO3     + OH           1.126E+05
 156) HS      + HO2     = HSO     + OH           3.074E+06
 166) HSO     + H       = HS      + OH           1.071E+00
 169) HSO     + O       = OH      + SO           2.576E+04
 190) HO2     + NO3     = OH      + NO2     O2   7.814E+06
 194) H       + N2O     = N2      + OH           3.866E-04
 199) N       + HO2     = NO      + OH           1.250E+06
 208) O       + HO2NO2  = OH      + NO2     O2   2.728E+04
 211) O       + HNO3    = OH      + NO3          9.309E+05
 222) CS2OH   + HV      = CS2     + OH           2.217E+08
 261) H2O     + HV      = H       + OH           8.432E+09
 267) H2O2    + HV      = OH      + OH           8.761E+09
 272) HO2     + HV      = OH      + O            2.697E+09
 279) HNO2    + HV      = NO      + OH           3.624E+09
 280) HNO3    + HV      = NO2     + OH           4.454E+09
 305) HO2NO2  + HV      = OH      + NO3          3.919E+08
 308) CH3OOH  + HV      = CH3O    + OH           3.063E+09

OH                     LOSS RXS                INT RX RATE    TL =  2.45E+12
   4) H2      + OH      = H2O     + H            1.021E+11
  10) OH      + O       = H       + O2           1.747E+12
  11) OH      + HO2     = H2O     + O2           7.101E+10
  12) OH      + O3      = HO2     + O2           3.820E+11
  13) OH      + H2O2    = HO2     + H2O          2.348E+10
  22) OH      + OH      = H2O     + O            4.018E+08
  31) OH      + HCO     = H2O     + CO           2.403E+01
  34) CO      + OH      = CO2     + H            3.046E+10
  43) H2CO    + OH      = H2O     + HCO          1.069E+10
  44) H       + OH      = H2O     +              8.460E+05
  45) OH      + OH      = H2O2    +              8.843E+07
  48) CH4     + OH      = CH3     + H2O          1.576E+10
  69) CH3OOH  + OH      = CH3O2   + H2O          2.746E+10
  70) CH3OOH  + OH      = H2O     + H2CO    OH   1.177E+10
  75) N       + OH      = NO      + H            5.190E+06
  80) NO      + OH      = HNO2    +              3.010E+09
  82) NO2     + OH      = HNO3    +              7.093E+09
  84) HNO3    + OH      = H2O     + NO3          1.564E+09
  89) OH      + HNO     = H2O     + NO           1.318E+06
  90) HNO2    + OH      = H2O     + NO2          4.597E+07
  96) C2H6    + OH      = C2H5    + H2O          8.999E+08
 101) C2H5    + OH      = CH3     + HCO     H2   4.541E-02
 110) SO      + OH      = SO2     + H            2.127E+05
 111) SO2     + OH      = HSO3    +              2.385E+09
 120) H2S     + OH      = H2O     + HS           3.064E+06
 131) S       + OH      = SO      + H            2.065E-02
 165) HSO     + OH      = H2O     + SO           1.162E+07
 177) OCS     + OH      = CO2     + HS           2.523E+07
 193) OH      + NO3     = HO2     + NO2          1.178E+07
 209) OH      + HO2NO2  = H2O     + NO2     O2   2.563E+09
 220) CS2     + OH      = OCS     + HS           5.542E+05
 221) CS2     + OH      = CS2OH   +              2.217E+08
 242) C2H6S   + OH      = C2H5S   + H2O          2.462E+09
 243) C2H6S   + OH      = C2H7SO  +              8.372E+08
 257) C2H6SO  + OH      = CH4SO2  + CH3          8.363E+08
 258) CH4SO2  + OH      = CH3SO2  + H2O          8.363E+08

HO2                 PRODUCTION RXS              INT RX RATE    TP =  1.80E+12
   6) H       + O2      = HO2     +              1.358E+12
  12) OH      + O3      = HO2     + O2           3.820E+11
  13) OH      + H2O2    = HO2     + H2O          2.348E+10
  40) HCO     + O2      = HO2     + CO           1.640E+10
  41) CH2OH   + O2      = H2CO    + HO2          1.787E+07
  42) CH3O    + O2      = H2CO    + HO2          9.027E+09
  47) H2O2    + O       = OH      + HO2          7.809E+05
 116) HSO3    + O2      = HO2     + SO3          2.385E+09
 193) OH      + NO3     = HO2     + NO2          1.178E+07
 210) HO2NO2  + M       = HO2     + NO2          2.917E+09
 256) C2H7SO  + O2      = C2H6SO  + HO2          8.372E+08
 304) HO2NO2  + HV      = HO2     + NO2          1.463E+09

HO2                    LOSS RXS                INT RX RATE    TL =  1.80E+12
   7) H       + HO2     = H2      + O2           6.291E+08
   8) H       + HO2     = H2O     + O            1.459E+08
   9) H       + HO2     = OH      + OH           6.565E+09
  11) OH      + HO2     = H2O     + O2           7.101E+10
  14) HO2     + O       = OH      + O2           1.357E+12
  15) HO2     + O3      = OH      + O2      O2   1.205E+11
  16) HO2     + HO2     = H2O2    + O2           3.694E+10
  68) CH3O2   + HO2     = CH3OOH  + O2           4.245E+10
  79) NO      + HO2     = NO2     + OH           1.135E+11
 108) SO      + HO2     = SO2     + OH           1.931E+05
 125) HS      + HO2     = H2S     + O2           3.074E+06
 133) S       + HO2     = HS      + O2           1.156E-02
 134) S       + HO2     = SO      + OH           1.156E-02
 154) SO2     + HO2     = SO3     + OH           1.126E+05
 156) HS      + HO2     = HSO     + OH           3.074E+06
 190) HO2     + NO3     = OH      + NO2     O2   7.814E+06
 199) N       + HO2     = NO      + OH           1.250E+06
 207) HO2     + NO2     = HO2NO2  +              7.343E+09
 212) HO2     + NO2     = HNO2    + O2           5.780E+06
 272) HO2     + HV      = OH      + O            2.697E+09

H2O2                PRODUCTION RXS              INT RX RATE    TP =  3.70E+10
  16) HO2     + HO2     = H2O2    + O2           3.694E+10
  45) OH      + OH      = H2O2    +              8.843E+07

H2O2                   LOSS RXS                INT RX RATE    TL =  3.59E+10
  13) OH      + H2O2    = HO2     + H2O          2.348E+10
  47) H2O2    + O       = OH      + HO2          7.809E+05
 267) H2O2    + HV      = OH      + OH           8.761E+09

H2                  PRODUCTION RXS              INT RX RATE    TP =  8.63E+09
   7) H       + HO2     = H2      + O2           6.291E+08
  29) H       + HCO     = H2      + CO           3.683E+02
  38) H2CO    + H       = H2      + HCO          2.212E+03
  39) H       + H       = H2      +              3.887E+05
  52) CH4     + O1D     = H2CO    + H2           8.936E+06
  87) H       + HNO     = H2      + NO           5.935E-01
 101) C2H5    + OH      = CH3     + HCO     H2   4.541E-02
 121) H2S     + H       = H2      + HS           6.426E-02
 128) HS      + H       = H2      + S            2.323E-02
 167) HSO     + H       = H2      + SO           5.357E-01
 228) H       + HCS     = H2      + CS           6.958E-12
 262) H2O     + HV      = H2      + O1D          4.423E+08
 270) H2CO    + HV      = H2      + CO           7.305E+09
 273) CH4     + HV      = CH21    + H2           5.606E+06
 277) C2H6    + HV      = CH23    + CH23    H2   4.039E-02

H2                     LOSS RXS                INT RX RATE    TL =  1.03E+11
   2) H2      + O1D     = OH      + H            1.178E+09
   3) H2      + O       = OH      + H            2.360E+07
   4) H2      + OH      = H2O     + H            1.021E+11
  92) CH21    + H2      = CH3     + H            1.908E+02

CO                  PRODUCTION RXS              INT RX RATE    TP =  3.27E+10
  29) H       + HCO     = H2      + CO           3.683E+02
  30) HCO     + HCO     = H2CO    + CO           2.694E-08
  31) OH      + HCO     = H2O     + CO           2.403E+01
  33) O       + HCO     = OH      + CO           3.011E+04
  36) CO2     + H       = CO      + OH           1.208E-07
  40) HCO     + O2      = HO2     + CO           1.640E+10
  63) CH3     + HCO     = CH4     + CO           6.669E-06
  85) HCO     + NO      = HNO     + CO           2.094E+01
  93) CH21    + CO2     = H2CO    + CO           2.091E+02
  95) CH23    + CO2     = H2CO    + CO           1.117E+03
 102) C2H5    + HCO     = C2H6    + CO           3.262E-10
 127) HS      + HCO     = H2S     + CO           5.147E-04
 132) S       + HCO     = HS      + CO           1.663E-12
 162) SO      + HCO     = HSO     + CO           4.505E-06
 172) H       + OCS     = CO      + HS           1.816E+01
 174) O       + OCS     = CO      + SO           1.601E+06
 176) OCS     + S       = CO      + S2           8.144E-03
 180) CO      + O1D     = CO      + O            3.916E+07
 214) CS      + O2      = CO      + SO           5.924E+04
 217) CS      + O3      = CO      + SO2          6.149E+06
 237) CS2     + O       = CO      + S2           9.183E+04
 239) OCS     + H       = CO      + HS           1.810E+01
 241) CS      + O       = CO      + S            1.973E+00
 268) CO2     + HV      = CO      + O            3.575E+09
 269) CO2     + HV      = CO      + O1D          5.321E+09
 270) H2CO    + HV      = H2      + CO           7.305E+09
 300) OCS     + HV      = CO      + S            2.011E+07

CO                     LOSS RXS                INT RX RATE    TL =  3.05E+10
  28) H       + CO      = HCO     +              3.039E+04
  34) CO      + OH      = CO2     + H            3.046E+10
  35) CO      + O       = CO2     +              3.036E+05
 173) HS      + CO      = OCS     + H            7.295E-06
 179) S       + CO      = OCS     +              1.981E-05
 180) CO      + O1D     = CO      + O            3.916E+07
 188) OCS2    + CO      = OCS     + OCS          9.570E-03
 230) HS      + CO      = OCS     + H            7.383E-06

HCO                 PRODUCTION RXS              INT RX RATE    TP =  1.64E+10
  28) H       + CO      = HCO     +              3.039E+04
  38) H2CO    + H       = H2      + HCO          2.212E+03
  43) H2CO    + OH      = H2O     + HCO          1.069E+10
  46) H2CO    + O       = HCO     + OH           1.772E+07
  54) CH21    + O2      = HCO     + OH           4.758E+05
  58) CH23    + O2      = HCO     + OH           6.144E+06
  65) CH3     + H2CO    = CH4     + HCO          2.265E-05
  94) CH23    + O       = HCO     + H            2.259E+04
 100) C2H5    + O       = CH3     + HCO     H    4.992E-02
 101) C2H5    + OH      = CH3     + HCO     H2   4.541E-02
 104) C2H5    + O2      = CH3     + HCO     OH   9.000E+08
 271) H2CO    + HV      = HCO     + H            4.781E+09

HCO                    LOSS RXS                INT RX RATE    TL =  1.64E+10
  29) H       + HCO     = H2      + CO           3.683E+02
  30) HCO     + HCO     = H2CO    + CO           2.694E-08
  31) OH      + HCO     = H2O     + CO           2.403E+01
  32) O       + HCO     = H       + CO2          3.011E+04
  33) O       + HCO     = OH      + CO           3.011E+04
  40) HCO     + O2      = HO2     + CO           1.640E+10
  63) CH3     + HCO     = CH4     + CO           6.669E-06
  85) HCO     + NO      = HNO     + CO           2.094E+01
 102) C2H5    + HCO     = C2H6    + CO           3.262E-10
 127) HS      + HCO     = H2S     + CO           5.147E-04
 132) S       + HCO     = HS      + CO           1.663E-12
 162) SO      + HCO     = HSO     + CO           4.505E-06

H2CO                PRODUCTION RXS              INT RX RATE    TP =  2.33E+10
  30) HCO     + HCO     = H2CO    + CO           2.694E-08
  41) CH2OH   + O2      = H2CO    + HO2          1.787E+07
  42) CH3O    + O2      = H2CO    + HO2          9.027E+09
  52) CH4     + O1D     = H2CO    + H2           8.936E+06
  59) CH3     + O2      = H2CO    + OH           1.450E+03
  60) CH3     + O       = H2CO    + H            1.199E+06
  70) CH3OOH  + OH      = H2O     + H2CO    OH   1.177E+10
  93) CH21    + CO2     = H2CO    + CO           2.091E+02
  95) CH23    + CO2     = H2CO    + CO           1.117E+03
 247) C2H5SO  + HV      = H2CO    + CH3S         2.463E+09

H2CO                   LOSS RXS                INT RX RATE    TL =  2.31E+10
  38) H2CO    + H       = H2      + HCO          2.212E+03
  43) H2CO    + OH      = H2O     + HCO          1.069E+10
  46) H2CO    + O       = HCO     + OH           1.772E+07
  65) CH3     + H2CO    = CH4     + HCO          2.265E-05
 270) H2CO    + HV      = H2      + CO           7.305E+09
 271) H2CO    + HV      = HCO     + H            4.781E+09

CH3O                PRODUCTION RXS              INT RX RATE    TP =  9.03E+09
  50) CH4     + O1D     = CH3O    + H            1.787E+07
  67) CH3O2   + NO      = CH3O    + NO2          5.946E+09
 308) CH3OOH  + HV      = CH3O    + OH           3.063E+09

CH3O                   LOSS RXS                INT RX RATE    TL =  9.03E+09
  42) CH3O    + O2      = H2CO    + HO2          9.027E+09

CH2OH               PRODUCTION RXS              INT RX RATE    TP =  1.79E+07
  51) CH4     + O1D     = CH2OH   + H            1.787E+07

CH2OH                  LOSS RXS                INT RX RATE    TL =  1.79E+07
  41) CH2OH   + O2      = H2CO    + HO2          1.787E+07

CH3O2               PRODUCTION RXS              INT RX RATE    TP =  4.84E+10
  66) CH3     + O2      = CH3O2   +              2.093E+10
  69) CH3OOH  + OH      = CH3O2   + H2O          2.746E+10

CH3O2                  LOSS RXS                INT RX RATE    TL =  4.84E+10
  67) CH3O2   + NO      = CH3O    + NO2          5.946E+09
  68) CH3O2   + HO2     = CH3OOH  + O2           4.245E+10

CH3OOH              PRODUCTION RXS              INT RX RATE    TP =  4.24E+10
  68) CH3O2   + HO2     = CH3OOH  + O2           4.245E+10

CH3OOH                 LOSS RXS                INT RX RATE    TL =  4.24E+10
  69) CH3OOH  + OH      = CH3O2   + H2O          2.746E+10
  70) CH3OOH  + OH      = H2O     + H2CO    OH   1.177E+10
 308) CH3OOH  + HV      = CH3O    + OH           3.063E+09

CH4                 PRODUCTION RXS              INT RX RATE    TP =  9.74E+01
  62) CH3     + H       = CH4     +              9.741E+01
  63) CH3     + HCO     = CH4     + CO           6.669E-06
  64) CH3     + HNO     = CH4     + NO           5.095E-05
  65) CH3     + H2CO    = CH4     + HCO          2.265E-05
 233) CH3     + HCS     = CH4     + CS           1.107E-13
 278) C2H6    + HV      = CH4     + CH21         1.010E-02

CH4                    LOSS RXS                INT RX RATE    TL =  1.59E+10
  48) CH4     + OH      = CH3     + H2O          1.576E+10
  49) CH4     + O1D     = CH3     + OH           1.328E+08
  50) CH4     + O1D     = CH3O    + H            1.787E+07
  51) CH4     + O1D     = CH2OH   + H            1.787E+07
  52) CH4     + O1D     = H2CO    + H2           8.936E+06
  53) CH21    + CH4     = CH3     + CH3          1.048E-13
  91) CH4     + O       = CH3     + OH           8.679E+05
 273) CH4     + HV      = CH21    + H2           5.606E+06
 274) CH4     + HV      = CH3     + H            6.083E+06
 275) CH4     + HV      = CH23    + H       H    1.038E+06

CH3                 PRODUCTION RXS              INT RX RATE    TP =  2.09E+10
  48) CH4     + OH      = CH3     + H2O          1.576E+10
  49) CH4     + O1D     = CH3     + OH           1.328E+08
  53) CH21    + CH4     = CH3     + CH3          1.048E-13
  91) CH4     + O       = CH3     + OH           8.679E+05
  92) CH21    + H2      = CH3     + H            1.908E+02
  99) C2H5    + H       = CH3     + CH3          1.040E-06
 100) C2H5    + O       = CH3     + HCO     H    4.992E-02
 101) C2H5    + OH      = CH3     + HCO     H2   4.541E-02
 104) C2H5    + O2      = CH3     + HCO     OH   9.000E+08
 254) CH3SO2  + HV      = CH3     + SO2          3.268E+09
 255) CH3SO3  + HV      = CH3     + SO3          3.119E+07
 257) C2H6SO  + OH      = CH4SO2  + CH3          8.363E+08
 274) CH4     + HV      = CH3     + H            6.083E+06

CH3                    LOSS RXS                INT RX RATE    TL =  2.09E+10
  59) CH3     + O2      = H2CO    + OH           1.450E+03
  60) CH3     + O       = H2CO    + H            1.199E+06
  61) CH3     + CH3     = C2H6    +              9.596E-04
  62) CH3     + H       = CH4     +              9.741E+01
  63) CH3     + HCO     = CH4     + CO           6.669E-06
  64) CH3     + HNO     = CH4     + NO           5.095E-05
  65) CH3     + H2CO    = CH4     + HCO          2.265E-05
  66) CH3     + O2      = CH3O2   +              2.093E+10
 233) CH3     + HCS     = CH4     + CS           1.107E-13
 276) CH3     + HV      = CH21    + H            4.793E+02

C2H6                PRODUCTION RXS              INT RX RATE    TP =  9.60E-04
  61) CH3     + CH3     = C2H6    +              9.596E-04
 102) C2H5    + HCO     = C2H6    + CO           3.262E-10
 103) C2H5    + HNO     = C2H6    + NO           1.104E-07

C2H6                   LOSS RXS                INT RX RATE    TL =  9.00E+08
  96) C2H6    + OH      = C2H5    + H2O          8.999E+08
  97) C2H6    + O       = C2H5    + OH           4.410E+03
  98) C2H6    + O1D     = C2H5    + OH           7.219E+04
 277) C2H6    + HV      = CH23    + CH23    H2   4.039E-02
 278) C2H6    + HV      = CH4     + CH21         1.010E-02

NO                  PRODUCTION RXS              INT RX RATE    TP =  5.95E+12
  64) CH3     + HNO     = CH4     + NO           5.095E-05
  73) N       + O2      = NO      + O            3.212E+07
  75) N       + OH      = NO      + H            5.190E+06
  81) NO2     + O       = NO      + O2           7.428E+11
  83) NO2     + H       = NO      + OH           1.112E+07
  86) HNO     + HV      = NO      + H            1.246E+07
  87) H       + HNO     = H2      + NO           5.935E-01
  88) O       + HNO     = OH      + NO           3.213E+04
  89) OH      + HNO     = H2O     + NO           1.318E+06
 103) C2H5    + HNO     = C2H6    + NO           1.104E-07
 152) SO      + NO2     = SO2     + NO           7.652E+06
 157) HS      + NO2     = HSO     + NO           3.740E+06
 198) O1D     + N2O     = NO      + NO           1.014E+08
 199) N       + HO2     = NO      + OH           1.250E+06
 204) NO2     + NO3     = NO      + NO2     O2   1.316E+04
 249) CH3S    + NO2     = CH3SO   + NO           2.126E+06
 251) CH3SO   + NO2     = CH3SO2  + NO           7.031E+06
 253) CH3SO2  + NO2     = CH3SO3  + NO           1.628E+04
 279) HNO2    + HV      = NO      + OH           3.624E+09
 284) NO2     + HV      = NO      + O1D          6.939E+08
 285) NO2     + HV      = NO      + O            5.205E+12
 301) NO3     + HV      = NO      + O2           1.769E+09
 307) N2O5    + HV      = NO3     + NO      O    6.804E+07

NO                     LOSS RXS                INT RX RATE    TL =  5.95E+12
  67) CH3O2   + NO      = CH3O    + NO2          5.946E+09
  71) H       + NO      = HNO     +              1.239E+04
  76) N       + NO      = N2      + O            2.649E+07
  77) NO      + O3      = NO2     + O2           5.821E+12
  78) NO      + O       = NO2     +              5.101E+09
  79) NO      + HO2     = NO2     + OH           1.135E+11
  80) NO      + OH      = HNO2    +              3.010E+09
  85) HCO     + NO      = HNO     + CO           2.094E+01
 164) HSO     + NO      = HNO     + SO           1.380E+07
 191) NO      + NO3     = NO2     + NO2          3.050E+09
 246) C2H5SO2 + NO      = C2H5SO  + NO2          2.463E+09
 283) NO      + HV      = N       + O            7.127E+07

NO2                 PRODUCTION RXS              INT RX RATE    TP =  5.98E+12
  67) CH3O2   + NO      = CH3O    + NO2          5.946E+09
  77) NO      + O3      = NO2     + O2           5.821E+12
  78) NO      + O       = NO2     +              5.101E+09
  79) NO      + HO2     = NO2     + OH           1.135E+11
  90) HNO2    + OH      = H2O     + NO2          4.597E+07
 189) O       + NO3     = O2      + NO2          1.449E+08
 190) HO2     + NO3     = OH      + NO2     O2   7.814E+06
 191) NO      + NO3     = NO2     + NO2          3.050E+09
 193) OH      + NO3     = HO2     + NO2          1.178E+07
 200) O       + N2O5    = NO2     + NO2     O2   2.907E+04
 202) N2O5    + M       = NO3     + NO2          1.939E+05
 204) NO2     + NO3     = NO      + NO2     O2   1.316E+04
 206) NO3     + NO3     = NO2     + NO2     O2   1.561E-01
 208) O       + HO2NO2  = OH      + NO2     O2   2.728E+04
 209) OH      + HO2NO2  = H2O     + NO2     O2   2.563E+09
 210) HO2NO2  + M       = HO2     + NO2          2.917E+09
 246) C2H5SO2 + NO      = C2H5SO  + NO2          2.463E+09
 280) HNO3    + HV      = NO2     + OH           4.454E+09
 302) NO3     + HV      = NO2     + O            1.318E+10
 304) HO2NO2  + HV      = HO2     + NO2          1.463E+09
 306) N2O5    + HV      = NO3     + NO2          3.447E+07

NO2                    LOSS RXS                INT RX RATE    TL =  5.98E+12
  81) NO2     + O       = NO      + O2           7.428E+11
  82) NO2     + OH      = HNO3    +              7.093E+09
  83) NO2     + H       = NO      + OH           1.112E+07
 152) SO      + NO2     = SO2     + NO           7.652E+06
 157) HS      + NO2     = HSO     + NO           3.740E+06
 192) O       + NO2     = NO3     +              1.299E+10
 195) N       + NO2     = N2O     + O            6.219E+06
 201) NO2     + NO3     = N2O5    +              1.027E+08
 204) NO2     + NO3     = NO      + NO2     O2   1.316E+04
 205) NO2     + O3      = NO3     + O2           3.219E+09
 207) HO2     + NO2     = HO2NO2  +              7.343E+09
 212) HO2     + NO2     = HNO2    + O2           5.780E+06
 249) CH3S    + NO2     = CH3SO   + NO           2.126E+06
 251) CH3SO   + NO2     = CH3SO2  + NO           7.031E+06
 253) CH3SO2  + NO2     = CH3SO3  + NO           1.628E+04
 284) NO2     + HV      = NO      + O1D          6.939E+08
 285) NO2     + HV      = NO      + O            5.205E+12

HNO                 PRODUCTION RXS              INT RX RATE    TP =  1.38E+07
  71) H       + NO      = HNO     +              1.239E+04
  85) HCO     + NO      = HNO     + CO           2.094E+01
 164) HSO     + NO      = HNO     + SO           1.380E+07

HNO                    LOSS RXS                INT RX RATE    TL =  1.38E+07
  64) CH3     + HNO     = CH4     + NO           5.095E-05
  86) HNO     + HV      = NO      + H            1.246E+07
  87) H       + HNO     = H2      + NO           5.935E-01
  88) O       + HNO     = OH      + NO           3.213E+04
  89) OH      + HNO     = H2O     + NO           1.318E+06
 103) C2H5    + HNO     = C2H6    + NO           1.104E-07

H2S                 PRODUCTION RXS              INT RX RATE    TP =  3.07E+06
 125) HS      + HO2     = H2S     + O2           3.074E+06
 126) HS      + HS      = H2S     + S            1.563E+02
 127) HS      + HCO     = H2S     + CO           5.147E-04
 168) HSO     + HS      = H2S     + SO           3.655E+02
 235) HS      + HCS     = H2S     + CS           2.248E-09

H2S                    LOSS RXS                INT RX RATE    TL =  3.06E+06
 120) H2S     + OH      = H2O     + HS           3.064E+06
 121) H2S     + H       = H2      + HS           6.426E-02
 122) H2S     + O       = OH      + HS           2.954E+01
 287) H2S     + HV      = HS      + H            9.782E+02

HS                  PRODUCTION RXS              INT RX RATE    TP =  2.66E+09
 120) H2S     + OH      = H2O     + HS           3.064E+06
 121) H2S     + H       = H2      + HS           6.426E-02
 122) H2S     + O       = OH      + HS           2.954E+01
 132) S       + HCO     = HS      + CO           1.663E-12
 133) S       + HO2     = HS      + O2           1.156E-02
 166) HSO     + H       = HS      + OH           1.071E+00
 170) HSO     + O3      = HS      + O2      O2   2.632E+09
 171) HSO     + S       = HS      + SO           5.034E-06
 172) H       + OCS     = CO      + HS           1.816E+01
 177) OCS     + OH      = CO2     + HS           2.523E+07
 220) CS2     + OH      = OCS     + HS           5.542E+05
 231) CH21    + S2      = HCS     + HS           1.571E-19
 232) CH23    + S2      = HCS     + HS           1.490E-18
 236) S       + HCS     = HS      + CS           2.997E-17
 239) OCS     + H       = CO      + HS           1.810E+01
 287) H2S     + HV      = HS      + H            9.782E+02
 299) HSO     + HV      = HS      + O            5.936E+02

HS                     LOSS RXS                INT RX RATE    TL =  2.66E+09
 123) HS      + O       = H       + SO           7.052E+03
 125) HS      + HO2     = H2S     + O2           3.074E+06
 126) HS      + HS      = H2S     + S            1.563E+02
 127) HS      + HCO     = H2S     + CO           5.147E-04
 128) HS      + H       = H2      + S            2.323E-02
 129) HS      + S       = H       + S2           1.193E-07
 155) HS      + O3      = HSO     + O2           2.651E+09
 156) HS      + HO2     = HSO     + OH           3.074E+06
 157) HS      + NO2     = HSO     + NO           3.740E+06
 168) HSO     + HS      = H2S     + SO           3.655E+02
 173) HS      + CO      = OCS     + H            7.295E-06
 226) CS      + HS      = CS2     + H            1.764E-03
 230) HS      + CO      = OCS     + H            7.383E-06
 235) HS      + HCS     = H2S     + CS           2.248E-09

S                   PRODUCTION RXS              INT RX RATE    TP =  3.18E+07
 126) HS      + HS      = H2S     + S            1.563E+02
 128) HS      + H       = H2      + S            2.323E-02
 136) S2      + O       = S       + SO           9.159E+02
 159) SO      + SO      = SO2     + S            7.996E-04
 175) O       + OCS     = S       + CO2          8.702E+00
 219) CS2     + O       = OCS     + S            3.731E+05
 241) CS      + O       = CO      + S            1.973E+00
 286) SO      + HV      = S       + O            1.604E+04
 292) S2      + HV      = S       + S            9.092E+04
 294) S3      + HV      = S2      + S            1.540E-08
 300) OCS     + HV      = CO      + S            2.011E+07
 309) CS2     + HV      = CS      + S            1.111E+07

S                      LOSS RXS                INT RX RATE    TL =  3.18E+07
 129) HS      + S       = H       + S2           1.193E-07
 130) S       + O2      = SO      + O            3.178E+07
 131) S       + OH      = SO      + H            2.065E-02
 132) S       + HCO     = HS      + CO           1.663E-12
 133) S       + HO2     = HS      + O2           1.156E-02
 134) S       + HO2     = SO      + OH           1.156E-02
 135) S       + S       = S2      +              3.047E-17
 139) S       + S2      = S3      +              1.540E-08
 141) S       + S3      = S4      +              3.800E-25
 158) S       + O3      = SO      + O2           6.420E+03
 171) HSO     + S       = HS      + SO           5.034E-06
 176) OCS     + S       = CO      + S2           8.144E-03
 179) S       + CO      = OCS     +              1.981E-05
 184) OCS     + S       = OCS2    +              9.570E-03
 185) OCS2    + S       = OCS     + S2           2.697E-16
 229) S       + HCS     = H       + CS2          5.994E-17
 234) CH23    + S       = HCS     + H            7.139E-13
 236) S       + HCS     = HS      + CS           2.997E-17
 240) CS2     + S       = CS      + S2           4.808E-07

SO                  PRODUCTION RXS              INT RX RATE    TP =  1.65E+08
 106) SO2     + O1D     = SO      + O2           1.037E+04
 123) HS      + O       = H       + SO           7.052E+03
 130) S       + O2      = SO      + O            3.178E+07
 131) S       + OH      = SO      + H            2.065E-02
 134) S       + HO2     = SO      + OH           1.156E-02
 136) S2      + O       = S       + SO           9.159E+02
 148) SO21    + SO2     = SO3     + SO           9.407E-01
 151) SO23    + SO2     = SO3     + SO           1.194E-01
 158) S       + O3      = SO      + O2           6.420E+03
 164) HSO     + NO      = HNO     + SO           1.380E+07
 165) HSO     + OH      = H2O     + SO           1.162E+07
 167) HSO     + H       = H2      + SO           5.357E-01
 168) HSO     + HS      = H2S     + SO           3.655E+02
 169) HSO     + O       = OH      + SO           2.576E+04
 171) HSO     + S       = HS      + SO           5.034E-06
 174) O       + OCS     = CO      + SO           1.601E+06
 214) CS      + O2      = CO      + SO           5.924E+04
 216) CS      + O3      = SO      + CO2          6.149E+06
 218) CS2     + O       = SO      + CS           3.980E+06
 288) SO2     + HV      = SO      + O            9.610E+07

SO                     LOSS RXS                INT RX RATE    TL =  1.65E+08
 107) SO      + O2      = O       + SO2          1.165E+08
 108) SO      + HO2     = SO2     + OH           1.931E+05
 109) SO      + O       = SO2     +              1.265E+04
 110) SO      + OH      = SO2     + H            2.127E+05
 152) SO      + NO2     = SO2     + NO           7.652E+06
 153) SO      + O3      = SO2     + O2           4.057E+07
 159) SO      + SO      = SO2     + S            7.996E-04
 160) SO3     + SO      = SO2     + SO2          3.460E-04
 162) SO      + HCO     = HSO     + CO           4.505E-06
 163) H       + SO      = HSO     +              1.079E-02
 238) CS2     + SO      = OCS     + S2           1.004E-02
 286) SO      + HV      = S       + O            1.604E+04

SO2                 PRODUCTION RXS              INT RX RATE    TP =  4.64E+10
 105) SO2     + O1D     = SO2     + O            3.234E+03
 107) SO      + O2      = O       + SO2          1.165E+08
 108) SO      + HO2     = SO2     + OH           1.931E+05
 109) SO      + O       = SO2     +              1.265E+04
 110) SO      + OH      = SO2     + H            2.127E+05
 115) SO3     + O       = SO2     + O2           2.075E+00
 144) SO21    + M       = SO2     + M            3.877E+10
 146) SO21    + HV      = SO2     + HV           7.512E+06
 149) SO23    + M       = SO2     + M            4.203E+09
 150) SO23    + HV      = SO2     + HV           2.671E+06
 152) SO      + NO2     = SO2     + NO           7.652E+06
 153) SO      + O3      = SO2     + O2           4.057E+07
 159) SO      + SO      = SO2     + S            7.996E-04
 160) SO3     + SO      = SO2     + SO2          3.460E-04
 217) CS      + O3      = CO      + SO2          6.149E+06
 224) CS2X    + O2      = CS      + SO2          3.892E+06
 254) CH3SO2  + HV      = CH3     + SO2          3.268E+09
 298) SO3     + HV      = SO2     + O            1.723E+03

SO2                    LOSS RXS                INT RX RATE    TL =  4.59E+10
 105) SO2     + O1D     = SO2     + O            3.234E+03
 106) SO2     + O1D     = SO      + O2           1.037E+04
 111) SO2     + OH      = HSO3    +              2.385E+09
 112) SO2     + O       = SO3     +              2.701E+05
 148) SO21    + SO2     = SO3     + SO           9.407E-01
 151) SO23    + SO2     = SO3     + SO           1.194E-01
 154) SO2     + HO2     = SO3     + OH           1.126E+05
 288) SO2     + HV      = SO      + O            9.610E+07
 289) SO2     + HV      = SO21    +              4.265E+10
 290) SO2     + HV      = SO23    +              3.286E+08

H2SO4               PRODUCTION RXS              INT RX RATE    TP =  1.68E+10
 113) SO3     + H2O     = H2SO4   +              1.676E+10

H2SO4                  LOSS RXS                INT RX RATE    TL =  1.65E+10
 114) H2SO4   + H2O     = SO3     + H2O     H2O  1.434E+10
 291) H2SO4   + HV      = SO3     + H2O          3.537E+06

HSO                 PRODUCTION RXS              INT RX RATE    TP =  2.66E+09
 155) HS      + O3      = HSO     + O2           2.651E+09
 156) HS      + HO2     = HSO     + OH           3.074E+06
 157) HS      + NO2     = HSO     + NO           3.740E+06
 162) SO      + HCO     = HSO     + CO           4.505E-06
 163) H       + SO      = HSO     +              1.079E-02

HSO                    LOSS RXS                INT RX RATE    TL =  2.66E+09
 164) HSO     + NO      = HNO     + SO           1.380E+07
 165) HSO     + OH      = H2O     + SO           1.162E+07
 166) HSO     + H       = HS      + OH           1.071E+00
 167) HSO     + H       = H2      + SO           5.357E-01
 168) HSO     + HS      = H2S     + SO           3.655E+02
 169) HSO     + O       = OH      + SO           2.576E+04
 170) HSO     + O3      = HS      + O2      O2   2.632E+09
 171) HSO     + S       = HS      + SO           5.034E-06
 299) HSO     + HV      = HS      + O            5.936E+02

S2                  PRODUCTION RXS              INT RX RATE    TP =  9.18E+04
 129) HS      + S       = H       + S2           1.193E-07
 135) S       + S       = S2      +              3.047E-17
 176) OCS     + S       = CO      + S2           8.144E-03
 185) OCS2    + S       = OCS     + S2           2.697E-16
 225) CS2X    + CS2     = CS      + CS      S2   9.535E-04
 237) CS2     + O       = CO      + S2           9.183E+04
 238) CS2     + SO      = OCS     + S2           1.004E-02
 240) CS2     + S       = CS      + S2           4.808E-07
 293) S4      + HV      = S2      + S2           9.354E+00
 294) S3      + HV      = S2      + S            1.540E-08

S2                     LOSS RXS                INT RX RATE    TL =  9.18E+04
 136) S2      + O       = S       + SO           9.159E+02
 139) S       + S2      = S3      +              1.540E-08
 140) S2      + S2      = S4      +              9.354E+00
 231) CH21    + S2      = HCS     + HS           1.571E-19
 232) CH23    + S2      = HCS     + HS           1.490E-18
 292) S2      + HV      = S       + S            9.092E+04

S4                  PRODUCTION RXS              INT RX RATE    TP =  9.35E+00
 140) S2      + S2      = S4      +              9.354E+00
 141) S       + S3      = S4      +              3.800E-25
 297) S8      + HV      = S4      + S4           3.773E-14

S4                     LOSS RXS                INT RX RATE    TL =  9.35E+00
 142) S4      + S4      = S8      +              3.773E-14
 293) S4      + HV      = S2      + S2           9.354E+00

S8                  PRODUCTION RXS              INT RX RATE    TP =  3.77E-14
 142) S4      + S4      = S8      +              3.773E-14

S8                     LOSS RXS                INT RX RATE    TL =  3.77E-14
 297) S8      + HV      = S4      + S4           3.773E-14

SO3                 PRODUCTION RXS              INT RX RATE    TP =  1.68E+10
 112) SO2     + O       = SO3     +              2.701E+05
 114) H2SO4   + H2O     = SO3     + H2O     H2O  1.434E+10
 116) HSO3    + O2      = HO2     + SO3          2.385E+09
 147) SO21    + O2      = SO3     + O            8.247E+03
 148) SO21    + SO2     = SO3     + SO           9.407E-01
 151) SO23    + SO2     = SO3     + SO           1.194E-01
 154) SO2     + HO2     = SO3     + OH           1.126E+05
 255) CH3SO3  + HV      = CH3     + SO3          3.119E+07
 291) H2SO4   + HV      = SO3     + H2O          3.537E+06

SO3                    LOSS RXS                INT RX RATE    TL =  1.68E+10
 113) SO3     + H2O     = H2SO4   +              1.676E+10
 115) SO3     + O       = SO2     + O2           2.075E+00
 160) SO3     + SO      = SO2     + SO2          3.460E-04
 298) SO3     + HV      = SO2     + O            1.723E+03

OCS                 PRODUCTION RXS              INT RX RATE    TP =  7.55E+06
 173) HS      + CO      = OCS     + H            7.295E-06
 179) S       + CO      = OCS     +              1.981E-05
 185) OCS2    + S       = OCS     + S2           2.697E-16
 188) OCS2    + CO      = OCS     + OCS          9.570E-03
 213) CS      + O2      = OCS     + O            4.739E+05
 215) CS      + O3      = OCS     + O2           6.149E+06
 219) CS2     + O       = OCS     + S            3.731E+05
 220) CS2     + OH      = OCS     + HS           5.542E+05
 230) HS      + CO      = OCS     + H            7.383E-06
 238) CS2     + SO      = OCS     + S2           1.004E-02

OCS                    LOSS RXS                INT RX RATE    TL =  4.70E+07
 172) H       + OCS     = CO      + HS           1.816E+01
 174) O       + OCS     = CO      + SO           1.601E+06
 175) O       + OCS     = S       + CO2          8.702E+00
 176) OCS     + S       = CO      + S2           8.144E-03
 177) OCS     + OH      = CO2     + HS           2.523E+07
 184) OCS     + S       = OCS2    +              9.570E-03
 239) OCS     + H       = CO      + HS           1.810E+01
 300) OCS     + HV      = CO      + S            2.011E+07

S3                  PRODUCTION RXS              INT RX RATE    TP =  1.54E-08
 139) S       + S2      = S3      +              1.540E-08

S3                     LOSS RXS                INT RX RATE    TL =  1.54E-08
 141) S       + S3      = S4      +              3.800E-25
 294) S3      + HV      = S2      + S            1.540E-08

O3                  PRODUCTION RXS              INT RX RATE    TP =  2.01E+15
  18) O       + O2      = O3      +              2.007E+15

O3                     LOSS RXS                INT RX RATE    TL =  2.01E+15
   5) H       + O3      = OH      + O2           5.308E+11
  12) OH      + O3      = HO2     + O2           3.820E+11
  15) HO2     + O3      = OH      + O2      O2   1.205E+11
  19) O       + O3      = O2      + O2           3.639E+11
  20) O1D     + O3      = O2      + O2           7.745E+09
  21) O1D     + O3      = O       + O       O2   7.745E+09
  26) O3      + HV      = O2      + O            4.227E-10
  27) O3      + O3      = O2      + O2      O2   1.143E+03
  77) NO      + O3      = NO2     + O2           5.821E+12
 153) SO      + O3      = SO2     + O2           4.057E+07
 155) HS      + O3      = HSO     + O2           2.651E+09
 158) S       + O3      = SO      + O2           6.420E+03
 170) HSO     + O3      = HS      + O2      O2   2.632E+09
 205) NO2     + O3      = NO3     + O2           3.219E+09
 215) CS      + O3      = OCS     + O2           6.149E+06
 216) CS      + O3      = SO      + CO2          6.149E+06
 217) CS      + O3      = CO      + SO2          6.149E+06
 248) CH3S    + O3      = CH3SO   + O2           2.461E+09
 250) CH3SO   + O3      = CH3SO2  + O2           2.456E+09
 252) CH3SO2  + O3      = CH3SO3  + O2           3.117E+07
 264) O3      + HV      = O2      + O1D          6.608E+14
 265) O3      + HV      = O2      + O            1.338E+15
 266) O3      + HV      = O       + O       O    4.163E+11

HNO3                PRODUCTION RXS              INT RX RATE    TP =  7.09E+09
  82) NO2     + OH      = HNO3    +              7.093E+09
 203) N2O5    + H2O     = HNO3    + HNO3         9.446E+03
 244) C2H6S   + NO3     = C2H5S   + HNO3         5.970E+05

HNO3                   LOSS RXS                INT RX RATE    TL =  7.03E+09
  84) HNO3    + OH      = H2O     + NO3          1.564E+09
 211) O       + HNO3    = OH      + NO3          9.309E+05
 280) HNO3    + HV      = NO2     + OH           4.454E+09
 281) HNO3    + HV      = HNO2    + O            3.812E+08
 282) HNO3    + HV      = HNO2    + O1D          2.737E+08

N                   PRODUCTION RXS              INT RX RATE    TP =  7.13E+07
 283) NO      + HV      = N       + O            7.127E+07

N                      LOSS RXS                INT RX RATE    TL =  7.13E+07
  72) N       + N       = N2      +              4.939E-02
  73) N       + O2      = NO      + O            3.212E+07
  75) N       + OH      = NO      + H            5.190E+06
  76) N       + NO      = N2      + O            2.649E+07
 195) N       + NO2     = N2O     + O            6.219E+06
 199) N       + HO2     = NO      + OH           1.250E+06

NO3                 PRODUCTION RXS              INT RX RATE    TP =  1.83E+10
  84) HNO3    + OH      = H2O     + NO3          1.564E+09
 192) O       + NO2     = NO3     +              1.299E+10
 202) N2O5    + M       = NO3     + NO2          1.939E+05
 205) NO2     + O3      = NO3     + O2           3.219E+09
 211) O       + HNO3    = OH      + NO3          9.309E+05
 305) HO2NO2  + HV      = OH      + NO3          3.919E+08
 306) N2O5    + HV      = NO3     + NO2          3.447E+07
 307) N2O5    + HV      = NO3     + NO      O    6.804E+07

NO3                    LOSS RXS                INT RX RATE    TL =  1.83E+10
 189) O       + NO3     = O2      + NO2          1.449E+08
 190) HO2     + NO3     = OH      + NO2     O2   7.814E+06
 191) NO      + NO3     = NO2     + NO2          3.050E+09
 193) OH      + NO3     = HO2     + NO2          1.178E+07
 201) NO2     + NO3     = N2O5    +              1.027E+08
 204) NO2     + NO3     = NO      + NO2     O2   1.316E+04
 206) NO3     + NO3     = NO2     + NO2     O2   1.561E-01
 244) C2H6S   + NO3     = C2H5S   + HNO3         5.970E+05
 301) NO3     + HV      = NO      + O2           1.769E+09
 302) NO3     + HV      = NO2     + O            1.318E+10

N2O                 PRODUCTION RXS              INT RX RATE    TP =  6.22E+06
 195) N       + NO2     = N2O     + O            6.219E+06

N2O                    LOSS RXS                INT RX RATE    TL =  5.60E+09
 194) H       + N2O     = N2      + OH           3.866E-04
 197) O1D     + N2O     = N2      + O2           6.478E+07
 198) O1D     + N2O     = NO      + NO           1.014E+08
 303) N2O     + HV      = N2      + O1D          5.415E+09

HO2NO2              PRODUCTION RXS              INT RX RATE    TP =  7.34E+09
 207) HO2     + NO2     = HO2NO2  +              7.343E+09

HO2NO2                 LOSS RXS                INT RX RATE    TL =  7.34E+09
 208) O       + HO2NO2  = OH      + NO2     O2   2.728E+04
 209) OH      + HO2NO2  = H2O     + NO2     O2   2.563E+09
 210) HO2NO2  + M       = HO2     + NO2          2.917E+09
 304) HO2NO2  + HV      = HO2     + NO2          1.463E+09
 305) HO2NO2  + HV      = OH      + NO3          3.919E+08

N2O5                PRODUCTION RXS              INT RX RATE    TP =  1.03E+08
 201) NO2     + NO3     = N2O5    +              1.027E+08

N2O5                   LOSS RXS                INT RX RATE    TL =  1.03E+08
 200) O       + N2O5    = NO2     + NO2     O2   2.907E+04
 202) N2O5    + M       = NO3     + NO2          1.939E+05
 203) N2O5    + H2O     = HNO3    + HNO3         9.446E+03
 306) N2O5    + HV      = NO3     + NO2          3.447E+07
 307) N2O5    + HV      = NO3     + NO      O    6.804E+07

NH                  PRODUCTION RXS              INT RX RATE    TP =  0.00E+00

NH                     LOSS RXS                INT RX RATE    TL =  0.00E+00

NH2                 PRODUCTION RXS              INT RX RATE    TP =  0.00E+00

NH2                    LOSS RXS                INT RX RATE    TL =  0.00E+00

NH3                 PRODUCTION RXS              INT RX RATE    TP =  0.00E+00

NH3                    LOSS RXS                INT RX RATE    TL =  1.50E+10

CO2                 PRODUCTION RXS              INT RX RATE    TP =  8.61E+11
  32) O       + HCO     = H       + CO2          3.011E+04
  34) CO      + OH      = CO2     + H            3.046E+10
  35) CO      + O       = CO2     +              3.036E+05
 175) O       + OCS     = S       + CO2          8.702E+00
 177) OCS     + OH      = CO2     + HS           2.523E+07
 182) CO2     + O1D     = CO2     + O            8.303E+11
 216) CS      + O3      = SO      + CO2          6.149E+06

CO2                    LOSS RXS                INT RX RATE    TL =  8.39E+11
  36) CO2     + H       = CO      + OH           1.208E-07
  93) CH21    + CO2     = H2CO    + CO           2.091E+02
  95) CH23    + CO2     = H2CO    + CO           1.117E+03
 182) CO2     + O1D     = CO2     + O            8.303E+11
 268) CO2     + HV      = CO      + O            3.575E+09
 269) CO2     + HV      = CO      + O1D          5.321E+09

CS                  PRODUCTION RXS              INT RX RATE    TP =  1.90E+07
 218) CS2     + O       = SO      + CS           3.980E+06
 224) CS2X    + O2      = CS      + SO2          3.892E+06
 225) CS2X    + CS2     = CS      + CS      S2   9.535E-04
 228) H       + HCS     = H2      + CS           6.958E-12
 233) CH3     + HCS     = CH4     + CS           1.107E-13
 235) HS      + HCS     = H2S     + CS           2.248E-09
 236) S       + HCS     = HS      + CS           2.997E-17
 240) CS2     + S       = CS      + S2           4.808E-07
 309) CS2     + HV      = CS      + S            1.111E+07

CS                     LOSS RXS                INT RX RATE    TL =  1.90E+07
 213) CS      + O2      = OCS     + O            4.739E+05
 214) CS      + O2      = CO      + SO           5.924E+04
 215) CS      + O3      = OCS     + O2           6.149E+06
 216) CS      + O3      = SO      + CO2          6.149E+06
 217) CS      + O3      = CO      + SO2          6.149E+06
 226) CS      + HS      = CS2     + H            1.764E-03
 227) H       + CS      = HCS     +              2.254E-09
 241) CS      + O       = CO      + S            1.973E+00

CS2                 PRODUCTION RXS              INT RX RATE    TP =  4.80E+09
 222) CS2OH   + HV      = CS2     + OH           2.217E+08
 223) CS2X    + M       = CS2     + M            4.573E+09
 226) CS      + HS      = CS2     + H            1.764E-03
 229) S       + HCS     = H       + CS2          5.994E-17

CS2                    LOSS RXS                INT RX RATE    TL =  4.82E+09
 218) CS2     + O       = SO      + CS           3.980E+06
 219) CS2     + O       = OCS     + S            3.731E+05
 220) CS2     + OH      = OCS     + HS           5.542E+05
 221) CS2     + OH      = CS2OH   +              2.217E+08
 225) CS2X    + CS2     = CS      + CS      S2   9.535E-04
 237) CS2     + O       = CO      + S2           9.183E+04
 238) CS2     + SO      = OCS     + S2           1.004E-02
 240) CS2     + S       = CS      + S2           4.808E-07
 309) CS2     + HV      = CS      + S            1.111E+07
 310) CS2     + HV      = CS2X    +              4.577E+09

HCS                 PRODUCTION RXS              INT RX RATE    TP =  2.26E-09
 227) H       + CS      = HCS     +              2.254E-09
 231) CH21    + S2      = HCS     + HS           1.571E-19
 232) CH23    + S2      = HCS     + HS           1.490E-18
 234) CH23    + S       = HCS     + H            7.139E-13

HCS                    LOSS RXS                INT RX RATE    TL =  2.26E-09
 228) H       + HCS     = H2      + CS           6.958E-12
 229) S       + HCS     = H       + CS2          5.994E-17
 233) CH3     + HCS     = CH4     + CS           1.107E-13
 235) HS      + HCS     = H2S     + CS           2.248E-09
 236) S       + HCS     = HS      + CS           2.997E-17

C2H6S               PRODUCTION RXS              INT RX RATE    TP =  0.00E+00

C2H6S                  LOSS RXS                INT RX RATE    TL =  3.30E+09
 242) C2H6S   + OH      = C2H5S   + H2O          2.462E+09
 243) C2H6S   + OH      = C2H7SO  +              8.372E+08
 244) C2H6S   + NO3     = C2H5S   + HNO3         5.970E+05

C2H5S               PRODUCTION RXS              INT RX RATE    TP =  2.46E+09
 242) C2H6S   + OH      = C2H5S   + H2O          2.462E+09
 244) C2H6S   + NO3     = C2H5S   + HNO3         5.970E+05

C2H5S                  LOSS RXS                INT RX RATE    TL =  2.46E+09
 245) C2H5S   + O2      = C2H5SO2 +              2.463E+09

C2H5SO              PRODUCTION RXS              INT RX RATE    TP =  2.46E+09
 246) C2H5SO2 + NO      = C2H5SO  + NO2          2.463E+09

C2H5SO                 LOSS RXS                INT RX RATE    TL =  2.46E+09
 247) C2H5SO  + HV      = H2CO    + CH3S         2.463E+09

C2H5SO2             PRODUCTION RXS              INT RX RATE    TP =  2.46E+09
 245) C2H5S   + O2      = C2H5SO2 +              2.463E+09

C2H5SO2                LOSS RXS                INT RX RATE    TL =  2.46E+09
 246) C2H5SO2 + NO      = C2H5SO  + NO2          2.463E+09

CH3S                PRODUCTION RXS              INT RX RATE    TP =  2.46E+09
 247) C2H5SO  + HV      = H2CO    + CH3S         2.463E+09

CH3S                   LOSS RXS                INT RX RATE    TL =  2.46E+09
 248) CH3S    + O3      = CH3SO   + O2           2.461E+09
 249) CH3S    + NO2     = CH3SO   + NO           2.126E+06

CH3SO               PRODUCTION RXS              INT RX RATE    TP =  2.46E+09
 248) CH3S    + O3      = CH3SO   + O2           2.461E+09
 249) CH3S    + NO2     = CH3SO   + NO           2.126E+06

CH3SO                  LOSS RXS                INT RX RATE    TL =  2.46E+09
 250) CH3SO   + O3      = CH3SO2  + O2           2.456E+09
 251) CH3SO   + NO2     = CH3SO2  + NO           7.031E+06

CH3SO2              PRODUCTION RXS              INT RX RATE    TP =  3.30E+09
 250) CH3SO   + O3      = CH3SO2  + O2           2.456E+09
 251) CH3SO   + NO2     = CH3SO2  + NO           7.031E+06
 258) CH4SO2  + OH      = CH3SO2  + H2O          8.363E+08

CH3SO2                 LOSS RXS                INT RX RATE    TL =  3.30E+09
 252) CH3SO2  + O3      = CH3SO3  + O2           3.117E+07
 253) CH3SO2  + NO2     = CH3SO3  + NO           1.628E+04
 254) CH3SO2  + HV      = CH3     + SO2          3.268E+09

CH3SO3              PRODUCTION RXS              INT RX RATE    TP =  3.12E+07
 252) CH3SO2  + O3      = CH3SO3  + O2           3.117E+07
 253) CH3SO2  + NO2     = CH3SO3  + NO           1.628E+04

CH3SO3                 LOSS RXS                INT RX RATE    TL =  3.12E+07
 255) CH3SO3  + HV      = CH3     + SO3          3.119E+07

CH4SO2              PRODUCTION RXS              INT RX RATE    TP =  8.36E+08
 257) C2H6SO  + OH      = CH4SO2  + CH3          8.363E+08

CH4SO2                 LOSS RXS                INT RX RATE    TL =  8.36E+08
 258) CH4SO2  + OH      = CH3SO2  + H2O          8.363E+08

C2H6SO              PRODUCTION RXS              INT RX RATE    TP =  8.37E+08
 256) C2H7SO  + O2      = C2H6SO  + HO2          8.372E+08

C2H6SO                 LOSS RXS                INT RX RATE    TL =  8.37E+08
 257) C2H6SO  + OH      = CH4SO2  + CH3          8.363E+08

C2H7SO              PRODUCTION RXS              INT RX RATE    TP =  8.37E+08
 243) C2H6S   + OH      = C2H7SO  +              8.372E+08

C2H7SO                 LOSS RXS                INT RX RATE    TL =  8.37E+08
 256) C2H7SO  + O2      = C2H6SO  + HO2          8.372E+08

SO4AER              PRODUCTION RXS              INT RX RATE    TP =  1.97E+09

SO4AER                 LOSS RXS                INT RX RATE    TL =  1.94E+09

S8AER               PRODUCTION RXS              INT RX RATE    TP =  0.00E+00

S8AER                  LOSS RXS                INT RX RATE    TL =  1.70E-19

HNO2                PRODUCTION RXS              INT RX RATE    TP =  0.00E+00
  80) NO      + OH      = HNO2    +              3.010E+09
 212) HO2     + NO2     = HNO2    + O2           5.780E+06
 281) HNO3    + HV      = HNO2    + O            3.812E+08
 282) HNO3    + HV      = HNO2    + O1D          2.737E+08

HNO2                   LOSS RXS                INT RX RATE    TL =  0.00E+00
  90) HNO2    + OH      = H2O     + NO2          4.597E+07
 279) HNO2    + HV      = NO      + OH           3.624E+09

O1D                 PRODUCTION RXS              INT RX RATE    TP =  0.00E+00
 259) O2      + HV      = O       + O1D          2.975E+11
 262) H2O     + HV      = H2      + O1D          4.423E+08
 264) O3      + HV      = O2      + O1D          6.608E+14
 269) CO2     + HV      = CO      + O1D          5.321E+09
 282) HNO3    + HV      = HNO2    + O1D          2.737E+08
 284) NO2     + HV      = NO      + O1D          6.939E+08
 303) N2O     + HV      = N2      + O1D          5.415E+09

O1D                    LOSS RXS                INT RX RATE    TL =  0.00E+00
   1) H2O     + O1D     = OH      + OH           1.282E+11
   2) H2      + O1D     = OH      + H            1.178E+09
  20) O1D     + O3      = O2      + O2           7.745E+09
  21) O1D     + O3      = O       + O       O2   7.745E+09
  23) O1D     + N2      = O       + N2           6.393E+14
  24) O1D     + O2      = O       + O2           2.080E+13
  49) CH4     + O1D     = CH3     + OH           1.328E+08
  50) CH4     + O1D     = CH3O    + H            1.787E+07
  51) CH4     + O1D     = CH2OH   + H            1.787E+07
  52) CH4     + O1D     = H2CO    + H2           8.936E+06
  98) C2H6    + O1D     = C2H5    + OH           7.219E+04
 105) SO2     + O1D     = SO2     + O            3.234E+03
 106) SO2     + O1D     = SO      + O2           1.037E+04
 180) CO      + O1D     = CO      + O            3.916E+07
 182) CO2     + O1D     = CO2     + O            8.303E+11
 197) O1D     + N2O     = N2      + O2           6.478E+07
 198) O1D     + N2O     = NO      + NO           1.014E+08

CH21                PRODUCTION RXS              INT RX RATE    TP =  0.00E+00
 273) CH4     + HV      = CH21    + H2           5.606E+06
 276) CH3     + HV      = CH21    + H            4.793E+02
 278) C2H6    + HV      = CH4     + CH21         1.010E-02

CH21                   LOSS RXS                INT RX RATE    TL =  0.00E+00
  53) CH21    + CH4     = CH3     + CH3          1.048E-13
  54) CH21    + O2      = HCO     + OH           4.758E+05
  55) CH21    + N2      = CH23    + N2           5.130E+06
  92) CH21    + H2      = CH3     + H            1.908E+02
  93) CH21    + CO2     = H2CO    + CO           2.091E+02
 231) CH21    + S2      = HCS     + HS           1.571E-19

CH23                PRODUCTION RXS              INT RX RATE    TP =  0.00E+00
  55) CH21    + N2      = CH23    + N2           5.130E+06
 275) CH4     + HV      = CH23    + H       H    1.038E+06
 277) C2H6    + HV      = CH23    + CH23    H2   4.039E-02

CH23                   LOSS RXS                INT RX RATE    TL =  0.00E+00
  58) CH23    + O2      = HCO     + OH           6.144E+06
  94) CH23    + O       = HCO     + H            2.259E+04
  95) CH23    + CO2     = H2CO    + CO           1.117E+03
 232) CH23    + S2      = HCS     + HS           1.490E-18
 234) CH23    + S       = HCS     + H            7.139E-13

C2H5                PRODUCTION RXS              INT RX RATE    TP =  0.00E+00
  96) C2H6    + OH      = C2H5    + H2O          8.999E+08
  97) C2H6    + O       = C2H5    + OH           4.410E+03
  98) C2H6    + O1D     = C2H5    + OH           7.219E+04

C2H5                   LOSS RXS                INT RX RATE    TL =  0.00E+00
  99) C2H5    + H       = CH3     + CH3          1.040E-06
 100) C2H5    + O       = CH3     + HCO     H    4.992E-02
 101) C2H5    + OH      = CH3     + HCO     H2   4.541E-02
 102) C2H5    + HCO     = C2H6    + CO           3.262E-10
 103) C2H5    + HNO     = C2H6    + NO           1.104E-07
 104) C2H5    + O2      = CH3     + HCO     OH   9.000E+08

SO21                PRODUCTION RXS              INT RX RATE    TP =  0.00E+00
 289) SO2     + HV      = SO21    +              4.265E+10

SO21                   LOSS RXS                INT RX RATE    TL =  0.00E+00
 143) SO21    + M       = SO23    + M            3.877E+09
 144) SO21    + M       = SO2     + M            3.877E+10
 145) SO21    + HV      = SO23    + HV           5.122E+05
 146) SO21    + HV      = SO2     + HV           7.512E+06
 147) SO21    + O2      = SO3     + O            8.247E+03
 148) SO21    + SO2     = SO3     + SO           9.407E-01

SO23                PRODUCTION RXS              INT RX RATE    TP =  0.00E+00
 143) SO21    + M       = SO23    + M            3.877E+09
 145) SO21    + HV      = SO23    + HV           5.122E+05
 290) SO2     + HV      = SO23    +              3.286E+08

SO23                   LOSS RXS                INT RX RATE    TL =  0.00E+00
 149) SO23    + M       = SO2     + M            4.203E+09
 150) SO23    + HV      = SO2     + HV           2.671E+06
 151) SO23    + SO2     = SO3     + SO           1.194E-01

HSO3                PRODUCTION RXS              INT RX RATE    TP =  0.00E+00
 111) SO2     + OH      = HSO3    +              2.385E+09

HSO3                   LOSS RXS                INT RX RATE    TL =  0.00E+00
 116) HSO3    + O2      = HO2     + SO3          2.385E+09

OCS2                PRODUCTION RXS              INT RX RATE    TP =  0.00E+00
 184) OCS     + S       = OCS2    +              9.570E-03

OCS2                   LOSS RXS                INT RX RATE    TL =  0.00E+00
 185) OCS2    + S       = OCS     + S2           2.697E-16
 188) OCS2    + CO      = OCS     + OCS          9.570E-03

CS2X                PRODUCTION RXS              INT RX RATE    TP =  0.00E+00
 310) CS2     + HV      = CS2X    +              4.577E+09

CS2X                   LOSS RXS                INT RX RATE    TL =  0.00E+00
 223) CS2X    + M       = CS2     + M            4.573E+09
 224) CS2X    + O2      = CS      + SO2          3.892E+06
 225) CS2X    + CS2     = CS      + CS      S2   9.535E-04

CS2OH               PRODUCTION RXS              INT RX RATE    TP =  0.00E+00
 221) CS2     + OH      = CS2OH   +              2.217E+08

CS2OH                  LOSS RXS                INT RX RATE    TL =  0.00E+00
 222) CS2OH   + HV      = CS2     + OH           2.217E+08

N2                  PRODUCTION RXS              INT RX RATE    TP =  0.00E+00
  23) O1D     + N2      = O       + N2           6.393E+14
  55) CH21    + N2      = CH23    + N2           5.130E+06
  72) N       + N       = N2      +              4.939E-02
  76) N       + NO      = N2      + O            2.649E+07
 194) H       + N2O     = N2      + OH           3.866E-04
 197) O1D     + N2O     = N2      + O2           6.478E+07
 303) N2O     + HV      = N2      + O1D          5.415E+09

N2                     LOSS RXS                INT RX RATE    TL =  0.00E+00
  23) O1D     + N2      = O       + N2           6.393E+14
  55) CH21    + N2      = CH23    + N2           5.130E+06
