
O                   PRODUCTION RXS              INT RX RATE    TP =  2.05E+15
   8) H       + HO2     = H2O     + O            4.391E+08
  21) O1D     + O3      = O       + O       O2   7.167E+09
  22) OH      + OH      = H2O     + O            1.094E+09
  23) O1D     + N2      = O       + N2           6.402E+14
  24) O1D     + O2      = O       + O2           2.083E+13
  25) O2      + HV      = O       + O            3.946E-72
  26) O3      + HV      = O2      + O            7.745E-10
  73) N       + O2      = NO      + O            3.199E+07
  76) N       + NO      = N2      + O            2.746E+07
 105) SO2     + O1D     = SO2     + O            4.353E+03
 107) SO      + O2      = O       + SO2          1.290E+08
 130) S       + O2      = SO      + O            3.142E+07
 147) SO21    + O2      = SO3     + O            2.023E+04
 180) CO      + O1D     = CO      + O            6.710E+07
 182) CO2     + O1D     = CO2     + O            8.393E+11
 195) N       + NO2     = N2O     + O            6.183E+06
 213) CS      + O2      = OCS     + O            3.390E+05
 259) O2      + HV      = O       + O1D          2.931E+11
 260) O2      + HV      = O       + O            2.701E+12
 263) H2O     + HV      = H       + H       O    2.045E+09
 265) O3      + HV      = O2      + O            1.379E+15
 266) O3      + HV      = O       + O       O    3.936E+11
 268) CO2     + HV      = CO      + O            3.739E+09
 272) HO2     + HV      = OH      + O            5.109E+09
 281) HNO3    + HV      = HNO2    + O            5.771E+08
 283) NO      + HV      = N       + O            7.512E+07
 285) NO2     + HV      = NO      + O            4.860E+12
 286) SO      + HV      = S       + O            9.884E+03
 288) SO2     + HV      = SO      + O            1.157E+08
 298) SO3     + HV      = SO2     + O            5.208E+02
 299) HSO     + HV      = HS      + O            3.390E+02
 302) NO3     + HV      = NO2     + O            1.397E+10
 307) N2O5    + HV      = NO3     + NO      O    6.363E+07

O                      LOSS RXS                INT RX RATE    TL =  2.05E+15
   3) H2      + O       = OH      + H            7.131E+07
  10) OH      + O       = H       + O2           1.929E+12
  14) HO2     + O       = OH      + O2           1.685E+12
  17) O       + O       = O2      +              4.761E+10
  18) O       + O2      = O3      +              2.048E+15
  19) O       + O3      = O2      + O2           2.598E+11
  32) O       + HCO     = H       + CO2          1.495E+06
  33) O       + HCO     = OH      + CO           1.495E+06
  35) CO      + O       = CO2     +              4.134E+06
  46) H2CO    + O       = HCO     + OH           8.794E+08
  47) H2O2    + O       = OH      + HO2          1.627E+06
  60) CH3     + O       = H2CO    + H            5.580E+07
  78) NO      + O       = NO2     +              4.901E+09
  81) NO2     + O       = NO      + O2           7.037E+11
  88) O       + HNO     = OH      + NO           4.326E+04
  91) CH4     + O       = CH3     + OH           5.211E+07
  94) CH23    + O       = HCO     + H            1.165E+06
  97) C2H6    + O       = C2H5    + OH           2.997E+04
 100) C2H5    + O       = CH3     + HCO     H    2.325E-01
 109) SO      + O       = SO2     +              8.146E+03
 112) SO2     + O       = SO3     +              5.697E+05
 115) SO3     + O       = SO2     + O2           3.829E-01
 122) H2S     + O       = OH      + HS           4.782E+01
 123) HS      + O       = H       + SO           3.738E+03
 136) S2      + O       = S       + SO           1.378E+03
 169) HSO     + O       = OH      + SO           1.184E+04
 174) O       + OCS     = CO      + SO           1.883E+06
 175) O       + OCS     = S       + CO2          1.413E+01
 189) O       + NO3     = O2      + NO2          1.430E+08
 192) O       + NO2     = NO3     +              1.246E+10
 200) O       + N2O5    = NO2     + NO2     O2   2.843E+04
 208) O       + HO2NO2  = OH      + NO2     O2   3.742E+04
 211) O       + HNO3    = OH      + NO3          1.360E+06
 218) CS2     + O       = SO      + CS           5.546E+06
 219) CS2     + O       = OCS     + S            5.200E+05
 237) CS2     + O       = CO      + S2           1.236E+05
 241) CS      + O       = CO      + S            1.950E+00

O2                  PRODUCTION RXS              INT RX RATE    TP =  2.07E+15
   5) H       + O3      = OH      + O2           4.507E+11
   7) H       + HO2     = H2      + O2           1.894E+09
  10) OH      + O       = H       + O2           1.929E+12
  11) OH      + HO2     = H2O     + O2           8.482E+10
  12) OH      + O3      = HO2     + O2           5.047E+11
  14) HO2     + O       = OH      + O2           1.685E+12
  15) HO2     + O3      = OH      + O2      O2   2.396E+11
  16) HO2     + HO2     = H2O2    + O2           4.159E+10
  17) O       + O       = O2      +              4.761E+10
  19) O       + O3      = O2      + O2           2.598E+11
  20) O1D     + O3      = O2      + O2           7.167E+09
  21) O1D     + O3      = O       + O       O2   7.167E+09
  24) O1D     + O2      = O       + O2           2.083E+13
  26) O3      + HV      = O2      + O            7.745E-10
  27) O3      + O3      = O2      + O2      O2   3.519E+03
  68) CH3O2   + HO2     = CH3OOH  + O2           3.073E+11
  77) NO      + O3      = NO2     + O2           5.229E+12
  81) NO2     + O       = NO      + O2           7.037E+11
 106) SO2     + O1D     = SO      + O2           1.396E+04
 115) SO3     + O       = SO2     + O2           3.829E-01
 125) HS      + HO2     = H2S     + O2           5.746E+05
 133) S       + HO2     = HS      + O2           2.391E-02
 153) SO      + O3      = SO2     + O2           3.213E+07
 155) HS      + O3      = HSO     + O2           9.188E+08
 158) S       + O3      = SO      + O2           6.818E+03
 170) HSO     + O3      = HS      + O2      O2   9.162E+08
 189) O       + NO3     = O2      + NO2          1.430E+08
 190) HO2     + NO3     = OH      + NO2     O2   1.566E+07
 197) O1D     + N2O     = N2      + O2           6.921E+07
 200) O       + N2O5    = NO2     + NO2     O2   2.843E+04
 204) NO2     + NO3     = NO      + NO2     O2   1.301E+04
 205) NO2     + O3      = NO3     + O2           3.384E+09
 206) NO3     + NO3     = NO2     + NO2     O2   1.787E-01
 208) O       + HO2NO2  = OH      + NO2     O2   3.742E+04
 209) OH      + HO2NO2  = H2O     + NO2     O2   5.812E+09
 212) HO2     + NO2     = HNO2    + O2           1.328E+07
 215) CS      + O3      = OCS     + O2           6.289E+06
 248) CH3S    + O3      = CH3SO   + O2           2.460E+09
 250) CH3SO   + O3      = CH3SO2  + O2           2.450E+09
 252) CH3SO2  + O3      = CH3SO3  + O2           6.267E+07
 264) O3      + HV      = O2      + O1D          6.618E+14
 265) O3      + HV      = O2      + O            1.379E+15
 301) NO3     + HV      = NO      + O2           1.874E+09

O2                     LOSS RXS                INT RX RATE    TL =  2.07E+15
   6) H       + O2      = HO2     +              1.805E+12
  18) O       + O2      = O3      +              2.048E+15
  24) O1D     + O2      = O       + O2           2.083E+13
  25) O2      + HV      = O       + O            3.946E-72
  40) HCO     + O2      = HO2     + CO           1.340E+11
  41) CH2OH   + O2      = H2CO    + HO2          1.218E+09
  42) CH3O    + O2      = H2CO    + HO2          1.941E+11
  54) CH21    + O2      = HCO     + OH           2.537E+07
  58) CH23    + O2      = HCO     + OH           3.272E+08
  59) CH3     + O2      = H2CO    + OH           1.426E+04
  66) CH3     + O2      = CH3O2   +              2.625E+11
  73) N       + O2      = NO      + O            3.199E+07
 104) C2H5    + O2      = CH3     + HCO     OH   9.000E+08
 107) SO      + O2      = O       + SO2          1.290E+08
 116) HSO3    + O2      = HO2     + SO3          1.199E+09
 130) S       + O2      = SO      + O            3.142E+07
 147) SO21    + O2      = SO3     + O            2.023E+04
 213) CS      + O2      = OCS     + O            3.390E+05
 214) CS      + O2      = CO      + SO           4.238E+04
 224) CS2X    + O2      = CS      + SO2          3.639E+06
 245) C2H5S   + O2      = C2H5SO2 +              2.465E+09
 256) C2H7SO  + O2      = C2H6SO  + HO2          8.354E+08
 259) O2      + HV      = O       + O1D          2.931E+11
 260) O2      + HV      = O       + O            2.701E+12

H2O                 PRODUCTION RXS              INT RX RATE    TP =  1.24E+11
   4) H2      + OH      = H2O     + H            2.626E+10
   8) H       + HO2     = H2O     + O            4.391E+08
  11) OH      + HO2     = H2O     + O2           8.482E+10
  13) OH      + H2O2    = HO2     + H2O          1.259E+10
  22) OH      + OH      = H2O     + O            1.094E+09
  31) OH      + HCO     = H2O     + CO           2.633E+03
  43) H2CO    + OH      = H2O     + HCO          4.910E+10
  44) H       + OH      = H2O     +              1.963E+06
  48) CH4     + OH      = CH3     + H2O          2.481E+11
  69) CH3OOH  + OH      = CH3O2   + H2O          1.536E+11
  70) CH3OOH  + OH      = H2O     + H2CO    OH   6.582E+10
  84) HNO3    + OH      = H2O     + NO3          2.403E+09
  89) OH      + HNO     = H2O     + NO           1.150E+05
  90) HNO2    + OH      = H2O     + NO2          1.126E+08
  96) C2H6    + OH      = C2H5    + H2O          8.995E+08
 114) H2SO4   + H2O     = SO3     + H2O     H2O  4.984E+09
 120) H2S     + OH      = H2O     + HS           5.653E+05
 165) HSO     + OH      = H2O     + SO           4.776E+05
 209) OH      + HO2NO2  = H2O     + NO2     O2   5.812E+09
 242) C2H6S   + OH      = C2H5S   + H2O          2.457E+09
 258) CH4SO2  + OH      = CH3SO2  + H2O          8.318E+08
 291) H2SO4   + HV      = SO3     + H2O          1.990E+06

H2O                    LOSS RXS                INT RX RATE    TL =  6.75E+10
   1) H2O     + O1D     = OH      + OH           2.150E+11
 113) SO3     + H2O     = H2SO4   +              6.249E+09
 114) H2SO4   + H2O     = SO3     + H2O     H2O  4.984E+09
 203) N2O5    + H2O     = HNO3    + HNO3         1.886E+04
 261) H2O     + HV      = H       + OH           2.426E+10
 262) H2O     + HV      = H2      + O1D          1.363E+09
 263) H2O     + HV      = H       + H       O    2.045E+09

H                   PRODUCTION RXS              INT RX RATE    TP =  2.28E+12
   2) H2      + O1D     = OH      + H            2.358E+09
   3) H2      + O       = OH      + H            7.131E+07
   4) H2      + OH      = H2O     + H            2.626E+10
  10) OH      + O       = H       + O2           1.929E+12
  32) O       + HCO     = H       + CO2          1.495E+06
  34) CO      + OH      = CO2     + H            2.067E+11
  50) CH4     + O1D     = CH3O    + H            1.218E+09
  51) CH4     + O1D     = CH2OH   + H            1.218E+09
  60) CH3     + O       = H2CO    + H            5.580E+07
  75) N       + OH      = NO      + H            7.511E+06
  86) HNO     + HV      = NO      + H            5.022E+06
  92) CH21    + H2      = CH3     + H            3.648E+04
  94) CH23    + O       = HCO     + H            1.165E+06
 100) C2H5    + O       = CH3     + HCO     H    2.325E-01
 110) SO      + OH      = SO2     + H            2.326E+05
 123) HS      + O       = H       + SO           3.738E+03
 129) HS      + S       = H       + S2           3.503E-08
 131) S       + OH      = SO      + H            2.968E-02
 173) HS      + CO      = OCS     + H            4.410E-05
 226) CS      + HS      = CS2     + H            2.492E-04
 229) S       + HCS     = H       + CS2          3.630E-16
 230) HS      + CO      = OCS     + H            4.463E-05
 234) CH23    + S       = HCS     + H            1.138E-12
 261) H2O     + HV      = H       + OH           2.426E+10
 263) H2O     + HV      = H       + H       O    2.045E+09
 271) H2CO    + HV      = HCO     + H            8.279E+10
 274) CH4     + HV      = CH3     + H            3.242E+08
 275) CH4     + HV      = CH23    + H       H    5.474E+07
 276) CH3     + HV      = CH21    + H            3.906E+04
 287) H2S     + HV      = HS      + H            2.043E+03

H                      LOSS RXS                INT RX RATE    TL =  2.28E+12
   5) H       + O3      = OH      + O2           4.507E+11
   6) H       + O2      = HO2     +              1.805E+12
   7) H       + HO2     = H2      + O2           1.894E+09
   8) H       + HO2     = H2O     + O            4.391E+08
   9) H       + HO2     = OH      + OH           1.976E+10
  28) H       + CO      = HCO     +              3.573E+04
  29) H       + HCO     = H2      + CO           4.444E+04
  36) CO2     + H       = CO      + OH           4.151E-07
  38) H2CO    + H       = H2      + HCO          1.647E+05
  39) H       + H       = H2      +              1.544E+06
  44) H       + OH      = H2O     +              1.963E+06
  62) CH3     + H       = CH4     +              1.064E+04
  71) H       + NO      = HNO     +              1.942E+04
  83) NO2     + H       = NO      + OH           2.073E+07
  87) H       + HNO     = H2      + NO           2.172E+00
  99) C2H5    + H       = CH3     + CH3          2.660E-04
 121) H2S     + H       = H2      + HS           9.523E-02
 128) HS      + H       = H2      + S            8.393E-03
 163) H       + SO      = HSO     +              1.733E-03
 166) HSO     + H       = HS      + OH           3.802E-01
 167) HSO     + H       = H2      + SO           1.901E-01
 172) H       + OCS     = CO      + HS           3.400E+01
 194) H       + N2O     = N2      + OH           6.003E-04
 227) H       + CS      = HCS     +              2.914E-09
 228) H       + HCS     = H2      + CS           5.865E-11
 239) OCS     + H       = CO      + HS           3.389E+01

OH                  PRODUCTION RXS              INT RX RATE    TP =  3.31E+12
   1) H2O     + O1D     = OH      + OH           2.150E+11
   2) H2      + O1D     = OH      + H            2.358E+09
   3) H2      + O       = OH      + H            7.131E+07
   5) H       + O3      = OH      + O2           4.507E+11
   9) H       + HO2     = OH      + OH           1.976E+10
  14) HO2     + O       = OH      + O2           1.685E+12
  15) HO2     + O3      = OH      + O2      O2   2.396E+11
  33) O       + HCO     = OH      + CO           1.495E+06
  36) CO2     + H       = CO      + OH           4.151E-07
  46) H2CO    + O       = HCO     + OH           8.794E+08
  47) H2O2    + O       = OH      + HO2          1.627E+06
  49) CH4     + O1D     = CH3     + OH           9.050E+09
  54) CH21    + O2      = HCO     + OH           2.537E+07
  58) CH23    + O2      = HCO     + OH           3.272E+08
  59) CH3     + O2      = H2CO    + OH           1.426E+04
  70) CH3OOH  + OH      = H2O     + H2CO    OH   6.582E+10
  79) NO      + HO2     = NO2     + OH           2.196E+11
  83) NO2     + H       = NO      + OH           2.073E+07
  88) O       + HNO     = OH      + NO           4.326E+04
  91) CH4     + O       = CH3     + OH           5.211E+07
  97) C2H6    + O       = C2H5    + OH           2.997E+04
  98) C2H6    + O1D     = C2H5    + OH           4.379E+05
 104) C2H5    + O2      = CH3     + HCO     OH   9.000E+08
 108) SO      + HO2     = SO2     + OH           3.718E+05
 122) H2S     + O       = OH      + HS           4.782E+01
 134) S       + HO2     = SO      + OH           2.391E-02
 154) SO2     + HO2     = SO3     + OH           1.735E+05
 156) HS      + HO2     = HSO     + OH           5.746E+05
 166) HSO     + H       = HS      + OH           3.802E-01
 169) HSO     + O       = OH      + SO           1.184E+04
 190) HO2     + NO3     = OH      + NO2     O2   1.566E+07
 194) H       + N2O     = N2      + OH           6.003E-04
 199) N       + HO2     = NO      + OH           1.983E+06
 208) O       + HO2NO2  = OH      + NO2     O2   3.742E+04
 211) O       + HNO3    = OH      + NO3          1.360E+06
 222) CS2OH   + HV      = CS2     + OH           4.301E+07
 261) H2O     + HV      = H       + OH           2.426E+10
 267) H2O2    + HV      = OH      + OH           2.116E+10
 272) HO2     + HV      = OH      + O            5.109E+09
 279) HNO2    + HV      = NO      + OH           4.944E+09
 280) HNO3    + HV      = NO2     + OH           6.452E+09
 305) HO2NO2  + HV      = OH      + NO3          6.941E+08
 308) CH3OOH  + HV      = CH3O    + OH           8.424E+10

OH                     LOSS RXS                INT RX RATE    TL =  3.31E+12
   4) H2      + OH      = H2O     + H            2.626E+10
  10) OH      + O       = H       + O2           1.929E+12
  11) OH      + HO2     = H2O     + O2           8.482E+10
  12) OH      + O3      = HO2     + O2           5.047E+11
  13) OH      + H2O2    = HO2     + H2O          1.259E+10
  22) OH      + OH      = H2O     + O            1.094E+09
  31) OH      + HCO     = H2O     + CO           2.633E+03
  34) CO      + OH      = CO2     + H            2.067E+11
  43) H2CO    + OH      = H2O     + HCO          4.910E+10
  44) H       + OH      = H2O     +              1.963E+06
  45) OH      + OH      = H2O2    +              6.736E+07
  48) CH4     + OH      = CH3     + H2O          2.481E+11
  69) CH3OOH  + OH      = CH3O2   + H2O          1.536E+11
  70) CH3OOH  + OH      = H2O     + H2CO    OH   6.582E+10
  75) N       + OH      = NO      + H            7.511E+06
  80) NO      + OH      = HNO2    +              4.051E+09
  82) NO2     + OH      = HNO3    +              1.026E+10
  84) HNO3    + OH      = H2O     + NO3          2.403E+09
  89) OH      + HNO     = H2O     + NO           1.150E+05
  90) HNO2    + OH      = H2O     + NO2          1.126E+08
  96) C2H6    + OH      = C2H5    + H2O          8.995E+08
 101) C2H5    + OH      = CH3     + HCO     H2   1.749E-02
 110) SO      + OH      = SO2     + H            2.326E+05
 111) SO2     + OH      = HSO3    +              1.199E+09
 120) H2S     + OH      = H2O     + HS           5.653E+05
 131) S       + OH      = SO      + H            2.968E-02
 165) HSO     + OH      = H2O     + SO           4.776E+05
 177) OCS     + OH      = CO2     + HS           5.623E+06
 193) OH      + NO3     = HO2     + NO2          2.093E+07
 209) OH      + HO2NO2  = H2O     + NO2     O2   5.812E+09
 220) CS2     + OH      = OCS     + HS           1.075E+05
 221) CS2     + OH      = CS2OH   +              4.301E+07
 242) C2H6S   + OH      = C2H5S   + H2O          2.457E+09
 243) C2H6S   + OH      = C2H7SO  +              8.354E+08
 257) C2H6SO  + OH      = CH4SO2  + CH3          8.318E+08
 258) CH4SO2  + OH      = CH3SO2  + H2O          8.318E+08

HO2                 PRODUCTION RXS              INT RX RATE    TP =  2.67E+12
   6) H       + O2      = HO2     +              1.805E+12
  12) OH      + O3      = HO2     + O2           5.047E+11
  13) OH      + H2O2    = HO2     + H2O          1.259E+10
  40) HCO     + O2      = HO2     + CO           1.340E+11
  41) CH2OH   + O2      = H2CO    + HO2          1.218E+09
  42) CH3O    + O2      = H2CO    + HO2          1.941E+11
  47) H2O2    + O       = OH      + HO2          1.627E+06
 116) HSO3    + O2      = HO2     + SO3          1.199E+09
 193) OH      + NO3     = HO2     + NO2          2.093E+07
 210) HO2NO2  + M       = HO2     + NO2          1.055E+10
 256) C2H7SO  + O2      = C2H6SO  + HO2          8.354E+08
 304) HO2NO2  + HV      = HO2     + NO2          2.622E+09

HO2                    LOSS RXS                INT RX RATE    TL =  2.67E+12
   7) H       + HO2     = H2      + O2           1.894E+09
   8) H       + HO2     = H2O     + O            4.391E+08
   9) H       + HO2     = OH      + OH           1.976E+10
  11) OH      + HO2     = H2O     + O2           8.482E+10
  14) HO2     + O       = OH      + O2           1.685E+12
  15) HO2     + O3      = OH      + O2      O2   2.396E+11
  16) HO2     + HO2     = H2O2    + O2           4.159E+10
  68) CH3O2   + HO2     = CH3OOH  + O2           3.073E+11
  79) NO      + HO2     = NO2     + OH           2.196E+11
 108) SO      + HO2     = SO2     + OH           3.718E+05
 125) HS      + HO2     = H2S     + O2           5.746E+05
 133) S       + HO2     = HS      + O2           2.391E-02
 134) S       + HO2     = SO      + OH           2.391E-02
 154) SO2     + HO2     = SO3     + OH           1.735E+05
 156) HS      + HO2     = HSO     + OH           5.746E+05
 190) HO2     + NO3     = OH      + NO2     O2   1.566E+07
 199) N       + HO2     = NO      + OH           1.983E+06
 207) HO2     + NO2     = HO2NO2  +              1.971E+10
 212) HO2     + NO2     = HNO2    + O2           1.328E+07
 272) HO2     + HV      = OH      + O            5.109E+09

H2O2                PRODUCTION RXS              INT RX RATE    TP =  4.17E+10
  16) HO2     + HO2     = H2O2    + O2           4.159E+10
  45) OH      + OH      = H2O2    +              6.736E+07

H2O2                   LOSS RXS                INT RX RATE    TL =  4.02E+10
  13) OH      + H2O2    = HO2     + H2O          1.259E+10
  47) H2O2    + O       = OH      + HO2          1.627E+06
 267) H2O2    + HV      = OH      + OH           2.116E+10

H2                  PRODUCTION RXS              INT RX RATE    TP =  1.30E+11
   7) H       + HO2     = H2      + O2           1.894E+09
  29) H       + HCO     = H2      + CO           4.444E+04
  38) H2CO    + H       = H2      + HCO          1.647E+05
  39) H       + H       = H2      +              1.544E+06
  52) CH4     + O1D     = H2CO    + H2           6.092E+08
  87) H       + HNO     = H2      + NO           2.172E+00
 101) C2H5    + OH      = CH3     + HCO     H2   1.749E-02
 121) H2S     + H       = H2      + HS           9.523E-02
 128) HS      + H       = H2      + S            8.393E-03
 167) HSO     + H       = H2      + SO           1.901E-01
 228) H       + HCS     = H2      + CS           5.865E-11
 262) H2O     + HV      = H2      + O1D          1.363E+09
 270) H2CO    + HV      = H2      + CO           1.255E+11
 273) CH4     + HV      = CH21    + H2           2.991E+08
 277) C2H6    + HV      = CH23    + CH23    H2   1.845E+00

H2                     LOSS RXS                INT RX RATE    TL =  2.87E+10
   2) H2      + O1D     = OH      + H            2.358E+09
   3) H2      + O       = OH      + H            7.131E+07
   4) H2      + OH      = H2O     + H            2.626E+10
  92) CH21    + H2      = CH3     + H            3.648E+04

CO                  PRODUCTION RXS              INT RX RATE    TP =  2.68E+11
  29) H       + HCO     = H2      + CO           4.444E+04
  30) HCO     + HCO     = H2CO    + CO           1.056E-04
  31) OH      + HCO     = H2O     + CO           2.633E+03
  33) O       + HCO     = OH      + CO           1.495E+06
  36) CO2     + H       = CO      + OH           4.151E-07
  40) HCO     + O2      = HO2     + CO           1.340E+11
  63) CH3     + HCO     = CH4     + CO           3.619E-02
  85) HCO     + NO      = HNO     + CO           1.862E+03
  93) CH21    + CO2     = H2CO    + CO           1.136E+04
  95) CH23    + CO2     = H2CO    + CO           6.220E+04
 102) C2H5    + HCO     = C2H6    + CO           2.344E-09
 127) HS      + HCO     = H2S     + CO           6.191E-04
 132) S       + HCO     = HS      + CO           1.023E-10
 162) SO      + HCO     = HSO     + CO           2.588E-04
 172) H       + OCS     = CO      + HS           3.400E+01
 174) O       + OCS     = CO      + SO           1.883E+06
 176) OCS     + S       = CO      + S2           7.878E-03
 180) CO      + O1D     = CO      + O            6.710E+07
 214) CS      + O2      = CO      + SO           4.238E+04
 217) CS      + O3      = CO      + SO2          6.289E+06
 237) CS2     + O       = CO      + S2           1.236E+05
 239) OCS     + H       = CO      + HS           3.389E+01
 241) CS      + O       = CO      + S            1.950E+00
 268) CO2     + HV      = CO      + O            3.739E+09
 269) CO2     + HV      = CO      + O1D          4.864E+09
 270) H2CO    + HV      = H2      + CO           1.255E+11
 300) OCS     + HV      = CO      + S            2.058E+07

CO                     LOSS RXS                INT RX RATE    TL =  2.07E+11
  28) H       + CO      = HCO     +              3.573E+04
  34) CO      + OH      = CO2     + H            2.067E+11
  35) CO      + O       = CO2     +              4.134E+06
 173) HS      + CO      = OCS     + H            4.410E-05
 179) S       + CO      = OCS     +              6.844E-04
 180) CO      + O1D     = CO      + O            6.710E+07
 188) OCS2    + CO      = OCS     + OCS          9.237E-03
 230) HS      + CO      = OCS     + H            4.463E-05

HCO                 PRODUCTION RXS              INT RX RATE    TP =  1.34E+11
  28) H       + CO      = HCO     +              3.573E+04
  38) H2CO    + H       = H2      + HCO          1.647E+05
  43) H2CO    + OH      = H2O     + HCO          4.910E+10
  46) H2CO    + O       = HCO     + OH           8.794E+08
  54) CH21    + O2      = HCO     + OH           2.537E+07
  58) CH23    + O2      = HCO     + OH           3.272E+08
  65) CH3     + H2CO    = CH4     + HCO          2.745E-03
  94) CH23    + O       = HCO     + H            1.165E+06
 100) C2H5    + O       = CH3     + HCO     H    2.325E-01
 101) C2H5    + OH      = CH3     + HCO     H2   1.749E-02
 104) C2H5    + O2      = CH3     + HCO     OH   9.000E+08
 271) H2CO    + HV      = HCO     + H            8.279E+10

HCO                    LOSS RXS                INT RX RATE    TL =  1.34E+11
  29) H       + HCO     = H2      + CO           4.444E+04
  30) HCO     + HCO     = H2CO    + CO           1.056E-04
  31) OH      + HCO     = H2O     + CO           2.633E+03
  32) O       + HCO     = H       + CO2          1.495E+06
  33) O       + HCO     = OH      + CO           1.495E+06
  40) HCO     + O2      = HO2     + CO           1.340E+11
  63) CH3     + HCO     = CH4     + CO           3.619E-02
  85) HCO     + NO      = HNO     + CO           1.862E+03
 102) C2H5    + HCO     = C2H6    + CO           2.344E-09
 127) HS      + HCO     = H2S     + CO           6.191E-04
 132) S       + HCO     = HS      + CO           1.023E-10
 162) SO      + HCO     = HSO     + CO           2.588E-04

H2CO                PRODUCTION RXS              INT RX RATE    TP =  2.64E+11
  30) HCO     + HCO     = H2CO    + CO           1.056E-04
  41) CH2OH   + O2      = H2CO    + HO2          1.218E+09
  42) CH3O    + O2      = H2CO    + HO2          1.941E+11
  52) CH4     + O1D     = H2CO    + H2           6.092E+08
  59) CH3     + O2      = H2CO    + OH           1.426E+04
  60) CH3     + O       = H2CO    + H            5.580E+07
  70) CH3OOH  + OH      = H2O     + H2CO    OH   6.582E+10
  93) CH21    + CO2     = H2CO    + CO           1.136E+04
  95) CH23    + CO2     = H2CO    + CO           6.220E+04
 247) C2H5SO  + HV      = H2CO    + CH3S         2.465E+09

H2CO                   LOSS RXS                INT RX RATE    TL =  2.62E+11
  38) H2CO    + H       = H2      + HCO          1.647E+05
  43) H2CO    + OH      = H2O     + HCO          4.910E+10
  46) H2CO    + O       = HCO     + OH           8.794E+08
  65) CH3     + H2CO    = CH4     + HCO          2.745E-03
 270) H2CO    + HV      = H2      + CO           1.255E+11
 271) H2CO    + HV      = HCO     + H            8.279E+10

CH3O                PRODUCTION RXS              INT RX RATE    TP =  1.94E+11
  50) CH4     + O1D     = CH3O    + H            1.218E+09
  67) CH3O2   + NO      = CH3O    + NO2          1.087E+11
 308) CH3OOH  + HV      = CH3O    + OH           8.424E+10

CH3O                   LOSS RXS                INT RX RATE    TL =  1.94E+11
  42) CH3O    + O2      = H2CO    + HO2          1.941E+11

CH2OH               PRODUCTION RXS              INT RX RATE    TP =  1.22E+09
  51) CH4     + O1D     = CH2OH   + H            1.218E+09

CH2OH                  LOSS RXS                INT RX RATE    TL =  1.22E+09
  41) CH2OH   + O2      = H2CO    + HO2          1.218E+09

CH3O2               PRODUCTION RXS              INT RX RATE    TP =  4.16E+11
  66) CH3     + O2      = CH3O2   +              2.625E+11
  69) CH3OOH  + OH      = CH3O2   + H2O          1.536E+11

CH3O2                  LOSS RXS                INT RX RATE    TL =  4.16E+11
  67) CH3O2   + NO      = CH3O    + NO2          1.087E+11
  68) CH3O2   + HO2     = CH3OOH  + O2           3.073E+11

CH3OOH              PRODUCTION RXS              INT RX RATE    TP =  3.07E+11
  68) CH3O2   + HO2     = CH3OOH  + O2           3.073E+11

CH3OOH                 LOSS RXS                INT RX RATE    TL =  3.07E+11
  69) CH3OOH  + OH      = CH3O2   + H2O          1.536E+11
  70) CH3OOH  + OH      = H2O     + H2CO    OH   6.582E+10
 308) CH3OOH  + HV      = CH3O    + OH           8.424E+10

CH4                 PRODUCTION RXS              INT RX RATE    TP =  1.06E+04
  62) CH3     + H       = CH4     +              1.064E+04
  63) CH3     + HCO     = CH4     + CO           3.619E-02
  64) CH3     + HNO     = CH4     + NO           2.247E-04
  65) CH3     + H2CO    = CH4     + HCO          2.745E-03
 233) CH3     + HCS     = CH4     + CS           8.864E-12
 278) C2H6    + HV      = CH4     + CH21         4.613E-01

CH4                    LOSS RXS                INT RX RATE    TL =  2.61E+11
  48) CH4     + OH      = CH3     + H2O          2.481E+11
  49) CH4     + O1D     = CH3     + OH           9.050E+09
  50) CH4     + O1D     = CH3O    + H            1.218E+09
  51) CH4     + O1D     = CH2OH   + H            1.218E+09
  52) CH4     + O1D     = H2CO    + H2           6.092E+08
  53) CH21    + CH4     = CH3     + CH3          2.568E-10
  91) CH4     + O       = CH3     + OH           5.211E+07
 273) CH4     + HV      = CH21    + H2           2.991E+08
 274) CH4     + HV      = CH3     + H            3.242E+08
 275) CH4     + HV      = CH23    + H       H    5.474E+07

CH3                 PRODUCTION RXS              INT RX RATE    TP =  2.63E+11
  48) CH4     + OH      = CH3     + H2O          2.481E+11
  49) CH4     + O1D     = CH3     + OH           9.050E+09
  53) CH21    + CH4     = CH3     + CH3          2.568E-10
  91) CH4     + O       = CH3     + OH           5.211E+07
  92) CH21    + H2      = CH3     + H            3.648E+04
  99) C2H5    + H       = CH3     + CH3          2.660E-04
 100) C2H5    + O       = CH3     + HCO     H    2.325E-01
 101) C2H5    + OH      = CH3     + HCO     H2   1.749E-02
 104) C2H5    + O2      = CH3     + HCO     OH   9.000E+08
 254) CH3SO2  + HV      = CH3     + SO2          3.234E+09
 255) CH3SO3  + HV      = CH3     + SO3          6.274E+07
 257) C2H6SO  + OH      = CH4SO2  + CH3          8.318E+08
 274) CH4     + HV      = CH3     + H            3.242E+08

CH3                    LOSS RXS                INT RX RATE    TL =  2.63E+11
  59) CH3     + O2      = H2CO    + OH           1.426E+04
  60) CH3     + O       = H2CO    + H            5.580E+07
  61) CH3     + CH3     = C2H6    +              5.862E+00
  62) CH3     + H       = CH4     +              1.064E+04
  63) CH3     + HCO     = CH4     + CO           3.619E-02
  64) CH3     + HNO     = CH4     + NO           2.247E-04
  65) CH3     + H2CO    = CH4     + HCO          2.745E-03
  66) CH3     + O2      = CH3O2   +              2.625E+11
 233) CH3     + HCS     = CH4     + CS           8.864E-12
 276) CH3     + HV      = CH21    + H            3.906E+04

C2H6                PRODUCTION RXS              INT RX RATE    TP =  5.86E+00
  61) CH3     + CH3     = C2H6    +              5.862E+00
 102) C2H5    + HCO     = C2H6    + CO           2.344E-09
 103) C2H5    + HNO     = C2H6    + NO           3.953E-08

C2H6                   LOSS RXS                INT RX RATE    TL =  9.00E+08
  96) C2H6    + OH      = C2H5    + H2O          8.995E+08
  97) C2H6    + O       = C2H5    + OH           2.997E+04
  98) C2H6    + O1D     = C2H5    + OH           4.379E+05
 277) C2H6    + HV      = CH23    + CH23    H2   1.845E+00
 278) C2H6    + HV      = CH4     + CH21         4.613E-01

NO                  PRODUCTION RXS              INT RX RATE    TP =  5.57E+12
  64) CH3     + HNO     = CH4     + NO           2.247E-04
  73) N       + O2      = NO      + O            3.199E+07
  75) N       + OH      = NO      + H            7.511E+06
  81) NO2     + O       = NO      + O2           7.037E+11
  83) NO2     + H       = NO      + OH           2.073E+07
  86) HNO     + HV      = NO      + H            5.022E+06
  87) H       + HNO     = H2      + NO           2.172E+00
  88) O       + HNO     = OH      + NO           4.326E+04
  89) OH      + HNO     = H2O     + NO           1.150E+05
 103) C2H5    + HNO     = C2H6    + NO           3.953E-08
 152) SO      + NO2     = SO2     + NO           4.841E+06
 157) HS      + NO2     = HSO     + NO           2.594E+06
 198) O1D     + N2O     = NO      + NO           1.083E+08
 199) N       + HO2     = NO      + OH           1.983E+06
 204) NO2     + NO3     = NO      + NO2     O2   1.301E+04
 249) CH3S    + NO2     = CH3SO   + NO           4.306E+06
 251) CH3SO   + NO2     = CH3SO2  + NO           1.434E+07
 253) CH3SO2  + NO2     = CH3SO3  + NO           6.634E+04
 279) HNO2    + HV      = NO      + OH           4.944E+09
 284) NO2     + HV      = NO      + O1D          7.675E+08
 285) NO2     + HV      = NO      + O            4.860E+12
 301) NO3     + HV      = NO      + O2           1.874E+09
 307) N2O5    + HV      = NO3     + NO      O    6.363E+07

NO                     LOSS RXS                INT RX RATE    TL =  5.57E+12
  67) CH3O2   + NO      = CH3O    + NO2          1.087E+11
  71) H       + NO      = HNO     +              1.942E+04
  76) N       + NO      = N2      + O            2.746E+07
  77) NO      + O3      = NO2     + O2           5.229E+12
  78) NO      + O       = NO2     +              4.901E+09
  79) NO      + HO2     = NO2     + OH           2.196E+11
  80) NO      + OH      = HNO2    +              4.051E+09
  85) HCO     + NO      = HNO     + CO           1.862E+03
 164) HSO     + NO      = HNO     + SO           5.163E+06
 191) NO      + NO3     = NO2     + NO2          2.911E+09
 246) C2H5SO2 + NO      = C2H5SO  + NO2          2.465E+09
 283) NO      + HV      = N       + O            7.512E+07

NO2                 PRODUCTION RXS              INT RX RATE    TP =  5.61E+12
  67) CH3O2   + NO      = CH3O    + NO2          1.087E+11
  77) NO      + O3      = NO2     + O2           5.229E+12
  78) NO      + O       = NO2     +              4.901E+09
  79) NO      + HO2     = NO2     + OH           2.196E+11
  90) HNO2    + OH      = H2O     + NO2          1.126E+08
 189) O       + NO3     = O2      + NO2          1.430E+08
 190) HO2     + NO3     = OH      + NO2     O2   1.566E+07
 191) NO      + NO3     = NO2     + NO2          2.911E+09
 193) OH      + NO3     = HO2     + NO2          2.093E+07
 200) O       + N2O5    = NO2     + NO2     O2   2.843E+04
 202) N2O5    + M       = NO3     + NO2          7.266E+05
 204) NO2     + NO3     = NO      + NO2     O2   1.301E+04
 206) NO3     + NO3     = NO2     + NO2     O2   1.787E-01
 208) O       + HO2NO2  = OH      + NO2     O2   3.742E+04
 209) OH      + HO2NO2  = H2O     + NO2     O2   5.812E+09
 210) HO2NO2  + M       = HO2     + NO2          1.055E+10
 246) C2H5SO2 + NO      = C2H5SO  + NO2          2.465E+09
 280) HNO3    + HV      = NO2     + OH           6.452E+09
 302) NO3     + HV      = NO2     + O            1.397E+10
 304) HO2NO2  + HV      = HO2     + NO2          2.622E+09
 306) N2O5    + HV      = NO3     + NO2          3.563E+07

NO2                    LOSS RXS                INT RX RATE    TL =  5.61E+12
  81) NO2     + O       = NO      + O2           7.037E+11
  82) NO2     + OH      = HNO3    +              1.026E+10
  83) NO2     + H       = NO      + OH           2.073E+07
 152) SO      + NO2     = SO2     + NO           4.841E+06
 157) HS      + NO2     = HSO     + NO           2.594E+06
 192) O       + NO2     = NO3     +              1.246E+10
 195) N       + NO2     = N2O     + O            6.183E+06
 201) NO2     + NO3     = N2O5    +              1.000E+08
 204) NO2     + NO3     = NO      + NO2     O2   1.301E+04
 205) NO2     + O3      = NO3     + O2           3.384E+09
 207) HO2     + NO2     = HO2NO2  +              1.971E+10
 212) HO2     + NO2     = HNO2    + O2           1.328E+07
 249) CH3S    + NO2     = CH3SO   + NO           4.306E+06
 251) CH3SO   + NO2     = CH3SO2  + NO           1.434E+07
 253) CH3SO2  + NO2     = CH3SO3  + NO           6.634E+04
 284) NO2     + HV      = NO      + O1D          7.675E+08
 285) NO2     + HV      = NO      + O            4.860E+12

HNO                 PRODUCTION RXS              INT RX RATE    TP =  5.18E+06
  71) H       + NO      = HNO     +              1.942E+04
  85) HCO     + NO      = HNO     + CO           1.862E+03
 164) HSO     + NO      = HNO     + SO           5.163E+06

HNO                    LOSS RXS                INT RX RATE    TL =  5.18E+06
  64) CH3     + HNO     = CH4     + NO           2.247E-04
  86) HNO     + HV      = NO      + H            5.022E+06
  87) H       + HNO     = H2      + NO           2.172E+00
  88) O       + HNO     = OH      + NO           4.326E+04
  89) OH      + HNO     = H2O     + NO           1.150E+05
 103) C2H5    + HNO     = C2H6    + NO           3.953E-08

H2S                 PRODUCTION RXS              INT RX RATE    TP =  5.75E+05
 125) HS      + HO2     = H2S     + O2           5.746E+05
 126) HS      + HS      = H2S     + S            6.342E+00
 127) HS      + HCO     = H2S     + CO           6.191E-04
 168) HSO     + HS      = H2S     + SO           1.495E+01
 235) HS      + HCS     = H2S     + CS           2.848E-09

H2S                    LOSS RXS                INT RX RATE    TL =  5.67E+05
 120) H2S     + OH      = H2O     + HS           5.653E+05
 121) H2S     + H       = H2      + HS           9.523E-02
 122) H2S     + O       = OH      + HS           4.782E+01
 287) H2S     + HV      = HS      + H            2.043E+03

HS                  PRODUCTION RXS              INT RX RATE    TP =  9.23E+08
 120) H2S     + OH      = H2O     + HS           5.653E+05
 121) H2S     + H       = H2      + HS           9.523E-02
 122) H2S     + O       = OH      + HS           4.782E+01
 132) S       + HCO     = HS      + CO           1.023E-10
 133) S       + HO2     = HS      + O2           2.391E-02
 166) HSO     + H       = HS      + OH           3.802E-01
 170) HSO     + O3      = HS      + O2      O2   9.162E+08
 171) HSO     + S       = HS      + SO           1.413E-06
 172) H       + OCS     = CO      + HS           3.400E+01
 177) OCS     + OH      = CO2     + HS           5.623E+06
 220) CS2     + OH      = OCS     + HS           1.075E+05
 231) CH21    + S2      = HCS     + HS           4.583E-18
 232) CH23    + S2      = HCS     + HS           4.842E-17
 236) S       + HCS     = HS      + CS           1.815E-16
 239) OCS     + H       = CO      + HS           3.389E+01
 287) H2S     + HV      = HS      + H            2.043E+03
 299) HSO     + HV      = HS      + O            3.390E+02

HS                     LOSS RXS                INT RX RATE    TL =  9.23E+08
 123) HS      + O       = H       + SO           3.738E+03
 125) HS      + HO2     = H2S     + O2           5.746E+05
 126) HS      + HS      = H2S     + S            6.342E+00
 127) HS      + HCO     = H2S     + CO           6.191E-04
 128) HS      + H       = H2      + S            8.393E-03
 129) HS      + S       = H       + S2           3.503E-08
 155) HS      + O3      = HSO     + O2           9.188E+08
 156) HS      + HO2     = HSO     + OH           5.746E+05
 157) HS      + NO2     = HSO     + NO           2.594E+06
 168) HSO     + HS      = H2S     + SO           1.495E+01
 173) HS      + CO      = OCS     + H            4.410E-05
 226) CS      + HS      = CS2     + H            2.492E-04
 230) HS      + CO      = OCS     + H            4.463E-05
 235) HS      + HCS     = H2S     + CS           2.848E-09

S                   PRODUCTION RXS              INT RX RATE    TP =  3.14E+07
 126) HS      + HS      = H2S     + S            6.342E+00
 128) HS      + H       = H2      + S            8.393E-03
 136) S2      + O       = S       + SO           1.378E+03
 159) SO      + SO      = SO2     + S            4.753E-04
 175) O       + OCS     = S       + CO2          1.413E+01
 219) CS2     + O       = OCS     + S            5.200E+05
 241) CS      + O       = CO      + S            1.950E+00
 286) SO      + HV      = S       + O            9.884E+03
 292) S2      + HV      = S       + S            1.222E+05
 294) S3      + HV      = S2      + S            1.763E-08
 300) OCS     + HV      = CO      + S            2.058E+07
 309) CS2     + HV      = CS      + S            1.006E+07

S                      LOSS RXS                INT RX RATE    TL =  3.14E+07
 129) HS      + S       = H       + S2           3.503E-08
 130) S       + O2      = SO      + O            3.142E+07
 131) S       + OH      = SO      + H            2.968E-02
 132) S       + HCO     = HS      + CO           1.023E-10
 133) S       + HO2     = HS      + O2           2.391E-02
 134) S       + HO2     = SO      + OH           2.391E-02
 135) S       + S       = S2      +              3.119E-17
 139) S       + S2      = S3      +              1.763E-08
 141) S       + S3      = S4      +              3.808E-25
 158) S       + O3      = SO      + O2           6.818E+03
 171) HSO     + S       = HS      + SO           1.413E-06
 176) OCS     + S       = CO      + S2           7.878E-03
 179) S       + CO      = OCS     +              6.844E-04
 184) OCS     + S       = OCS2    +              9.237E-03
 185) OCS2    + S       = OCS     + S2           9.488E-18
 229) S       + HCS     = H       + CS2          3.630E-16
 234) CH23    + S       = HCS     + H            1.138E-12
 236) S       + HCS     = HS      + CS           1.815E-16
 240) CS2     + S       = CS      + S2           4.438E-07

SO                  PRODUCTION RXS              INT RX RATE    TP =  1.67E+08
 106) SO2     + O1D     = SO      + O2           1.396E+04
 123) HS      + O       = H       + SO           3.738E+03
 130) S       + O2      = SO      + O            3.142E+07
 131) S       + OH      = SO      + H            2.968E-02
 134) S       + HO2     = SO      + OH           2.391E-02
 136) S2      + O       = S       + SO           1.378E+03
 148) SO21    + SO2     = SO3     + SO           3.563E+00
 151) SO23    + SO2     = SO3     + SO           4.521E-01
 158) S       + O3      = SO      + O2           6.818E+03
 164) HSO     + NO      = HNO     + SO           5.163E+06
 165) HSO     + OH      = H2O     + SO           4.776E+05
 167) HSO     + H       = H2      + SO           1.901E-01
 168) HSO     + HS      = H2S     + SO           1.495E+01
 169) HSO     + O       = OH      + SO           1.184E+04
 171) HSO     + S       = HS      + SO           1.413E-06
 174) O       + OCS     = CO      + SO           1.883E+06
 214) CS      + O2      = CO      + SO           4.238E+04
 216) CS      + O3      = SO      + CO2          6.289E+06
 218) CS2     + O       = SO      + CS           5.546E+06
 288) SO2     + HV      = SO      + O            1.157E+08

SO                     LOSS RXS                INT RX RATE    TL =  1.67E+08
 107) SO      + O2      = O       + SO2          1.290E+08
 108) SO      + HO2     = SO2     + OH           3.718E+05
 109) SO      + O       = SO2     +              8.146E+03
 110) SO      + OH      = SO2     + H            2.326E+05
 152) SO      + NO2     = SO2     + NO           4.841E+06
 153) SO      + O3      = SO2     + O2           3.213E+07
 159) SO      + SO      = SO2     + S            4.753E-04
 160) SO3     + SO      = SO2     + SO2          1.584E-04
 162) SO      + HCO     = HSO     + CO           2.588E-04
 163) H       + SO      = HSO     +              1.733E-03
 238) CS2     + SO      = OCS     + S2           6.560E-03
 286) SO      + HV      = S       + O            9.884E+03

SO2                 PRODUCTION RXS              INT RX RATE    TP =  1.09E+11
 105) SO2     + O1D     = SO2     + O            4.353E+03
 107) SO      + O2      = O       + SO2          1.290E+08
 108) SO      + HO2     = SO2     + OH           3.718E+05
 109) SO      + O       = SO2     +              8.146E+03
 110) SO      + OH      = SO2     + H            2.326E+05
 115) SO3     + O       = SO2     + O2           3.829E-01
 144) SO21    + M       = SO2     + M            9.509E+10
 146) SO21    + HV      = SO2     + HV           1.633E+07
 149) SO23    + M       = SO2     + M            1.031E+10
 150) SO23    + HV      = SO2     + HV           5.864E+06
 152) SO      + NO2     = SO2     + NO           4.841E+06
 153) SO      + O3      = SO2     + O2           3.213E+07
 159) SO      + SO      = SO2     + S            4.753E-04
 160) SO3     + SO      = SO2     + SO2          1.584E-04
 217) CS      + O3      = CO      + SO2          6.289E+06
 224) CS2X    + O2      = CS      + SO2          3.639E+06
 254) CH3SO2  + HV      = CH3     + SO2          3.234E+09
 298) SO3     + HV      = SO2     + O            5.208E+02

SO2                    LOSS RXS                INT RX RATE    TL =  1.08E+11
 105) SO2     + O1D     = SO2     + O            4.353E+03
 106) SO2     + O1D     = SO      + O2           1.396E+04
 111) SO2     + OH      = HSO3    +              1.199E+09
 112) SO2     + O       = SO3     +              5.697E+05
 148) SO21    + SO2     = SO3     + SO           3.563E+00
 151) SO23    + SO2     = SO3     + SO           4.521E-01
 154) SO2     + HO2     = SO3     + OH           1.735E+05
 288) SO2     + HV      = SO      + O            1.157E+08
 289) SO2     + HV      = SO21    +              1.046E+11
 290) SO2     + HV      = SO23    +              8.100E+08

H2SO4               PRODUCTION RXS              INT RX RATE    TP =  6.25E+09
 113) SO3     + H2O     = H2SO4   +              6.249E+09

H2SO4                  LOSS RXS                INT RX RATE    TL =  6.17E+09
 114) H2SO4   + H2O     = SO3     + H2O     H2O  4.984E+09
 291) H2SO4   + HV      = SO3     + H2O          1.990E+06

HSO                 PRODUCTION RXS              INT RX RATE    TP =  9.22E+08
 155) HS      + O3      = HSO     + O2           9.188E+08
 156) HS      + HO2     = HSO     + OH           5.746E+05
 157) HS      + NO2     = HSO     + NO           2.594E+06
 162) SO      + HCO     = HSO     + CO           2.588E-04
 163) H       + SO      = HSO     +              1.733E-03

HSO                    LOSS RXS                INT RX RATE    TL =  9.22E+08
 164) HSO     + NO      = HNO     + SO           5.163E+06
 165) HSO     + OH      = H2O     + SO           4.776E+05
 166) HSO     + H       = HS      + OH           3.802E-01
 167) HSO     + H       = H2      + SO           1.901E-01
 168) HSO     + HS      = H2S     + SO           1.495E+01
 169) HSO     + O       = OH      + SO           1.184E+04
 170) HSO     + O3      = HS      + O2      O2   9.162E+08
 171) HSO     + S       = HS      + SO           1.413E-06
 299) HSO     + HV      = HS      + O            3.390E+02

S2                  PRODUCTION RXS              INT RX RATE    TP =  1.24E+05
 129) HS      + S       = H       + S2           3.503E-08
 135) S       + S       = S2      +              3.119E-17
 176) OCS     + S       = CO      + S2           7.878E-03
 185) OCS2    + S       = OCS     + S2           9.488E-18
 225) CS2X    + CS2     = CS      + CS      S2   8.475E-04
 237) CS2     + O       = CO      + S2           1.236E+05
 238) CS2     + SO      = OCS     + S2           6.560E-03
 240) CS2     + S       = CS      + S2           4.438E-07
 293) S4      + HV      = S2      + S2           2.229E+01
 294) S3      + HV      = S2      + S            1.763E-08

S2                     LOSS RXS                INT RX RATE    TL =  1.24E+05
 136) S2      + O       = S       + SO           1.378E+03
 139) S       + S2      = S3      +              1.763E-08
 140) S2      + S2      = S4      +              2.229E+01
 231) CH21    + S2      = HCS     + HS           4.583E-18
 232) CH23    + S2      = HCS     + HS           4.842E-17
 292) S2      + HV      = S       + S            1.222E+05

S4                  PRODUCTION RXS              INT RX RATE    TP =  2.23E+01
 140) S2      + S2      = S4      +              2.229E+01
 141) S       + S3      = S4      +              3.808E-25
 297) S8      + HV      = S4      + S4           3.030E-13

S4                     LOSS RXS                INT RX RATE    TL =  2.23E+01
 142) S4      + S4      = S8      +              3.030E-13
 293) S4      + HV      = S2      + S2           2.229E+01

S8                  PRODUCTION RXS              INT RX RATE    TP =  3.03E-13
 142) S4      + S4      = S8      +              3.030E-13

S8                     LOSS RXS                INT RX RATE    TL =  3.03E-13
 297) S8      + HV      = S4      + S4           3.030E-13

SO3                 PRODUCTION RXS              INT RX RATE    TP =  6.25E+09
 112) SO2     + O       = SO3     +              5.697E+05
 114) H2SO4   + H2O     = SO3     + H2O     H2O  4.984E+09
 116) HSO3    + O2      = HO2     + SO3          1.199E+09
 147) SO21    + O2      = SO3     + O            2.023E+04
 148) SO21    + SO2     = SO3     + SO           3.563E+00
 151) SO23    + SO2     = SO3     + SO           4.521E-01
 154) SO2     + HO2     = SO3     + OH           1.735E+05
 255) CH3SO3  + HV      = CH3     + SO3          6.274E+07
 291) H2SO4   + HV      = SO3     + H2O          1.990E+06

SO3                    LOSS RXS                INT RX RATE    TL =  6.25E+09
 113) SO3     + H2O     = H2SO4   +              6.249E+09
 115) SO3     + O       = SO2     + O2           3.829E-01
 160) SO3     + SO      = SO2     + SO2          1.584E-04
 298) SO3     + HV      = SO2     + O            5.208E+02

OCS                 PRODUCTION RXS              INT RX RATE    TP =  7.26E+06
 173) HS      + CO      = OCS     + H            4.410E-05
 179) S       + CO      = OCS     +              6.844E-04
 185) OCS2    + S       = OCS     + S2           9.488E-18
 188) OCS2    + CO      = OCS     + OCS          9.237E-03
 213) CS      + O2      = OCS     + O            3.390E+05
 215) CS      + O3      = OCS     + O2           6.289E+06
 219) CS2     + O       = OCS     + S            5.200E+05
 220) CS2     + OH      = OCS     + HS           1.075E+05
 230) HS      + CO      = OCS     + H            4.463E-05
 238) CS2     + SO      = OCS     + S2           6.560E-03

OCS                    LOSS RXS                INT RX RATE    TL =  2.81E+07
 172) H       + OCS     = CO      + HS           3.400E+01
 174) O       + OCS     = CO      + SO           1.883E+06
 175) O       + OCS     = S       + CO2          1.413E+01
 176) OCS     + S       = CO      + S2           7.878E-03
 177) OCS     + OH      = CO2     + HS           5.623E+06
 184) OCS     + S       = OCS2    +              9.237E-03
 239) OCS     + H       = CO      + HS           3.389E+01
 300) OCS     + HV      = CO      + S            2.058E+07

S3                  PRODUCTION RXS              INT RX RATE    TP =  1.76E-08
 139) S       + S2      = S3      +              1.763E-08

S3                     LOSS RXS                INT RX RATE    TL =  1.76E-08
 141) S       + S3      = S4      +              3.808E-25
 294) S3      + HV      = S2      + S            1.763E-08

O3                  PRODUCTION RXS              INT RX RATE    TP =  2.05E+15
  18) O       + O2      = O3      +              2.048E+15

O3                     LOSS RXS                INT RX RATE    TL =  2.05E+15
   5) H       + O3      = OH      + O2           4.507E+11
  12) OH      + O3      = HO2     + O2           5.047E+11
  15) HO2     + O3      = OH      + O2      O2   2.396E+11
  19) O       + O3      = O2      + O2           2.598E+11
  20) O1D     + O3      = O2      + O2           7.167E+09
  21) O1D     + O3      = O       + O       O2   7.167E+09
  26) O3      + HV      = O2      + O            7.745E-10
  27) O3      + O3      = O2      + O2      O2   3.519E+03
  77) NO      + O3      = NO2     + O2           5.229E+12
 153) SO      + O3      = SO2     + O2           3.213E+07
 155) HS      + O3      = HSO     + O2           9.188E+08
 158) S       + O3      = SO      + O2           6.818E+03
 170) HSO     + O3      = HS      + O2      O2   9.162E+08
 205) NO2     + O3      = NO3     + O2           3.384E+09
 215) CS      + O3      = OCS     + O2           6.289E+06
 216) CS      + O3      = SO      + CO2          6.289E+06
 217) CS      + O3      = CO      + SO2          6.289E+06
 248) CH3S    + O3      = CH3SO   + O2           2.460E+09
 250) CH3SO   + O3      = CH3SO2  + O2           2.450E+09
 252) CH3SO2  + O3      = CH3SO3  + O2           6.267E+07
 264) O3      + HV      = O2      + O1D          6.618E+14
 265) O3      + HV      = O2      + O            1.379E+15
 266) O3      + HV      = O       + O       O    3.936E+11

HNO3                PRODUCTION RXS              INT RX RATE    TP =  1.03E+10
  82) NO2     + OH      = HNO3    +              1.026E+10
 203) N2O5    + H2O     = HNO3    + HNO3         1.886E+04
 244) C2H6S   + NO3     = C2H5S   + HNO3         7.571E+06

HNO3                   LOSS RXS                INT RX RATE    TL =  1.02E+10
  84) HNO3    + OH      = H2O     + NO3          2.403E+09
 211) O       + HNO3    = OH      + NO3          1.360E+06
 280) HNO3    + HV      = NO2     + OH           6.452E+09
 281) HNO3    + HV      = HNO2    + O            5.771E+08
 282) HNO3    + HV      = HNO2    + O1D          4.143E+08

N                   PRODUCTION RXS              INT RX RATE    TP =  7.51E+07
 283) NO      + HV      = N       + O            7.512E+07

N                      LOSS RXS                INT RX RATE    TL =  7.51E+07
  72) N       + N       = N2      +              4.461E-02
  73) N       + O2      = NO      + O            3.199E+07
  75) N       + OH      = NO      + H            7.511E+06
  76) N       + NO      = N2      + O            2.746E+07
 195) N       + NO2     = N2O     + O            6.183E+06
 199) N       + HO2     = NO      + OH           1.983E+06

NO3                 PRODUCTION RXS              INT RX RATE    TP =  1.90E+10
  84) HNO3    + OH      = H2O     + NO3          2.403E+09
 192) O       + NO2     = NO3     +              1.246E+10
 202) N2O5    + M       = NO3     + NO2          7.266E+05
 205) NO2     + O3      = NO3     + O2           3.384E+09
 211) O       + HNO3    = OH      + NO3          1.360E+06
 305) HO2NO2  + HV      = OH      + NO3          6.941E+08
 306) N2O5    + HV      = NO3     + NO2          3.563E+07
 307) N2O5    + HV      = NO3     + NO      O    6.363E+07

NO3                    LOSS RXS                INT RX RATE    TL =  1.90E+10
 189) O       + NO3     = O2      + NO2          1.430E+08
 190) HO2     + NO3     = OH      + NO2     O2   1.566E+07
 191) NO      + NO3     = NO2     + NO2          2.911E+09
 193) OH      + NO3     = HO2     + NO2          2.093E+07
 201) NO2     + NO3     = N2O5    +              1.000E+08
 204) NO2     + NO3     = NO      + NO2     O2   1.301E+04
 206) NO3     + NO3     = NO2     + NO2     O2   1.787E-01
 244) C2H6S   + NO3     = C2H5S   + HNO3         7.571E+06
 301) NO3     + HV      = NO      + O2           1.874E+09
 302) NO3     + HV      = NO2     + O            1.397E+10

N2O                 PRODUCTION RXS              INT RX RATE    TP =  6.18E+06
 195) N       + NO2     = N2O     + O            6.183E+06

N2O                    LOSS RXS                INT RX RATE    TL =  5.72E+09
 194) H       + N2O     = N2      + OH           6.003E-04
 197) O1D     + N2O     = N2      + O2           6.921E+07
 198) O1D     + N2O     = NO      + NO           1.083E+08
 303) N2O     + HV      = N2      + O1D          5.523E+09

HO2NO2              PRODUCTION RXS              INT RX RATE    TP =  1.97E+10
 207) HO2     + NO2     = HO2NO2  +              1.971E+10

HO2NO2                 LOSS RXS                INT RX RATE    TL =  1.97E+10
 208) O       + HO2NO2  = OH      + NO2     O2   3.742E+04
 209) OH      + HO2NO2  = H2O     + NO2     O2   5.812E+09
 210) HO2NO2  + M       = HO2     + NO2          1.055E+10
 304) HO2NO2  + HV      = HO2     + NO2          2.622E+09
 305) HO2NO2  + HV      = OH      + NO3          6.941E+08

N2O5                PRODUCTION RXS              INT RX RATE    TP =  1.00E+08
 201) NO2     + NO3     = N2O5    +              1.000E+08

N2O5                   LOSS RXS                INT RX RATE    TL =  1.00E+08
 200) O       + N2O5    = NO2     + NO2     O2   2.843E+04
 202) N2O5    + M       = NO3     + NO2          7.266E+05
 203) N2O5    + H2O     = HNO3    + HNO3         1.886E+04
 306) N2O5    + HV      = NO3     + NO2          3.563E+07
 307) N2O5    + HV      = NO3     + NO      O    6.363E+07

NH                  PRODUCTION RXS              INT RX RATE    TP =  0.00E+00

NH                     LOSS RXS                INT RX RATE    TL =  0.00E+00

NH2                 PRODUCTION RXS              INT RX RATE    TP =  0.00E+00

NH2                    LOSS RXS                INT RX RATE    TL =  0.00E+00

NH3                 PRODUCTION RXS              INT RX RATE    TP =  0.00E+00

NH3                    LOSS RXS                INT RX RATE    TL =  1.50E+10

CO2                 PRODUCTION RXS              INT RX RATE    TP =  1.05E+12
  32) O       + HCO     = H       + CO2          1.495E+06
  34) CO      + OH      = CO2     + H            2.067E+11
  35) CO      + O       = CO2     +              4.134E+06
 175) O       + OCS     = S       + CO2          1.413E+01
 177) OCS     + OH      = CO2     + HS           5.623E+06
 182) CO2     + O1D     = CO2     + O            8.393E+11
 216) CS      + O3      = SO      + CO2          6.289E+06

CO2                    LOSS RXS                INT RX RATE    TL =  8.48E+11
  36) CO2     + H       = CO      + OH           4.151E-07
  93) CH21    + CO2     = H2CO    + CO           1.136E+04
  95) CH23    + CO2     = H2CO    + CO           6.220E+04
 182) CO2     + O1D     = CO2     + O            8.393E+11
 268) CO2     + HV      = CO      + O            3.739E+09
 269) CO2     + HV      = CO      + O1D          4.864E+09

CS                  PRODUCTION RXS              INT RX RATE    TP =  1.92E+07
 218) CS2     + O       = SO      + CS           5.546E+06
 224) CS2X    + O2      = CS      + SO2          3.639E+06
 225) CS2X    + CS2     = CS      + CS      S2   8.475E-04
 228) H       + HCS     = H2      + CS           5.865E-11
 233) CH3     + HCS     = CH4     + CS           8.864E-12
 235) HS      + HCS     = H2S     + CS           2.848E-09
 236) S       + HCS     = HS      + CS           1.815E-16
 240) CS2     + S       = CS      + S2           4.438E-07
 309) CS2     + HV      = CS      + S            1.006E+07

CS                     LOSS RXS                INT RX RATE    TL =  1.92E+07
 213) CS      + O2      = OCS     + O            3.390E+05
 214) CS      + O2      = CO      + SO           4.238E+04
 215) CS      + O3      = OCS     + O2           6.289E+06
 216) CS      + O3      = SO      + CO2          6.289E+06
 217) CS      + O3      = CO      + SO2          6.289E+06
 226) CS      + HS      = CS2     + H            2.492E-04
 227) H       + CS      = HCS     +              2.914E-09
 241) CS      + O       = CO      + S            1.950E+00

CS2                 PRODUCTION RXS              INT RX RATE    TP =  4.32E+09
 222) CS2OH   + HV      = CS2     + OH           4.301E+07
 223) CS2X    + M       = CS2     + M            4.277E+09
 226) CS      + HS      = CS2     + H            2.492E-04
 229) S       + HCS     = H       + CS2          3.630E-16

CS2                    LOSS RXS                INT RX RATE    TL =  4.34E+09
 218) CS2     + O       = SO      + CS           5.546E+06
 219) CS2     + O       = OCS     + S            5.200E+05
 220) CS2     + OH      = OCS     + HS           1.075E+05
 221) CS2     + OH      = CS2OH   +              4.301E+07
 225) CS2X    + CS2     = CS      + CS      S2   8.475E-04
 237) CS2     + O       = CO      + S2           1.236E+05
 238) CS2     + SO      = OCS     + S2           6.560E-03
 240) CS2     + S       = CS      + S2           4.438E-07
 309) CS2     + HV      = CS      + S            1.006E+07
 310) CS2     + HV      = CS2X    +              4.280E+09

HCS                 PRODUCTION RXS              INT RX RATE    TP =  2.92E-09
 227) H       + CS      = HCS     +              2.914E-09
 231) CH21    + S2      = HCS     + HS           4.583E-18
 232) CH23    + S2      = HCS     + HS           4.842E-17
 234) CH23    + S       = HCS     + H            1.138E-12

HCS                    LOSS RXS                INT RX RATE    TL =  2.92E-09
 228) H       + HCS     = H2      + CS           5.865E-11
 229) S       + HCS     = H       + CS2          3.630E-16
 233) CH3     + HCS     = CH4     + CS           8.864E-12
 235) HS      + HCS     = H2S     + CS           2.848E-09
 236) S       + HCS     = HS      + CS           1.815E-16

C2H6S               PRODUCTION RXS              INT RX RATE    TP =  0.00E+00

C2H6S                  LOSS RXS                INT RX RATE    TL =  3.30E+09
 242) C2H6S   + OH      = C2H5S   + H2O          2.457E+09
 243) C2H6S   + OH      = C2H7SO  +              8.354E+08
 244) C2H6S   + NO3     = C2H5S   + HNO3         7.571E+06

C2H5S               PRODUCTION RXS              INT RX RATE    TP =  2.46E+09
 242) C2H6S   + OH      = C2H5S   + H2O          2.457E+09
 244) C2H6S   + NO3     = C2H5S   + HNO3         7.571E+06

C2H5S                  LOSS RXS                INT RX RATE    TL =  2.46E+09
 245) C2H5S   + O2      = C2H5SO2 +              2.465E+09

C2H5SO              PRODUCTION RXS              INT RX RATE    TP =  2.46E+09
 246) C2H5SO2 + NO      = C2H5SO  + NO2          2.465E+09

C2H5SO                 LOSS RXS                INT RX RATE    TL =  2.46E+09
 247) C2H5SO  + HV      = H2CO    + CH3S         2.465E+09

C2H5SO2             PRODUCTION RXS              INT RX RATE    TP =  2.46E+09
 245) C2H5S   + O2      = C2H5SO2 +              2.465E+09

C2H5SO2                LOSS RXS                INT RX RATE    TL =  2.46E+09
 246) C2H5SO2 + NO      = C2H5SO  + NO2          2.465E+09

CH3S                PRODUCTION RXS              INT RX RATE    TP =  2.46E+09
 247) C2H5SO  + HV      = H2CO    + CH3S         2.465E+09

CH3S                   LOSS RXS                INT RX RATE    TL =  2.46E+09
 248) CH3S    + O3      = CH3SO   + O2           2.460E+09
 249) CH3S    + NO2     = CH3SO   + NO           4.306E+06

CH3SO               PRODUCTION RXS              INT RX RATE    TP =  2.46E+09
 248) CH3S    + O3      = CH3SO   + O2           2.460E+09
 249) CH3S    + NO2     = CH3SO   + NO           4.306E+06

CH3SO                  LOSS RXS                INT RX RATE    TL =  2.46E+09
 250) CH3SO   + O3      = CH3SO2  + O2           2.450E+09
 251) CH3SO   + NO2     = CH3SO2  + NO           1.434E+07

CH3SO2              PRODUCTION RXS              INT RX RATE    TP =  3.30E+09
 250) CH3SO   + O3      = CH3SO2  + O2           2.450E+09
 251) CH3SO   + NO2     = CH3SO2  + NO           1.434E+07
 258) CH4SO2  + OH      = CH3SO2  + H2O          8.318E+08

CH3SO2                 LOSS RXS                INT RX RATE    TL =  3.30E+09
 252) CH3SO2  + O3      = CH3SO3  + O2           6.267E+07
 253) CH3SO2  + NO2     = CH3SO3  + NO           6.634E+04
 254) CH3SO2  + HV      = CH3     + SO2          3.234E+09

CH3SO3              PRODUCTION RXS              INT RX RATE    TP =  6.27E+07
 252) CH3SO2  + O3      = CH3SO3  + O2           6.267E+07
 253) CH3SO2  + NO2     = CH3SO3  + NO           6.634E+04

CH3SO3                 LOSS RXS                INT RX RATE    TL =  6.27E+07
 255) CH3SO3  + HV      = CH3     + SO3          6.274E+07

CH4SO2              PRODUCTION RXS              INT RX RATE    TP =  8.32E+08
 257) C2H6SO  + OH      = CH4SO2  + CH3          8.318E+08

CH4SO2                 LOSS RXS                INT RX RATE    TL =  8.32E+08
 258) CH4SO2  + OH      = CH3SO2  + H2O          8.318E+08

C2H6SO              PRODUCTION RXS              INT RX RATE    TP =  8.35E+08
 256) C2H7SO  + O2      = C2H6SO  + HO2          8.354E+08

C2H6SO                 LOSS RXS                INT RX RATE    TL =  8.35E+08
 257) C2H6SO  + OH      = CH4SO2  + CH3          8.318E+08

C2H7SO              PRODUCTION RXS              INT RX RATE    TP =  8.35E+08
 243) C2H6S   + OH      = C2H7SO  +              8.354E+08

C2H7SO                 LOSS RXS                INT RX RATE    TL =  8.35E+08
 256) C2H7SO  + O2      = C2H6SO  + HO2          8.354E+08

SO4AER              PRODUCTION RXS              INT RX RATE    TP =  1.11E+09

SO4AER                 LOSS RXS                INT RX RATE    TL =  1.09E+09

S8AER               PRODUCTION RXS              INT RX RATE    TP =  0.00E+00

S8AER                  LOSS RXS                INT RX RATE    TL =  1.70E-19

HNO2                PRODUCTION RXS              INT RX RATE    TP =  0.00E+00
  80) NO      + OH      = HNO2    +              4.051E+09
 212) HO2     + NO2     = HNO2    + O2           1.328E+07
 281) HNO3    + HV      = HNO2    + O            5.771E+08
 282) HNO3    + HV      = HNO2    + O1D          4.143E+08

HNO2                   LOSS RXS                INT RX RATE    TL =  0.00E+00
  90) HNO2    + OH      = H2O     + NO2          1.126E+08
 279) HNO2    + HV      = NO      + OH           4.944E+09

O1D                 PRODUCTION RXS              INT RX RATE    TP =  0.00E+00
 259) O2      + HV      = O       + O1D          2.931E+11
 262) H2O     + HV      = H2      + O1D          1.363E+09
 264) O3      + HV      = O2      + O1D          6.618E+14
 269) CO2     + HV      = CO      + O1D          4.864E+09
 282) HNO3    + HV      = HNO2    + O1D          4.143E+08
 284) NO2     + HV      = NO      + O1D          7.675E+08
 303) N2O     + HV      = N2      + O1D          5.523E+09

O1D                    LOSS RXS                INT RX RATE    TL =  0.00E+00
   1) H2O     + O1D     = OH      + OH           2.150E+11
   2) H2      + O1D     = OH      + H            2.358E+09
  20) O1D     + O3      = O2      + O2           7.167E+09
  21) O1D     + O3      = O       + O       O2   7.167E+09
  23) O1D     + N2      = O       + N2           6.402E+14
  24) O1D     + O2      = O       + O2           2.083E+13
  49) CH4     + O1D     = CH3     + OH           9.050E+09
  50) CH4     + O1D     = CH3O    + H            1.218E+09
  51) CH4     + O1D     = CH2OH   + H            1.218E+09
  52) CH4     + O1D     = H2CO    + H2           6.092E+08
  98) C2H6    + O1D     = C2H5    + OH           4.379E+05
 105) SO2     + O1D     = SO2     + O            4.353E+03
 106) SO2     + O1D     = SO      + O2           1.396E+04
 180) CO      + O1D     = CO      + O            6.710E+07
 182) CO2     + O1D     = CO2     + O            8.393E+11
 197) O1D     + N2O     = N2      + O2           6.921E+07
 198) O1D     + N2O     = NO      + NO           1.083E+08

CH21                PRODUCTION RXS              INT RX RATE    TP =  0.00E+00
 273) CH4     + HV      = CH21    + H2           2.991E+08
 276) CH3     + HV      = CH21    + H            3.906E+04
 278) C2H6    + HV      = CH4     + CH21         4.613E-01

CH21                   LOSS RXS                INT RX RATE    TL =  0.00E+00
  53) CH21    + CH4     = CH3     + CH3          2.568E-10
  54) CH21    + O2      = HCO     + OH           2.537E+07
  55) CH21    + N2      = CH23    + N2           2.737E+08
  92) CH21    + H2      = CH3     + H            3.648E+04
  93) CH21    + CO2     = H2CO    + CO           1.136E+04
 231) CH21    + S2      = HCS     + HS           4.583E-18

CH23                PRODUCTION RXS              INT RX RATE    TP =  0.00E+00
  55) CH21    + N2      = CH23    + N2           2.737E+08
 275) CH4     + HV      = CH23    + H       H    5.474E+07
 277) C2H6    + HV      = CH23    + CH23    H2   1.845E+00

CH23                   LOSS RXS                INT RX RATE    TL =  0.00E+00
  58) CH23    + O2      = HCO     + OH           3.272E+08
  94) CH23    + O       = HCO     + H            1.165E+06
  95) CH23    + CO2     = H2CO    + CO           6.220E+04
 232) CH23    + S2      = HCS     + HS           4.842E-17
 234) CH23    + S       = HCS     + H            1.138E-12

C2H5                PRODUCTION RXS              INT RX RATE    TP =  0.00E+00
  96) C2H6    + OH      = C2H5    + H2O          8.995E+08
  97) C2H6    + O       = C2H5    + OH           2.997E+04
  98) C2H6    + O1D     = C2H5    + OH           4.379E+05

C2H5                   LOSS RXS                INT RX RATE    TL =  0.00E+00
  99) C2H5    + H       = CH3     + CH3          2.660E-04
 100) C2H5    + O       = CH3     + HCO     H    2.325E-01
 101) C2H5    + OH      = CH3     + HCO     H2   1.749E-02
 102) C2H5    + HCO     = C2H6    + CO           2.344E-09
 103) C2H5    + HNO     = C2H6    + NO           3.953E-08
 104) C2H5    + O2      = CH3     + HCO     OH   9.000E+08

SO21                PRODUCTION RXS              INT RX RATE    TP =  0.00E+00
 289) SO2     + HV      = SO21    +              1.046E+11

SO21                   LOSS RXS                INT RX RATE    TL =  0.00E+00
 143) SO21    + M       = SO23    + M            9.509E+09
 144) SO21    + M       = SO2     + M            9.509E+10
 145) SO21    + HV      = SO23    + HV           1.113E+06
 146) SO21    + HV      = SO2     + HV           1.633E+07
 147) SO21    + O2      = SO3     + O            2.023E+04
 148) SO21    + SO2     = SO3     + SO           3.563E+00

SO23                PRODUCTION RXS              INT RX RATE    TP =  0.00E+00
 143) SO21    + M       = SO23    + M            9.509E+09
 145) SO21    + HV      = SO23    + HV           1.113E+06
 290) SO2     + HV      = SO23    +              8.100E+08

SO23                   LOSS RXS                INT RX RATE    TL =  0.00E+00
 149) SO23    + M       = SO2     + M            1.031E+10
 150) SO23    + HV      = SO2     + HV           5.864E+06
 151) SO23    + SO2     = SO3     + SO           4.521E-01

HSO3                PRODUCTION RXS              INT RX RATE    TP =  0.00E+00
 111) SO2     + OH      = HSO3    +              1.199E+09

HSO3                   LOSS RXS                INT RX RATE    TL =  0.00E+00
 116) HSO3    + O2      = HO2     + SO3          1.199E+09

OCS2                PRODUCTION RXS              INT RX RATE    TP =  0.00E+00
 184) OCS     + S       = OCS2    +              9.237E-03

OCS2                   LOSS RXS                INT RX RATE    TL =  0.00E+00
 185) OCS2    + S       = OCS     + S2           9.488E-18
 188) OCS2    + CO      = OCS     + OCS          9.237E-03

CS2X                PRODUCTION RXS              INT RX RATE    TP =  0.00E+00
 310) CS2     + HV      = CS2X    +              4.280E+09

CS2X                   LOSS RXS                INT RX RATE    TL =  0.00E+00
 223) CS2X    + M       = CS2     + M            4.277E+09
 224) CS2X    + O2      = CS      + SO2          3.639E+06
 225) CS2X    + CS2     = CS      + CS      S2   8.475E-04

CS2OH               PRODUCTION RXS              INT RX RATE    TP =  0.00E+00
 221) CS2     + OH      = CS2OH   +              4.301E+07

CS2OH                  LOSS RXS                INT RX RATE    TL =  0.00E+00
 222) CS2OH   + HV      = CS2     + OH           4.301E+07

N2                  PRODUCTION RXS              INT RX RATE    TP =  0.00E+00
  23) O1D     + N2      = O       + N2           6.402E+14
  55) CH21    + N2      = CH23    + N2           2.737E+08
  72) N       + N       = N2      +              4.461E-02
  76) N       + NO      = N2      + O            2.746E+07
 194) H       + N2O     = N2      + OH           6.003E-04
 197) O1D     + N2O     = N2      + O2           6.921E+07
 303) N2O     + HV      = N2      + O1D          5.523E+09

N2                     LOSS RXS                INT RX RATE    TL =  0.00E+00
  23) O1D     + N2      = O       + N2           6.402E+14
  55) CH21    + N2      = CH23    + N2           2.737E+08
