
O                   PRODUCTION RXS              INT RX RATE    TP =  1.69E+15
   8) H       + HO2     = H2O     + O            1.053E+08
  21) O1D     + O3      = O       + O       O2   4.224E+09
  22) OH      + OH      = H2O     + O            4.246E+08
  23) O1D     + N2      = O       + N2           6.360E+14
  24) O1D     + O2      = O       + O2           2.006E+12
  25) O2      + HV      = O       + O            5.678E-49
  26) O3      + HV      = O2      + O            4.057E-10
  73) N       + O2      = NO      + O            2.528E+06
  76) N       + NO      = N2      + O            3.864E+07
 105) SO2     + O1D     = SO2     + O            2.940E+03
 107) SO      + O2      = O       + SO2          3.043E+08
 130) S       + O2      = SO      + O            1.208E+08
 147) SO21    + O2      = SO3     + O            8.451E+02
 180) CO      + O1D     = CO      + O            7.367E+07
 182) CO2     + O1D     = CO2     + O            8.289E+11
 195) N       + NO2     = N2O     + O            7.474E+06
 213) CS      + O2      = OCS     + O            9.731E+04
 259) O2      + HV      = O       + O1D          2.791E+11
 260) O2      + HV      = O       + O            1.256E+12
 263) H2O     + HV      = H       + H       O    1.411E+09
 265) O3      + HV      = O2      + O            1.046E+15
 266) O3      + HV      = O       + O       O    6.029E+11
 268) CO2     + HV      = CO      + O            1.615E+10
 272) HO2     + HV      = OH      + O            2.830E+09
 281) HNO3    + HV      = HNO2    + O            2.477E+08
 283) NO      + HV      = N       + O            6.068E+07
 285) NO2     + HV      = NO      + O            1.151E+12
 286) SO      + HV      = S       + O            1.160E+05
 288) SO2     + HV      = SO      + O            4.012E+08
 298) SO3     + HV      = SO2     + O            1.527E+02
 299) HSO     + HV      = HS      + O            2.803E+04
 302) NO3     + HV      = NO2     + O            1.003E+10
 307) N2O5    + HV      = NO3     + NO      O    1.380E+07

O                      LOSS RXS                INT RX RATE    TL =  1.69E+15
   3) H2      + O       = OH      + H            5.238E+07
  10) OH      + O       = H       + O2           1.254E+12
  14) HO2     + O       = OH      + O2           1.121E+12
  17) O       + O       = O2      +              1.090E+11
  18) O       + O2      = O3      +              1.688E+15
  19) O       + O3      = O2      + O2           1.574E+11
  32) O       + HCO     = H       + CO2          9.879E+04
  33) O       + HCO     = OH      + CO           9.879E+04
  35) CO      + O       = CO2     +              3.379E+06
  46) H2CO    + O       = HCO     + OH           5.998E+07
  47) H2O2    + O       = OH      + HO2          7.712E+05
  60) CH3     + O       = H2CO    + H            6.255E+06
  78) NO      + O       = NO2     +              7.809E+09
  81) NO2     + O       = NO      + O2           2.842E+11
  88) O       + HNO     = OH      + NO           1.198E+05
  91) CH4     + O       = CH3     + OH           5.050E+06
  94) CH23    + O       = HCO     + H            6.721E+04
  97) C2H6    + O       = C2H5    + OH           4.292E+04
 100) C2H5    + O       = CH3     + HCO     H    2.137E+00
 109) SO      + O       = SO2     +              3.112E+05
 112) SO2     + O       = SO3     +              1.750E+06
 115) SO3     + O       = SO2     + O2           1.312E-01
 122) H2S     + O       = OH      + HS           3.949E+02
 123) HS      + O       = H       + SO           9.483E+04
 136) S2      + O       = S       + SO           2.288E+03
 169) HSO     + O       = OH      + SO           3.484E+05
 174) O       + OCS     = CO      + SO           9.267E+06
 175) O       + OCS     = S       + CO2          8.564E+01
 189) O       + NO3     = O2      + NO2          2.220E+08
 192) O       + NO2     = NO3     +              1.143E+10
 200) O       + N2O5    = NO2     + NO2     O2   1.600E+04
 208) O       + HO2NO2  = OH      + NO2     O2   6.947E+03
 211) O       + HNO3    = OH      + NO3          5.684E+05
 218) CS2     + O       = SO      + CS           4.388E+06
 219) CS2     + O       = OCS     + S            4.114E+05
 237) CS2     + O       = CO      + S2           8.430E+04
 241) CS      + O       = CO      + S            1.466E+01

O2                  PRODUCTION RXS              INT RX RATE    TP =  1.69E+15
   5) H       + O3      = OH      + O2           3.105E+11
   7) H       + HO2     = H2      + O2           4.540E+08
  10) OH      + O       = H       + O2           1.254E+12
  11) OH      + HO2     = H2O     + O2           6.935E+10
  12) OH      + O3      = HO2     + O2           2.906E+11
  14) HO2     + O       = OH      + O2           1.121E+12
  15) HO2     + O3      = OH      + O2      O2   1.219E+11
  16) HO2     + HO2     = H2O2    + O2           3.180E+10
  17) O       + O       = O2      +              1.090E+11
  19) O       + O3      = O2      + O2           1.574E+11
  20) O1D     + O3      = O2      + O2           4.224E+09
  21) O1D     + O3      = O       + O       O2   4.224E+09
  24) O1D     + O2      = O       + O2           2.006E+12
  26) O3      + HV      = O2      + O            4.057E-10
  27) O3      + O3      = O2      + O2      O2   1.163E+03
  68) CH3O2   + HO2     = CH3OOH  + O2           1.567E+11
  77) NO      + O3      = NO2     + O2           1.362E+12
  81) NO2     + O       = NO      + O2           2.842E+11
 106) SO2     + O1D     = SO      + O2           9.431E+03
 115) SO3     + O       = SO2     + O2           1.312E-01
 125) HS      + HO2     = H2S     + O2           3.135E+06
 133) S       + HO2     = HS      + O2           5.341E-01
 153) SO      + O3      = SO2     + O2           2.374E+08
 155) HS      + O3      = HSO     + O2           3.471E+09
 158) S       + O3      = SO      + O2           9.457E+04
 170) HSO     + O3      = HS      + O2      O2   3.456E+09
 189) O       + NO3     = O2      + NO2          2.220E+08
 190) HO2     + NO3     = OH      + NO2     O2   5.530E+06
 197) O1D     + N2O     = N2      + O2           6.558E+07
 200) O       + N2O5    = NO2     + NO2     O2   1.600E+04
 204) NO2     + NO3     = NO      + NO2     O2   1.712E+03
 205) NO2     + O3      = NO3     + O2           3.943E+08
 206) NO3     + NO3     = NO2     + NO2     O2   5.628E-02
 208) O       + HO2NO2  = OH      + NO2     O2   6.947E+03
 209) OH      + HO2NO2  = H2O     + NO2     O2   1.533E+09
 212) HO2     + NO2     = HNO2    + O2           1.955E+06
 215) CS      + O3      = OCS     + O2           6.436E+06
 248) CH3S    + O3      = CH3SO   + O2           1.208E+09
 250) CH3SO   + O3      = CH3SO2  + O2           1.207E+09
 252) CH3SO2  + O3      = CH3SO3  + O2           1.585E+07
 264) O3      + HV      = O2      + O1D          6.386E+14
 265) O3      + HV      = O2      + O            1.046E+15
 301) NO3     + HV      = NO      + O2           1.377E+09

O2                     LOSS RXS                INT RX RATE    TL =  1.69E+15
   6) H       + O2      = HO2     +              1.204E+12
  18) O       + O2      = O3      +              1.688E+15
  24) O1D     + O2      = O       + O2           2.006E+12
  25) O2      + HV      = O       + O            5.678E-49
  40) HCO     + O2      = HO2     + CO           4.837E+10
  41) CH2OH   + O2      = H2CO    + HO2          1.062E+08
  42) CH3O    + O2      = H2CO    + HO2          2.901E+10
  54) CH21    + O2      = HCO     + OH           1.674E+06
  58) CH23    + O2      = HCO     + OH           2.129E+08
  59) CH3     + O2      = H2CO    + OH           4.174E+03
  66) CH3     + O2      = CH3O2   +              7.211E+10
  73) N       + O2      = NO      + O            2.528E+06
 104) C2H5    + O2      = CH3     + HCO     OH   9.000E+08
 107) SO      + O2      = O       + SO2          3.043E+08
 116) HSO3    + O2      = HO2     + SO3          1.551E+09
 130) S       + O2      = SO      + O            1.208E+08
 147) SO21    + O2      = SO3     + O            8.451E+02
 213) CS      + O2      = OCS     + O            9.731E+04
 214) CS      + O2      = CO      + SO           1.216E+04
 224) CS2X    + O2      = CS      + SO2          7.240E+04
 245) C2H5S   + O2      = C2H5SO2 +              1.209E+09
 256) C2H7SO  + O2      = C2H6SO  + HO2          4.110E+08
 259) O2      + HV      = O       + O1D          2.791E+11
 260) O2      + HV      = O       + O            1.256E+12

H2O                 PRODUCTION RXS              INT RX RATE    TP =  3.27E+10
   4) H2      + OH      = H2O     + H            8.854E+10
   8) H       + HO2     = H2O     + O            1.053E+08
  11) OH      + HO2     = H2O     + O2           6.935E+10
  13) OH      + H2O2    = HO2     + H2O          1.919E+10
  22) OH      + OH      = H2O     + O            4.246E+08
  31) OH      + HCO     = H2O     + CO           1.219E+03
  43) H2CO    + OH      = H2O     + HCO          2.993E+10
  44) H       + OH      = H2O     +              2.539E+06
  48) CH4     + OH      = CH3     + H2O          6.819E+10
  69) CH3OOH  + OH      = CH3O2   + H2O          9.940E+10
  70) CH3OOH  + OH      = H2O     + H2CO    OH   4.260E+10
  84) HNO3    + OH      = H2O     + NO3          8.304E+08
  89) OH      + HNO     = H2O     + NO           7.036E+05
  90) HNO2    + OH      = H2O     + NO2          3.642E+07
  96) C2H6    + OH      = C2H5    + H2O          8.998E+08
 114) H2SO4   + H2O     = SO3     + H2O     H2O  7.919E+09
 120) H2S     + OH      = H2O     + HS           3.084E+06
 165) HSO     + OH      = H2O     + SO           1.218E+07
 209) OH      + HO2NO2  = H2O     + NO2     O2   1.533E+09
 242) C2H6S   + OH      = C2H5S   + H2O          1.209E+09
 258) CH4SO2  + OH      = CH3SO2  + H2O          4.105E+08
 291) H2SO4   + HV      = SO3     + H2O          2.355E+06

H2O                    LOSS RXS                INT RX RATE    TL =  2.77E+10
   1) H2O     + O1D     = OH      + OH           1.771E+11
 113) SO3     + H2O     = H2SO4   +              9.490E+09
 114) H2SO4   + H2O     = SO3     + H2O     H2O  7.919E+09
 203) N2O5    + H2O     = HNO3    + HNO3         3.378E+03
 261) H2O     + HV      = H       + OH           3.853E+10
 262) H2O     + HV      = H2      + O1D          9.407E+08
 263) H2O     + HV      = H       + H       O    1.411E+09

H                   PRODUCTION RXS              INT RX RATE    TP =  1.52E+12
   2) H2      + O1D     = OH      + H            1.365E+09
   3) H2      + O       = OH      + H            5.238E+07
   4) H2      + OH      = H2O     + H            8.854E+10
  10) OH      + O       = H       + O2           1.254E+12
  32) O       + HCO     = H       + CO2          9.879E+04
  34) CO      + OH      = CO2     + H            1.162E+11
  50) CH4     + O1D     = CH3O    + H            1.062E+08
  51) CH4     + O1D     = CH2OH   + H            1.062E+08
  60) CH3     + O       = H2CO    + H            6.255E+06
  75) N       + OH      = NO      + H            9.602E+06
  86) HNO     + HV      = NO      + H            7.629E+06
  92) CH21    + H2      = CH3     + H            4.148E+03
  94) CH23    + O       = HCO     + H            6.721E+04
 100) C2H5    + O       = CH3     + HCO     H    2.137E+00
 110) SO      + OH      = SO2     + H            1.924E+06
 123) HS      + O       = H       + SO           9.483E+04
 129) HS      + S       = H       + S2           1.454E-05
 131) S       + OH      = SO      + H            5.360E-01
 173) HS      + CO      = OCS     + H            2.685E-05
 226) CS      + HS      = CS2     + H            5.691E-03
 229) S       + HCS     = H       + CS2          6.125E-14
 230) HS      + CO      = OCS     + H            2.717E-05
 234) CH23    + S       = HCS     + H            4.312E-15
 261) H2O     + HV      = H       + OH           3.853E+10
 263) H2O     + HV      = H       + H       O    1.411E+09
 271) H2CO    + HV      = HCO     + H            1.726E+10
 274) CH4     + HV      = CH3     + H            1.971E+08
 275) CH4     + HV      = CH23    + H       H    3.330E+07
 276) CH3     + HV      = CH21    + H            4.802E+03
 287) H2S     + HV      = HS      + H            4.145E+04

H                      LOSS RXS                INT RX RATE    TL =  1.52E+12
   5) H       + O3      = OH      + O2           3.105E+11
   6) H       + O2      = HO2     +              1.204E+12
   7) H       + HO2     = H2      + O2           4.540E+08
   8) H       + HO2     = H2O     + O            1.053E+08
   9) H       + HO2     = OH      + OH           4.737E+09
  28) H       + CO      = HCO     +              3.954E+05
  29) H       + HCO     = H2      + CO           2.007E+03
  36) CO2     + H       = CO      + OH           1.221E-01
  38) H2CO    + H       = H2      + HCO          7.065E+03
  39) H       + H       = H2      +              5.141E+05
  44) H       + OH      = H2O     +              2.539E+06
  62) CH3     + H       = CH4     +              1.651E+03
  71) H       + NO      = HNO     +              1.349E+04
  83) NO2     + H       = NO      + OH           2.901E+06
  87) H       + HNO     = H2      + NO           7.140E-01
  99) C2H5    + H       = CH3     + CH3          4.318E-05
 121) H2S     + H       = H2      + HS           9.829E-01
 128) HS      + H       = H2      + S            3.904E-01
 163) H       + SO      = HSO     +              4.145E-02
 166) HSO     + H       = HS      + OH           1.788E+01
 167) HSO     + H       = H2      + SO           8.938E+00
 172) H       + OCS     = CO      + HS           2.425E+02
 194) H       + N2O     = N2      + OH           4.537E-03
 227) H       + CS      = HCS     +              7.528E-08
 228) H       + HCS     = H2      + CS           8.147E-10
 239) OCS     + H       = CO      + HS           2.417E+02

OH                  PRODUCTION RXS              INT RX RATE    TP =  2.09E+12
   1) H2O     + O1D     = OH      + OH           1.771E+11
   2) H2      + O1D     = OH      + H            1.365E+09
   3) H2      + O       = OH      + H            5.238E+07
   5) H       + O3      = OH      + O2           3.105E+11
   9) H       + HO2     = OH      + OH           4.737E+09
  14) HO2     + O       = OH      + O2           1.121E+12
  15) HO2     + O3      = OH      + O2      O2   1.219E+11
  33) O       + HCO     = OH      + CO           9.879E+04
  36) CO2     + H       = CO      + OH           1.221E-01
  46) H2CO    + O       = HCO     + OH           5.998E+07
  47) H2O2    + O       = OH      + HO2          7.712E+05
  49) CH4     + O1D     = CH3     + OH           7.887E+08
  54) CH21    + O2      = HCO     + OH           1.674E+06
  58) CH23    + O2      = HCO     + OH           2.129E+08
  59) CH3     + O2      = H2CO    + OH           4.174E+03
  70) CH3OOH  + OH      = H2O     + H2CO    OH   4.260E+10
  79) NO      + HO2     = NO2     + OH           5.054E+10
  83) NO2     + H       = NO      + OH           2.901E+06
  88) O       + HNO     = OH      + NO           1.198E+05
  91) CH4     + O       = CH3     + OH           5.050E+06
  97) C2H6    + O       = C2H5    + OH           4.292E+04
  98) C2H6    + O1D     = C2H5    + OH           1.157E+05
 104) C2H5    + O2      = CH3     + HCO     OH   9.000E+08
 108) SO      + HO2     = SO2     + OH           2.692E+06
 122) H2S     + O       = OH      + HS           3.949E+02
 134) S       + HO2     = SO      + OH           5.341E-01
 154) SO2     + HO2     = SO3     + OH           5.917E+04
 156) HS      + HO2     = HSO     + OH           3.135E+06
 166) HSO     + H       = HS      + OH           1.788E+01
 169) HSO     + O       = OH      + SO           3.484E+05
 190) HO2     + NO3     = OH      + NO2     O2   5.530E+06
 194) H       + N2O     = N2      + OH           4.537E-03
 199) N       + HO2     = NO      + OH           2.425E+06
 208) O       + HO2NO2  = OH      + NO2     O2   6.947E+03
 211) O       + HNO3    = OH      + NO3          5.684E+05
 222) CS2OH   + HV      = CS2     + OH           3.427E+07
 261) H2O     + HV      = H       + OH           3.853E+10
 267) H2O2    + HV      = OH      + OH           9.400E+09
 272) HO2     + HV      = OH      + O            2.830E+09
 279) HNO2    + HV      = NO      + OH           2.965E+09
 280) HNO3    + HV      = NO2     + OH           1.829E+09
 305) HO2NO2  + HV      = OH      + NO3          2.004E+08
 308) CH3OOH  + HV      = CH3O    + OH           1.413E+10

OH                     LOSS RXS                INT RX RATE    TL =  2.09E+12
   4) H2      + OH      = H2O     + H            8.854E+10
  10) OH      + O       = H       + O2           1.254E+12
  11) OH      + HO2     = H2O     + O2           6.935E+10
  12) OH      + O3      = HO2     + O2           2.906E+11
  13) OH      + H2O2    = HO2     + H2O          1.919E+10
  22) OH      + OH      = H2O     + O            4.246E+08
  31) OH      + HCO     = H2O     + CO           1.219E+03
  34) CO      + OH      = CO2     + H            1.162E+11
  43) H2CO    + OH      = H2O     + HCO          2.993E+10
  44) H       + OH      = H2O     +              2.539E+06
  45) OH      + OH      = H2O2    +              1.115E+08
  48) CH4     + OH      = CH3     + H2O          6.819E+10
  69) CH3OOH  + OH      = CH3O2   + H2O          9.940E+10
  70) CH3OOH  + OH      = H2O     + H2CO    OH   4.260E+10
  75) N       + OH      = NO      + H            9.602E+06
  80) NO      + OH      = HNO2    +              2.574E+09
  82) NO2     + OH      = HNO3    +              3.301E+09
  84) HNO3    + OH      = H2O     + NO3          8.304E+08
  89) OH      + HNO     = H2O     + NO           7.036E+05
  90) HNO2    + OH      = H2O     + NO2          3.642E+07
  96) C2H6    + OH      = C2H5    + H2O          8.998E+08
 101) C2H5    + OH      = CH3     + HCO     H2   4.131E-01
 110) SO      + OH      = SO2     + H            1.924E+06
 111) SO2     + OH      = HSO3    +              1.551E+09
 120) H2S     + OH      = H2O     + HS           3.084E+06
 131) S       + OH      = SO      + H            5.360E-01
 165) HSO     + OH      = H2O     + SO           1.218E+07
 177) OCS     + OH      = CO2     + HS           2.137E+07
 193) OH      + NO3     = HO2     + NO2          1.084E+07
 209) OH      + HO2NO2  = H2O     + NO2     O2   1.533E+09
 220) CS2     + OH      = OCS     + HS           8.567E+04
 221) CS2     + OH      = CS2OH   +              3.427E+07
 242) C2H6S   + OH      = C2H5S   + H2O          1.209E+09
 243) C2H6S   + OH      = C2H7SO  +              4.110E+08
 257) C2H6SO  + OH      = CH4SO2  + CH3          4.105E+08
 258) CH4SO2  + OH      = CH3SO2  + H2O          4.105E+08

HO2                 PRODUCTION RXS              INT RX RATE    TP =  1.60E+12
   6) H       + O2      = HO2     +              1.204E+12
  12) OH      + O3      = HO2     + O2           2.906E+11
  13) OH      + H2O2    = HO2     + H2O          1.919E+10
  40) HCO     + O2      = HO2     + CO           4.837E+10
  41) CH2OH   + O2      = H2CO    + HO2          1.062E+08
  42) CH3O    + O2      = H2CO    + HO2          2.901E+10
  47) H2O2    + O       = OH      + HO2          7.712E+05
 116) HSO3    + O2      = HO2     + SO3          1.551E+09
 193) OH      + NO3     = HO2     + NO2          1.084E+07
 210) HO2NO2  + M       = HO2     + NO2          1.743E+09
 256) C2H7SO  + O2      = C2H6SO  + HO2          4.110E+08
 304) HO2NO2  + HV      = HO2     + NO2          7.319E+08

HO2                    LOSS RXS                INT RX RATE    TL =  1.60E+12
   7) H       + HO2     = H2      + O2           4.540E+08
   8) H       + HO2     = H2O     + O            1.053E+08
   9) H       + HO2     = OH      + OH           4.737E+09
  11) OH      + HO2     = H2O     + O2           6.935E+10
  14) HO2     + O       = OH      + O2           1.121E+12
  15) HO2     + O3      = OH      + O2      O2   1.219E+11
  16) HO2     + HO2     = H2O2    + O2           3.180E+10
  68) CH3O2   + HO2     = CH3OOH  + O2           1.567E+11
  79) NO      + HO2     = NO2     + OH           5.054E+10
 108) SO      + HO2     = SO2     + OH           2.692E+06
 125) HS      + HO2     = H2S     + O2           3.135E+06
 133) S       + HO2     = HS      + O2           5.341E-01
 134) S       + HO2     = SO      + OH           5.341E-01
 154) SO2     + HO2     = SO3     + OH           5.917E+04
 156) HS      + HO2     = HSO     + OH           3.135E+06
 190) HO2     + NO3     = OH      + NO2     O2   5.530E+06
 199) N       + HO2     = NO      + OH           2.425E+06
 207) HO2     + NO2     = HO2NO2  +              4.217E+09
 212) HO2     + NO2     = HNO2    + O2           1.955E+06
 272) HO2     + HV      = OH      + O            2.830E+09

H2O2                PRODUCTION RXS              INT RX RATE    TP =  3.19E+10
  16) HO2     + HO2     = H2O2    + O2           3.180E+10
  45) OH      + OH      = H2O2    +              1.115E+08

H2O2                   LOSS RXS                INT RX RATE    TL =  3.13E+10
  13) OH      + H2O2    = HO2     + H2O          1.919E+10
  47) H2O2    + O       = OH      + HO2          7.712E+05
 267) H2O2    + HV      = OH      + OH           9.400E+09

H2                  PRODUCTION RXS              INT RX RATE    TP =  2.64E+10
   7) H       + HO2     = H2      + O2           4.540E+08
  29) H       + HCO     = H2      + CO           2.007E+03
  38) H2CO    + H       = H2      + HCO          7.065E+03
  39) H       + H       = H2      +              5.141E+05
  52) CH4     + O1D     = H2CO    + H2           5.308E+07
  87) H       + HNO     = H2      + NO           7.140E-01
 101) C2H5    + OH      = CH3     + HCO     H2   4.131E-01
 121) H2S     + H       = H2      + HS           9.829E-01
 128) HS      + H       = H2      + S            3.904E-01
 167) HSO     + H       = H2      + SO           8.938E+00
 228) H       + HCS     = H2      + CS           8.147E-10
 262) H2O     + HV      = H2      + O1D          9.407E+08
 270) H2CO    + HV      = H2      + CO           2.448E+10
 273) CH4     + HV      = CH21    + H2           1.818E+08
 277) C2H6    + HV      = CH23    + CH23    H2   1.691E+01

H2                     LOSS RXS                INT RX RATE    TL =  9.00E+10
   2) H2      + O1D     = OH      + H            1.365E+09
   3) H2      + O       = OH      + H            5.238E+07
   4) H2      + OH      = H2O     + H            8.854E+10
  92) CH21    + H2      = CH3     + H            4.148E+03

CO                  PRODUCTION RXS              INT RX RATE    TP =  1.23E+11
  29) H       + HCO     = H2      + CO           2.007E+03
  30) HCO     + HCO     = H2CO    + CO           5.158E-05
  31) OH      + HCO     = H2O     + CO           1.219E+03
  33) O       + HCO     = OH      + CO           9.879E+04
  36) CO2     + H       = CO      + OH           1.221E-01
  40) HCO     + O2      = HO2     + CO           4.837E+10
  63) CH3     + HCO     = CH4     + CO           3.055E-03
  85) HCO     + NO      = HNO     + CO           2.354E+02
  93) CH21    + CO2     = H2CO    + CO           7.424E+03
  95) CH23    + CO2     = H2CO    + CO           4.968E+05
 102) C2H5    + HCO     = C2H6    + CO           8.752E-08
 127) HS      + HCO     = H2S     + CO           1.656E-02
 132) S       + HCO     = HS      + CO           2.197E-09
 162) SO      + HCO     = HSO     + CO           1.262E-03
 172) H       + OCS     = CO      + HS           2.425E+02
 174) O       + OCS     = CO      + SO           9.267E+06
 176) OCS     + S       = CO      + S2           5.079E-01
 180) CO      + O1D     = CO      + O            7.367E+07
 214) CS      + O2      = CO      + SO           1.216E+04
 217) CS      + O3      = CO      + SO2          6.436E+06
 237) CS2     + O       = CO      + S2           8.430E+04
 239) OCS     + H       = CO      + HS           2.417E+02
 241) CS      + O       = CO      + S            1.466E+01
 268) CO2     + HV      = CO      + O            1.615E+10
 269) CO2     + HV      = CO      + O1D          3.381E+10
 270) H2CO    + HV      = H2      + CO           2.448E+10
 300) OCS     + HV      = CO      + S            1.053E+08

CO                     LOSS RXS                INT RX RATE    TL =  1.16E+11
  28) H       + CO      = HCO     +              3.954E+05
  34) CO      + OH      = CO2     + H            1.162E+11
  35) CO      + O       = CO2     +              3.379E+06
 173) HS      + CO      = OCS     + H            2.685E-05
 179) S       + CO      = OCS     +              6.932E-03
 180) CO      + O1D     = CO      + O            7.367E+07
 188) OCS2    + CO      = OCS     + OCS          5.212E-01
 230) HS      + CO      = OCS     + H            2.717E-05

HCO                 PRODUCTION RXS              INT RX RATE    TP =  4.84E+10
  28) H       + CO      = HCO     +              3.954E+05
  38) H2CO    + H       = H2      + HCO          7.065E+03
  43) H2CO    + OH      = H2O     + HCO          2.993E+10
  46) H2CO    + O       = HCO     + OH           5.998E+07
  54) CH21    + O2      = HCO     + OH           1.674E+06
  58) CH23    + O2      = HCO     + OH           2.129E+08
  65) CH3     + H2CO    = CH4     + HCO          1.656E-03
  94) CH23    + O       = HCO     + H            6.721E+04
 100) C2H5    + O       = CH3     + HCO     H    2.137E+00
 101) C2H5    + OH      = CH3     + HCO     H2   4.131E-01
 104) C2H5    + O2      = CH3     + HCO     OH   9.000E+08
 271) H2CO    + HV      = HCO     + H            1.726E+10

HCO                    LOSS RXS                INT RX RATE    TL =  4.84E+10
  29) H       + HCO     = H2      + CO           2.007E+03
  30) HCO     + HCO     = H2CO    + CO           5.158E-05
  31) OH      + HCO     = H2O     + CO           1.219E+03
  32) O       + HCO     = H       + CO2          9.879E+04
  33) O       + HCO     = OH      + CO           9.879E+04
  40) HCO     + O2      = HO2     + CO           4.837E+10
  63) CH3     + HCO     = CH4     + CO           3.055E-03
  85) HCO     + NO      = HNO     + CO           2.354E+02
 102) C2H5    + HCO     = C2H6    + CO           8.752E-08
 127) HS      + HCO     = H2S     + CO           1.656E-02
 132) S       + HCO     = HS      + CO           2.197E-09
 162) SO      + HCO     = HSO     + CO           1.262E-03

H2CO                PRODUCTION RXS              INT RX RATE    TP =  7.30E+10
  30) HCO     + HCO     = H2CO    + CO           5.158E-05
  41) CH2OH   + O2      = H2CO    + HO2          1.062E+08
  42) CH3O    + O2      = H2CO    + HO2          2.901E+10
  52) CH4     + O1D     = H2CO    + H2           5.308E+07
  59) CH3     + O2      = H2CO    + OH           4.174E+03
  60) CH3     + O       = H2CO    + H            6.255E+06
  70) CH3OOH  + OH      = H2O     + H2CO    OH   4.260E+10
  93) CH21    + CO2     = H2CO    + CO           7.424E+03
  95) CH23    + CO2     = H2CO    + CO           4.968E+05
 247) C2H5SO  + HV      = H2CO    + CH3S         1.209E+09

H2CO                   LOSS RXS                INT RX RATE    TL =  7.25E+10
  38) H2CO    + H       = H2      + HCO          7.065E+03
  43) H2CO    + OH      = H2O     + HCO          2.993E+10
  46) H2CO    + O       = HCO     + OH           5.998E+07
  65) CH3     + H2CO    = CH4     + HCO          1.656E-03
 270) H2CO    + HV      = H2      + CO           2.448E+10
 271) H2CO    + HV      = HCO     + H            1.726E+10

CH3O                PRODUCTION RXS              INT RX RATE    TP =  2.90E+10
  50) CH4     + O1D     = CH3O    + H            1.062E+08
  67) CH3O2   + NO      = CH3O    + NO2          1.478E+10
 308) CH3OOH  + HV      = CH3O    + OH           1.413E+10

CH3O                   LOSS RXS                INT RX RATE    TL =  2.90E+10
  42) CH3O    + O2      = H2CO    + HO2          2.901E+10

CH2OH               PRODUCTION RXS              INT RX RATE    TP =  1.06E+08
  51) CH4     + O1D     = CH2OH   + H            1.062E+08

CH2OH                  LOSS RXS                INT RX RATE    TL =  1.06E+08
  41) CH2OH   + O2      = H2CO    + HO2          1.062E+08

CH3O2               PRODUCTION RXS              INT RX RATE    TP =  1.72E+11
  66) CH3     + O2      = CH3O2   +              7.211E+10
  69) CH3OOH  + OH      = CH3O2   + H2O          9.940E+10

CH3O2                  LOSS RXS                INT RX RATE    TL =  1.72E+11
  67) CH3O2   + NO      = CH3O    + NO2          1.478E+10
  68) CH3O2   + HO2     = CH3OOH  + O2           1.567E+11

CH3OOH              PRODUCTION RXS              INT RX RATE    TP =  1.57E+11
  68) CH3O2   + HO2     = CH3OOH  + O2           1.567E+11

CH3OOH                 LOSS RXS                INT RX RATE    TL =  1.57E+11
  69) CH3OOH  + OH      = CH3O2   + H2O          9.940E+10
  70) CH3OOH  + OH      = H2O     + H2CO    OH   4.260E+10
 308) CH3OOH  + HV      = CH3O    + OH           1.413E+10

CH4                 PRODUCTION RXS              INT RX RATE    TP =  1.66E+03
  62) CH3     + H       = CH4     +              1.651E+03
  63) CH3     + HCO     = CH4     + CO           3.055E-03
  64) CH3     + HNO     = CH4     + NO           9.397E-04
  65) CH3     + H2CO    = CH4     + HCO          1.656E-03
 233) CH3     + HCS     = CH4     + CS           1.033E-10
 278) C2H6    + HV      = CH4     + CH21         4.227E+00

CH4                    LOSS RXS                INT RX RATE    TL =  6.97E+10
  48) CH4     + OH      = CH3     + H2O          6.819E+10
  49) CH4     + O1D     = CH3     + OH           7.887E+08
  50) CH4     + O1D     = CH3O    + H            1.062E+08
  51) CH4     + O1D     = CH2OH   + H            1.062E+08
  52) CH4     + O1D     = H2CO    + H2           5.308E+07
  53) CH21    + CH4     = CH3     + CH3          3.451E-12
  91) CH4     + O       = CH3     + OH           5.050E+06
 273) CH4     + HV      = CH21    + H2           1.818E+08
 274) CH4     + HV      = CH3     + H            1.971E+08
 275) CH4     + HV      = CH23    + H       H    3.330E+07

CH3                 PRODUCTION RXS              INT RX RATE    TP =  7.21E+10
  48) CH4     + OH      = CH3     + H2O          6.819E+10
  49) CH4     + O1D     = CH3     + OH           7.887E+08
  53) CH21    + CH4     = CH3     + CH3          3.451E-12
  91) CH4     + O       = CH3     + OH           5.050E+06
  92) CH21    + H2      = CH3     + H            4.148E+03
  99) C2H5    + H       = CH3     + CH3          4.318E-05
 100) C2H5    + O       = CH3     + HCO     H    2.137E+00
 101) C2H5    + OH      = CH3     + HCO     H2   4.131E-01
 104) C2H5    + O2      = CH3     + HCO     OH   9.000E+08
 254) CH3SO2  + HV      = CH3     + SO2          1.604E+09
 255) CH3SO3  + HV      = CH3     + SO3          1.586E+07
 257) C2H6SO  + OH      = CH4SO2  + CH3          4.105E+08
 274) CH4     + HV      = CH3     + H            1.971E+08

CH3                    LOSS RXS                INT RX RATE    TL =  7.21E+10
  59) CH3     + O2      = H2CO    + OH           4.174E+03
  60) CH3     + O       = H2CO    + H            6.255E+06
  61) CH3     + CH3     = C2H6    +              1.513E-01
  62) CH3     + H       = CH4     +              1.651E+03
  63) CH3     + HCO     = CH4     + CO           3.055E-03
  64) CH3     + HNO     = CH4     + NO           9.397E-04
  65) CH3     + H2CO    = CH4     + HCO          1.656E-03
  66) CH3     + O2      = CH3O2   +              7.211E+10
 233) CH3     + HCS     = CH4     + CS           1.033E-10
 276) CH3     + HV      = CH21    + H            4.802E+03

C2H6                PRODUCTION RXS              INT RX RATE    TP =  1.51E-01
  61) CH3     + CH3     = C2H6    +              1.513E-01
 102) C2H5    + HCO     = C2H6    + CO           8.752E-08
 103) C2H5    + HNO     = C2H6    + NO           5.797E-07

C2H6                   LOSS RXS                INT RX RATE    TL =  9.00E+08
  96) C2H6    + OH      = C2H5    + H2O          8.998E+08
  97) C2H6    + O       = C2H5    + OH           4.292E+04
  98) C2H6    + O1D     = C2H5    + OH           1.157E+05
 277) C2H6    + HV      = CH23    + CH23    H2   1.691E+01
 278) C2H6    + HV      = CH4     + CH21         4.227E+00

NO                  PRODUCTION RXS              INT RX RATE    TP =  1.44E+12
  64) CH3     + HNO     = CH4     + NO           9.397E-04
  73) N       + O2      = NO      + O            2.528E+06
  75) N       + OH      = NO      + H            9.602E+06
  81) NO2     + O       = NO      + O2           2.842E+11
  83) NO2     + H       = NO      + OH           2.901E+06
  86) HNO     + HV      = NO      + H            7.629E+06
  87) H       + HNO     = H2      + NO           7.140E-01
  88) O       + HNO     = OH      + NO           1.198E+05
  89) OH      + HNO     = H2O     + NO           7.036E+05
 103) C2H5    + HNO     = C2H6    + NO           5.797E-07
 152) SO      + NO2     = SO2     + NO           1.654E+07
 157) HS      + NO2     = HSO     + NO           2.837E+06
 198) O1D     + N2O     = NO      + NO           1.026E+08
 199) N       + HO2     = NO      + OH           2.425E+06
 204) NO2     + NO3     = NO      + NO2     O2   1.712E+03
 249) CH3S    + NO2     = CH3SO   + NO           5.381E+05
 251) CH3SO   + NO2     = CH3SO2  + NO           1.788E+06
 253) CH3SO2  + NO2     = CH3SO3  + NO           4.286E+03
 279) HNO2    + HV      = NO      + OH           2.965E+09
 284) NO2     + HV      = NO      + O1D          1.372E+08
 285) NO2     + HV      = NO      + O            1.151E+12
 301) NO3     + HV      = NO      + O2           1.377E+09
 307) N2O5    + HV      = NO3     + NO      O    1.380E+07

NO                     LOSS RXS                INT RX RATE    TL =  1.44E+12
  67) CH3O2   + NO      = CH3O    + NO2          1.478E+10
  71) H       + NO      = HNO     +              1.349E+04
  76) N       + NO      = N2      + O            3.864E+07
  77) NO      + O3      = NO2     + O2           1.362E+12
  78) NO      + O       = NO2     +              7.809E+09
  79) NO      + HO2     = NO2     + OH           5.054E+10
  80) NO      + OH      = HNO2    +              2.574E+09
  85) HCO     + NO      = HNO     + CO           2.354E+02
 164) HSO     + NO      = HNO     + SO           8.443E+06
 191) NO      + NO3     = NO2     + NO2          1.208E+09
 246) C2H5SO2 + NO      = C2H5SO  + NO2          1.209E+09
 283) NO      + HV      = N       + O            6.068E+07

NO2                 PRODUCTION RXS              INT RX RATE    TP =  1.45E+12
  67) CH3O2   + NO      = CH3O    + NO2          1.478E+10
  77) NO      + O3      = NO2     + O2           1.362E+12
  78) NO      + O       = NO2     +              7.809E+09
  79) NO      + HO2     = NO2     + OH           5.054E+10
  90) HNO2    + OH      = H2O     + NO2          3.642E+07
 189) O       + NO3     = O2      + NO2          2.220E+08
 190) HO2     + NO3     = OH      + NO2     O2   5.530E+06
 191) NO      + NO3     = NO2     + NO2          1.208E+09
 193) OH      + NO3     = HO2     + NO2          1.084E+07
 200) O       + N2O5    = NO2     + NO2     O2   1.600E+04
 202) N2O5    + M       = NO3     + NO2          7.030E+04
 204) NO2     + NO3     = NO      + NO2     O2   1.712E+03
 206) NO3     + NO3     = NO2     + NO2     O2   5.628E-02
 208) O       + HO2NO2  = OH      + NO2     O2   6.947E+03
 209) OH      + HO2NO2  = H2O     + NO2     O2   1.533E+09
 210) HO2NO2  + M       = HO2     + NO2          1.743E+09
 246) C2H5SO2 + NO      = C2H5SO  + NO2          1.209E+09
 280) HNO3    + HV      = NO2     + OH           1.829E+09
 302) NO3     + HV      = NO2     + O            1.003E+10
 304) HO2NO2  + HV      = HO2     + NO2          7.319E+08
 306) N2O5    + HV      = NO3     + NO2          1.066E+07

NO2                    LOSS RXS                INT RX RATE    TL =  1.45E+12
  81) NO2     + O       = NO      + O2           2.842E+11
  82) NO2     + OH      = HNO3    +              3.301E+09
  83) NO2     + H       = NO      + OH           2.901E+06
 152) SO      + NO2     = SO2     + NO           1.654E+07
 157) HS      + NO2     = HSO     + NO           2.837E+06
 192) O       + NO2     = NO3     +              1.143E+10
 195) N       + NO2     = N2O     + O            7.474E+06
 201) NO2     + NO3     = N2O5    +              2.455E+07
 204) NO2     + NO3     = NO      + NO2     O2   1.712E+03
 205) NO2     + O3      = NO3     + O2           3.943E+08
 207) HO2     + NO2     = HO2NO2  +              4.217E+09
 212) HO2     + NO2     = HNO2    + O2           1.955E+06
 249) CH3S    + NO2     = CH3SO   + NO           5.381E+05
 251) CH3SO   + NO2     = CH3SO2  + NO           1.788E+06
 253) CH3SO2  + NO2     = CH3SO3  + NO           4.286E+03
 284) NO2     + HV      = NO      + O1D          1.372E+08
 285) NO2     + HV      = NO      + O            1.151E+12

HNO                 PRODUCTION RXS              INT RX RATE    TP =  8.46E+06
  71) H       + NO      = HNO     +              1.349E+04
  85) HCO     + NO      = HNO     + CO           2.354E+02
 164) HSO     + NO      = HNO     + SO           8.443E+06

HNO                    LOSS RXS                INT RX RATE    TL =  8.45E+06
  64) CH3     + HNO     = CH4     + NO           9.397E-04
  86) HNO     + HV      = NO      + H            7.629E+06
  87) H       + HNO     = H2      + NO           7.140E-01
  88) O       + HNO     = OH      + NO           1.198E+05
  89) OH      + HNO     = H2O     + NO           7.036E+05
 103) C2H5    + HNO     = C2H6    + NO           5.797E-07

H2S                 PRODUCTION RXS              INT RX RATE    TP =  3.14E+06
 125) HS      + HO2     = H2S     + O2           3.135E+06
 126) HS      + HS      = H2S     + S            2.317E+02
 127) HS      + HCO     = H2S     + CO           1.656E-02
 168) HSO     + HS      = H2S     + SO           5.423E+02
 235) HS      + HCS     = H2S     + CS           7.436E-08

H2S                    LOSS RXS                INT RX RATE    TL =  3.13E+06
 120) H2S     + OH      = H2O     + HS           3.084E+06
 121) H2S     + H       = H2      + HS           9.829E-01
 122) H2S     + O       = OH      + HS           3.949E+02
 287) H2S     + HV      = HS      + H            4.145E+04

HS                  PRODUCTION RXS              INT RX RATE    TP =  3.48E+09
 120) H2S     + OH      = H2O     + HS           3.084E+06
 121) H2S     + H       = H2      + HS           9.829E-01
 122) H2S     + O       = OH      + HS           3.949E+02
 132) S       + HCO     = HS      + CO           2.197E-09
 133) S       + HO2     = HS      + O2           5.341E-01
 166) HSO     + H       = HS      + OH           1.788E+01
 170) HSO     + O3      = HS      + O2      O2   3.456E+09
 171) HSO     + S       = HS      + SO           6.487E-04
 172) H       + OCS     = CO      + HS           2.425E+02
 177) OCS     + OH      = CO2     + HS           2.137E+07
 220) CS2     + OH      = OCS     + HS           8.567E+04
 231) CH21    + S2      = HCS     + HS           8.799E-17
 232) CH23    + S2      = HCS     + HS           5.744E-15
 236) S       + HCS     = HS      + CS           3.062E-14
 239) OCS     + H       = CO      + HS           2.417E+02
 287) H2S     + HV      = HS      + H            4.145E+04
 299) HSO     + HV      = HS      + O            2.803E+04

HS                     LOSS RXS                INT RX RATE    TL =  3.48E+09
 123) HS      + O       = H       + SO           9.483E+04
 125) HS      + HO2     = H2S     + O2           3.135E+06
 126) HS      + HS      = H2S     + S            2.317E+02
 127) HS      + HCO     = H2S     + CO           1.656E-02
 128) HS      + H       = H2      + S            3.904E-01
 129) HS      + S       = H       + S2           1.454E-05
 155) HS      + O3      = HSO     + O2           3.471E+09
 156) HS      + HO2     = HSO     + OH           3.135E+06
 157) HS      + NO2     = HSO     + NO           2.837E+06
 168) HSO     + HS      = H2S     + SO           5.423E+02
 173) HS      + CO      = OCS     + H            2.685E-05
 226) CS      + HS      = CS2     + H            5.691E-03
 230) HS      + CO      = OCS     + H            2.717E-05
 235) HS      + HCS     = H2S     + CS           7.436E-08

S                   PRODUCTION RXS              INT RX RATE    TP =  1.21E+08
 126) HS      + HS      = H2S     + S            2.317E+02
 128) HS      + H       = H2      + S            3.904E-01
 136) S2      + O       = S       + SO           2.288E+03
 159) SO      + SO      = SO2     + S            9.837E-02
 175) O       + OCS     = S       + CO2          8.564E+01
 219) CS2     + O       = OCS     + S            4.114E+05
 241) CS      + O       = CO      + S            1.466E+01
 286) SO      + HV      = S       + O            1.160E+05
 292) S2      + HV      = S       + S            8.201E+04
 294) S3      + HV      = S2      + S            6.076E-07
 300) OCS     + HV      = CO      + S            1.053E+08
 309) CS2     + HV      = CS      + S            1.496E+07

S                      LOSS RXS                INT RX RATE    TL =  1.21E+08
 129) HS      + S       = H       + S2           1.454E-05
 130) S       + O2      = SO      + O            1.208E+08
 131) S       + OH      = SO      + H            5.360E-01
 132) S       + HCO     = HS      + CO           2.197E-09
 133) S       + HO2     = HS      + O2           5.341E-01
 134) S       + HO2     = SO      + OH           5.341E-01
 135) S       + S       = S2      +              2.893E-14
 139) S       + S2      = S3      +              6.076E-07
 141) S       + S3      = S4      +              5.025E-22
 158) S       + O3      = SO      + O2           9.457E+04
 171) HSO     + S       = HS      + SO           6.487E-04
 176) OCS     + S       = CO      + S2           5.079E-01
 179) S       + CO      = OCS     +              6.932E-03
 184) OCS     + S       = OCS2    +              5.212E-01
 185) OCS2    + S       = OCS     + S2           7.294E-14
 229) S       + HCS     = H       + CS2          6.125E-14
 234) CH23    + S       = HCS     + H            4.312E-15
 236) S       + HCS     = HS      + CS           3.062E-14
 240) CS2     + S       = CS      + S2           8.970E-06

SO                  PRODUCTION RXS              INT RX RATE    TP =  5.63E+08
 106) SO2     + O1D     = SO      + O2           9.431E+03
 123) HS      + O       = H       + SO           9.483E+04
 130) S       + O2      = SO      + O            1.208E+08
 131) S       + OH      = SO      + H            5.360E-01
 134) S       + HO2     = SO      + OH           5.341E-01
 136) S2      + O       = S       + SO           2.288E+03
 148) SO21    + SO2     = SO3     + SO           6.313E-01
 151) SO23    + SO2     = SO3     + SO           7.868E-02
 158) S       + O3      = SO      + O2           9.457E+04
 164) HSO     + NO      = HNO     + SO           8.443E+06
 165) HSO     + OH      = H2O     + SO           1.218E+07
 167) HSO     + H       = H2      + SO           8.938E+00
 168) HSO     + HS      = H2S     + SO           5.423E+02
 169) HSO     + O       = OH      + SO           3.484E+05
 171) HSO     + S       = HS      + SO           6.487E-04
 174) O       + OCS     = CO      + SO           9.267E+06
 214) CS      + O2      = CO      + SO           1.216E+04
 216) CS      + O3      = SO      + CO2          6.436E+06
 218) CS2     + O       = SO      + CS           4.388E+06
 288) SO2     + HV      = SO      + O            4.012E+08

SO                     LOSS RXS                INT RX RATE    TL =  5.63E+08
 107) SO      + O2      = O       + SO2          3.043E+08
 108) SO      + HO2     = SO2     + OH           2.692E+06
 109) SO      + O       = SO2     +              3.112E+05
 110) SO      + OH      = SO2     + H            1.924E+06
 152) SO      + NO2     = SO2     + NO           1.654E+07
 153) SO      + O3      = SO2     + O2           2.374E+08
 159) SO      + SO      = SO2     + S            9.837E-02
 160) SO3     + SO      = SO2     + SO2          1.204E-03
 162) SO      + HCO     = HSO     + CO           1.262E-03
 163) H       + SO      = HSO     +              4.145E-02
 238) CS2     + SO      = OCS     + S2           6.163E-02
 286) SO      + HV      = S       + O            1.160E+05

SO2                 PRODUCTION RXS              INT RX RATE    TP =  4.61E+10
 105) SO2     + O1D     = SO2     + O            2.940E+03
 107) SO      + O2      = O       + SO2          3.043E+08
 108) SO      + HO2     = SO2     + OH           2.692E+06
 109) SO      + O       = SO2     +              3.112E+05
 110) SO      + OH      = SO2     + H            1.924E+06
 115) SO3     + O       = SO2     + O2           1.312E-01
 144) SO21    + M       = SO2     + M            3.973E+10
 146) SO21    + HV      = SO2     + HV           7.674E+06
 149) SO23    + M       = SO2     + M            4.229E+09
 150) SO23    + HV      = SO2     + HV           2.699E+06
 152) SO      + NO2     = SO2     + NO           1.654E+07
 153) SO      + O3      = SO2     + O2           2.374E+08
 159) SO      + SO      = SO2     + S            9.837E-02
 160) SO3     + SO      = SO2     + SO2          1.204E-03
 217) CS      + O3      = CO      + SO2          6.436E+06
 224) CS2X    + O2      = CS      + SO2          7.240E+04
 254) CH3SO2  + HV      = CH3     + SO2          1.604E+09
 298) SO3     + HV      = SO2     + O            1.527E+02

SO2                    LOSS RXS                INT RX RATE    TL =  4.63E+10
 105) SO2     + O1D     = SO2     + O            2.940E+03
 106) SO2     + O1D     = SO      + O2           9.431E+03
 111) SO2     + OH      = HSO3    +              1.551E+09
 112) SO2     + O       = SO3     +              1.750E+06
 148) SO21    + SO2     = SO3     + SO           6.313E-01
 151) SO23    + SO2     = SO3     + SO           7.868E-02
 154) SO2     + HO2     = SO3     + OH           5.917E+04
 288) SO2     + HV      = SO      + O            4.012E+08
 289) SO2     + HV      = SO21    +              4.371E+10
 290) SO2     + HV      = SO23    +              2.586E+08

H2SO4               PRODUCTION RXS              INT RX RATE    TP =  9.49E+09
 113) SO3     + H2O     = H2SO4   +              9.490E+09

H2SO4                  LOSS RXS                INT RX RATE    TL =  9.35E+09
 114) H2SO4   + H2O     = SO3     + H2O     H2O  7.919E+09
 291) H2SO4   + HV      = SO3     + H2O          2.355E+06

HSO                 PRODUCTION RXS              INT RX RATE    TP =  3.48E+09
 155) HS      + O3      = HSO     + O2           3.471E+09
 156) HS      + HO2     = HSO     + OH           3.135E+06
 157) HS      + NO2     = HSO     + NO           2.837E+06
 162) SO      + HCO     = HSO     + CO           1.262E-03
 163) H       + SO      = HSO     +              4.145E-02

HSO                    LOSS RXS                INT RX RATE    TL =  3.48E+09
 164) HSO     + NO      = HNO     + SO           8.443E+06
 165) HSO     + OH      = H2O     + SO           1.218E+07
 166) HSO     + H       = HS      + OH           1.788E+01
 167) HSO     + H       = H2      + SO           8.938E+00
 168) HSO     + HS      = H2S     + SO           5.423E+02
 169) HSO     + O       = OH      + SO           3.484E+05
 170) HSO     + O3      = HS      + O2      O2   3.456E+09
 171) HSO     + S       = HS      + SO           6.487E-04
 299) HSO     + HV      = HS      + O            2.803E+04

S2                  PRODUCTION RXS              INT RX RATE    TP =  8.43E+04
 129) HS      + S       = H       + S2           1.454E-05
 135) S       + S       = S2      +              2.893E-14
 176) OCS     + S       = CO      + S2           5.079E-01
 185) OCS2    + S       = OCS     + S2           7.294E-14
 225) CS2X    + CS2     = CS      + CS      S2   5.656E-05
 237) CS2     + O       = CO      + S2           8.430E+04
 238) CS2     + SO      = OCS     + S2           6.163E-02
 240) CS2     + S       = CS      + S2           8.970E-06
 293) S4      + HV      = S2      + S2           2.029E+01
 294) S3      + HV      = S2      + S            6.076E-07

S2                     LOSS RXS                INT RX RATE    TL =  8.43E+04
 136) S2      + O       = S       + SO           2.288E+03
 139) S       + S2      = S3      +              6.076E-07
 140) S2      + S2      = S4      +              2.029E+01
 231) CH21    + S2      = HCS     + HS           8.799E-17
 232) CH23    + S2      = HCS     + HS           5.744E-15
 292) S2      + HV      = S       + S            8.201E+04

S4                  PRODUCTION RXS              INT RX RATE    TP =  2.03E+01
 140) S2      + S2      = S4      +              2.029E+01
 141) S       + S3      = S4      +              5.025E-22
 297) S8      + HV      = S4      + S4           6.532E-13

S4                     LOSS RXS                INT RX RATE    TL =  2.03E+01
 142) S4      + S4      = S8      +              6.532E-13
 293) S4      + HV      = S2      + S2           2.029E+01

S8                  PRODUCTION RXS              INT RX RATE    TP =  6.53E-13
 142) S4      + S4      = S8      +              6.532E-13

S8                     LOSS RXS                INT RX RATE    TL =  6.53E-13
 297) S8      + HV      = S4      + S4           6.532E-13

SO3                 PRODUCTION RXS              INT RX RATE    TP =  9.49E+09
 112) SO2     + O       = SO3     +              1.750E+06
 114) H2SO4   + H2O     = SO3     + H2O     H2O  7.919E+09
 116) HSO3    + O2      = HO2     + SO3          1.551E+09
 147) SO21    + O2      = SO3     + O            8.451E+02
 148) SO21    + SO2     = SO3     + SO           6.313E-01
 151) SO23    + SO2     = SO3     + SO           7.868E-02
 154) SO2     + HO2     = SO3     + OH           5.917E+04
 255) CH3SO3  + HV      = CH3     + SO3          1.586E+07
 291) H2SO4   + HV      = SO3     + H2O          2.355E+06

SO3                    LOSS RXS                INT RX RATE    TL =  9.49E+09
 113) SO3     + H2O     = H2SO4   +              9.490E+09
 115) SO3     + O       = SO2     + O2           1.312E-01
 160) SO3     + SO      = SO2     + SO2          1.204E-03
 298) SO3     + HV      = SO2     + O            1.527E+02

OCS                 PRODUCTION RXS              INT RX RATE    TP =  7.03E+06
 173) HS      + CO      = OCS     + H            2.685E-05
 179) S       + CO      = OCS     +              6.932E-03
 185) OCS2    + S       = OCS     + S2           7.294E-14
 188) OCS2    + CO      = OCS     + OCS          5.212E-01
 213) CS      + O2      = OCS     + O            9.731E+04
 215) CS      + O3      = OCS     + O2           6.436E+06
 219) CS2     + O       = OCS     + S            4.114E+05
 220) CS2     + OH      = OCS     + HS           8.567E+04
 230) HS      + CO      = OCS     + H            2.717E-05
 238) CS2     + SO      = OCS     + S2           6.163E-02

OCS                    LOSS RXS                INT RX RATE    TL =  1.36E+08
 172) H       + OCS     = CO      + HS           2.425E+02
 174) O       + OCS     = CO      + SO           9.267E+06
 175) O       + OCS     = S       + CO2          8.564E+01
 176) OCS     + S       = CO      + S2           5.079E-01
 177) OCS     + OH      = CO2     + HS           2.137E+07
 184) OCS     + S       = OCS2    +              5.212E-01
 239) OCS     + H       = CO      + HS           2.417E+02
 300) OCS     + HV      = CO      + S            1.053E+08

S3                  PRODUCTION RXS              INT RX RATE    TP =  6.08E-07
 139) S       + S2      = S3      +              6.076E-07

S3                     LOSS RXS                INT RX RATE    TL =  6.08E-07
 141) S       + S3      = S4      +              5.025E-22
 294) S3      + HV      = S2      + S            6.076E-07

O3                  PRODUCTION RXS              INT RX RATE    TP =  1.69E+15
  18) O       + O2      = O3      +              1.688E+15

O3                     LOSS RXS                INT RX RATE    TL =  1.69E+15
   5) H       + O3      = OH      + O2           3.105E+11
  12) OH      + O3      = HO2     + O2           2.906E+11
  15) HO2     + O3      = OH      + O2      O2   1.219E+11
  19) O       + O3      = O2      + O2           1.574E+11
  20) O1D     + O3      = O2      + O2           4.224E+09
  21) O1D     + O3      = O       + O       O2   4.224E+09
  26) O3      + HV      = O2      + O            4.057E-10
  27) O3      + O3      = O2      + O2      O2   1.163E+03
  77) NO      + O3      = NO2     + O2           1.362E+12
 153) SO      + O3      = SO2     + O2           2.374E+08
 155) HS      + O3      = HSO     + O2           3.471E+09
 158) S       + O3      = SO      + O2           9.457E+04
 170) HSO     + O3      = HS      + O2      O2   3.456E+09
 205) NO2     + O3      = NO3     + O2           3.943E+08
 215) CS      + O3      = OCS     + O2           6.436E+06
 216) CS      + O3      = SO      + CO2          6.436E+06
 217) CS      + O3      = CO      + SO2          6.436E+06
 248) CH3S    + O3      = CH3SO   + O2           1.208E+09
 250) CH3SO   + O3      = CH3SO2  + O2           1.207E+09
 252) CH3SO2  + O3      = CH3SO3  + O2           1.585E+07
 264) O3      + HV      = O2      + O1D          6.386E+14
 265) O3      + HV      = O2      + O            1.046E+15
 266) O3      + HV      = O       + O       O    6.029E+11

HNO3                PRODUCTION RXS              INT RX RATE    TP =  3.30E+09
  82) NO2     + OH      = HNO3    +              3.301E+09
 203) N2O5    + H2O     = HNO3    + HNO3         3.378E+03
 244) C2H6S   + NO3     = C2H5S   + HNO3         1.653E+05

HNO3                   LOSS RXS                INT RX RATE    TL =  3.27E+09
  84) HNO3    + OH      = H2O     + NO3          8.304E+08
 211) O       + HNO3    = OH      + NO3          5.684E+05
 280) HNO3    + HV      = NO2     + OH           1.829E+09
 281) HNO3    + HV      = HNO2    + O            2.477E+08
 282) HNO3    + HV      = HNO2    + O1D          1.779E+08

N                   PRODUCTION RXS              INT RX RATE    TP =  6.07E+07
 283) NO      + HV      = N       + O            6.068E+07

N                      LOSS RXS                INT RX RATE    TL =  6.07E+07
  72) N       + N       = N2      +              1.038E+00
  73) N       + O2      = NO      + O            2.528E+06
  75) N       + OH      = NO      + H            9.602E+06
  76) N       + NO      = N2      + O            3.864E+07
 195) N       + NO2     = N2O     + O            7.474E+06
 199) N       + HO2     = NO      + OH           2.425E+06

NO3                 PRODUCTION RXS              INT RX RATE    TP =  1.29E+10
  84) HNO3    + OH      = H2O     + NO3          8.304E+08
 192) O       + NO2     = NO3     +              1.143E+10
 202) N2O5    + M       = NO3     + NO2          7.030E+04
 205) NO2     + O3      = NO3     + O2           3.943E+08
 211) O       + HNO3    = OH      + NO3          5.684E+05
 305) HO2NO2  + HV      = OH      + NO3          2.004E+08
 306) N2O5    + HV      = NO3     + NO2          1.066E+07
 307) N2O5    + HV      = NO3     + NO      O    1.380E+07

NO3                    LOSS RXS                INT RX RATE    TL =  1.29E+10
 189) O       + NO3     = O2      + NO2          2.220E+08
 190) HO2     + NO3     = OH      + NO2     O2   5.530E+06
 191) NO      + NO3     = NO2     + NO2          1.208E+09
 193) OH      + NO3     = HO2     + NO2          1.084E+07
 201) NO2     + NO3     = N2O5    +              2.455E+07
 204) NO2     + NO3     = NO      + NO2     O2   1.712E+03
 206) NO3     + NO3     = NO2     + NO2     O2   5.628E-02
 244) C2H6S   + NO3     = C2H5S   + HNO3         1.653E+05
 301) NO3     + HV      = NO      + O2           1.377E+09
 302) NO3     + HV      = NO2     + O            1.003E+10

N2O                 PRODUCTION RXS              INT RX RATE    TP =  7.47E+06
 195) N       + NO2     = N2O     + O            7.474E+06

N2O                    LOSS RXS                INT RX RATE    TL =  2.47E+10
 194) H       + N2O     = N2      + OH           4.537E-03
 197) O1D     + N2O     = N2      + O2           6.558E+07
 198) O1D     + N2O     = NO      + NO           1.026E+08
 303) N2O     + HV      = N2      + O1D          2.452E+10

HO2NO2              PRODUCTION RXS              INT RX RATE    TP =  4.22E+09
 207) HO2     + NO2     = HO2NO2  +              4.217E+09

HO2NO2                 LOSS RXS                INT RX RATE    TL =  4.22E+09
 208) O       + HO2NO2  = OH      + NO2     O2   6.947E+03
 209) OH      + HO2NO2  = H2O     + NO2     O2   1.533E+09
 210) HO2NO2  + M       = HO2     + NO2          1.743E+09
 304) HO2NO2  + HV      = HO2     + NO2          7.319E+08
 305) HO2NO2  + HV      = OH      + NO3          2.004E+08

N2O5                PRODUCTION RXS              INT RX RATE    TP =  2.45E+07
 201) NO2     + NO3     = N2O5    +              2.455E+07

N2O5                   LOSS RXS                INT RX RATE    TL =  2.45E+07
 200) O       + N2O5    = NO2     + NO2     O2   1.600E+04
 202) N2O5    + M       = NO3     + NO2          7.030E+04
 203) N2O5    + H2O     = HNO3    + HNO3         3.378E+03
 306) N2O5    + HV      = NO3     + NO2          1.066E+07
 307) N2O5    + HV      = NO3     + NO      O    1.380E+07

NH                  PRODUCTION RXS              INT RX RATE    TP =  0.00E+00

NH                     LOSS RXS                INT RX RATE    TL =  0.00E+00

NH2                 PRODUCTION RXS              INT RX RATE    TP =  0.00E+00

NH2                    LOSS RXS                INT RX RATE    TL =  0.00E+00

NH3                 PRODUCTION RXS              INT RX RATE    TP =  0.00E+00

NH3                    LOSS RXS                INT RX RATE    TL =  1.50E+10

CO2                 PRODUCTION RXS              INT RX RATE    TP =  9.45E+11
  32) O       + HCO     = H       + CO2          9.879E+04
  34) CO      + OH      = CO2     + H            1.162E+11
  35) CO      + O       = CO2     +              3.379E+06
 175) O       + OCS     = S       + CO2          8.564E+01
 177) OCS     + OH      = CO2     + HS           2.137E+07
 182) CO2     + O1D     = CO2     + O            8.289E+11
 216) CS      + O3      = SO      + CO2          6.436E+06

CO2                    LOSS RXS                INT RX RATE    TL =  8.79E+11
  36) CO2     + H       = CO      + OH           1.221E-01
  93) CH21    + CO2     = H2CO    + CO           7.424E+03
  95) CH23    + CO2     = H2CO    + CO           4.968E+05
 182) CO2     + O1D     = CO2     + O            8.289E+11
 268) CO2     + HV      = CO      + O            1.615E+10
 269) CO2     + HV      = CO      + O1D          3.381E+10

CS                  PRODUCTION RXS              INT RX RATE    TP =  1.94E+07
 218) CS2     + O       = SO      + CS           4.388E+06
 224) CS2X    + O2      = CS      + SO2          7.240E+04
 225) CS2X    + CS2     = CS      + CS      S2   5.656E-05
 228) H       + HCS     = H2      + CS           8.147E-10
 233) CH3     + HCS     = CH4     + CS           1.033E-10
 235) HS      + HCS     = H2S     + CS           7.436E-08
 236) S       + HCS     = HS      + CS           3.062E-14
 240) CS2     + S       = CS      + S2           8.970E-06
 309) CS2     + HV      = CS      + S            1.496E+07

CS                     LOSS RXS                INT RX RATE    TL =  1.94E+07
 213) CS      + O2      = OCS     + O            9.731E+04
 214) CS      + O2      = CO      + SO           1.216E+04
 215) CS      + O3      = OCS     + O2           6.436E+06
 216) CS      + O3      = SO      + CO2          6.436E+06
 217) CS      + O3      = CO      + SO2          6.436E+06
 226) CS      + HS      = CS2     + H            5.691E-03
 227) H       + CS      = HCS     +              7.528E-08
 241) CS      + O       = CO      + S            1.466E+01

CS2                 PRODUCTION RXS              INT RX RATE    TP =  8.85E+08
 222) CS2OH   + HV      = CS2     + OH           3.427E+07
 223) CS2X    + M       = CS2     + M            8.508E+08
 226) CS      + HS      = CS2     + H            5.691E-03
 229) S       + HCS     = H       + CS2          6.125E-14

CS2                    LOSS RXS                INT RX RATE    TL =  9.05E+08
 218) CS2     + O       = SO      + CS           4.388E+06
 219) CS2     + O       = OCS     + S            4.114E+05
 220) CS2     + OH      = OCS     + HS           8.567E+04
 221) CS2     + OH      = CS2OH   +              3.427E+07
 225) CS2X    + CS2     = CS      + CS      S2   5.656E-05
 237) CS2     + O       = CO      + S2           8.430E+04
 238) CS2     + SO      = OCS     + S2           6.163E-02
 240) CS2     + S       = CS      + S2           8.970E-06
 309) CS2     + HV      = CS      + S            1.496E+07
 310) CS2     + HV      = CS2X    +              8.509E+08

HCS                 PRODUCTION RXS              INT RX RATE    TP =  7.53E-08
 227) H       + CS      = HCS     +              7.528E-08
 231) CH21    + S2      = HCS     + HS           8.799E-17
 232) CH23    + S2      = HCS     + HS           5.744E-15
 234) CH23    + S       = HCS     + H            4.312E-15

HCS                    LOSS RXS                INT RX RATE    TL =  7.53E-08
 228) H       + HCS     = H2      + CS           8.147E-10
 229) S       + HCS     = H       + CS2          6.125E-14
 233) CH3     + HCS     = CH4     + CS           1.033E-10
 235) HS      + HCS     = H2S     + CS           7.436E-08
 236) S       + HCS     = HS      + CS           3.062E-14

C2H6S               PRODUCTION RXS              INT RX RATE    TP =  0.00E+00

C2H6S                  LOSS RXS                INT RX RATE    TL =  1.62E+09
 242) C2H6S   + OH      = C2H5S   + H2O          1.209E+09
 243) C2H6S   + OH      = C2H7SO  +              4.110E+08
 244) C2H6S   + NO3     = C2H5S   + HNO3         1.653E+05

C2H5S               PRODUCTION RXS              INT RX RATE    TP =  1.21E+09
 242) C2H6S   + OH      = C2H5S   + H2O          1.209E+09
 244) C2H6S   + NO3     = C2H5S   + HNO3         1.653E+05

C2H5S                  LOSS RXS                INT RX RATE    TL =  1.21E+09
 245) C2H5S   + O2      = C2H5SO2 +              1.209E+09

C2H5SO              PRODUCTION RXS              INT RX RATE    TP =  1.21E+09
 246) C2H5SO2 + NO      = C2H5SO  + NO2          1.209E+09

C2H5SO                 LOSS RXS                INT RX RATE    TL =  1.21E+09
 247) C2H5SO  + HV      = H2CO    + CH3S         1.209E+09

C2H5SO2             PRODUCTION RXS              INT RX RATE    TP =  1.21E+09
 245) C2H5S   + O2      = C2H5SO2 +              1.209E+09

C2H5SO2                LOSS RXS                INT RX RATE    TL =  1.21E+09
 246) C2H5SO2 + NO      = C2H5SO  + NO2          1.209E+09

CH3S                PRODUCTION RXS              INT RX RATE    TP =  1.21E+09
 247) C2H5SO  + HV      = H2CO    + CH3S         1.209E+09

CH3S                   LOSS RXS                INT RX RATE    TL =  1.21E+09
 248) CH3S    + O3      = CH3SO   + O2           1.208E+09
 249) CH3S    + NO2     = CH3SO   + NO           5.381E+05

CH3SO               PRODUCTION RXS              INT RX RATE    TP =  1.21E+09
 248) CH3S    + O3      = CH3SO   + O2           1.208E+09
 249) CH3S    + NO2     = CH3SO   + NO           5.381E+05

CH3SO                  LOSS RXS                INT RX RATE    TL =  1.21E+09
 250) CH3SO   + O3      = CH3SO2  + O2           1.207E+09
 251) CH3SO   + NO2     = CH3SO2  + NO           1.788E+06

CH3SO2              PRODUCTION RXS              INT RX RATE    TP =  1.62E+09
 250) CH3SO   + O3      = CH3SO2  + O2           1.207E+09
 251) CH3SO   + NO2     = CH3SO2  + NO           1.788E+06
 258) CH4SO2  + OH      = CH3SO2  + H2O          4.105E+08

CH3SO2                 LOSS RXS                INT RX RATE    TL =  1.62E+09
 252) CH3SO2  + O3      = CH3SO3  + O2           1.585E+07
 253) CH3SO2  + NO2     = CH3SO3  + NO           4.286E+03
 254) CH3SO2  + HV      = CH3     + SO2          1.604E+09

CH3SO3              PRODUCTION RXS              INT RX RATE    TP =  1.59E+07
 252) CH3SO2  + O3      = CH3SO3  + O2           1.585E+07
 253) CH3SO2  + NO2     = CH3SO3  + NO           4.286E+03

CH3SO3                 LOSS RXS                INT RX RATE    TL =  1.59E+07
 255) CH3SO3  + HV      = CH3     + SO3          1.586E+07

CH4SO2              PRODUCTION RXS              INT RX RATE    TP =  4.11E+08
 257) C2H6SO  + OH      = CH4SO2  + CH3          4.105E+08

CH4SO2                 LOSS RXS                INT RX RATE    TL =  4.11E+08
 258) CH4SO2  + OH      = CH3SO2  + H2O          4.105E+08

C2H6SO              PRODUCTION RXS              INT RX RATE    TP =  4.11E+08
 256) C2H7SO  + O2      = C2H6SO  + HO2          4.110E+08

C2H6SO                 LOSS RXS                INT RX RATE    TL =  4.11E+08
 257) C2H6SO  + OH      = CH4SO2  + CH3          4.105E+08

C2H7SO              PRODUCTION RXS              INT RX RATE    TP =  4.11E+08
 243) C2H6S   + OH      = C2H7SO  +              4.110E+08

C2H7SO                 LOSS RXS                INT RX RATE    TL =  4.11E+08
 256) C2H7SO  + O2      = C2H6SO  + HO2          4.110E+08

SO4AER              PRODUCTION RXS              INT RX RATE    TP =  1.31E+09

SO4AER                 LOSS RXS                INT RX RATE    TL =  1.29E+09

S8AER               PRODUCTION RXS              INT RX RATE    TP =  0.00E+00

S8AER                  LOSS RXS                INT RX RATE    TL =  1.70E-19

HNO2                PRODUCTION RXS              INT RX RATE    TP =  0.00E+00
  80) NO      + OH      = HNO2    +              2.574E+09
 212) HO2     + NO2     = HNO2    + O2           1.955E+06
 281) HNO3    + HV      = HNO2    + O            2.477E+08
 282) HNO3    + HV      = HNO2    + O1D          1.779E+08

HNO2                   LOSS RXS                INT RX RATE    TL =  0.00E+00
  90) HNO2    + OH      = H2O     + NO2          3.642E+07
 279) HNO2    + HV      = NO      + OH           2.965E+09

O1D                 PRODUCTION RXS              INT RX RATE    TP =  0.00E+00
 259) O2      + HV      = O       + O1D          2.791E+11
 262) H2O     + HV      = H2      + O1D          9.407E+08
 264) O3      + HV      = O2      + O1D          6.386E+14
 269) CO2     + HV      = CO      + O1D          3.381E+10
 282) HNO3    + HV      = HNO2    + O1D          1.779E+08
 284) NO2     + HV      = NO      + O1D          1.372E+08
 303) N2O     + HV      = N2      + O1D          2.452E+10

O1D                    LOSS RXS                INT RX RATE    TL =  0.00E+00
   1) H2O     + O1D     = OH      + OH           1.771E+11
   2) H2      + O1D     = OH      + H            1.365E+09
  20) O1D     + O3      = O2      + O2           4.224E+09
  21) O1D     + O3      = O       + O       O2   4.224E+09
  23) O1D     + N2      = O       + N2           6.360E+14
  24) O1D     + O2      = O       + O2           2.006E+12
  49) CH4     + O1D     = CH3     + OH           7.887E+08
  50) CH4     + O1D     = CH3O    + H            1.062E+08
  51) CH4     + O1D     = CH2OH   + H            1.062E+08
  52) CH4     + O1D     = H2CO    + H2           5.308E+07
  98) C2H6    + O1D     = C2H5    + OH           1.157E+05
 105) SO2     + O1D     = SO2     + O            2.940E+03
 106) SO2     + O1D     = SO      + O2           9.431E+03
 180) CO      + O1D     = CO      + O            7.367E+07
 182) CO2     + O1D     = CO2     + O            8.289E+11
 197) O1D     + N2O     = N2      + O2           6.558E+07
 198) O1D     + N2O     = NO      + NO           1.026E+08

CH21                PRODUCTION RXS              INT RX RATE    TP =  0.00E+00
 273) CH4     + HV      = CH21    + H2           1.818E+08
 276) CH3     + HV      = CH21    + H            4.802E+03
 278) C2H6    + HV      = CH4     + CH21         4.227E+00

CH21                   LOSS RXS                INT RX RATE    TL =  0.00E+00
  53) CH21    + CH4     = CH3     + CH3          3.451E-12
  54) CH21    + O2      = HCO     + OH           1.674E+06
  55) CH21    + N2      = CH23    + N2           1.801E+08
  92) CH21    + H2      = CH3     + H            4.148E+03
  93) CH21    + CO2     = H2CO    + CO           7.424E+03
 231) CH21    + S2      = HCS     + HS           8.799E-17

CH23                PRODUCTION RXS              INT RX RATE    TP =  0.00E+00
  55) CH21    + N2      = CH23    + N2           1.801E+08
 275) CH4     + HV      = CH23    + H       H    3.330E+07
 277) C2H6    + HV      = CH23    + CH23    H2   1.691E+01

CH23                   LOSS RXS                INT RX RATE    TL =  0.00E+00
  58) CH23    + O2      = HCO     + OH           2.129E+08
  94) CH23    + O       = HCO     + H            6.721E+04
  95) CH23    + CO2     = H2CO    + CO           4.968E+05
 232) CH23    + S2      = HCS     + HS           5.744E-15
 234) CH23    + S       = HCS     + H            4.312E-15

C2H5                PRODUCTION RXS              INT RX RATE    TP =  0.00E+00
  96) C2H6    + OH      = C2H5    + H2O          8.998E+08
  97) C2H6    + O       = C2H5    + OH           4.292E+04
  98) C2H6    + O1D     = C2H5    + OH           1.157E+05

C2H5                   LOSS RXS                INT RX RATE    TL =  0.00E+00
  99) C2H5    + H       = CH3     + CH3          4.318E-05
 100) C2H5    + O       = CH3     + HCO     H    2.137E+00
 101) C2H5    + OH      = CH3     + HCO     H2   4.131E-01
 102) C2H5    + HCO     = C2H6    + CO           8.752E-08
 103) C2H5    + HNO     = C2H6    + NO           5.797E-07
 104) C2H5    + O2      = CH3     + HCO     OH   9.000E+08

SO21                PRODUCTION RXS              INT RX RATE    TP =  0.00E+00
 289) SO2     + HV      = SO21    +              4.371E+10

SO21                   LOSS RXS                INT RX RATE    TL =  0.00E+00
 143) SO21    + M       = SO23    + M            3.973E+09
 144) SO21    + M       = SO2     + M            3.973E+10
 145) SO21    + HV      = SO23    + HV           5.232E+05
 146) SO21    + HV      = SO2     + HV           7.674E+06
 147) SO21    + O2      = SO3     + O            8.451E+02
 148) SO21    + SO2     = SO3     + SO           6.313E-01

SO23                PRODUCTION RXS              INT RX RATE    TP =  0.00E+00
 143) SO21    + M       = SO23    + M            3.973E+09
 145) SO21    + HV      = SO23    + HV           5.232E+05
 290) SO2     + HV      = SO23    +              2.586E+08

SO23                   LOSS RXS                INT RX RATE    TL =  0.00E+00
 149) SO23    + M       = SO2     + M            4.229E+09
 150) SO23    + HV      = SO2     + HV           2.699E+06
 151) SO23    + SO2     = SO3     + SO           7.868E-02

HSO3                PRODUCTION RXS              INT RX RATE    TP =  0.00E+00
 111) SO2     + OH      = HSO3    +              1.551E+09

HSO3                   LOSS RXS                INT RX RATE    TL =  0.00E+00
 116) HSO3    + O2      = HO2     + SO3          1.551E+09

OCS2                PRODUCTION RXS              INT RX RATE    TP =  0.00E+00
 184) OCS     + S       = OCS2    +              5.212E-01

OCS2                   LOSS RXS                INT RX RATE    TL =  0.00E+00
 185) OCS2    + S       = OCS     + S2           7.294E-14
 188) OCS2    + CO      = OCS     + OCS          5.212E-01

CS2X                PRODUCTION RXS              INT RX RATE    TP =  0.00E+00
 310) CS2     + HV      = CS2X    +              8.509E+08

CS2X                   LOSS RXS                INT RX RATE    TL =  0.00E+00
 223) CS2X    + M       = CS2     + M            8.508E+08
 224) CS2X    + O2      = CS      + SO2          7.240E+04
 225) CS2X    + CS2     = CS      + CS      S2   5.656E-05

CS2OH               PRODUCTION RXS              INT RX RATE    TP =  0.00E+00
 221) CS2     + OH      = CS2OH   +              3.427E+07

CS2OH                  LOSS RXS                INT RX RATE    TL =  0.00E+00
 222) CS2OH   + HV      = CS2     + OH           3.427E+07

N2                  PRODUCTION RXS              INT RX RATE    TP =  0.00E+00
  23) O1D     + N2      = O       + N2           6.360E+14
  55) CH21    + N2      = CH23    + N2           1.801E+08
  72) N       + N       = N2      +              1.038E+00
  76) N       + NO      = N2      + O            3.864E+07
 194) H       + N2O     = N2      + OH           4.537E-03
 197) O1D     + N2O     = N2      + O2           6.558E+07
 303) N2O     + HV      = N2      + O1D          2.452E+10

N2                     LOSS RXS                INT RX RATE    TL =  0.00E+00
  23) O1D     + N2      = O       + N2           6.360E+14
  55) CH21    + N2      = CH23    + N2           1.801E+08
