
O                   PRODUCTION RXS              INT RX RATE    TP =  2.14E+13
   8) H       + HO2     = H2O     + O            8.222E+09
  21) O1D     + O3      = O       + O       O2   1.338E+07
  22) OH      + OH      = H2O     + O            1.941E+10
  23) O1D     + N2      = O       + N2           2.704E+12
  24) O1D     + O2      = O       + O2           6.465E+09
  25) O2      + HV      = O       + O            3.891E-49
  26) O3      + HV      = O2      + O            1.561E-12
  73) N       + O2      = NO      + O            1.038E+05
  76) N       + NO      = N2      + O            2.449E+08
 105) SO2     + O1D     = SO2     + O            9.319E+01
 107) SO      + O2      = O       + SO2          8.614E+08
 130) S       + O2      = SO      + O            6.483E+07
 147) SO21    + O2      = SO3     + O            9.408E+00
 180) CO      + O1D     = CO      + O            2.502E+07
 182) CO2     + O1D     = CO2     + O            3.724E+09
 195) N       + NO2     = N2O     + O            1.962E+07
 213) CS      + O2      = OCS     + O            6.196E+04
 259) O2      + HV      = O       + O1D          7.411E+11
 260) O2      + HV      = O       + O            5.334E+11
 263) H2O     + HV      = H       + H       O    1.214E+11
 265) O3      + HV      = O2      + O            1.661E+13
 266) O3      + HV      = O       + O       O    2.319E+10
 268) CO2     + HV      = CO      + O            8.271E+08
 272) HO2     + HV      = OH      + O            7.722E+07
 281) HNO3    + HV      = HNO2    + O            2.767E+08
 283) NO      + HV      = N       + O            5.555E+08
 285) NO2     + HV      = NO      + O            1.522E+10
 286) SO      + HV      = S       + O            6.407E+04
 288) SO2     + HV      = SO      + O            1.156E+09
 298) SO3     + HV      = SO2     + O            1.216E+04
 299) HSO     + HV      = HS      + O            1.431E+04
 302) NO3     + HV      = NO2     + O            6.976E+08
 307) N2O5    + HV      = NO3     + NO      O    6.714E+05

O                      LOSS RXS                INT RX RATE    TL =  2.07E+13
   3) H2      + O       = OH      + H            2.121E+05
  10) OH      + O       = H       + O2           1.550E+12
  14) HO2     + O       = OH      + O2           9.036E+11
  17) O       + O       = O2      +              4.179E+09
  18) O       + O2      = O3      +              1.786E+13
  19) O       + O3      = O2      + O2           4.523E+09
  32) O       + HCO     = H       + CO2          6.103E+05
  33) O       + HCO     = OH      + CO           6.103E+05
  35) CO      + O       = CO2     +              6.563E+05
  46) H2CO    + O       = HCO     + OH           1.186E+07
  47) H2O2    + O       = OH      + HO2          1.495E+05
  60) CH3     + O       = H2CO    + H            9.504E+07
  78) NO      + O       = NO2     +              1.241E+09
  81) NO2     + O       = NO      + O2           3.909E+11
  88) O       + HNO     = OH      + NO           4.738E+06
  91) CH4     + O       = CH3     + OH           1.290E+05
  94) CH23    + O       = HCO     + H            3.782E+05
  97) C2H6    + O       = C2H5    + OH           1.428E+03
 100) C2H5    + O       = CH3     + HCO     H    2.416E+01
 109) SO      + O       = SO2     +              8.683E+04
 112) SO2     + O       = SO3     +              5.504E+05
 115) SO3     + O       = SO2     + O2           3.314E+03
 122) H2S     + O       = OH      + HS           1.301E+03
 123) HS      + O       = H       + SO           1.072E+04
 136) S2      + O       = S       + SO           1.254E+03
 169) HSO     + O       = OH      + SO           3.007E+04
 174) O       + OCS     = CO      + SO           5.771E+05
 175) O       + OCS     = S       + CO2          6.131E-01
 189) O       + NO3     = O2      + NO2          8.831E+07
 192) O       + NO2     = NO3     +              2.230E+09
 200) O       + N2O5    = NO2     + NO2     O2   9.607E+04
 208) O       + HO2NO2  = OH      + NO2     O2   5.560E+02
 211) O       + HNO3    = OH      + NO3          1.233E+06
 218) CS2     + O       = SO      + CS           5.882E+05
 219) CS2     + O       = OCS     + S            5.515E+04
 237) CS2     + O       = CO      + S2           1.794E+04
 241) CS      + O       = CO      + S            1.041E+00

O2                  PRODUCTION RXS              INT RX RATE    TP =  2.22E+13
   5) H       + O3      = OH      + O2           2.453E+11
   7) H       + HO2     = H2      + O2           3.546E+10
  10) OH      + O       = H       + O2           1.550E+12
  11) OH      + HO2     = H2O     + O2           6.832E+11
  12) OH      + O3      = HO2     + O2           1.954E+10
  14) HO2     + O       = OH      + O2           9.036E+11
  15) HO2     + O3      = OH      + O2      O2   5.226E+09
  16) HO2     + HO2     = H2O2    + O2           5.055E+09
  17) O       + O       = O2      +              4.179E+09
  19) O       + O3      = O2      + O2           4.523E+09
  20) O1D     + O3      = O2      + O2           1.338E+07
  21) O1D     + O3      = O       + O       O2   1.338E+07
  24) O1D     + O2      = O       + O2           6.465E+09
  26) O3      + HV      = O2      + O            1.561E-12
  27) O3      + O3      = O2      + O2      O2   2.535E+01
  68) CH3O2   + HO2     = CH3OOH  + O2           2.707E+09
  77) NO      + O3      = NO2     + O2           3.216E+11
  81) NO2     + O       = NO      + O2           3.909E+11
 106) SO2     + O1D     = SO      + O2           2.989E+02
 115) SO3     + O       = SO2     + O2           3.314E+03
 125) HS      + HO2     = H2S     + O2           2.988E+05
 133) S       + HO2     = HS      + O2           1.483E-01
 153) SO      + O3      = SO2     + O2           2.096E+08
 155) HS      + O3      = HSO     + O2           8.342E+09
 158) S       + O3      = SO      + O2           2.573E+04
 170) HSO     + O3      = HS      + O2      O2   8.440E+09
 189) O       + NO3     = O2      + NO2          8.831E+07
 190) HO2     + NO3     = OH      + NO2     O2   8.219E+06
 197) O1D     + N2O     = N2      + O2           3.913E+05
 200) O       + N2O5    = NO2     + NO2     O2   9.607E+04
 204) NO2     + NO3     = NO      + NO2     O2   1.459E+04
 205) NO2     + O3      = NO3     + O2           5.962E+08
 206) NO3     + NO3     = NO2     + NO2     O2   1.017E+00
 208) O       + HO2NO2  = OH      + NO2     O2   5.560E+02
 209) OH      + HO2NO2  = H2O     + NO2     O2   1.929E+08
 212) HO2     + NO2     = HNO2    + O2           1.664E+06
 215) CS      + O3      = OCS     + O2           9.777E+06
 248) CH3S    + O3      = CH3SO   + O2           1.647E+08
 250) CH3SO   + O3      = CH3SO2  + O2           1.626E+08
 252) CH3SO2  + O3      = CH3SO3  + O2           4.587E+06
 264) O3      + HV      = O2      + O1D          1.361E+12
 265) O3      + HV      = O2      + O            1.661E+13
 301) NO3     + HV      = NO      + O2           8.723E+07

O2                     LOSS RXS                INT RX RATE    TL =  2.13E+13
   6) H       + O2      = HO2     +              2.076E+12
  18) O       + O2      = O3      +              1.786E+13
  24) O1D     + O2      = O       + O2           6.465E+09
  25) O2      + HV      = O       + O            3.891E-49
  40) HCO     + O2      = HO2     + CO           2.341E+10
  41) CH2OH   + O2      = H2CO    + HO2          8.474E+05
  42) CH3O    + O2      = H2CO    + HO2          1.080E+10
  54) CH21    + O2      = HCO     + OH           7.396E+07
  58) CH23    + O2      = HCO     + OH           1.185E+10
  59) CH3     + O2      = H2CO    + OH           1.012E+01
  66) CH3     + O2      = CH3O2   +              1.169E+10
  73) N       + O2      = NO      + O            1.038E+05
 104) C2H5    + O2      = CH3     + HCO     OH   5.160E+06
 107) SO      + O2      = O       + SO2          8.614E+08
 116) HSO3    + O2      = HO2     + SO3          7.680E+07
 130) S       + O2      = SO      + O            6.483E+07
 147) SO21    + O2      = SO3     + O            9.408E+00
 213) CS      + O2      = OCS     + O            6.196E+04
 214) CS      + O2      = CO      + SO           7.745E+03
 224) CS2X    + O2      = CS      + SO2          1.055E+02
 245) C2H5S   + O2      = C2H5SO2 +              1.965E+08
 256) C2H7SO  + O2      = C2H6SO  + HO2          5.236E+06
 259) O2      + HV      = O       + O1D          7.411E+11
 260) O2      + HV      = O       + O            5.334E+11

H2O                 PRODUCTION RXS              INT RX RATE    TP =  7.34E+11
   4) H2      + OH      = H2O     + H            8.952E+08
   8) H       + HO2     = H2O     + O            8.222E+09
  11) OH      + HO2     = H2O     + O2           6.832E+11
  13) OH      + H2O2    = HO2     + H2O          5.098E+09
  22) OH      + OH      = H2O     + O            1.941E+10
  31) OH      + HCO     = H2O     + CO           8.124E+05
  43) H2CO    + OH      = H2O     + HCO          1.143E+10
  44) H       + OH      = H2O     +              1.896E+08
  48) CH4     + OH      = CH3     + H2O          5.958E+08
  69) CH3OOH  + OH      = CH3O2   + H2O          1.763E+09
  70) CH3OOH  + OH      = H2O     + H2CO    OH   7.554E+08
  84) HNO3    + OH      = H2O     + NO3          1.195E+09
  89) OH      + HNO     = H2O     + NO           2.830E+06
  90) HNO2    + OH      = H2O     + NO2          2.090E+09
  96) C2H6    + OH      = C2H5    + H2O          5.158E+06
 114) H2SO4   + H2O     = SO3     + H2O     H2O  8.516E+05
 120) H2S     + OH      = H2O     + HS           1.118E+06
 165) HSO     + OH      = H2O     + SO           6.801E+04
 209) OH      + HO2NO2  = H2O     + NO2     O2   1.929E+08
 242) C2H6S   + OH      = C2H5S   + H2O          1.540E+07
 258) CH4SO2  + OH      = CH3SO2  + H2O          4.433E+06
 291) H2SO4   + HV      = SO3     + H2O          1.960E+06

H2O                    LOSS RXS                INT RX RATE    TL =  8.10E+11
   1) H2O     + O1D     = OH      + OH           6.914E+07
 113) SO3     + H2O     = H2SO4   +              8.481E+07
 114) H2SO4   + H2O     = SO3     + H2O     H2O  8.516E+05
 203) N2O5    + H2O     = HNO3    + HNO3         4.140E+06
 261) H2O     + HV      = H       + OH           6.088E+11
 262) H2O     + HV      = H2      + O1D          8.093E+10
 263) H2O     + HV      = H       + H       O    1.214E+11

H                   PRODUCTION RXS              INT RX RATE    TP =  2.78E+12
   2) H2      + O1D     = OH      + H            1.907E+07
   3) H2      + O       = OH      + H            2.121E+05
   4) H2      + OH      = H2O     + H            8.952E+08
  10) OH      + O       = H       + O2           1.550E+12
  32) O       + HCO     = H       + CO2          6.103E+05
  34) CO      + OH      = CO2     + H            3.615E+11
  50) CH4     + O1D     = CH3O    + H            8.474E+05
  51) CH4     + O1D     = CH2OH   + H            8.474E+05
  60) CH3     + O       = H2CO    + H            9.504E+07
  75) N       + OH      = NO      + H            2.591E+08
  86) HNO     + HV      = NO      + H            2.659E+06
  92) CH21    + H2      = CH3     + H            1.951E+05
  94) CH23    + O       = HCO     + H            3.782E+05
 100) C2H5    + O       = CH3     + HCO     H    2.416E+01
 110) SO      + OH      = SO2     + H            5.087E+06
 123) HS      + O       = H       + SO           1.072E+04
 129) HS      + S       = H       + S2           2.862E-05
 131) S       + OH      = SO      + H            4.923E+00
 173) HS      + CO      = OCS     + H            8.381E-06
 226) CS      + HS      = CS2     + H            4.897E-03
 229) S       + HCS     = H       + CS2          1.816E-15
 230) HS      + CO      = OCS     + H            8.482E-06
 234) CH23    + S       = HCS     + H            3.128E-06
 261) H2O     + HV      = H       + OH           6.088E+11
 263) H2O     + HV      = H       + H       O    1.214E+11
 271) H2CO    + HV      = HCO     + H            3.374E+07
 274) CH4     + HV      = CH3     + H            1.100E+10
 275) CH4     + HV      = CH23    + H       H    1.854E+09
 276) CH3     + HV      = CH21    + H            3.110E+03
 287) H2S     + HV      = HS      + H            1.632E+06

H                      LOSS RXS                INT RX RATE    TL =  2.78E+12
   5) H       + O3      = OH      + O2           2.453E+11
   6) H       + O2      = HO2     +              2.076E+12
   7) H       + HO2     = H2      + O2           3.546E+10
   8) H       + HO2     = H2O     + O            8.222E+09
   9) H       + HO2     = OH      + OH           3.700E+11
  28) H       + CO      = HCO     +              1.701E+06
  29) H       + HCO     = H2      + CO           5.136E+05
  36) CO2     + H       = CO      + OH           4.263E-05
  38) H2CO    + H       = H2      + HCO          6.067E+05
  39) H       + H       = H2      +              4.870E+07
  44) H       + OH      = H2O     +              1.896E+08
  62) CH3     + H       = CH4     +              7.234E+05
  71) H       + NO      = HNO     +              8.387E+06
  83) NO2     + H       = NO      + OH           4.781E+10
  87) H       + HNO     = H2      + NO           1.360E+05
  99) C2H5    + H       = CH3     + CH3          6.642E+00
 121) H2S     + H       = H2      + HS           2.280E+00
 128) HS      + H       = H2      + S            1.406E+01
 163) H       + SO      = HSO     +              1.368E+03
 166) HSO     + H       = HS      + OH           2.867E+02
 167) HSO     + H       = H2      + SO           1.433E+02
 172) H       + OCS     = CO      + HS           1.368E+02
 194) H       + N2O     = N2      + OH           1.210E-05
 227) H       + CS      = HCS     +              1.061E-09
 228) H       + HCS     = H2      + CS           3.099E-06
 239) OCS     + H       = CO      + HS           1.363E+02

OH                  PRODUCTION RXS              INT RX RATE    TP =  2.68E+12
   1) H2O     + O1D     = OH      + OH           6.914E+07
   2) H2      + O1D     = OH      + H            1.907E+07
   3) H2      + O       = OH      + H            2.121E+05
   5) H       + O3      = OH      + O2           2.453E+11
   9) H       + HO2     = OH      + OH           3.700E+11
  14) HO2     + O       = OH      + O2           9.036E+11
  15) HO2     + O3      = OH      + O2      O2   5.226E+09
  33) O       + HCO     = OH      + CO           6.103E+05
  36) CO2     + H       = CO      + OH           4.263E-05
  46) H2CO    + O       = HCO     + OH           1.186E+07
  47) H2O2    + O       = OH      + HO2          1.495E+05
  49) CH4     + O1D     = CH3     + OH           6.295E+06
  54) CH21    + O2      = HCO     + OH           7.396E+07
  58) CH23    + O2      = HCO     + OH           1.185E+10
  59) CH3     + O2      = H2CO    + OH           1.012E+01
  70) CH3OOH  + OH      = H2O     + H2CO    OH   7.554E+08
  79) NO      + HO2     = NO2     + OH           1.160E+11
  83) NO2     + H       = NO      + OH           4.781E+10
  88) O       + HNO     = OH      + NO           4.738E+06
  91) CH4     + O       = CH3     + OH           1.290E+05
  97) C2H6    + O       = C2H5    + OH           1.428E+03
  98) C2H6    + O1D     = C2H5    + OH           9.337E+02
 104) C2H5    + O2      = CH3     + HCO     OH   5.160E+06
 108) SO      + HO2     = SO2     + OH           1.907E+06
 122) H2S     + O       = OH      + HS           1.301E+03
 134) S       + HO2     = SO      + OH           1.483E-01
 154) SO2     + HO2     = SO3     + OH           3.812E+03
 156) HS      + HO2     = HSO     + OH           2.988E+05
 166) HSO     + H       = HS      + OH           2.867E+02
 169) HSO     + O       = OH      + SO           3.007E+04
 190) HO2     + NO3     = OH      + NO2     O2   8.219E+06
 194) H       + N2O     = N2      + OH           1.210E-05
 199) N       + HO2     = NO      + OH           3.153E+07
 208) O       + HO2NO2  = OH      + NO2     O2   5.560E+02
 211) O       + HNO3    = OH      + NO3          1.233E+06
 222) CS2OH   + HV      = CS2     + OH           1.997E+05
 261) H2O     + HV      = H       + OH           6.088E+11
 267) H2O2    + HV      = OH      + OH           3.206E+08
 272) HO2     + HV      = OH      + O            7.722E+07
 279) HNO2    + HV      = NO      + OH           3.633E+08
 280) HNO3    + HV      = NO2     + OH           7.991E+08
 305) HO2NO2  + HV      = OH      + NO3          2.930E+07
 308) CH3OOH  + HV      = CH3O    + OH           4.604E+07

OH                     LOSS RXS                INT RX RATE    TL =  2.68E+12
   4) H2      + OH      = H2O     + H            8.952E+08
  10) OH      + O       = H       + O2           1.550E+12
  11) OH      + HO2     = H2O     + O2           6.832E+11
  12) OH      + O3      = HO2     + O2           1.954E+10
  13) OH      + H2O2    = HO2     + H2O          5.098E+09
  22) OH      + OH      = H2O     + O            1.941E+10
  31) OH      + HCO     = H2O     + CO           8.124E+05
  34) CO      + OH      = CO2     + H            3.615E+11
  43) H2CO    + OH      = H2O     + HCO          1.143E+10
  44) H       + OH      = H2O     +              1.896E+08
  45) OH      + OH      = H2O2    +              1.864E+08
  48) CH4     + OH      = CH3     + H2O          5.958E+08
  69) CH3OOH  + OH      = CH3O2   + H2O          1.763E+09
  70) CH3OOH  + OH      = H2O     + H2CO    OH   7.554E+08
  75) N       + OH      = NO      + H            2.591E+08
  80) NO      + OH      = HNO2    +              1.977E+09
  82) NO2     + OH      = HNO3    +              1.504E+09
  84) HNO3    + OH      = H2O     + NO3          1.195E+09
  89) OH      + HNO     = H2O     + NO           2.830E+06
  90) HNO2    + OH      = H2O     + NO2          2.090E+09
  96) C2H6    + OH      = C2H5    + H2O          5.158E+06
 101) C2H5    + OH      = CH3     + HCO     H2   1.433E+00
 110) SO      + OH      = SO2     + H            5.087E+06
 111) SO2     + OH      = HSO3    +              7.680E+07
 120) H2S     + OH      = H2O     + HS           1.118E+06
 131) S       + OH      = SO      + H            4.923E+00
 165) HSO     + OH      = H2O     + SO           6.801E+04
 177) OCS     + OH      = CO2     + HS           9.978E+04
 193) OH      + NO3     = HO2     + NO2          8.158E+07
 209) OH      + HO2NO2  = H2O     + NO2     O2   1.929E+08
 220) CS2     + OH      = OCS     + HS           4.993E+02
 221) CS2     + OH      = CS2OH   +              1.997E+05
 242) C2H6S   + OH      = C2H5S   + H2O          1.540E+07
 243) C2H6S   + OH      = C2H7SO  +              5.236E+06
 257) C2H6SO  + OH      = CH4SO2  + CH3          4.354E+06
 258) CH4SO2  + OH      = CH3SO2  + H2O          4.433E+06

HO2                 PRODUCTION RXS              INT RX RATE    TP =  2.14E+12
   6) H       + O2      = HO2     +              2.076E+12
  12) OH      + O3      = HO2     + O2           1.954E+10
  13) OH      + H2O2    = HO2     + H2O          5.098E+09
  40) HCO     + O2      = HO2     + CO           2.341E+10
  41) CH2OH   + O2      = H2CO    + HO2          8.474E+05
  42) CH3O    + O2      = H2CO    + HO2          1.080E+10
  47) H2O2    + O       = OH      + HO2          1.495E+05
 116) HSO3    + O2      = HO2     + SO3          7.680E+07
 193) OH      + NO3     = HO2     + NO2          8.158E+07
 210) HO2NO2  + M       = HO2     + NO2          1.296E+09
 256) C2H7SO  + O2      = C2H6SO  + HO2          5.236E+06
 304) HO2NO2  + HV      = HO2     + NO2          9.412E+07

HO2                    LOSS RXS                INT RX RATE    TL =  2.14E+12
   7) H       + HO2     = H2      + O2           3.546E+10
   8) H       + HO2     = H2O     + O            8.222E+09
   9) H       + HO2     = OH      + OH           3.700E+11
  11) OH      + HO2     = H2O     + O2           6.832E+11
  14) HO2     + O       = OH      + O2           9.036E+11
  15) HO2     + O3      = OH      + O2      O2   5.226E+09
  16) HO2     + HO2     = H2O2    + O2           5.055E+09
  68) CH3O2   + HO2     = CH3OOH  + O2           2.707E+09
  79) NO      + HO2     = NO2     + OH           1.160E+11
 108) SO      + HO2     = SO2     + OH           1.907E+06
 125) HS      + HO2     = H2S     + O2           2.988E+05
 133) S       + HO2     = HS      + O2           1.483E-01
 134) S       + HO2     = SO      + OH           1.483E-01
 154) SO2     + HO2     = SO3     + OH           3.812E+03
 156) HS      + HO2     = HSO     + OH           2.988E+05
 190) HO2     + NO3     = OH      + NO2     O2   8.219E+06
 199) N       + HO2     = NO      + OH           3.153E+07
 207) HO2     + NO2     = HO2NO2  +              1.993E+09
 212) HO2     + NO2     = HNO2    + O2           1.664E+06
 272) HO2     + HV      = OH      + O            7.722E+07

H2O2                PRODUCTION RXS              INT RX RATE    TP =  5.24E+09
  16) HO2     + HO2     = H2O2    + O2           5.055E+09
  45) OH      + OH      = H2O2    +              1.864E+08

H2O2                   LOSS RXS                INT RX RATE    TL =  1.80E+10
  13) OH      + H2O2    = HO2     + H2O          5.098E+09
  47) H2O2    + O       = OH      + HO2          1.495E+05
 267) H2O2    + HV      = OH      + OH           3.206E+08

H2                  PRODUCTION RXS              INT RX RATE    TP =  1.27E+11
   7) H       + HO2     = H2      + O2           3.546E+10
  29) H       + HCO     = H2      + CO           5.136E+05
  38) H2CO    + H       = H2      + HCO          6.067E+05
  39) H       + H       = H2      +              4.870E+07
  52) CH4     + O1D     = H2CO    + H2           4.237E+05
  87) H       + HNO     = H2      + NO           1.360E+05
 101) C2H5    + OH      = CH3     + HCO     H2   1.433E+00
 121) H2S     + H       = H2      + HS           2.280E+00
 128) HS      + H       = H2      + S            1.406E+01
 167) HSO     + H       = H2      + SO           1.433E+02
 228) H       + HCS     = H2      + CS           3.099E-06
 262) H2O     + HV      = H2      + O1D          8.093E+10
 270) H2CO    + HV      = H2      + CO           5.159E+07
 273) CH4     + HV      = CH21    + H2           1.010E+10
 277) C2H6    + HV      = CH23    + CH23    H2   3.085E+04

H2                     LOSS RXS                INT RX RATE    TL =  9.15E+08
   2) H2      + O1D     = OH      + H            1.907E+07
   3) H2      + O       = OH      + H            2.121E+05
   4) H2      + OH      = H2O     + H            8.952E+08
  92) CH21    + H2      = CH3     + H            1.951E+05

CO                  PRODUCTION RXS              INT RX RATE    TP =  5.52E+11
  29) H       + HCO     = H2      + CO           5.136E+05
  30) HCO     + HCO     = H2CO    + CO           4.989E-01
  31) OH      + HCO     = H2O     + CO           8.124E+05
  33) O       + HCO     = OH      + CO           6.103E+05
  36) CO2     + H       = CO      + OH           4.263E-05
  40) HCO     + O2      = HO2     + CO           2.341E+10
  63) CH3     + HCO     = CH4     + CO           3.887E+01
  85) HCO     + NO      = HNO     + CO           3.435E+05
  93) CH21    + CO2     = H2CO    + CO           4.443E+05
  95) CH23    + CO2     = H2CO    + CO           2.733E+07
 102) C2H5    + HCO     = C2H6    + CO           2.074E-06
 127) HS      + HCO     = H2S     + CO           2.496E-04
 132) S       + HCO     = HS      + CO           9.261E-07
 162) SO      + HCO     = HSO     + CO           7.269E-02
 172) H       + OCS     = CO      + HS           1.368E+02
 174) O       + OCS     = CO      + SO           5.771E+05
 176) OCS     + S       = CO      + S2           3.662E-01
 180) CO      + O1D     = CO      + O            2.502E+07
 214) CS      + O2      = CO      + SO           7.745E+03
 217) CS      + O3      = CO      + SO2          9.777E+06
 237) CS2     + O       = CO      + S2           1.794E+04
 239) OCS     + H       = CO      + HS           1.363E+02
 241) CS      + O       = CO      + S            1.041E+00
 268) CO2     + HV      = CO      + O            8.271E+08
 269) CO2     + HV      = CO      + O1D          5.272E+11
 270) H2CO    + HV      = H2      + CO           5.159E+07
 300) OCS     + HV      = CO      + S            3.592E+07

CO                     LOSS RXS                INT RX RATE    TL =  3.62E+11
  28) H       + CO      = HCO     +              1.701E+06
  34) CO      + OH      = CO2     + H            3.615E+11
  35) CO      + O       = CO2     +              6.563E+05
 173) HS      + CO      = OCS     + H            8.381E-06
 179) S       + CO      = OCS     +              4.592E-02
 180) CO      + O1D     = CO      + O            2.502E+07
 188) OCS2    + CO      = OCS     + OCS          6.769E-01
 230) HS      + CO      = OCS     + H            8.482E-06

HCO                 PRODUCTION RXS              INT RX RATE    TP =  2.34E+10
  28) H       + CO      = HCO     +              1.701E+06
  38) H2CO    + H       = H2      + HCO          6.067E+05
  43) H2CO    + OH      = H2O     + HCO          1.143E+10
  46) H2CO    + O       = HCO     + OH           1.186E+07
  54) CH21    + O2      = HCO     + OH           7.396E+07
  58) CH23    + O2      = HCO     + OH           1.185E+10
  65) CH3     + H2CO    = CH4     + HCO          1.563E-04
  94) CH23    + O       = HCO     + H            3.782E+05
 100) C2H5    + O       = CH3     + HCO     H    2.416E+01
 101) C2H5    + OH      = CH3     + HCO     H2   1.433E+00
 104) C2H5    + O2      = CH3     + HCO     OH   5.160E+06
 271) H2CO    + HV      = HCO     + H            3.374E+07

HCO                    LOSS RXS                INT RX RATE    TL =  2.34E+10
  29) H       + HCO     = H2      + CO           5.136E+05
  30) HCO     + HCO     = H2CO    + CO           4.989E-01
  31) OH      + HCO     = H2O     + CO           8.124E+05
  32) O       + HCO     = H       + CO2          6.103E+05
  33) O       + HCO     = OH      + CO           6.103E+05
  40) HCO     + O2      = HO2     + CO           2.341E+10
  63) CH3     + HCO     = CH4     + CO           3.887E+01
  85) HCO     + NO      = HNO     + CO           3.435E+05
 102) C2H5    + HCO     = C2H6    + CO           2.074E-06
 127) HS      + HCO     = H2S     + CO           2.496E-04
 132) S       + HCO     = HS      + CO           9.261E-07
 162) SO      + HCO     = HSO     + CO           7.269E-02

H2CO                PRODUCTION RXS              INT RX RATE    TP =  1.18E+10
  30) HCO     + HCO     = H2CO    + CO           4.989E-01
  41) CH2OH   + O2      = H2CO    + HO2          8.474E+05
  42) CH3O    + O2      = H2CO    + HO2          1.080E+10
  52) CH4     + O1D     = H2CO    + H2           4.237E+05
  59) CH3     + O2      = H2CO    + OH           1.012E+01
  60) CH3     + O       = H2CO    + H            9.504E+07
  70) CH3OOH  + OH      = H2O     + H2CO    OH   7.554E+08
  93) CH21    + CO2     = H2CO    + CO           4.443E+05
  95) CH23    + CO2     = H2CO    + CO           2.733E+07
 247) C2H5SO  + HV      = H2CO    + CH3S         1.654E+08

H2CO                   LOSS RXS                INT RX RATE    TL =  1.32E+10
  38) H2CO    + H       = H2      + HCO          6.067E+05
  43) H2CO    + OH      = H2O     + HCO          1.143E+10
  46) H2CO    + O       = HCO     + OH           1.186E+07
  65) CH3     + H2CO    = CH4     + HCO          1.563E-04
 270) H2CO    + HV      = H2      + CO           5.159E+07
 271) H2CO    + HV      = HCO     + H            3.374E+07

CH3O                PRODUCTION RXS              INT RX RATE    TP =  1.08E+10
  50) CH4     + O1D     = CH3O    + H            8.474E+05
  67) CH3O2   + NO      = CH3O    + NO2          1.075E+10
 308) CH3OOH  + HV      = CH3O    + OH           4.604E+07

CH3O                   LOSS RXS                INT RX RATE    TL =  1.08E+10
  42) CH3O    + O2      = H2CO    + HO2          1.080E+10

CH2OH               PRODUCTION RXS              INT RX RATE    TP =  8.47E+05
  51) CH4     + O1D     = CH2OH   + H            8.474E+05

CH2OH                  LOSS RXS                INT RX RATE    TL =  8.47E+05
  41) CH2OH   + O2      = H2CO    + HO2          8.474E+05

CH3O2               PRODUCTION RXS              INT RX RATE    TP =  1.35E+10
  66) CH3     + O2      = CH3O2   +              1.169E+10
  69) CH3OOH  + OH      = CH3O2   + H2O          1.763E+09

CH3O2                  LOSS RXS                INT RX RATE    TL =  1.35E+10
  67) CH3O2   + NO      = CH3O    + NO2          1.075E+10
  68) CH3O2   + HO2     = CH3OOH  + O2           2.707E+09

CH3OOH              PRODUCTION RXS              INT RX RATE    TP =  2.71E+09
  68) CH3O2   + HO2     = CH3OOH  + O2           2.707E+09

CH3OOH                 LOSS RXS                INT RX RATE    TL =  3.69E+09
  69) CH3OOH  + OH      = CH3O2   + H2O          1.763E+09
  70) CH3OOH  + OH      = H2O     + H2CO    OH   7.554E+08
 308) CH3OOH  + HV      = CH3O    + OH           4.604E+07

CH4                 PRODUCTION RXS              INT RX RATE    TP =  7.31E+05
  62) CH3     + H       = CH4     +              7.234E+05
  63) CH3     + HCO     = CH4     + CO           3.887E+01
  64) CH3     + HNO     = CH4     + NO           6.489E-02
  65) CH3     + H2CO    = CH4     + HCO          1.563E-04
 233) CH3     + HCS     = CH4     + CS           3.376E-09
 278) C2H6    + HV      = CH4     + CH21         7.713E+03

CH4                    LOSS RXS                INT RX RATE    TL =  2.36E+10
  48) CH4     + OH      = CH3     + H2O          5.958E+08
  49) CH4     + O1D     = CH3     + OH           6.295E+06
  50) CH4     + O1D     = CH3O    + H            8.474E+05
  51) CH4     + O1D     = CH2OH   + H            8.474E+05
  52) CH4     + O1D     = H2CO    + H2           4.237E+05
  53) CH21    + CH4     = CH3     + CH3          1.121E-08
  91) CH4     + O       = CH3     + OH           1.290E+05
 273) CH4     + HV      = CH21    + H2           1.010E+10
 274) CH4     + HV      = CH3     + H            1.100E+10
 275) CH4     + HV      = CH23    + H       H    1.854E+09

CH3                 PRODUCTION RXS              INT RX RATE    TP =  1.18E+10
  48) CH4     + OH      = CH3     + H2O          5.958E+08
  49) CH4     + O1D     = CH3     + OH           6.295E+06
  53) CH21    + CH4     = CH3     + CH3          1.121E-08
  91) CH4     + O       = CH3     + OH           1.290E+05
  92) CH21    + H2      = CH3     + H            1.951E+05
  99) C2H5    + H       = CH3     + CH3          6.642E+00
 100) C2H5    + O       = CH3     + HCO     H    2.416E+01
 101) C2H5    + OH      = CH3     + HCO     H2   1.433E+00
 104) C2H5    + O2      = CH3     + HCO     OH   5.160E+06
 254) CH3SO2  + HV      = CH3     + SO2          1.652E+08
 255) CH3SO3  + HV      = CH3     + SO3          4.602E+06
 257) C2H6SO  + OH      = CH4SO2  + CH3          4.354E+06
 274) CH4     + HV      = CH3     + H            1.100E+10

CH3                    LOSS RXS                INT RX RATE    TL =  1.18E+10
  59) CH3     + O2      = H2CO    + OH           1.012E+01
  60) CH3     + O       = H2CO    + H            9.504E+07
  61) CH3     + CH3     = C2H6    +              2.143E+03
  62) CH3     + H       = CH4     +              7.234E+05
  63) CH3     + HCO     = CH4     + CO           3.887E+01
  64) CH3     + HNO     = CH4     + NO           6.489E-02
  65) CH3     + H2CO    = CH4     + HCO          1.563E-04
  66) CH3     + O2      = CH3O2   +              1.169E+10
 233) CH3     + HCS     = CH4     + CS           3.376E-09
 276) CH3     + HV      = CH21    + H            3.110E+03

C2H6                PRODUCTION RXS              INT RX RATE    TP =  2.14E+03
  61) CH3     + CH3     = C2H6    +              2.143E+03
 102) C2H5    + HCO     = C2H6    + CO           2.074E-06
 103) C2H5    + HNO     = C2H6    + NO           1.643E-09

C2H6                   LOSS RXS                INT RX RATE    TL =  5.20E+06
  96) C2H6    + OH      = C2H5    + H2O          5.158E+06
  97) C2H6    + O       = C2H5    + OH           1.428E+03
  98) C2H6    + O1D     = C2H5    + OH           9.337E+02
 277) C2H6    + HV      = CH23    + CH23    H2   3.085E+04
 278) C2H6    + HV      = CH4     + CH21         7.713E+03

NO                  PRODUCTION RXS              INT RX RATE    TP =  4.55E+11
  64) CH3     + HNO     = CH4     + NO           6.489E-02
  73) N       + O2      = NO      + O            1.038E+05
  75) N       + OH      = NO      + H            2.591E+08
  81) NO2     + O       = NO      + O2           3.909E+11
  83) NO2     + H       = NO      + OH           4.781E+10
  86) HNO     + HV      = NO      + H            2.659E+06
  87) H       + HNO     = H2      + NO           1.360E+05
  88) O       + HNO     = OH      + NO           4.738E+06
  89) OH      + HNO     = H2O     + NO           2.830E+06
 103) C2H5    + HNO     = C2H6    + NO           1.643E-09
 152) SO      + NO2     = SO2     + NO           1.550E+08
 157) HS      + NO2     = HSO     + NO           1.001E+08
 198) O1D     + N2O     = NO      + NO           6.122E+05
 199) N       + HO2     = NO      + OH           3.153E+07
 204) NO2     + NO3     = NO      + NO2     O2   1.459E+04
 249) CH3S    + NO2     = CH3SO   + NO           7.232E+05
 251) CH3SO   + NO2     = CH3SO2  + NO           2.860E+06
 253) CH3SO2  + NO2     = CH3SO3  + NO           1.502E+04
 279) HNO2    + HV      = NO      + OH           3.633E+08
 284) NO2     + HV      = NO      + O1D          1.558E+08
 285) NO2     + HV      = NO      + O            1.522E+10
 301) NO3     + HV      = NO      + O2           8.723E+07
 307) N2O5    + HV      = NO3     + NO      O    6.714E+05

NO                     LOSS RXS                INT RX RATE    TL =  4.55E+11
  67) CH3O2   + NO      = CH3O    + NO2          1.075E+10
  71) H       + NO      = HNO     +              8.387E+06
  76) N       + NO      = N2      + O            2.449E+08
  77) NO      + O3      = NO2     + O2           3.216E+11
  78) NO      + O       = NO2     +              1.241E+09
  79) NO      + HO2     = NO2     + OH           1.160E+11
  80) NO      + OH      = HNO2    +              1.977E+09
  85) HCO     + NO      = HNO     + CO           3.435E+05
 164) HSO     + NO      = HNO     + SO           1.633E+06
 191) NO      + NO3     = NO2     + NO2          2.810E+09
 246) C2H5SO2 + NO      = C2H5SO  + NO2          1.654E+08
 283) NO      + HV      = N       + O            5.555E+08

NO2                 PRODUCTION RXS              INT RX RATE    TP =  4.61E+11
  67) CH3O2   + NO      = CH3O    + NO2          1.075E+10
  77) NO      + O3      = NO2     + O2           3.216E+11
  78) NO      + O       = NO2     +              1.241E+09
  79) NO      + HO2     = NO2     + OH           1.160E+11
  90) HNO2    + OH      = H2O     + NO2          2.090E+09
 189) O       + NO3     = O2      + NO2          8.831E+07
 190) HO2     + NO3     = OH      + NO2     O2   8.219E+06
 191) NO      + NO3     = NO2     + NO2          2.810E+09
 193) OH      + NO3     = HO2     + NO2          8.158E+07
 200) O       + N2O5    = NO2     + NO2     O2   9.607E+04
 202) N2O5    + M       = NO3     + NO2          3.096E+07
 204) NO2     + NO3     = NO      + NO2     O2   1.459E+04
 206) NO3     + NO3     = NO2     + NO2     O2   1.017E+00
 208) O       + HO2NO2  = OH      + NO2     O2   5.560E+02
 209) OH      + HO2NO2  = H2O     + NO2     O2   1.929E+08
 210) HO2NO2  + M       = HO2     + NO2          1.296E+09
 246) C2H5SO2 + NO      = C2H5SO  + NO2          1.654E+08
 280) HNO3    + HV      = NO2     + OH           7.991E+08
 302) NO3     + HV      = NO2     + O            6.976E+08
 304) HO2NO2  + HV      = HO2     + NO2          9.412E+07
 306) N2O5    + HV      = NO3     + NO2          2.525E+07

NO2                    LOSS RXS                INT RX RATE    TL =  4.61E+11
  81) NO2     + O       = NO      + O2           3.909E+11
  82) NO2     + OH      = HNO3    +              1.504E+09
  83) NO2     + H       = NO      + OH           4.781E+10
 152) SO      + NO2     = SO2     + NO           1.550E+08
 157) HS      + NO2     = HSO     + NO           1.001E+08
 192) O       + NO2     = NO3     +              2.230E+09
 195) N       + NO2     = N2O     + O            1.962E+07
 201) NO2     + NO3     = N2O5    +              1.553E+08
 204) NO2     + NO3     = NO      + NO2     O2   1.459E+04
 205) NO2     + O3      = NO3     + O2           5.962E+08
 207) HO2     + NO2     = HO2NO2  +              1.993E+09
 212) HO2     + NO2     = HNO2    + O2           1.664E+06
 249) CH3S    + NO2     = CH3SO   + NO           7.232E+05
 251) CH3SO   + NO2     = CH3SO2  + NO           2.860E+06
 253) CH3SO2  + NO2     = CH3SO3  + NO           1.502E+04
 284) NO2     + HV      = NO      + O1D          1.558E+08
 285) NO2     + HV      = NO      + O            1.522E+10

HNO                 PRODUCTION RXS              INT RX RATE    TP =  1.04E+07
  71) H       + NO      = HNO     +              8.387E+06
  85) HCO     + NO      = HNO     + CO           3.435E+05
 164) HSO     + NO      = HNO     + SO           1.633E+06

HNO                    LOSS RXS                INT RX RATE    TL =  1.04E+07
  64) CH3     + HNO     = CH4     + NO           6.489E-02
  86) HNO     + HV      = NO      + H            2.659E+06
  87) H       + HNO     = H2      + NO           1.360E+05
  88) O       + HNO     = OH      + NO           4.738E+06
  89) OH      + HNO     = H2O     + NO           2.830E+06
 103) C2H5    + HNO     = C2H6    + NO           1.643E-09

H2S                 PRODUCTION RXS              INT RX RATE    TP =  3.01E+05
 125) HS      + HO2     = H2S     + O2           2.988E+05
 126) HS      + HS      = H2S     + S            5.865E+02
 127) HS      + HCO     = H2S     + CO           2.496E-04
 168) HSO     + HS      = H2S     + SO           1.177E+03
 235) HS      + HCS     = H2S     + CS           8.142E-10

H2S                    LOSS RXS                INT RX RATE    TL =  2.75E+06
 120) H2S     + OH      = H2O     + HS           1.118E+06
 121) H2S     + H       = H2      + HS           2.280E+00
 122) H2S     + O       = OH      + HS           1.301E+03
 287) H2S     + HV      = HS      + H            1.632E+06

HS                  PRODUCTION RXS              INT RX RATE    TP =  8.44E+09
 120) H2S     + OH      = H2O     + HS           1.118E+06
 121) H2S     + H       = H2      + HS           2.280E+00
 122) H2S     + O       = OH      + HS           1.301E+03
 132) S       + HCO     = HS      + CO           9.261E-07
 133) S       + HO2     = HS      + O2           1.483E-01
 166) HSO     + H       = HS      + OH           2.867E+02
 170) HSO     + O3      = HS      + O2      O2   8.440E+09
 171) HSO     + S       = HS      + SO           1.130E-03
 172) H       + OCS     = CO      + HS           1.368E+02
 177) OCS     + OH      = CO2     + HS           9.978E+04
 220) CS2     + OH      = OCS     + HS           4.993E+02
 231) CH21    + S2      = HCS     + HS           5.048E-15
 232) CH23    + S2      = HCS     + HS           1.537E-12
 236) S       + HCS     = HS      + CS           9.080E-16
 239) OCS     + H       = CO      + HS           1.363E+02
 287) H2S     + HV      = HS      + H            1.632E+06
 299) HSO     + HV      = HS      + O            1.431E+04

HS                     LOSS RXS                INT RX RATE    TL =  8.44E+09
 123) HS      + O       = H       + SO           1.072E+04
 125) HS      + HO2     = H2S     + O2           2.988E+05
 126) HS      + HS      = H2S     + S            5.865E+02
 127) HS      + HCO     = H2S     + CO           2.496E-04
 128) HS      + H       = H2      + S            1.406E+01
 129) HS      + S       = H       + S2           2.862E-05
 155) HS      + O3      = HSO     + O2           8.342E+09
 156) HS      + HO2     = HSO     + OH           2.988E+05
 157) HS      + NO2     = HSO     + NO           1.001E+08
 168) HSO     + HS      = H2S     + SO           1.177E+03
 173) HS      + CO      = OCS     + H            8.381E-06
 226) CS      + HS      = CS2     + H            4.897E-03
 230) HS      + CO      = OCS     + H            8.482E-06
 235) HS      + HCS     = H2S     + CS           8.142E-10

S                   PRODUCTION RXS              INT RX RATE    TP =  6.49E+07
 126) HS      + HS      = H2S     + S            5.865E+02
 128) HS      + H       = H2      + S            1.406E+01
 136) S2      + O       = S       + SO           1.254E+03
 159) SO      + SO      = SO2     + S            2.980E+00
 175) O       + OCS     = S       + CO2          6.131E-01
 219) CS2     + O       = OCS     + S            5.515E+04
 241) CS      + O       = CO      + S            1.041E+00
 286) SO      + HV      = S       + O            6.407E+04
 292) S2      + HV      = S       + S            2.352E+02
 294) S3      + HV      = S2      + S            1.686E-06
 300) OCS     + HV      = CO      + S            3.592E+07
 309) CS2     + HV      = CS      + S            2.881E+07

S                      LOSS RXS                INT RX RATE    TL =  6.49E+07
 129) HS      + S       = H       + S2           2.862E-05
 130) S       + O2      = SO      + O            6.483E+07
 131) S       + OH      = SO      + H            4.923E+00
 132) S       + HCO     = HS      + CO           9.261E-07
 133) S       + HO2     = HS      + O2           1.483E-01
 134) S       + HO2     = SO      + OH           1.483E-01
 135) S       + S       = S2      +              7.912E-15
 139) S       + S2      = S3      +              1.689E-06
 141) S       + S3      = S4      +              3.241E-19
 158) S       + O3      = SO      + O2           2.573E+04
 171) HSO     + S       = HS      + SO           1.130E-03
 176) OCS     + S       = CO      + S2           3.662E-01
 179) S       + CO      = OCS     +              4.592E-02
 184) OCS     + S       = OCS2    +              6.769E-01
 185) OCS2    + S       = OCS     + S2           3.061E-15
 229) S       + HCS     = H       + CS2          1.816E-15
 234) CH23    + S       = HCS     + H            3.128E-06
 236) S       + HCS     = HS      + CS           9.080E-16
 240) CS2     + S       = CS      + S2           9.337E-06

SO                  PRODUCTION RXS              INT RX RATE    TP =  1.23E+09
 106) SO2     + O1D     = SO      + O2           2.989E+02
 123) HS      + O       = H       + SO           1.072E+04
 130) S       + O2      = SO      + O            6.483E+07
 131) S       + OH      = SO      + H            4.923E+00
 134) S       + HO2     = SO      + OH           1.483E-01
 136) S2      + O       = S       + SO           1.254E+03
 148) SO21    + SO2     = SO3     + SO           7.455E-02
 151) SO23    + SO2     = SO3     + SO           1.001E-02
 158) S       + O3      = SO      + O2           2.573E+04
 164) HSO     + NO      = HNO     + SO           1.633E+06
 165) HSO     + OH      = H2O     + SO           6.801E+04
 167) HSO     + H       = H2      + SO           1.433E+02
 168) HSO     + HS      = H2S     + SO           1.177E+03
 169) HSO     + O       = OH      + SO           3.007E+04
 171) HSO     + S       = HS      + SO           1.130E-03
 174) O       + OCS     = CO      + SO           5.771E+05
 214) CS      + O2      = CO      + SO           7.745E+03
 216) CS      + O3      = SO      + CO2          9.777E+06
 218) CS2     + O       = SO      + CS           5.882E+05
 288) SO2     + HV      = SO      + O            1.156E+09

SO                     LOSS RXS                INT RX RATE    TL =  1.23E+09
 107) SO      + O2      = O       + SO2          8.614E+08
 108) SO      + HO2     = SO2     + OH           1.907E+06
 109) SO      + O       = SO2     +              8.683E+04
 110) SO      + OH      = SO2     + H            5.087E+06
 152) SO      + NO2     = SO2     + NO           1.550E+08
 153) SO      + O3      = SO2     + O2           2.096E+08
 159) SO      + SO      = SO2     + S            2.980E+00
 160) SO3     + SO      = SO2     + SO2          1.568E-01
 162) SO      + HCO     = HSO     + CO           7.269E-02
 163) H       + SO      = HSO     +              1.368E+03
 238) CS2     + SO      = OCS     + S2           4.166E-01
 286) SO      + HV      = S       + O            6.407E+04

SO2                 PRODUCTION RXS              INT RX RATE    TP =  1.90E+09
 105) SO2     + O1D     = SO2     + O            9.319E+01
 107) SO      + O2      = O       + SO2          8.614E+08
 108) SO      + HO2     = SO2     + OH           1.907E+06
 109) SO      + O       = SO2     +              8.683E+04
 110) SO      + OH      = SO2     + H            5.087E+06
 115) SO3     + O       = SO2     + O2           3.314E+03
 144) SO21    + M       = SO2     + M            4.423E+08
 146) SO21    + HV      = SO2     + HV           1.957E+05
 149) SO23    + M       = SO2     + M            5.111E+07
 150) SO23    + HV      = SO2     + HV           6.792E+04
 152) SO      + NO2     = SO2     + NO           1.550E+08
 153) SO      + O3      = SO2     + O2           2.096E+08
 159) SO      + SO      = SO2     + S            2.980E+00
 160) SO3     + SO      = SO2     + SO2          1.568E-01
 217) CS      + O3      = CO      + SO2          9.777E+06
 224) CS2X    + O2      = CS      + SO2          1.055E+02
 254) CH3SO2  + HV      = CH3     + SO2          1.652E+08
 298) SO3     + HV      = SO2     + O            1.216E+04

SO2                    LOSS RXS                INT RX RATE    TL =  3.03E+09
 105) SO2     + O1D     = SO2     + O            9.319E+01
 106) SO2     + O1D     = SO      + O2           2.989E+02
 111) SO2     + OH      = HSO3    +              7.680E+07
 112) SO2     + O       = SO3     +              5.504E+05
 148) SO21    + SO2     = SO3     + SO           7.455E-02
 151) SO23    + SO2     = SO3     + SO           1.001E-02
 154) SO2     + HO2     = SO3     + OH           3.812E+03
 288) SO2     + HV      = SO      + O            1.156E+09
 289) SO2     + HV      = SO21    +              4.867E+08
 290) SO2     + HV      = SO23    +              6.935E+06

H2SO4               PRODUCTION RXS              INT RX RATE    TP =  8.48E+07
 113) SO3     + H2O     = H2SO4   +              8.481E+07

H2SO4                  LOSS RXS                INT RX RATE    TL =  2.21E+08
 114) H2SO4   + H2O     = SO3     + H2O     H2O  8.516E+05
 291) H2SO4   + HV      = SO3     + H2O          1.960E+06

HSO                 PRODUCTION RXS              INT RX RATE    TP =  8.44E+09
 155) HS      + O3      = HSO     + O2           8.342E+09
 156) HS      + HO2     = HSO     + OH           2.988E+05
 157) HS      + NO2     = HSO     + NO           1.001E+08
 162) SO      + HCO     = HSO     + CO           7.269E-02
 163) H       + SO      = HSO     +              1.368E+03

HSO                    LOSS RXS                INT RX RATE    TL =  8.44E+09
 164) HSO     + NO      = HNO     + SO           1.633E+06
 165) HSO     + OH      = H2O     + SO           6.801E+04
 166) HSO     + H       = HS      + OH           2.867E+02
 167) HSO     + H       = H2      + SO           1.433E+02
 168) HSO     + HS      = H2S     + SO           1.177E+03
 169) HSO     + O       = OH      + SO           3.007E+04
 170) HSO     + O3      = HS      + O2      O2   8.440E+09
 171) HSO     + S       = HS      + SO           1.130E-03
 299) HSO     + HV      = HS      + O            1.431E+04

S2                  PRODUCTION RXS              INT RX RATE    TP =  1.81E+04
 129) HS      + S       = H       + S2           2.862E-05
 135) S       + S       = S2      +              7.912E-15
 176) OCS     + S       = CO      + S2           3.662E-01
 185) OCS2    + S       = OCS     + S2           3.061E-15
 225) CS2X    + CS2     = CS      + CS      S2   1.504E-07
 237) CS2     + O       = CO      + S2           1.794E+04
 238) CS2     + SO      = OCS     + S2           4.166E-01
 240) CS2     + S       = CS      + S2           9.337E-06
 293) S4      + HV      = S2      + S2           8.338E+01
 294) S3      + HV      = S2      + S            1.686E-06

S2                     LOSS RXS                INT RX RATE    TL =  1.66E+03
 136) S2      + O       = S       + SO           1.254E+03
 139) S       + S2      = S3      +              1.689E-06
 140) S2      + S2      = S4      +              8.374E+01
 231) CH21    + S2      = HCS     + HS           5.048E-15
 232) CH23    + S2      = HCS     + HS           1.537E-12
 292) S2      + HV      = S       + S            2.352E+02

S4                  PRODUCTION RXS              INT RX RATE    TP =  8.37E+01
 140) S2      + S2      = S4      +              8.374E+01
 141) S       + S3      = S4      +              3.241E-19
 297) S8      + HV      = S4      + S4           1.737E-20

S4                     LOSS RXS                INT RX RATE    TL =  8.34E+01
 142) S4      + S4      = S8      +              2.525E-08
 293) S4      + HV      = S2      + S2           8.338E+01

S8                  PRODUCTION RXS              INT RX RATE    TP =  2.52E-08
 142) S4      + S4      = S8      +              2.525E-08

S8                     LOSS RXS                INT RX RATE    TL =  1.74E-20
 297) S8      + HV      = S4      + S4           1.737E-20

SO3                 PRODUCTION RXS              INT RX RATE    TP =  8.48E+07
 112) SO2     + O       = SO3     +              5.504E+05
 114) H2SO4   + H2O     = SO3     + H2O     H2O  8.516E+05
 116) HSO3    + O2      = HO2     + SO3          7.680E+07
 147) SO21    + O2      = SO3     + O            9.408E+00
 148) SO21    + SO2     = SO3     + SO           7.455E-02
 151) SO23    + SO2     = SO3     + SO           1.001E-02
 154) SO2     + HO2     = SO3     + OH           3.812E+03
 255) CH3SO3  + HV      = CH3     + SO3          4.602E+06
 291) H2SO4   + HV      = SO3     + H2O          1.960E+06

SO3                    LOSS RXS                INT RX RATE    TL =  8.48E+07
 113) SO3     + H2O     = H2SO4   +              8.481E+07
 115) SO3     + O       = SO2     + O2           3.314E+03
 160) SO3     + SO      = SO2     + SO2          1.568E-01
 298) SO3     + HV      = SO2     + O            1.216E+04

OCS                 PRODUCTION RXS              INT RX RATE    TP =  9.89E+06
 173) HS      + CO      = OCS     + H            8.381E-06
 179) S       + CO      = OCS     +              4.592E-02
 185) OCS2    + S       = OCS     + S2           3.061E-15
 188) OCS2    + CO      = OCS     + OCS          6.769E-01
 213) CS      + O2      = OCS     + O            6.196E+04
 215) CS      + O3      = OCS     + O2           9.777E+06
 219) CS2     + O       = OCS     + S            5.515E+04
 220) CS2     + OH      = OCS     + HS           4.993E+02
 230) HS      + CO      = OCS     + H            8.482E-06
 238) CS2     + SO      = OCS     + S2           4.166E-01

OCS                    LOSS RXS                INT RX RATE    TL =  3.66E+07
 172) H       + OCS     = CO      + HS           1.368E+02
 174) O       + OCS     = CO      + SO           5.771E+05
 175) O       + OCS     = S       + CO2          6.131E-01
 176) OCS     + S       = CO      + S2           3.662E-01
 177) OCS     + OH      = CO2     + HS           9.978E+04
 184) OCS     + S       = OCS2    +              6.769E-01
 239) OCS     + H       = CO      + HS           1.363E+02
 300) OCS     + HV      = CO      + S            3.592E+07

S3                  PRODUCTION RXS              INT RX RATE    TP =  1.69E-06
 139) S       + S2      = S3      +              1.689E-06

S3                     LOSS RXS                INT RX RATE    TL =  1.69E-06
 141) S       + S3      = S4      +              3.241E-19
 294) S3      + HV      = S2      + S            1.686E-06

O3                  PRODUCTION RXS              INT RX RATE    TP =  1.79E+13
  18) O       + O2      = O3      +              1.786E+13

O3                     LOSS RXS                INT RX RATE    TL =  1.86E+13
   5) H       + O3      = OH      + O2           2.453E+11
  12) OH      + O3      = HO2     + O2           1.954E+10
  15) HO2     + O3      = OH      + O2      O2   5.226E+09
  19) O       + O3      = O2      + O2           4.523E+09
  20) O1D     + O3      = O2      + O2           1.338E+07
  21) O1D     + O3      = O       + O       O2   1.338E+07
  26) O3      + HV      = O2      + O            1.561E-12
  27) O3      + O3      = O2      + O2      O2   2.535E+01
  77) NO      + O3      = NO2     + O2           3.216E+11
 153) SO      + O3      = SO2     + O2           2.096E+08
 155) HS      + O3      = HSO     + O2           8.342E+09
 158) S       + O3      = SO      + O2           2.573E+04
 170) HSO     + O3      = HS      + O2      O2   8.440E+09
 205) NO2     + O3      = NO3     + O2           5.962E+08
 215) CS      + O3      = OCS     + O2           9.777E+06
 216) CS      + O3      = SO      + CO2          9.777E+06
 217) CS      + O3      = CO      + SO2          9.777E+06
 248) CH3S    + O3      = CH3SO   + O2           1.647E+08
 250) CH3SO   + O3      = CH3SO2  + O2           1.626E+08
 252) CH3SO2  + O3      = CH3SO3  + O2           4.587E+06
 264) O3      + HV      = O2      + O1D          1.361E+12
 265) O3      + HV      = O2      + O            1.661E+13
 266) O3      + HV      = O       + O       O    2.319E+10

HNO3                PRODUCTION RXS              INT RX RATE    TP =  1.69E+09
  82) NO2     + OH      = HNO3    +              1.504E+09
 203) N2O5    + H2O     = HNO3    + HNO3         4.140E+06
 244) C2H6S   + NO3     = C2H5S   + HNO3         1.811E+08

HNO3                   LOSS RXS                INT RX RATE    TL =  3.71E+09
  84) HNO3    + OH      = H2O     + NO3          1.195E+09
 211) O       + HNO3    = OH      + NO3          1.233E+06
 280) HNO3    + HV      = NO2     + OH           7.991E+08
 281) HNO3    + HV      = HNO2    + O            2.767E+08
 282) HNO3    + HV      = HNO2    + O1D          1.987E+08

N                   PRODUCTION RXS              INT RX RATE    TP =  5.56E+08
 283) NO      + HV      = N       + O            5.555E+08

N                      LOSS RXS                INT RX RATE    TL =  5.55E+08
  72) N       + N       = N2      +              5.477E-01
  73) N       + O2      = NO      + O            1.038E+05
  75) N       + OH      = NO      + H            2.591E+08
  76) N       + NO      = N2      + O            2.449E+08
 195) N       + NO2     = N2O     + O            1.962E+07
 199) N       + HO2     = NO      + OH           3.153E+07

NO3                 PRODUCTION RXS              INT RX RATE    TP =  4.11E+09
  84) HNO3    + OH      = H2O     + NO3          1.195E+09
 192) O       + NO2     = NO3     +              2.230E+09
 202) N2O5    + M       = NO3     + NO2          3.096E+07
 205) NO2     + O3      = NO3     + O2           5.962E+08
 211) O       + HNO3    = OH      + NO3          1.233E+06
 305) HO2NO2  + HV      = OH      + NO3          2.930E+07
 306) N2O5    + HV      = NO3     + NO2          2.525E+07
 307) N2O5    + HV      = NO3     + NO      O    6.714E+05

NO3                    LOSS RXS                INT RX RATE    TL =  4.11E+09
 189) O       + NO3     = O2      + NO2          8.831E+07
 190) HO2     + NO3     = OH      + NO2     O2   8.219E+06
 191) NO      + NO3     = NO2     + NO2          2.810E+09
 193) OH      + NO3     = HO2     + NO2          8.158E+07
 201) NO2     + NO3     = N2O5    +              1.553E+08
 204) NO2     + NO3     = NO      + NO2     O2   1.459E+04
 206) NO3     + NO3     = NO2     + NO2     O2   1.017E+00
 244) C2H6S   + NO3     = C2H5S   + HNO3         1.811E+08
 301) NO3     + HV      = NO      + O2           8.723E+07
 302) NO3     + HV      = NO2     + O            6.976E+08

N2O                 PRODUCTION RXS              INT RX RATE    TP =  1.96E+07
 195) N       + NO2     = N2O     + O            1.962E+07

N2O                    LOSS RXS                INT RX RATE    TL =  4.04E+09
 194) H       + N2O     = N2      + OH           1.210E-05
 197) O1D     + N2O     = N2      + O2           3.913E+05
 198) O1D     + N2O     = NO      + NO           6.122E+05
 303) N2O     + HV      = N2      + O1D          4.023E+09

HO2NO2              PRODUCTION RXS              INT RX RATE    TP =  1.99E+09
 207) HO2     + NO2     = HO2NO2  +              1.993E+09

HO2NO2                 LOSS RXS                INT RX RATE    TL =  1.78E+09
 208) O       + HO2NO2  = OH      + NO2     O2   5.560E+02
 209) OH      + HO2NO2  = H2O     + NO2     O2   1.929E+08
 210) HO2NO2  + M       = HO2     + NO2          1.296E+09
 304) HO2NO2  + HV      = HO2     + NO2          9.412E+07
 305) HO2NO2  + HV      = OH      + NO3          2.930E+07

N2O5                PRODUCTION RXS              INT RX RATE    TP =  1.55E+08
 201) NO2     + NO3     = N2O5    +              1.553E+08

N2O5                   LOSS RXS                INT RX RATE    TL =  6.11E+07
 200) O       + N2O5    = NO2     + NO2     O2   9.607E+04
 202) N2O5    + M       = NO3     + NO2          3.096E+07
 203) N2O5    + H2O     = HNO3    + HNO3         4.140E+06
 306) N2O5    + HV      = NO3     + NO2          2.525E+07
 307) N2O5    + HV      = NO3     + NO      O    6.714E+05

NH                  PRODUCTION RXS              INT RX RATE    TP =  0.00E+00

NH                     LOSS RXS                INT RX RATE    TL =  0.00E+00

NH2                 PRODUCTION RXS              INT RX RATE    TP =  0.00E+00

NH2                    LOSS RXS                INT RX RATE    TL =  0.00E+00

NH3                 PRODUCTION RXS              INT RX RATE    TP =  0.00E+00

NH3                    LOSS RXS                INT RX RATE    TL =  9.23E+07

CO2                 PRODUCTION RXS              INT RX RATE    TP =  3.65E+11
  32) O       + HCO     = H       + CO2          6.103E+05
  34) CO      + OH      = CO2     + H            3.615E+11
  35) CO      + O       = CO2     +              6.563E+05
 175) O       + OCS     = S       + CO2          6.131E-01
 177) OCS     + OH      = CO2     + HS           9.978E+04
 182) CO2     + O1D     = CO2     + O            3.724E+09
 216) CS      + O3      = SO      + CO2          9.777E+06

CO2                    LOSS RXS                INT RX RATE    TL =  5.32E+11
  36) CO2     + H       = CO      + OH           4.263E-05
  93) CH21    + CO2     = H2CO    + CO           4.443E+05
  95) CH23    + CO2     = H2CO    + CO           2.733E+07
 182) CO2     + O1D     = CO2     + O            3.724E+09
 268) CO2     + HV      = CO      + O            8.271E+08
 269) CO2     + HV      = CO      + O1D          5.272E+11

CS                  PRODUCTION RXS              INT RX RATE    TP =  2.94E+07
 218) CS2     + O       = SO      + CS           5.882E+05
 224) CS2X    + O2      = CS      + SO2          1.055E+02
 225) CS2X    + CS2     = CS      + CS      S2   1.504E-07
 228) H       + HCS     = H2      + CS           3.099E-06
 233) CH3     + HCS     = CH4     + CS           3.376E-09
 235) HS      + HCS     = H2S     + CS           8.142E-10
 236) S       + HCS     = HS      + CS           9.080E-16
 240) CS2     + S       = CS      + S2           9.337E-06
 309) CS2     + HV      = CS      + S            2.881E+07

CS                     LOSS RXS                INT RX RATE    TL =  2.94E+07
 213) CS      + O2      = OCS     + O            6.196E+04
 214) CS      + O2      = CO      + SO           7.745E+03
 215) CS      + O3      = OCS     + O2           9.777E+06
 216) CS      + O3      = SO      + CO2          9.777E+06
 217) CS      + O3      = CO      + SO2          9.777E+06
 226) CS      + HS      = CS2     + H            4.897E-03
 227) H       + CS      = HCS     +              1.061E-09
 241) CS      + O       = CO      + S            1.041E+00

CS2                 PRODUCTION RXS              INT RX RATE    TP =  1.44E+06
 222) CS2OH   + HV      = CS2     + OH           1.997E+05
 223) CS2X    + M       = CS2     + M            1.240E+06
 226) CS      + HS      = CS2     + H            4.897E-03
 229) S       + HCS     = H       + CS2          1.816E-15

CS2                    LOSS RXS                INT RX RATE    TL =  3.09E+07
 218) CS2     + O       = SO      + CS           5.882E+05
 219) CS2     + O       = OCS     + S            5.515E+04
 220) CS2     + OH      = OCS     + HS           4.993E+02
 221) CS2     + OH      = CS2OH   +              1.997E+05
 225) CS2X    + CS2     = CS      + CS      S2   1.504E-07
 237) CS2     + O       = CO      + S2           1.794E+04
 238) CS2     + SO      = OCS     + S2           4.166E-01
 240) CS2     + S       = CS      + S2           9.337E-06
 309) CS2     + HV      = CS      + S            2.881E+07
 310) CS2     + HV      = CS2X    +              1.240E+06

HCS                 PRODUCTION RXS              INT RX RATE    TP =  3.13E-06
 227) H       + CS      = HCS     +              1.061E-09
 231) CH21    + S2      = HCS     + HS           5.048E-15
 232) CH23    + S2      = HCS     + HS           1.537E-12
 234) CH23    + S       = HCS     + H            3.128E-06

HCS                    LOSS RXS                INT RX RATE    TL =  3.10E-06
 228) H       + HCS     = H2      + CS           3.099E-06
 229) S       + HCS     = H       + CS2          1.816E-15
 233) CH3     + HCS     = CH4     + CS           3.376E-09
 235) HS      + HCS     = H2S     + CS           8.142E-10
 236) S       + HCS     = HS      + CS           9.080E-16

C2H6S               PRODUCTION RXS              INT RX RATE    TP =  0.00E+00

C2H6S                  LOSS RXS                INT RX RATE    TL =  2.02E+08
 242) C2H6S   + OH      = C2H5S   + H2O          1.540E+07
 243) C2H6S   + OH      = C2H7SO  +              5.236E+06
 244) C2H6S   + NO3     = C2H5S   + HNO3         1.811E+08

C2H5S               PRODUCTION RXS              INT RX RATE    TP =  1.96E+08
 242) C2H6S   + OH      = C2H5S   + H2O          1.540E+07
 244) C2H6S   + NO3     = C2H5S   + HNO3         1.811E+08

C2H5S                  LOSS RXS                INT RX RATE    TL =  1.96E+08
 245) C2H5S   + O2      = C2H5SO2 +              1.965E+08

C2H5SO              PRODUCTION RXS              INT RX RATE    TP =  1.65E+08
 246) C2H5SO2 + NO      = C2H5SO  + NO2          1.654E+08

C2H5SO                 LOSS RXS                INT RX RATE    TL =  1.65E+08
 247) C2H5SO  + HV      = H2CO    + CH3S         1.654E+08

C2H5SO2             PRODUCTION RXS              INT RX RATE    TP =  1.96E+08
 245) C2H5S   + O2      = C2H5SO2 +              1.965E+08

C2H5SO2                LOSS RXS                INT RX RATE    TL =  1.65E+08
 246) C2H5SO2 + NO      = C2H5SO  + NO2          1.654E+08

CH3S                PRODUCTION RXS              INT RX RATE    TP =  1.65E+08
 247) C2H5SO  + HV      = H2CO    + CH3S         1.654E+08

CH3S                   LOSS RXS                INT RX RATE    TL =  1.65E+08
 248) CH3S    + O3      = CH3SO   + O2           1.647E+08
 249) CH3S    + NO2     = CH3SO   + NO           7.232E+05

CH3SO               PRODUCTION RXS              INT RX RATE    TP =  1.65E+08
 248) CH3S    + O3      = CH3SO   + O2           1.647E+08
 249) CH3S    + NO2     = CH3SO   + NO           7.232E+05

CH3SO                  LOSS RXS                INT RX RATE    TL =  1.65E+08
 250) CH3SO   + O3      = CH3SO2  + O2           1.626E+08
 251) CH3SO   + NO2     = CH3SO2  + NO           2.860E+06

CH3SO2              PRODUCTION RXS              INT RX RATE    TP =  1.70E+08
 250) CH3SO   + O3      = CH3SO2  + O2           1.626E+08
 251) CH3SO   + NO2     = CH3SO2  + NO           2.860E+06
 258) CH4SO2  + OH      = CH3SO2  + H2O          4.433E+06

CH3SO2                 LOSS RXS                INT RX RATE    TL =  1.70E+08
 252) CH3SO2  + O3      = CH3SO3  + O2           4.587E+06
 253) CH3SO2  + NO2     = CH3SO3  + NO           1.502E+04
 254) CH3SO2  + HV      = CH3     + SO2          1.652E+08

CH3SO3              PRODUCTION RXS              INT RX RATE    TP =  4.60E+06
 252) CH3SO2  + O3      = CH3SO3  + O2           4.587E+06
 253) CH3SO2  + NO2     = CH3SO3  + NO           1.502E+04

CH3SO3                 LOSS RXS                INT RX RATE    TL =  4.60E+06
 255) CH3SO3  + HV      = CH3     + SO3          4.602E+06

CH4SO2              PRODUCTION RXS              INT RX RATE    TP =  4.35E+06
 257) C2H6SO  + OH      = CH4SO2  + CH3          4.354E+06

CH4SO2                 LOSS RXS                INT RX RATE    TL =  4.43E+06
 258) CH4SO2  + OH      = CH3SO2  + H2O          4.433E+06

C2H6SO              PRODUCTION RXS              INT RX RATE    TP =  5.24E+06
 256) C2H7SO  + O2      = C2H6SO  + HO2          5.236E+06

C2H6SO                 LOSS RXS                INT RX RATE    TL =  6.36E+06
 257) C2H6SO  + OH      = CH4SO2  + CH3          4.354E+06

C2H7SO              PRODUCTION RXS              INT RX RATE    TP =  5.24E+06
 243) C2H6S   + OH      = C2H7SO  +              5.236E+06

C2H7SO                 LOSS RXS                INT RX RATE    TL =  5.24E+06
 256) C2H7SO  + O2      = C2H6SO  + HO2          5.236E+06

SO4AER              PRODUCTION RXS              INT RX RATE    TP =  2.09E+08

SO4AER                 LOSS RXS                INT RX RATE    TL =  5.92E+09

S8AER               PRODUCTION RXS              INT RX RATE    TP =  0.00E+00

S8AER                  LOSS RXS                INT RX RATE    TL =  1.84E-19

HNO2                PRODUCTION RXS              INT RX RATE    TP =  0.00E+00
  80) NO      + OH      = HNO2    +              1.977E+09
 212) HO2     + NO2     = HNO2    + O2           1.664E+06
 281) HNO3    + HV      = HNO2    + O            2.767E+08
 282) HNO3    + HV      = HNO2    + O1D          1.987E+08

HNO2                   LOSS RXS                INT RX RATE    TL =  0.00E+00
  90) HNO2    + OH      = H2O     + NO2          2.090E+09
 279) HNO2    + HV      = NO      + OH           3.633E+08

O1D                 PRODUCTION RXS              INT RX RATE    TP =  0.00E+00
 259) O2      + HV      = O       + O1D          7.411E+11
 262) H2O     + HV      = H2      + O1D          8.093E+10
 264) O3      + HV      = O2      + O1D          1.361E+12
 269) CO2     + HV      = CO      + O1D          5.272E+11
 282) HNO3    + HV      = HNO2    + O1D          1.987E+08
 284) NO2     + HV      = NO      + O1D          1.558E+08
 303) N2O     + HV      = N2      + O1D          4.023E+09

O1D                    LOSS RXS                INT RX RATE    TL =  0.00E+00
   1) H2O     + O1D     = OH      + OH           6.914E+07
   2) H2      + O1D     = OH      + H            1.907E+07
  20) O1D     + O3      = O2      + O2           1.338E+07
  21) O1D     + O3      = O       + O       O2   1.338E+07
  23) O1D     + N2      = O       + N2           2.704E+12
  24) O1D     + O2      = O       + O2           6.465E+09
  49) CH4     + O1D     = CH3     + OH           6.295E+06
  50) CH4     + O1D     = CH3O    + H            8.474E+05
  51) CH4     + O1D     = CH2OH   + H            8.474E+05
  52) CH4     + O1D     = H2CO    + H2           4.237E+05
  98) C2H6    + O1D     = C2H5    + OH           9.337E+02
 105) SO2     + O1D     = SO2     + O            9.319E+01
 106) SO2     + O1D     = SO      + O2           2.989E+02
 180) CO      + O1D     = CO      + O            2.502E+07
 182) CO2     + O1D     = CO2     + O            3.724E+09
 197) O1D     + N2O     = N2      + O2           3.913E+05
 198) O1D     + N2O     = NO      + NO           6.122E+05

CH21                PRODUCTION RXS              INT RX RATE    TP =  0.00E+00
 273) CH4     + HV      = CH21    + H2           1.010E+10
 276) CH3     + HV      = CH21    + H            3.110E+03
 278) C2H6    + HV      = CH4     + CH21         7.713E+03

CH21                   LOSS RXS                INT RX RATE    TL =  0.00E+00
  53) CH21    + CH4     = CH3     + CH3          1.121E-08
  54) CH21    + O2      = HCO     + OH           7.396E+07
  55) CH21    + N2      = CH23    + N2           1.003E+10
  92) CH21    + H2      = CH3     + H            1.951E+05
  93) CH21    + CO2     = H2CO    + CO           4.443E+05
 231) CH21    + S2      = HCS     + HS           5.048E-15

CH23                PRODUCTION RXS              INT RX RATE    TP =  0.00E+00
  55) CH21    + N2      = CH23    + N2           1.003E+10
 275) CH4     + HV      = CH23    + H       H    1.854E+09
 277) C2H6    + HV      = CH23    + CH23    H2   3.085E+04

CH23                   LOSS RXS                INT RX RATE    TL =  0.00E+00
  58) CH23    + O2      = HCO     + OH           1.185E+10
  94) CH23    + O       = HCO     + H            3.782E+05
  95) CH23    + CO2     = H2CO    + CO           2.733E+07
 232) CH23    + S2      = HCS     + HS           1.537E-12
 234) CH23    + S       = HCS     + H            3.128E-06

C2H5                PRODUCTION RXS              INT RX RATE    TP =  0.00E+00
  96) C2H6    + OH      = C2H5    + H2O          5.158E+06
  97) C2H6    + O       = C2H5    + OH           1.428E+03
  98) C2H6    + O1D     = C2H5    + OH           9.337E+02

C2H5                   LOSS RXS                INT RX RATE    TL =  0.00E+00
  99) C2H5    + H       = CH3     + CH3          6.642E+00
 100) C2H5    + O       = CH3     + HCO     H    2.416E+01
 101) C2H5    + OH      = CH3     + HCO     H2   1.433E+00
 102) C2H5    + HCO     = C2H6    + CO           2.074E-06
 103) C2H5    + HNO     = C2H6    + NO           1.643E-09
 104) C2H5    + O2      = CH3     + HCO     OH   5.160E+06

SO21                PRODUCTION RXS              INT RX RATE    TP =  0.00E+00
 289) SO2     + HV      = SO21    +              4.867E+08

SO21                   LOSS RXS                INT RX RATE    TL =  0.00E+00
 143) SO21    + M       = SO23    + M            4.423E+07
 144) SO21    + M       = SO2     + M            4.423E+08
 145) SO21    + HV      = SO23    + HV           1.334E+04
 146) SO21    + HV      = SO2     + HV           1.957E+05
 147) SO21    + O2      = SO3     + O            9.408E+00
 148) SO21    + SO2     = SO3     + SO           7.455E-02

SO23                PRODUCTION RXS              INT RX RATE    TP =  0.00E+00
 143) SO21    + M       = SO23    + M            4.423E+07
 145) SO21    + HV      = SO23    + HV           1.334E+04
 290) SO2     + HV      = SO23    +              6.935E+06

SO23                   LOSS RXS                INT RX RATE    TL =  0.00E+00
 149) SO23    + M       = SO2     + M            5.111E+07
 150) SO23    + HV      = SO2     + HV           6.792E+04
 151) SO23    + SO2     = SO3     + SO           1.001E-02

HSO3                PRODUCTION RXS              INT RX RATE    TP =  0.00E+00
 111) SO2     + OH      = HSO3    +              7.680E+07

HSO3                   LOSS RXS                INT RX RATE    TL =  0.00E+00
 116) HSO3    + O2      = HO2     + SO3          7.680E+07

OCS2                PRODUCTION RXS              INT RX RATE    TP =  0.00E+00
 184) OCS     + S       = OCS2    +              6.769E-01

OCS2                   LOSS RXS                INT RX RATE    TL =  0.00E+00
 185) OCS2    + S       = OCS     + S2           3.061E-15
 188) OCS2    + CO      = OCS     + OCS          6.769E-01

CS2X                PRODUCTION RXS              INT RX RATE    TP =  0.00E+00
 310) CS2     + HV      = CS2X    +              1.240E+06

CS2X                   LOSS RXS                INT RX RATE    TL =  0.00E+00
 223) CS2X    + M       = CS2     + M            1.240E+06
 224) CS2X    + O2      = CS      + SO2          1.055E+02
 225) CS2X    + CS2     = CS      + CS      S2   1.504E-07

CS2OH               PRODUCTION RXS              INT RX RATE    TP =  0.00E+00
 221) CS2     + OH      = CS2OH   +              1.997E+05

CS2OH                  LOSS RXS                INT RX RATE    TL =  0.00E+00
 222) CS2OH   + HV      = CS2     + OH           1.997E+05

N2                  PRODUCTION RXS              INT RX RATE    TP =  0.00E+00
  23) O1D     + N2      = O       + N2           2.704E+12
  55) CH21    + N2      = CH23    + N2           1.003E+10
  72) N       + N       = N2      +              5.477E-01
  76) N       + NO      = N2      + O            2.449E+08
 194) H       + N2O     = N2      + OH           1.210E-05
 197) O1D     + N2O     = N2      + O2           3.913E+05
 303) N2O     + HV      = N2      + O1D          4.023E+09

N2                     LOSS RXS                INT RX RATE    TL =  0.00E+00
  23) O1D     + N2      = O       + N2           2.704E+12
  55) CH21    + N2      = CH23    + N2           1.003E+10
