
O                   PRODUCTION RXS              INT RX RATE    TP =  4.64E+13
   8) H       + HO2     = H2O     + O            2.696E+07
  21) O1D     + O3      = O       + O       O2   3.907E+07
  22) OH      + OH      = H2O     + O            9.039E+08
  23) O1D     + N2      = O       + N2           4.264E+12
  24) O1D     + O2      = O       + O2           2.280E+10
  25) O2      + HV      = O       + O            5.983E-48
  26) O3      + HV      = O2      + O            8.742E-13
  73) N       + O2      = NO      + O            2.425E+04
  76) N       + NO      = N2      + O            4.096E+05
 105) SO2     + O1D     = SO2     + O            4.093E+03
 107) SO      + O2      = O       + SO2          4.678E+08
 130) S       + O2      = SO      + O            3.519E+07
 147) SO21    + O2      = SO3     + O            9.169E+00
 180) CO      + O1D     = CO      + O            5.888E+08
 182) CO2     + O1D     = CO2     + O            4.340E+09
 195) N       + NO2     = N2O     + O            7.781E+04
 213) CS      + O2      = OCS     + O            1.050E+04
 259) O2      + HV      = O       + O1D          1.486E+12
 260) O2      + HV      = O       + O            1.151E+12
 263) H2O     + HV      = H       + H       O    2.903E+09
 265) O3      + HV      = O2      + O            3.596E+13
 266) O3      + HV      = O       + O       O    7.775E+11
 268) CO2     + HV      = CO      + O            8.207E+08
 272) HO2     + HV      = OH      + O            1.199E+07
 281) HNO3    + HV      = HNO2    + O            2.660E+06
 283) NO      + HV      = N       + O            3.493E+06
 285) NO2     + HV      = NO      + O            2.606E+08
 286) SO      + HV      = S       + O            5.799E+05
 288) SO2     + HV      = SO      + O            3.953E+09
 298) SO3     + HV      = SO2     + O            7.110E+03
 299) HSO     + HV      = HS      + O            3.631E+02
 302) NO3     + HV      = NO2     + O            3.151E+07
 307) N2O5    + HV      = NO3     + NO      O    1.491E+03

O                      LOSS RXS                INT RX RATE    TL =  4.64E+13
   3) H2      + O       = OH      + H            3.336E+07
  10) OH      + O       = H       + O2           3.015E+12
  14) HO2     + O       = OH      + O2           4.453E+11
  17) O       + O       = O2      +              3.261E+11
  18) O       + O2      = O3      +              4.222E+13
  19) O       + O3      = O2      + O2           4.176E+10
  32) O       + HCO     = H       + CO2          7.841E+04
  33) O       + HCO     = OH      + CO           7.841E+04
  35) CO      + O       = CO2     +              2.437E+06
  46) H2CO    + O       = HCO     + OH           1.045E+08
  47) H2O2    + O       = OH      + HO2          2.148E+04
  60) CH3     + O       = H2CO    + H            4.413E+06
  78) NO      + O       = NO2     +              2.063E+07
  81) NO2     + O       = NO      + O2           5.592E+09
  88) O       + HNO     = OH      + NO           4.740E+03
  91) CH4     + O       = CH3     + OH           3.644E+05
  94) CH23    + O       = HCO     + H            3.262E+04
  97) C2H6    + O       = C2H5    + OH           4.641E+05
 100) C2H5    + O       = CH3     + HCO     H    4.843E+02
 109) SO      + O       = SO2     +              2.749E+06
 112) SO2     + O       = SO3     +              2.467E+07
 115) SO3     + O       = SO2     + O2           1.794E+03
 122) H2S     + O       = OH      + HS           4.657E+00
 123) HS      + O       = H       + SO           2.397E+03
 136) S2      + O       = S       + SO           4.684E+04
 169) HSO     + O       = OH      + SO           5.673E+03
 174) O       + OCS     = CO      + SO           1.274E+06
 175) O       + OCS     = S       + CO2          2.151E+00
 189) O       + NO3     = O2      + NO2          4.989E+06
 192) O       + NO2     = NO3     +              5.197E+07
 200) O       + N2O5    = NO2     + NO2     O2   3.812E+02
 208) O       + HO2NO2  = OH      + NO2     O2   2.254E+01
 211) O       + HNO3    = OH      + NO3          1.077E+04
 218) CS2     + O       = SO      + CS           1.709E+06
 219) CS2     + O       = OCS     + S            1.602E+05
 237) CS2     + O       = CO      + S2           4.994E+04
 241) CS      + O       = CO      + S            4.496E+00

O2                  PRODUCTION RXS              INT RX RATE    TP =  4.53E+13
   5) H       + O3      = OH      + O2           2.946E+12
   7) H       + HO2     = H2      + O2           1.163E+08
  10) OH      + O       = H       + O2           3.015E+12
  11) OH      + HO2     = H2O     + O2           1.705E+10
  12) OH      + O3      = HO2     + O2           1.481E+10
  14) HO2     + O       = OH      + O2           4.453E+11
  15) HO2     + O3      = OH      + O2      O2   2.305E+09
  16) HO2     + HO2     = H2O2    + O2           1.023E+08
  17) O       + O       = O2      +              3.261E+11
  19) O       + O3      = O2      + O2           4.176E+10
  20) O1D     + O3      = O2      + O2           3.907E+07
  21) O1D     + O3      = O       + O       O2   3.907E+07
  24) O1D     + O2      = O       + O2           2.280E+10
  26) O3      + HV      = O2      + O            8.742E-13
  27) O3      + O3      = O2      + O2      O2   7.824E+00
  68) CH3O2   + HO2     = CH3OOH  + O2           1.996E+09
  77) NO      + O3      = NO2     + O2           4.727E+09
  81) NO2     + O       = NO      + O2           5.592E+09
 106) SO2     + O1D     = SO      + O2           1.313E+04
 115) SO3     + O       = SO2     + O2           1.794E+03
 125) HS      + HO2     = H2S     + O2           2.435E+03
 133) S       + HO2     = HS      + O2           5.958E-02
 153) SO      + O3      = SO2     + O2           3.479E+09
 155) HS      + O3      = HSO     + O2           7.402E+07
 158) S       + O3      = SO      + O2           3.784E+04
 170) HSO     + O3      = HS      + O2      O2   7.404E+07
 189) O       + NO3     = O2      + NO2          4.989E+06
 190) HO2     + NO3     = OH      + NO2     O2   3.577E+04
 197) O1D     + N2O     = N2      + O2           4.304E+05
 200) O       + N2O5    = NO2     + NO2     O2   3.812E+02
 204) NO2     + NO3     = NO      + NO2     O2   4.329E+00
 205) NO2     + O3      = NO3     + O2           6.668E+06
 206) NO3     + NO3     = NO2     + NO2     O2   1.908E-04
 208) O       + HO2NO2  = OH      + NO2     O2   2.254E+01
 209) OH      + HO2NO2  = H2O     + NO2     O2   1.041E+06
 212) HO2     + NO2     = HNO2    + O2           8.085E+03
 215) CS      + O3      = OCS     + O2           6.619E+06
 248) CH3S    + O3      = CH3SO   + O2           3.427E+08
 250) CH3SO   + O3      = CH3SO2  + O2           3.427E+08
 252) CH3SO2  + O3      = CH3SO3  + O2           1.828E+07
 264) O3      + HV      = O2      + O1D          2.436E+12
 265) O3      + HV      = O2      + O            3.596E+13
 301) NO3     + HV      = NO      + O2           3.953E+06

O2                     LOSS RXS                INT RX RATE    TL =  4.53E+13
   6) H       + O2      = HO2     +              4.504E+11
  18) O       + O2      = O3      +              4.222E+13
  24) O1D     + O2      = O       + O2           2.280E+10
  25) O2      + HV      = O       + O            5.983E-48
  40) HCO     + O2      = HO2     + CO           1.828E+09
  41) CH2OH   + O2      = H2CO    + HO2          4.379E+05
  42) CH3O    + O2      = H2CO    + HO2          7.139E+08
  54) CH21    + O2      = HCO     + OH           9.767E+06
  58) CH23    + O2      = HCO     + OH           6.917E+08
  59) CH3     + O2      = H2CO    + OH           3.645E+00
  66) CH3     + O2      = CH3O2   +              1.781E+09
  73) N       + O2      = NO      + O            2.425E+04
 104) C2H5    + O2      = CH3     + HCO     OH   7.168E+07
 107) SO      + O2      = O       + SO2          4.678E+08
 116) HSO3    + O2      = HO2     + SO3          8.557E+07
 130) S       + O2      = SO      + O            3.519E+07
 147) SO21    + O2      = SO3     + O            9.169E+00
 213) CS      + O2      = OCS     + O            1.050E+04
 214) CS      + O2      = CO      + SO           1.313E+03
 224) CS2X    + O2      = CS      + SO2          7.859E+00
 245) C2H5S   + O2      = C2H5SO2 +              1.635E+09
 256) C2H7SO  + O2      = C2H6SO  + HO2          5.500E+08
 259) O2      + HV      = O       + O1D          1.486E+12
 260) O2      + HV      = O       + O            1.151E+12

H2O                 PRODUCTION RXS              INT RX RATE    TP =  2.03E+10
   4) H2      + OH      = H2O     + H            1.723E+08
   8) H       + HO2     = H2O     + O            2.696E+07
  11) OH      + HO2     = H2O     + O2           1.705E+10
  13) OH      + H2O2    = HO2     + H2O          7.146E+07
  22) OH      + OH      = H2O     + O            9.039E+08
  31) OH      + HCO     = H2O     + CO           4.432E+03
  43) H2CO    + OH      = H2O     + HCO          9.154E+08
  44) H       + OH      = H2O     +              2.569E+06
  48) CH4     + OH      = CH3     + H2O          5.093E+07
  69) CH3OOH  + OH      = CH3O2   + H2O          7.736E+08
  70) CH3OOH  + OH      = H2O     + H2CO    OH   3.315E+08
  84) HNO3    + OH      = H2O     + NO3          1.305E+06
  89) OH      + HNO     = H2O     + NO           1.701E+02
  90) HNO2    + OH      = H2O     + NO2          4.258E+06
  96) C2H6    + OH      = C2H5    + H2O          7.106E+07
 114) H2SO4   + H2O     = SO3     + H2O     H2O  4.344E+04
 120) H2S     + OH      = H2O     + HS           1.261E+02
 165) HSO     + OH      = H2O     + SO           3.372E+02
 209) OH      + HO2NO2  = H2O     + NO2     O2   1.041E+06
 242) C2H6S   + OH      = C2H5S   + H2O          1.618E+09
 258) CH4SO2  + OH      = CH3SO2  + H2O          3.387E+08
 291) H2SO4   + HV      = SO3     + H2O          9.602E+05

H2O                    LOSS RXS                INT RX RATE    TL =  1.96E+10
   1) H2O     + O1D     = OH      + OH           1.977E+07
 113) SO3     + H2O     = H2SO4   +              1.295E+08
 114) H2SO4   + H2O     = SO3     + H2O     H2O  4.344E+04
 203) N2O5    + H2O     = HNO3    + HNO3         1.823E+01
 261) H2O     + HV      = H       + OH           1.608E+10
 262) H2O     + HV      = H2      + O1D          1.935E+09
 263) H2O     + HV      = H       + H       O    2.903E+09

H                   PRODUCTION RXS              INT RX RATE    TP =  3.40E+12
   2) H2      + O1D     = OH      + H            3.144E+07
   3) H2      + O       = OH      + H            3.336E+07
   4) H2      + OH      = H2O     + H            1.723E+08
  10) OH      + O       = H       + O2           3.015E+12
  32) O       + HCO     = H       + CO2          7.841E+04
  34) CO      + OH      = CO2     + H            3.597E+11
  50) CH4     + O1D     = CH3O    + H            4.381E+05
  51) CH4     + O1D     = CH2OH   + H            4.381E+05
  60) CH3     + O       = H2CO    + H            4.413E+06
  75) N       + OH      = NO      + H            2.817E+06
  86) HNO     + HV      = NO      + H            3.867E+02
  92) CH21    + H2      = CH3     + H            2.043E+04
  94) CH23    + O       = HCO     + H            3.262E+04
 100) C2H5    + O       = CH3     + HCO     H    4.843E+02
 110) SO      + OH      = SO2     + H            2.072E+07
 123) HS      + O       = H       + SO           2.397E+03
 129) HS      + S       = H       + S2           2.516E-06
 131) S       + OH      = SO      + H            8.000E-01
 173) HS      + CO      = OCS     + H            6.386E-10
 226) CS      + HS      = CS2     + H            1.017E-04
 229) S       + HCS     = H       + CS2          8.121E-14
 230) HS      + CO      = OCS     + H            6.463E-10
 234) CH23    + S       = HCS     + H            5.620E-08
 261) H2O     + HV      = H       + OH           1.608E+10
 263) H2O     + HV      = H       + H       O    2.903E+09
 271) H2CO    + HV      = HCO     + H            3.498E+07
 274) CH4     + HV      = CH3     + H            6.393E+08
 275) CH4     + HV      = CH23    + H       H    1.079E+08
 276) CH3     + HV      = CH21    + H            6.429E+01
 287) H2S     + HV      = HS      + H            1.695E+03

H                      LOSS RXS                INT RX RATE    TL =  3.40E+12
   5) H       + O3      = OH      + O2           2.946E+12
   6) H       + O2      = HO2     +              4.504E+11
   7) H       + HO2     = H2      + O2           1.163E+08
   8) H       + HO2     = H2O     + O            2.696E+07
   9) H       + HO2     = OH      + OH           1.213E+09
  28) H       + CO      = HCO     +              1.263E+06
  29) H       + HCO     = H2      + CO           4.039E+02
  36) CO2     + H       = CO      + OH           1.155E-03
  38) H2CO    + H       = H2      + HCO          2.968E+03
  39) H       + H       = H2      +              6.399E+04
  44) H       + OH      = H2O     +              2.569E+06
  62) CH3     + H       = CH4     +              4.494E+02
  71) H       + NO      = HNO     +              4.980E+03
  83) NO2     + H       = NO      + OH           3.140E+06
  87) H       + HNO     = H2      + NO           8.122E-01
  99) C2H5    + H       = CH3     + CH3          4.167E-01
 121) H2S     + H       = H2      + HS           3.055E-03
 128) HS      + H       = H2      + S            3.627E-02
 163) H       + SO      = HSO     +              1.827E+02
 166) HSO     + H       = HS      + OH           1.240E+00
 167) HSO     + H       = H2      + SO           6.201E-01
 172) H       + OCS     = CO      + HS           1.772E+01
 194) H       + N2O     = N2      + OH           5.526E-06
 227) H       + CS      = HCS     +              2.846E-09
 228) H       + HCS     = H2      + CS           5.582E-08
 239) OCS     + H       = CO      + HS           1.766E+01

OH                  PRODUCTION RXS              INT RX RATE    TP =  3.41E+12
   1) H2O     + O1D     = OH      + OH           1.977E+07
   2) H2      + O1D     = OH      + H            3.144E+07
   3) H2      + O       = OH      + H            3.336E+07
   5) H       + O3      = OH      + O2           2.946E+12
   9) H       + HO2     = OH      + OH           1.213E+09
  14) HO2     + O       = OH      + O2           4.453E+11
  15) HO2     + O3      = OH      + O2      O2   2.305E+09
  33) O       + HCO     = OH      + CO           7.841E+04
  36) CO2     + H       = CO      + OH           1.155E-03
  46) H2CO    + O       = HCO     + OH           1.045E+08
  47) H2O2    + O       = OH      + HO2          2.148E+04
  49) CH4     + O1D     = CH3     + OH           3.254E+06
  54) CH21    + O2      = HCO     + OH           9.767E+06
  58) CH23    + O2      = HCO     + OH           6.917E+08
  59) CH3     + O2      = H2CO    + OH           3.645E+00
  70) CH3OOH  + OH      = H2O     + H2CO    OH   3.315E+08
  79) NO      + HO2     = NO2     + OH           2.379E+08
  83) NO2     + H       = NO      + OH           3.140E+06
  88) O       + HNO     = OH      + NO           4.740E+03
  91) CH4     + O       = CH3     + OH           3.644E+05
  97) C2H6    + O       = C2H5    + OH           4.641E+05
  98) C2H6    + O1D     = C2H5    + OH           1.569E+05
 104) C2H5    + O2      = CH3     + HCO     OH   7.168E+07
 108) SO      + HO2     = SO2     + OH           4.650E+06
 122) H2S     + O       = OH      + HS           4.657E+00
 134) S       + HO2     = SO      + OH           5.958E-02
 154) SO2     + HO2     = SO3     + OH           4.642E+02
 156) HS      + HO2     = HSO     + OH           2.435E+03
 166) HSO     + H       = HS      + OH           1.240E+00
 169) HSO     + O       = OH      + SO           5.673E+03
 190) HO2     + NO3     = OH      + NO2     O2   3.577E+04
 194) H       + N2O     = N2      + OH           5.526E-06
 199) N       + HO2     = NO      + OH           1.632E+05
 208) O       + HO2NO2  = OH      + NO2     O2   2.254E+01
 211) O       + HNO3    = OH      + NO3          1.077E+04
 222) CS2OH   + HV      = CS2     + OH           1.832E+04
 261) H2O     + HV      = H       + OH           1.608E+10
 267) H2O2    + HV      = OH      + OH           7.124E+06
 272) HO2     + HV      = OH      + O            1.199E+07
 279) HNO2    + HV      = NO      + OH           5.583E+06
 280) HNO3    + HV      = NO2     + OH           9.770E+06
 305) HO2NO2  + HV      = OH      + NO3          3.003E+05
 308) CH3OOH  + HV      = CH3O    + OH           1.548E+08

OH                     LOSS RXS                INT RX RATE    TL =  3.41E+12
   4) H2      + OH      = H2O     + H            1.723E+08
  10) OH      + O       = H       + O2           3.015E+12
  11) OH      + HO2     = H2O     + O2           1.705E+10
  12) OH      + O3      = HO2     + O2           1.481E+10
  13) OH      + H2O2    = HO2     + H2O          7.146E+07
  22) OH      + OH      = H2O     + O            9.039E+08
  31) OH      + HCO     = H2O     + CO           4.432E+03
  34) CO      + OH      = CO2     + H            3.597E+11
  43) H2CO    + OH      = H2O     + HCO          9.154E+08
  44) H       + OH      = H2O     +              2.569E+06
  45) OH      + OH      = H2O2    +              1.238E+07
  48) CH4     + OH      = CH3     + H2O          5.093E+07
  69) CH3OOH  + OH      = CH3O2   + H2O          7.736E+08
  70) CH3OOH  + OH      = H2O     + H2CO    OH   3.315E+08
  75) N       + OH      = NO      + H            2.817E+06
  80) NO      + OH      = HNO2    +              5.263E+06
  82) NO2     + OH      = HNO3    +              3.931E+06
  84) HNO3    + OH      = H2O     + NO3          1.305E+06
  89) OH      + HNO     = H2O     + NO           1.701E+02
  90) HNO2    + OH      = H2O     + NO2          4.258E+06
  96) C2H6    + OH      = C2H5    + H2O          7.106E+07
 101) C2H5    + OH      = CH3     + HCO     H2   9.312E+00
 110) SO      + OH      = SO2     + H            2.072E+07
 111) SO2     + OH      = HSO3    +              8.557E+07
 120) H2S     + OH      = H2O     + HS           1.261E+02
 131) S       + OH      = SO      + H            8.000E-01
 165) HSO     + OH      = H2O     + SO           3.372E+02
 177) OCS     + OH      = CO2     + HS           1.165E+04
 193) OH      + NO3     = HO2     + NO2          1.583E+05
 209) OH      + HO2NO2  = H2O     + NO2     O2   1.041E+06
 220) CS2     + OH      = OCS     + HS           4.580E+01
 221) CS2     + OH      = CS2OH   +              1.832E+04
 242) C2H6S   + OH      = C2H5S   + H2O          1.618E+09
 243) C2H6S   + OH      = C2H7SO  +              5.500E+08
 257) C2H6SO  + OH      = CH4SO2  + CH3          3.389E+08
 258) CH4SO2  + OH      = CH3SO2  + H2O          3.387E+08

HO2                 PRODUCTION RXS              INT RX RATE    TP =  4.68E+11
   6) H       + O2      = HO2     +              4.504E+11
  12) OH      + O3      = HO2     + O2           1.481E+10
  13) OH      + H2O2    = HO2     + H2O          7.146E+07
  40) HCO     + O2      = HO2     + CO           1.828E+09
  41) CH2OH   + O2      = H2CO    + HO2          4.379E+05
  42) CH3O    + O2      = H2CO    + HO2          7.139E+08
  47) H2O2    + O       = OH      + HO2          2.148E+04
 116) HSO3    + O2      = HO2     + SO3          8.557E+07
 193) OH      + NO3     = HO2     + NO2          1.583E+05
 210) HO2NO2  + M       = HO2     + NO2          1.241E+07
 256) C2H7SO  + O2      = C2H6SO  + HO2          5.500E+08
 304) HO2NO2  + HV      = HO2     + NO2          9.376E+05

HO2                    LOSS RXS                INT RX RATE    TL =  4.68E+11
   7) H       + HO2     = H2      + O2           1.163E+08
   8) H       + HO2     = H2O     + O            2.696E+07
   9) H       + HO2     = OH      + OH           1.213E+09
  11) OH      + HO2     = H2O     + O2           1.705E+10
  14) HO2     + O       = OH      + O2           4.453E+11
  15) HO2     + O3      = OH      + O2      O2   2.305E+09
  16) HO2     + HO2     = H2O2    + O2           1.023E+08
  68) CH3O2   + HO2     = CH3OOH  + O2           1.996E+09
  79) NO      + HO2     = NO2     + OH           2.379E+08
 108) SO      + HO2     = SO2     + OH           4.650E+06
 125) HS      + HO2     = H2S     + O2           2.435E+03
 133) S       + HO2     = HS      + O2           5.958E-02
 134) S       + HO2     = SO      + OH           5.958E-02
 154) SO2     + HO2     = SO3     + OH           4.642E+02
 156) HS      + HO2     = HSO     + OH           2.435E+03
 190) HO2     + NO3     = OH      + NO2     O2   3.577E+04
 199) N       + HO2     = NO      + OH           1.632E+05
 207) HO2     + NO2     = HO2NO2  +              1.634E+07
 212) HO2     + NO2     = HNO2    + O2           8.085E+03
 272) HO2     + HV      = OH      + O            1.199E+07

H2O2                PRODUCTION RXS              INT RX RATE    TP =  1.15E+08
  16) HO2     + HO2     = H2O2    + O2           1.023E+08
  45) OH      + OH      = H2O2    +              1.238E+07

H2O2                   LOSS RXS                INT RX RATE    TL =  1.09E+08
  13) OH      + H2O2    = HO2     + H2O          7.146E+07
  47) H2O2    + O       = OH      + HO2          2.148E+04
 267) H2O2    + HV      = OH      + OH           7.124E+06

H2                  PRODUCTION RXS              INT RX RATE    TP =  2.72E+09
   7) H       + HO2     = H2      + O2           1.163E+08
  29) H       + HCO     = H2      + CO           4.039E+02
  38) H2CO    + H       = H2      + HCO          2.968E+03
  39) H       + H       = H2      +              6.399E+04
  52) CH4     + O1D     = H2CO    + H2           2.190E+05
  87) H       + HNO     = H2      + NO           8.122E-01
 101) C2H5    + OH      = CH3     + HCO     H2   9.312E+00
 121) H2S     + H       = H2      + HS           3.055E-03
 128) HS      + H       = H2      + S            3.627E-02
 167) HSO     + H       = H2      + SO           6.201E-01
 228) H       + HCS     = H2      + CS           5.582E-08
 262) H2O     + HV      = H2      + O1D          1.935E+09
 270) H2CO    + HV      = H2      + CO           8.038E+07
 273) CH4     + HV      = CH21    + H2           5.868E+08
 277) C2H6    + HV      = CH23    + CH23    H2   3.410E+06

H2                     LOSS RXS                INT RX RATE    TL =  2.38E+08
   2) H2      + O1D     = OH      + H            3.144E+07
   3) H2      + O       = OH      + H            3.336E+07
   4) H2      + OH      = H2O     + H            1.723E+08
  92) CH21    + H2      = CH3     + H            2.043E+04

CO                  PRODUCTION RXS              INT RX RATE    TP =  3.67E+11
  29) H       + HCO     = H2      + CO           4.039E+02
  30) HCO     + HCO     = H2CO    + CO           3.132E-04
  31) OH      + HCO     = H2O     + CO           4.432E+03
  33) O       + HCO     = OH      + CO           7.841E+04
  36) CO2     + H       = CO      + OH           1.155E-03
  40) HCO     + O2      = HO2     + CO           1.828E+09
  63) CH3     + HCO     = CH4     + CO           1.603E-02
  85) HCO     + NO      = HNO     + CO           9.214E+01
  93) CH21    + CO2     = H2CO    + CO           2.396E+04
  95) CH23    + CO2     = H2CO    + CO           7.998E+05
 102) C2H5    + HCO     = C2H6    + CO           3.965E-06
 127) HS      + HCO     = H2S     + CO           7.397E-06
 132) S       + HCO     = HS      + CO           1.459E-08
 162) SO      + HCO     = HSO     + CO           1.663E-01
 172) H       + OCS     = CO      + HS           1.772E+01
 174) O       + OCS     = CO      + SO           1.274E+06
 176) OCS     + S       = CO      + S2           1.062E+00
 180) CO      + O1D     = CO      + O            5.888E+08
 214) CS      + O2      = CO      + SO           1.313E+03
 217) CS      + O3      = CO      + SO2          6.619E+06
 237) CS2     + O       = CO      + S2           4.994E+04
 239) OCS     + H       = CO      + HS           1.766E+01
 241) CS      + O       = CO      + S            4.496E+00
 268) CO2     + HV      = CO      + O            8.207E+08
 269) CO2     + HV      = CO      + O1D          3.639E+11
 270) H2CO    + HV      = H2      + CO           8.038E+07
 300) OCS     + HV      = CO      + S            1.628E+07

CO                     LOSS RXS                INT RX RATE    TL =  3.60E+11
  28) H       + CO      = HCO     +              1.263E+06
  34) CO      + OH      = CO2     + H            3.597E+11
  35) CO      + O       = CO2     +              2.437E+06
 173) HS      + CO      = OCS     + H            6.386E-10
 179) S       + CO      = OCS     +              1.966E-03
 180) CO      + O1D     = CO      + O            5.888E+08
 188) OCS2    + CO      = OCS     + OCS          2.745E+00
 230) HS      + CO      = OCS     + H            6.463E-10

HCO                 PRODUCTION RXS              INT RX RATE    TP =  1.83E+09
  28) H       + CO      = HCO     +              1.263E+06
  38) H2CO    + H       = H2      + HCO          2.968E+03
  43) H2CO    + OH      = H2O     + HCO          9.154E+08
  46) H2CO    + O       = HCO     + OH           1.045E+08
  54) CH21    + O2      = HCO     + OH           9.767E+06
  58) CH23    + O2      = HCO     + OH           6.917E+08
  65) CH3     + H2CO    = CH4     + HCO          1.019E-05
  94) CH23    + O       = HCO     + H            3.262E+04
 100) C2H5    + O       = CH3     + HCO     H    4.843E+02
 101) C2H5    + OH      = CH3     + HCO     H2   9.312E+00
 104) C2H5    + O2      = CH3     + HCO     OH   7.168E+07
 271) H2CO    + HV      = HCO     + H            3.498E+07

HCO                    LOSS RXS                INT RX RATE    TL =  1.83E+09
  29) H       + HCO     = H2      + CO           4.039E+02
  30) HCO     + HCO     = H2CO    + CO           3.132E-04
  31) OH      + HCO     = H2O     + CO           4.432E+03
  32) O       + HCO     = H       + CO2          7.841E+04
  33) O       + HCO     = OH      + CO           7.841E+04
  40) HCO     + O2      = HO2     + CO           1.828E+09
  63) CH3     + HCO     = CH4     + CO           1.603E-02
  85) HCO     + NO      = HNO     + CO           9.214E+01
 102) C2H5    + HCO     = C2H6    + CO           3.965E-06
 127) HS      + HCO     = H2S     + CO           7.397E-06
 132) S       + HCO     = HS      + CO           1.459E-08
 162) SO      + HCO     = HSO     + CO           1.663E-01

H2CO                PRODUCTION RXS              INT RX RATE    TP =  1.39E+09
  30) HCO     + HCO     = H2CO    + CO           3.132E-04
  41) CH2OH   + O2      = H2CO    + HO2          4.379E+05
  42) CH3O    + O2      = H2CO    + HO2          7.139E+08
  52) CH4     + O1D     = H2CO    + H2           2.190E+05
  59) CH3     + O2      = H2CO    + OH           3.645E+00
  60) CH3     + O       = H2CO    + H            4.413E+06
  70) CH3OOH  + OH      = H2O     + H2CO    OH   3.315E+08
  93) CH21    + CO2     = H2CO    + CO           2.396E+04
  95) CH23    + CO2     = H2CO    + CO           7.998E+05
 247) C2H5SO  + HV      = H2CO    + CH3S         3.427E+08

H2CO                   LOSS RXS                INT RX RATE    TL =  1.34E+09
  38) H2CO    + H       = H2      + HCO          2.968E+03
  43) H2CO    + OH      = H2O     + HCO          9.154E+08
  46) H2CO    + O       = HCO     + OH           1.045E+08
  65) CH3     + H2CO    = CH4     + HCO          1.019E-05
 270) H2CO    + HV      = H2      + CO           8.038E+07
 271) H2CO    + HV      = HCO     + H            3.498E+07

CH3O                PRODUCTION RXS              INT RX RATE    TP =  7.14E+08
  50) CH4     + O1D     = CH3O    + H            4.381E+05
  67) CH3O2   + NO      = CH3O    + NO2          5.587E+08
 308) CH3OOH  + HV      = CH3O    + OH           1.548E+08

CH3O                   LOSS RXS                INT RX RATE    TL =  7.14E+08
  42) CH3O    + O2      = H2CO    + HO2          7.139E+08

CH2OH               PRODUCTION RXS              INT RX RATE    TP =  4.38E+05
  51) CH4     + O1D     = CH2OH   + H            4.381E+05

CH2OH                  LOSS RXS                INT RX RATE    TL =  4.38E+05
  41) CH2OH   + O2      = H2CO    + HO2          4.379E+05

CH3O2               PRODUCTION RXS              INT RX RATE    TP =  2.55E+09
  66) CH3     + O2      = CH3O2   +              1.781E+09
  69) CH3OOH  + OH      = CH3O2   + H2O          7.736E+08

CH3O2                  LOSS RXS                INT RX RATE    TL =  2.55E+09
  67) CH3O2   + NO      = CH3O    + NO2          5.587E+08
  68) CH3O2   + HO2     = CH3OOH  + O2           1.996E+09

CH3OOH              PRODUCTION RXS              INT RX RATE    TP =  2.00E+09
  68) CH3O2   + HO2     = CH3OOH  + O2           1.996E+09

CH3OOH                 LOSS RXS                INT RX RATE    TL =  1.94E+09
  69) CH3OOH  + OH      = CH3O2   + H2O          7.736E+08
  70) CH3OOH  + OH      = H2O     + H2CO    OH   3.315E+08
 308) CH3OOH  + HV      = CH3O    + OH           1.548E+08

CH4                 PRODUCTION RXS              INT RX RATE    TP =  8.53E+05
  62) CH3     + H       = CH4     +              4.494E+02
  63) CH3     + HCO     = CH4     + CO           1.603E-02
  64) CH3     + HNO     = CH4     + NO           2.196E-07
  65) CH3     + H2CO    = CH4     + HCO          1.019E-05
 233) CH3     + HCS     = CH4     + CS           2.964E-11
 278) C2H6    + HV      = CH4     + CH21         8.526E+05

CH4                    LOSS RXS                INT RX RATE    TL =  1.39E+09
  48) CH4     + OH      = CH3     + H2O          5.093E+07
  49) CH4     + O1D     = CH3     + OH           3.254E+06
  50) CH4     + O1D     = CH3O    + H            4.381E+05
  51) CH4     + O1D     = CH2OH   + H            4.381E+05
  52) CH4     + O1D     = H2CO    + H2           2.190E+05
  53) CH21    + CH4     = CH3     + CH3          4.316E-11
  91) CH4     + O       = CH3     + OH           3.644E+05
 273) CH4     + HV      = CH21    + H2           5.868E+08
 274) CH4     + HV      = CH3     + H            6.393E+08
 275) CH4     + HV      = CH23    + H       H    1.079E+08

CH3                 PRODUCTION RXS              INT RX RATE    TP =  1.79E+09
  48) CH4     + OH      = CH3     + H2O          5.093E+07
  49) CH4     + O1D     = CH3     + OH           3.254E+06
  53) CH21    + CH4     = CH3     + CH3          4.316E-11
  91) CH4     + O       = CH3     + OH           3.644E+05
  92) CH21    + H2      = CH3     + H            2.043E+04
  99) C2H5    + H       = CH3     + CH3          4.167E-01
 100) C2H5    + O       = CH3     + HCO     H    4.843E+02
 101) C2H5    + OH      = CH3     + HCO     H2   9.312E+00
 104) C2H5    + O2      = CH3     + HCO     OH   7.168E+07
 254) CH3SO2  + HV      = CH3     + SO2          6.632E+08
 255) CH3SO3  + HV      = CH3     + SO3          1.828E+07
 257) C2H6SO  + OH      = CH4SO2  + CH3          3.389E+08
 274) CH4     + HV      = CH3     + H            6.393E+08

CH3                    LOSS RXS                INT RX RATE    TL =  1.78E+09
  59) CH3     + O2      = H2CO    + OH           3.645E+00
  60) CH3     + O       = H2CO    + H            4.413E+06
  61) CH3     + CH3     = C2H6    +              6.215E-01
  62) CH3     + H       = CH4     +              4.494E+02
  63) CH3     + HCO     = CH4     + CO           1.603E-02
  64) CH3     + HNO     = CH4     + NO           2.196E-07
  65) CH3     + H2CO    = CH4     + HCO          1.019E-05
  66) CH3     + O2      = CH3O2   +              1.781E+09
 233) CH3     + HCS     = CH4     + CS           2.964E-11
 276) CH3     + HV      = CH21    + H            6.429E+01

C2H6                PRODUCTION RXS              INT RX RATE    TP =  6.21E-01
  61) CH3     + CH3     = C2H6    +              6.215E-01
 102) C2H5    + HCO     = C2H6    + CO           3.965E-06
 103) C2H5    + HNO     = C2H6    + NO           1.467E-11

C2H6                   LOSS RXS                INT RX RATE    TL =  7.60E+07
  96) C2H6    + OH      = C2H5    + H2O          7.106E+07
  97) C2H6    + O       = C2H5    + OH           4.641E+05
  98) C2H6    + O1D     = C2H5    + OH           1.569E+05
 277) C2H6    + HV      = CH23    + CH23    H2   3.410E+06
 278) C2H6    + HV      = CH4     + CH21         8.526E+05

NO                  PRODUCTION RXS              INT RX RATE    TP =  5.90E+09
  64) CH3     + HNO     = CH4     + NO           2.196E-07
  73) N       + O2      = NO      + O            2.425E+04
  75) N       + OH      = NO      + H            2.817E+06
  81) NO2     + O       = NO      + O2           5.592E+09
  83) NO2     + H       = NO      + OH           3.140E+06
  86) HNO     + HV      = NO      + H            3.867E+02
  87) H       + HNO     = H2      + NO           8.122E-01
  88) O       + HNO     = OH      + NO           4.740E+03
  89) OH      + HNO     = H2O     + NO           1.701E+02
 103) C2H5    + HNO     = C2H6    + NO           1.467E-11
 152) SO      + NO2     = SO2     + NO           2.151E+07
 157) HS      + NO2     = HSO     + NO           2.499E+04
 198) O1D     + N2O     = NO      + NO           6.735E+05
 199) N       + HO2     = NO      + OH           1.632E+05
 204) NO2     + NO3     = NO      + NO2     O2   4.329E+00
 249) CH3S    + NO2     = CH3SO   + NO           1.543E+04
 251) CH3SO   + NO2     = CH3SO2  + NO           6.775E+04
 253) CH3SO2  + NO2     = CH3SO3  + NO           6.599E+02
 279) HNO2    + HV      = NO      + OH           5.583E+06
 284) NO2     + HV      = NO      + O1D          5.640E+05
 285) NO2     + HV      = NO      + O            2.606E+08
 301) NO3     + HV      = NO      + O2           3.953E+06
 307) N2O5    + HV      = NO3     + NO      O    1.491E+03

NO                     LOSS RXS                INT RX RATE    TL =  5.90E+09
  67) CH3O2   + NO      = CH3O    + NO2          5.587E+08
  71) H       + NO      = HNO     +              4.980E+03
  76) N       + NO      = N2      + O            4.096E+05
  77) NO      + O3      = NO2     + O2           4.727E+09
  78) NO      + O       = NO2     +              2.063E+07
  79) NO      + HO2     = NO2     + OH           2.379E+08
  80) NO      + OH      = HNO2    +              5.263E+06
  85) HCO     + NO      = HNO     + CO           9.214E+01
 164) HSO     + NO      = HNO     + SO           2.264E+02
 191) NO      + NO3     = NO2     + NO2          2.421E+06
 246) C2H5SO2 + NO      = C2H5SO  + NO2          3.427E+08
 283) NO      + HV      = N       + O            3.493E+06

NO2                 PRODUCTION RXS              INT RX RATE    TP =  5.96E+09
  67) CH3O2   + NO      = CH3O    + NO2          5.587E+08
  77) NO      + O3      = NO2     + O2           4.727E+09
  78) NO      + O       = NO2     +              2.063E+07
  79) NO      + HO2     = NO2     + OH           2.379E+08
  90) HNO2    + OH      = H2O     + NO2          4.258E+06
 189) O       + NO3     = O2      + NO2          4.989E+06
 190) HO2     + NO3     = OH      + NO2     O2   3.577E+04
 191) NO      + NO3     = NO2     + NO2          2.421E+06
 193) OH      + NO3     = HO2     + NO2          1.583E+05
 200) O       + N2O5    = NO2     + NO2     O2   3.812E+02
 202) N2O5    + M       = NO3     + NO2          1.054E+02
 204) NO2     + NO3     = NO      + NO2     O2   4.329E+00
 206) NO3     + NO3     = NO2     + NO2     O2   1.908E-04
 208) O       + HO2NO2  = OH      + NO2     O2   2.254E+01
 209) OH      + HO2NO2  = H2O     + NO2     O2   1.041E+06
 210) HO2NO2  + M       = HO2     + NO2          1.241E+07
 246) C2H5SO2 + NO      = C2H5SO  + NO2          3.427E+08
 280) HNO3    + HV      = NO2     + OH           9.770E+06
 302) NO3     + HV      = NO2     + O            3.151E+07
 304) HO2NO2  + HV      = HO2     + NO2          9.376E+05
 306) N2O5    + HV      = NO3     + NO2          6.134E+04

NO2                    LOSS RXS                INT RX RATE    TL =  5.96E+09
  81) NO2     + O       = NO      + O2           5.592E+09
  82) NO2     + OH      = HNO3    +              3.931E+06
  83) NO2     + H       = NO      + OH           3.140E+06
 152) SO      + NO2     = SO2     + NO           2.151E+07
 157) HS      + NO2     = HSO     + NO           2.499E+04
 192) O       + NO2     = NO3     +              5.197E+07
 195) N       + NO2     = N2O     + O            7.781E+04
 201) NO2     + NO3     = N2O5    +              6.263E+04
 204) NO2     + NO3     = NO      + NO2     O2   4.329E+00
 205) NO2     + O3      = NO3     + O2           6.668E+06
 207) HO2     + NO2     = HO2NO2  +              1.634E+07
 212) HO2     + NO2     = HNO2    + O2           8.085E+03
 249) CH3S    + NO2     = CH3SO   + NO           1.543E+04
 251) CH3SO   + NO2     = CH3SO2  + NO           6.775E+04
 253) CH3SO2  + NO2     = CH3SO3  + NO           6.599E+02
 284) NO2     + HV      = NO      + O1D          5.640E+05
 285) NO2     + HV      = NO      + O            2.606E+08

HNO                 PRODUCTION RXS              INT RX RATE    TP =  5.30E+03
  71) H       + NO      = HNO     +              4.980E+03
  85) HCO     + NO      = HNO     + CO           9.214E+01
 164) HSO     + NO      = HNO     + SO           2.264E+02

HNO                    LOSS RXS                INT RX RATE    TL =  5.30E+03
  64) CH3     + HNO     = CH4     + NO           2.196E-07
  86) HNO     + HV      = NO      + H            3.867E+02
  87) H       + HNO     = H2      + NO           8.122E-01
  88) O       + HNO     = OH      + NO           4.740E+03
  89) OH      + HNO     = H2O     + NO           1.701E+02
 103) C2H5    + HNO     = C2H6    + NO           1.467E-11

H2S                 PRODUCTION RXS              INT RX RATE    TP =  2.44E+03
 125) HS      + HO2     = H2S     + O2           2.435E+03
 126) HS      + HS      = H2S     + S            1.256E-01
 127) HS      + HCO     = H2S     + CO           7.397E-06
 168) HSO     + HS      = H2S     + SO           2.460E-01
 235) HS      + HCS     = H2S     + CS           8.833E-10

H2S                    LOSS RXS                INT RX RATE    TL =  1.83E+03
 120) H2S     + OH      = H2O     + HS           1.261E+02
 121) H2S     + H       = H2      + HS           3.055E-03
 122) H2S     + O       = OH      + HS           4.657E+00
 287) H2S     + HV      = HS      + H            1.695E+03

HS                  PRODUCTION RXS              INT RX RATE    TP =  7.41E+07
 120) H2S     + OH      = H2O     + HS           1.261E+02
 121) H2S     + H       = H2      + HS           3.055E-03
 122) H2S     + O       = OH      + HS           4.657E+00
 132) S       + HCO     = HS      + CO           1.459E-08
 133) S       + HO2     = HS      + O2           5.958E-02
 166) HSO     + H       = HS      + OH           1.240E+00
 170) HSO     + O3      = HS      + O2      O2   7.404E+07
 171) HSO     + S       = HS      + SO           9.711E-05
 172) H       + OCS     = CO      + HS           1.772E+01
 177) OCS     + OH      = CO2     + HS           1.165E+04
 220) CS2     + OH      = OCS     + HS           4.580E+01
 231) CH21    + S2      = HCS     + HS           2.876E-16
 232) CH23    + S2      = HCS     + HS           2.333E-13
 236) S       + HCS     = HS      + CS           4.060E-14
 239) OCS     + H       = CO      + HS           1.766E+01
 287) H2S     + HV      = HS      + H            1.695E+03
 299) HSO     + HV      = HS      + O            3.631E+02

HS                     LOSS RXS                INT RX RATE    TL =  7.41E+07
 123) HS      + O       = H       + SO           2.397E+03
 125) HS      + HO2     = H2S     + O2           2.435E+03
 126) HS      + HS      = H2S     + S            1.256E-01
 127) HS      + HCO     = H2S     + CO           7.397E-06
 128) HS      + H       = H2      + S            3.627E-02
 129) HS      + S       = H       + S2           2.516E-06
 155) HS      + O3      = HSO     + O2           7.402E+07
 156) HS      + HO2     = HSO     + OH           2.435E+03
 157) HS      + NO2     = HSO     + NO           2.499E+04
 168) HSO     + HS      = H2S     + SO           2.460E-01
 173) HS      + CO      = OCS     + H            6.386E-10
 226) CS      + HS      = CS2     + H            1.017E-04
 230) HS      + CO      = OCS     + H            6.463E-10
 235) HS      + HCS     = H2S     + CS           8.833E-10

S                   PRODUCTION RXS              INT RX RATE    TP =  3.52E+07
 126) HS      + HS      = H2S     + S            1.256E-01
 128) HS      + H       = H2      + S            3.627E-02
 136) S2      + O       = S       + SO           4.684E+04
 159) SO      + SO      = SO2     + S            1.286E+02
 175) O       + OCS     = S       + CO2          2.151E+00
 219) CS2     + O       = OCS     + S            1.602E+05
 241) CS      + O       = CO      + S            4.496E+00
 286) SO      + HV      = S       + O            5.799E+05
 292) S2      + HV      = S       + S            3.412E+03
 294) S3      + HV      = S2      + S            2.129E-04
 300) OCS     + HV      = CO      + S            1.628E+07
 309) CS2     + HV      = CS      + S            1.816E+07

S                      LOSS RXS                INT RX RATE    TL =  3.52E+07
 129) HS      + S       = H       + S2           2.516E-06
 130) S       + O2      = SO      + O            3.519E+07
 131) S       + OH      = SO      + H            8.000E-01
 132) S       + HCO     = HS      + CO           1.459E-08
 133) S       + HO2     = HS      + O2           5.958E-02
 134) S       + HO2     = SO      + OH           5.958E-02
 135) S       + S       = S2      +              1.337E-13
 139) S       + S2      = S3      +              2.129E-04
 141) S       + S3      = S4      +              2.267E-16
 158) S       + O3      = SO      + O2           3.784E+04
 171) HSO     + S       = HS      + SO           9.711E-05
 176) OCS     + S       = CO      + S2           1.062E+00
 179) S       + CO      = OCS     +              1.966E-03
 184) OCS     + S       = OCS2    +              2.745E+00
 185) OCS2    + S       = OCS     + S2           2.870E-12
 229) S       + HCS     = H       + CS2          8.121E-14
 234) CH23    + S       = HCS     + H            5.620E-08
 236) S       + HCS     = HS      + CS           4.060E-14
 240) CS2     + S       = CS      + S2           3.339E-05

SO                  PRODUCTION RXS              INT RX RATE    TP =  4.00E+09
 106) SO2     + O1D     = SO      + O2           1.313E+04
 123) HS      + O       = H       + SO           2.397E+03
 130) S       + O2      = SO      + O            3.519E+07
 131) S       + OH      = SO      + H            8.000E-01
 134) S       + HO2     = SO      + OH           5.958E-02
 136) S2      + O       = S       + SO           4.684E+04
 148) SO21    + SO2     = SO3     + SO           1.009E+00
 151) SO23    + SO2     = SO3     + SO           1.339E-01
 158) S       + O3      = SO      + O2           3.784E+04
 164) HSO     + NO      = HNO     + SO           2.264E+02
 165) HSO     + OH      = H2O     + SO           3.372E+02
 167) HSO     + H       = H2      + SO           6.201E-01
 168) HSO     + HS      = H2S     + SO           2.460E-01
 169) HSO     + O       = OH      + SO           5.673E+03
 171) HSO     + S       = HS      + SO           9.711E-05
 174) O       + OCS     = CO      + SO           1.274E+06
 214) CS      + O2      = CO      + SO           1.313E+03
 216) CS      + O3      = SO      + CO2          6.619E+06
 218) CS2     + O       = SO      + CS           1.709E+06
 288) SO2     + HV      = SO      + O            3.953E+09

SO                     LOSS RXS                INT RX RATE    TL =  4.00E+09
 107) SO      + O2      = O       + SO2          4.678E+08
 108) SO      + HO2     = SO2     + OH           4.650E+06
 109) SO      + O       = SO2     +              2.749E+06
 110) SO      + OH      = SO2     + H            2.072E+07
 152) SO      + NO2     = SO2     + NO           2.151E+07
 153) SO      + O3      = SO2     + O2           3.479E+09
 159) SO      + SO      = SO2     + S            1.286E+02
 160) SO3     + SO      = SO2     + SO2          1.245E+00
 162) SO      + HCO     = HSO     + CO           1.663E-01
 163) H       + SO      = HSO     +              1.827E+02
 238) CS2     + SO      = OCS     + S2           4.972E-01
 286) SO      + HV      = S       + O            5.799E+05

SO2                 PRODUCTION RXS              INT RX RATE    TP =  5.56E+09
 105) SO2     + O1D     = SO2     + O            4.093E+03
 107) SO      + O2      = O       + SO2          4.678E+08
 108) SO      + HO2     = SO2     + OH           4.650E+06
 109) SO      + O       = SO2     +              2.749E+06
 110) SO      + OH      = SO2     + H            2.072E+07
 115) SO3     + O       = SO2     + O2           1.794E+03
 144) SO21    + M       = SO2     + M            7.940E+08
 146) SO21    + HV      = SO2     + HV           3.090E+06
 149) SO23    + M       = SO2     + M            9.128E+07
 150) SO23    + HV      = SO2     + HV           1.084E+06
 152) SO      + NO2     = SO2     + NO           2.151E+07
 153) SO      + O3      = SO2     + O2           3.479E+09
 159) SO      + SO      = SO2     + S            1.286E+02
 160) SO3     + SO      = SO2     + SO2          1.245E+00
 217) CS      + O3      = CO      + SO2          6.619E+06
 224) CS2X    + O2      = CS      + SO2          7.859E+00
 254) CH3SO2  + HV      = CH3     + SO2          6.632E+08
 298) SO3     + HV      = SO2     + O            7.110E+03

SO2                    LOSS RXS                INT RX RATE    TL =  5.86E+09
 105) SO2     + O1D     = SO2     + O            4.093E+03
 106) SO2     + O1D     = SO      + O2           1.313E+04
 111) SO2     + OH      = HSO3    +              8.557E+07
 112) SO2     + O       = SO3     +              2.467E+07
 148) SO21    + SO2     = SO3     + SO           1.009E+00
 151) SO23    + SO2     = SO3     + SO           1.339E-01
 154) SO2     + HO2     = SO3     + OH           4.642E+02
 288) SO2     + HV      = SO      + O            3.953E+09
 289) SO2     + HV      = SO21    +              8.767E+08
 290) SO2     + HV      = SO23    +              1.274E+07

H2SO4               PRODUCTION RXS              INT RX RATE    TP =  1.30E+08
 113) SO3     + H2O     = H2SO4   +              1.295E+08

H2SO4                  LOSS RXS                INT RX RATE    TL =  1.29E+08
 114) H2SO4   + H2O     = SO3     + H2O     H2O  4.344E+04
 291) H2SO4   + HV      = SO3     + H2O          9.602E+05

HSO                 PRODUCTION RXS              INT RX RATE    TP =  7.41E+07
 155) HS      + O3      = HSO     + O2           7.402E+07
 156) HS      + HO2     = HSO     + OH           2.435E+03
 157) HS      + NO2     = HSO     + NO           2.499E+04
 162) SO      + HCO     = HSO     + CO           1.663E-01
 163) H       + SO      = HSO     +              1.827E+02

HSO                    LOSS RXS                INT RX RATE    TL =  7.40E+07
 164) HSO     + NO      = HNO     + SO           2.264E+02
 165) HSO     + OH      = H2O     + SO           3.372E+02
 166) HSO     + H       = HS      + OH           1.240E+00
 167) HSO     + H       = H2      + SO           6.201E-01
 168) HSO     + HS      = H2S     + SO           2.460E-01
 169) HSO     + O       = OH      + SO           5.673E+03
 170) HSO     + O3      = HS      + O2      O2   7.404E+07
 171) HSO     + S       = HS      + SO           9.711E-05
 299) HSO     + HV      = HS      + O            3.631E+02

S2                  PRODUCTION RXS              INT RX RATE    TP =  1.42E+05
 129) HS      + S       = H       + S2           2.516E-06
 135) S       + S       = S2      +              1.337E-13
 176) OCS     + S       = CO      + S2           1.062E+00
 185) OCS2    + S       = OCS     + S2           2.870E-12
 225) CS2X    + CS2     = CS      + CS      S2   6.461E-08
 237) CS2     + O       = CO      + S2           4.994E+04
 238) CS2     + SO      = OCS     + S2           4.972E-01
 240) CS2     + S       = CS      + S2           3.339E-05
 293) S4      + HV      = S2      + S2           4.583E+04
 294) S3      + HV      = S2      + S            2.129E-04

S2                     LOSS RXS                INT RX RATE    TL =  1.42E+05
 136) S2      + O       = S       + SO           4.684E+04
 139) S       + S2      = S3      +              2.129E-04
 140) S2      + S2      = S4      +              4.583E+04
 231) CH21    + S2      = HCS     + HS           2.876E-16
 232) CH23    + S2      = HCS     + HS           2.333E-13
 292) S2      + HV      = S       + S            3.412E+03

S4                  PRODUCTION RXS              INT RX RATE    TP =  4.58E+04
 140) S2      + S2      = S4      +              4.583E+04
 141) S       + S3      = S4      +              2.267E-16
 297) S8      + HV      = S4      + S4           3.239E-07

S4                     LOSS RXS                INT RX RATE    TL =  4.58E+04
 142) S4      + S4      = S8      +              6.084E-03
 293) S4      + HV      = S2      + S2           4.583E+04

S8                  PRODUCTION RXS              INT RX RATE    TP =  3.08E+04
 142) S4      + S4      = S8      +              6.084E-03

S8                     LOSS RXS                INT RX RATE    TL =  3.08E+04
 297) S8      + HV      = S4      + S4           3.239E-07

SO3                 PRODUCTION RXS              INT RX RATE    TP =  1.30E+08
 112) SO2     + O       = SO3     +              2.467E+07
 114) H2SO4   + H2O     = SO3     + H2O     H2O  4.344E+04
 116) HSO3    + O2      = HO2     + SO3          8.557E+07
 147) SO21    + O2      = SO3     + O            9.169E+00
 148) SO21    + SO2     = SO3     + SO           1.009E+00
 151) SO23    + SO2     = SO3     + SO           1.339E-01
 154) SO2     + HO2     = SO3     + OH           4.642E+02
 255) CH3SO3  + HV      = CH3     + SO3          1.828E+07
 291) H2SO4   + HV      = SO3     + H2O          9.602E+05

SO3                    LOSS RXS                INT RX RATE    TL =  1.30E+08
 113) SO3     + H2O     = H2SO4   +              1.295E+08
 115) SO3     + O       = SO2     + O2           1.794E+03
 160) SO3     + SO      = SO2     + SO2          1.245E+00
 298) SO3     + HV      = SO2     + O            7.110E+03

OCS                 PRODUCTION RXS              INT RX RATE    TP =  6.79E+06
 173) HS      + CO      = OCS     + H            6.386E-10
 179) S       + CO      = OCS     +              1.966E-03
 185) OCS2    + S       = OCS     + S2           2.870E-12
 188) OCS2    + CO      = OCS     + OCS          2.745E+00
 213) CS      + O2      = OCS     + O            1.050E+04
 215) CS      + O3      = OCS     + O2           6.619E+06
 219) CS2     + O       = OCS     + S            1.602E+05
 220) CS2     + OH      = OCS     + HS           4.580E+01
 230) HS      + CO      = OCS     + H            6.463E-10
 238) CS2     + SO      = OCS     + S2           4.972E-01

OCS                    LOSS RXS                INT RX RATE    TL =  1.76E+07
 172) H       + OCS     = CO      + HS           1.772E+01
 174) O       + OCS     = CO      + SO           1.274E+06
 175) O       + OCS     = S       + CO2          2.151E+00
 176) OCS     + S       = CO      + S2           1.062E+00
 177) OCS     + OH      = CO2     + HS           1.165E+04
 184) OCS     + S       = OCS2    +              2.745E+00
 239) OCS     + H       = CO      + HS           1.766E+01
 300) OCS     + HV      = CO      + S            1.628E+07

S3                  PRODUCTION RXS              INT RX RATE    TP =  2.13E-04
 139) S       + S2      = S3      +              2.129E-04

S3                     LOSS RXS                INT RX RATE    TL =  2.13E-04
 141) S       + S3      = S4      +              2.267E-16
 294) S3      + HV      = S2      + S            2.129E-04

O3                  PRODUCTION RXS              INT RX RATE    TP =  4.22E+13
  18) O       + O2      = O3      +              4.222E+13

O3                     LOSS RXS                INT RX RATE    TL =  4.22E+13
   5) H       + O3      = OH      + O2           2.946E+12
  12) OH      + O3      = HO2     + O2           1.481E+10
  15) HO2     + O3      = OH      + O2      O2   2.305E+09
  19) O       + O3      = O2      + O2           4.176E+10
  20) O1D     + O3      = O2      + O2           3.907E+07
  21) O1D     + O3      = O       + O       O2   3.907E+07
  26) O3      + HV      = O2      + O            8.742E-13
  27) O3      + O3      = O2      + O2      O2   7.824E+00
  77) NO      + O3      = NO2     + O2           4.727E+09
 153) SO      + O3      = SO2     + O2           3.479E+09
 155) HS      + O3      = HSO     + O2           7.402E+07
 158) S       + O3      = SO      + O2           3.784E+04
 170) HSO     + O3      = HS      + O2      O2   7.404E+07
 205) NO2     + O3      = NO3     + O2           6.668E+06
 215) CS      + O3      = OCS     + O2           6.619E+06
 216) CS      + O3      = SO      + CO2          6.619E+06
 217) CS      + O3      = CO      + SO2          6.619E+06
 248) CH3S    + O3      = CH3SO   + O2           3.427E+08
 250) CH3SO   + O3      = CH3SO2  + O2           3.427E+08
 252) CH3SO2  + O3      = CH3SO3  + O2           1.828E+07
 264) O3      + HV      = O2      + O1D          2.436E+12
 265) O3      + HV      = O2      + O            3.596E+13
 266) O3      + HV      = O       + O       O    7.775E+11

HNO3                PRODUCTION RXS              INT RX RATE    TP =  2.11E+07
  82) NO2     + OH      = HNO3    +              3.931E+06
 203) N2O5    + H2O     = HNO3    + HNO3         1.823E+01
 244) C2H6S   + NO3     = C2H5S   + HNO3         1.718E+07

HNO3                   LOSS RXS                INT RX RATE    TL =  2.04E+07
  84) HNO3    + OH      = H2O     + NO3          1.305E+06
 211) O       + HNO3    = OH      + NO3          1.077E+04
 280) HNO3    + HV      = NO2     + OH           9.770E+06
 281) HNO3    + HV      = HNO2    + O            2.660E+06
 282) HNO3    + HV      = HNO2    + O1D          1.910E+06

N                   PRODUCTION RXS              INT RX RATE    TP =  3.49E+06
 283) NO      + HV      = N       + O            3.493E+06

N                      LOSS RXS                INT RX RATE    TL =  3.49E+06
  72) N       + N       = N2      +              3.747E-03
  73) N       + O2      = NO      + O            2.425E+04
  75) N       + OH      = NO      + H            2.817E+06
  76) N       + NO      = N2      + O            4.096E+05
 195) N       + NO2     = N2O     + O            7.781E+04
 199) N       + HO2     = NO      + OH           1.632E+05

NO3                 PRODUCTION RXS              INT RX RATE    TP =  6.03E+07
  84) HNO3    + OH      = H2O     + NO3          1.305E+06
 192) O       + NO2     = NO3     +              5.197E+07
 202) N2O5    + M       = NO3     + NO2          1.054E+02
 205) NO2     + O3      = NO3     + O2           6.668E+06
 211) O       + HNO3    = OH      + NO3          1.077E+04
 305) HO2NO2  + HV      = OH      + NO3          3.003E+05
 306) N2O5    + HV      = NO3     + NO2          6.134E+04
 307) N2O5    + HV      = NO3     + NO      O    1.491E+03

NO3                    LOSS RXS                INT RX RATE    TL =  6.03E+07
 189) O       + NO3     = O2      + NO2          4.989E+06
 190) HO2     + NO3     = OH      + NO2     O2   3.577E+04
 191) NO      + NO3     = NO2     + NO2          2.421E+06
 193) OH      + NO3     = HO2     + NO2          1.583E+05
 201) NO2     + NO3     = N2O5    +              6.263E+04
 204) NO2     + NO3     = NO      + NO2     O2   4.329E+00
 206) NO3     + NO3     = NO2     + NO2     O2   1.908E-04
 244) C2H6S   + NO3     = C2H5S   + HNO3         1.718E+07
 301) NO3     + HV      = NO      + O2           3.953E+06
 302) NO3     + HV      = NO2     + O            3.151E+07

N2O                 PRODUCTION RXS              INT RX RATE    TP =  7.78E+04
 195) N       + NO2     = N2O     + O            7.781E+04

N2O                    LOSS RXS                INT RX RATE    TL =  4.02E+09
 194) H       + N2O     = N2      + OH           5.526E-06
 197) O1D     + N2O     = N2      + O2           4.304E+05
 198) O1D     + N2O     = NO      + NO           6.735E+05
 303) N2O     + HV      = N2      + O1D          4.002E+09

HO2NO2              PRODUCTION RXS              INT RX RATE    TP =  1.63E+07
 207) HO2     + NO2     = HO2NO2  +              1.634E+07

HO2NO2                 LOSS RXS                INT RX RATE    TL =  1.61E+07
 208) O       + HO2NO2  = OH      + NO2     O2   2.254E+01
 209) OH      + HO2NO2  = H2O     + NO2     O2   1.041E+06
 210) HO2NO2  + M       = HO2     + NO2          1.241E+07
 304) HO2NO2  + HV      = HO2     + NO2          9.376E+05
 305) HO2NO2  + HV      = OH      + NO3          3.003E+05

N2O5                PRODUCTION RXS              INT RX RATE    TP =  6.26E+04
 201) NO2     + NO3     = N2O5    +              6.263E+04

N2O5                   LOSS RXS                INT RX RATE    TL =  6.33E+04
 200) O       + N2O5    = NO2     + NO2     O2   3.812E+02
 202) N2O5    + M       = NO3     + NO2          1.054E+02
 203) N2O5    + H2O     = HNO3    + HNO3         1.823E+01
 306) N2O5    + HV      = NO3     + NO2          6.134E+04
 307) N2O5    + HV      = NO3     + NO      O    1.491E+03

NH                  PRODUCTION RXS              INT RX RATE    TP =  0.00E+00

NH                     LOSS RXS                INT RX RATE    TL =  0.00E+00

NH2                 PRODUCTION RXS              INT RX RATE    TP =  0.00E+00

NH2                    LOSS RXS                INT RX RATE    TL =  0.00E+00

NH3                 PRODUCTION RXS              INT RX RATE    TP =  0.00E+00

NH3                    LOSS RXS                INT RX RATE    TL =  1.47E+10

CO2                 PRODUCTION RXS              INT RX RATE    TP =  3.64E+11
  32) O       + HCO     = H       + CO2          7.841E+04
  34) CO      + OH      = CO2     + H            3.597E+11
  35) CO      + O       = CO2     +              2.437E+06
 175) O       + OCS     = S       + CO2          2.151E+00
 177) OCS     + OH      = CO2     + HS           1.165E+04
 182) CO2     + O1D     = CO2     + O            4.340E+09
 216) CS      + O3      = SO      + CO2          6.619E+06

CO2                    LOSS RXS                INT RX RATE    TL =  3.69E+11
  36) CO2     + H       = CO      + OH           1.155E-03
  93) CH21    + CO2     = H2CO    + CO           2.396E+04
  95) CH23    + CO2     = H2CO    + CO           7.998E+05
 182) CO2     + O1D     = CO2     + O            4.340E+09
 268) CO2     + HV      = CO      + O            8.207E+08
 269) CO2     + HV      = CO      + O1D          3.639E+11

CS                  PRODUCTION RXS              INT RX RATE    TP =  1.99E+07
 218) CS2     + O       = SO      + CS           1.709E+06
 224) CS2X    + O2      = CS      + SO2          7.859E+00
 225) CS2X    + CS2     = CS      + CS      S2   6.461E-08
 228) H       + HCS     = H2      + CS           5.582E-08
 233) CH3     + HCS     = CH4     + CS           2.964E-11
 235) HS      + HCS     = H2S     + CS           8.833E-10
 236) S       + HCS     = HS      + CS           4.060E-14
 240) CS2     + S       = CS      + S2           3.339E-05
 309) CS2     + HV      = CS      + S            1.816E+07

CS                     LOSS RXS                INT RX RATE    TL =  1.99E+07
 213) CS      + O2      = OCS     + O            1.050E+04
 214) CS      + O2      = CO      + SO           1.313E+03
 215) CS      + O3      = OCS     + O2           6.619E+06
 216) CS      + O3      = SO      + CO2          6.619E+06
 217) CS      + O3      = CO      + SO2          6.619E+06
 226) CS      + HS      = CS2     + H            1.017E-04
 227) H       + CS      = HCS     +              2.846E-09
 241) CS      + O       = CO      + S            4.496E+00

CS2                 PRODUCTION RXS              INT RX RATE    TP =  9.35E+05
 222) CS2OH   + HV      = CS2     + OH           1.832E+04
 223) CS2X    + M       = CS2     + M            9.168E+05
 226) CS      + HS      = CS2     + H            1.017E-04
 229) S       + HCS     = H       + CS2          8.121E-14

CS2                    LOSS RXS                INT RX RATE    TL =  2.10E+07
 218) CS2     + O       = SO      + CS           1.709E+06
 219) CS2     + O       = OCS     + S            1.602E+05
 220) CS2     + OH      = OCS     + HS           4.580E+01
 221) CS2     + OH      = CS2OH   +              1.832E+04
 225) CS2X    + CS2     = CS      + CS      S2   6.461E-08
 237) CS2     + O       = CO      + S2           4.994E+04
 238) CS2     + SO      = OCS     + S2           4.972E-01
 240) CS2     + S       = CS      + S2           3.339E-05
 309) CS2     + HV      = CS      + S            1.816E+07
 310) CS2     + HV      = CS2X    +              9.168E+05

HCS                 PRODUCTION RXS              INT RX RATE    TP =  5.90E-08
 227) H       + CS      = HCS     +              2.846E-09
 231) CH21    + S2      = HCS     + HS           2.876E-16
 232) CH23    + S2      = HCS     + HS           2.333E-13
 234) CH23    + S       = HCS     + H            5.620E-08

HCS                    LOSS RXS                INT RX RATE    TL =  5.67E-08
 228) H       + HCS     = H2      + CS           5.582E-08
 229) S       + HCS     = H       + CS2          8.121E-14
 233) CH3     + HCS     = CH4     + CS           2.964E-11
 235) HS      + HCS     = H2S     + CS           8.833E-10
 236) S       + HCS     = HS      + CS           4.060E-14

C2H6S               PRODUCTION RXS              INT RX RATE    TP =  0.00E+00

C2H6S                  LOSS RXS                INT RX RATE    TL =  2.20E+09
 242) C2H6S   + OH      = C2H5S   + H2O          1.618E+09
 243) C2H6S   + OH      = C2H7SO  +              5.500E+08
 244) C2H6S   + NO3     = C2H5S   + HNO3         1.718E+07

C2H5S               PRODUCTION RXS              INT RX RATE    TP =  1.63E+09
 242) C2H6S   + OH      = C2H5S   + H2O          1.618E+09
 244) C2H6S   + NO3     = C2H5S   + HNO3         1.718E+07

C2H5S                  LOSS RXS                INT RX RATE    TL =  1.63E+09
 245) C2H5S   + O2      = C2H5SO2 +              1.635E+09

C2H5SO              PRODUCTION RXS              INT RX RATE    TP =  3.43E+08
 246) C2H5SO2 + NO      = C2H5SO  + NO2          3.427E+08

C2H5SO                 LOSS RXS                INT RX RATE    TL =  3.43E+08
 247) C2H5SO  + HV      = H2CO    + CH3S         3.427E+08

C2H5SO2             PRODUCTION RXS              INT RX RATE    TP =  1.63E+09
 245) C2H5S   + O2      = C2H5SO2 +              1.635E+09

C2H5SO2                LOSS RXS                INT RX RATE    TL =  3.43E+08
 246) C2H5SO2 + NO      = C2H5SO  + NO2          3.427E+08

CH3S                PRODUCTION RXS              INT RX RATE    TP =  3.43E+08
 247) C2H5SO  + HV      = H2CO    + CH3S         3.427E+08

CH3S                   LOSS RXS                INT RX RATE    TL =  3.43E+08
 248) CH3S    + O3      = CH3SO   + O2           3.427E+08
 249) CH3S    + NO2     = CH3SO   + NO           1.543E+04

CH3SO               PRODUCTION RXS              INT RX RATE    TP =  3.43E+08
 248) CH3S    + O3      = CH3SO   + O2           3.427E+08
 249) CH3S    + NO2     = CH3SO   + NO           1.543E+04

CH3SO                  LOSS RXS                INT RX RATE    TL =  3.43E+08
 250) CH3SO   + O3      = CH3SO2  + O2           3.427E+08
 251) CH3SO   + NO2     = CH3SO2  + NO           6.775E+04

CH3SO2              PRODUCTION RXS              INT RX RATE    TP =  6.81E+08
 250) CH3SO   + O3      = CH3SO2  + O2           3.427E+08
 251) CH3SO   + NO2     = CH3SO2  + NO           6.775E+04
 258) CH4SO2  + OH      = CH3SO2  + H2O          3.387E+08

CH3SO2                 LOSS RXS                INT RX RATE    TL =  6.81E+08
 252) CH3SO2  + O3      = CH3SO3  + O2           1.828E+07
 253) CH3SO2  + NO2     = CH3SO3  + NO           6.599E+02
 254) CH3SO2  + HV      = CH3     + SO2          6.632E+08

CH3SO3              PRODUCTION RXS              INT RX RATE    TP =  1.83E+07
 252) CH3SO2  + O3      = CH3SO3  + O2           1.828E+07
 253) CH3SO2  + NO2     = CH3SO3  + NO           6.599E+02

CH3SO3                 LOSS RXS                INT RX RATE    TL =  1.83E+07
 255) CH3SO3  + HV      = CH3     + SO3          1.828E+07

CH4SO2              PRODUCTION RXS              INT RX RATE    TP =  3.39E+08
 257) C2H6SO  + OH      = CH4SO2  + CH3          3.389E+08

CH4SO2                 LOSS RXS                INT RX RATE    TL =  3.39E+08
 258) CH4SO2  + OH      = CH3SO2  + H2O          3.387E+08

C2H6SO              PRODUCTION RXS              INT RX RATE    TP =  5.50E+08
 256) C2H7SO  + O2      = C2H6SO  + HO2          5.500E+08

C2H6SO                 LOSS RXS                INT RX RATE    TL =  5.49E+08
 257) C2H6SO  + OH      = CH4SO2  + CH3          3.389E+08

C2H7SO              PRODUCTION RXS              INT RX RATE    TP =  5.50E+08
 243) C2H6S   + OH      = C2H7SO  +              5.500E+08

C2H7SO                 LOSS RXS                INT RX RATE    TL =  5.50E+08
 256) C2H7SO  + O2      = C2H6SO  + HO2          5.500E+08

SO4AER              PRODUCTION RXS              INT RX RATE    TP =  1.28E+08

SO4AER                 LOSS RXS                INT RX RATE    TL =  1.02E+08

S8AER               PRODUCTION RXS              INT RX RATE    TP =  1.06E-01

S8AER                  LOSS RXS                INT RX RATE    TL =  1.08E-01

HNO2                PRODUCTION RXS              INT RX RATE    TP =  0.00E+00
  80) NO      + OH      = HNO2    +              5.263E+06
 212) HO2     + NO2     = HNO2    + O2           8.085E+03
 281) HNO3    + HV      = HNO2    + O            2.660E+06
 282) HNO3    + HV      = HNO2    + O1D          1.910E+06

HNO2                   LOSS RXS                INT RX RATE    TL =  0.00E+00
  90) HNO2    + OH      = H2O     + NO2          4.258E+06
 279) HNO2    + HV      = NO      + OH           5.583E+06

O1D                 PRODUCTION RXS              INT RX RATE    TP =  0.00E+00
 259) O2      + HV      = O       + O1D          1.486E+12
 262) H2O     + HV      = H2      + O1D          1.935E+09
 264) O3      + HV      = O2      + O1D          2.436E+12
 269) CO2     + HV      = CO      + O1D          3.639E+11
 282) HNO3    + HV      = HNO2    + O1D          1.910E+06
 284) NO2     + HV      = NO      + O1D          5.640E+05
 303) N2O     + HV      = N2      + O1D          4.002E+09

O1D                    LOSS RXS                INT RX RATE    TL =  0.00E+00
   1) H2O     + O1D     = OH      + OH           1.977E+07
   2) H2      + O1D     = OH      + H            3.144E+07
  20) O1D     + O3      = O2      + O2           3.907E+07
  21) O1D     + O3      = O       + O       O2   3.907E+07
  23) O1D     + N2      = O       + N2           4.264E+12
  24) O1D     + O2      = O       + O2           2.280E+10
  49) CH4     + O1D     = CH3     + OH           3.254E+06
  50) CH4     + O1D     = CH3O    + H            4.381E+05
  51) CH4     + O1D     = CH2OH   + H            4.381E+05
  52) CH4     + O1D     = H2CO    + H2           2.190E+05
  98) C2H6    + O1D     = C2H5    + OH           1.569E+05
 105) SO2     + O1D     = SO2     + O            4.093E+03
 106) SO2     + O1D     = SO      + O2           1.313E+04
 180) CO      + O1D     = CO      + O            5.888E+08
 182) CO2     + O1D     = CO2     + O            4.340E+09
 197) O1D     + N2O     = N2      + O2           4.304E+05
 198) O1D     + N2O     = NO      + NO           6.735E+05

CH21                PRODUCTION RXS              INT RX RATE    TP =  0.00E+00
 273) CH4     + HV      = CH21    + H2           5.868E+08
 276) CH3     + HV      = CH21    + H            6.429E+01
 278) C2H6    + HV      = CH4     + CH21         8.526E+05

CH21                   LOSS RXS                INT RX RATE    TL =  0.00E+00
  53) CH21    + CH4     = CH3     + CH3          4.316E-11
  54) CH21    + O2      = HCO     + OH           9.767E+06
  55) CH21    + N2      = CH23    + N2           5.778E+08
  92) CH21    + H2      = CH3     + H            2.043E+04
  93) CH21    + CO2     = H2CO    + CO           2.396E+04
 231) CH21    + S2      = HCS     + HS           2.876E-16

CH23                PRODUCTION RXS              INT RX RATE    TP =  0.00E+00
  55) CH21    + N2      = CH23    + N2           5.778E+08
 275) CH4     + HV      = CH23    + H       H    1.079E+08
 277) C2H6    + HV      = CH23    + CH23    H2   3.410E+06

CH23                   LOSS RXS                INT RX RATE    TL =  0.00E+00
  58) CH23    + O2      = HCO     + OH           6.917E+08
  94) CH23    + O       = HCO     + H            3.262E+04
  95) CH23    + CO2     = H2CO    + CO           7.998E+05
 232) CH23    + S2      = HCS     + HS           2.333E-13
 234) CH23    + S       = HCS     + H            5.620E-08

C2H5                PRODUCTION RXS              INT RX RATE    TP =  0.00E+00
  96) C2H6    + OH      = C2H5    + H2O          7.106E+07
  97) C2H6    + O       = C2H5    + OH           4.641E+05
  98) C2H6    + O1D     = C2H5    + OH           1.569E+05

C2H5                   LOSS RXS                INT RX RATE    TL =  0.00E+00
  99) C2H5    + H       = CH3     + CH3          4.167E-01
 100) C2H5    + O       = CH3     + HCO     H    4.843E+02
 101) C2H5    + OH      = CH3     + HCO     H2   9.312E+00
 102) C2H5    + HCO     = C2H6    + CO           3.965E-06
 103) C2H5    + HNO     = C2H6    + NO           1.467E-11
 104) C2H5    + O2      = CH3     + HCO     OH   7.168E+07

SO21                PRODUCTION RXS              INT RX RATE    TP =  0.00E+00
 289) SO2     + HV      = SO21    +              8.767E+08

SO21                   LOSS RXS                INT RX RATE    TL =  0.00E+00
 143) SO21    + M       = SO23    + M            7.940E+07
 144) SO21    + M       = SO2     + M            7.940E+08
 145) SO21    + HV      = SO23    + HV           2.107E+05
 146) SO21    + HV      = SO2     + HV           3.090E+06
 147) SO21    + O2      = SO3     + O            9.169E+00
 148) SO21    + SO2     = SO3     + SO           1.009E+00

SO23                PRODUCTION RXS              INT RX RATE    TP =  0.00E+00
 143) SO21    + M       = SO23    + M            7.940E+07
 145) SO21    + HV      = SO23    + HV           2.107E+05
 290) SO2     + HV      = SO23    +              1.274E+07

SO23                   LOSS RXS                INT RX RATE    TL =  0.00E+00
 149) SO23    + M       = SO2     + M            9.128E+07
 150) SO23    + HV      = SO2     + HV           1.084E+06
 151) SO23    + SO2     = SO3     + SO           1.339E-01

HSO3                PRODUCTION RXS              INT RX RATE    TP =  0.00E+00
 111) SO2     + OH      = HSO3    +              8.557E+07

HSO3                   LOSS RXS                INT RX RATE    TL =  0.00E+00
 116) HSO3    + O2      = HO2     + SO3          8.557E+07

OCS2                PRODUCTION RXS              INT RX RATE    TP =  0.00E+00
 184) OCS     + S       = OCS2    +              2.745E+00

OCS2                   LOSS RXS                INT RX RATE    TL =  0.00E+00
 185) OCS2    + S       = OCS     + S2           2.870E-12
 188) OCS2    + CO      = OCS     + OCS          2.745E+00

CS2X                PRODUCTION RXS              INT RX RATE    TP =  0.00E+00
 310) CS2     + HV      = CS2X    +              9.168E+05

CS2X                   LOSS RXS                INT RX RATE    TL =  0.00E+00
 223) CS2X    + M       = CS2     + M            9.168E+05
 224) CS2X    + O2      = CS      + SO2          7.859E+00
 225) CS2X    + CS2     = CS      + CS      S2   6.461E-08

CS2OH               PRODUCTION RXS              INT RX RATE    TP =  0.00E+00
 221) CS2     + OH      = CS2OH   +              1.832E+04

CS2OH                  LOSS RXS                INT RX RATE    TL =  0.00E+00
 222) CS2OH   + HV      = CS2     + OH           1.832E+04

N2                  PRODUCTION RXS              INT RX RATE    TP =  0.00E+00
  23) O1D     + N2      = O       + N2           4.264E+12
  55) CH21    + N2      = CH23    + N2           5.778E+08
  72) N       + N       = N2      +              3.747E-03
  76) N       + NO      = N2      + O            4.096E+05
 194) H       + N2O     = N2      + OH           5.526E-06
 197) O1D     + N2O     = N2      + O2           4.304E+05
 303) N2O     + HV      = N2      + O1D          4.002E+09

N2                     LOSS RXS                INT RX RATE    TL =  0.00E+00
  23) O1D     + N2      = O       + N2           4.264E+12
  55) CH21    + N2      = CH23    + N2           5.778E+08
