 1.85136E-10 3.07809E-14 1.12652E-02 3.65190E-14 8.22132E-12 1.08094E-09 1.53011E-08 4.58523E-18
 5.00000E-07 1.60000E-06 8.88660E-08 8.73692E-10 4.25122E-12 2.73000E-07 6.06172E-12 2.00389E-11
 2.41817E-14 6.58124E-11 3.34299E-13 1.28301E-14 1.89881E-16 1.77061E-23 4.98469E-10 1.44853E-13
 4.12529E-18 5.72773E-15 5.36465E-12 4.74211E-13 2.10000E-04 4.04727E-12 1.21289E-17 3.70706E-17
 4.15581E-11 1.87967E-12 1.31261E-13 4.00000E-04 1.73864E-10 5.05839E-17 6.97455E-03 3.46384E-14
 7.97569E-12 1.12925E-09 1.80681E-08 5.06177E-21 5.42083E-07 1.59604E-06 8.22565E-08 8.77290E-10
 4.33070E-12 2.95507E-07 3.78132E-12 1.13117E-11 1.30648E-14 9.86420E-11 4.04714E-13 6.88178E-15
 9.33543E-17 9.30644E-23 4.91898E-10 1.78702E-13 5.08262E-18 9.76139E-15 7.71237E-12 5.68386E-13
 1.75424E-01 2.93477E-12 3.46776E-18 5.56038E-20 5.84533E-11 3.53830E-12 1.11262E-13 4.04574E-04
 1.71075E-10 6.12928E-17 4.14086E-03 4.10176E-14 7.93497E-12 1.12394E-09 2.19962E-08 4.84519E-21
 5.49936E-07 1.59264E-06 7.56511E-08 8.11059E-10 4.01734E-12 2.99498E-07 4.55065E-12 1.23418E-11
 1.65004E-14 1.42624E-10 1.01131E-12 7.19502E-15 1.80154E-16 2.73326E-22 4.85055E-10 1.91353E-13
 6.81240E-18 1.22458E-14 1.03541E-11 6.71083E-13 2.06805E-01 2.99819E-12 3.52382E-18 7.17991E-20
 8.09865E-11 5.55227E-12 1.24052E-13 4.09059E-04 1.61020E-10 8.63447E-17 2.24903E-03 4.84729E-14
 7.64652E-12 1.02627E-09 2.67745E-08 5.39564E-21 5.51042E-07 1.58983E-06 6.99159E-08 6.76258E-10
 3.46469E-12 2.99832E-07 6.03274E-12 1.46898E-11 2.28427E-14 1.87366E-10 2.77386E-12 7.90843E-15
 4.35809E-16 7.37545E-22 4.79197E-10 1.93403E-13 8.92787E-18 1.44934E-14 1.27195E-11 7.76488E-13
 2.09808E-01 3.25831E-12 4.09737E-18 1.11335E-19 1.03440E-10 7.58670E-12 1.46825E-13 4.13395E-04
 1.46594E-10 1.25713E-16 1.40396E-03 6.00236E-14 7.47365E-12 8.71798E-10 3.20341E-08 6.52958E-21
 5.51458E-07 1.58754E-06 6.50233E-08 5.19921E-10 3.06470E-12 2.99799E-07 8.13634E-12 1.80346E-11
 3.28237E-14 2.27344E-10 6.03913E-12 9.00760E-15 9.76660E-16 1.57507E-21 4.74367E-10 1.90640E-13
 1.15868E-17 1.70465E-14 1.47025E-11 8.69194E-13 2.10007E-01 3.63368E-12 5.15970E-18 1.77496E-19
 1.25843E-10 9.57284E-12 1.76512E-13 4.17517E-04 1.26083E-10 1.75836E-16 7.71980E-04 7.03021E-14
 6.91292E-12 6.96772E-10 3.74049E-08 7.46945E-21 5.51786E-07 1.58571E-06 6.09052E-08 3.74998E-10
 2.50221E-12 2.99736E-07 1.06754E-11 2.07136E-11 4.37335E-14 2.57193E-10 1.39828E-11 9.26047E-15
 2.09958E-15 3.65140E-21 4.70499E-10 1.79086E-13 1.45698E-17 1.93855E-14 1.63225E-11 9.10408E-13
 2.10021E-01 4.16996E-12 6.38864E-18 2.86437E-19 1.48567E-10 1.12156E-11 2.13827E-13 4.21336E-04
 9.97259E-11 2.35738E-16 3.65741E-04 7.41318E-14 6.01994E-12 5.30963E-10 4.25987E-08 7.70387E-21
 5.52054E-07 1.58426E-06 5.75028E-08 2.60413E-10 1.93033E-12 2.99665E-07 1.23080E-11 2.00405E-11
 4.65153E-14 2.73986E-10 2.97451E-11 8.26013E-15 3.82579E-15 1.03968E-20 4.67484E-10 1.65027E-13
 1.72361E-17 2.24768E-14 1.76594E-11 8.68269E-13 2.10025E-01 4.90924E-12 7.40932E-18 4.44549E-19
 1.71160E-10 1.20657E-11 2.59481E-13 4.24737E-04 7.42747E-11 3.10644E-16 1.60389E-04 7.24279E-14
 5.05782E-12 3.90922E-10 4.75877E-08 7.45284E-21 5.52261E-07 1.58308E-06 5.47139E-08 1.76601E-10
 1.45624E-12 2.99585E-07 1.29771E-11 1.73187E-11 4.18333E-14 2.81674E-10 4.81780E-11 6.87527E-15
 6.31115E-15 3.15224E-20 4.65140E-10 1.48460E-13 1.93998E-17 2.63380E-14 1.88254E-11 7.68871E-13
 2.10027E-01 5.75231E-12 8.01033E-18 6.40875E-19 1.91057E-10 1.20384E-11 3.07505E-13 4.27586E-04
 5.50606E-11 4.05661E-16 6.29861E-05 7.16245E-14 4.16276E-12 2.81974E-10 5.24990E-08 7.36829E-21
 5.52413E-07 1.58208E-06 5.24158E-08 1.16931E-10 1.05333E-12 2.99496E-07 1.45293E-11 1.56171E-11
 4.03014E-14 2.87097E-10 6.06615E-11 5.86825E-15 1.27872E-14 8.97796E-20 4.63274E-10 1.25881E-13
 2.21876E-17 2.92761E-14 1.99168E-11 6.70536E-13 2.10029E-01 6.36377E-12 8.33144E-18 8.90999E-19
 2.03064E-10 1.15270E-11 3.39698E-13 4.29716E-04 4.07355E-11 4.82156E-16 1.16415E-05 7.66978E-14
 3.18067E-12 2.00634E-10 5.76855E-08 7.53373E-21 5.52523E-07 1.58112E-06 5.04240E-08 7.48362E-11
 6.08799E-13 2.99390E-07 1.92620E-11 1.50929E-11 5.26359E-14 2.94788E-10 6.35208E-11 5.49090E-15
 3.61188E-14 4.74943E-19 4.61668E-10 1.00718E-13 2.87667E-17 2.96995E-14 2.10495E-11 6.07056E-13
 2.10031E-01 6.17433E-12 8.32104E-18 1.46777E-18 1.99942E-10 1.08436E-11 3.26403E-13 4.30978E-04
 2.84899E-11 5.43801E-16 6.68548E-07 8.93585E-14 2.22211E-12 1.31406E-10 6.50255E-08 8.02616E-21
 5.52613E-07 1.57985E-06 4.81949E-08 4.27122E-11 2.76160E-13 2.99220E-07 2.90024E-11 1.51508E-11
 8.88354E-14 3.10260E-10 5.61898E-11 6.23502E-15 7.03525E-14 3.63464E-18 4.59782E-10 7.90651E-14
 4.28692E-17 2.93328E-14 2.26408E-11 5.78810E-13 2.10031E-01 3.51164E-12 5.26684E-18 2.12326E-18
 1.61255E-10 9.27050E-12 2.07322E-13 4.30982E-04 2.06033E-11 9.28756E-16 3.86849E-06 8.97802E-14
 1.58268E-12 6.72176E-11 7.95848E-08 8.63400E-21 5.52681E-07 1.57735E-06 4.49885E-08 1.87251E-11
 1.89017E-13 2.98838E-07 4.02249E-11 2.00564E-11 9.58287E-14 3.53694E-10 4.62456E-11 5.76383E-15
 8.29217E-14 3.22896E-18 4.56626E-10 5.01336E-14 5.00631E-17 3.10421E-14 2.57989E-11 6.03849E-13
 2.10031E-01 1.60877E-12 2.11074E-18 9.86968E-19 1.18053E-10 6.30363E-12 1.01561E-13 4.30987E-04
 1.49131E-11 1.79446E-15 4.21895E-06 7.68567E-14 9.67799E-13 2.49136E-11 1.10293E-07 7.75650E-21
 5.52640E-07 1.57205E-06 4.06545E-08 6.47058E-12 1.15041E-13 2.97933E-07 5.53001E-11 3.02439E-11
 8.68811E-14 4.51445E-10 3.97492E-11 5.47361E-15 1.13252E-13 2.98056E-18 4.50960E-10 2.83312E-14
 5.33016E-17 3.36810E-14 3.13482E-11 7.37087E-13 2.10030E-01 5.81265E-13 5.12924E-19 3.07035E-19
 7.69705E-11 3.11435E-12 3.92457E-14 4.30995E-04 1.07887E-11 3.87683E-15 4.32219E-06 6.18916E-14
 5.60384E-13 7.29648E-12 1.70995E-07 6.39303E-21 5.52279E-07 1.56159E-06 3.54656E-08 2.00513E-12
 6.58357E-14 2.96008E-07 7.80833E-11 5.39373E-11 7.57600E-14 6.52097E-10 3.92078E-11 6.33699E-15
 2.19583E-13 3.32387E-18 4.41371E-10 1.66960E-14 5.82093E-17 4.03082E-14 4.05112E-11 1.16232E-12
 2.10030E-01 1.73529E-13 8.65567E-20 7.49018E-20 4.51962E-11 1.25446E-12 1.21574E-14 4.31007E-04
 8.64215E-12 8.64233E-15 4.35811E-06 5.61925E-14 3.92272E-13 2.47336E-12 2.73652E-07 5.81872E-21
 5.51332E-07 1.54415E-06 3.00702E-08 7.58054E-13 4.34626E-14 2.92628E-07 1.09086E-10 1.00322E-10
 7.33330E-14 9.98678E-10 4.51672E-11 9.81201E-15 5.66945E-13 5.28906E-18 4.27200E-10 1.40098E-14
 7.35165E-17 5.78347E-14 5.35755E-11 2.24416E-12 2.10029E-01 4.50060E-14 1.35422E-20 1.85667E-20
 2.45173E-11 5.04136E-13 3.03042E-15 4.31023E-04 7.83974E-12 1.85823E-14 4.40834E-06 5.89953E-14
 3.52899E-13 1.43117E-12 4.22601E-07 6.07895E-21 5.49608E-07 1.51939E-06 2.51281E-08 4.40733E-13
 3.49669E-14 2.87649E-07 1.45395E-10 1.73269E-10 7.79627E-14 1.50357E-09 5.74328E-11 1.72078E-14
 1.49039E-12 1.07272E-17 4.08958E-10 1.70383E-14 1.03933E-16 9.39773E-14 6.94813E-11 4.52690E-12
 2.10027E-01 1.05905E-14 2.24968E-21 5.85326E-21 1.26686E-11 2.18914E-13 6.28596E-16 4.31043E-04
 7.70718E-12 3.80653E-14 4.47389E-06 6.77168E-14 3.77623E-13 1.30440E-12 6.21949E-07 6.96548E-21
 5.46958E-07 1.48728E-06 2.09058E-08 3.59472E-13 3.21954E-14 2.80999E-07 1.85550E-10 2.74069E-10
 8.64089E-14 2.16878E-09 7.59723E-11 2.99825E-14 3.51094E-12 2.36234E-17 3.87189E-10 2.58022E-14
 1.53874E-16 1.59600E-13 8.69382E-11 8.74623E-12 2.10026E-01 2.29174E-15 3.88683E-22 3.52479E-21
 6.30985E-12 9.96357E-14 1.11840E-16 4.31066E-04 7.98168E-12 7.41442E-14 4.55257E-06 8.24499E-14
 4.51401E-13 1.52009E-12 8.70399E-07 8.58996E-21 5.43348E-07 1.44893E-06 1.75396E-08 3.58415E-13
 3.25410E-14 2.72857E-07 2.28626E-10 3.98857E-10 9.76973E-14 2.96823E-09 1.00120E-10 4.92064E-14
 7.10105E-12 5.17956E-17 3.63042E-10 4.37538E-14 2.30647E-16 2.71270E-13 1.04102E-10 1.55767E-11
 2.10023E-01 4.67647E-16 7.01201E-23 4.05026E-21 3.08757E-12 4.70338E-14 1.80465E-17 4.31092E-04
 8.55395E-12 1.38557E-13 4.64224E-06 1.04680E-13 5.77990E-13 2.02342E-12 1.16839E-06 1.12786E-20
 5.38785E-07 1.40545E-06 1.49682E-08 4.02284E-13 3.50811E-14 2.63416E-07 2.74524E-10 5.43398E-10
 1.11828E-13 3.87349E-09 1.29113E-10 7.57410E-14 1.25101E-11 1.09635E-16 3.37435E-10 7.83981E-14
 3.45049E-16 4.54388E-13 1.19444E-10 2.55961E-11 2.10021E-01 9.09289E-17 1.30708E-23 5.43072E-21
 1.49738E-12 2.28413E-14 2.74177E-18 4.31119E-04 9.39651E-12 2.50154E-13 4.73977E-06 1.37581E-13
 7.74657E-13 2.92281E-12 1.51451E-06 1.57074E-20 5.33358E-07 1.35836E-06 1.30814E-08 4.87222E-13
 3.96866E-14 2.52988E-07 3.23451E-10 7.02274E-10 1.29566E-13 4.84493E-09 1.61599E-10 1.09876E-13
 1.95516E-11 2.21218E-16 3.11379E-10 1.44038E-13 5.12390E-16 7.45304E-13 1.31666E-10 3.90419E-11
 2.10018E-01 1.70348E-17 2.51902E-24 7.05638E-21 7.26485E-13 1.14369E-14 4.05536E-19 4.31147E-04
 1.05300E-11 4.38640E-13 4.84154E-06 1.86806E-13 1.07426E-12 4.49052E-12 1.90524E-06 2.31653E-20
 5.27230E-07 1.30945E-06 1.17520E-08 6.25459E-13 4.66676E-14 2.41957E-07 3.75985E-10 8.69852E-10
 1.52511E-13 5.83749E-09 1.96055E-10 1.51313E-13 2.76073E-11 4.24095E-16 2.85844E-10 2.67661E-13
 7.54906E-16 1.19497E-12 1.39924E-10 5.57132E-11 2.10015E-01 3.11175E-18 5.05701E-25 8.71708E-21
 3.56613E-13 5.96756E-15 6.02250E-20 4.31175E-04 1.22234E-11 7.52831E-13 4.94616E-06 2.63157E-13
 1.54833E-12 7.59194E-12 2.34363E-06 3.63145E-20 5.20460E-07 1.25939E-06 1.08404E-08 8.93054E-13
 5.70991E-14 2.30475E-07 4.31319E-10 1.04065E-09 1.83271E-13 6.82957E-09 2.36185E-10 2.01029E-13
 3.69373E-11 7.84656E-16 2.61110E-10 5.12192E-13 1.10515E-15 1.88716E-12 1.43940E-10 7.54553E-11
 2.10012E-01 5.47405E-19 1.04281E-25 1.02519E-20 1.77167E-13 3.31428E-15 9.00855E-21 4.31203E-04
 1.43397E-11 1.27238E-12 5.05277E-06 3.81641E-13 2.28171E-12 1.31440E-11 2.83512E-06 5.96717E-20
 5.13080E-07 1.20861E-06 1.02223E-08 1.29951E-12 7.13450E-14 2.18644E-07 4.94036E-10 1.22331E-09
 2.25772E-13 7.79721E-09 2.77716E-10 2.59734E-13 4.67310E-11 1.37554E-15 2.37363E-10 9.76872E-13
 1.60364E-15 2.90846E-12 1.43916E-10 9.76988E-11 2.10008E-01 9.16666E-20 2.15526E-26 1.15082E-20
 8.88317E-14 2.10316E-15 1.34321E-21 4.31231E-04 1.69167E-11 2.12518E-12 5.16050E-06 5.68506E-13
 3.41728E-12 2.28154E-11 3.38347E-06 1.02275E-19 5.05124E-07 1.15753E-06 9.80553E-09 1.88080E-12
 9.02626E-14 2.06572E-07 5.68658E-10 1.42631E-09 2.86394E-13 8.71471E-09 3.18568E-10 3.28364E-13
 5.65625E-11 2.26830E-15 2.14766E-10 1.83766E-12 2.30684E-15 4.35816E-12 1.40350E-10 1.21502E-10
 2.10005E-01 1.44559E-20 4.38909E-27 1.23805E-20 4.48811E-14 1.83592E-15 1.96971E-22 4.31258E-04
 1.99725E-11 3.51776E-12 5.26924E-06 8.66158E-13 5.16260E-12 3.91152E-11 3.99291E-06 1.82076E-19
 4.96581E-07 1.10622E-06 9.52102E-09 2.66195E-12 1.14587E-13 1.94289E-07 6.61776E-10 1.66300E-09
 3.74854E-13 9.55781E-09 3.56715E-10 4.08227E-13 6.62027E-11 3.49806E-15 1.93324E-10 3.37346E-12
 3.29346E-15 6.33047E-12 1.34021E-10 1.45712E-10 2.10001E-01 2.11424E-21 8.59996E-28 1.27820E-20
 2.27669E-14 2.57357E-15 2.77111E-23 4.31284E-04 2.34902E-11 5.78094E-12 5.37924E-06 1.34126E-12
 7.79335E-12 6.54509E-11 4.66520E-06 3.35744E-19 4.87410E-07 1.05458E-06 9.31952E-09 3.63776E-12
 1.44638E-13 1.81791E-07 7.82630E-10 1.95046E-09 5.05773E-13 1.02998E-08 3.89810E-10 5.00532E-13
 7.54776E-11 5.02837E-15 1.72978E-10 5.97780E-12 4.67848E-15 8.89922E-12 1.25858E-10 1.68987E-10
 2.09997E-01 2.81725E-22 1.57805E-28 1.26686E-20 1.15490E-14 4.93763E-15 3.63493E-24 4.31309E-04
 2.73880E-11 9.44026E-12 5.49106E-06 2.09580E-12 1.16361E-11 1.05767E-10 5.39704E-06 6.40902E-19
 4.77541E-07 1.00237E-06 9.16602E-09 4.74915E-12 1.80061E-13 1.69051E-07 9.43767E-10 2.30819E-09
 7.00946E-13 1.09115E-08 4.14752E-10 6.05769E-13 8.40119E-11 6.74433E-15 1.53638E-10 1.01275E-11
 6.63866E-15 1.21147E-11 1.16850E-10 1.89901E-10 2.09993E-01 3.34944E-23 2.63734E-29 1.20464E-20
 5.83320E-15 9.06921E-15 4.32180E-25 4.31334E-04 3.15016E-11 1.53020E-11 5.60431E-06 3.28335E-12
 1.70174E-11 1.63094E-10 6.16917E-06 1.26929E-18 4.66986E-07 9.49765E-07 9.03645E-09 5.86682E-12
 2.19866E-13 1.56165E-07 1.16153E-09 2.75154E-09 9.92537E-13 1.13555E-08 4.26961E-10 7.21731E-13
 9.07838E-11 8.49460E-15 1.35386E-10 1.62939E-11 9.46849E-15 1.60242E-11 1.08070E-10 2.06783E-10
 2.09988E-01 3.50802E-24 4.00788E-30 1.10680E-20 2.94520E-15 1.12065E-14 4.64739E-26 4.31359E-04
 3.55705E-11 2.45938E-11 5.71891E-06 5.13300E-12 2.42166E-11 2.37481E-10 6.95128E-06 2.61849E-18
 4.55740E-07 8.96809E-07 8.91231E-09 6.80759E-12 2.62818E-13 1.43206E-07 1.45558E-09 3.28727E-09
 1.42617E-12 1.16026E-08 4.21768E-10 8.43998E-13 9.42719E-11 1.01802E-14 1.18249E-10 2.48796E-11
 1.36633E-14 2.07336E-11 1.00422E-10 2.18187E-10 2.09984E-01 3.19341E-25 6.23531E-31 9.96377E-21
 1.50390E-15 1.22755E-14 5.07863E-27 4.31382E-04 3.92682E-11 3.91837E-11 5.83599E-06 7.98383E-12
 3.34151E-11 3.24387E-10 7.70645E-06 5.64682E-18 4.43690E-07 8.42996E-07 8.77906E-09 7.39460E-12
 3.07601E-13 1.30137E-07 1.84905E-09 3.90977E-09 2.06452E-12 1.16390E-08 3.96561E-10 9.66615E-13
 9.30404E-11 1.17992E-14 1.02087E-10 3.62077E-11 2.00609E-14 2.64608E-11 9.45403E-11 2.23084E-10
 2.09979E-01 2.47076E-26 1.87619E-31 9.01675E-21 7.95523E-16 1.28051E-14 1.06141E-27 4.31404E-04
 4.22485E-11 6.17730E-11 5.95465E-06 1.23328E-11 4.45953E-11 4.11981E-10 8.37503E-06 1.27203E-17
 4.30933E-07 7.88724E-07 8.62916E-09 7.49550E-12 3.53217E-13 1.17162E-07 2.36753E-09 4.58547E-09
 2.98886E-12 1.14534E-08 3.51196E-10 1.07963E-12 8.59195E-11 1.34147E-14 8.70463E-11 5.04336E-11
 3.01231E-14 3.35496E-11 9.09975E-11 2.20251E-10 2.09974E-01 1.62128E-27 1.65292E-31 8.77400E-21
 4.65622E-16 1.30581E-14 6.44636E-28 4.31425E-04 4.42236E-11 9.62105E-11 6.07334E-06 1.88835E-11
 5.74404E-11 4.82686E-10 8.89027E-06 2.97212E-17 4.17679E-07 7.34669E-07 8.46364E-09 7.07881E-12
 3.98672E-13 1.04560E-07 3.03839E-09 5.25519E-09 4.29548E-12 1.10464E-08 2.90460E-10 1.17170E-12
 7.32785E-11 1.50797E-14 7.33103E-11 6.73555E-11 4.63538E-14 4.24287E-11 9.02218E-11 2.08849E-10
 2.09970E-01 9.51251E-29 2.27273E-31 1.00492E-20 3.29800E-16 1.31734E-14 6.05557E-28 4.31444E-04
 4.49985E-11 1.47782E-10 6.19218E-06 2.85796E-11 7.11235E-11 5.18762E-10 9.18595E-06 7.11025E-17
 4.03988E-07 6.80743E-07 8.29533E-09 6.22047E-12 4.41245E-13 9.24285E-08 3.89737E-09 5.85002E-09
 6.09472E-12 1.04239E-08 2.23332E-10 1.23115E-12 5.73547E-11 1.67505E-14 6.08348E-11 8.59328E-11
 7.31141E-14 5.34973E-11 9.26845E-11 1.89089E-10 2.09965E-01 1.09816E-29 3.85685E-31 1.40442E-20
 2.92980E-16 1.32247E-14 6.93300E-28 4.31461E-04 4.46895E-11 2.22427E-10 6.31056E-06 4.25695E-11
 8.38175E-11 5.14991E-10 9.17163E-06 1.70700E-16 3.90039E-07 6.27144E-07 8.16510E-09 5.21772E-12
 4.75100E-13 8.09260E-08 5.00827E-09 6.30348E-09 8.52113E-12 9.55361E-09 1.59879E-10 1.23998E-12
 4.16573E-11 1.82755E-14 4.96324E-11 1.03610E-10 1.18829E-13 6.70140E-11 9.94549E-11 1.62181E-10
 2.09961E-01 1.00024E-29 7.43382E-31 2.27828E-20 3.10507E-16 1.32501E-14 8.89371E-28 4.31475E-04
 4.32262E-11 3.29633E-10 6.42681E-06 6.22161E-11 9.51595E-11 4.70042E-10 8.89764E-06 4.06869E-16
 3.76178E-07 5.74513E-07 8.04695E-09 4.12130E-12 5.02241E-13 7.02468E-08 6.36446E-09 6.52777E-09
 1.15535E-11 8.50209E-09 1.07027E-10 1.20366E-12 2.77236E-11 1.93387E-14 3.97934E-11 1.18489E-10
 1.94308E-13 8.28440E-11 1.09713E-10 1.30879E-10 2.09956E-01 1.45469E-29 1.49510E-30 3.92171E-20
 3.59382E-16 1.32736E-14 1.17633E-27 4.31486E-04 4.10041E-11 4.84391E-10 6.53872E-06 8.89966E-11
 1.05539E-10 4.03200E-10 8.45471E-06 9.58543E-16 3.62874E-07 5.23709E-07 7.92174E-09 3.13721E-12
 5.26413E-13 6.05665E-08 7.92423E-09 6.48203E-09 1.50138E-11 7.33486E-09 6.82241E-11 1.13330E-12
 1.70101E-11 1.95182E-14 3.13858E-11 1.29232E-10 3.11934E-13 1.00173E-10 1.22045E-10 9.86713E-11
 2.09952E-01 2.11315E-29 2.98362E-30 6.76259E-20 4.28980E-16 1.33143E-14 1.52931E-27 4.31493E-04
 3.84823E-11 7.10459E-10 6.64367E-06 1.24460E-10 1.15752E-10 3.34730E-10 7.92049E-06 2.23114E-15
 3.50686E-07 4.75741E-07 7.79011E-09 2.37673E-12 5.51455E-13 5.20230E-08 9.62030E-09 6.16844E-09
 1.85897E-11 6.11743E-09 4.21711E-11 1.03858E-12 9.72391E-12 1.85177E-14 2.44273E-11 1.35077E-10
 4.83372E-13 1.17575E-10 1.35062E-10 6.91094E-11 2.09948E-01 3.03652E-29 5.81334E-30 1.14119E-19
 5.15208E-16 1.33920E-14 1.92654E-27 4.31495E-04 3.59713E-11 1.04665E-09 6.74055E-06 1.70220E-10
 1.26816E-10 2.76208E-10 7.34370E-06 5.14502E-15 3.40031E-07 4.30935E-07 7.65883E-09 1.83905E-12
 5.80415E-13 4.45771E-08 1.13712E-08 5.62036E-09 2.19068E-11 4.91359E-09 2.55744E-11 9.26706E-13
 5.20610E-12 1.63837E-14 1.87816E-11 1.36051E-10 7.18285E-13 1.33439E-10 1.47854E-10 4.48143E-11
 2.09944E-01 4.40491E-29 1.11007E-29 1.87784E-19 6.18867E-16 1.35314E-14 2.36111E-27 4.31492E-04
 3.36792E-11 1.55923E-09 6.82856E-06 2.27775E-10 1.40028E-10 2.32218E-10 6.75494E-06 1.18078E-14
 3.31332E-07 3.89456E-07 7.53844E-09 1.48462E-12 6.16352E-13 3.81371E-08 1.30863E-08 4.89334E-09
 2.45816E-11 3.77978E-09 1.53208E-11 8.03388E-13 2.60868E-12 1.34782E-14 1.42797E-11 1.32862E-10
 1.02446E-12 1.46317E-10 1.60257E-10 2.68473E-11 2.09939E-01 6.60266E-29 2.10153E-29 3.02626E-19
 7.44828E-16 1.37509E-14 2.84743E-27 4.31485E-04 3.17649E-11 2.36194E-09 6.90630E-06 2.97725E-10
 1.57020E-10 2.03753E-10 6.18317E-06 2.70250E-14 3.25109E-07 3.51739E-07 7.44594E-09 1.27425E-12
 6.62636E-13 3.26392E-08 1.46660E-08 4.06216E-09 2.62270E-11 2.76687E-09 9.11823E-12 6.74046E-13
 1.21914E-12 1.03027E-14 1.07798E-11 1.26488E-10 1.40797E-12 1.55097E-10 1.72894E-10 1.48539E-11
 2.09934E-01 1.04133E-28 3.98496E-29 4.80297E-19 9.01204E-16 1.40901E-14 3.42619E-27 4.31471E-04
 3.02645E-11 3.63372E-09 6.97319E-06 3.78534E-10 1.79257E-10 1.89425E-10 5.64891E-06 6.12695E-14
 3.21827E-07 3.17816E-07 7.40165E-09 1.17353E-12 7.20733E-13 2.79595E-08 1.60100E-08 3.21306E-09
 2.65009E-11 1.91523E-09 5.40729E-12 5.44009E-13 5.28591E-13 7.33026E-15 8.10470E-12 1.17590E-10
 1.87699E-12 1.59151E-10 1.87125E-10 7.60908E-12 2.09929E-01 1.73867E-28 7.60208E-29 7.55221E-19
 1.10068E-15 1.46181E-14 4.17860E-27 4.31452E-04 2.91145E-11 5.62410E-09 7.02889E-06 4.66489E-10
 2.07347E-10 1.86288E-10 5.15920E-06 1.35687E-13 3.21970E-07 2.87605E-07 7.42525E-09 1.15327E-12
 7.90532E-13 2.39752E-08 1.70328E-08 2.42893E-09 2.52857E-11 1.25160E-09 3.19061E-12 4.20848E-13
 2.12640E-13 4.87716E-15 6.08778E-12 1.06406E-10 2.44813E-12 1.58387E-10 2.04429E-10 3.63586E-12
 2.09923E-01 3.02961E-28 1.44889E-28 1.17961E-18 1.35790E-15 1.54167E-14 5.22299E-27 4.31427E-04
 2.82039E-11 8.63466E-09 7.07275E-06 5.57302E-10 2.40459E-10 1.90370E-10 4.70704E-06 2.89284E-13
 3.25978E-07 2.61224E-07 7.53248E-09 1.18784E-12 8.70990E-13 2.06121E-08 1.76986E-08 1.76957E-09
 2.28381E-11 7.77440E-10 1.86536E-12 3.12786E-13 8.02439E-14 3.05381E-15 4.59683E-12 9.31071E-11
 3.15124E-12 1.53119E-10 2.25716E-10 1.64158E-12 2.09918E-01 5.32752E-28 2.70749E-28 1.82371E-18
 1.68250E-15 1.61951E-14 6.69685E-27 4.31396E-04 2.73830E-11 1.29593E-08 7.10462E-06 6.46927E-10
 2.76299E-10 1.97237E-10 4.27443E-06 5.86424E-13 3.34127E-07 2.38648E-07 7.73694E-09 1.25329E-12
 9.58082E-13 1.77997E-08 1.80348E-08 1.25754E-09 1.96540E-11 4.64281E-10 1.07748E-12 2.24343E-13
 2.88840E-14 1.80541E-15 3.51289E-12 7.82089E-11 4.01895E-12 1.43713E-10 2.51105E-10 7.10496E-13
 2.09912E-01 9.11078E-28 4.85638E-28 2.77388E-18 2.07580E-15 1.58470E-14 8.76503E-27 4.31361E-04
 2.64945E-11 1.88231E-08 7.12519E-06 7.31695E-10 3.12140E-10 2.03266E-10 3.85008E-06 1.12220E-12
 3.46679E-07 2.19391E-07 8.04980E-09 1.32852E-12 1.04448E-12 1.54322E-08 1.81026E-08 8.82920E-10
 1.62339E-11 2.69496E-10 6.15905E-13 1.56078E-13 1.00803E-14 1.00804E-15 2.72284E-12 6.28324E-11
 5.05840E-12 1.30692E-10 2.79604E-10 2.98564E-13 2.09906E-01 1.47884E-27 8.25416E-28 4.14312E-18
 2.53896E-15 1.53750E-14 1.16750E-26 4.31320E-04 2.54494E-11 2.63546E-08 7.13516E-06 8.08681E-10
 3.45766E-10 2.06243E-10 3.43389E-06 2.02529E-12 3.63926E-07 2.02956E-07 8.48617E-09 1.39866E-12
 1.12275E-12 1.34202E-08 1.79702E-08 6.19051E-10 1.29594E-11 1.53480E-10 3.50066E-13 1.05993E-13
 3.46320E-15 5.31083E-16 2.14239E-12 4.82963E-11 6.23008E-12 1.14926E-10 3.09431E-10 1.23030E-13
 2.09900E-01 2.24850E-27 1.31965E-27 6.06663E-18 3.06681E-15 1.48356E-14 1.57496E-26 4.31274E-04
 2.42604E-11 3.56310E-08 7.13509E-06 8.76570E-10 3.76025E-10 2.05457E-10 3.03479E-06 3.46546E-12
 3.85868E-07 1.89098E-07 9.06008E-09 1.45702E-12 1.18934E-12 1.17177E-08 1.77023E-08 4.36905E-10
 1.00695E-11 8.67024E-11 1.99062E-13 7.08657E-14 1.19035E-15 2.64689E-16 1.71751E-12 3.56779E-11
 7.45870E-12 9.77760E-11 3.38410E-10 5.01656E-14 2.09894E-01 3.18127E-27 1.97666E-27 8.68172E-18
 3.64104E-15 1.42490E-14 2.13543E-26 4.31223E-04 2.29658E-11 4.67626E-08 7.12566E-06 9.36003E-10
 4.02864E-10 2.01553E-10 2.66370E-06 5.67526E-12 4.12607E-07 1.77412E-07 9.78912E-09 1.50207E-12
 1.24395E-12 1.02676E-08 1.73415E-08 3.11853E-10 7.66535E-12 4.90141E-11 1.13771E-13 4.70272E-14
 4.13834E-16 1.25834E-16 1.40402E-12 2.55312E-11 8.66983E-12 8.08167E-11 3.64592E-10 2.03898E-14
 2.09888E-01 4.19859E-27 2.78216E-27 1.21435E-17 4.24465E-15 1.36321E-14 2.89657E-26 4.31169E-04
 2.16230E-11 6.00132E-08 7.10747E-06 9.89617E-10 4.27181E-10 1.96285E-10 2.33014E-06 9.00249E-12
 4.44302E-07 1.67513E-07 1.07057E-08 1.53469E-12 1.28996E-12 9.02040E-09 1.69145E-08 2.25689E-10
 5.75317E-12 2.80893E-11 6.55980E-14 3.12247E-14 1.47064E-16 5.80484E-17 1.17015E-12 1.79176E-11
 9.84413E-12 6.54830E-11 3.86557E-10 8.34001E-15 2.09881E-01 5.20442E-27 3.70329E-27 1.66244E-17
 4.86256E-15 1.29997E-14 3.92012E-26 4.31111E-04 2.02408E-11 7.54281E-08 7.08134E-06 1.03806E-09
 4.49263E-10 1.89815E-10 2.02685E-06 1.38854E-11 4.80717E-07 1.59142E-07 1.18939E-08 1.55407E-12
 1.32626E-12 7.94847E-09 1.64446E-08 1.65775E-10 4.27023E-12 1.63599E-11 3.82122E-14 2.07635E-14
 5.34743E-17 2.59368E-17 9.95056E-13 1.23523E-11 1.09150E-11 5.20040E-11 4.04658E-10 3.43156E-15
 2.09874E-01 6.12613E-27 4.71195E-27 2.23188E-17 5.47956E-15 1.23669E-14 5.27750E-26 4.31049E-04
 1.88207E-11 9.30004E-08 7.04802E-06 1.08270E-09 4.69815E-10 1.82237E-10 1.75026E-06 2.09105E-11
 5.21647E-07 1.52022E-07 1.34696E-08 1.56059E-12 1.35175E-12 7.02413E-09 1.59460E-08 1.23700E-10
 3.14304E-12 9.63329E-12 2.25158E-14 1.38401E-14 1.98449E-17 1.11797E-17 8.62797E-13 8.36741E-12
 1.18073E-11 4.04325E-11 4.19406E-10 1.41662E-15 2.09866E-01 6.93331E-27 5.79639E-27 2.94583E-17
 6.08587E-15 1.17433E-14 7.05749E-26 4.30983E-04 1.73909E-11 1.12913E-07 7.00847E-06 1.12707E-09
 4.90396E-10 1.74518E-10 1.50207E-06 3.09740E-11 5.66596E-07 1.45951E-07 1.55414E-08 1.55580E-12
 1.36852E-12 6.22851E-09 1.54306E-08 9.39038E-11 2.30385E-12 5.74121E-12 1.34617E-14 9.28303E-15
 7.53945E-18 4.68422E-18 7.62605E-13 5.60608E-12 1.25214E-11 3.09154E-11 4.31021E-10 5.89052E-16
 2.09859E-01 7.62396E-27 6.95347E-27 3.82686E-17 6.66927E-15 1.11409E-14 9.37213E-26 4.30915E-04
 1.59833E-11 1.35488E-07 6.96393E-06 1.17581E-09 5.13022E-10 1.68031E-10 1.28298E-06 4.54735E-11
 6.14709E-07 1.40779E-07 1.82018E-08 1.53965E-12 1.37938E-12 5.54842E-09 1.49106E-08 7.26519E-11
 1.68985E-12 3.49969E-12 8.20542E-15 6.29486E-15 2.95669E-18 1.93543E-18 6.86970E-13 3.75456E-12
 1.31246E-11 2.34258E-11 4.39787E-10 2.48874E-16 2.09851E-01 8.22462E-27 8.19450E-27 4.89558E-17
 7.21654E-15 1.05728E-14 1.23706E-25 4.30845E-04 1.46047E-11 1.60877E-07 6.91530E-06 1.23314E-09
 5.39631E-10 1.63139E-10 1.09004E-06 6.64584E-11 6.65493E-07 1.36323E-07 2.15791E-08 1.51277E-12
 1.38398E-12 4.96579E-09 1.43924E-08 5.73936E-11 1.24453E-12 2.18632E-12 5.11778E-15 4.32627E-15
 1.20075E-18 7.90638E-19 6.29488E-13 2.52425E-12 1.36317E-11 1.76226E-11 4.46324E-10 1.07115E-16
 2.09844E-01 8.80172E-27 9.56963E-27 6.17707E-17 7.72385E-15 1.00428E-14 1.62686E-25 4.30772E-04
 1.32625E-11 1.89189E-07 6.86285E-06 1.30379E-09 5.72430E-10 1.59867E-10 9.20742E-07 9.70529E-11
 7.18999E-07 1.32388E-07 2.58486E-08 1.47738E-12 1.38132E-12 4.46053E-09 1.38770E-08 4.63797E-11
 9.22898E-13 1.39158E-12 3.27586E-15 3.01982E-15 5.04717E-19 3.18950E-19 5.85029E-13 1.70664E-12
 1.40366E-11 1.31599E-11 4.51197E-10 4.69645E-17 2.09836E-01 9.44155E-27 1.11646E-26 7.70159E-17
 8.19442E-15 9.54702E-15 2.13847E-25 4.30698E-04 1.19747E-11 2.20582E-07 6.80665E-06 1.39323E-09
 6.13928E-10 1.58493E-10 7.73229E-07 1.42126E-10 7.75403E-07 1.28825E-07 3.12038E-08 1.43542E-12
 1.37111E-12 4.01677E-09 1.33646E-08 3.84031E-11 6.90813E-13 8.98713E-13 2.15805E-15 2.14579E-15
 2.19619E-19 1.27330E-19 5.50012E-13 1.16387E-12 1.43557E-11 9.76916E-12 4.54800E-10 2.10130E-17
 2.09828E-01 1.02334E-26 1.30924E-26 9.49996E-17 8.63148E-15 9.08197E-15 2.81718E-25 4.30620E-04
 1.07702E-11 2.55283E-07 6.74736E-06 1.50693E-09 6.66651E-10 1.59325E-10 6.45831E-07 2.09239E-10
 8.34225E-07 1.25556E-07 3.77758E-08 1.38877E-12 1.35344E-12 3.62697E-09 1.28615E-08 3.26205E-11
 5.22984E-13 5.89788E-13 1.46711E-15 1.55532E-15 9.92443E-20 5.04868E-20 5.22285E-13 8.02968E-13
 1.46159E-11 7.22309E-12 4.57427E-10 9.62378E-18 2.09820E-01 1.12574E-26 1.54830E-26 1.15957E-16
 9.03258E-15 8.64988E-15 3.72305E-25 4.30538E-04 9.68334E-12 2.93609E-07 6.68574E-06 1.64978E-09
 7.32873E-10 1.62556E-10 5.36821E-07 3.10018E-10 8.94860E-07 1.22527E-07 4.56527E-08 1.33901E-12
 1.32857E-12 3.28518E-09 1.23744E-08 2.84145E-11 4.00693E-13 3.94598E-13 1.02979E-15 1.15054E-15
 4.66692E-20 1.99350E-20 5.00264E-13 5.61011E-13 1.48380E-11 5.32658E-12 4.59319E-10 4.51759E-18
 2.09811E-01 1.25852E-26 1.84868E-26 1.40076E-16 9.39536E-15 8.25296E-15 4.93393E-25 4.30455E-04
 8.77363E-12 3.35876E-07 6.62147E-06 1.82654E-09 8.14857E-10 1.68367E-10 4.44193E-07 4.62199E-10
 9.57702E-07 1.19652E-07 5.50303E-08 1.28669E-12 1.29644E-12 2.98124E-09 1.19016E-08 2.53275E-11
 3.10375E-13 2.68945E-13 7.44149E-16 8.67272E-16 2.27461E-20 7.83983E-21 4.82445E-13 3.96379E-13
 1.50279E-11 3.91874E-12 4.60672E-10 2.16700E-18 2.09803E-01 1.43074E-26 2.23077E-26 1.67599E-16
 9.72409E-15 7.88659E-15 6.55382E-25 4.30367E-04 8.22681E-12 3.82239E-07 6.55440E-06 2.04396E-09
 9.15808E-10 1.77198E-10 3.65792E-07 6.93119E-10 1.02299E-06 1.16870E-07 6.60993E-08 1.23192E-12
 1.25675E-12 2.70817E-09 1.14435E-08 2.30622E-11 2.42945E-13 1.86926E-13 5.52536E-16 6.65168E-16
 1.14614E-20 3.07027E-21 4.67816E-13 2.82984E-13 1.51878E-11 2.87614E-12 4.61634E-10 1.05988E-18
 2.09794E-01 1.65679E-26 2.72464E-26 1.98674E-16 1.00214E-14 7.54795E-15 8.72166E-25 4.30276E-04
 8.53823E-12 4.32057E-07 6.48505E-06 2.31489E-09 1.04188E-09 1.90160E-10 2.99198E-07 1.04537E-09
 1.09023E-06 1.14161E-07 7.89319E-08 1.17467E-12 1.20869E-12 2.46316E-09 1.10056E-08 2.14861E-11
 1.92539E-13 1.33308E-13 4.22916E-16 5.19454E-16 5.99355E-21 1.19655E-21 4.55775E-13 2.04562E-13
 1.53131E-11 2.10495E-12 4.62322E-10 5.29592E-19 2.09785E-01 1.96707E-26 3.38516E-26 2.33148E-16
 1.02864E-14 7.23805E-15 1.16343E-24 4.30181E-04 1.07488E-11 4.82899E-07 6.41357E-06 2.66572E-09
 1.20574E-09 2.09749E-10 2.41897E-07 1.58659E-09 1.15931E-06 1.11496E-07 9.36513E-08 1.11426E-12
 1.15113E-12 2.24243E-09 1.05909E-08 2.06194E-11 1.55266E-13 9.84075E-14 3.36998E-16 4.14721E-16
 3.28141E-21 4.62718E-22 4.45788E-13 1.50509E-13 1.53846E-11 1.53396E-12 4.62836E-10 2.71721E-19
 2.09775E-01 2.43307E-26 4.32832E-26 2.70371E-16 1.05211E-14 6.95563E-15 1.56044E-24 4.30082E-04
 1.66194E-11 5.30777E-07 6.33998E-06 3.14133E-09 1.42881E-09 2.40022E-10 1.92166E-07 2.42650E-09
 1.23015E-06 1.08849E-07 1.10407E-07 1.05028E-12 1.08463E-12 2.04270E-09 1.02032E-08 2.05673E-11
 1.28279E-13 7.60974E-14 2.83491E-16 3.40371E-16 1.90763E-21 1.76949E-22 4.37435E-13 1.13461E-13
 1.53797E-11 1.11121E-12 4.63259E-10 1.44222E-19 2.09766E-01 3.19884E-26 5.77833E-26 3.08865E-16
 1.07284E-14 6.69914E-15 2.11155E-24 4.29979E-04 2.84836E-11 5.72860E-07 6.26457E-06 3.79859E-09
 1.73745E-09 2.85467E-10 1.49687E-07 3.74306E-09 1.30240E-06 1.06208E-07 1.29311E-07 9.85077E-13
 1.01314E-12 1.86214E-09 9.85067E-09 2.13622E-11 1.08997E-13 6.19639E-14 2.53094E-16 2.87254E-16
 1.18697E-21 6.68074E-23 4.30419E-13 8.77657E-14 1.52872E-11 7.99470E-13 4.63645E-10 7.94139E-20
 2.09756E-01 4.50572E-26 8.10440E-26 3.46453E-16 1.09112E-14 6.46802E-15 2.87947E-24 4.29871E-04
 4.88043E-11 6.10050E-07 6.18629E-06 4.69615E-09 2.15707E-09 3.49997E-10 1.14787E-07 5.82445E-09
 1.37695E-06 1.03521E-07 1.50808E-07 9.22432E-13 9.41689E-13 1.69647E-09 9.53593E-09 2.28417E-11
 9.49624E-14 5.23425E-14 2.36262E-16 2.47008E-16 7.74699E-22 2.49230E-23 4.24400E-13 6.91048E-14
 1.51209E-11 5.71655E-13 4.64011E-10 4.48296E-20 2.09746E-01 6.71285E-26 1.18596E-25 3.81066E-16
 1.10755E-14 6.25798E-15 3.93166E-24 4.29759E-04 7.96015E-11 6.46816E-07 6.10350E-06 5.88860E-09
 2.70766E-09 4.35585E-10 8.73529E-08 9.13974E-09 1.45511E-06 1.00731E-07 1.75499E-07 8.60596E-13
 8.72873E-13 1.54146E-09 9.25599E-09 2.46368E-11 8.41745E-14 4.52432E-14 2.23822E-16 2.13222E-16
 5.12621E-22 9.24846E-24 4.19112E-13 5.47050E-14 1.49368E-11 4.07735E-13 4.64324E-10 2.54316E-20
 2.09735E-01 1.02581E-25 1.78286E-25 4.11332E-16 1.12272E-14 6.06449E-15 5.32711E-24 4.29638E-04
 1.21982E-10 6.89344E-07 6.01539E-06 7.43271E-09 3.40442E-09 5.37272E-10 6.65386E-08 1.44741E-08
 1.53729E-06 9.78178E-08 2.03740E-07 7.95731E-13 8.05579E-13 1.39553E-09 9.00954E-09 2.62649E-11
 7.53436E-14 3.94908E-14 2.07318E-16 1.82244E-16 3.31925E-22 3.44767E-24 4.14429E-13 4.29331E-14
 1.47993E-11 2.91511E-13 4.64536E-10 1.41913E-20 2.09724E-01 1.54408E-25 2.71128E-25 4.36617E-16
 1.13683E-14 5.88619E-15 7.11010E-24 4.29509E-04 1.76547E-10 7.46384E-07 5.92102E-06 9.41923E-09
 4.26839E-09 6.38331E-10 5.12306E-08 2.32972E-08 1.62365E-06 9.47813E-08 2.35855E-07 7.24613E-13
 7.34918E-13 1.25782E-09 8.79540E-09 2.72065E-11 6.77713E-14 3.41273E-14 1.79813E-16 1.52812E-16
 2.02275E-22 1.30097E-24 4.10269E-13 3.27454E-14 1.47502E-11 2.09738E-13 4.64621E-10 7.57319E-21
 2.09712E-01 2.19026E-25 4.13254E-25 4.57040E-16 1.14994E-14 5.72218E-15 9.33330E-24 4.29371E-04
 2.45084E-10 8.51121E-07 5.81892E-06 1.18251E-08 5.25389E-09 7.03252E-10 4.12422E-08 3.89137E-08
 1.71404E-06 9.16309E-08 2.72178E-07 6.45557E-13 6.50286E-13 1.12796E-09 8.61230E-09 2.61702E-11
 5.99831E-14 2.84792E-14 1.35704E-16 1.23324E-16 1.09475E-22 4.94476E-25 4.06570E-13 2.31476E-14
 1.47938E-11 1.51614E-13 4.64586E-10 3.64685E-21 2.09699E-01 2.72785E-25 6.11193E-25 4.79483E-16
 1.16145E-14 5.57156E-15 1.20580E-23 4.29224E-04 3.33272E-10 1.14330E-06 5.70714E-06 1.34455E-08
 5.81345E-09 6.83252E-10 3.84197E-08 6.86340E-08 1.80760E-06 8.83871E-08 3.13020E-07 5.62168E-13
 5.34127E-13 1.00649E-09 8.45855E-09 2.01092E-11 4.75872E-14 2.27123E-14 7.79235E-17 8.91771E-17
 4.89783E-23 1.79376E-25 4.03285E-13 1.35767E-14 1.48644E-11 1.07077E-13 4.64506E-10 1.41573E-21
 2.09686E-01 2.59435E-25 7.63277E-25 5.40946E-16 1.16775E-14 5.43337E-15 1.50586E-23 4.29065E-04
 4.43245E-10 1.99456E-06 5.58625E-06 1.16497E-08 4.91824E-09 5.98278E-10 4.51500E-08 1.18026E-07
 1.90269E-06 8.50800E-08 3.58461E-07 4.88926E-13 3.98281E-13 8.95429E-10 8.32528E-09 1.03303E-11
 2.93540E-14 1.85510E-14 3.30471E-17 5.07092E-17 1.99988E-23 5.83703E-26 4.00363E-13 5.89891E-15
 1.48464E-11 7.10283E-14 4.64501E-10 4.20762E-22 2.09672E-01 1.68111E-25 6.58132E-25 7.19124E-16
 1.16116E-14 5.30666E-15 1.69213E-23 4.28896E-04 5.54843E-10 3.76461E-06 5.46120E-06 8.13959E-09
 3.35357E-09 5.57201E-10 5.77619E-08 1.75181E-07 1.99898E-06 8.17484E-08 4.08148E-07 4.34533E-13
 3.08011E-13 7.96767E-10 8.19888E-09 4.23333E-12 1.50487E-14 1.65583E-14 1.48755E-17 2.30854E-17
 1.02745E-23 1.88111E-26 3.97747E-13 2.07743E-15 1.47525E-11 4.68636E-14 4.64551E-10 1.13684E-22
 2.09657E-01 9.24248E-26 4.35921E-25 1.02798E-15 1.14037E-14 5.19052E-15 1.64744E-23 4.28715E-04
 6.50765E-10 6.43127E-06 5.32979E-06 5.58953E-09 2.22818E-09 5.83567E-10 6.88943E-08 2.30256E-07
 2.10138E-06 7.83050E-08 4.63822E-07 3.89735E-13 2.71033E-13 7.06545E-10 8.07314E-09 1.82267E-12
 7.53960E-15 1.54195E-14 9.43873E-18 1.00449E-17 6.72566E-24 6.46045E-27 3.95301E-13 6.97661E-16
 1.46618E-11 3.21561E-14 4.64578E-10 3.29908E-23 2.09639E-01 5.89101E-26 2.84386E-25 1.40750E-15
 1.11184E-14 5.07972E-15 1.49789E-23 4.28514E-04 7.28959E-10 9.81014E-06 5.18610E-06 4.01841E-09
 1.54531E-09 6.51279E-10 7.49776E-08 2.83381E-07 2.21534E-06 7.46358E-08 5.28430E-07 3.46633E-13
 2.59316E-13 6.20039E-10 7.94497E-09 8.87911E-13 3.91149E-15 1.42913E-14 7.63270E-18 4.60626E-18
 4.75262E-24 2.34750E-27 3.92909E-13 2.46357E-16 1.46281E-11 2.27691E-14 4.64530E-10 1.10398E-23
 2.09619E-01 4.96289E-26 1.98927E-25 1.82529E-15 1.07922E-14 4.96899E-15 1.34691E-23 4.28281E-04
 7.91536E-10 1.36621E-05 5.02851E-06 3.02948E-09 1.12812E-09 7.36460E-10 7.54915E-08 3.36146E-07
 2.34165E-06 7.07610E-08 6.03225E-07 3.03327E-13 2.53082E-13 5.36483E-10 7.81363E-09 4.87465E-13
 2.11822E-15 1.29079E-14 6.60223E-18 2.28201E-18 3.32132E-24 8.91847E-28 3.90559E-13 9.63809E-17
 1.46917E-11 1.64907E-14 4.64364E-10 4.32600E-24 2.09595E-01 5.22310E-26 1.50532E-25 2.26891E-15
 1.04377E-14 4.85765E-15 1.22219E-23 4.28010E-04 8.40937E-10 1.78053E-05 4.85635E-06 2.37682E-09
 8.62858E-10 8.21767E-10 7.16116E-08 3.91639E-07 2.47937E-06 6.67301E-08 6.89157E-07 2.60137E-13
 2.42565E-13 4.55997E-10 7.67686E-09 2.94827E-13 1.19116E-15 1.12620E-14 5.62735E-18 1.21494E-18
 2.22710E-24 3.50352E-28 3.88254E-13 4.20327E-17 1.48804E-11 1.21413E-14 4.64054E-10 1.92490E-24
 2.09568E-01 6.09661E-26 1.22284E-25 2.73237E-15 1.00604E-14 4.74570E-15 1.12579E-23 4.27694E-04
 8.77526E-10 2.21861E-05 4.66883E-06 1.93236E-09 6.88686E-10 8.92372E-10 6.50141E-08 4.55784E-07
 2.62608E-06 6.25985E-08 7.87185E-07 2.18025E-13 2.24424E-13 3.79038E-10 7.53081E-09 1.92002E-13
 6.92796E-16 9.45622E-15 4.60693E-18 6.86293E-19 1.41923E-24 1.40941E-28 3.85991E-13 2.01274E-17
 1.52206E-11 9.04250E-15 4.63568E-10 9.30985E-25 2.09536E-01 7.25443E-26 1.06021E-25 3.20960E-15
 9.66572E-15 4.63317E-15 1.05558E-23 4.27326E-04 8.98136E-10 2.70175E-05 4.46480E-06 1.62356E-09
 5.70990E-10 9.32342E-10 5.74223E-08 5.38971E-07 2.77735E-06 5.84248E-08 8.98270E-07 1.78017E-13
 1.98897E-13 3.06415E-10 7.37012E-09 1.31347E-13 4.15494E-16 7.62161E-15 3.59396E-18 4.04222E-19
 8.57209E-25 5.76327E-29 3.83767E-13 1.03310E-17 1.57578E-11 6.78802E-15 4.62859E-10 4.67193E-25
 2.09499E-01 8.33550E-26 9.74186E-26 3.69520E-15 9.25838E-15 4.52005E-15 1.00774E-23 4.26899E-04
 8.94709E-10 3.30827E-05 4.24272E-06 1.39579E-09 4.84766E-10 9.24430E-10 5.05293E-08 6.56560E-07
 2.92639E-06 5.42671E-08 1.02328E-06 1.40998E-13 1.68039E-13 2.39350E-10 7.18805E-09 9.09819E-14
 2.54316E-16 5.87105E-15 2.65362E-18 2.41128E-19 4.90258E-25 2.39219E-29 3.81575E-13 5.46683E-18
 1.65873E-11 5.13419E-15 4.61827E-10 2.29339E-25 2.09455E-01 8.84960E-26 9.24639E-26 4.18932E-15
 8.83732E-15 4.40635E-15 9.70164E-24 4.26403E-04 8.54883E-10 4.22465E-05 4.00154E-06 1.19700E-09
 4.07668E-10 8.56341E-10 4.58674E-08 8.26043E-07 3.06456E-06 5.01801E-08 1.16270E-06 1.07781E-13
 1.34856E-13 1.79498E-10 6.97718E-09 6.04810E-14 1.54799E-16 4.29012E-15 1.83169E-18 1.39229E-19
 2.64810E-25 1.01837E-29 3.79399E-13 2.80614E-18 1.78910E-11 3.93516E-15 4.60284E-10 1.01431E-25
 2.09402E-01 8.34683E-26 8.51994E-26 4.70132E-15 8.39222E-15 4.29203E-15 9.15792E-24 4.25828E-04
 7.68590E-10 5.80819E-05 3.74247E-06 9.90688E-10 3.25161E-10 7.31689E-10 4.44711E-08 1.06016E-06
 3.18340E-06 4.62125E-08 1.31620E-06 7.91989E-14 1.02850E-13 1.28640E-10 6.73178E-09 3.67952E-14
 9.05519E-17 2.94909E-15 1.16300E-18 7.45534E-20 1.34312E-25 4.54822E-30 3.77220E-13 1.30963E-18
 1.99507E-11 3.09230E-15 4.57942E-10 3.66055E-26 2.09338E-01 6.79380E-26 7.01758E-26 5.24439E-15
 7.90892E-15 4.17707E-15 8.15039E-24 4.25161E-04 6.40297E-10 8.63725E-05 3.47039E-06 7.79239E-10
 2.39878E-10 5.74012E-10 4.65781E-08 1.35959E-06 3.27749E-06 4.24052E-08 1.48236E-06 5.59289E-14
 7.52705E-14 8.80113E-11 6.45099E-09 2.06174E-14 5.00146E-17 1.89873E-15 6.70518E-19 3.70946E-20
 6.35110E-26 2.17873E-30 3.75005E-13 5.40864E-19 2.30868E-11 2.51768E-15 4.54472E-10 9.90038E-27
 2.09257E-01 4.71414E-26 4.92323E-26 5.82223E-15 7.38291E-15 4.06140E-15 6.67728E-24 4.24390E-04
 4.94192E-10 1.35268E-04 3.19311E-06 5.90046E-10 1.65002E-10 4.15560E-10 5.16732E-08 1.71126E-06
 3.34621E-06 3.87903E-08 1.65891E-06 3.81220E-14 5.40134E-14 5.76753E-11 6.14024E-09 1.14500E-14
 2.63632E-17 1.14769E-15 3.49330E-19 1.82764E-20 2.78497E-26 1.12212E-30 3.72718E-13 2.02966E-19
 2.75216E-11 2.12403E-15 4.49644E-10 1.93564E-27 2.09154E-01 2.79805E-26 2.98865E-26 6.42364E-15
 6.82476E-15 3.94491E-15 5.06949E-24 4.23501E-04 3.60599E-10 2.15071E-04 2.91914E-06 4.40478E-10
 1.08631E-10 2.81022E-10 5.88062E-08 2.09355E-06 3.39302E-06 3.53908E-08 1.84338E-06 2.52709E-14
 3.91215E-14 3.64569E-11 5.80951E-09 6.85281E-15 1.35802E-17 6.56815E-16 1.64981E-19 9.63618E-21
 1.13041E-26 6.08927E-31 3.70318E-13 7.29145E-20 3.32734E-11 1.83683E-15 4.43427E-10 3.08064E-28
 2.09021E-01 1.43838E-26 1.65218E-26 7.02992E-15 6.25252E-15 3.82736E-15 3.65458E-24 4.22474E-04
 2.57058E-10 3.37793E-04 2.65552E-06 3.29722E-10 7.01657E-11 1.80262E-10 6.69053E-08 2.48390E-06
 3.42327E-06 3.22211E-08 2.03363E-06 1.64317E-14 2.93390E-14 2.24399E-11 5.47005E-09 4.55561E-15
 6.96766E-18 3.60167E-16 7.12600E-20 5.59906E-21 4.14610E-27 3.38477E-31 3.67768E-13 2.61915E-20
 4.01660E-11 1.60557E-15 4.35985E-10 2.51357E-28 2.08850E-01 6.50781E-27 8.73041E-27 7.62263E-15
 5.68377E-15 3.70840E-15 2.56147E-24 4.21289E-04 1.84465E-10 5.16584E-04 2.40695E-06 2.49164E-10
 4.52003E-11 1.11360E-10 7.49594E-08 2.86405E-06 3.44220E-06 2.92872E-08 2.22807E-06 1.05607E-14
 2.30695E-14 1.35942E-11 5.13185E-09 3.29109E-15 3.59388E-18 1.91641E-16 2.84916E-20 3.51252E-21
-7.63131E-28 1.88375E-31 3.65030E-13 9.63063E-21 4.79199E-11 1.40303E-15 4.27583E-10 1.34787E-27
 2.08630E-01 2.63550E-27 4.55467E-27 8.18648E-15 5.13261E-15 3.58754E-15 1.77391E-24 4.19918E-04
 1.35540E-10 7.65092E-04 2.17593E-06 1.90131E-10 2.93114E-11 6.71142E-11 8.21032E-08 3.22173E-06
 3.45387E-06 2.65889E-08 2.42566E-06 6.74801E-15 1.90026E-14 8.19491E-12 4.80258E-09 2.49713E-15
 1.86770E-18 1.00058E-16 1.06888E-20 2.30317E-21-3.55149E-26 1.03518E-31 3.62066E-13 3.65778E-21
 5.62427E-11 1.21766E-15 4.18493E-10 5.83294E-27 2.08351E-01 9.71235E-28 2.38985E-27 8.70983E-15
 4.60913E-15 3.46416E-15 1.22547E-24 4.18328E-04 1.02519E-10 1.09680E-03 1.96342E-06 1.46154E-10
 1.92244E-11 3.98445E-11 8.76647E-08 3.55005E-06 3.46106E-06 2.41204E-08 2.62572E-06 4.30339E-15
 1.62717E-14 4.96771E-12 4.48757E-09 1.94262E-15 9.76859E-19 5.17048E-17 3.81514E-21 1.54303E-21
-4.47563E-25 5.57741E-32 3.58833E-13 1.43765E-21 6.48756E-11 1.04608E-15 4.08953E-10 1.36831E-26
 2.08002E-01 3.30900E-28 1.27356E-27 9.18462E-15 4.11949E-15 3.33757E-15 8.48958E-25 4.16481E-04
 7.97800E-11 1.52446E-03 1.76938E-06 1.12843E-10 1.27783E-11 2.34555E-11 9.11988E-08 3.84600E-06
 3.46550E-06 2.18733E-08 2.82777E-06 2.74524E-15 1.43645E-14 3.05684E-12 4.19043E-09 1.52966E-15
 5.13146E-19 2.65989E-17 1.31340E-21 1.04386E-21-3.87479E-24 2.93695E-32 3.55286E-13 5.83942E-22
 7.36044E-11 8.88268E-16 3.99153E-10 2.00829E-27 2.07572E-01 1.05809E-28 6.92473E-28 9.60569E-15
 3.66661E-15 3.20708E-15 5.91375E-25 4.14331E-04 6.37358E-11 2.05968E-03 1.59326E-06 8.72765E-11
 8.61224E-12 1.37482E-11 9.24952E-08 4.10908E-06 3.46816E-06 1.98370E-08 3.03145E-06 1.75399E-15
 1.29874E-14 1.92440E-12 3.91352E-09 1.21198E-15 2.70218E-19 1.36714E-17 4.42454E-22 7.09372E-22
-1.77022E-23 1.50969E-32 3.51376E-13 2.44436E-22 8.22517E-11 7.45118E-16 3.89241E-10 1.55555E-28
 2.07048E-01 3.22105E-29 3.84819E-28 9.96988E-15 3.25116E-15 3.07200E-15 4.14724E-25 4.11827E-04
 5.21563E-11 2.71242E-03 1.43421E-06 6.74858E-11 5.88404E-12 8.04428E-12 9.15587E-08 4.34023E-06
 3.46956E-06 1.80004E-08 3.23643E-06 1.12318E-15 1.19674E-14 1.24690E-12 3.65839E-09 9.63960E-16
 1.42460E-19 7.03523E-18 1.47946E-22 4.83365E-22-4.12679E-24 7.57278E-33 3.47048E-13 1.05108E-22
 9.06647E-11 6.17356E-16 3.79337E-10 8.45243E-30 2.06421E-01 9.46102E-30 2.18591E-28 1.02753E-14
 2.87233E-15 2.93171E-15 2.92912E-25 4.08913E-04 4.36386E-11 3.49060E-03 1.29130E-06 5.20982E-11
 4.07276E-12 4.70639E-12 8.85687E-08 4.54114E-06 3.46991E-06 1.63518E-08 3.44241E-06 7.21183E-16
 1.11947E-14 8.34958E-13 3.42606E-09 7.69152E-16 7.51473E-20 3.62896E-18 2.95893E-23 3.30146E-22
-5.30153E-25 3.70654E-33 3.42246E-13 4.62774E-23 9.87012E-11 5.05192E-16 3.69549E-10 3.78371E-31
 2.05678E-01 2.71493E-30 1.26842E-28 1.05208E-14 2.52823E-15 2.78570E-15 2.08338E-25 4.05526E-04
 3.72806E-11 4.39959E-03 1.16361E-06 4.01210E-11 2.85386E-12 2.75662E-12 8.38336E-08 4.71379E-06
 3.46924E-06 1.48804E-08 3.64901E-06 4.64506E-16 1.05951E-14 5.79243E-13 3.21725E-09 6.15820E-16
 3.96634E-20 1.87789E-18 1.73464E-23 2.26134E-22-4.95013E-26 1.77012E-33 3.36908E-13 2.07986E-23
 1.06220E-10 4.08287E-16 3.59977E-10 2.12710E-32 2.04811E-01 7.69899E-31 7.51144E-29 1.07058E-14
 2.21645E-15 2.63360E-15 1.49181E-25 4.01596E-04 3.24888E-11 5.44214E-03 1.05030E-06 3.08112E-11
 2.02276E-12 1.61829E-12 7.77443E-08 4.86018E-06 3.46744E-06 1.35760E-08 3.85575E-06 3.00306E-16
 1.01157E-14 4.16829E-13 3.03250E-09 4.95092E-16 2.09600E-20 9.75528E-19 6.43095E-24 1.55463E-22
-3.77586E-27 8.24674E-34 3.30963E-13 9.51262E-24 1.13073E-10 3.25847E-16 3.50720E-10 4.05921E-33
 2.03808E-01 2.18001E-31 4.53369E-29 1.08291E-14 1.93462E-15 2.47511E-15 1.07479E-25 3.97041E-04
 2.88635E-11 6.61872E-03 9.50601E-07 2.35972E-11 1.44880E-12 9.53618E-13 7.07294E-08 4.98215E-06
 3.46432E-06 1.24290E-08 4.06195E-06 1.95128E-16 9.71719E-15 3.11355E-13 2.87226E-09 4.00063E-16
 1.11022E-20 5.09141E-19 2.52930E-24 1.07387E-22-2.51250E-28 3.74680E-34 3.24314E-13 4.41537E-24
 1.19103E-10 2.56749E-16 3.41868E-10 1.64013E-33 2.02661E-01 6.22026E-32 2.78424E-29 1.08881E-14
 1.68081E-15 2.30979E-15 7.78402E-26 3.91752E-04 2.61280E-11 7.92868E-03 8.63763E-07 1.80310E-11
 1.04746E-12 5.65567E-13 6.32141E-08 5.08122E-06 3.45958E-06 1.14296E-08 4.26666E-06 1.27797E-16
 9.36887E-15 2.41583E-13 2.73691E-09 3.25282E-16 5.90374E-21 2.67362E-19 9.77682E-25 7.46206E-23
-1.52188E-29 1.65906E-34 3.16802E-13 2.07265E-24 1.24141E-10 1.99660E-16 3.33491E-10 7.34724E-34
 2.01350E-01 1.80264E-32 1.73567E-29 1.08779E-14 1.45363E-15 2.13657E-15 5.65895E-26 3.85564E-04
 2.40842E-11 9.37196E-03 7.88967E-07 1.37580E-11 7.63336E-13 3.39647E-13 5.55842E-08 5.15857E-06
 3.45282E-06 1.05666E-08 4.46841E-06 8.49315E-17 9.04476E-15 1.94921E-13 2.62673E-09 2.66423E-16
 3.15793E-21 1.41800E-19 3.55174E-25 5.22231E-23-8.64172E-31 7.15219E-35 3.08175E-13 9.80313E-25
 1.28001E-10 1.53145E-16 3.25613E-10 3.33592E-34 1.99852E-01 5.34172E-33 1.09481E-29 1.07891E-14
 1.25223E-15 1.95333E-15 4.12095E-26 3.78218E-04 2.25854E-11 1.09507E-02 7.25267E-07 1.04965E-11
 5.59822E-13 2.09864E-13 4.81577E-08 5.21499E-06 3.44357E-06 9.82712E-09 4.66507E-06 5.81319E-17
 8.72138E-15 1.63772E-13 2.54185E-09 2.20053E-16 1.70331E-21 7.68639E-20 1.21821E-25 3.68507E-23
-4.67369E-32 2.99752E-35 2.98064E-13 4.65226E-25 1.30492E-10 1.15767E-16 3.18196E-10 1.52312E-34
 1.98125E-01 1.62992E-33 6.95896E-30 1.06077E-14 1.07650E-15 1.75708E-15 2.99736E-26 3.69347E-04
 2.15245E-11 1.26688E-02 6.71619E-07 8.02451E-12 4.12508E-13 1.38951E-13 4.11740E-08 5.25091E-06
 3.43135E-06 9.19649E-09 4.85388E-06 4.22205E-17 8.37808E-15 1.43488E-13 2.48228E-09 1.83448E-16
 9.30654E-22 4.41995E-20 4.11197E-26 2.62427E-23-2.33807E-33 1.22066E-35 2.86059E-13 2.20645E-25
 1.31436E-10 8.61761E-17 3.11151E-10 6.98160E-35 1.96125E-01 5.24126E-34 4.43737E-30 1.03174E-14
 9.27825E-16 1.54569E-15 2.17009E-26 3.58536E-04 2.08516E-11 1.45299E-02 6.27031E-07 6.18787E-12
 3.04991E-13 1.07041E-13 3.49401E-08 5.26632E-06 3.41562E-06 8.66072E-09 5.03188E-06 3.41398E-17
 8.00021E-15 1.31255E-13 2.44795E-09 1.54466E-16 5.34924E-22 2.96907E-20 1.63847E-26 1.88749E-23
-6.70271E-35 4.99956E-36 2.71875E-13 1.05302E-25 1.30706E-10 6.34099E-17 3.04374E-10 3.25956E-35
 1.93811E-01 2.11953E-34 2.82656E-30 9.90412E-15 8.10352E-16 1.32074E-15 1.55858E-26 3.45472E-04
 2.85150E+02 2.78650E+02 2.72150E+02 2.65660E+02 2.61170E+02 2.55680E+02 2.49190E+02 2.42700E+02
 2.36210E+02 2.25000E+02 2.10000E+02 2.10000E+02 2.10000E+02 2.10000E+02 2.10000E+02 2.10000E+02
 2.10000E+02 2.10000E+02 2.10000E+02 2.10000E+02 2.10000E+02 2.10000E+02 2.10000E+02 2.10000E+02
 2.10000E+02 2.10000E+02 2.10000E+02 2.10000E+02 2.10000E+02 2.10000E+02 2.10000E+02 2.10000E+02
 2.10000E+02 2.10000E+02 2.10000E+02 2.10000E+02 2.10000E+02 2.10000E+02 2.10000E+02 2.10000E+02
 2.10000E+02 2.10000E+02 2.10000E+02 2.10000E+02 2.10000E+02 2.10000E+02 2.10000E+02 2.10000E+02
 2.10000E+02 2.10000E+02 2.10000E+02 2.10000E+02 2.10000E+02 2.10000E+02 2.10000E+02 2.10000E+02
 2.10000E+02 2.10000E+02 2.10000E+02 2.10000E+02 2.10000E+02 2.10000E+02 2.10000E+02 2.10000E+02
 2.10000E+02 2.10000E+02 2.10000E+02 2.10000E+02 2.10000E+02 2.10000E+02 2.10000E+02 2.10000E+02
 2.10000E+02 2.10000E+02 2.10000E+02 2.10000E+02 2.10000E+02 2.10000E+02 2.10000E+02 2.10000E+02
 2.10000E+02 2.10000E+02 2.10000E+02 2.10000E+02 2.10000E+02 2.10000E+02 2.10000E+02 2.10000E+02
 2.10000E+02 2.10000E+02 2.10000E+02 2.10000E+02 2.10000E+02 2.10000E+02 2.10000E+02 2.10000E+02
 2.10000E+02 2.10000E+02 2.10000E+02 2.10000E+02 1.00000E+05 1.00000E+05 1.00000E+05 1.00000E+05
 1.00000E+05 1.00000E+05 1.00000E+05 1.00000E+05 1.00000E+05 8.94400E+04 4.89900E+04 2.25800E+04
 1.16600E+04 6.81200E+03 5.16500E+03 4.29000E+03 3.95000E+03 3.90000E+03 3.99900E+03 4.34300E+03
 4.84400E+03 5.43900E+03 6.18700E+03 7.03600E+03 7.98400E+03 8.98600E+03 1.00300E+04 1.12800E+04
 1.24900E+04 1.36300E+04 1.51300E+04 1.66900E+04 1.81800E+04 1.99800E+04 2.19800E+04 2.44500E+04
 2.74600E+04 3.04600E+04 3.39400E+04 3.79500E+04 4.19500E+04 4.64300E+04 5.19100E+04 5.84000E+04
 6.44500E+04 7.13600E+04 7.99000E+04 8.79100E+04 9.68700E+04 1.06900E+05 1.17800E+05 1.31800E+05
 1.48300E+05 1.65800E+05 1.83300E+05 2.01800E+05 2.25600E+05 2.52200E+05 2.77200E+05 3.07000E+05
 3.42100E+05 3.79500E+05 4.21900E+05 4.71700E+05 5.17400E+05 5.67400E+05 6.22400E+05 6.82600E+05
 7.48700E+05 8.21200E+05 9.00700E+05 9.87900E+05 1.00000E+06 1.00000E+06 1.00000E+06 1.00000E+06
 1.00000E+06 1.00000E+06 1.00000E+06 1.00000E+06 1.00000E+06 1.00000E+06 1.00000E+06 1.00000E+06
 1.00000E+06 1.00000E+06 1.00000E+06 1.00000E+06 1.00000E+06 1.00000E+06 1.00000E+06 1.00000E+06
 1.00000E+06 1.00000E+06 1.00000E+06 1.00000E+06 1.00000E+06 1.00000E+06 1.00000E+06 1.00000E+06
 2.42865E+19 2.20174E+19 1.99150E+19 1.79697E+19 1.60580E+19 1.43746E+19 1.28855E+19 1.15178E+19
 1.02645E+19 9.29602E+18 8.51649E+18 7.24192E+18 6.15842E+18 5.23730E+18 4.45417E+18 3.78834E+18
 3.22220E+18 2.74080E+18 2.33145E+18 1.98333E+18 1.68728E+18 1.43549E+18 1.22134E+18 1.03919E+18
 8.84248E+17 7.52447E+17 6.40323E+17 5.44935E+17 4.63780E+17 3.94732E+17 3.35980E+17 2.85987E+17
 2.43445E+17 2.07242E+17 1.76432E+17 1.50210E+17 1.27891E+17 1.08894E+17 9.27239E+16 7.89586E+16
 6.72403E+16 5.72639E+16 4.87702E+16 4.15384E+16 3.53808E+16 3.01374E+16 2.56724E+16 2.18700E+16
 1.86317E+16 1.58737E+16 1.35247E+16 1.15238E+16 9.81946E+15 8.36759E+15 7.13074E+15 6.07703E+15
 5.17928E+15 4.41437E+15 3.76262E+15 3.20725E+15 2.73399E+15 2.33069E+15 1.98697E+15 1.69403E+15
 1.44435E+15 1.23153E+15 1.05012E+15 8.95479E+14 7.63648E+14 6.51257E+14 5.55435E+14 4.73735E+14
 4.04073E+14 3.44671E+14 2.94017E+14 2.50820E+14 2.13980E+14 1.82560E+14 1.55761E+14 1.32903E+14
 1.13405E+14 9.67727E+13 8.25839E+13 7.04791E+13 6.01517E+13 5.13404E+13 4.38222E+13 3.74071E+13
 3.19329E+13 2.72615E+13 2.32749E+13 1.98726E+13 1.69688E+13 1.44903E+13 1.23747E+13 1.05689E+13
 9.02723E+12 7.71112E+12 6.58745E+12 5.62802E+12 7.15967E-11 8.71529E-11 1.20289E-10 1.62269E-10
 2.08941E-10 2.56906E-10 3.02980E-10 3.44985E-10 3.81721E-10 4.13859E-10 4.47532E-10 4.90501E-10
 5.26593E-10 5.43035E-10 5.36000E-10 5.09272E-10 4.68879E-10 4.22335E-10 3.75459E-10 3.32265E-10
 2.94944E-10 2.63408E-10 2.37053E-10 2.15183E-10 1.96235E-10 1.78641E-10 1.61897E-10 1.45972E-10
 1.30824E-10 1.16290E-10 1.02481E-10 8.95472E-11 7.74337E-11 6.61915E-11 5.59281E-11 4.67200E-11
 3.86297E-11 3.15843E-11 2.54958E-11 2.03205E-11 1.59623E-11 1.23313E-11 9.37690E-12 7.03514E-12
 5.19396E-12 3.76013E-12 2.67254E-12 1.86084E-12 1.26370E-12 8.36020E-13 5.33362E-13 3.32641E-13
 2.03145E-13 1.20970E-13 6.97221E-14 3.87204E-14 2.08669E-14 1.08970E-14 5.44214E-15 2.60595E-15
 1.19918E-15 5.27237E-16 2.21310E-16 8.89205E-17 3.34973E-17 1.17748E-17 3.84457E-18 1.15963E-18
 3.21373E-19 8.13464E-20 1.86869E-20 3.86953E-21 6.22860E-22 7.29442E-23 5.88074E-24 3.05849E-25
 9.50828E-27 1.61448E-28 1.34612E-30 4.86662E-33 6.60279E-36 2.87997E-39 3.32434E-43 8.08582E-48
 3.17378E-53 1.47094E-59 5.58406E-67 1.13162E-75 7.41655E-86 8.74377E-98 1.00000-100 1.00000-100
 1.00000-100 1.00000-100 1.00000-100 1.00000-100 1.00000-100 1.00000-100 1.00000-100 1.00000-100
 2.77363E+01 2.23420E+01 2.18519E+01 2.32951E+01 2.44083E+01 2.48747E+01 2.46441E+01 2.37667E+01
 2.22356E+01 2.06491E+01 1.89455E+01 2.02521E+01 1.83339E+01 1.58350E+01 1.30852E+01 1.04291E+01
 8.46276E+00 7.25278E+00 6.42228E+00 6.00665E+00 5.81984E+00 5.77652E+00 5.94579E+00 6.30718E+00
 5.31239E+00 4.08048E+00 3.12162E+00 2.37654E+00 1.79864E+00 1.35030E+00 1.00649E+00 7.44177E-01
 5.44557E-01 3.93944E-01 2.81713E-01 1.99179E-01 1.39393E-01 9.64675E-02 6.59581E-02 4.45441E-02
 2.96496E-02 1.94091E-02 1.25143E-02 7.96314E-03 4.98639E-03 3.06182E-03 1.84662E-03 1.09131E-03
 6.29049E-04 3.53246E-04 1.91302E-04 1.01282E-04 5.25095E-05 2.65465E-05 1.29904E-05 6.12543E-06
 2.80299E-06 1.24347E-06 5.27704E-07 2.14735E-07 8.39765E-08 3.13795E-08 1.11952E-08 3.82335E-09
 1.22400E-09 3.65641E-10 1.01457E-10 2.60037E-11 6.12380E-12 1.31721E-12 2.57141E-13 4.52508E-14
 6.19020E-15 6.16104E-16 4.22126E-17 1.86578E-18 4.92932E-20 7.10980E-22 5.03271E-24 1.54442E-26
 1.77940E-29 6.62299E-33 6.52400E-37 1.35425E-41 4.53668E-47 1.79460E-53 5.81511E-61 1.00593E-69
 5.62800E-80 5.66450E-92 5.52853E-95 4.72037E-95 4.03063E-95 3.44191E-95 2.93939E-95 2.51044E-95
 2.14425E-95 1.83164E-95 1.56473E-95 1.33683E-95 0.00000E+00 0.00000E+00 0.00000E+00 0.00000E+00
 0.00000E+00 0.00000E+00 0.00000E+00 0.00000E+00 0.00000E+00 0.00000E+00 0.00000E+00 0.00000E+00
 0.00000E+00 0.00000E+00 0.00000E+00 0.00000E+00 0.00000E+00 0.00000E+00 0.00000E+00 0.00000E+00
 0.00000E+00 0.00000E+00 0.00000E+00 0.00000E+00 0.00000E+00 0.00000E+00 0.00000E+00 0.00000E+00
 0.00000E+00 0.00000E+00 0.00000E+00 0.00000E+00 0.00000E+00 0.00000E+00 0.00000E+00 0.00000E+00
 0.00000E+00 0.00000E+00 0.00000E+00 0.00000E+00 0.00000E+00 0.00000E+00 0.00000E+00 0.00000E+00
 0.00000E+00 0.00000E+00 0.00000E+00 0.00000E+00 0.00000E+00 0.00000E+00 0.00000E+00 0.00000E+00
 0.00000E+00 0.00000E+00 0.00000E+00 0.00000E+00 0.00000E+00 0.00000E+00 0.00000E+00 0.00000E+00
 0.00000E+00 0.00000E+00 0.00000E+00 0.00000E+00 0.00000E+00 0.00000E+00 0.00000E+00 0.00000E+00
 0.00000E+00 0.00000E+00 0.00000E+00 0.00000E+00 0.00000E+00 0.00000E+00 0.00000E+00 0.00000E+00
 0.00000E+00 0.00000E+00 0.00000E+00 0.00000E+00 0.00000E+00 0.00000E+00 0.00000E+00 0.00000E+00
 0.00000E+00 0.00000E+00 0.00000E+00 0.00000E+00 0.00000E+00 0.00000E+00 0.00000E+00 0.00000E+00
 0.00000E+00 0.00000E+00 0.00000E+00 0.00000E+00 0.00000E+00 0.00000E+00 0.00000E+00 0.00000E+00
 0.00000E+00 0.00000E+00 0.00000E+00 0.00000E+00 0.00000E+00 0.00000E+00 0.00000E+00 0.00000E+00
 0.00000E+00 0.00000E+00 0.00000E+00 0.00000E+00 0.00000E+00 0.00000E+00 0.00000E+00 0.00000E+00
 0.00000E+00 0.00000E+00 0.00000E+00 0.00000E+00 0.00000E+00 0.00000E+00 0.00000E+00 0.00000E+00
 0.00000E+00 0.00000E+00 0.00000E+00 0.00000E+00 0.00000E+00 0.00000E+00 0.00000E+00 0.00000E+00
 0.00000E+00 0.00000E+00 0.00000E+00 0.00000E+00 0.00000E+00 0.00000E+00 0.00000E+00 0.00000E+00
 0.00000E+00 0.00000E+00 0.00000E+00 0.00000E+00 0.00000E+00 0.00000E+00 0.00000E+00 0.00000E+00
 0.00000E+00 0.00000E+00 0.00000E+00 0.00000E+00 0.00000E+00 0.00000E+00 0.00000E+00 0.00000E+00
 0.00000E+00 0.00000E+00 0.00000E+00 0.00000E+00 0.00000E+00 0.00000E+00 0.00000E+00 0.00000E+00
 0.00000E+00 0.00000E+00 0.00000E+00 0.00000E+00 0.00000E+00 0.00000E+00 0.00000E+00 0.00000E+00
 0.00000E+00 0.00000E+00 0.00000E+00 0.00000E+00 0.00000E+00 0.00000E+00 0.00000E+00 0.00000E+00
 0.00000E+00 0.00000E+00 0.00000E+00 0.00000E+00 0.00000E+00 0.00000E+00 0.00000E+00 0.00000E+00
 0.00000E+00 0.00000E+00 0.00000E+00 0.00000E+00 0.00000E+00 0.00000E+00 0.00000E+00 0.00000E+00
 0.00000E+00 0.00000E+00 0.00000E+00 0.00000E+00 7.15833E-04 7.94952E-04 8.85399E-04 9.71960E-04
 1.06138E-03 1.16338E-03 1.28147E-03 1.41714E-03 1.57853E-03 1.78704E-03 2.07519E-03 2.20940E-03
 2.49018E-03 2.83095E-03 3.23716E-03 3.71763E-03 4.20844E-03 4.65155E-03 5.08061E-03 5.45688E-03
 5.81826E-03 6.18552E-03 6.52878E-03 6.85553E-03 7.81030E-03 9.18100E-03 1.07949E-02 1.26956E-02
 1.49346E-02 1.75720E-02 2.06677E-02 2.43091E-02 2.85951E-02 3.36396E-02 3.95766E-02 4.65641E-02
 5.47879E-02 6.44663E-02 7.58370E-02 8.92025E-02 1.04924E-01 1.23418E-01 1.45136E-01 1.70658E-01
 2.00665E-01 2.35944E-01 2.77376E-01 3.26046E-01 3.83245E-01 4.50465E-01 5.29455E-01 6.22274E-01
 7.31335E-01 8.59475E-01 1.01002E+00 1.18689E+00 1.39467E+00 1.63848E+00 1.92464E+00 2.26067E+00
 2.65524E+00 3.11852E+00 3.66245E+00 4.30106E+00 5.05127E+00 5.93218E+00 6.96652E+00 8.18138E+00
 9.60772E+00 1.12823E+01 1.32484E+01 1.55563E+01 1.82657E+01 2.14463E+01 2.51801E+01 2.95635E+01
 3.47093E+01 4.07574E+01 4.78696E+01 5.62258E+01 6.60266E+01 7.73747E+01 9.06685E+01 1.06241E+02
 1.24481E+02 1.45845E+02 1.70867E+02 2.00169E+02 2.34484E+02 2.74664E+02 3.21709E+02 3.76788E+02
 4.41266E+02 5.16742E+02 6.05084E+02 7.08473E+02 8.29462E+02 9.71033E+02 1.13667E+03 1.33044E+03
 0.00000E+00 0.00000E+00 0.00000E+00 0.00000E+00 0.00000E+00 0.00000E+00 0.00000E+00 0.00000E+00
 0.00000E+00 0.00000E+00 0.00000E+00 0.00000E+00 0.00000E+00 0.00000E+00 0.00000E+00 0.00000E+00
 0.00000E+00 0.00000E+00 0.00000E+00 0.00000E+00 0.00000E+00 0.00000E+00 0.00000E+00 0.00000E+00
 0.00000E+00 0.00000E+00 0.00000E+00 0.00000E+00 0.00000E+00 0.00000E+00 0.00000E+00 0.00000E+00
 0.00000E+00 0.00000E+00 0.00000E+00 0.00000E+00 0.00000E+00 0.00000E+00 0.00000E+00 0.00000E+00
 0.00000E+00 0.00000E+00 0.00000E+00 0.00000E+00 0.00000E+00 0.00000E+00 0.00000E+00 0.00000E+00
 0.00000E+00 0.00000E+00 0.00000E+00 0.00000E+00 0.00000E+00 0.00000E+00 0.00000E+00 0.00000E+00
 0.00000E+00 0.00000E+00 0.00000E+00 0.00000E+00 0.00000E+00 0.00000E+00 0.00000E+00 0.00000E+00
 0.00000E+00 0.00000E+00 0.00000E+00 0.00000E+00 0.00000E+00 0.00000E+00 0.00000E+00 0.00000E+00
 0.00000E+00 0.00000E+00 0.00000E+00 0.00000E+00 0.00000E+00 0.00000E+00 0.00000E+00 0.00000E+00
 0.00000E+00 0.00000E+00 0.00000E+00 0.00000E+00 0.00000E+00 0.00000E+00 0.00000E+00 0.00000E+00
 0.00000E+00 0.00000E+00 0.00000E+00 0.00000E+00 0.00000E+00 0.00000E+00 0.00000E+00 0.00000E+00
 0.00000E+00 0.00000E+00 0.00000E+00 0.00000E+00 0.00000E+00 0.00000E+00 0.00000E+00 0.00000E+00
 0.00000E+00 0.00000E+00 0.00000E+00 0.00000E+00 0.00000E+00 0.00000E+00 0.00000E+00 0.00000E+00
 0.00000E+00 0.00000E+00 0.00000E+00 0.00000E+00 0.00000E+00 0.00000E+00 0.00000E+00 0.00000E+00
 0.00000E+00 0.00000E+00 0.00000E+00 0.00000E+00 0.00000E+00 0.00000E+00 0.00000E+00 0.00000E+00
 0.00000E+00 0.00000E+00 0.00000E+00 0.00000E+00 0.00000E+00 0.00000E+00 0.00000E+00 0.00000E+00
 0.00000E+00 0.00000E+00 0.00000E+00 0.00000E+00 0.00000E+00 0.00000E+00 0.00000E+00 0.00000E+00
 0.00000E+00 0.00000E+00 0.00000E+00 0.00000E+00 0.00000E+00 0.00000E+00 0.00000E+00 0.00000E+00
 0.00000E+00 0.00000E+00 0.00000E+00 0.00000E+00 0.00000E+00 0.00000E+00 0.00000E+00 0.00000E+00
 0.00000E+00 0.00000E+00 0.00000E+00 0.00000E+00 0.00000E+00 0.00000E+00 0.00000E+00 0.00000E+00
 0.00000E+00 0.00000E+00 0.00000E+00 0.00000E+00 0.00000E+00 0.00000E+00 0.00000E+00 0.00000E+00
 0.00000E+00 0.00000E+00 0.00000E+00 0.00000E+00 0.00000E+00 0.00000E+00 0.00000E+00 0.00000E+00
 0.00000E+00 0.00000E+00 0.00000E+00 0.00000E+00 0.00000E+00 0.00000E+00 0.00000E+00 0.00000E+00
 0.00000E+00 0.00000E+00 0.00000E+00 0.00000E+00 0.00000E+00 0.00000E+00 0.00000E+00 0.00000E+00
 1.84048E-05 1.84048E-05 1.84048E-05 1.84048E-05 1.84048E-05 1.84048E-05 1.84048E-05 1.84048E-05
 1.84048E-05 1.84048E-05 1.84048E-05 1.84048E-05 1.84048E-05 1.84048E-05 1.84048E-05 1.84048E-05
 1.81072E-05 1.73684E-05 1.64151E-05 1.52146E-05 1.39521E-05 1.27184E-05 1.14891E-05 1.03064E-05
 1.00000E-05 1.00000E-05 1.00000E-05 1.00000E-05 1.00000E-05 1.00000E-05 1.00000E-05 1.00000E-05
 1.00000E-05 1.00000E-05 1.00000E-05 1.00000E-05 1.00000E-05 1.00000E-05 1.00000E-05 1.00000E-05
 1.00000E-05 1.00000E-05 1.00000E-05 1.00000E-05 1.00000E-05 1.00000E-05 1.00000E-05 1.00000E-05
 1.00000E-05 1.00000E-05 1.00000E-05 1.00000E-05 1.00000E-05 1.00000E-05 1.00000E-05 1.00000E-05
 1.00000E-05 1.00000E-05 1.00000E-05 1.00000E-05 1.00000E-05 1.00000E-05 1.00000E-05 1.00000E-05
 1.00000E-05 1.00000E-05 1.00000E-05 1.00000E-05 1.00000E-05 1.00000E-05 1.00000E-05 1.00000E-05
 1.00000E-05 1.00000E-05 1.00000E-05 1.00000E-05 1.00000E-05 1.00000E-05 1.00000E-05 1.00000E-05
 1.00000E-05 1.00000E-05 1.00000E-05 1.00000E-05 1.00000E-05 1.00000E-05 1.00000E-05 1.00000E-05
 1.00000E-05 1.00000E-05 1.00000E-05 1.00000E-05 1.00000E-05 1.00000E-05 1.00000E-05 1.00000E-05
 1.00000E-05 1.00000E-05 1.00000E-05 1.00000E-05 0.00000E+00 0.00000E+00 0.00000E+00 0.00000E+00
 0.00000E+00 0.00000E+00 0.00000E+00 0.00000E+00 0.00000E+00 0.00000E+00 0.00000E+00 0.00000E+00
 0.00000E+00 0.00000E+00 0.00000E+00 0.00000E+00 0.00000E+00 0.00000E+00 0.00000E+00 0.00000E+00
 0.00000E+00 0.00000E+00 0.00000E+00 0.00000E+00 0.00000E+00 0.00000E+00 0.00000E+00 0.00000E+00
 0.00000E+00 0.00000E+00 0.00000E+00 0.00000E+00 0.00000E+00 0.00000E+00 0.00000E+00 0.00000E+00
 0.00000E+00 0.00000E+00 0.00000E+00 0.00000E+00 0.00000E+00 0.00000E+00 0.00000E+00 0.00000E+00
 0.00000E+00 0.00000E+00 0.00000E+00 0.00000E+00 0.00000E+00 0.00000E+00 0.00000E+00 0.00000E+00
 0.00000E+00 0.00000E+00 0.00000E+00 0.00000E+00 0.00000E+00 0.00000E+00 0.00000E+00 0.00000E+00
 0.00000E+00 0.00000E+00 0.00000E+00 0.00000E+00 0.00000E+00 0.00000E+00 0.00000E+00 0.00000E+00
 0.00000E+00 0.00000E+00 0.00000E+00 0.00000E+00 0.00000E+00 0.00000E+00 0.00000E+00 0.00000E+00
 0.00000E+00 0.00000E+00 0.00000E+00 0.00000E+00 0.00000E+00 0.00000E+00 0.00000E+00 0.00000E+00
 0.00000E+00 0.00000E+00 0.00000E+00 0.00000E+00 0.00000E+00 0.00000E+00 0.00000E+00 0.00000E+00
 0.00000E+00 0.00000E+00 0.00000E+00 0.00000E+00 0.00000E+00 0.00000E+00 0.00000E+00 0.00000E+00
 0.00000E+00 0.00000E+00 0.00000E+00 0.00000E+00 0.00000E+00 0.00000E+00 0.00000E+00 0.00000E+00
 0.00000E+00 0.00000E+00 0.00000E+00 0.00000E+00 0.00000E+00 0.00000E+00 0.00000E+00 0.00000E+00
 0.00000E+00 0.00000E+00 0.00000E+00 0.00000E+00 0.00000E+00 0.00000E+00 0.00000E+00 0.00000E+00
 0.00000E+00 0.00000E+00 0.00000E+00 0.00000E+00 0.00000E+00 0.00000E+00 0.00000E+00 0.00000E+00
 0.00000E+00 0.00000E+00 0.00000E+00 0.00000E+00 0.00000E+00 0.00000E+00 0.00000E+00 0.00000E+00
 0.00000E+00 0.00000E+00 0.00000E+00 0.00000E+00 0.00000E+00 0.00000E+00 0.00000E+00 0.00000E+00
 0.00000E+00 0.00000E+00 0.00000E+00 0.00000E+00 0.00000E+00 0.00000E+00 0.00000E+00 0.00000E+00
 0.00000E+00 0.00000E+00 0.00000E+00 0.00000E+00 0.00000E+00 0.00000E+00 0.00000E+00 0.00000E+00
 0.00000E+00 0.00000E+00 0.00000E+00 0.00000E+00 0.00000E+00 0.00000E+00 0.00000E+00 0.00000E+00
 0.00000E+00 0.00000E+00 0.00000E+00 0.00000E+00 0.00000E+00 0.00000E+00 0.00000E+00 0.00000E+00
 0.00000E+00 0.00000E+00 0.00000E+00 0.00000E+00 0.00000E+00 0.00000E+00 0.00000E+00 0.00000E+00
 0.00000E+00 0.00000E+00 0.00000E+00 0.00000E+00 0.00000E+00 0.00000E+00 0.00000E+00 0.00000E+00
 0.00000E+00 0.00000E+00 0.00000E+00 0.00000E+00
